--------- beginning of main
08-05 19:59:30.461  2695  2695 W Atfwd_Sendcmd: AtCmdFwd service not published, waiting... retryCnt : 5
08-05 19:59:30.479  4835  4835 D AndroidRuntime: >>>>>> START com.android.internal.os.RuntimeInit uid 2000 <<<<<<
08-05 19:59:30.486  4835  4835 D AndroidRuntime: CheckJNI is OFF
08-05 19:59:30.518  4835  4835 D ICU     : No timezone override file found: /data/misc/zoneinfo/current/icu/icu_tzdata.dat
08-05 19:59:30.543   918  3261 D WifiStateMachine: starting scan for "H369AA63323"WPA_PSK with 2412,5180
08-05 19:59:30.555  4835  4835 I Radio-JNI: register_android_hardware_Radio DONE
08-05 19:59:30.574  4835  4835 D AndroidRuntime: Calling main entry com.android.commands.monkey.Monkey
--------- beginning of system
08-05 19:59:30.592   918   931 W BroadcastQueue: Skipping deliver [background] BroadcastRecord{d1b3517 u-1 android.net.conn.CONNECTIVITY_CHANGE} to ReceiverList{58ccd04 4835 (unknown name)/2000/u-1 remote:7dbfcb1}: process crashing
08-05 19:59:30.603   918  4400 I ActivityManager: START u0 {act=android.intent.action.MAIN cat=[android.intent.category.LAUNCHER] flg=0x10200000 cmp=baseline.appteam.nith.hillffair/.activities.SplashActivity} from uid 2000 on display 0
08-05 19:59:30.620   918   932 I sensors : batch
08-05 19:59:30.638   918  3188 I hubconnection: sensorhub said: 'batch 31 flags:0, sampling_rate_Hz:15.00, max_report_latency_us:0'
08-05 19:59:30.648   918  5952 I ActivityManager: Start proc 4844:baseline.appteam.nith.hillffair/u0a675 for activity baseline.appteam.nith.hillffair/.activities.SplashActivity
08-05 19:59:30.649  4844  4844 I art     : Late-enabling -Xcheck:jni
08-05 19:59:30.670   918   932 I sensors : flush
08-05 19:59:30.672  4835  4835 I art     : System.exit called, status: 0
08-05 19:59:30.672  4835  4835 I AndroidRuntime: VM exiting with result code 0.
08-05 19:59:30.683   918  3188 I hubconnection: sensorhub said: 'flush 31'
08-05 19:59:30.683   918  3188 I hubconnection: saw sensor 31 flushed
08-05 19:59:30.711 16458 11127 I PBSessionCacheImpl: Deleted sessionId[72384646105454640] from persistence.
08-05 19:59:30.720 16458 16488 W SearchServiceCore: Abort, client detached.
08-05 19:59:30.720 16458 16488 I MicroDetectionState: Should stop hotword detection immediately - true
08-05 19:59:30.720  4844  4844 W System  : ClassLoader referenced unknown path: /data/app/baseline.appteam.nith.hillffair-1/lib/arm64
08-05 19:59:30.740  4844  4844 W OneSignal: GCM Library detected, please upgrade to Firebase FCM library as GCM is deprecated!
08-05 19:59:30.774  4844  4844 W art     : Before Android 4.1, method android.graphics.PorterDuffColorFilter androidx.vectordrawable.graphics.drawable.VectorDrawableCompat.updateTintFilter(android.graphics.PorterDuffColorFilter, android.content.res.ColorStateList, android.graphics.PorterDuff$Mode) would have incorrectly overridden the package-private method in android.graphics.drawable.Drawable
08-05 19:59:30.793  4844  4844 I art     : Rejecting re-init on previously-failed class java.lang.Class<androidx.core.view.ViewCompat$2>
08-05 19:59:30.793  4844  4844 I art     : Rejecting re-init on previously-failed class java.lang.Class<androidx.core.view.ViewCompat$2>
08-05 19:59:30.840  4844  4872 D OpenGLRenderer: Use EGL_SWAP_BEHAVIOR_PRESERVED: true
08-05 19:59:30.875  4844  4872 I Adreno  : QUALCOMM build                   : fcf4852, I1af360237c
08-05 19:59:30.875  4844  4872 I Adreno  : Build Date                       : 09/23/15
08-05 19:59:30.875  4844  4872 I Adreno  : OpenGL ES Shader Compiler Version: XE031.05.13.02
08-05 19:59:30.875  4844  4872 I Adreno  : Local Branch                     : mybranch14465806
08-05 19:59:30.875  4844  4872 I Adreno  : Remote Branch                    : quic/LA.BF64.1.2.9_v2
08-05 19:59:30.875  4844  4872 I Adreno  : Remote Branch                    : NONE
08-05 19:59:30.875  4844  4872 I Adreno  : Reconstruct Branch               : NOTHING
08-05 19:59:30.878  4844  4872 I OpenGLRenderer: Initialized EGL, version 1.4
08-05 19:59:30.912 13866 13866 I GoogleInputMethodServic: GoogleInputMethodService.onFinishInput():3138 
08-05 19:59:30.915 13866 13866 I GoogleInputMethodServic: GoogleInputMethodService.onStartInput():1808 
08-05 19:59:30.991   918   936 I ActivityManager: Displayed baseline.appteam.nith.hillffair/.activities.SplashActivity: +368ms
08-05 19:59:31.061  4844  4888 W GCM     : GCM SDK is deprecated, baseline.appteam.nith.hillffair should update to use FCM
08-05 19:59:31.100 24365  4416 W Conscrypt: Could not set socket write timeout: java.net.SocketException: Socket closed
08-05 19:59:31.100 24365  4416 E art     : invalid stream - problem with parameter iterator in /data/app/com.google.android.gms-2/base.apk:classes3.dex for method void com.google.android.gms.org.conscrypt.ConscryptFileDescriptorSocket.setSoWriteTimeout(int)
08-05 19:59:31.101 24365  4416 W Conscrypt: 	at com.google.android.gms.org.conscrypt.Platform.setSocketWriteTimeout(:com.google.android.gms@202614019@20.26.14 (040400-320008519):2)
08-05 19:59:31.101 24365  4416 W Conscrypt: 	at com.google.android.gms.org.conscrypt.ConscryptFileDescriptorSocket.setSoWriteTimeout(:com.google.android.gms@202614019@20.26.14 (040400-320008519))
08-05 19:59:31.122 24365  4416 W Conscrypt: Could not set socket write timeout: java.net.SocketException: Socket closed
08-05 19:59:31.122 24365  4416 E art     : invalid stream - problem with parameter iterator in /data/app/com.google.android.gms-2/base.apk:classes3.dex for method void com.google.android.gms.org.conscrypt.ConscryptFileDescriptorSocket.setSoWriteTimeout(int)
08-05 19:59:31.123 24365  4416 W Conscrypt: 	at com.google.android.gms.org.conscrypt.Platform.setSocketWriteTimeout(:com.google.android.gms@202614019@20.26.14 (040400-320008519):2)
08-05 19:59:31.123 24365  4416 W Conscrypt: 	at com.google.android.gms.org.conscrypt.ConscryptFileDescriptorSocket.setSoWriteTimeout(:com.google.android.gms@202614019@20.26.14 (040400-320008519))
08-05 19:59:31.182 24365  4416 W Conscrypt: Could not set socket write timeout: java.net.SocketException: Socket closed
08-05 19:59:31.183 24365  4416 E art     : invalid stream - problem with parameter iterator in /data/app/com.google.android.gms-2/base.apk:classes3.dex for method void com.google.android.gms.org.conscrypt.ConscryptFileDescriptorSocket.setSoWriteTimeout(int)
08-05 19:59:31.183 24365  4416 W Conscrypt: 	at com.google.android.gms.org.conscrypt.Platform.setSocketWriteTimeout(:com.google.android.gms@202614019@20.26.14 (040400-320008519):2)
08-05 19:59:31.183 24365  4416 W Conscrypt: 	at com.google.android.gms.org.conscrypt.ConscryptFileDescriptorSocket.setSoWriteTimeout(:com.google.android.gms@202614019@20.26.14 (040400-320008519))
08-05 19:59:31.200 24365  4416 W Conscrypt: Could not set socket write timeout: java.net.SocketException: Socket closed
08-05 19:59:31.201 24365  4416 E art     : invalid stream - problem with parameter iterator in /data/app/com.google.android.gms-2/base.apk:classes3.dex for method void com.google.android.gms.org.conscrypt.ConscryptFileDescriptorSocket.setSoWriteTimeout(int)
08-05 19:59:31.201 24365  4416 W Conscrypt: 	at com.google.android.gms.org.conscrypt.Platform.setSocketWriteTimeout(:com.google.android.gms@202614019@20.26.14 (040400-320008519):2)
08-05 19:59:31.201 24365  4416 W Conscrypt: 	at com.google.android.gms.org.conscrypt.ConscryptFileDescriptorSocket.setSoWriteTimeout(:com.google.android.gms@202614019@20.26.14 (040400-320008519))
08-05 19:59:31.426  4844  4888 E OneSignal: Error Getting GCM Token
08-05 19:59:31.426  4844  4888 E OneSignal: java.io.IOException: INVALID_SENDER
08-05 19:59:31.426  4844  4888 E OneSignal: 	at com.google.android.gms.gcm.GoogleCloudMessaging.zzd(Unknown Source)
08-05 19:59:31.426  4844  4888 E OneSignal: 	at com.google.android.gms.gcm.GoogleCloudMessaging.register(Unknown Source)
08-05 19:59:31.426  4844  4888 E OneSignal: 	at com.onesignal.PushRegistratorGCM.getToken(PushRegistratorGCM.java:42)
08-05 19:59:31.426  4844  4888 E OneSignal: 	at com.onesignal.PushRegistratorAbstractGoogle.attemptRegistration(PushRegistratorAbstractGoogle.java:97)
08-05 19:59:31.426  4844  4888 E OneSignal: 	at com.onesignal.PushRegistratorAbstractGoogle.access$100(PushRegistratorAbstractGoogle.java:37)
08-05 19:59:31.426  4844  4888 E OneSignal: 	at com.onesignal.PushRegistratorAbstractGoogle$1.run(PushRegistratorAbstractGoogle.java:84)
08-05 19:59:31.426  4844  4888 E OneSignal: 	at java.lang.Thread.run(Thread.java:818)
08-05 19:59:31.445  4844  4892 I art     : Rejecting re-init on previously-failed class java.lang.Class<com.onesignal.OneSignalChromeTab$OneSignalCustomTabsServiceConnection>
08-05 19:59:31.445  4844  4892 I art     : Rejecting re-init on previously-failed class java.lang.Class<com.onesignal.OneSignalChromeTab$OneSignalCustomTabsServiceConnection>
08-05 19:59:31.479 24365 12324 I NetworkScheduler.Stats: Task com.google.android.gms/com.google.android.gms.clearcut.uploader.QosUploaderService started execution. cause:1 exec_start_elapsed_seconds: 1804175 [CONTEXT service_id=218 ]
08-05 19:59:31.544 24365 12324 I NetworkScheduler.Stats: Task com.google.android.gms/com.google.android.gms.clearcut.uploader.QosUploaderService finished executing. cause:1 result: 1 elapsed_millis: 99 uptime_millis: 98 exec_start_elapsed_seconds: 1804175 [CONTEXT service_id=218 ]
08-05 19:59:32.275  4903  4903 D AndroidRuntime: >>>>>> START com.android.internal.os.RuntimeInit uid 2000 <<<<<<
08-05 19:59:32.281  4903  4903 D AndroidRuntime: CheckJNI is OFF
08-05 19:59:32.314  4903  4903 D ICU     : No timezone override file found: /data/misc/zoneinfo/current/icu/icu_tzdata.dat
08-05 19:59:32.322   918  3961 I ActivityManager: START u0 {cmp=baseline.appteam.nith.hillffair/.activities.WelcomeActivity} from uid 10675 on display 0
08-05 19:59:32.345  4903  4903 I Radio-JNI: register_android_hardware_Radio DONE
08-05 19:59:32.361  4903  4903 D AndroidRuntime: Calling main entry com.android.commands.am.Am
08-05 19:59:32.369  5615  5615 I Trepn   : Trepn 6.2s: Received intent: com.quicinc.trepn.start_profiling
08-05 19:59:32.369   918  6110 I ActivityManager: START u0 {cmp=baseline.appteam.nith.hillffair/.activities.HomeActivity} from uid 10675 on display 0
08-05 19:59:32.379   918  3696 W ActivityManager: Duplicate finish request for ActivityRecord{fd7e9da u0 baseline.appteam.nith.hillffair/.activities.WelcomeActivity t4216 f}
08-05 19:59:32.470  5615  5615 W FileUtils: Failed to chmod(/storage/emulated/0/trepn/Trepn_2020.08.05_195932.db): android.system.ErrnoException: chmod failed: EPERM (Operation not permitted)
08-05 19:59:32.542  5615  5615 I Trepn   : Trepn 6.2s: Trepn has Started Profiling.
08-05 19:59:32.543  4903  4903 D AndroidRuntime: Shutting down VM
08-05 19:59:32.818   918   936 I ActivityManager: Displayed baseline.appteam.nith.hillffair/.activities.HomeActivity: +374ms (total +476ms)
08-05 19:59:32.818 13866 13866 I GoogleInputMethodServic: GoogleInputMethodService.onFinishInput():3138 
08-05 19:59:32.819 13866 13866 I GoogleInputMethodServic: GoogleInputMethodService.onStartInput():1808 
08-05 19:59:32.943  4844  4879 I art     : Starting a blocking GC Explicit
08-05 19:59:32.956  4844  4879 I art     : Explicit concurrent mark sweep GC freed 2298(450KB) AllocSpace objects, 0(0B) LOS objects, 24% free, 48MB/64MB, paused 151us total 12.802ms
08-05 19:59:32.962  4844  4879 I art     : Starting a blocking GC Explicit
08-05 19:59:32.973  4844  4879 I art     : Explicit concurrent mark sweep GC freed 1318(85KB) AllocSpace objects, 0(0B) LOS objects, 25% free, 47MB/63MB, paused 141us total 10.696ms
08-05 19:59:32.978  4844  4879 I art     : Starting a blocking GC Explicit
08-05 19:59:32.989  4844  4879 I art     : Explicit concurrent mark sweep GC freed 3(96B) AllocSpace objects, 0(0B) LOS objects, 25% free, 47MB/63MB, paused 136us total 10.708ms
08-05 19:59:32.994  4844  4879 I art     : Starting a blocking GC Explicit
08-05 19:59:33.005  4844  4879 I art     : Explicit concurrent mark sweep GC freed 3(96B) AllocSpace objects, 0(0B) LOS objects, 25% free, 47MB/63MB, paused 139us total 10.439ms
08-05 19:59:33.010  4844  4879 I art     : Starting a blocking GC Explicit
08-05 19:59:33.021  4844  4879 I art     : Explicit concurrent mark sweep GC freed 3(96B) AllocSpace objects, 0(0B) LOS objects, 25% free, 47MB/63MB, paused 147us total 10.313ms
08-05 19:59:33.066   380   380 W SurfaceFlinger: couldn't log to binary event log: overflow.
08-05 19:59:33.334  4844  4879 I art     : Starting a blocking GC Explicit
08-05 19:59:33.350  4844  4879 I art     : Explicit concurrent mark sweep GC freed 2021(114KB) AllocSpace objects, 1(20KB) LOS objects, 25% free, 47MB/63MB, paused 193us total 15.257ms
08-05 19:59:33.357  4844  4879 I art     : Starting a blocking GC Explicit
08-05 19:59:33.369  4844  4879 I art     : Explicit concurrent mark sweep GC freed 908(59KB) AllocSpace objects, 0(0B) LOS objects, 25% free, 47MB/63MB, paused 161us total 12.014ms
08-05 19:59:33.375  4844  4879 I art     : Starting a blocking GC Explicit
08-05 19:59:33.387  4844  4879 I art     : Explicit concurrent mark sweep GC freed 3(96B) AllocSpace objects, 0(0B) LOS objects, 25% free, 47MB/63MB, paused 178us total 11.567ms
08-05 19:59:33.393  4844  4879 I art     : Starting a blocking GC Explicit
08-05 19:59:33.405  4844  4879 I art     : Explicit concurrent mark sweep GC freed 3(96B) AllocSpace objects, 0(0B) LOS objects, 25% free, 47MB/63MB, paused 153us total 11.542ms
08-05 19:59:33.410  4844  4879 I art     : Starting a blocking GC Explicit
08-05 19:59:33.422  4844  4879 I art     : Explicit concurrent mark sweep GC freed 3(96B) AllocSpace objects, 0(0B) LOS objects, 25% free, 47MB/63MB, paused 155us total 11.585ms
08-05 19:59:33.698  4844  4855 I art     : Starting a blocking GC Explicit
08-05 19:59:33.712  4844  4855 I art     : Explicit concurrent mark sweep GC freed 1341(78KB) AllocSpace objects, 1(20KB) LOS objects, 25% free, 47MB/63MB, paused 166us total 13.795ms
08-05 19:59:33.718  4844  4855 I art     : Starting a blocking GC Explicit
08-05 19:59:33.731  4844  4855 I art     : Explicit concurrent mark sweep GC freed 20(704B) AllocSpace objects, 0(0B) LOS objects, 25% free, 47MB/63MB, paused 162us total 12.042ms
08-05 19:59:33.737  4844  4855 I art     : Starting a blocking GC Explicit
08-05 19:59:33.749  4844  4855 I art     : Explicit concurrent mark sweep GC freed 3(96B) AllocSpace objects, 0(0B) LOS objects, 25% free, 47MB/63MB, paused 150us total 11.395ms
08-05 19:59:33.755  4844  4855 I art     : Starting a blocking GC Explicit
08-05 19:59:33.766  4844  4855 I art     : Explicit concurrent mark sweep GC freed 3(96B) AllocSpace objects, 0(0B) LOS objects, 25% free, 47MB/63MB, paused 157us total 11.271ms
08-05 19:59:33.772  4844  4855 I art     : Starting a blocking GC Explicit
08-05 19:59:33.783  4844  4855 I art     : Explicit concurrent mark sweep GC freed 3(96B) AllocSpace objects, 0(0B) LOS objects, 25% free, 47MB/63MB, paused 152us total 11.293ms
08-05 19:59:34.073  4844  4856 I art     : Starting a blocking GC Explicit
08-05 19:59:34.088  4844  4856 I art     : Explicit concurrent mark sweep GC freed 1342(78KB) AllocSpace objects, 1(20KB) LOS objects, 25% free, 47MB/63MB, paused 163us total 14.556ms
08-05 19:59:34.098  4844  4856 I art     : Starting a blocking GC Explicit
08-05 19:59:34.113  4844  4856 I art     : Explicit concurrent mark sweep GC freed 20(704B) AllocSpace objects, 0(0B) LOS objects, 25% free, 47MB/63MB, paused 167us total 15.035ms
08-05 19:59:34.121  4844  4856 I art     : Starting a blocking GC Explicit
08-05 19:59:34.133  4844  4856 I art     : Explicit concurrent mark sweep GC freed 3(96B) AllocSpace objects, 0(0B) LOS objects, 25% free, 47MB/63MB, paused 139us total 11.958ms
08-05 19:59:34.140  4844  4856 I art     : Starting a blocking GC Explicit
08-05 19:59:34.152  4844  4856 I art     : Explicit concurrent mark sweep GC freed 3(96B) AllocSpace objects, 0(0B) LOS objects, 25% free, 47MB/63MB, paused 154us total 12.009ms
08-05 19:59:34.159  4844  4856 I art     : Starting a blocking GC Explicit
08-05 19:59:34.170  4844  4856 I art     : Explicit concurrent mark sweep GC freed 3(96B) AllocSpace objects, 0(0B) LOS objects, 25% free, 47MB/63MB, paused 156us total 11.404ms
08-05 19:59:34.514  4844  4879 I art     : Starting a blocking GC Explicit
08-05 19:59:34.532  4844  4879 I art     : Explicit concurrent mark sweep GC freed 1340(78KB) AllocSpace objects, 1(20KB) LOS objects, 25% free, 47MB/63MB, paused 201us total 17.648ms
08-05 19:59:34.542  4844  4879 I art     : Starting a blocking GC Explicit
08-05 19:59:34.554  4844  4879 I art     : Explicit concurrent mark sweep GC freed 20(704B) AllocSpace objects, 0(0B) LOS objects, 25% free, 47MB/63MB, paused 163us total 12.323ms
08-05 19:59:34.561  4844  4879 I art     : Starting a blocking GC Explicit
08-05 19:59:34.573  4844  4879 I art     : Explicit concurrent mark sweep GC freed 3(96B) AllocSpace objects, 0(0B) LOS objects, 25% free, 47MB/63MB, paused 153us total 11.690ms
08-05 19:59:34.579  4844  4879 I art     : Starting a blocking GC Explicit
08-05 19:59:34.591  4844  4879 I art     : Explicit concurrent mark sweep GC freed 3(96B) AllocSpace objects, 0(0B) LOS objects, 25% free, 47MB/63MB, paused 152us total 11.308ms
08-05 19:59:34.597  4844  4879 I art     : Starting a blocking GC Explicit
08-05 19:59:34.609  4844  4879 I art     : Explicit concurrent mark sweep GC freed 3(96B) AllocSpace objects, 0(0B) LOS objects, 25% free, 47MB/63MB, paused 152us total 11.704ms
08-05 19:59:34.933  4844  4855 I art     : Starting a blocking GC Explicit
08-05 19:59:34.950  4844  4855 I art     : Explicit concurrent mark sweep GC freed 1339(78KB) AllocSpace objects, 1(20KB) LOS objects, 25% free, 47MB/63MB, paused 190us total 16.823ms
08-05 19:59:34.960  4844  4855 I art     : Starting a blocking GC Explicit
08-05 19:59:34.975  4844  4855 I art     : Explicit concurrent mark sweep GC freed 20(704B) AllocSpace objects, 0(0B) LOS objects, 25% free, 47MB/63MB, paused 185us total 14.555ms
08-05 19:59:34.984  4844  4855 I art     : Starting a blocking GC Explicit
08-05 19:59:34.996  4844  4855 I art     : Explicit concurrent mark sweep GC freed 3(96B) AllocSpace objects, 0(0B) LOS objects, 25% free, 47MB/63MB, paused 155us total 11.698ms
08-05 19:59:35.002  4844  4855 I art     : Starting a blocking GC Explicit
08-05 19:59:35.013  4844  4855 I art     : Explicit concurrent mark sweep GC freed 3(96B) AllocSpace objects, 0(0B) LOS objects, 25% free, 47MB/63MB, paused 155us total 11.508ms
08-05 19:59:35.020  4844  4855 I art     : Starting a blocking GC Explicit
08-05 19:59:35.031  4844  4855 I art     : Explicit concurrent mark sweep GC freed 3(96B) AllocSpace objects, 0(0B) LOS objects, 25% free, 47MB/63MB, paused 145us total 11.641ms
08-05 19:59:35.333  4844  4856 I art     : Starting a blocking GC Explicit
08-05 19:59:35.350  4844  4856 I art     : Explicit concurrent mark sweep GC freed 1339(78KB) AllocSpace objects, 1(20KB) LOS objects, 25% free, 47MB/63MB, paused 180us total 16.756ms
08-05 19:59:35.359  4844  4856 I art     : Starting a blocking GC Explicit
08-05 19:59:35.372  4844  4856 I art     : Explicit concurrent mark sweep GC freed 20(704B) AllocSpace objects, 0(0B) LOS objects, 25% free, 47MB/63MB, paused 161us total 12.283ms
08-05 19:59:35.378  4844  4856 I art     : Starting a blocking GC Explicit
08-05 19:59:35.390  4844  4856 I art     : Explicit concurrent mark sweep GC freed 3(96B) AllocSpace objects, 0(0B) LOS objects, 25% free, 47MB/63MB, paused 151us total 11.613ms
08-05 19:59:35.396  4844  4856 I art     : Starting a blocking GC Explicit
08-05 19:59:35.407  4844  4856 I art     : Explicit concurrent mark sweep GC freed 3(96B) AllocSpace objects, 0(0B) LOS objects, 25% free, 47MB/63MB, paused 152us total 11.303ms
08-05 19:59:35.413  4844  4856 I art     : Starting a blocking GC Explicit
08-05 19:59:35.424  4844  4856 I art     : Explicit concurrent mark sweep GC freed 3(96B) AllocSpace objects, 0(0B) LOS objects, 25% free, 47MB/63MB, paused 146us total 10.931ms
08-05 19:59:35.740  4844  4879 I art     : Starting a blocking GC Explicit
08-05 19:59:35.754  4844  4879 I art     : Explicit concurrent mark sweep GC freed 1339(78KB) AllocSpace objects, 1(20KB) LOS objects, 25% free, 47MB/63MB, paused 192us total 14.356ms
08-05 19:59:35.763  4844  4879 I art     : Starting a blocking GC Explicit
08-05 19:59:35.778  4844  4879 I art     : Explicit concurrent mark sweep GC freed 20(704B) AllocSpace objects, 0(0B) LOS objects, 25% free, 47MB/63MB, paused 181us total 15.017ms
08-05 19:59:35.787  4844  4879 I art     : Starting a blocking GC Explicit
08-05 19:59:35.799  4844  4879 I art     : Explicit concurrent mark sweep GC freed 3(96B) AllocSpace objects, 0(0B) LOS objects, 25% free, 47MB/63MB, paused 155us total 11.420ms
08-05 19:59:35.805  4844  4879 I art     : Starting a blocking GC Explicit
08-05 19:59:35.817  4844  4879 I art     : Explicit concurrent mark sweep GC freed 3(96B) AllocSpace objects, 0(0B) LOS objects, 25% free, 47MB/63MB, paused 158us total 11.868ms
08-05 19:59:35.824  4844  4879 I art     : Starting a blocking GC Explicit
08-05 19:59:35.836  4844  4879 I art     : Explicit concurrent mark sweep GC freed 3(96B) AllocSpace objects, 0(0B) LOS objects, 25% free, 47MB/63MB, paused 150us total 11.730ms
08-05 19:59:35.913 13866 13882 I PeriodicStatsRunner: PeriodicStatsRunner.call():175 call()
08-05 19:59:35.913 13866 13882 I PeriodicStatsRunner: PeriodicStatsRunner.call():179 No submit PeriodicStats since input started.
08-05 19:59:36.148  4844  4855 I art     : Starting a blocking GC Explicit
08-05 19:59:36.157   918  1210 D NetlinkSocketObserver: NeighborEvent{elapsedMs=1804180031, 192.168.2.254, [7C3953A63323], RTM_NEWNEIGH, NUD_REACHABLE}
08-05 19:59:36.167  4844  4855 I art     : Explicit concurrent mark sweep GC freed 1339(78KB) AllocSpace objects, 1(20KB) LOS objects, 25% free, 47MB/63MB, paused 224us total 17.993ms
08-05 19:59:36.178  4844  4855 I art     : Starting a blocking GC Explicit
08-05 19:59:36.190  4844  4855 I art     : Explicit concurrent mark sweep GC freed 20(704B) AllocSpace objects, 0(0B) LOS objects, 25% free, 47MB/63MB, paused 154us total 12.297ms
08-05 19:59:36.197  4844  4855 I art     : Starting a blocking GC Explicit
08-05 19:59:36.209  4844  4855 I art     : Explicit concurrent mark sweep GC freed 3(96B) AllocSpace objects, 0(0B) LOS objects, 25% free, 47MB/63MB, paused 153us total 11.779ms
08-05 19:59:36.215  4844  4855 I art     : Starting a blocking GC Explicit
08-05 19:59:36.227  4844  4855 I art     : Explicit concurrent mark sweep GC freed 3(96B) AllocSpace objects, 0(0B) LOS objects, 25% free, 47MB/63MB, paused 160us total 11.404ms
08-05 19:59:36.233  4844  4855 I art     : Starting a blocking GC Explicit
08-05 19:59:36.244  4844  4855 I art     : Explicit concurrent mark sweep GC freed 3(96B) AllocSpace objects, 0(0B) LOS objects, 25% free, 47MB/63MB, paused 147us total 11.263ms
08-05 19:59:36.515  4844  5036 W OneSignal: OneSignalRestClient: POST Error thrown from network stack. 
08-05 19:59:36.515  4844  5036 W OneSignal: java.io.IOException: unexpected end of stream on Connection{api.onesignal.com:443, proxy=HTTP@192.168.2.12:8080 hostAddress=192.168.2.12 cipherSuite=TLS_ECDHE_RSA_WITH_AES_128_GCM_SHA256 protocol=http/1.1} (recycle count=1)
08-05 19:59:36.515  4844  5036 W OneSignal: 	at com.android.okhttp.internal.http.HttpConnection.readResponse(HttpConnection.java:210)
08-05 19:59:36.515  4844  5036 W OneSignal: 	at com.android.okhttp.internal.http.HttpTransport.readResponseHeaders(HttpTransport.java:80)
08-05 19:59:36.515  4844  5036 W OneSignal: 	at com.android.okhttp.internal.http.HttpEngine.readNetworkResponse(HttpEngine.java:904)
08-05 19:59:36.515  4844  5036 W OneSignal: 	at com.android.okhttp.internal.http.HttpEngine.readResponse(HttpEngine.java:788)
08-05 19:59:36.515  4844  5036 W OneSignal: 	at com.android.okhttp.internal.huc.HttpURLConnectionImpl.execute(HttpURLConnectionImpl.java:439)
08-05 19:59:36.515  4844  5036 W OneSignal: 	at com.android.okhttp.internal.huc.HttpURLConnectionImpl.getResponse(HttpURLConnectionImpl.java:384)
08-05 19:59:36.515  4844  5036 W OneSignal: 	at com.android.okhttp.internal.huc.HttpURLConnectionImpl.getResponseCode(HttpURLConnectionImpl.java:497)
08-05 19:59:36.515  4844  5036 W OneSignal: 	at com.android.okhttp.internal.huc.DelegatingHttpsURLConnection.getResponseCode(DelegatingHttpsURLConnection.java:105)
08-05 19:59:36.515  4844  5036 W OneSignal: 	at com.android.okhttp.internal.huc.HttpsURLConnectionImpl.getResponseCode(HttpsURLConnectionImpl.java)
08-05 19:59:36.515  4844  5036 W OneSignal: 	at com.onesignal.OneSignalRestClient.startHTTPConnection(OneSignalRestClient.java:180)
08-05 19:59:36.515  4844  5036 W OneSignal: 	at com.onesignal.OneSignalRestClient.access$100(OneSignalRestClient.java:44)
08-05 19:59:36.515  4844  5036 W OneSignal: 	at com.onesignal.OneSignalRestClient$4.run(OneSignalRestClient.java:110)
08-05 19:59:36.515  4844  5036 W OneSignal: 	at java.lang.Thread.run(Thread.java:818)
08-05 19:59:36.515  4844  5036 W OneSignal: Caused by: java.io.EOFException: \n not found: size=0 content=...
08-05 19:59:36.515  4844  5036 W OneSignal: 	at com.android.okhttp.okio.RealBufferedSource.readUtf8LineStrict(RealBufferedSource.java:200)
08-05 19:59:36.515  4844  5036 W OneSignal: 	at com.android.okhttp.internal.http.HttpConnection.readResponse(HttpConnection.java:191)
08-05 19:59:36.515  4844  5036 W OneSignal: 	... 12 more
08-05 19:59:36.516  4844  5041 W OneSignal: Failed last request. statusCode: -1
08-05 19:59:36.516  4844  5041 W OneSignal: response: null
08-05 19:59:36.541  4844  4856 I art     : Starting a blocking GC Explicit
08-05 19:59:36.553  4844  4856 I art     : Explicit concurrent mark sweep GC freed 1977(154KB) AllocSpace objects, 1(20KB) LOS objects, 25% free, 47MB/63MB, paused 158us total 11.867ms
08-05 19:59:36.559  4844  4856 I art     : Starting a blocking GC Explicit
08-05 19:59:36.569  4844  4856 I art     : Explicit concurrent mark sweep GC freed 30(1168B) AllocSpace objects, 0(0B) LOS objects, 25% free, 47MB/63MB, paused 138us total 9.974ms
08-05 19:59:36.574  4844  4856 I art     : Starting a blocking GC Explicit
08-05 19:59:36.585  4844  4856 I art     : Explicit concurrent mark sweep GC freed 3(96B) AllocSpace objects, 0(0B) LOS objects, 25% free, 47MB/63MB, paused 129us total 10.031ms
08-05 19:59:36.590  4844  4856 I art     : Starting a blocking GC Explicit
08-05 19:59:36.600  4844  4856 I art     : Explicit concurrent mark sweep GC freed 3(96B) AllocSpace objects, 0(0B) LOS objects, 25% free, 47MB/63MB, paused 129us total 9.649ms
08-05 19:59:36.605  4844  4856 I art     : Starting a blocking GC Explicit
08-05 19:59:36.614  4844  4856 I art     : Explicit concurrent mark sweep GC freed 3(96B) AllocSpace objects, 0(0B) LOS objects, 25% free, 47MB/63MB, paused 131us total 9.440ms
08-05 19:59:36.890  4844  4879 I art     : Starting a blocking GC Explicit
08-05 19:59:36.905  4844  4879 I art     : Explicit concurrent mark sweep GC freed 1339(78KB) AllocSpace objects, 1(20KB) LOS objects, 25% free, 47MB/63MB, paused 195us total 14.773ms
08-05 19:59:36.915  4844  4879 I art     : Starting a blocking GC Explicit
08-05 19:59:36.931  4844  4879 I art     : Explicit concurrent mark sweep GC freed 20(704B) AllocSpace objects, 0(0B) LOS objects, 25% free, 47MB/63MB, paused 169us total 15.633ms
08-05 19:59:36.939  4844  4879 I art     : Starting a blocking GC Explicit
08-05 19:59:36.951  4844  4879 I art     : Explicit concurrent mark sweep GC freed 3(96B) AllocSpace objects, 0(0B) LOS objects, 25% free, 47MB/63MB, paused 151us total 11.489ms
08-05 19:59:36.957  4844  4879 I art     : Starting a blocking GC Explicit
08-05 19:59:36.970  4844  4879 I art     : Explicit concurrent mark sweep GC freed 3(96B) AllocSpace objects, 0(0B) LOS objects, 25% free, 47MB/63MB, paused 145us total 12.134ms
08-05 19:59:36.976  4844  4879 I art     : Starting a blocking GC Explicit
08-05 19:59:36.988  4844  4879 I art     : Explicit concurrent mark sweep GC freed 3(96B) AllocSpace objects, 0(0B) LOS objects, 25% free, 47MB/63MB, paused 147us total 11.405ms
08-05 19:59:37.263  4844  4855 I art     : Starting a blocking GC Explicit
08-05 19:59:37.276  4844  4855 I art     : Explicit concurrent mark sweep GC freed 1339(78KB) AllocSpace objects, 1(20KB) LOS objects, 25% free, 47MB/63MB, paused 184us total 13.137ms
08-05 19:59:37.283  4844  4855 I art     : Starting a blocking GC Explicit
08-05 19:59:37.295  4844  4855 I art     : Explicit concurrent mark sweep GC freed 20(704B) AllocSpace objects, 0(0B) LOS objects, 25% free, 47MB/63MB, paused 165us total 11.875ms
08-05 19:59:37.302  4844  4855 I art     : Starting a blocking GC Explicit
08-05 19:59:37.312  4844  4855 I art     : Explicit concurrent mark sweep GC freed 3(96B) AllocSpace objects, 0(0B) LOS objects, 25% free, 47MB/63MB, paused 144us total 10.125ms
08-05 19:59:37.317  4844  4855 I art     : Starting a blocking GC Explicit
08-05 19:59:37.328  4844  4855 I art     : Explicit concurrent mark sweep GC freed 3(96B) AllocSpace objects, 0(0B) LOS objects, 25% free, 47MB/63MB, paused 144us total 10.147ms
08-05 19:59:37.333  4844  4855 I art     : Starting a blocking GC Explicit
08-05 19:59:37.343  4844  4855 I art     : Explicit concurrent mark sweep GC freed 3(96B) AllocSpace objects, 0(0B) LOS objects, 25% free, 47MB/63MB, paused 141us total 10.142ms
08-05 19:59:37.523  5061  5061 D AndroidRuntime: >>>>>> START com.android.internal.os.RuntimeInit uid 2000 <<<<<<
08-05 19:59:37.528  5061  5061 D AndroidRuntime: CheckJNI is OFF
08-05 19:59:37.553  5061  5061 D ICU     : No timezone override file found: /data/misc/zoneinfo/current/icu/icu_tzdata.dat
08-05 19:59:37.578  5061  5061 I Radio-JNI: register_android_hardware_Radio DONE
08-05 19:59:37.594  5061  5061 D AndroidRuntime: Calling main entry com.android.commands.input.Input
08-05 19:59:37.595  5061  5061 I Input   : injectMotionEvent: MotionEvent { action=ACTION_DOWN, actionButton=0, id[0]=0, x[0]=337.0, y[0]=1104.0, toolType[0]=TOOL_TYPE_UNKNOWN, buttonState=0, metaState=0, flags=0x0, edgeFlags=0x0, pointerCount=1, historySize=0, eventTime=820794008, downTime=820794008, deviceId=0, source=0x1002 }
08-05 19:59:37.601  5061  5061 I Input   : injectMotionEvent: MotionEvent { action=ACTION_UP, actionButton=0, id[0]=0, x[0]=337.0, y[0]=1104.0, toolType[0]=TOOL_TYPE_UNKNOWN, buttonState=0, metaState=0, flags=0x0, edgeFlags=0x0, pointerCount=1, historySize=0, eventTime=820794008, downTime=820794008, deviceId=0, source=0x1002 }
08-05 19:59:37.604   918  4413 I ActivityManager: START u0 {cmp=baseline.appteam.nith.hillffair/.activities.BattleDayActivity} from uid 10675 on display 0
08-05 19:59:37.611  5061  5061 D AndroidRuntime: Shutting down VM
08-05 19:59:37.627  4844  4856 I art     : Starting a blocking GC Explicit
08-05 19:59:37.641  4844  4856 I art     : Explicit concurrent mark sweep GC freed 2322(197KB) AllocSpace objects, 1(20KB) LOS objects, 24% free, 48MB/64MB, paused 601us total 13.759ms
08-05 19:59:37.647  4844  4856 I art     : Starting a blocking GC Explicit
08-05 19:59:37.662  4844  4856 I art     : Explicit concurrent mark sweep GC freed 5952(330KB) AllocSpace objects, 0(0B) LOS objects, 24% free, 48MB/64MB, paused 699us total 14.677ms
08-05 19:59:37.669  4844  4856 I art     : Starting a blocking GC Explicit
08-05 19:59:37.682  4844  4856 I art     : Explicit concurrent mark sweep GC freed 655(51KB) AllocSpace objects, 0(0B) LOS objects, 24% free, 48MB/64MB, paused 222us total 13.516ms
08-05 19:59:37.688  4844  4856 I art     : Starting a blocking GC Explicit
08-05 19:59:37.700  4844  4856 I art     : Explicit concurrent mark sweep GC freed 28(1088B) AllocSpace objects, 0(0B) LOS objects, 24% free, 48MB/64MB, paused 194us total 11.449ms
08-05 19:59:37.706  4844  4856 I art     : Starting a blocking GC Explicit
08-05 19:59:37.708 13866 13866 I GoogleInputMethodServic: GoogleInputMethodService.onFinishInput():3138 
08-05 19:59:37.708 13866 13866 I GoogleInputMethodServic: GoogleInputMethodService.onStartInput():1808 
08-05 19:59:37.718  4844  4856 I art     : Explicit concurrent mark sweep GC freed 99(6KB) AllocSpace objects, 0(0B) LOS objects, 24% free, 48MB/64MB, paused 235us total 12.285ms
08-05 19:59:37.744   918   936 I ActivityManager: Displayed baseline.appteam.nith.hillffair/.activities.BattleDayActivity: +132ms
08-05 19:59:37.819 13866 13882 I PeriodicStatsRunner: PeriodicStatsRunner.call():175 call()
08-05 19:59:37.820 13866 13882 I PeriodicStatsRunner: PeriodicStatsRunner.call():179 No submit PeriodicStats since input started.
08-05 19:59:37.982  4844  4856 I art     : Starting a blocking GC Explicit
08-05 19:59:38.003  4844  4856 I art     : Explicit concurrent mark sweep GC freed 1498(87KB) AllocSpace objects, 1(20KB) LOS objects, 24% free, 48MB/64MB, paused 273us total 21.029ms
08-05 19:59:38.013  4844  4856 I art     : Starting a blocking GC Explicit
08-05 19:59:38.032  4844  4856 I art     : Explicit concurrent mark sweep GC freed 30(1024B) AllocSpace objects, 0(0B) LOS objects, 24% free, 48MB/64MB, paused 237us total 18.491ms
08-05 19:59:38.042  4844  4856 I art     : Starting a blocking GC Explicit
08-05 19:59:38.055   380   380 W SurfaceFlinger: couldn't log to binary event log: overflow.
08-05 19:59:38.058  4844  4856 I art     : Explicit concurrent mark sweep GC freed 3(96B) AllocSpace objects, 0(0B) LOS objects, 24% free, 48MB/64MB, paused 198us total 16.134ms
08-05 19:59:38.064  4844  4856 I art     : Starting a blocking GC Explicit
08-05 19:59:38.076  4844  4856 I art     : Explicit concurrent mark sweep GC freed 3(96B) AllocSpace objects, 0(0B) LOS objects, 24% free, 48MB/64MB, paused 182us total 11.527ms
08-05 19:59:38.082  4844  4856 I art     : Starting a blocking GC Explicit
08-05 19:59:38.093  4844  4856 I art     : Explicit concurrent mark sweep GC freed 3(96B) AllocSpace objects, 0(0B) LOS objects, 24% free, 48MB/64MB, paused 181us total 11.335ms
08-05 19:59:38.154  4844  5088 D OkHttp  : --> GET https://api-hillfair-2k16.herokuapp.com/api/app/events/special http/1.1
08-05 19:59:38.196  4844  5088 D OkHttp  : <-- 200 OK https://api-hillfair-2k16.herokuapp.com/api/app/events/special (42ms, 554-byte body)
08-05 19:59:38.239  4844  4844 I NAPPA_EXPERIMENTATION: MetricNetworkRequestExecutionTime: REQUEST_DURATION_SYSTEM='579',REQUEST_DURATION_OKHTTP='41',REQUEST_SYNCHRONOUS='FALSE',RESPONSE_CODE='200',RESPONSE_METHOD='GET',RESPONSE_LENGTH_OKHTTP='554',RESPONSE_LENGTH_HEADER='554',REQUEST_PROTOCOL='http/1.1',REQUEST_URL='https://api-hillfair-2k16.herokuapp.com/api/app/events/special',
08-05 19:59:38.346  4844  4856 I art     : Starting a blocking GC Explicit
08-05 19:59:38.363  4844  4856 I art     : Explicit concurrent mark sweep GC freed 5977(386KB) AllocSpace objects, 4(220KB) LOS objects, 24% free, 48MB/64MB, paused 319us total 17.525ms
08-05 19:59:38.370  4844  4856 I art     : Starting a blocking GC Explicit
08-05 19:59:38.384  4844  4856 I art     : Explicit concurrent mark sweep GC freed 1102(122KB) AllocSpace objects, 0(0B) LOS objects, 24% free, 48MB/64MB, paused 286us total 13.708ms
08-05 19:59:38.390  4844  4856 I art     : Starting a blocking GC Explicit
08-05 19:59:38.403  4844  4856 I art     : Explicit concurrent mark sweep GC freed 3(96B) AllocSpace objects, 0(0B) LOS objects, 24% free, 48MB/64MB, paused 272us total 13.169ms
08-05 19:59:38.409  4844  4856 I art     : Starting a blocking GC Explicit
08-05 19:59:38.423  4844  4856 I art     : Explicit concurrent mark sweep GC freed 3(96B) AllocSpace objects, 0(0B) LOS objects, 24% free, 48MB/64MB, paused 280us total 13.472ms
08-05 19:59:38.429  4844  4856 I art     : Starting a blocking GC Explicit
08-05 19:59:38.443  4844  4856 I art     : Explicit concurrent mark sweep GC freed 3(96B) AllocSpace objects, 0(0B) LOS objects, 24% free, 48MB/64MB, paused 284us total 13.707ms
08-05 19:59:38.730  4844  4855 I art     : Starting a blocking GC Explicit
08-05 19:59:38.752  4844  4855 I art     : Explicit concurrent mark sweep GC freed 6742(292KB) AllocSpace objects, 1(20KB) LOS objects, 24% free, 48MB/64MB, paused 360us total 21.866ms
08-05 19:59:38.759  4844  4855 I art     : Starting a blocking GC Explicit
08-05 19:59:38.774  4844  4855 I art     : Explicit concurrent mark sweep GC freed 314(11KB) AllocSpace objects, 0(0B) LOS objects, 24% free, 48MB/64MB, paused 284us total 14.997ms
08-05 19:59:38.781  4844  4855 I art     : Starting a blocking GC Explicit
08-05 19:59:38.795  4844  4855 I art     : Explicit concurrent mark sweep GC freed 12(528B) AllocSpace objects, 0(0B) LOS objects, 24% free, 48MB/64MB, paused 277us total 13.656ms
08-05 19:59:38.801  4844  4855 I art     : Starting a blocking GC Explicit
08-05 19:59:38.815  4844  4855 I art     : Explicit concurrent mark sweep GC freed 3(96B) AllocSpace objects, 0(0B) LOS objects, 24% free, 48MB/64MB, paused 266us total 13.508ms
08-05 19:59:38.821  4844  4855 I art     : Starting a blocking GC Explicit
08-05 19:59:38.835  4844  4855 I art     : Explicit concurrent mark sweep GC freed 105(8KB) AllocSpace objects, 0(0B) LOS objects, 24% free, 48MB/64MB, paused 342us total 14.445ms
08-05 19:59:39.112  4844  4855 I art     : Starting a blocking GC Explicit
08-05 19:59:39.130  4844  4855 I art     : Explicit concurrent mark sweep GC freed 3815(337KB) AllocSpace objects, 1(20KB) LOS objects, 23% free, 52MB/68MB, paused 210us total 17.739ms
08-05 19:59:39.137  4844  4855 I art     : Starting a blocking GC Explicit
08-05 19:59:39.150  4844  4855 I art     : Explicit concurrent mark sweep GC freed 154(5KB) AllocSpace objects, 0(0B) LOS objects, 23% free, 52MB/68MB, paused 206us total 13.535ms
08-05 19:59:39.157  4844  4855 I art     : Starting a blocking GC Explicit
08-05 19:59:39.170  4844  4855 I art     : Explicit concurrent mark sweep GC freed 3(96B) AllocSpace objects, 0(0B) LOS objects, 23% free, 52MB/68MB, paused 205us total 13.464ms
08-05 19:59:39.176  4844  4855 I art     : Starting a blocking GC Explicit
08-05 19:59:39.188  4844  4855 I art     : Explicit concurrent mark sweep GC freed 3(96B) AllocSpace objects, 0(0B) LOS objects, 23% free, 52MB/68MB, paused 205us total 12.198ms
08-05 19:59:39.194  4844  4855 I art     : Starting a blocking GC Explicit
08-05 19:59:39.207  4844  4855 I art     : Explicit concurrent mark sweep GC freed 3(96B) AllocSpace objects, 0(0B) LOS objects, 23% free, 52MB/68MB, paused 200us total 12.344ms
08-05 19:59:39.411   518   646 I ThermalEngine: ACTION: GPU - Setting GPU[0] to 510000000
08-05 19:59:39.528  4844  4856 I art     : Starting a blocking GC Explicit
08-05 19:59:39.553  4844  4856 I art     : Explicit concurrent mark sweep GC freed 1340(78KB) AllocSpace objects, 1(20KB) LOS objects, 23% free, 52MB/68MB, paused 321us total 24.537ms
08-05 19:59:39.566  4844  4856 I art     : Starting a blocking GC Explicit
08-05 19:59:39.583  4844  4856 I art     : Explicit concurrent mark sweep GC freed 20(704B) AllocSpace objects, 0(0B) LOS objects, 23% free, 52MB/68MB, paused 290us total 17.227ms
08-05 19:59:39.591  4844  4856 I art     : Starting a blocking GC Explicit
08-05 19:59:39.609  4844  4856 I art     : Explicit concurrent mark sweep GC freed 3(96B) AllocSpace objects, 0(0B) LOS objects, 23% free, 52MB/68MB, paused 304us total 17.153ms
08-05 19:59:39.617  4844  4856 I art     : Starting a blocking GC Explicit
08-05 19:59:39.635  4844  4856 I art     : Explicit concurrent mark sweep GC freed 3(96B) AllocSpace objects, 0(0B) LOS objects, 23% free, 52MB/68MB, paused 305us total 17.829ms
08-05 19:59:39.644  4844  4856 I art     : Starting a blocking GC Explicit
08-05 19:59:39.661  4844  4856 I art     : Explicit concurrent mark sweep GC freed 3(96B) AllocSpace objects, 0(0B) LOS objects, 23% free, 52MB/68MB, paused 331us total 17.067ms
08-05 19:59:39.971  4844  4879 I art     : Starting a blocking GC Explicit
08-05 19:59:39.993  4844  4879 I art     : Explicit concurrent mark sweep GC freed 1340(78KB) AllocSpace objects, 1(20KB) LOS objects, 23% free, 52MB/68MB, paused 315us total 21.857ms
08-05 19:59:40.004  4844  4879 I art     : Starting a blocking GC Explicit
08-05 19:59:40.024  4844  4879 I art     : Explicit concurrent mark sweep GC freed 20(704B) AllocSpace objects, 0(0B) LOS objects, 23% free, 52MB/68MB, paused 284us total 19.475ms
08-05 19:59:40.032  4844  4879 I art     : Starting a blocking GC Explicit
08-05 19:59:40.050  4844  4879 I art     : Explicit concurrent mark sweep GC freed 3(96B) AllocSpace objects, 0(0B) LOS objects, 23% free, 52MB/68MB, paused 286us total 17.827ms
08-05 19:59:40.059  4844  4879 I art     : Starting a blocking GC Explicit
08-05 19:59:40.077  4844  4879 I art     : Explicit concurrent mark sweep GC freed 3(96B) AllocSpace objects, 0(0B) LOS objects, 23% free, 52MB/68MB, paused 329us total 18.071ms
08-05 19:59:40.085  4844  4879 I art     : Starting a blocking GC Explicit
08-05 19:59:40.103  4844  4879 I art     : Explicit concurrent mark sweep GC freed 3(96B) AllocSpace objects, 0(0B) LOS objects, 23% free, 52MB/68MB, paused 284us total 17.376ms
08-05 19:59:40.419  4844  4855 I art     : Starting a blocking GC Explicit
08-05 19:59:40.441  4844  4855 I art     : Explicit concurrent mark sweep GC freed 1340(78KB) AllocSpace objects, 1(20KB) LOS objects, 23% free, 52MB/68MB, paused 318us total 21.667ms
08-05 19:59:40.453  4844  4855 I art     : Starting a blocking GC Explicit
08-05 19:59:40.471  4844  4855 I art     : Explicit concurrent mark sweep GC freed 20(704B) AllocSpace objects, 0(0B) LOS objects, 23% free, 52MB/68MB, paused 282us total 17.898ms
08-05 19:59:40.479  4844  4855 I art     : Starting a blocking GC Explicit
08-05 19:59:40.497  4844  4855 I art     : Explicit concurrent mark sweep GC freed 3(96B) AllocSpace objects, 0(0B) LOS objects, 23% free, 52MB/68MB, paused 310us total 17.461ms
08-05 19:59:40.505  4844  4855 I art     : Starting a blocking GC Explicit
08-05 19:59:40.524  4844  4855 I art     : Explicit concurrent mark sweep GC freed 3(96B) AllocSpace objects, 0(0B) LOS objects, 23% free, 52MB/68MB, paused 286us total 18.037ms
08-05 19:59:40.532  4844  4855 I art     : Starting a blocking GC Explicit
08-05 19:59:40.549  4844  4855 I art     : Explicit concurrent mark sweep GC freed 3(96B) AllocSpace objects, 0(0B) LOS objects, 23% free, 52MB/68MB, paused 283us total 17.439ms
08-05 19:59:40.845  4844  4856 I art     : Starting a blocking GC Explicit
08-05 19:59:40.868  4844  4856 I art     : Explicit concurrent mark sweep GC freed 1340(78KB) AllocSpace objects, 1(20KB) LOS objects, 23% free, 52MB/68MB, paused 610us total 22.260ms
08-05 19:59:40.878  4844  4856 I art     : Starting a blocking GC Explicit
08-05 19:59:40.896  4844  4856 I art     : Explicit concurrent mark sweep GC freed 20(704B) AllocSpace objects, 0(0B) LOS objects, 23% free, 52MB/68MB, paused 300us total 17.834ms
08-05 19:59:40.905  4844  4856 I art     : Starting a blocking GC Explicit
08-05 19:59:40.923  4844  4856 I art     : Explicit concurrent mark sweep GC freed 3(96B) AllocSpace objects, 0(0B) LOS objects, 23% free, 52MB/68MB, paused 302us total 17.802ms
08-05 19:59:40.931  4844  4856 I art     : Starting a blocking GC Explicit
08-05 19:59:40.949  4844  4856 I art     : Explicit concurrent mark sweep GC freed 3(96B) AllocSpace objects, 0(0B) LOS objects, 23% free, 52MB/68MB, paused 324us total 17.826ms
08-05 19:59:40.958  4844  4856 I art     : Starting a blocking GC Explicit
08-05 19:59:40.975  4844  4856 I art     : Explicit concurrent mark sweep GC freed 3(96B) AllocSpace objects, 0(0B) LOS objects, 23% free, 52MB/68MB, paused 301us total 17.202ms
08-05 19:59:41.280  4844  4879 I art     : Starting a blocking GC Explicit
08-05 19:59:41.303  4844  4879 I art     : Explicit concurrent mark sweep GC freed 1340(78KB) AllocSpace objects, 1(20KB) LOS objects, 23% free, 52MB/68MB, paused 313us total 22.532ms
08-05 19:59:41.314  4844  4879 I art     : Starting a blocking GC Explicit
08-05 19:59:41.334  4844  4879 I art     : Explicit concurrent mark sweep GC freed 20(704B) AllocSpace objects, 0(0B) LOS objects, 23% free, 52MB/68MB, paused 285us total 20.150ms
08-05 19:59:41.343  4844  4879 I art     : Starting a blocking GC Explicit
08-05 19:59:41.361  4844  4879 I art     : Explicit concurrent mark sweep GC freed 3(96B) AllocSpace objects, 0(0B) LOS objects, 23% free, 52MB/68MB, paused 288us total 17.690ms
08-05 19:59:41.369  4844  4879 I art     : Starting a blocking GC Explicit
08-05 19:59:41.387  4844  4879 I art     : Explicit concurrent mark sweep GC freed 3(96B) AllocSpace objects, 0(0B) LOS objects, 23% free, 52MB/68MB, paused 376us total 17.650ms
08-05 19:59:41.395  4844  4879 I art     : Starting a blocking GC Explicit
08-05 19:59:41.413  4844  4879 I art     : Explicit concurrent mark sweep GC freed 3(96B) AllocSpace objects, 0(0B) LOS objects, 23% free, 52MB/68MB, paused 284us total 17.898ms
08-05 19:59:41.744  4844  4855 I art     : Starting a blocking GC Explicit
08-05 19:59:41.768  4844  4855 I art     : Explicit concurrent mark sweep GC freed 1340(78KB) AllocSpace objects, 1(20KB) LOS objects, 23% free, 52MB/68MB, paused 374us total 23.691ms
08-05 19:59:41.782  4844  4855 I art     : Starting a blocking GC Explicit
08-05 19:59:41.804  4844  4855 I art     : Explicit concurrent mark sweep GC freed 20(704B) AllocSpace objects, 0(0B) LOS objects, 23% free, 52MB/68MB, paused 297us total 21.060ms
08-05 19:59:41.814  4844  4855 I art     : Starting a blocking GC Explicit
08-05 19:59:41.832  4844  4855 I art     : Explicit concurrent mark sweep GC freed 3(96B) AllocSpace objects, 0(0B) LOS objects, 23% free, 52MB/68MB, paused 289us total 17.751ms
08-05 19:59:41.840  4844  4855 I art     : Starting a blocking GC Explicit
08-05 19:59:41.858  4844  4855 I art     : Explicit concurrent mark sweep GC freed 3(96B) AllocSpace objects, 0(0B) LOS objects, 23% free, 52MB/68MB, paused 291us total 17.907ms
08-05 19:59:41.867  4844  4855 I art     : Starting a blocking GC Explicit
08-05 19:59:41.884  4844  4855 I art     : Explicit concurrent mark sweep GC freed 3(96B) AllocSpace objects, 0(0B) LOS objects, 23% free, 52MB/68MB, paused 291us total 17.581ms
08-05 19:59:42.184  4844  4856 I art     : Starting a blocking GC Explicit
08-05 19:59:42.204  4844  4856 I art     : Explicit concurrent mark sweep GC freed 1340(78KB) AllocSpace objects, 1(20KB) LOS objects, 23% free, 52MB/68MB, paused 326us total 20.138ms
08-05 19:59:42.216  4844  4856 I art     : Starting a blocking GC Explicit
08-05 19:59:42.237  4844  4856 I art     : Explicit concurrent mark sweep GC freed 20(704B) AllocSpace objects, 0(0B) LOS objects, 23% free, 52MB/68MB, paused 303us total 20.890ms
08-05 19:59:42.245  4844  4856 I art     : Starting a blocking GC Explicit
08-05 19:59:42.263  4844  4856 I art     : Explicit concurrent mark sweep GC freed 3(96B) AllocSpace objects, 0(0B) LOS objects, 23% free, 52MB/68MB, paused 301us total 17.750ms
08-05 19:59:42.271  4844  4856 I art     : Starting a blocking GC Explicit
08-05 19:59:42.289  4844  4856 I art     : Explicit concurrent mark sweep GC freed 3(96B) AllocSpace objects, 0(0B) LOS objects, 23% free, 52MB/68MB, paused 295us total 17.506ms
08-05 19:59:42.297  4844  4856 I art     : Starting a blocking GC Explicit
08-05 19:59:42.315  4844  4856 I art     : Explicit concurrent mark sweep GC freed 3(96B) AllocSpace objects, 0(0B) LOS objects, 23% free, 52MB/68MB, paused 306us total 17.647ms
08-05 19:59:42.652  4844  4879 I art     : Starting a blocking GC Explicit
08-05 19:59:42.679  4844  4879 I art     : Explicit concurrent mark sweep GC freed 1340(78KB) AllocSpace objects, 1(20KB) LOS objects, 23% free, 52MB/68MB, paused 525us total 26.699ms
08-05 19:59:42.695  4844  4879 I art     : Starting a blocking GC Explicit
08-05 19:59:42.708 13866 13882 I PeriodicStatsRunner: PeriodicStatsRunner.call():175 call()
08-05 19:59:42.709 13866 13882 I PeriodicStatsRunner: PeriodicStatsRunner.call():179 No submit PeriodicStats since input started.
08-05 19:59:42.713  4844  4879 I art     : Explicit concurrent mark sweep GC freed 20(704B) AllocSpace objects, 0(0B) LOS objects, 23% free, 52MB/68MB, paused 286us total 17.587ms
08-05 19:59:42.721  4844  4879 I art     : Starting a blocking GC Explicit
08-05 19:59:42.739  4844  4879 I art     : Explicit concurrent mark sweep GC freed 3(96B) AllocSpace objects, 0(0B) LOS objects, 23% free, 52MB/68MB, paused 302us total 17.570ms
08-05 19:59:42.747  4844  4879 I art     : Starting a blocking GC Explicit
08-05 19:59:42.765  4844  4879 I art     : Explicit concurrent mark sweep GC freed 3(96B) AllocSpace objects, 0(0B) LOS objects, 23% free, 52MB/68MB, paused 282us total 17.768ms
08-05 19:59:42.774  4844  4879 I art     : Starting a blocking GC Explicit
08-05 19:59:42.791  4844  4879 I art     : Explicit concurrent mark sweep GC freed 3(96B) AllocSpace objects, 0(0B) LOS objects, 23% free, 52MB/68MB, paused 283us total 17.390ms
08-05 19:59:43.106  4844  4855 I art     : Starting a blocking GC Explicit
08-05 19:59:43.133  4844  4855 I art     : Explicit concurrent mark sweep GC freed 1340(78KB) AllocSpace objects, 1(20KB) LOS objects, 23% free, 52MB/68MB, paused 348us total 25.928ms
08-05 19:59:43.145  4844  4855 I art     : Starting a blocking GC Explicit
08-05 19:59:43.167  4844  4855 I art     : Explicit concurrent mark sweep GC freed 20(704B) AllocSpace objects, 0(0B) LOS objects, 23% free, 52MB/68MB, paused 302us total 21.147ms
08-05 19:59:43.177  4844  4855 I art     : Starting a blocking GC Explicit
08-05 19:59:43.196  4844  4855 I art     : Explicit concurrent mark sweep GC freed 3(96B) AllocSpace objects, 0(0B) LOS objects, 23% free, 52MB/68MB, paused 311us total 18.537ms
08-05 19:59:43.204  4844  4855 I art     : Starting a blocking GC Explicit
08-05 19:59:43.222  4844  4855 I art     : Explicit concurrent mark sweep GC freed 3(96B) AllocSpace objects, 0(0B) LOS objects, 23% free, 52MB/68MB, paused 286us total 17.301ms
08-05 19:59:43.230  4844  4855 I art     : Starting a blocking GC Explicit
08-05 19:59:43.247  4844  4855 I art     : Explicit concurrent mark sweep GC freed 3(96B) AllocSpace objects, 0(0B) LOS objects, 23% free, 52MB/68MB, paused 309us total 17.152ms
08-05 19:59:43.563  4844  4856 I art     : Starting a blocking GC Explicit
08-05 19:59:43.588  4844  4856 I art     : Explicit concurrent mark sweep GC freed 1340(78KB) AllocSpace objects, 1(20KB) LOS objects, 23% free, 52MB/68MB, paused 505us total 24.444ms
08-05 19:59:43.600  4844  4856 I art     : Starting a blocking GC Explicit
08-05 19:59:43.618  4844  4856 I art     : Explicit concurrent mark sweep GC freed 20(704B) AllocSpace objects, 0(0B) LOS objects, 23% free, 52MB/68MB, paused 294us total 17.793ms
08-05 19:59:43.626  4844  4856 I art     : Starting a blocking GC Explicit
08-05 19:59:43.645  4844  4856 I art     : Explicit concurrent mark sweep GC freed 3(96B) AllocSpace objects, 0(0B) LOS objects, 23% free, 52MB/68MB, paused 306us total 18.304ms
08-05 19:59:43.653  4844  4856 I art     : Starting a blocking GC Explicit
08-05 19:59:43.671  4844  4856 I art     : Explicit concurrent mark sweep GC freed 3(96B) AllocSpace objects, 0(0B) LOS objects, 23% free, 52MB/68MB, paused 292us total 17.728ms
08-05 19:59:43.680  4844  4856 I art     : Starting a blocking GC Explicit
08-05 19:59:43.697  4844  4856 I art     : Explicit concurrent mark sweep GC freed 3(96B) AllocSpace objects, 0(0B) LOS objects, 23% free, 52MB/68MB, paused 317us total 17.690ms
08-05 19:59:44.005  4844  4879 I art     : Starting a blocking GC Explicit
08-05 19:59:44.027  4844  4879 I art     : Explicit concurrent mark sweep GC freed 1340(78KB) AllocSpace objects, 1(20KB) LOS objects, 23% free, 52MB/68MB, paused 321us total 21.780ms
08-05 19:59:44.037  4844  4879 I art     : Starting a blocking GC Explicit
08-05 19:59:44.055  4844  4879 I art     : Explicit concurrent mark sweep GC freed 20(704B) AllocSpace objects, 0(0B) LOS objects, 23% free, 52MB/68MB, paused 287us total 17.603ms
08-05 19:59:44.063  4844  4879 I art     : Starting a blocking GC Explicit
08-05 19:59:44.081  4844  4879 I art     : Explicit concurrent mark sweep GC freed 3(96B) AllocSpace objects, 0(0B) LOS objects, 23% free, 52MB/68MB, paused 286us total 17.776ms
08-05 19:59:44.090  4844  4879 I art     : Starting a blocking GC Explicit
08-05 19:59:44.107  4844  4879 I art     : Explicit concurrent mark sweep GC freed 3(96B) AllocSpace objects, 0(0B) LOS objects, 23% free, 52MB/68MB, paused 318us total 17.509ms
08-05 19:59:44.116  4844  4879 I art     : Starting a blocking GC Explicit
08-05 19:59:44.133  4844  4879 I art     : Explicit concurrent mark sweep GC freed 3(96B) AllocSpace objects, 0(0B) LOS objects, 23% free, 52MB/68MB, paused 283us total 16.841ms
08-05 19:59:44.444  4844  4855 I art     : Starting a blocking GC Explicit
08-05 19:59:44.467  4844  4855 I art     : Explicit concurrent mark sweep GC freed 1340(78KB) AllocSpace objects, 1(20KB) LOS objects, 23% free, 52MB/68MB, paused 311us total 21.950ms
08-05 19:59:44.478  4844  4855 I art     : Starting a blocking GC Explicit
08-05 19:59:44.498  4844  4855 I art     : Explicit concurrent mark sweep GC freed 20(704B) AllocSpace objects, 0(0B) LOS objects, 23% free, 52MB/68MB, paused 290us total 20.035ms
08-05 19:59:44.507  4844  4855 I art     : Starting a blocking GC Explicit
08-05 19:59:44.524  4844  4855 I art     : Explicit concurrent mark sweep GC freed 3(96B) AllocSpace objects, 0(0B) LOS objects, 23% free, 52MB/68MB, paused 286us total 17.667ms
08-05 19:59:44.533  4844  4855 I art     : Starting a blocking GC Explicit
08-05 19:59:44.550  4844  4855 I art     : Explicit concurrent mark sweep GC freed 3(96B) AllocSpace objects, 0(0B) LOS objects, 23% free, 52MB/68MB, paused 319us total 17.237ms
08-05 19:59:44.558  4844  4855 I art     : Starting a blocking GC Explicit
08-05 19:59:44.576  4844  4855 I art     : Explicit concurrent mark sweep GC freed 3(96B) AllocSpace objects, 0(0B) LOS objects, 23% free, 52MB/68MB, paused 283us total 17.342ms
08-05 19:59:44.707   918  1210 D NetlinkSocketObserver: NeighborEvent{elapsedMs=1804188582, 192.168.2.254, [7C3953A63323], RTM_NEWNEIGH, NUD_STALE}
08-05 19:59:44.903  4844  4856 I art     : Starting a blocking GC Explicit
08-05 19:59:44.925  4844  4856 I art     : Explicit concurrent mark sweep GC freed 1340(78KB) AllocSpace objects, 1(20KB) LOS objects, 23% free, 52MB/68MB, paused 324us total 21.746ms
08-05 19:59:44.936  4844  4856 I art     : Starting a blocking GC Explicit
08-05 19:59:44.955  4844  4856 I art     : Explicit concurrent mark sweep GC freed 20(704B) AllocSpace objects, 0(0B) LOS objects, 23% free, 52MB/68MB, paused 296us total 19.064ms
08-05 19:59:44.964  4844  4856 I art     : Starting a blocking GC Explicit
08-05 19:59:44.982  4844  4856 I art     : Explicit concurrent mark sweep GC freed 3(96B) AllocSpace objects, 0(0B) LOS objects, 23% free, 52MB/68MB, paused 295us total 17.795ms
08-05 19:59:44.990  4844  4856 I art     : Starting a blocking GC Explicit
08-05 19:59:45.008  4844  4856 I art     : Explicit concurrent mark sweep GC freed 3(96B) AllocSpace objects, 0(0B) LOS objects, 23% free, 52MB/68MB, paused 294us total 17.580ms
08-05 19:59:45.016  4844  4856 I art     : Starting a blocking GC Explicit
08-05 19:59:45.034  4844  4856 I art     : Explicit concurrent mark sweep GC freed 3(96B) AllocSpace objects, 0(0B) LOS objects, 23% free, 52MB/68MB, paused 305us total 17.611ms
08-05 19:59:45.342  4844  4879 I art     : Starting a blocking GC Explicit
08-05 19:59:45.364  4844  4879 I art     : Explicit concurrent mark sweep GC freed 1340(78KB) AllocSpace objects, 1(20KB) LOS objects, 23% free, 52MB/68MB, paused 310us total 21.791ms
08-05 19:59:45.376  4844  4879 I art     : Starting a blocking GC Explicit
08-05 19:59:45.394  4844  4879 I art     : Explicit concurrent mark sweep GC freed 20(704B) AllocSpace objects, 0(0B) LOS objects, 23% free, 52MB/68MB, paused 328us total 17.590ms
08-05 19:59:45.402  4844  4879 I art     : Starting a blocking GC Explicit
08-05 19:59:45.419  4844  4879 I art     : Explicit concurrent mark sweep GC freed 3(96B) AllocSpace objects, 0(0B) LOS objects, 23% free, 52MB/68MB, paused 275us total 17.343ms
08-05 19:59:45.427  4844  4879 I art     : Starting a blocking GC Explicit
08-05 19:59:45.445  4844  4879 I art     : Explicit concurrent mark sweep GC freed 3(96B) AllocSpace objects, 0(0B) LOS objects, 23% free, 52MB/68MB, paused 291us total 17.322ms
08-05 19:59:45.453  4844  4879 I art     : Starting a blocking GC Explicit
08-05 19:59:45.470  4844  4879 I art     : Explicit concurrent mark sweep GC freed 3(96B) AllocSpace objects, 0(0B) LOS objects, 23% free, 52MB/68MB, paused 287us total 17.207ms
08-05 19:59:45.783  4844  4855 I art     : Starting a blocking GC Explicit
08-05 19:59:45.803  4844  4855 I art     : Explicit concurrent mark sweep GC freed 1340(78KB) AllocSpace objects, 1(20KB) LOS objects, 23% free, 52MB/68MB, paused 320us total 19.659ms
08-05 19:59:45.815  4844  4855 I art     : Starting a blocking GC Explicit
08-05 19:59:45.832  4844  4855 I art     : Explicit concurrent mark sweep GC freed 20(704B) AllocSpace objects, 0(0B) LOS objects, 23% free, 52MB/68MB, paused 315us total 17.271ms
08-05 19:59:45.840  4844  4855 I art     : Starting a blocking GC Explicit
08-05 19:59:45.858  4844  4855 I art     : Explicit concurrent mark sweep GC freed 3(96B) AllocSpace objects, 0(0B) LOS objects, 23% free, 52MB/68MB, paused 322us total 16.863ms
08-05 19:59:45.865  4844  4855 I art     : Starting a blocking GC Explicit
08-05 19:59:45.882  4844  4855 I art     : Explicit concurrent mark sweep GC freed 3(96B) AllocSpace objects, 0(0B) LOS objects, 23% free, 52MB/68MB, paused 288us total 16.671ms
08-05 19:59:45.890  4844  4855 I art     : Starting a blocking GC Explicit
08-05 19:59:45.907  4844  4855 I art     : Explicit concurrent mark sweep GC freed 3(96B) AllocSpace objects, 0(0B) LOS objects, 23% free, 52MB/68MB, paused 318us total 16.808ms
08-05 19:59:46.204  4844  4856 I art     : Starting a blocking GC Explicit
08-05 19:59:46.224  4844  4856 I art     : Explicit concurrent mark sweep GC freed 1340(78KB) AllocSpace objects, 1(20KB) LOS objects, 23% free, 52MB/68MB, paused 334us total 19.125ms
08-05 19:59:46.236  4844  4856 I art     : Starting a blocking GC Explicit
08-05 19:59:46.254  4844  4856 I art     : Explicit concurrent mark sweep GC freed 20(704B) AllocSpace objects, 0(0B) LOS objects, 23% free, 52MB/68MB, paused 299us total 17.792ms
08-05 19:59:46.262  4844  4856 I art     : Starting a blocking GC Explicit
08-05 19:59:46.265  5316  5316 D AndroidRuntime: >>>>>> START com.android.internal.os.RuntimeInit uid 2000 <<<<<<
08-05 19:59:46.270  5316  5316 D AndroidRuntime: CheckJNI is OFF
08-05 19:59:46.279  4844  4856 I art     : Explicit concurrent mark sweep GC freed 3(96B) AllocSpace objects, 0(0B) LOS objects, 23% free, 52MB/68MB, paused 303us total 17.051ms
08-05 19:59:46.288  4844  4856 I art     : Starting a blocking GC Explicit
08-05 19:59:46.304  4844  4856 I art     : Explicit concurrent mark sweep GC freed 3(96B) AllocSpace objects, 0(0B) LOS objects, 23% free, 52MB/68MB, paused 323us total 16.138ms
08-05 19:59:46.305  5316  5316 D ICU     : No timezone override file found: /data/misc/zoneinfo/current/icu/icu_tzdata.dat
08-05 19:59:46.312  4844  4856 I art     : Starting a blocking GC Explicit
08-05 19:59:46.329  4844  4856 I art     : Explicit concurrent mark sweep GC freed 3(96B) AllocSpace objects, 0(0B) LOS objects, 23% free, 52MB/68MB, paused 309us total 16.467ms
08-05 19:59:46.340  5316  5316 I Radio-JNI: register_android_hardware_Radio DONE
08-05 19:59:46.361  5316  5316 D AndroidRuntime: Calling main entry com.android.commands.input.Input
08-05 19:59:46.363  5316  5316 I Input   : injectMotionEvent: MotionEvent { action=ACTION_DOWN, actionButton=0, id[0]=0, x[0]=733.0, y[0]=645.0, toolType[0]=TOOL_TYPE_UNKNOWN, buttonState=0, metaState=0, flags=0x0, edgeFlags=0x0, pointerCount=1, historySize=0, eventTime=820802775, downTime=820802775, deviceId=0, source=0x1002 }
08-05 19:59:46.369  5316  5316 I Input   : injectMotionEvent: MotionEvent { action=ACTION_UP, actionButton=0, id[0]=0, x[0]=733.0, y[0]=645.0, toolType[0]=TOOL_TYPE_UNKNOWN, buttonState=0, metaState=0, flags=0x0, edgeFlags=0x0, pointerCount=1, historySize=0, eventTime=820802775, downTime=820802775, deviceId=0, source=0x1002 }
08-05 19:59:46.371   918   929 I ActivityManager: START u0 {cmp=baseline.appteam.nith.hillffair/.activities.ClubActivity (has extras)} from uid 10675 on display 0
08-05 19:59:46.378  5316  5316 D AndroidRuntime: Shutting down VM
08-05 19:59:46.493 13866 13866 I GoogleInputMethodServic: GoogleInputMethodService.onFinishInput():3138 
08-05 19:59:46.494   918   936 I ActivityManager: Displayed baseline.appteam.nith.hillffair/.activities.ClubActivity: +115ms
08-05 19:59:46.494 13866 13866 I GoogleInputMethodServic: GoogleInputMethodService.onStartInput():1808 
08-05 19:59:46.569  4844  4856 I art     : Starting a blocking GC Explicit
08-05 19:59:46.588  4844  4856 I art     : Explicit concurrent mark sweep GC freed 5257(328KB) AllocSpace objects, 1(20KB) LOS objects, 23% free, 52MB/68MB, paused 309us total 18.718ms
08-05 19:59:46.597  4844  4856 I art     : Starting a blocking GC Explicit
08-05 19:59:46.615  4844  4856 I art     : Explicit concurrent mark sweep GC freed 213(9KB) AllocSpace objects, 0(0B) LOS objects, 23% free, 52MB/68MB, paused 325us total 17.522ms
08-05 19:59:46.624  4844  4856 I art     : Starting a blocking GC Explicit
08-05 19:59:46.643  4844  4856 I art     : Explicit concurrent mark sweep GC freed 3(96B) AllocSpace objects, 0(0B) LOS objects, 23% free, 52MB/68MB, paused 349us total 19.481ms
08-05 19:59:46.653  4844  4856 I art     : Starting a blocking GC Explicit
08-05 19:59:46.673  4844  4856 I art     : Explicit concurrent mark sweep GC freed 3(96B) AllocSpace objects, 0(0B) LOS objects, 23% free, 52MB/68MB, paused 330us total 19.439ms
08-05 19:59:46.683  4844  4856 I art     : Starting a blocking GC Explicit
08-05 19:59:46.704  4844  4856 I art     : Explicit concurrent mark sweep GC freed 3(96B) AllocSpace objects, 0(0B) LOS objects, 23% free, 52MB/68MB, paused 323us total 21.078ms
08-05 19:59:46.745   380   380 W SurfaceFlinger: couldn't log to binary event log: overflow.
08-05 19:59:46.959  4844  5341 D OkHttp  : --> GET https://api-hillfair-2k16.herokuapp.com/api/app/events/special/event?id=5806551bdcba0f490c70fd1f http/1.1
08-05 19:59:46.985  4844  4856 I art     : Starting a blocking GC Explicit
08-05 19:59:46.999  4844  5341 D OkHttp  : <-- 200 OK https://api-hillfair-2k16.herokuapp.com/api/app/events/special/event?id=5806551bdcba0f490c70fd1f (39ms, 795-byte body)
08-05 19:59:47.006  4844  4856 I art     : Explicit concurrent mark sweep GC freed 4243(255KB) AllocSpace objects, 4(220KB) LOS objects, 23% free, 52MB/68MB, paused 366us total 20.002ms
08-05 19:59:47.014  4844  4856 I art     : Starting a blocking GC Explicit
08-05 19:59:47.032  4844  4856 I art     : Explicit concurrent mark sweep GC freed 1025(119KB) AllocSpace objects, 0(0B) LOS objects, 23% free, 52MB/68MB, paused 314us total 17.697ms
08-05 19:59:47.040  4844  4856 I art     : Starting a blocking GC Explicit
08-05 19:59:47.047  4844  4844 I NAPPA_EXPERIMENTATION: MetricNetworkRequestExecutionTime: REQUEST_DURATION_SYSTEM='630',REQUEST_DURATION_OKHTTP='39',REQUEST_SYNCHRONOUS='FALSE',RESPONSE_CODE='200',RESPONSE_METHOD='GET',RESPONSE_LENGTH_OKHTTP='795',RESPONSE_LENGTH_HEADER='795',REQUEST_PROTOCOL='http/1.1',REQUEST_URL='https://api-hillfair-2k16.herokuapp.com/api/app/events/special/event?id=5806551bdcba0f490c70fd1f',
08-05 19:59:47.057  4844  4856 I art     : Explicit concurrent mark sweep GC freed 244(34KB) AllocSpace objects, 0(0B) LOS objects, 23% free, 52MB/68MB, paused 415us total 17.510ms
08-05 19:59:47.065  4844  4856 I art     : Starting a blocking GC Explicit
08-05 19:59:47.083  4844  4856 I art     : Explicit concurrent mark sweep GC freed 370(33KB) AllocSpace objects, 0(0B) LOS objects, 23% free, 52MB/68MB, paused 333us total 17.476ms
08-05 19:59:47.091  4844  4856 I art     : Starting a blocking GC Explicit
08-05 19:59:47.108  4844  4856 I art     : Explicit concurrent mark sweep GC freed 55(14KB) AllocSpace objects, 0(0B) LOS objects, 23% free, 52MB/68MB, paused 342us total 16.723ms
08-05 19:59:47.407  4844  4855 I art     : Starting a blocking GC Explicit
08-05 19:59:47.426  4844  4855 I art     : Explicit concurrent mark sweep GC freed 1366(86KB) AllocSpace objects, 1(20KB) LOS objects, 23% free, 52MB/68MB, paused 348us total 19.302ms
08-05 19:59:47.435  4844  4855 I art     : Starting a blocking GC Explicit
08-05 19:59:47.454  4844  4855 I art     : Explicit concurrent mark sweep GC freed 23(800B) AllocSpace objects, 0(0B) LOS objects, 23% free, 52MB/68MB, paused 312us total 18.759ms
08-05 19:59:47.462  4844  4855 I art     : Starting a blocking GC Explicit
08-05 19:59:47.481  4844  4855 I art     : Explicit concurrent mark sweep GC freed 3(96B) AllocSpace objects, 0(0B) LOS objects, 23% free, 52MB/68MB, paused 284us total 18.068ms
08-05 19:59:47.489  4844  4855 I art     : Starting a blocking GC Explicit
08-05 19:59:47.507  4844  4855 I art     : Explicit concurrent mark sweep GC freed 19(656B) AllocSpace objects, 0(0B) LOS objects, 23% free, 52MB/68MB, paused 346us total 18.339ms
08-05 19:59:47.516  4844  4855 I art     : Starting a blocking GC Explicit
08-05 19:59:47.534  4844  4855 I art     : Explicit concurrent mark sweep GC freed 3(96B) AllocSpace objects, 0(0B) LOS objects, 23% free, 52MB/68MB, paused 308us total 17.963ms
08-05 19:59:47.824  4844  4879 I art     : Starting a blocking GC Explicit
08-05 19:59:47.851  4844  4879 I art     : Explicit concurrent mark sweep GC freed 1342(78KB) AllocSpace objects, 1(20KB) LOS objects, 23% free, 52MB/68MB, paused 318us total 27.006ms
08-05 19:59:47.860  4844  4879 I art     : Starting a blocking GC Explicit
08-05 19:59:47.879  4844  4879 I art     : Explicit concurrent mark sweep GC freed 20(704B) AllocSpace objects, 0(0B) LOS objects, 23% free, 52MB/68MB, paused 313us total 18.673ms
08-05 19:59:47.887  4844  4879 I art     : Starting a blocking GC Explicit
08-05 19:59:47.906  4844  4879 I art     : Explicit concurrent mark sweep GC freed 3(96B) AllocSpace objects, 0(0B) LOS objects, 23% free, 52MB/68MB, paused 349us total 18.415ms
08-05 19:59:47.914  4844  4879 I art     : Starting a blocking GC Explicit
08-05 19:59:47.933  4844  4879 I art     : Explicit concurrent mark sweep GC freed 3(96B) AllocSpace objects, 0(0B) LOS objects, 23% free, 52MB/68MB, paused 321us total 18.632ms
08-05 19:59:47.941  4844  4879 I art     : Starting a blocking GC Explicit
08-05 19:59:47.961  4844  4879 I art     : Explicit concurrent mark sweep GC freed 3(96B) AllocSpace objects, 0(0B) LOS objects, 23% free, 52MB/68MB, paused 326us total 19.331ms
08-05 19:59:48.268  4844  4856 I art     : Starting a blocking GC Explicit
08-05 19:59:48.294  4844  4856 I art     : Explicit concurrent mark sweep GC freed 1341(78KB) AllocSpace objects, 1(20KB) LOS objects, 23% free, 52MB/68MB, paused 356us total 26.457ms
08-05 19:59:48.306  4844  4856 I art     : Starting a blocking GC Explicit
08-05 19:59:48.327  4844  4856 I art     : Explicit concurrent mark sweep GC freed 20(704B) AllocSpace objects, 0(0B) LOS objects, 23% free, 52MB/68MB, paused 345us total 20.674ms
08-05 19:59:48.336  4844  4856 I art     : Starting a blocking GC Explicit
08-05 19:59:48.355  4844  4856 I art     : Explicit concurrent mark sweep GC freed 3(96B) AllocSpace objects, 0(0B) LOS objects, 23% free, 52MB/68MB, paused 294us total 18.962ms
08-05 19:59:48.363  4844  4856 I art     : Starting a blocking GC Explicit
08-05 19:59:48.382  4844  4856 I art     : Explicit concurrent mark sweep GC freed 3(96B) AllocSpace objects, 0(0B) LOS objects, 23% free, 52MB/68MB, paused 307us total 18.856ms
08-05 19:59:48.391  4844  4856 I art     : Starting a blocking GC Explicit
08-05 19:59:48.411  4844  4856 I art     : Explicit concurrent mark sweep GC freed 3(96B) AllocSpace objects, 0(0B) LOS objects, 23% free, 52MB/68MB, paused 324us total 19.643ms
08-05 19:59:48.733  4844  4855 I art     : Starting a blocking GC Explicit
08-05 19:59:48.750  4844  4855 I art     : Explicit concurrent mark sweep GC freed 1341(78KB) AllocSpace objects, 1(20KB) LOS objects, 23% free, 52MB/68MB, paused 306us total 17.421ms
08-05 19:59:48.758  4844  4855 I art     : Starting a blocking GC Explicit
08-05 19:59:48.776  4844  4855 I art     : Explicit concurrent mark sweep GC freed 20(704B) AllocSpace objects, 0(0B) LOS objects, 23% free, 52MB/68MB, paused 315us total 17.716ms
08-05 19:59:48.784  4844  4855 I art     : Starting a blocking GC Explicit
08-05 19:59:48.802  4844  4855 I art     : Explicit concurrent mark sweep GC freed 3(96B) AllocSpace objects, 0(0B) LOS objects, 23% free, 52MB/68MB, paused 310us total 17.699ms
08-05 19:59:48.810  4844  4855 I art     : Starting a blocking GC Explicit
08-05 19:59:48.829  4844  4855 I art     : Explicit concurrent mark sweep GC freed 3(96B) AllocSpace objects, 0(0B) LOS objects, 23% free, 52MB/68MB, paused 291us total 18.218ms
08-05 19:59:48.837  4844  4855 I art     : Starting a blocking GC Explicit
08-05 19:59:48.855  4844  4855 I art     : Explicit concurrent mark sweep GC freed 3(96B) AllocSpace objects, 0(0B) LOS objects, 23% free, 52MB/68MB, paused 297us total 18.152ms
08-05 19:59:48.875   918   937 W ProcessCpuTracker: Skipping unknown process pid 5400
08-05 19:59:48.876   918   937 W ProcessCpuTracker: Skipping unknown process pid 5402
08-05 19:59:48.876   918   937 W ProcessCpuTracker: Skipping unknown process pid 5403
08-05 19:59:49.109  4844  4879 I art     : Starting a blocking GC Explicit
08-05 19:59:49.129  4844  4879 I art     : Explicit concurrent mark sweep GC freed 1341(78KB) AllocSpace objects, 1(20KB) LOS objects, 23% free, 52MB/68MB, paused 346us total 19.891ms
08-05 19:59:49.140  4844  4879 I art     : Starting a blocking GC Explicit
08-05 19:59:49.163  4844  4879 I art     : Explicit concurrent mark sweep GC freed 29(1040B) AllocSpace objects, 0(0B) LOS objects, 23% free, 52MB/68MB, paused 301us total 22.093ms
08-05 19:59:49.171  4844  4879 I art     : Starting a blocking GC Explicit
08-05 19:59:49.191  4844  4879 I art     : Explicit concurrent mark sweep GC freed 3(96B) AllocSpace objects, 0(0B) LOS objects, 23% free, 52MB/68MB, paused 315us total 19.038ms
08-05 19:59:49.199  4844  4879 I art     : Starting a blocking GC Explicit
08-05 19:59:49.217  4844  4879 I art     : Explicit concurrent mark sweep GC freed 3(96B) AllocSpace objects, 0(0B) LOS objects, 23% free, 52MB/68MB, paused 319us total 18.016ms
08-05 19:59:49.226  4844  4879 I art     : Starting a blocking GC Explicit
08-05 19:59:49.244  4844  4879 I art     : Explicit concurrent mark sweep GC freed 3(96B) AllocSpace objects, 0(0B) LOS objects, 23% free, 52MB/68MB, paused 317us total 18.113ms
08-05 19:59:49.557  4844  4855 I art     : Starting a blocking GC Explicit
08-05 19:59:49.582  4844  4855 I art     : Explicit concurrent mark sweep GC freed 1341(78KB) AllocSpace objects, 1(20KB) LOS objects, 23% free, 52MB/68MB, paused 352us total 24.319ms
08-05 19:59:49.594  4844  4855 I art     : Starting a blocking GC Explicit
08-05 19:59:49.614  4844  4855 I art     : Explicit concurrent mark sweep GC freed 20(704B) AllocSpace objects, 0(0B) LOS objects, 23% free, 52MB/68MB, paused 317us total 19.039ms
08-05 19:59:49.622  4844  4855 I art     : Starting a blocking GC Explicit
08-05 19:59:49.640  4844  4855 I art     : Explicit concurrent mark sweep GC freed 3(96B) AllocSpace objects, 0(0B) LOS objects, 23% free, 52MB/68MB, paused 310us total 18.027ms
08-05 19:59:49.649  4844  4855 I art     : Starting a blocking GC Explicit
08-05 19:59:49.667  4844  4855 I art     : Explicit concurrent mark sweep GC freed 3(96B) AllocSpace objects, 0(0B) LOS objects, 23% free, 52MB/68MB, paused 321us total 18.274ms
08-05 19:59:49.675  4844  4855 I art     : Starting a blocking GC Explicit
08-05 19:59:49.695  4844  4855 I art     : Explicit concurrent mark sweep GC freed 3(96B) AllocSpace objects, 0(0B) LOS objects, 23% free, 52MB/68MB, paused 316us total 18.854ms
08-05 19:59:50.002  4844  4856 I art     : Starting a blocking GC Explicit
08-05 19:59:50.023  4844  4856 I art     : Explicit concurrent mark sweep GC freed 1341(78KB) AllocSpace objects, 1(20KB) LOS objects, 23% free, 52MB/68MB, paused 357us total 20.769ms
08-05 19:59:50.034  4844  4856 I art     : Starting a blocking GC Explicit
08-05 19:59:50.053  4844  4856 I art     : Explicit concurrent mark sweep GC freed 20(704B) AllocSpace objects, 0(0B) LOS objects, 23% free, 52MB/68MB, paused 306us total 18.540ms
08-05 19:59:50.061  4844  4856 I art     : Starting a blocking GC Explicit
08-05 19:59:50.079  4844  4856 I art     : Explicit concurrent mark sweep GC freed 3(96B) AllocSpace objects, 0(0B) LOS objects, 23% free, 52MB/68MB, paused 287us total 17.731ms
08-05 19:59:50.088  4844  4856 I art     : Starting a blocking GC Explicit
08-05 19:59:50.107  4844  4856 I art     : Explicit concurrent mark sweep GC freed 3(96B) AllocSpace objects, 0(0B) LOS objects, 23% free, 52MB/68MB, paused 444us total 18.987ms
08-05 19:59:50.115  4844  4856 I art     : Starting a blocking GC Explicit
08-05 19:59:50.134  4844  4856 I art     : Explicit concurrent mark sweep GC freed 3(96B) AllocSpace objects, 0(0B) LOS objects, 23% free, 52MB/68MB, paused 314us total 18.787ms
08-05 19:59:50.435  4844  4879 I art     : Starting a blocking GC Explicit
08-05 19:59:50.459  4844  4879 I art     : Explicit concurrent mark sweep GC freed 1341(78KB) AllocSpace objects, 1(20KB) LOS objects, 23% free, 52MB/68MB, paused 332us total 23.547ms
08-05 19:59:50.470  4844  4879 I art     : Starting a blocking GC Explicit
08-05 19:59:50.493  4844  4879 I art     : Explicit concurrent mark sweep GC freed 20(704B) AllocSpace objects, 0(0B) LOS objects, 23% free, 52MB/68MB, paused 342us total 21.978ms
08-05 19:59:50.503  4844  4879 I art     : Starting a blocking GC Explicit
08-05 19:59:50.522  4844  4879 I art     : Explicit concurrent mark sweep GC freed 3(96B) AllocSpace objects, 0(0B) LOS objects, 23% free, 52MB/68MB, paused 330us total 19.006ms
08-05 19:59:50.531  4844  4879 I art     : Starting a blocking GC Explicit
08-05 19:59:50.549  4844  4879 I art     : Explicit concurrent mark sweep GC freed 3(96B) AllocSpace objects, 0(0B) LOS objects, 23% free, 52MB/68MB, paused 291us total 17.867ms
08-05 19:59:50.557  4844  4879 I art     : Starting a blocking GC Explicit
08-05 19:59:50.575  4844  4879 I art     : Explicit concurrent mark sweep GC freed 3(96B) AllocSpace objects, 0(0B) LOS objects, 23% free, 52MB/68MB, paused 305us total 18.177ms
08-05 19:59:50.883  4844  4855 I art     : Starting a blocking GC Explicit
08-05 19:59:50.906  4844  4855 I art     : Explicit concurrent mark sweep GC freed 1341(78KB) AllocSpace objects, 1(20KB) LOS objects, 23% free, 52MB/68MB, paused 318us total 22.861ms
08-05 19:59:50.919  4844  4855 I art     : Starting a blocking GC Explicit
08-05 19:59:50.938  4844  4855 I art     : Explicit concurrent mark sweep GC freed 20(704B) AllocSpace objects, 0(0B) LOS objects, 23% free, 52MB/68MB, paused 320us total 19.316ms
08-05 19:59:50.946  4844  4855 I art     : Starting a blocking GC Explicit
08-05 19:59:50.965  4844  4855 I art     : Explicit concurrent mark sweep GC freed 3(96B) AllocSpace objects, 0(0B) LOS objects, 23% free, 52MB/68MB, paused 301us total 18.323ms
08-05 19:59:50.973  4844  4855 I art     : Starting a blocking GC Explicit
08-05 19:59:50.992  4844  4855 I art     : Explicit concurrent mark sweep GC freed 3(96B) AllocSpace objects, 0(0B) LOS objects, 23% free, 52MB/68MB, paused 311us total 18.829ms
08-05 19:59:51.001  4844  4855 I art     : Starting a blocking GC Explicit
08-05 19:59:51.020  4844  4855 I art     : Explicit concurrent mark sweep GC freed 3(96B) AllocSpace objects, 0(0B) LOS objects, 23% free, 52MB/68MB, paused 296us total 18.763ms
08-05 19:59:51.339  4844  4856 I art     : Starting a blocking GC Explicit
08-05 19:59:51.362  4844  4856 I art     : Explicit concurrent mark sweep GC freed 1341(78KB) AllocSpace objects, 1(20KB) LOS objects, 23% free, 52MB/68MB, paused 320us total 23.081ms
08-05 19:59:51.374  4844  4856 I art     : Starting a blocking GC Explicit
08-05 19:59:51.392  4844  4856 I art     : Explicit concurrent mark sweep GC freed 20(704B) AllocSpace objects, 0(0B) LOS objects, 23% free, 52MB/68MB, paused 300us total 18.199ms
08-05 19:59:51.400  4844  4856 I art     : Starting a blocking GC Explicit
08-05 19:59:51.419  4844  4856 I art     : Explicit concurrent mark sweep GC freed 3(96B) AllocSpace objects, 0(0B) LOS objects, 23% free, 52MB/68MB, paused 319us total 18.233ms
08-05 19:59:51.427  4844  4856 I art     : Starting a blocking GC Explicit
08-05 19:59:51.446  4844  4856 I art     : Explicit concurrent mark sweep GC freed 3(96B) AllocSpace objects, 0(0B) LOS objects, 23% free, 52MB/68MB, paused 303us total 18.998ms
08-05 19:59:51.455  4844  4856 I art     : Starting a blocking GC Explicit
08-05 19:59:51.474  4844  4856 I art     : Explicit concurrent mark sweep GC freed 3(96B) AllocSpace objects, 0(0B) LOS objects, 23% free, 52MB/68MB, paused 311us total 18.578ms
08-05 19:59:51.493 13866 13882 I PeriodicStatsRunner: PeriodicStatsRunner.call():175 call()
08-05 19:59:51.494 13866 13882 I PeriodicStatsRunner: PeriodicStatsRunner.call():179 No submit PeriodicStats since input started.
08-05 19:59:51.786  4844  4879 I art     : Starting a blocking GC Explicit
08-05 19:59:51.810  4844  4879 I art     : Explicit concurrent mark sweep GC freed 1555(92KB) AllocSpace objects, 1(20KB) LOS objects, 23% free, 52MB/68MB, paused 420us total 23.901ms
08-05 19:59:51.821  4844  4879 I art     : Starting a blocking GC Explicit
08-05 19:59:51.840  4844  4879 I art     : Explicit concurrent mark sweep GC freed 25(912B) AllocSpace objects, 0(0B) LOS objects, 23% free, 52MB/68MB, paused 388us total 19.474ms
08-05 19:59:51.849  4844  4879 I art     : Starting a blocking GC Explicit
08-05 19:59:51.868  4844  4879 I art     : Explicit concurrent mark sweep GC freed 3(96B) AllocSpace objects, 0(0B) LOS objects, 23% free, 52MB/68MB, paused 370us total 19.260ms
08-05 19:59:51.877  4844  4879 I art     : Starting a blocking GC Explicit
08-05 19:59:51.895  4844  4879 I art     : Explicit concurrent mark sweep GC freed 3(96B) AllocSpace objects, 0(0B) LOS objects, 23% free, 52MB/68MB, paused 374us total 18.220ms
08-05 19:59:51.904  4844  4879 I art     : Starting a blocking GC Explicit
08-05 19:59:51.922  4844  4879 I art     : Explicit concurrent mark sweep GC freed 78(3KB) AllocSpace objects, 0(0B) LOS objects, 23% free, 52MB/68MB, paused 349us total 18.361ms
08-05 19:59:52.153  4844  5465 W OneSignal: OneSignalRestClient: POST Error thrown from network stack. 
08-05 19:59:52.153  4844  5465 W OneSignal: java.io.IOException: unexpected end of stream on Connection{api.onesignal.com:443, proxy=HTTP@192.168.2.12:8080 hostAddress=192.168.2.12 cipherSuite=TLS_ECDHE_RSA_WITH_AES_128_GCM_SHA256 protocol=http/1.1} (recycle count=0)
08-05 19:59:52.153  4844  5465 W OneSignal: 	at com.android.okhttp.internal.http.HttpConnection.readResponse(HttpConnection.java:210)
08-05 19:59:52.153  4844  5465 W OneSignal: 	at com.android.okhttp.internal.http.HttpTransport.readResponseHeaders(HttpTransport.java:80)
08-05 19:59:52.153  4844  5465 W OneSignal: 	at com.android.okhttp.internal.http.HttpEngine.readNetworkResponse(HttpEngine.java:904)
08-05 19:59:52.153  4844  5465 W OneSignal: 	at com.android.okhttp.internal.http.HttpEngine.readResponse(HttpEngine.java:788)
08-05 19:59:52.153  4844  5465 W OneSignal: 	at com.android.okhttp.internal.huc.HttpURLConnectionImpl.execute(HttpURLConnectionImpl.java:439)
08-05 19:59:52.153  4844  5465 W OneSignal: 	at com.android.okhttp.internal.huc.HttpURLConnectionImpl.getResponse(HttpURLConnectionImpl.java:384)
08-05 19:59:52.153  4844  5465 W OneSignal: 	at com.android.okhttp.internal.huc.HttpURLConnectionImpl.getResponseCode(HttpURLConnectionImpl.java:497)
08-05 19:59:52.153  4844  5465 W OneSignal: 	at com.android.okhttp.internal.huc.DelegatingHttpsURLConnection.getResponseCode(DelegatingHttpsURLConnection.java:105)
08-05 19:59:52.153  4844  5465 W OneSignal: 	at com.android.okhttp.internal.huc.HttpsURLConnectionImpl.getResponseCode(HttpsURLConnectionImpl.java)
08-05 19:59:52.153  4844  5465 W OneSignal: 	at com.onesignal.OneSignalRestClient.startHTTPConnection(OneSignalRestClient.java:180)
08-05 19:59:52.153  4844  5465 W OneSignal: 	at com.onesignal.OneSignalRestClient.access$100(OneSignalRestClient.java:44)
08-05 19:59:52.153  4844  5465 W OneSignal: 	at com.onesignal.OneSignalRestClient$4.run(OneSignalRestClient.java:110)
08-05 19:59:52.153  4844  5465 W OneSignal: 	at java.lang.Thread.run(Thread.java:818)
08-05 19:59:52.153  4844  5465 W OneSignal: Caused by: java.io.EOFException: \n not found: size=0 content=...
08-05 19:59:52.153  4844  5465 W OneSignal: 	at com.android.okhttp.okio.RealBufferedSource.readUtf8LineStrict(RealBufferedSource.java:200)
08-05 19:59:52.153  4844  5465 W OneSignal: 	at com.android.okhttp.internal.http.HttpConnection.readResponse(HttpConnection.java:191)
08-05 19:59:52.153  4844  5465 W OneSignal: 	... 12 more
08-05 19:59:52.155  4844  5487 W OneSignal: Failed last request. statusCode: -1
08-05 19:59:52.155  4844  5487 W OneSignal: response: null
08-05 19:59:52.248  4844  4855 I art     : Starting a blocking GC Explicit
08-05 19:59:52.272  4844  4855 I art     : Explicit concurrent mark sweep GC freed 3618(225KB) AllocSpace objects, 1(20KB) LOS objects, 23% free, 52MB/68MB, paused 342us total 23.836ms
08-05 19:59:52.284  4844  4855 I art     : Starting a blocking GC Explicit
08-05 19:59:52.303  4844  4855 I art     : Explicit concurrent mark sweep GC freed 67(2432B) AllocSpace objects, 0(0B) LOS objects, 23% free, 52MB/68MB, paused 302us total 18.350ms
08-05 19:59:52.311  4844  4855 I art     : Starting a blocking GC Explicit
08-05 19:59:52.330  4844  4855 I art     : Explicit concurrent mark sweep GC freed 3(96B) AllocSpace objects, 0(0B) LOS objects, 23% free, 52MB/68MB, paused 352us total 18.458ms
08-05 19:59:52.338  4844  4855 I art     : Starting a blocking GC Explicit
08-05 19:59:52.357  4844  4855 I art     : Explicit concurrent mark sweep GC freed 3(96B) AllocSpace objects, 0(0B) LOS objects, 23% free, 52MB/68MB, paused 350us total 18.500ms
08-05 19:59:52.365  4844  4855 I art     : Starting a blocking GC Explicit
08-05 19:59:52.384  4844  4855 I art     : Explicit concurrent mark sweep GC freed 3(96B) AllocSpace objects, 0(0B) LOS objects, 23% free, 52MB/68MB, paused 315us total 18.526ms
08-05 19:59:52.692  4844  4856 I art     : Starting a blocking GC Explicit
08-05 19:59:52.714  4844  4856 I art     : Explicit concurrent mark sweep GC freed 1341(78KB) AllocSpace objects, 1(20KB) LOS objects, 23% free, 52MB/68MB, paused 309us total 22.349ms
08-05 19:59:52.725  4844  4856 I art     : Starting a blocking GC Explicit
08-05 19:59:52.744  4844  4856 I art     : Explicit concurrent mark sweep GC freed 20(704B) AllocSpace objects, 0(0B) LOS objects, 23% free, 52MB/68MB, paused 310us total 19.071ms
08-05 19:59:52.752  4844  4856 I art     : Starting a blocking GC Explicit
08-05 19:59:52.771  4844  4856 I art     : Explicit concurrent mark sweep GC freed 3(96B) AllocSpace objects, 0(0B) LOS objects, 23% free, 52MB/68MB, paused 298us total 18.889ms
08-05 19:59:52.780  4844  4856 I art     : Starting a blocking GC Explicit
08-05 19:59:52.799  4844  4856 I art     : Explicit concurrent mark sweep GC freed 3(96B) AllocSpace objects, 0(0B) LOS objects, 23% free, 52MB/68MB, paused 328us total 18.624ms
08-05 19:59:52.807  4844  4856 I art     : Starting a blocking GC Explicit
08-05 19:59:52.826  4844  4856 I art     : Explicit concurrent mark sweep GC freed 3(96B) AllocSpace objects, 0(0B) LOS objects, 23% free, 52MB/68MB, paused 307us total 18.370ms
08-05 19:59:53.136  4844  4879 I art     : Starting a blocking GC Explicit
08-05 19:59:53.155  4844  4879 I art     : Explicit concurrent mark sweep GC freed 1341(78KB) AllocSpace objects, 1(20KB) LOS objects, 23% free, 52MB/68MB, paused 311us total 18.914ms
08-05 19:59:53.163  4844  4879 I art     : Starting a blocking GC Explicit
08-05 19:59:53.183  4844  4879 I art     : Explicit concurrent mark sweep GC freed 20(704B) AllocSpace objects, 0(0B) LOS objects, 23% free, 52MB/68MB, paused 309us total 18.955ms
08-05 19:59:53.191  4844  4879 I art     : Starting a blocking GC Explicit
08-05 19:59:53.210  4844  4879 I art     : Explicit concurrent mark sweep GC freed 3(96B) AllocSpace objects, 0(0B) LOS objects, 23% free, 52MB/68MB, paused 308us total 18.747ms
08-05 19:59:53.219  4844  4879 I art     : Starting a blocking GC Explicit
08-05 19:59:53.238  4844  4879 I art     : Explicit concurrent mark sweep GC freed 3(96B) AllocSpace objects, 0(0B) LOS objects, 23% free, 52MB/68MB, paused 329us total 18.897ms
08-05 19:59:53.246  4844  4879 I art     : Starting a blocking GC Explicit
08-05 19:59:53.265  4844  4879 I art     : Explicit concurrent mark sweep GC freed 3(96B) AllocSpace objects, 0(0B) LOS objects, 23% free, 52MB/68MB, paused 297us total 18.365ms
08-05 19:59:53.613  4844  4855 I art     : Starting a blocking GC Explicit
08-05 19:59:53.640  4844  4855 I art     : Explicit concurrent mark sweep GC freed 1341(78KB) AllocSpace objects, 1(20KB) LOS objects, 23% free, 52MB/68MB, paused 362us total 26.986ms
08-05 19:59:53.653  4844  4855 I art     : Starting a blocking GC Explicit
08-05 19:59:53.674  4844  4855 I art     : Explicit concurrent mark sweep GC freed 20(704B) AllocSpace objects, 0(0B) LOS objects, 23% free, 52MB/68MB, paused 304us total 20.430ms
08-05 19:59:53.682  4844  4855 I art     : Starting a blocking GC Explicit
08-05 19:59:53.701  4844  4855 I art     : Explicit concurrent mark sweep GC freed 3(96B) AllocSpace objects, 0(0B) LOS objects, 23% free, 52MB/68MB, paused 305us total 18.864ms
08-05 19:59:53.709  4844  4855 I art     : Starting a blocking GC Explicit
08-05 19:59:53.728  4844  4855 I art     : Explicit concurrent mark sweep GC freed 3(96B) AllocSpace objects, 0(0B) LOS objects, 23% free, 52MB/68MB, paused 283us total 18.187ms
08-05 19:59:53.736  4844  4855 I art     : Starting a blocking GC Explicit
08-05 19:59:53.755  4844  4855 I art     : Explicit concurrent mark sweep GC freed 3(96B) AllocSpace objects, 0(0B) LOS objects, 23% free, 52MB/68MB, paused 308us total 18.463ms
08-05 19:59:54.087  4844  4856 I art     : Starting a blocking GC Explicit
08-05 19:59:54.106  4844  4856 I art     : Explicit concurrent mark sweep GC freed 1341(78KB) AllocSpace objects, 1(20KB) LOS objects, 23% free, 52MB/68MB, paused 324us total 18.696ms
08-05 19:59:54.114  4844  4856 I art     : Starting a blocking GC Explicit
08-05 19:59:54.133  4844  4856 I art     : Explicit concurrent mark sweep GC freed 20(704B) AllocSpace objects, 0(0B) LOS objects, 23% free, 52MB/68MB, paused 292us total 18.815ms
08-05 19:59:54.141  4844  4856 I art     : Starting a blocking GC Explicit
08-05 19:59:54.160  4844  4856 I art     : Explicit concurrent mark sweep GC freed 3(96B) AllocSpace objects, 0(0B) LOS objects, 23% free, 52MB/68MB, paused 312us total 18.274ms
08-05 19:59:54.168  4844  4856 I art     : Starting a blocking GC Explicit
08-05 19:59:54.187  4844  4856 I art     : Explicit concurrent mark sweep GC freed 3(96B) AllocSpace objects, 0(0B) LOS objects, 23% free, 52MB/68MB, paused 344us total 18.688ms
08-05 19:59:54.195  4844  4856 I art     : Starting a blocking GC Explicit
08-05 19:59:54.214  4844  4856 I art     : Explicit concurrent mark sweep GC freed 3(96B) AllocSpace objects, 0(0B) LOS objects, 23% free, 52MB/68MB, paused 302us total 18.563ms
08-05 19:59:54.513  4844  4879 I art     : Starting a blocking GC Explicit
08-05 19:59:54.533  4844  4879 I art     : Explicit concurrent mark sweep GC freed 1341(78KB) AllocSpace objects, 1(20KB) LOS objects, 23% free, 52MB/68MB, paused 311us total 19.578ms
08-05 19:59:54.541  4844  4879 I art     : Starting a blocking GC Explicit
08-05 19:59:54.560  4844  4879 I art     : Explicit concurrent mark sweep GC freed 20(704B) AllocSpace objects, 0(0B) LOS objects, 23% free, 52MB/68MB, paused 296us total 18.608ms
08-05 19:59:54.569  4844  4879 I art     : Starting a blocking GC Explicit
08-05 19:59:54.588  4844  4879 I art     : Explicit concurrent mark sweep GC freed 3(96B) AllocSpace objects, 0(0B) LOS objects, 23% free, 52MB/68MB, paused 307us total 18.819ms
08-05 19:59:54.596  4844  4879 I art     : Starting a blocking GC Explicit
08-05 19:59:54.615  4844  4879 I art     : Explicit concurrent mark sweep GC freed 3(96B) AllocSpace objects, 0(0B) LOS objects, 23% free, 52MB/68MB, paused 308us total 18.765ms
08-05 19:59:54.624  4844  4879 I art     : Starting a blocking GC Explicit
08-05 19:59:54.642  4844  4879 I art     : Explicit concurrent mark sweep GC freed 3(96B) AllocSpace objects, 0(0B) LOS objects, 23% free, 52MB/68MB, paused 315us total 18.192ms
08-05 19:59:54.967  4844  4855 I art     : Starting a blocking GC Explicit
08-05 19:59:54.991  4844  4855 I art     : Explicit concurrent mark sweep GC freed 1341(78KB) AllocSpace objects, 1(20KB) LOS objects, 23% free, 52MB/68MB, paused 351us total 24.249ms
08-05 19:59:55.004  4844  4855 I art     : Starting a blocking GC Explicit
08-05 19:59:55.023  4844  4855 I art     : Explicit concurrent mark sweep GC freed 20(704B) AllocSpace objects, 0(0B) LOS objects, 23% free, 52MB/68MB, paused 295us total 18.602ms
08-05 19:59:55.031  4844  4855 I art     : Starting a blocking GC Explicit
08-05 19:59:55.050  4844  4855 I art     : Explicit concurrent mark sweep GC freed 3(96B) AllocSpace objects, 0(0B) LOS objects, 23% free, 52MB/68MB, paused 317us total 18.439ms
08-05 19:59:55.059  4844  4855 I art     : Starting a blocking GC Explicit
08-05 19:59:55.078  4844  4855 I art     : Explicit concurrent mark sweep GC freed 3(96B) AllocSpace objects, 0(0B) LOS objects, 23% free, 52MB/68MB, paused 305us total 19.059ms
08-05 19:59:55.086  4844  4855 I art     : Starting a blocking GC Explicit
08-05 19:59:55.105  4844  4855 I art     : Explicit concurrent mark sweep GC freed 3(96B) AllocSpace objects, 0(0B) LOS objects, 23% free, 52MB/68MB, paused 306us total 18.133ms
08-05 19:59:55.429  4844  4856 I art     : Starting a blocking GC Explicit
08-05 19:59:55.458  4844  4856 I art     : Explicit concurrent mark sweep GC freed 1341(78KB) AllocSpace objects, 1(20KB) LOS objects, 23% free, 52MB/68MB, paused 378us total 28.117ms
08-05 19:59:55.462  2695  2695 I Atfwd_Sendcmd: AtCmdFwd service not ready - Exhausted retry attempts - :6
08-05 19:59:55.462  2695  2695 I Atfwd_Daemon: result : -1 	 ,Init step :2 	 ,qmiErrorCode: 0
08-05 19:59:55.470  4844  4856 I art     : Starting a blocking GC Explicit
08-05 19:59:55.488  4844  4856 I art     : Explicit concurrent mark sweep GC freed 20(704B) AllocSpace objects, 0(0B) LOS objects, 23% free, 52MB/68MB, paused 315us total 18.627ms
08-05 19:59:55.497  4844  4856 I art     : Starting a blocking GC Explicit
08-05 19:59:55.516  4844  4856 I art     : Explicit concurrent mark sweep GC freed 3(96B) AllocSpace objects, 0(0B) LOS objects, 23% free, 52MB/68MB, paused 313us total 18.487ms
08-05 19:59:55.524  4844  4856 I art     : Starting a blocking GC Explicit
08-05 19:59:55.543  4844  4856 I art     : Explicit concurrent mark sweep GC freed 3(96B) AllocSpace objects, 0(0B) LOS objects, 23% free, 52MB/68MB, paused 301us total 18.635ms
08-05 19:59:55.551  4844  4856 I art     : Starting a blocking GC Explicit
08-05 19:59:55.570  4844  4856 I art     : Explicit concurrent mark sweep GC freed 3(96B) AllocSpace objects, 0(0B) LOS objects, 23% free, 52MB/68MB, paused 321us total 18.639ms
08-05 19:59:55.878  4844  4879 I art     : Starting a blocking GC Explicit
08-05 19:59:55.901  4844  4879 I art     : Explicit concurrent mark sweep GC freed 1341(78KB) AllocSpace objects, 1(20KB) LOS objects, 23% free, 52MB/68MB, paused 420us total 23.552ms
08-05 19:59:55.913  4844  4879 I art     : Starting a blocking GC Explicit
08-05 19:59:55.932  4844  4879 I art     : Explicit concurrent mark sweep GC freed 20(704B) AllocSpace objects, 0(0B) LOS objects, 23% free, 52MB/68MB, paused 303us total 18.229ms
08-05 19:59:55.940  4844  4879 I art     : Starting a blocking GC Explicit
08-05 19:59:55.958  4844  4879 I art     : Explicit concurrent mark sweep GC freed 3(96B) AllocSpace objects, 0(0B) LOS objects, 23% free, 52MB/68MB, paused 290us total 17.591ms
08-05 19:59:55.966  4844  4879 I art     : Starting a blocking GC Explicit
08-05 19:59:55.985  4844  4879 I art     : Explicit concurrent mark sweep GC freed 3(96B) AllocSpace objects, 0(0B) LOS objects, 23% free, 52MB/68MB, paused 307us total 18.522ms
08-05 19:59:55.994  4844  4879 I art     : Starting a blocking GC Explicit
08-05 19:59:56.012  4844  4879 I art     : Explicit concurrent mark sweep GC freed 3(96B) AllocSpace objects, 0(0B) LOS objects, 23% free, 52MB/68MB, paused 310us total 18.393ms
08-05 19:59:56.335  4844  4855 I art     : Starting a blocking GC Explicit
08-05 19:59:56.355  4844  4855 I art     : Explicit concurrent mark sweep GC freed 1341(78KB) AllocSpace objects, 1(20KB) LOS objects, 23% free, 52MB/68MB, paused 319us total 19.317ms
08-05 19:59:56.365  4844  4855 I art     : Starting a blocking GC Explicit
08-05 19:59:56.388  4844  4855 I art     : Explicit concurrent mark sweep GC freed 20(704B) AllocSpace objects, 0(0B) LOS objects, 23% free, 52MB/68MB, paused 324us total 22.338ms
08-05 19:59:56.388  4844  4854 I art     : WaitForGcToComplete blocked for 22.691ms for cause HeapTrim
08-05 19:59:56.398  4844  4855 I art     : Starting a blocking GC Explicit
08-05 19:59:56.418  4844  4855 I art     : Explicit concurrent mark sweep GC freed 3(96B) AllocSpace objects, 0(0B) LOS objects, 23% free, 52MB/68MB, paused 320us total 19.156ms
08-05 19:59:56.426  4844  4855 I art     : Starting a blocking GC Explicit
08-05 19:59:56.445  4844  4855 I art     : Explicit concurrent mark sweep GC freed 3(96B) AllocSpace objects, 0(0B) LOS objects, 23% free, 52MB/68MB, paused 304us total 18.921ms
08-05 19:59:56.454  4844  4855 I art     : Starting a blocking GC Explicit
08-05 19:59:56.472  4844  4855 I art     : Explicit concurrent mark sweep GC freed 3(96B) AllocSpace objects, 0(0B) LOS objects, 23% free, 52MB/68MB, paused 305us total 18.417ms
08-05 19:59:56.787  4844  4856 I art     : Starting a blocking GC Explicit
08-05 19:59:56.815  4844  4856 I art     : Explicit concurrent mark sweep GC freed 1341(78KB) AllocSpace objects, 1(20KB) LOS objects, 23% free, 52MB/68MB, paused 357us total 27.318ms
08-05 19:59:56.828  4844  4856 I art     : Starting a blocking GC Explicit
08-05 19:59:56.846  4844  4856 I art     : Explicit concurrent mark sweep GC freed 20(704B) AllocSpace objects, 0(0B) LOS objects, 23% free, 52MB/68MB, paused 313us total 18.027ms
08-05 19:59:56.854  4844  4856 I art     : Starting a blocking GC Explicit
08-05 19:59:56.873  4844  4856 I art     : Explicit concurrent mark sweep GC freed 3(96B) AllocSpace objects, 0(0B) LOS objects, 23% free, 52MB/68MB, paused 287us total 17.980ms
08-05 19:59:56.881  4844  4856 I art     : Starting a blocking GC Explicit
08-05 19:59:56.899  4844  4856 I art     : Explicit concurrent mark sweep GC freed 3(96B) AllocSpace objects, 0(0B) LOS objects, 23% free, 52MB/68MB, paused 285us total 18.295ms
08-05 19:59:56.908  4844  4856 I art     : Starting a blocking GC Explicit
08-05 19:59:56.926  4844  4856 I art     : Explicit concurrent mark sweep GC freed 3(96B) AllocSpace objects, 0(0B) LOS objects, 23% free, 52MB/68MB, paused 321us total 18.587ms
08-05 19:59:57.223  4844  4879 I art     : Starting a blocking GC Explicit
08-05 19:59:57.247  4844  4879 I art     : Explicit concurrent mark sweep GC freed 1341(78KB) AllocSpace objects, 1(20KB) LOS objects, 23% free, 52MB/68MB, paused 333us total 23.151ms
08-05 19:59:57.258  4844  4879 I art     : Starting a blocking GC Explicit
08-05 19:59:57.277  4844  4879 I art     : Explicit concurrent mark sweep GC freed 20(704B) AllocSpace objects, 0(0B) LOS objects, 23% free, 52MB/68MB, paused 293us total 18.823ms
08-05 19:59:57.285  4844  4879 I art     : Starting a blocking GC Explicit
08-05 19:59:57.304  4844  4879 I art     : Explicit concurrent mark sweep GC freed 3(96B) AllocSpace objects, 0(0B) LOS objects, 23% free, 52MB/68MB, paused 305us total 18.608ms
08-05 19:59:57.312  4844  4879 I art     : Starting a blocking GC Explicit
08-05 19:59:57.331  4844  4879 I art     : Explicit concurrent mark sweep GC freed 3(96B) AllocSpace objects, 0(0B) LOS objects, 23% free, 52MB/68MB, paused 308us total 18.223ms
08-05 19:59:57.340  4844  4879 I art     : Starting a blocking GC Explicit
08-05 19:59:57.358  4844  4879 I art     : Explicit concurrent mark sweep GC freed 3(96B) AllocSpace objects, 0(0B) LOS objects, 23% free, 52MB/68MB, paused 306us total 18.068ms
08-05 19:59:57.665  4844  4855 I art     : Starting a blocking GC Explicit
08-05 19:59:57.691  4844  4855 I art     : Explicit concurrent mark sweep GC freed 1341(78KB) AllocSpace objects, 1(20KB) LOS objects, 23% free, 52MB/68MB, paused 321us total 26.089ms
08-05 19:59:57.704  4844  4855 I art     : Starting a blocking GC Explicit
08-05 19:59:57.725  4844  4855 I art     : Explicit concurrent mark sweep GC freed 20(704B) AllocSpace objects, 0(0B) LOS objects, 23% free, 52MB/68MB, paused 314us total 21.666ms
08-05 19:59:57.734  4844  4855 I art     : Starting a blocking GC Explicit
08-05 19:59:57.753  4844  4855 I art     : Explicit concurrent mark sweep GC freed 3(96B) AllocSpace objects, 0(0B) LOS objects, 23% free, 52MB/68MB, paused 294us total 18.692ms
08-05 19:59:57.762  4844  4855 I art     : Starting a blocking GC Explicit
08-05 19:59:57.781  4844  4855 I art     : Explicit concurrent mark sweep GC freed 3(96B) AllocSpace objects, 0(0B) LOS objects, 23% free, 52MB/68MB, paused 306us total 18.830ms
08-05 19:59:57.789  4844  4855 I art     : Starting a blocking GC Explicit
08-05 19:59:57.808  4844  4855 I art     : Explicit concurrent mark sweep GC freed 3(96B) AllocSpace objects, 0(0B) LOS objects, 23% free, 52MB/68MB, paused 362us total 18.627ms
08-05 19:59:58.107  4844  4856 I art     : Starting a blocking GC Explicit
08-05 19:59:58.135  4844  4856 I art     : Explicit concurrent mark sweep GC freed 1341(78KB) AllocSpace objects, 1(20KB) LOS objects, 23% free, 52MB/68MB, paused 345us total 27.325ms
08-05 19:59:58.147  4844  4856 I art     : Starting a blocking GC Explicit
08-05 19:59:58.168  4844  4856 I art     : Explicit concurrent mark sweep GC freed 20(704B) AllocSpace objects, 0(0B) LOS objects, 23% free, 52MB/68MB, paused 318us total 21.229ms
08-05 19:59:58.176  4844  4856 I art     : Starting a blocking GC Explicit
08-05 19:59:58.195  4844  4856 I art     : Explicit concurrent mark sweep GC freed 3(96B) AllocSpace objects, 0(0B) LOS objects, 23% free, 52MB/68MB, paused 314us total 18.326ms
08-05 19:59:58.204  4844  4856 I art     : Starting a blocking GC Explicit
08-05 19:59:58.222  4844  4856 I art     : Explicit concurrent mark sweep GC freed 3(96B) AllocSpace objects, 0(0B) LOS objects, 23% free, 52MB/68MB, paused 309us total 18.337ms
08-05 19:59:58.231  4844  4856 I art     : Starting a blocking GC Explicit
08-05 19:59:58.249  4844  4856 I art     : Explicit concurrent mark sweep GC freed 3(96B) AllocSpace objects, 0(0B) LOS objects, 23% free, 52MB/68MB, paused 307us total 18.435ms
08-05 19:59:58.556  4844  4879 I art     : Starting a blocking GC Explicit
08-05 19:59:58.583  4844  4879 I art     : Explicit concurrent mark sweep GC freed 1341(78KB) AllocSpace objects, 1(20KB) LOS objects, 23% free, 52MB/68MB, paused 371us total 26.525ms
08-05 19:59:58.592  4844  4879 I art     : Starting a blocking GC Explicit
08-05 19:59:58.611  4844  4879 I art     : Explicit concurrent mark sweep GC freed 20(704B) AllocSpace objects, 0(0B) LOS objects, 23% free, 52MB/68MB, paused 312us total 18.768ms
08-05 19:59:58.620  4844  4879 I art     : Starting a blocking GC Explicit
08-05 19:59:58.638  4844  4879 I art     : Explicit concurrent mark sweep GC freed 3(96B) AllocSpace objects, 0(0B) LOS objects, 23% free, 52MB/68MB, paused 300us total 17.703ms
08-05 19:59:58.646  4844  4879 I art     : Starting a blocking GC Explicit
08-05 19:59:58.664  4844  4879 I art     : Explicit concurrent mark sweep GC freed 3(96B) AllocSpace objects, 0(0B) LOS objects, 23% free, 52MB/68MB, paused 324us total 17.977ms
08-05 19:59:58.672  4844  4879 I art     : Starting a blocking GC Explicit
08-05 19:59:58.689  4844  4879 I art     : Explicit concurrent mark sweep GC freed 3(96B) AllocSpace objects, 0(0B) LOS objects, 23% free, 52MB/68MB, paused 309us total 16.990ms
08-05 19:59:58.984  4844  4855 I art     : Starting a blocking GC Explicit
08-05 19:59:59.003  4844  4855 I art     : Explicit concurrent mark sweep GC freed 1341(78KB) AllocSpace objects, 1(20KB) LOS objects, 23% free, 52MB/68MB, paused 318us total 18.681ms
08-05 19:59:59.011  4844  4855 I art     : Starting a blocking GC Explicit
08-05 19:59:59.030  4844  4855 I art     : Explicit concurrent mark sweep GC freed 20(704B) AllocSpace objects, 0(0B) LOS objects, 23% free, 52MB/68MB, paused 313us total 18.398ms
08-05 19:59:59.038  4844  4855 I art     : Starting a blocking GC Explicit
08-05 19:59:59.057  4844  4855 I art     : Explicit concurrent mark sweep GC freed 3(96B) AllocSpace objects, 0(0B) LOS objects, 23% free, 52MB/68MB, paused 325us total 18.769ms
08-05 19:59:59.061  5640  5640 D AndroidRuntime: >>>>>> START com.android.internal.os.RuntimeInit uid 2000 <<<<<<
08-05 19:59:59.066  4844  4855 I art     : Starting a blocking GC Explicit
08-05 19:59:59.067  5640  5640 D AndroidRuntime: CheckJNI is OFF
08-05 19:59:59.084  4844  4855 I art     : Explicit concurrent mark sweep GC freed 3(96B) AllocSpace objects, 0(0B) LOS objects, 23% free, 52MB/68MB, paused 315us total 17.894ms
08-05 19:59:59.091  4844  4855 I art     : Starting a blocking GC Explicit
08-05 19:59:59.103  5640  5640 D ICU     : No timezone override file found: /data/misc/zoneinfo/current/icu/icu_tzdata.dat
08-05 19:59:59.110  4844  4855 I art     : Explicit concurrent mark sweep GC freed 3(96B) AllocSpace objects, 0(0B) LOS objects, 23% free, 52MB/68MB, paused 311us total 17.961ms
08-05 19:59:59.139  5640  5640 I Radio-JNI: register_android_hardware_Radio DONE
08-05 19:59:59.160  5640  5640 D AndroidRuntime: Calling main entry com.android.commands.input.Input
08-05 19:59:59.162  5640  5640 I Input   : injectKeyEvent: KeyEvent { action=ACTION_DOWN, keyCode=KEYCODE_BACK, scanCode=0, metaState=0, flags=0x0, repeatCount=0, eventTime=820815575, downTime=820815575, deviceId=-1, source=0x101 }
08-05 19:59:59.170  5640  5640 I Input   : injectKeyEvent: KeyEvent { action=ACTION_UP, keyCode=KEYCODE_BACK, scanCode=0, metaState=0, flags=0x0, repeatCount=0, eventTime=820815575, downTime=820815575, deviceId=-1, source=0x101 }
08-05 19:59:59.176  5640  5640 D AndroidRuntime: Shutting down VM
08-05 19:59:59.215 13866 13866 I GoogleInputMethodServic: GoogleInputMethodService.onFinishInput():3138 
08-05 19:59:59.216 13866 13866 I GoogleInputMethodServic: GoogleInputMethodService.onStartInput():1808 
08-05 19:59:59.244  5668  5668 I art     : Late-enabling -Xcheck:jni
08-05 19:59:59.245   918   918 I ActivityManager: Start proc 5668:baseline.com.newsblur/u0a676 for service baseline.com.newsblur/.service.NBSyncService
08-05 19:59:59.260  5681  5681 I art     : Late-enabling -Xcheck:jni
08-05 19:59:59.262   918   918 I ActivityManager: Start proc 5681:nappatfpr.com.newsblur/u0a682 for service nappatfpr.com.newsblur/.service.NBSyncService
08-05 19:59:59.277  5668  5668 W System  : ClassLoader referenced unknown path: /data/app/baseline.com.newsblur-1/lib/arm64
08-05 19:59:59.305  5681  5681 W System  : ClassLoader referenced unknown path: /data/app/nappatfpr.com.newsblur-1/lib/arm64
08-05 19:59:59.337   918  4413 I ActivityManager: Killing 20114:com.google.android.youtube/u0a75 (adj 15): empty #17
08-05 19:59:59.354  4844  4855 I art     : Starting a blocking GC Explicit
08-05 19:59:59.371  4844  4855 I art     : Explicit concurrent mark sweep GC freed 1516(86KB) AllocSpace objects, 1(20KB) LOS objects, 23% free, 52MB/68MB, paused 271us total 16.921ms
08-05 19:59:59.379  4844  4855 I art     : Starting a blocking GC Explicit
08-05 19:59:59.395  4844  4855 I art     : Explicit concurrent mark sweep GC freed 26(944B) AllocSpace objects, 0(0B) LOS objects, 23% free, 52MB/68MB, paused 290us total 16.384ms
08-05 19:59:59.403  4844  4855 I art     : Starting a blocking GC Explicit
08-05 19:59:59.414   918  4400 D ConnectivityService: ConnectivityService NetworkRequestInfo binderDied(NetworkRequest [ id=3525, legacyType=-1, [ Capabilities: INTERNET&NOT_RESTRICTED&TRUSTED] ], android.os.BinderProxy@8ca890)
08-05 19:59:59.415   918  3263 D ConnectivityService: releasing NetworkRequest NetworkRequest [ id=3525, legacyType=-1, [ Capabilities: INTERNET&NOT_RESTRICTED&TRUSTED] ]
08-05 19:59:59.415   918  3263 E ConnectivityService: RemoteException caught trying to send a callback msg for NetworkRequest [ id=3525, legacyType=-1, [ Capabilities: INTERNET&NOT_RESTRICTED&TRUSTED] ]
08-05 19:59:59.421  4844  4855 I art     : Explicit concurrent mark sweep GC freed 3(96B) AllocSpace objects, 0(0B) LOS objects, 23% free, 52MB/68MB, paused 302us total 18.105ms
08-05 19:59:59.430  4844  4855 I art     : Starting a blocking GC Explicit
08-05 19:59:59.447  4844  4855 I art     : Explicit concurrent mark sweep GC freed 3(96B) AllocSpace objects, 0(0B) LOS objects, 23% free, 52MB/68MB, paused 307us total 17.544ms
08-05 19:59:59.455  4844  4855 I art     : Starting a blocking GC Explicit
08-05 19:59:59.475  4844  4855 I art     : Explicit concurrent mark sweep GC freed 3(96B) AllocSpace objects, 0(0B) LOS objects, 23% free, 52MB/68MB, paused 275us total 19.878ms
08-05 19:59:59.524   380   380 W SurfaceFlinger: couldn't log to binary event log: overflow.
08-05 19:59:59.726  4844  4856 I art     : Starting a blocking GC Explicit
08-05 19:59:59.746  4844  4856 I art     : Explicit concurrent mark sweep GC freed 1450(87KB) AllocSpace objects, 1(20KB) LOS objects, 23% free, 52MB/68MB, paused 320us total 19.399ms
08-05 19:59:59.754  4844  4856 I art     : Starting a blocking GC Explicit
08-05 19:59:59.773  4844  4856 I art     : Explicit concurrent mark sweep GC freed 1672(107KB) AllocSpace objects, 3(400KB) LOS objects, 23% free, 51MB/67MB, paused 301us total 18.294ms
08-05 19:59:59.781  4844  4856 I art     : Starting a blocking GC Explicit
08-05 19:59:59.799  4844  4856 I art     : Explicit concurrent mark sweep GC freed 3(96B) AllocSpace objects, 0(0B) LOS objects, 23% free, 51MB/67MB, paused 304us total 17.767ms
08-05 19:59:59.807  4844  4856 I art     : Starting a blocking GC Explicit
08-05 19:59:59.825  4844  4856 I art     : Explicit concurrent mark sweep GC freed 3(96B) AllocSpace objects, 0(0B) LOS objects, 23% free, 51MB/67MB, paused 320us total 17.995ms
08-05 19:59:59.834  4844  4856 I art     : Starting a blocking GC Explicit
08-05 19:59:59.852  4844  4856 I art     : Explicit concurrent mark sweep GC freed 3(96B) AllocSpace objects, 0(0B) LOS objects, 23% free, 51MB/67MB, paused 321us total 17.592ms
08-05 20:00:00.140  4844  4855 I art     : Starting a blocking GC Explicit
08-05 20:00:00.159  4844  4855 I art     : Explicit concurrent mark sweep GC freed 1341(78KB) AllocSpace objects, 1(20KB) LOS objects, 23% free, 51MB/67MB, paused 312us total 19.154ms
08-05 20:00:00.169  4844  4855 I art     : Starting a blocking GC Explicit
08-05 20:00:00.187  4844  4855 I art     : Explicit concurrent mark sweep GC freed 20(704B) AllocSpace objects, 0(0B) LOS objects, 23% free, 51MB/67MB, paused 340us total 17.490ms
08-05 20:00:00.196  4844  4855 I art     : Starting a blocking GC Explicit
08-05 20:00:00.213  4844  4855 I art     : Explicit concurrent mark sweep GC freed 3(96B) AllocSpace objects, 0(0B) LOS objects, 23% free, 51MB/67MB, paused 294us total 17.470ms
08-05 20:00:00.222  4844  4855 I art     : Starting a blocking GC Explicit
08-05 20:00:00.239  4844  4855 I art     : Explicit concurrent mark sweep GC freed 3(96B) AllocSpace objects, 0(0B) LOS objects, 23% free, 51MB/67MB, paused 316us total 17.648ms
08-05 20:00:00.248  4844  4855 I art     : Starting a blocking GC Explicit
08-05 20:00:00.266  4844  4855 I art     : Explicit concurrent mark sweep GC freed 3(96B) AllocSpace objects, 0(0B) LOS objects, 23% free, 51MB/67MB, paused 302us total 18.131ms
08-05 20:00:00.532  4844  4879 I art     : Starting a blocking GC Explicit
08-05 20:00:00.551  4844  4879 I art     : Explicit concurrent mark sweep GC freed 1340(78KB) AllocSpace objects, 1(20KB) LOS objects, 23% free, 51MB/67MB, paused 320us total 18.163ms
08-05 20:00:00.559  4844  4879 I art     : Starting a blocking GC Explicit
08-05 20:00:00.577  4844  4879 I art     : Explicit concurrent mark sweep GC freed 20(704B) AllocSpace objects, 0(0B) LOS objects, 23% free, 51MB/67MB, paused 318us total 18.122ms
08-05 20:00:00.586  4844  4879 I art     : Starting a blocking GC Explicit
08-05 20:00:00.603  4844  4879 I art     : Explicit concurrent mark sweep GC freed 3(96B) AllocSpace objects, 0(0B) LOS objects, 23% free, 51MB/67MB, paused 330us total 17.019ms
08-05 20:00:00.611  4844  4879 I art     : Starting a blocking GC Explicit
08-05 20:00:00.628  4844  4879 I art     : Explicit concurrent mark sweep GC freed 3(96B) AllocSpace objects, 0(0B) LOS objects, 23% free, 51MB/67MB, paused 307us total 16.828ms
08-05 20:00:00.636  4844  4879 I art     : Starting a blocking GC Explicit
08-05 20:00:00.653  4844  4879 I art     : Explicit concurrent mark sweep GC freed 3(96B) AllocSpace objects, 0(0B) LOS objects, 23% free, 51MB/67MB, paused 328us total 16.949ms
08-05 20:00:00.842  5731  5731 D AndroidRuntime: >>>>>> START com.android.internal.os.RuntimeInit uid 2000 <<<<<<
08-05 20:00:00.847  5731  5731 D AndroidRuntime: CheckJNI is OFF
08-05 20:00:00.882  5731  5731 D ICU     : No timezone override file found: /data/misc/zoneinfo/current/icu/icu_tzdata.dat
08-05 20:00:00.914  4844  4856 I art     : Starting a blocking GC Explicit
08-05 20:00:00.914  5731  5731 I Radio-JNI: register_android_hardware_Radio DONE
08-05 20:00:00.932  4844  4856 I art     : Explicit concurrent mark sweep GC freed 1340(78KB) AllocSpace objects, 1(20KB) LOS objects, 23% free, 51MB/67MB, paused 320us total 18.018ms
08-05 20:00:00.937  5731  5731 D AndroidRuntime: Calling main entry com.android.commands.input.Input
08-05 20:00:00.939  5731  5731 I Input   : injectMotionEvent: MotionEvent { action=ACTION_DOWN, actionButton=0, id[0]=0, x[0]=733.0, y[0]=1370.0, toolType[0]=TOOL_TYPE_UNKNOWN, buttonState=0, metaState=0, flags=0x0, edgeFlags=0x0, pointerCount=1, historySize=0, eventTime=820817352, downTime=820817352, deviceId=0, source=0x1002 }
08-05 20:00:00.940  4844  4856 I art     : Starting a blocking GC Explicit
08-05 20:00:00.944  5731  5731 I Input   : injectMotionEvent: MotionEvent { action=ACTION_UP, actionButton=0, id[0]=0, x[0]=733.0, y[0]=1370.0, toolType[0]=TOOL_TYPE_UNKNOWN, buttonState=0, metaState=0, flags=0x0, edgeFlags=0x0, pointerCount=1, historySize=0, eventTime=820817352, downTime=820817352, deviceId=0, source=0x1002 }
08-05 20:00:00.946   918  4400 I ActivityManager: START u0 {cmp=baseline.appteam.nith.hillffair/.activities.ClubActivity (has extras)} from uid 10675 on display 0
08-05 20:00:00.952  5731  5731 D AndroidRuntime: Shutting down VM
08-05 20:00:00.957  4844  4856 I art     : Explicit concurrent mark sweep GC freed 45(1504B) AllocSpace objects, 0(0B) LOS objects, 23% free, 51MB/67MB, paused 521us total 16.750ms
08-05 20:00:00.964  4844  4856 I art     : Starting a blocking GC Explicit
08-05 20:00:00.982  4844  4856 I art     : Explicit concurrent mark sweep GC freed 955(65KB) AllocSpace objects, 0(0B) LOS objects, 23% free, 52MB/68MB, paused 479us total 17.033ms
08-05 20:00:00.990  4844  4856 I art     : Starting a blocking GC Explicit
08-05 20:00:01.010  4844  4856 I art     : Explicit concurrent mark sweep GC freed 2515(138KB) AllocSpace objects, 0(0B) LOS objects, 23% free, 52MB/68MB, paused 361us total 20.067ms
08-05 20:00:01.018  4844  4856 I art     : Starting a blocking GC Explicit
08-05 20:00:01.036  4844  4856 I art     : Explicit concurrent mark sweep GC freed 134(5KB) AllocSpace objects, 0(0B) LOS objects, 23% free, 52MB/68MB, paused 587us total 17.387ms
08-05 20:00:01.052   918   936 I ActivityManager: Displayed baseline.appteam.nith.hillffair/.activities.ClubActivity: +99ms
08-05 20:00:01.053 13866 13866 I GoogleInputMethodServic: GoogleInputMethodService.onFinishInput():3138 
08-05 20:00:01.054 13866 13866 I GoogleInputMethodServic: GoogleInputMethodService.onStartInput():1808 
08-05 20:00:01.309  4844  4856 I art     : Starting a blocking GC Explicit
08-05 20:00:01.321   380   380 W SurfaceFlinger: couldn't log to binary event log: overflow.
08-05 20:00:01.336  4844  4856 I art     : Explicit concurrent mark sweep GC freed 1535(88KB) AllocSpace objects, 1(20KB) LOS objects, 23% free, 52MB/68MB, paused 398us total 26.814ms
08-05 20:00:01.345  4844  4856 I art     : Starting a blocking GC Explicit
08-05 20:00:01.362  4844  4856 I art     : Explicit concurrent mark sweep GC freed 34(1168B) AllocSpace objects, 0(0B) LOS objects, 23% free, 52MB/68MB, paused 323us total 16.504ms
08-05 20:00:01.370  4844  4856 I art     : Starting a blocking GC Explicit
08-05 20:00:01.386  4844  4856 I art     : Explicit concurrent mark sweep GC freed 3(96B) AllocSpace objects, 0(0B) LOS objects, 23% free, 52MB/68MB, paused 323us total 16.261ms
08-05 20:00:01.394  4844  4856 I art     : Starting a blocking GC Explicit
08-05 20:00:01.411  4844  4856 I art     : Explicit concurrent mark sweep GC freed 3(96B) AllocSpace objects, 0(0B) LOS objects, 23% free, 52MB/68MB, paused 796us total 16.758ms
08-05 20:00:01.419  4844  4856 I art     : Starting a blocking GC Explicit
08-05 20:00:01.437  4844  4856 I art     : Explicit concurrent mark sweep GC freed 3(96B) AllocSpace objects, 0(0B) LOS objects, 23% free, 52MB/68MB, paused 334us total 17.394ms
08-05 20:00:01.437  4844  4854 I art     : WaitForGcToComplete blocked for 17.604ms for cause HeapTrim
08-05 20:00:01.705  4844  5773 I art     : Starting a blocking GC Explicit
08-05 20:00:01.724  4844  5773 I art     : Explicit concurrent mark sweep GC freed 1489(85KB) AllocSpace objects, 1(20KB) LOS objects, 23% free, 52MB/68MB, paused 359us total 18.970ms
08-05 20:00:01.732  4844  5773 I art     : Starting a blocking GC Explicit
08-05 20:00:01.751  4844  5773 I art     : Explicit concurrent mark sweep GC freed 60(2048B) AllocSpace objects, 0(0B) LOS objects, 23% free, 52MB/68MB, paused 381us total 18.731ms
08-05 20:00:01.760  4844  5773 I art     : Starting a blocking GC Explicit
08-05 20:00:01.778  4844  5773 I art     : Explicit concurrent mark sweep GC freed 553(50KB) AllocSpace objects, 0(0B) LOS objects, 23% free, 52MB/68MB, paused 436us total 17.308ms
08-05 20:00:01.785  4844  5773 I art     : Starting a blocking GC Explicit
08-05 20:00:01.803  4844  5773 I art     : Explicit concurrent mark sweep GC freed 1998(79KB) AllocSpace objects, 2(120KB) LOS objects, 23% free, 52MB/68MB, paused 385us total 17.982ms
08-05 20:00:01.808  4844  5762 D OkHttp  : --> GET https://api-hillfair-2k16.herokuapp.com/api/app/events/special/event?id=580655cddcba0f490c70fdd0 http/1.1
08-05 20:00:01.811  4844  5773 I art     : Starting a blocking GC Explicit
08-05 20:00:01.829  4844  5773 I art     : Explicit concurrent mark sweep GC freed 996(119KB) AllocSpace objects, 1(80KB) LOS objects, 23% free, 52MB/68MB, paused 453us total 17.929ms
08-05 20:00:01.848  4844  5762 D OkHttp  : <-- 200 OK https://api-hillfair-2k16.herokuapp.com/api/app/events/special/event?id=580655cddcba0f490c70fdd0 (39ms, 721-byte body)
08-05 20:00:01.895  4844  4844 I NAPPA_EXPERIMENTATION: MetricNetworkRequestExecutionTime: REQUEST_DURATION_SYSTEM='911',REQUEST_DURATION_OKHTTP='39',REQUEST_SYNCHRONOUS='FALSE',RESPONSE_CODE='200',RESPONSE_METHOD='GET',RESPONSE_LENGTH_OKHTTP='721',RESPONSE_LENGTH_HEADER='721',REQUEST_PROTOCOL='http/1.1',REQUEST_URL='https://api-hillfair-2k16.herokuapp.com/api/app/events/special/event?id=580655cddcba0f490c70fdd0',
08-05 20:00:02.106  4844  4855 I art     : Starting a blocking GC Explicit
08-05 20:00:02.126  4844  4855 I art     : Explicit concurrent mark sweep GC freed 2179(203KB) AllocSpace objects, 1(20KB) LOS objects, 23% free, 52MB/68MB, paused 340us total 19.922ms
08-05 20:00:02.136  4844  4855 I art     : Starting a blocking GC Explicit
08-05 20:00:02.155  4844  4855 I art     : Explicit concurrent mark sweep GC freed 96(3KB) AllocSpace objects, 0(0B) LOS objects, 23% free, 52MB/68MB, paused 328us total 18.241ms
08-05 20:00:02.163  4844  4855 I art     : Starting a blocking GC Explicit
08-05 20:00:02.181  4844  4855 I art     : Explicit concurrent mark sweep GC freed 3(96B) AllocSpace objects, 0(0B) LOS objects, 23% free, 52MB/68MB, paused 307us total 18.442ms
08-05 20:00:02.190  4844  4855 I art     : Starting a blocking GC Explicit
08-05 20:00:02.209  4844  4855 I art     : Explicit concurrent mark sweep GC freed 3(96B) AllocSpace objects, 0(0B) LOS objects, 23% free, 52MB/68MB, paused 338us total 18.756ms
08-05 20:00:02.218  4844  4855 I art     : Starting a blocking GC Explicit
08-05 20:00:02.235  4844  4855 I art     : Explicit concurrent mark sweep GC freed 3(96B) AllocSpace objects, 0(0B) LOS objects, 23% free, 52MB/68MB, paused 320us total 16.937ms
08-05 20:00:02.529  4844  4856 I art     : Starting a blocking GC Explicit
08-05 20:00:02.552  4844  4856 I art     : Explicit concurrent mark sweep GC freed 1341(78KB) AllocSpace objects, 1(20KB) LOS objects, 23% free, 52MB/68MB, paused 332us total 22.800ms
08-05 20:00:02.561  4844  4856 I art     : Starting a blocking GC Explicit
08-05 20:00:02.580  4844  4856 I art     : Explicit concurrent mark sweep GC freed 36(1264B) AllocSpace objects, 0(0B) LOS objects, 23% free, 52MB/68MB, paused 331us total 19.014ms
08-05 20:00:02.589  4844  4856 I art     : Starting a blocking GC Explicit
08-05 20:00:02.608  4844  4856 I art     : Explicit concurrent mark sweep GC freed 3(96B) AllocSpace objects, 0(0B) LOS objects, 23% free, 52MB/68MB, paused 329us total 19.280ms
08-05 20:00:02.617  4844  4856 I art     : Starting a blocking GC Explicit
08-05 20:00:02.637  4844  4856 I art     : Explicit concurrent mark sweep GC freed 3(96B) AllocSpace objects, 0(0B) LOS objects, 23% free, 52MB/68MB, paused 490us total 19.815ms
08-05 20:00:02.645  4844  4856 I art     : Starting a blocking GC Explicit
08-05 20:00:02.665  4844  4856 I art     : Explicit concurrent mark sweep GC freed 3(96B) AllocSpace objects, 0(0B) LOS objects, 23% free, 52MB/68MB, paused 329us total 19.013ms
08-05 20:00:02.992  4844  4879 I art     : Starting a blocking GC Explicit
08-05 20:00:03.015  4844  4879 I art     : Explicit concurrent mark sweep GC freed 1341(78KB) AllocSpace objects, 1(20KB) LOS objects, 23% free, 52MB/68MB, paused 359us total 23.193ms
08-05 20:00:03.026  4844  4879 I art     : Starting a blocking GC Explicit
08-05 20:00:03.045  4844  4879 I art     : Explicit concurrent mark sweep GC freed 20(704B) AllocSpace objects, 0(0B) LOS objects, 23% free, 52MB/68MB, paused 335us total 19.445ms
08-05 20:00:03.054  4844  4879 I art     : Starting a blocking GC Explicit
08-05 20:00:03.074  4844  4879 I art     : Explicit concurrent mark sweep GC freed 3(96B) AllocSpace objects, 0(0B) LOS objects, 23% free, 52MB/68MB, paused 330us total 19.189ms
08-05 20:00:03.082  4844  4879 I art     : Starting a blocking GC Explicit
08-05 20:00:03.101  4844  4879 I art     : Explicit concurrent mark sweep GC freed 3(96B) AllocSpace objects, 0(0B) LOS objects, 23% free, 52MB/68MB, paused 343us total 19.253ms
08-05 20:00:03.110  4844  4879 I art     : Starting a blocking GC Explicit
08-05 20:00:03.129  4844  4879 I art     : Explicit concurrent mark sweep GC freed 3(96B) AllocSpace objects, 0(0B) LOS objects, 23% free, 52MB/68MB, paused 328us total 18.948ms
08-05 20:00:03.446  4844  5773 I art     : Starting a blocking GC Explicit
08-05 20:00:03.468  4844  5773 I art     : Explicit concurrent mark sweep GC freed 1341(78KB) AllocSpace objects, 1(20KB) LOS objects, 23% free, 52MB/68MB, paused 376us total 21.842ms
08-05 20:00:03.480  4844  5773 I art     : Starting a blocking GC Explicit
08-05 20:00:03.502  4844  5773 I art     : Explicit concurrent mark sweep GC freed 20(704B) AllocSpace objects, 0(0B) LOS objects, 23% free, 52MB/68MB, paused 342us total 21.714ms
08-05 20:00:03.510  4844  5773 I art     : Starting a blocking GC Explicit
08-05 20:00:03.530  4844  5773 I art     : Explicit concurrent mark sweep GC freed 3(96B) AllocSpace objects, 0(0B) LOS objects, 23% free, 52MB/68MB, paused 331us total 19.129ms
08-05 20:00:03.538  4844  5773 I art     : Starting a blocking GC Explicit
08-05 20:00:03.557  4844  5773 I art     : Explicit concurrent mark sweep GC freed 3(96B) AllocSpace objects, 0(0B) LOS objects, 23% free, 52MB/68MB, paused 316us total 18.762ms
08-05 20:00:03.566  4844  5773 I art     : Starting a blocking GC Explicit
08-05 20:00:03.585  4844  5773 I art     : Explicit concurrent mark sweep GC freed 3(96B) AllocSpace objects, 0(0B) LOS objects, 23% free, 52MB/68MB, paused 335us total 19.027ms
08-05 20:00:03.894  4844  4855 I art     : Starting a blocking GC Explicit
08-05 20:00:03.918  4844  4855 I art     : Explicit concurrent mark sweep GC freed 1341(78KB) AllocSpace objects, 1(20KB) LOS objects, 23% free, 52MB/68MB, paused 365us total 22.883ms
08-05 20:00:03.926  4844  4855 I art     : Starting a blocking GC Explicit
08-05 20:00:03.946  4844  4855 I art     : Explicit concurrent mark sweep GC freed 20(704B) AllocSpace objects, 0(0B) LOS objects, 23% free, 52MB/68MB, paused 352us total 19.475ms
08-05 20:00:03.955  4844  4855 I art     : Starting a blocking GC Explicit
08-05 20:00:03.973  4844  4855 I art     : Explicit concurrent mark sweep GC freed 3(96B) AllocSpace objects, 0(0B) LOS objects, 23% free, 52MB/68MB, paused 333us total 18.417ms
08-05 20:00:03.982  4844  4855 I art     : Starting a blocking GC Explicit
08-05 20:00:04.001  4844  4855 I art     : Explicit concurrent mark sweep GC freed 3(96B) AllocSpace objects, 0(0B) LOS objects, 23% free, 52MB/68MB, paused 337us total 19.063ms
08-05 20:00:04.009  4844  4855 I art     : Starting a blocking GC Explicit
08-05 20:00:04.029  4844  4855 I art     : Explicit concurrent mark sweep GC freed 3(96B) AllocSpace objects, 0(0B) LOS objects, 23% free, 52MB/68MB, paused 325us total 19.068ms
08-05 20:00:04.217 13866 13882 I PeriodicStatsRunner: PeriodicStatsRunner.call():175 call()
08-05 20:00:04.217 13866 13882 I PeriodicStatsRunner: PeriodicStatsRunner.call():179 No submit PeriodicStats since input started.
08-05 20:00:04.345  4844  4856 I art     : Starting a blocking GC Explicit
08-05 20:00:04.365  4844  4856 I art     : Explicit concurrent mark sweep GC freed 1341(78KB) AllocSpace objects, 1(20KB) LOS objects, 23% free, 52MB/68MB, paused 334us total 19.869ms
08-05 20:00:04.373  4844  4856 I art     : Starting a blocking GC Explicit
08-05 20:00:04.393  4844  4856 I art     : Explicit concurrent mark sweep GC freed 20(704B) AllocSpace objects, 0(0B) LOS objects, 23% free, 52MB/68MB, paused 306us total 19.325ms
08-05 20:00:04.401  4844  4856 I art     : Starting a blocking GC Explicit
08-05 20:00:04.421  4844  4856 I art     : Explicit concurrent mark sweep GC freed 3(96B) AllocSpace objects, 0(0B) LOS objects, 23% free, 52MB/68MB, paused 328us total 19.102ms
08-05 20:00:04.429  4844  4856 I art     : Starting a blocking GC Explicit
08-05 20:00:04.448  4844  4856 I art     : Explicit concurrent mark sweep GC freed 3(96B) AllocSpace objects, 0(0B) LOS objects, 23% free, 52MB/68MB, paused 326us total 18.571ms
08-05 20:00:04.456  4844  4856 I art     : Starting a blocking GC Explicit
08-05 20:00:04.475  4844  4856 I art     : Explicit concurrent mark sweep GC freed 3(96B) AllocSpace objects, 0(0B) LOS objects, 23% free, 52MB/68MB, paused 327us total 18.659ms
08-05 20:00:04.796  4844  4879 I art     : Starting a blocking GC Explicit
08-05 20:00:04.819  4844  4879 I art     : Explicit concurrent mark sweep GC freed 1341(78KB) AllocSpace objects, 1(20KB) LOS objects, 23% free, 52MB/68MB, paused 358us total 23.535ms
08-05 20:00:04.831  4844  4879 I art     : Starting a blocking GC Explicit
08-05 20:00:04.852  4844  4879 I art     : Explicit concurrent mark sweep GC freed 20(704B) AllocSpace objects, 0(0B) LOS objects, 23% free, 52MB/68MB, paused 331us total 20.825ms
08-05 20:00:04.860  4844  4879 I art     : Starting a blocking GC Explicit
08-05 20:00:04.880  4844  4879 I art     : Explicit concurrent mark sweep GC freed 3(96B) AllocSpace objects, 0(0B) LOS objects, 23% free, 52MB/68MB, paused 329us total 19.177ms
08-05 20:00:04.888  4844  4879 I art     : Starting a blocking GC Explicit
08-05 20:00:04.907  4844  4879 I art     : Explicit concurrent mark sweep GC freed 3(96B) AllocSpace objects, 0(0B) LOS objects, 23% free, 52MB/68MB, paused 342us total 18.807ms
08-05 20:00:04.916  4844  4879 I art     : Starting a blocking GC Explicit
08-05 20:00:04.935  4844  4879 I art     : Explicit concurrent mark sweep GC freed 3(96B) AllocSpace objects, 0(0B) LOS objects, 23% free, 52MB/68MB, paused 328us total 19.131ms
08-05 20:00:05.244  4844  5773 I art     : Starting a blocking GC Explicit
08-05 20:00:05.263  4844  5773 I art     : Explicit concurrent mark sweep GC freed 1341(78KB) AllocSpace objects, 1(20KB) LOS objects, 23% free, 52MB/68MB, paused 358us total 19.521ms
08-05 20:00:05.272  4844  5773 I art     : Starting a blocking GC Explicit
08-05 20:00:05.291  4844  5773 I art     : Explicit concurrent mark sweep GC freed 20(704B) AllocSpace objects, 0(0B) LOS objects, 23% free, 52MB/68MB, paused 355us total 19.049ms
08-05 20:00:05.300  4844  5773 I art     : Starting a blocking GC Explicit
08-05 20:00:05.319  4844  5773 I art     : Explicit concurrent mark sweep GC freed 3(96B) AllocSpace objects, 0(0B) LOS objects, 23% free, 52MB/68MB, paused 341us total 18.770ms
08-05 20:00:05.327  4844  5773 I art     : Starting a blocking GC Explicit
08-05 20:00:05.345  4844  5773 I art     : Explicit concurrent mark sweep GC freed 3(96B) AllocSpace objects, 0(0B) LOS objects, 23% free, 52MB/68MB, paused 368us total 18.265ms
08-05 20:00:05.353  4844  5773 I art     : Starting a blocking GC Explicit
08-05 20:00:05.371  4844  5773 I art     : Explicit concurrent mark sweep GC freed 3(96B) AllocSpace objects, 0(0B) LOS objects, 23% free, 52MB/68MB, paused 323us total 17.883ms
08-05 20:00:05.463  2695  2695 I ServiceManager: Waiting for service AtCmdFwd...
08-05 20:00:05.614  5865  5865 D AndroidRuntime: >>>>>> START com.android.internal.os.RuntimeInit uid 2000 <<<<<<
08-05 20:00:05.620  5865  5865 D AndroidRuntime: CheckJNI is OFF
08-05 20:00:05.653  5865  5865 D ICU     : No timezone override file found: /data/misc/zoneinfo/current/icu/icu_tzdata.dat
08-05 20:00:05.687  5865  5865 I Radio-JNI: register_android_hardware_Radio DONE
08-05 20:00:05.693  4844  4855 I art     : Starting a blocking GC Explicit
08-05 20:00:05.710  5865  5865 D AndroidRuntime: Calling main entry com.android.commands.input.Input
08-05 20:00:05.711  5865  5865 I Input   : injectKeyEvent: KeyEvent { action=ACTION_DOWN, keyCode=KEYCODE_BACK, scanCode=0, metaState=0, flags=0x0, repeatCount=0, eventTime=820822124, downTime=820822124, deviceId=-1, source=0x101 }
08-05 20:00:05.713  4844  4855 I art     : Explicit concurrent mark sweep GC freed 1341(78KB) AllocSpace objects, 1(20KB) LOS objects, 23% free, 52MB/68MB, paused 372us total 19.706ms
08-05 20:00:05.716  5865  5865 I Input   : injectKeyEvent: KeyEvent { action=ACTION_UP, keyCode=KEYCODE_BACK, scanCode=0, metaState=0, flags=0x0, repeatCount=0, eventTime=820822124, downTime=820822124, deviceId=-1, source=0x101 }
08-05 20:00:05.722  4844  4855 I art     : Starting a blocking GC Explicit
08-05 20:00:05.722  5865  5865 D AndroidRuntime: Shutting down VM
08-05 20:00:05.741  4844  4855 I art     : Explicit concurrent mark sweep GC freed 160(6KB) AllocSpace objects, 0(0B) LOS objects, 23% free, 52MB/68MB, paused 359us total 18.842ms
08-05 20:00:05.748  4844  4855 I art     : Starting a blocking GC Explicit
08-05 20:00:05.755 13866 13866 I GoogleInputMethodServic: GoogleInputMethodService.onFinishInput():3138 
08-05 20:00:05.756 13866 13866 I GoogleInputMethodServic: GoogleInputMethodService.onStartInput():1808 
08-05 20:00:05.765  4844  4855 I art     : Explicit concurrent mark sweep GC freed 25(976B) AllocSpace objects, 0(0B) LOS objects, 23% free, 52MB/68MB, paused 308us total 16.113ms
08-05 20:00:05.772  4844  4855 I art     : Starting a blocking GC Explicit
08-05 20:00:05.790  4844  4855 I art     : Explicit concurrent mark sweep GC freed 13(432B) AllocSpace objects, 0(0B) LOS objects, 23% free, 52MB/68MB, paused 321us total 17.474ms
08-05 20:00:05.798  4844  4855 I art     : Starting a blocking GC Explicit
08-05 20:00:05.814  4844  4855 I art     : Explicit concurrent mark sweep GC freed 6(224B) AllocSpace objects, 0(0B) LOS objects, 23% free, 52MB/68MB, paused 303us total 15.789ms
08-05 20:00:06.054 13866 13882 I PeriodicStatsRunner: PeriodicStatsRunner.call():175 call()
08-05 20:00:06.054 13866 13882 I PeriodicStatsRunner: PeriodicStatsRunner.call():179 No submit PeriodicStats since input started.
08-05 20:00:06.064   380   380 W SurfaceFlinger: couldn't log to binary event log: overflow.
08-05 20:00:06.066  4844  4856 I art     : Starting a blocking GC Explicit
08-05 20:00:06.085  4844  4856 I art     : Explicit concurrent mark sweep GC freed 1447(86KB) AllocSpace objects, 1(20KB) LOS objects, 23% free, 52MB/68MB, paused 329us total 19.338ms
08-05 20:00:06.093  4844  4856 I art     : Starting a blocking GC Explicit
08-05 20:00:06.110  4844  4856 I art     : Explicit concurrent mark sweep GC freed 133(6KB) AllocSpace objects, 0(0B) LOS objects, 23% free, 52MB/68MB, paused 329us total 17.385ms
08-05 20:00:06.118  4844  4856 I art     : Starting a blocking GC Explicit
08-05 20:00:06.136  4844  4856 I art     : Explicit concurrent mark sweep GC freed 1545(100KB) AllocSpace objects, 3(400KB) LOS objects, 23% free, 51MB/67MB, paused 319us total 17.713ms
08-05 20:00:06.144  4844  4856 I art     : Starting a blocking GC Explicit
08-05 20:00:06.162  4844  4856 I art     : Explicit concurrent mark sweep GC freed 3(96B) AllocSpace objects, 0(0B) LOS objects, 23% free, 51MB/67MB, paused 330us total 17.733ms
08-05 20:00:06.170  4844  4856 I art     : Starting a blocking GC Explicit
08-05 20:00:06.188  4844  4856 I art     : Explicit concurrent mark sweep GC freed 3(96B) AllocSpace objects, 0(0B) LOS objects, 23% free, 51MB/67MB, paused 319us total 18.070ms
08-05 20:00:06.464  2695  2695 I ServiceManager: Waiting for service AtCmdFwd...
08-05 20:00:06.469  4844  4879 I art     : Starting a blocking GC Explicit
08-05 20:00:06.497  4844  4879 I art     : Explicit concurrent mark sweep GC freed 1341(78KB) AllocSpace objects, 1(20KB) LOS objects, 23% free, 51MB/67MB, paused 398us total 27.931ms
08-05 20:00:06.510  4844  4879 I art     : Starting a blocking GC Explicit
08-05 20:00:06.533  4844  4879 I art     : Explicit concurrent mark sweep GC freed 20(704B) AllocSpace objects, 0(0B) LOS objects, 23% free, 51MB/67MB, paused 336us total 22.585ms
08-05 20:00:06.541  4844  4879 I art     : Starting a blocking GC Explicit
08-05 20:00:06.560  4844  4879 I art     : Explicit concurrent mark sweep GC freed 3(96B) AllocSpace objects, 0(0B) LOS objects, 23% free, 51MB/67MB, paused 331us total 18.609ms
08-05 20:00:06.569  4844  4879 I art     : Starting a blocking GC Explicit
08-05 20:00:06.587  4844  4879 I art     : Explicit concurrent mark sweep GC freed 3(96B) AllocSpace objects, 0(0B) LOS objects, 23% free, 51MB/67MB, paused 355us total 18.349ms
08-05 20:00:06.596  4844  4879 I art     : Starting a blocking GC Explicit
08-05 20:00:06.614  4844  4879 I art     : Explicit concurrent mark sweep GC freed 3(96B) AllocSpace objects, 0(0B) LOS objects, 23% free, 51MB/67MB, paused 321us total 18.416ms
08-05 20:00:06.905  4844  5773 I art     : Starting a blocking GC Explicit
08-05 20:00:06.928  4844  5773 I art     : Explicit concurrent mark sweep GC freed 1340(78KB) AllocSpace objects, 1(20KB) LOS objects, 23% free, 51MB/67MB, paused 365us total 22.861ms
08-05 20:00:06.940  4844  5773 I art     : Starting a blocking GC Explicit
08-05 20:00:06.962  4844  5773 I art     : Explicit concurrent mark sweep GC freed 20(704B) AllocSpace objects, 0(0B) LOS objects, 23% free, 51MB/67MB, paused 321us total 22.164ms
08-05 20:00:06.971  4844  5773 I art     : Starting a blocking GC Explicit
08-05 20:00:06.989  4844  5773 I art     : Explicit concurrent mark sweep GC freed 3(96B) AllocSpace objects, 0(0B) LOS objects, 23% free, 51MB/67MB, paused 334us total 17.928ms
08-05 20:00:06.998  4844  5773 I art     : Starting a blocking GC Explicit
08-05 20:00:07.014  4844  5773 I art     : Explicit concurrent mark sweep GC freed 3(96B) AllocSpace objects, 0(0B) LOS objects, 23% free, 51MB/67MB, paused 327us total 16.374ms
08-05 20:00:07.022  4844  5773 I art     : Starting a blocking GC Explicit
08-05 20:00:07.039  4844  5773 I art     : Explicit concurrent mark sweep GC freed 3(96B) AllocSpace objects, 0(0B) LOS objects, 23% free, 51MB/67MB, paused 327us total 16.998ms
08-05 20:00:07.302  4844  4855 I art     : Starting a blocking GC Explicit
08-05 20:00:07.320  4844  4855 I art     : Explicit concurrent mark sweep GC freed 1340(78KB) AllocSpace objects, 1(20KB) LOS objects, 23% free, 51MB/67MB, paused 345us total 18.615ms
08-05 20:00:07.329  4844  4855 I art     : Starting a blocking GC Explicit
08-05 20:00:07.347  4844  4855 I art     : Explicit concurrent mark sweep GC freed 20(704B) AllocSpace objects, 0(0B) LOS objects, 23% free, 51MB/67MB, paused 376us total 17.814ms
08-05 20:00:07.355  4844  4855 I art     : Starting a blocking GC Explicit
08-05 20:00:07.373  4844  4855 I art     : Explicit concurrent mark sweep GC freed 3(96B) AllocSpace objects, 0(0B) LOS objects, 23% free, 51MB/67MB, paused 341us total 18.285ms
08-05 20:00:07.378  5919  5919 D AndroidRuntime: >>>>>> START com.android.internal.os.RuntimeInit uid 2000 <<<<<<
08-05 20:00:07.381  4844  4855 I art     : Starting a blocking GC Explicit
08-05 20:00:07.383  5919  5919 D AndroidRuntime: CheckJNI is OFF
08-05 20:00:07.399  4844  4855 I art     : Explicit concurrent mark sweep GC freed 3(96B) AllocSpace objects, 0(0B) LOS objects, 23% free, 51MB/67MB, paused 331us total 17.739ms
08-05 20:00:07.408  4844  4855 I art     : Starting a blocking GC Explicit
08-05 20:00:07.420  5919  5919 D ICU     : No timezone override file found: /data/misc/zoneinfo/current/icu/icu_tzdata.dat
08-05 20:00:07.426  4844  4855 I art     : Explicit concurrent mark sweep GC freed 3(96B) AllocSpace objects, 0(0B) LOS objects, 23% free, 51MB/67MB, paused 329us total 17.736ms
08-05 20:00:07.455  5919  5919 I Radio-JNI: register_android_hardware_Radio DONE
08-05 20:00:07.462   518   646 I ThermalEngine: ACTION: GPU - Setting GPU[0] to 450000000
08-05 20:00:07.465  2695  2695 I ServiceManager: Waiting for service AtCmdFwd...
08-05 20:00:07.498  5919  5919 D AndroidRuntime: Calling main entry com.android.commands.input.Input
08-05 20:00:07.500  5919  5919 I Input   : injectMotionEvent: MotionEvent { action=ACTION_DOWN, actionButton=0, id[0]=0, x[0]=733.0, y[0]=1957.0, toolType[0]=TOOL_TYPE_UNKNOWN, buttonState=0, metaState=0, flags=0x0, edgeFlags=0x0, pointerCount=1, historySize=0, eventTime=820823913, downTime=820823913, deviceId=0, source=0x1002 }
08-05 20:00:07.506  5919  5919 I Input   : injectMotionEvent: MotionEvent { action=ACTION_UP, actionButton=0, id[0]=0, x[0]=733.0, y[0]=1957.0, toolType[0]=TOOL_TYPE_UNKNOWN, buttonState=0, metaState=0, flags=0x0, edgeFlags=0x0, pointerCount=1, historySize=0, eventTime=820823913, downTime=820823913, deviceId=0, source=0x1002 }
08-05 20:00:07.508   918   929 I ActivityManager: START u0 {cmp=baseline.appteam.nith.hillffair/.activities.ClubActivity (has extras)} from uid 10675 on display 0
08-05 20:00:07.516  5919  5919 D AndroidRuntime: Shutting down VM
08-05 20:00:07.627   918   936 I ActivityManager: Displayed baseline.appteam.nith.hillffair/.activities.ClubActivity: +108ms
08-05 20:00:07.627 13866 13866 I GoogleInputMethodServic: GoogleInputMethodService.onFinishInput():3138 
08-05 20:00:07.627 13866 13866 I GoogleInputMethodServic: GoogleInputMethodService.onStartInput():1808 
08-05 20:00:07.700  4844  4855 I art     : Starting a blocking GC Explicit
08-05 20:00:07.727  4844  4855 I art     : Explicit concurrent mark sweep GC freed 5045(296KB) AllocSpace objects, 1(20KB) LOS objects, 23% free, 52MB/68MB, paused 475us total 26.271ms
08-05 20:00:07.739  4844  4855 I art     : Starting a blocking GC Explicit
08-05 20:00:07.767  4844  4855 I art     : Explicit concurrent mark sweep GC freed 211(9KB) AllocSpace objects, 0(0B) LOS objects, 23% free, 52MB/68MB, paused 624us total 27.942ms
08-05 20:00:07.779  4844  4855 I art     : Starting a blocking GC Explicit
08-05 20:00:07.807  4844  4855 I art     : Explicit concurrent mark sweep GC freed 3(96B) AllocSpace objects, 0(0B) LOS objects, 23% free, 52MB/68MB, paused 626us total 27.483ms
08-05 20:00:07.820  4844  4855 I art     : Starting a blocking GC Explicit
08-05 20:00:07.850  4844  4855 I art     : Explicit concurrent mark sweep GC freed 3(96B) AllocSpace objects, 0(0B) LOS objects, 23% free, 52MB/68MB, paused 553us total 29.170ms
08-05 20:00:07.863  4844  4855 I art     : Starting a blocking GC Explicit
08-05 20:00:07.883   380   380 W SurfaceFlinger: couldn't log to binary event log: overflow.
08-05 20:00:07.890  4844  4855 I art     : Explicit concurrent mark sweep GC freed 3(96B) AllocSpace objects, 0(0B) LOS objects, 23% free, 52MB/68MB, paused 528us total 26.496ms
08-05 20:00:08.175  4844  5773 I art     : Starting a blocking GC Explicit
08-05 20:00:08.200  4844  5773 I art     : Explicit concurrent mark sweep GC freed 1472(85KB) AllocSpace objects, 1(20KB) LOS objects, 23% free, 52MB/68MB, paused 633us total 24.862ms
08-05 20:00:08.212  4844  5773 I art     : Starting a blocking GC Explicit
08-05 20:00:08.236  4844  5773 I art     : Explicit concurrent mark sweep GC freed 50(1744B) AllocSpace objects, 0(0B) LOS objects, 23% free, 52MB/68MB, paused 513us total 24.063ms
08-05 20:00:08.246  4844  5773 I art     : Starting a blocking GC Explicit
08-05 20:00:08.270  4844  5773 I art     : Explicit concurrent mark sweep GC freed 14(528B) AllocSpace objects, 0(0B) LOS objects, 23% free, 52MB/68MB, paused 491us total 22.839ms
08-05 20:00:08.280  4844  5773 I art     : Starting a blocking GC Explicit
08-05 20:00:08.303  4844  5773 I art     : Explicit concurrent mark sweep GC freed 15(544B) AllocSpace objects, 0(0B) LOS objects, 23% free, 52MB/68MB, paused 476us total 23.054ms
08-05 20:00:08.314  4844  5773 I art     : Starting a blocking GC Explicit
08-05 20:00:08.338  4844  5773 I art     : Explicit concurrent mark sweep GC freed 700(57KB) AllocSpace objects, 2(120KB) LOS objects, 23% free, 52MB/68MB, paused 713us total 23.991ms
08-05 20:00:08.361  4844  5944 D OkHttp  : --> GET https://api-hillfair-2k16.herokuapp.com/api/app/events/special/event?id=58065620dcba0f490c70fe09 http/1.1
08-05 20:00:08.398  4844  5944 D OkHttp  : <-- 200 OK https://api-hillfair-2k16.herokuapp.com/api/app/events/special/event?id=58065620dcba0f490c70fe09 (36ms, 682-byte body)
08-05 20:00:08.452  4844  4844 I NAPPA_EXPERIMENTATION: MetricNetworkRequestExecutionTime: REQUEST_DURATION_SYSTEM='900',REQUEST_DURATION_OKHTTP='37',REQUEST_SYNCHRONOUS='FALSE',RESPONSE_CODE='200',RESPONSE_METHOD='GET',RESPONSE_LENGTH_OKHTTP='682',RESPONSE_LENGTH_HEADER='682',REQUEST_PROTOCOL='http/1.1',REQUEST_URL='https://api-hillfair-2k16.herokuapp.com/api/app/events/special/event?id=58065620dcba0f490c70fe09',
08-05 20:00:08.465  2695  2695 I ServiceManager: Waiting for service AtCmdFwd...
08-05 20:00:08.630  4844  4856 I art     : Starting a blocking GC Explicit
08-05 20:00:08.657  4844  4856 I art     : Explicit concurrent mark sweep GC freed 4318(305KB) AllocSpace objects, 2(100KB) LOS objects, 23% free, 52MB/68MB, paused 493us total 26.510ms
08-05 20:00:08.668  4844  4856 I art     : Starting a blocking GC Explicit
08-05 20:00:08.692  4844  4856 I art     : Explicit concurrent mark sweep GC freed 811(94KB) AllocSpace objects, 0(0B) LOS objects, 23% free, 52MB/68MB, paused 477us total 24.179ms
08-05 20:00:08.703  4844  4856 I art     : Starting a blocking GC Explicit
08-05 20:00:08.727  4844  4856 I art     : Explicit concurrent mark sweep GC freed 3(96B) AllocSpace objects, 0(0B) LOS objects, 23% free, 52MB/68MB, paused 474us total 23.512ms
08-05 20:00:08.737  4844  4856 I art     : Starting a blocking GC Explicit
08-05 20:00:08.761  4844  4856 I art     : Explicit concurrent mark sweep GC freed 3(96B) AllocSpace objects, 0(0B) LOS objects, 23% free, 52MB/68MB, paused 455us total 23.633ms
08-05 20:00:08.771  4844  4856 I art     : Starting a blocking GC Explicit
08-05 20:00:08.795  4844  4856 I art     : Explicit concurrent mark sweep GC freed 3(96B) AllocSpace objects, 0(0B) LOS objects, 23% free, 52MB/68MB, paused 471us total 23.622ms
08-05 20:00:09.085  4844  4855 I art     : Starting a blocking GC Explicit
08-05 20:00:09.118  4844  4855 I art     : Explicit concurrent mark sweep GC freed 1341(78KB) AllocSpace objects, 1(20KB) LOS objects, 23% free, 52MB/68MB, paused 756us total 33.002ms
08-05 20:00:09.132  4844  4855 I art     : Starting a blocking GC Explicit
08-05 20:00:09.161  4844  4855 I art     : Explicit concurrent mark sweep GC freed 36(1264B) AllocSpace objects, 0(0B) LOS objects, 23% free, 52MB/68MB, paused 540us total 28.163ms
08-05 20:00:09.172  4844  4855 I art     : Starting a blocking GC Explicit
08-05 20:00:09.199  4844  4855 I art     : Explicit concurrent mark sweep GC freed 3(96B) AllocSpace objects, 0(0B) LOS objects, 23% free, 52MB/68MB, paused 472us total 26.944ms
08-05 20:00:09.210  4844  4855 I art     : Starting a blocking GC Explicit
08-05 20:00:09.236  4844  4855 I art     : Explicit concurrent mark sweep GC freed 3(96B) AllocSpace objects, 0(0B) LOS objects, 23% free, 52MB/68MB, paused 476us total 25.213ms
08-05 20:00:09.247  4844  4855 I art     : Starting a blocking GC Explicit
08-05 20:00:09.274  4844  4855 I art     : Explicit concurrent mark sweep GC freed 3(96B) AllocSpace objects, 0(0B) LOS objects, 23% free, 52MB/68MB, paused 490us total 26.584ms
08-05 20:00:09.466  2695  2695 I ServiceManager: Waiting for service AtCmdFwd...
08-05 20:00:09.609  4844  4879 I art     : Starting a blocking GC Explicit
08-05 20:00:09.640  4844  4879 I art     : Explicit concurrent mark sweep GC freed 1341(78KB) AllocSpace objects, 1(20KB) LOS objects, 23% free, 52MB/68MB, paused 494us total 30.760ms
08-05 20:00:09.653  4844  4879 I art     : Starting a blocking GC Explicit
08-05 20:00:09.679  4844  4879 I art     : Explicit concurrent mark sweep GC freed 20(704B) AllocSpace objects, 0(0B) LOS objects, 23% free, 52MB/68MB, paused 481us total 25.682ms
08-05 20:00:09.690  4844  4879 I art     : Starting a blocking GC Explicit
08-05 20:00:09.715  4844  4879 I art     : Explicit concurrent mark sweep GC freed 3(96B) AllocSpace objects, 0(0B) LOS objects, 23% free, 52MB/68MB, paused 475us total 24.770ms
08-05 20:00:09.726  4844  4879 I art     : Starting a blocking GC Explicit
08-05 20:00:09.752  4844  4879 I art     : Explicit concurrent mark sweep GC freed 3(96B) AllocSpace objects, 0(0B) LOS objects, 23% free, 52MB/68MB, paused 463us total 25.809ms
08-05 20:00:09.763  4844  4879 I art     : Starting a blocking GC Explicit
08-05 20:00:09.788  4844  4879 I art     : Explicit concurrent mark sweep GC freed 3(96B) AllocSpace objects, 0(0B) LOS objects, 23% free, 52MB/68MB, paused 463us total 25.157ms
08-05 20:00:10.108  4844  5773 I art     : Starting a blocking GC Explicit
08-05 20:00:10.137  4844  5773 I art     : Explicit concurrent mark sweep GC freed 1341(78KB) AllocSpace objects, 1(20KB) LOS objects, 23% free, 52MB/68MB, paused 585us total 29.029ms
08-05 20:00:10.150  4844  5773 I art     : Starting a blocking GC Explicit
08-05 20:00:10.175  4844  5773 I art     : Explicit concurrent mark sweep GC freed 20(704B) AllocSpace objects, 0(0B) LOS objects, 23% free, 52MB/68MB, paused 510us total 25.299ms
08-05 20:00:10.186  4844  5773 I art     : Starting a blocking GC Explicit
08-05 20:00:10.212  4844  5773 I art     : Explicit concurrent mark sweep GC freed 3(96B) AllocSpace objects, 0(0B) LOS objects, 23% free, 52MB/68MB, paused 495us total 25.362ms
08-05 20:00:10.223  4844  5773 I art     : Starting a blocking GC Explicit
08-05 20:00:10.248  4844  5773 I art     : Explicit concurrent mark sweep GC freed 3(96B) AllocSpace objects, 0(0B) LOS objects, 23% free, 52MB/68MB, paused 505us total 25.416ms
08-05 20:00:10.259  4844  5773 I art     : Starting a blocking GC Explicit
08-05 20:00:10.285  4844  5773 I art     : Explicit concurrent mark sweep GC freed 3(96B) AllocSpace objects, 0(0B) LOS objects, 23% free, 52MB/68MB, paused 492us total 25.215ms
08-05 20:00:10.326  5995  5995 D AndroidRuntime: >>>>>> START com.android.internal.os.RuntimeInit uid 2000 <<<<<<
08-05 20:00:10.333  5995  5995 D AndroidRuntime: CheckJNI is OFF
08-05 20:00:10.378  5995  5995 D ICU     : No timezone override file found: /data/misc/zoneinfo/current/icu/icu_tzdata.dat
08-05 20:00:10.427  5995  5995 I Radio-JNI: register_android_hardware_Radio DONE
08-05 20:00:10.459  5995  5995 D AndroidRuntime: Calling main entry com.android.commands.input.Input
08-05 20:00:10.461  5995  5995 I Input   : injectKeyEvent: KeyEvent { action=ACTION_DOWN, keyCode=KEYCODE_BACK, scanCode=0, metaState=0, flags=0x0, repeatCount=0, eventTime=820826874, downTime=820826874, deviceId=-1, source=0x101 }
08-05 20:00:10.466  2695  2695 W Atfwd_Sendcmd: AtCmdFwd service not published, waiting... retryCnt : 1
08-05 20:00:10.469  5995  5995 I Input   : injectKeyEvent: KeyEvent { action=ACTION_UP, keyCode=KEYCODE_BACK, scanCode=0, metaState=0, flags=0x0, repeatCount=0, eventTime=820826874, downTime=820826874, deviceId=-1, source=0x101 }
08-05 20:00:10.474  5995  5995 D AndroidRuntime: Shutting down VM
08-05 20:00:10.515 13866 13866 I GoogleInputMethodServic: GoogleInputMethodService.onFinishInput():3138 
08-05 20:00:10.517 13866 13866 I GoogleInputMethodServic: GoogleInputMethodService.onStartInput():1808 
08-05 20:00:10.551   918  3261 D WifiStateMachine: starting scan for "H369AA63323"WPA_PSK with 2412,5180
08-05 20:00:10.589  4844  4856 I art     : Starting a blocking GC Explicit
08-05 20:00:10.612  4844  4856 I art     : Explicit concurrent mark sweep GC freed 1511(85KB) AllocSpace objects, 1(20KB) LOS objects, 23% free, 52MB/68MB, paused 481us total 23.058ms
08-05 20:00:10.622  4844  4856 I art     : Starting a blocking GC Explicit
08-05 20:00:10.648  4844  4856 I art     : Explicit concurrent mark sweep GC freed 26(944B) AllocSpace objects, 0(0B) LOS objects, 23% free, 52MB/68MB, paused 489us total 25.619ms
08-05 20:00:10.660  4844  4856 I art     : Starting a blocking GC Explicit
08-05 20:00:10.687  4844  4856 I art     : Explicit concurrent mark sweep GC freed 3(96B) AllocSpace objects, 0(0B) LOS objects, 23% free, 52MB/68MB, paused 518us total 26.332ms
08-05 20:00:10.701  4844  4856 I art     : Starting a blocking GC Explicit
08-05 20:00:10.730  4844  4856 I art     : Explicit concurrent mark sweep GC freed 3(96B) AllocSpace objects, 0(0B) LOS objects, 23% free, 52MB/68MB, paused 491us total 28.913ms
08-05 20:00:10.742  4844  4856 I art     : Starting a blocking GC Explicit
08-05 20:00:10.757 13866 13882 I PeriodicStatsRunner: PeriodicStatsRunner.call():175 call()
08-05 20:00:10.758 13866 13882 I PeriodicStatsRunner: PeriodicStatsRunner.call():179 No submit PeriodicStats since input started.
08-05 20:00:10.769  4844  4856 I art     : Explicit concurrent mark sweep GC freed 3(96B) AllocSpace objects, 0(0B) LOS objects, 23% free, 52MB/68MB, paused 519us total 26.372ms
08-05 20:00:10.802   380   380 W SurfaceFlinger: couldn't log to binary event log: overflow.
08-05 20:00:11.065  4844  4879 I art     : Starting a blocking GC Explicit
08-05 20:00:11.098  4844  4879 I art     : Explicit concurrent mark sweep GC freed 1450(87KB) AllocSpace objects, 1(20KB) LOS objects, 23% free, 52MB/68MB, paused 527us total 32.670ms
08-05 20:00:11.115  4844  4879 I art     : Starting a blocking GC Explicit
08-05 20:00:11.143  4844  4879 I art     : Explicit concurrent mark sweep GC freed 1672(106KB) AllocSpace objects, 3(400KB) LOS objects, 23% free, 51MB/67MB, paused 493us total 28.472ms
08-05 20:00:11.156  4844  4879 I art     : Starting a blocking GC Explicit
08-05 20:00:11.180  4844  4879 I art     : Explicit concurrent mark sweep GC freed 3(96B) AllocSpace objects, 0(0B) LOS objects, 23% free, 51MB/67MB, paused 479us total 23.895ms
08-05 20:00:11.191  4844  4879 I art     : Starting a blocking GC Explicit
08-05 20:00:11.215  4844  4879 I art     : Explicit concurrent mark sweep GC freed 3(96B) AllocSpace objects, 0(0B) LOS objects, 23% free, 51MB/67MB, paused 467us total 23.568ms
08-05 20:00:11.226  4844  4879 I art     : Starting a blocking GC Explicit
08-05 20:00:11.250  4844  4879 I art     : Explicit concurrent mark sweep GC freed 3(96B) AllocSpace objects, 0(0B) LOS objects, 23% free, 51MB/67MB, paused 467us total 24.178ms
08-05 20:00:11.552  4844  5773 I art     : Starting a blocking GC Explicit
08-05 20:00:11.581  4844  5773 I art     : Explicit concurrent mark sweep GC freed 1341(78KB) AllocSpace objects, 1(20KB) LOS objects, 23% free, 51MB/67MB, paused 503us total 28.451ms
08-05 20:00:11.593  4844  5773 I art     : Starting a blocking GC Explicit
08-05 20:00:11.617  4844  5773 I art     : Explicit concurrent mark sweep GC freed 20(704B) AllocSpace objects, 0(0B) LOS objects, 23% free, 51MB/67MB, paused 536us total 23.827ms
08-05 20:00:11.628  4844  5773 I art     : Starting a blocking GC Explicit
08-05 20:00:11.652  4844  5773 I art     : Explicit concurrent mark sweep GC freed 3(96B) AllocSpace objects, 0(0B) LOS objects, 23% free, 51MB/67MB, paused 469us total 23.705ms
08-05 20:00:11.662  4844  5773 I art     : Starting a blocking GC Explicit
08-05 20:00:11.686  4844  5773 I art     : Explicit concurrent mark sweep GC freed 3(96B) AllocSpace objects, 0(0B) LOS objects, 23% free, 51MB/67MB, paused 457us total 23.028ms
08-05 20:00:11.697  4844  5773 I art     : Starting a blocking GC Explicit
08-05 20:00:11.719  4844  5773 I art     : Explicit concurrent mark sweep GC freed 3(96B) AllocSpace objects, 0(0B) LOS objects, 23% free, 51MB/67MB, paused 434us total 22.601ms
08-05 20:00:12.006  4844  4856 I art     : Starting a blocking GC Explicit
08-05 20:00:12.030  4844  4856 I art     : Explicit concurrent mark sweep GC freed 1340(78KB) AllocSpace objects, 1(20KB) LOS objects, 23% free, 51MB/67MB, paused 528us total 24.111ms
08-05 20:00:12.044  4844  4856 I art     : Starting a blocking GC Explicit
08-05 20:00:12.069  4844  4856 I art     : Explicit concurrent mark sweep GC freed 20(704B) AllocSpace objects, 0(0B) LOS objects, 23% free, 51MB/67MB, paused 483us total 25.062ms
08-05 20:00:12.079  4844  4856 I art     : Starting a blocking GC Explicit
08-05 20:00:12.103  4844  4856 I art     : Explicit concurrent mark sweep GC freed 3(96B) AllocSpace objects, 0(0B) LOS objects, 23% free, 51MB/67MB, paused 472us total 23.629ms
08-05 20:00:12.114  4844  4856 I art     : Starting a blocking GC Explicit
08-05 20:00:12.137  4844  4856 I art     : Explicit concurrent mark sweep GC freed 3(96B) AllocSpace objects, 0(0B) LOS objects, 23% free, 51MB/67MB, paused 488us total 23.329ms
08-05 20:00:12.148  4844  4856 I art     : Starting a blocking GC Explicit
08-05 20:00:12.173  4844  4856 I art     : Explicit concurrent mark sweep GC freed 3(96B) AllocSpace objects, 0(0B) LOS objects, 23% free, 51MB/67MB, paused 478us total 24.175ms
08-05 20:00:12.279  6049  6049 D AndroidRuntime: >>>>>> START com.android.internal.os.RuntimeInit uid 2000 <<<<<<
08-05 20:00:12.286  6049  6049 D AndroidRuntime: CheckJNI is OFF
08-05 20:00:12.334  6049  6049 D ICU     : No timezone override file found: /data/misc/zoneinfo/current/icu/icu_tzdata.dat
08-05 20:00:12.380  6049  6049 I Radio-JNI: register_android_hardware_Radio DONE
08-05 20:00:12.408  6049  6049 D AndroidRuntime: Calling main entry com.android.commands.input.Input
08-05 20:00:12.410  6049  6049 I Input   : injectMotionEvent: MotionEvent { action=ACTION_DOWN, actionButton=0, id[0]=0, x[0]=733.0, y[0]=1957.0, toolType[0]=TOOL_TYPE_UNKNOWN, buttonState=0, metaState=0, flags=0x0, edgeFlags=0x0, pointerCount=1, historySize=0, eventTime=820828823, downTime=820828823, deviceId=0, source=0x1002 }
08-05 20:00:12.415  6049  6049 I Input   : injectMotionEvent: MotionEvent { action=ACTION_UP, actionButton=0, id[0]=0, x[0]=733.0, y[0]=1957.0, toolType[0]=TOOL_TYPE_UNKNOWN, buttonState=0, metaState=0, flags=0x0, edgeFlags=0x0, pointerCount=1, historySize=0, eventTime=820828823, downTime=820828823, deviceId=0, source=0x1002 }
08-05 20:00:12.417   918  6111 I ActivityManager: START u0 {cmp=baseline.appteam.nith.hillffair/.activities.ClubActivity (has extras)} from uid 10675 on display 0
08-05 20:00:12.427  6049  6049 D AndroidRuntime: Shutting down VM
08-05 20:00:12.497  4844  5773 I art     : Starting a blocking GC Explicit
08-05 20:00:12.525  4844  5773 I art     : Explicit concurrent mark sweep GC freed 5157(324KB) AllocSpace objects, 1(20KB) LOS objects, 23% free, 52MB/68MB, paused 634us total 25.351ms
08-05 20:00:12.535 13866 13866 I GoogleInputMethodServic: GoogleInputMethodService.onFinishInput():3138 
08-05 20:00:12.536   918   936 I ActivityManager: Displayed baseline.appteam.nith.hillffair/.activities.ClubActivity: +108ms
08-05 20:00:12.537 13866 13866 I GoogleInputMethodServic: GoogleInputMethodService.onStartInput():1808 
08-05 20:00:12.537  4844  5773 I art     : Starting a blocking GC Explicit
08-05 20:00:12.566  4844  5773 I art     : Explicit concurrent mark sweep GC freed 333(16KB) AllocSpace objects, 0(0B) LOS objects, 23% free, 52MB/68MB, paused 633us total 28.892ms
08-05 20:00:12.577  4844  5773 I art     : Starting a blocking GC Explicit
08-05 20:00:12.599  4844  5773 I art     : Explicit concurrent mark sweep GC freed 22(976B) AllocSpace objects, 0(0B) LOS objects, 23% free, 52MB/68MB, paused 501us total 21.266ms
08-05 20:00:12.609  4844  5773 I art     : Starting a blocking GC Explicit
08-05 20:00:12.627 13866 13882 I PeriodicStatsRunner: PeriodicStatsRunner.call():175 call()
08-05 20:00:12.627 13866 13882 I PeriodicStatsRunner: PeriodicStatsRunner.call():179 No submit PeriodicStats since input started.
08-05 20:00:12.630  4844  5773 I art     : Explicit concurrent mark sweep GC freed 3(96B) AllocSpace objects, 0(0B) LOS objects, 23% free, 52MB/68MB, paused 489us total 21.252ms
08-05 20:00:12.641  4844  5773 I art     : Starting a blocking GC Explicit
08-05 20:00:12.662  4844  5773 I art     : Explicit concurrent mark sweep GC freed 3(96B) AllocSpace objects, 0(0B) LOS objects, 23% free, 52MB/68MB, paused 485us total 21.639ms
08-05 20:00:12.788   380   380 W SurfaceFlinger: couldn't log to binary event log: overflow.
08-05 20:00:12.934  4844  4855 I art     : Starting a blocking GC Explicit
08-05 20:00:12.958  4844  4855 I art     : Explicit concurrent mark sweep GC freed 2385(152KB) AllocSpace objects, 3(140KB) LOS objects, 23% free, 52MB/68MB, paused 802us total 24.242ms
08-05 20:00:12.969  4844  4855 I art     : Starting a blocking GC Explicit
08-05 20:00:12.974  4844  6082 D OkHttp  : --> GET https://api-hillfair-2k16.herokuapp.com/api/app/events/special/event?id=58065620dcba0f490c70fe09 http/1.1
08-05 20:00:12.993  4844  4855 I art     : Explicit concurrent mark sweep GC freed 2300(138KB) AllocSpace objects, 1(80KB) LOS objects, 23% free, 52MB/68MB, paused 580us total 24.416ms
08-05 20:00:13.004  4844  4855 I art     : Starting a blocking GC Explicit
08-05 20:00:13.010  4844  6082 D OkHttp  : <-- 200 OK https://api-hillfair-2k16.herokuapp.com/api/app/events/special/event?id=58065620dcba0f490c70fe09 (35ms, 682-byte body)
08-05 20:00:13.028  4844  4855 I art     : Explicit concurrent mark sweep GC freed 522(77KB) AllocSpace objects, 0(0B) LOS objects, 23% free, 52MB/68MB, paused 586us total 23.575ms
08-05 20:00:13.038  4844  4855 I art     : Starting a blocking GC Explicit
08-05 20:00:13.057  4844  4844 I NAPPA_EXPERIMENTATION: MetricNetworkRequestExecutionTime: REQUEST_DURATION_SYSTEM='598',REQUEST_DURATION_OKHTTP='36',REQUEST_SYNCHRONOUS='FALSE',RESPONSE_CODE='200',RESPONSE_METHOD='GET',RESPONSE_LENGTH_OKHTTP='682',RESPONSE_LENGTH_HEADER='682',REQUEST_PROTOCOL='http/1.1',REQUEST_URL='https://api-hillfair-2k16.herokuapp.com/api/app/events/special/event?id=58065620dcba0f490c70fe09',
08-05 20:00:13.062  4844  4855 I art     : Explicit concurrent mark sweep GC freed 247(18KB) AllocSpace objects, 0(0B) LOS objects, 23% free, 52MB/68MB, paused 531us total 23.805ms
08-05 20:00:13.073  4844  4855 I art     : Starting a blocking GC Explicit
08-05 20:00:13.099  4844  4855 I art     : Explicit concurrent mark sweep GC freed 448(48KB) AllocSpace objects, 0(0B) LOS objects, 23% free, 52MB/68MB, paused 579us total 25.262ms
08-05 20:00:13.398  4844  4856 I art     : Starting a blocking GC Explicit
08-05 20:00:13.424  4844  4856 I art     : Explicit concurrent mark sweep GC freed 1383(79KB) AllocSpace objects, 1(20KB) LOS objects, 23% free, 52MB/68MB, paused 488us total 24.995ms
08-05 20:00:13.435  4844  4856 I art     : Starting a blocking GC Explicit
08-05 20:00:13.459  4844  4856 I art     : Explicit concurrent mark sweep GC freed 36(1264B) AllocSpace objects, 0(0B) LOS objects, 23% free, 52MB/68MB, paused 505us total 23.924ms
08-05 20:00:13.470  4844  4856 I art     : Starting a blocking GC Explicit
08-05 20:00:13.494  4844  4856 I art     : Explicit concurrent mark sweep GC freed 3(96B) AllocSpace objects, 0(0B) LOS objects, 23% free, 52MB/68MB, paused 511us total 24.309ms
08-05 20:00:13.505  4844  4856 I art     : Starting a blocking GC Explicit
08-05 20:00:13.530  4844  4856 I art     : Explicit concurrent mark sweep GC freed 3(96B) AllocSpace objects, 0(0B) LOS objects, 23% free, 52MB/68MB, paused 524us total 24.862ms
08-05 20:00:13.541  4844  4856 I art     : Starting a blocking GC Explicit
08-05 20:00:13.566  4844  4856 I art     : Explicit concurrent mark sweep GC freed 3(96B) AllocSpace objects, 0(0B) LOS objects, 23% free, 52MB/68MB, paused 502us total 25.193ms
08-05 20:00:13.868  4844  4879 I art     : Starting a blocking GC Explicit
08-05 20:00:13.899  4844  4879 I art     : Explicit concurrent mark sweep GC freed 1341(78KB) AllocSpace objects, 1(20KB) LOS objects, 23% free, 52MB/68MB, paused 580us total 30.501ms
08-05 20:00:13.912  4844  4879 I art     : Starting a blocking GC Explicit
08-05 20:00:13.938  4844  4879 I art     : Explicit concurrent mark sweep GC freed 20(704B) AllocSpace objects, 0(0B) LOS objects, 23% free, 52MB/68MB, paused 508us total 26.236ms
08-05 20:00:13.949  4844  4879 I art     : Starting a blocking GC Explicit
08-05 20:00:13.974  4844  4879 I art     : Explicit concurrent mark sweep GC freed 3(96B) AllocSpace objects, 0(0B) LOS objects, 23% free, 52MB/68MB, paused 507us total 24.381ms
08-05 20:00:13.985  4844  4879 I art     : Starting a blocking GC Explicit
08-05 20:00:14.010  4844  4879 I art     : Explicit concurrent mark sweep GC freed 3(96B) AllocSpace objects, 0(0B) LOS objects, 23% free, 52MB/68MB, paused 504us total 25.323ms
08-05 20:00:14.022  4844  4879 I art     : Starting a blocking GC Explicit
08-05 20:00:14.049  4844  4879 I art     : Explicit concurrent mark sweep GC freed 3(96B) AllocSpace objects, 0(0B) LOS objects, 23% free, 52MB/68MB, paused 515us total 27.447ms
08-05 20:00:14.369  4844  4855 I art     : Starting a blocking GC Explicit
08-05 20:00:14.401  4844  4855 I art     : Explicit concurrent mark sweep GC freed 1341(78KB) AllocSpace objects, 1(20KB) LOS objects, 23% free, 52MB/68MB, paused 522us total 31.262ms
08-05 20:00:14.415  4844  4855 I art     : Starting a blocking GC Explicit
08-05 20:00:14.442  4844  4855 I art     : Explicit concurrent mark sweep GC freed 20(704B) AllocSpace objects, 0(0B) LOS objects, 23% free, 52MB/68MB, paused 484us total 26.846ms
08-05 20:00:14.453  4844  4855 I art     : Starting a blocking GC Explicit
08-05 20:00:14.480  4844  4855 I art     : Explicit concurrent mark sweep GC freed 3(96B) AllocSpace objects, 0(0B) LOS objects, 23% free, 52MB/68MB, paused 517us total 26.842ms
08-05 20:00:14.491  4844  4855 I art     : Starting a blocking GC Explicit
08-05 20:00:14.518  4844  4855 I art     : Explicit concurrent mark sweep GC freed 3(96B) AllocSpace objects, 0(0B) LOS objects, 23% free, 52MB/68MB, paused 484us total 27.096ms
08-05 20:00:14.529  4844  4855 I art     : Starting a blocking GC Explicit
08-05 20:00:14.557  4844  4855 I art     : Explicit concurrent mark sweep GC freed 3(96B) AllocSpace objects, 0(0B) LOS objects, 23% free, 52MB/68MB, paused 687us total 27.363ms
08-05 20:00:14.839  4844  5773 I art     : Starting a blocking GC Explicit
08-05 20:00:14.867  4844  5773 I art     : Explicit concurrent mark sweep GC freed 1341(78KB) AllocSpace objects, 1(20KB) LOS objects, 23% free, 52MB/68MB, paused 562us total 28.090ms
08-05 20:00:14.881  4844  5773 I art     : Starting a blocking GC Explicit
08-05 20:00:14.906  4844  5773 I art     : Explicit concurrent mark sweep GC freed 20(704B) AllocSpace objects, 0(0B) LOS objects, 23% free, 52MB/68MB, paused 510us total 24.778ms
08-05 20:00:14.917  4844  5773 I art     : Starting a blocking GC Explicit
08-05 20:00:14.943  4844  5773 I art     : Explicit concurrent mark sweep GC freed 3(96B) AllocSpace objects, 0(0B) LOS objects, 23% free, 52MB/68MB, paused 519us total 25.145ms
08-05 20:00:14.954  4844  5773 I art     : Starting a blocking GC Explicit
08-05 20:00:14.980  4844  5773 I art     : Explicit concurrent mark sweep GC freed 3(96B) AllocSpace objects, 0(0B) LOS objects, 23% free, 52MB/68MB, paused 531us total 25.820ms
08-05 20:00:14.990  4844  5773 I art     : Starting a blocking GC Explicit
08-05 20:00:15.017  4844  5773 I art     : Explicit concurrent mark sweep GC freed 3(96B) AllocSpace objects, 0(0B) LOS objects, 23% free, 52MB/68MB, paused 532us total 26.130ms
08-05 20:00:15.236  6133  6133 D AndroidRuntime: >>>>>> START com.android.internal.os.RuntimeInit uid 2000 <<<<<<
08-05 20:00:15.242  6133  6133 D AndroidRuntime: CheckJNI is OFF
08-05 20:00:15.283  6133  6133 D ICU     : No timezone override file found: /data/misc/zoneinfo/current/icu/icu_tzdata.dat
08-05 20:00:15.324  6133  6133 I Radio-JNI: register_android_hardware_Radio DONE
08-05 20:00:15.330  4844  4856 I art     : Starting a blocking GC Explicit
08-05 20:00:15.355  6133  6133 D AndroidRuntime: Calling main entry com.android.commands.input.Input
08-05 20:00:15.355  4844  4856 I art     : Explicit concurrent mark sweep GC freed 1341(78KB) AllocSpace objects, 1(20KB) LOS objects, 23% free, 52MB/68MB, paused 556us total 25.167ms
08-05 20:00:15.357  6133  6133 I Input   : injectKeyEvent: KeyEvent { action=ACTION_DOWN, keyCode=KEYCODE_BACK, scanCode=0, metaState=0, flags=0x0, repeatCount=0, eventTime=820831770, downTime=820831770, deviceId=-1, source=0x101 }
08-05 20:00:15.362  6133  6133 I Input   : injectKeyEvent: KeyEvent { action=ACTION_UP, keyCode=KEYCODE_BACK, scanCode=0, metaState=0, flags=0x0, repeatCount=0, eventTime=820831770, downTime=820831770, deviceId=-1, source=0x101 }
08-05 20:00:15.366  4844  4856 I art     : Starting a blocking GC Explicit
08-05 20:00:15.368  6133  6133 D AndroidRuntime: Shutting down VM
08-05 20:00:15.389  4844  4856 I art     : Explicit concurrent mark sweep GC freed 159(6KB) AllocSpace objects, 0(0B) LOS objects, 23% free, 52MB/68MB, paused 503us total 23.102ms
08-05 20:00:15.399  4844  4856 I art     : Starting a blocking GC Explicit
08-05 20:00:15.401 13866 13866 I GoogleInputMethodServic: GoogleInputMethodService.onFinishInput():3138 
08-05 20:00:15.402 13866 13866 I GoogleInputMethodServic: GoogleInputMethodService.onStartInput():1808 
08-05 20:00:15.420  4844  4856 I art     : Explicit concurrent mark sweep GC freed 31(1216B) AllocSpace objects, 0(0B) LOS objects, 23% free, 52MB/68MB, paused 521us total 21.412ms
08-05 20:00:15.431  4844  4856 I art     : Starting a blocking GC Explicit
08-05 20:00:15.453  4844  4856 I art     : Explicit concurrent mark sweep GC freed 12(432B) AllocSpace objects, 0(0B) LOS objects, 23% free, 52MB/68MB, paused 506us total 21.492ms
08-05 20:00:15.462  4844  4856 I art     : Starting a blocking GC Explicit
08-05 20:00:15.467  2695  2695 I ServiceManager: Waiting for service AtCmdFwd...
08-05 20:00:15.485  4844  4856 I art     : Explicit concurrent mark sweep GC freed 3(96B) AllocSpace objects, 0(0B) LOS objects, 23% free, 52MB/68MB, paused 491us total 21.888ms
08-05 20:00:15.516 13866 13882 I PeriodicStatsRunner: PeriodicStatsRunner.call():175 call()
08-05 20:00:15.516 13866 13882 I PeriodicStatsRunner: PeriodicStatsRunner.call():179 No submit PeriodicStats since input started.
08-05 20:00:15.707   380   380 W SurfaceFlinger: couldn't log to binary event log: overflow.
08-05 20:00:15.777  4844  4879 I art     : Starting a blocking GC Explicit
08-05 20:00:15.803  4844  4879 I art     : Explicit concurrent mark sweep GC freed 1450(87KB) AllocSpace objects, 1(20KB) LOS objects, 23% free, 52MB/68MB, paused 509us total 24.952ms
08-05 20:00:15.813  4844  4879 I art     : Starting a blocking GC Explicit
08-05 20:00:15.838  4844  4879 I art     : Explicit concurrent mark sweep GC freed 1672(106KB) AllocSpace objects, 3(400KB) LOS objects, 23% free, 52MB/68MB, paused 570us total 24.826ms
08-05 20:00:15.849  4844  4879 I art     : Starting a blocking GC Explicit
08-05 20:00:15.873  4844  4879 I art     : Explicit concurrent mark sweep GC freed 3(96B) AllocSpace objects, 0(0B) LOS objects, 23% free, 52MB/68MB, paused 501us total 24.127ms
08-05 20:00:15.884  4844  4879 I art     : Starting a blocking GC Explicit
08-05 20:00:15.908  4844  4879 I art     : Explicit concurrent mark sweep GC freed 3(96B) AllocSpace objects, 0(0B) LOS objects, 23% free, 52MB/68MB, paused 515us total 23.722ms
08-05 20:00:15.919  4844  4879 I art     : Starting a blocking GC Explicit
08-05 20:00:15.943  4844  4879 I art     : Explicit concurrent mark sweep GC freed 3(96B) AllocSpace objects, 0(0B) LOS objects, 23% free, 52MB/68MB, paused 511us total 23.882ms
08-05 20:00:16.243  4844  4855 I art     : Starting a blocking GC Explicit
08-05 20:00:16.274  4844  4855 I art     : Explicit concurrent mark sweep GC freed 1341(78KB) AllocSpace objects, 1(20KB) LOS objects, 23% free, 52MB/68MB, paused 530us total 30.482ms
08-05 20:00:16.287  4844  4855 I art     : Starting a blocking GC Explicit
08-05 20:00:16.312  4844  4855 I art     : Explicit concurrent mark sweep GC freed 20(704B) AllocSpace objects, 0(0B) LOS objects, 23% free, 52MB/68MB, paused 490us total 24.349ms
08-05 20:00:16.323  4844  4855 I art     : Starting a blocking GC Explicit
08-05 20:00:16.347  4844  4855 I art     : Explicit concurrent mark sweep GC freed 3(96B) AllocSpace objects, 0(0B) LOS objects, 23% free, 52MB/68MB, paused 589us total 24.193ms
08-05 20:00:16.358  4844  4855 I art     : Starting a blocking GC Explicit
08-05 20:00:16.382  4844  4855 I art     : Explicit concurrent mark sweep GC freed 3(96B) AllocSpace objects, 0(0B) LOS objects, 23% free, 52MB/68MB, paused 494us total 23.585ms
08-05 20:00:16.392  4844  4855 I art     : Starting a blocking GC Explicit
08-05 20:00:16.416  4844  4855 I art     : Explicit concurrent mark sweep GC freed 3(96B) AllocSpace objects, 0(0B) LOS objects, 23% free, 52MB/68MB, paused 494us total 23.778ms
08-05 20:00:16.467  2695  2695 I ServiceManager: Waiting for service AtCmdFwd...
08-05 20:00:16.705  4844  5773 I art     : Starting a blocking GC Explicit
08-05 20:00:16.730  4844  5773 I art     : Explicit concurrent mark sweep GC freed 1340(78KB) AllocSpace objects, 1(20KB) LOS objects, 23% free, 52MB/68MB, paused 510us total 24.400ms
08-05 20:00:16.741  4844  5773 I art     : Starting a blocking GC Explicit
08-05 20:00:16.765  4844  5773 I art     : Explicit concurrent mark sweep GC freed 20(704B) AllocSpace objects, 0(0B) LOS objects, 23% free, 52MB/68MB, paused 499us total 23.858ms
08-05 20:00:16.775  4844  5773 I art     : Starting a blocking GC Explicit
08-05 20:00:16.798  4844  5773 I art     : Explicit concurrent mark sweep GC freed 3(96B) AllocSpace objects, 0(0B) LOS objects, 23% free, 52MB/68MB, paused 496us total 22.762ms
08-05 20:00:16.808  4844  5773 I art     : Starting a blocking GC Explicit
08-05 20:00:16.832  4844  5773 I art     : Explicit concurrent mark sweep GC freed 3(96B) AllocSpace objects, 0(0B) LOS objects, 23% free, 52MB/68MB, paused 527us total 23.509ms
08-05 20:00:16.843  4844  5773 I art     : Starting a blocking GC Explicit
08-05 20:00:16.867  4844  5773 I art     : Explicit concurrent mark sweep GC freed 3(96B) AllocSpace objects, 0(0B) LOS objects, 23% free, 52MB/68MB, paused 511us total 23.587ms
08-05 20:00:17.146  6192  6192 D AndroidRuntime: >>>>>> START com.android.internal.os.RuntimeInit uid 2000 <<<<<<
08-05 20:00:17.152  6192  6192 D AndroidRuntime: CheckJNI is OFF
08-05 20:00:17.182  4844  4856 I art     : Starting a blocking GC Explicit
08-05 20:00:17.198  6192  6192 D ICU     : No timezone override file found: /data/misc/zoneinfo/current/icu/icu_tzdata.dat
08-05 20:00:17.208  4844  4856 I art     : Explicit concurrent mark sweep GC freed 1340(78KB) AllocSpace objects, 1(20KB) LOS objects, 23% free, 52MB/68MB, paused 557us total 25.794ms
08-05 20:00:17.219  4844  4856 I art     : Starting a blocking GC Explicit
08-05 20:00:17.244  6192  6192 I Radio-JNI: register_android_hardware_Radio DONE
08-05 20:00:17.244  4844  4856 I art     : Explicit concurrent mark sweep GC freed 20(704B) AllocSpace objects, 0(0B) LOS objects, 23% free, 52MB/68MB, paused 547us total 24.705ms
08-05 20:00:17.255  4844  4856 I art     : Starting a blocking GC Explicit
08-05 20:00:17.274  6192  6192 D AndroidRuntime: Calling main entry com.android.commands.input.Input
08-05 20:00:17.276  6192  6192 I Input   : injectMotionEvent: MotionEvent { action=ACTION_DOWN, actionButton=0, id[0]=0, x[0]=733.0, y[0]=645.0, toolType[0]=TOOL_TYPE_UNKNOWN, buttonState=0, metaState=0, flags=0x0, edgeFlags=0x0, pointerCount=1, historySize=0, eventTime=820833689, downTime=820833689, deviceId=0, source=0x1002 }
08-05 20:00:17.279  4844  4856 I art     : Explicit concurrent mark sweep GC freed 3(96B) AllocSpace objects, 0(0B) LOS objects, 23% free, 52MB/68MB, paused 541us total 24.036ms
08-05 20:00:17.283  6192  6192 I Input   : injectMotionEvent: MotionEvent { action=ACTION_UP, actionButton=0, id[0]=0, x[0]=733.0, y[0]=645.0, toolType[0]=TOOL_TYPE_UNKNOWN, buttonState=0, metaState=0, flags=0x0, edgeFlags=0x0, pointerCount=1, historySize=0, eventTime=820833689, downTime=820833689, deviceId=0, source=0x1002 }
08-05 20:00:17.285   918  6111 I ActivityManager: START u0 {cmp=baseline.appteam.nith.hillffair/.activities.ClubActivity (has extras)} from uid 10675 on display 0
08-05 20:00:17.290  4844  4856 I art     : Starting a blocking GC Explicit
08-05 20:00:17.292  6192  6192 D AndroidRuntime: Shutting down VM
08-05 20:00:17.314  4844  4856 I art     : Explicit concurrent mark sweep GC freed 163(14KB) AllocSpace objects, 0(0B) LOS objects, 23% free, 52MB/68MB, paused 732us total 23.634ms
08-05 20:00:17.324  4844  4856 I art     : Starting a blocking GC Explicit
08-05 20:00:17.348  4844  4856 I art     : Explicit concurrent mark sweep GC freed 3491(225KB) AllocSpace objects, 0(0B) LOS objects, 23% free, 52MB/68MB, paused 682us total 24.315ms
08-05 20:00:17.400   918   936 I ActivityManager: Displayed baseline.appteam.nith.hillffair/.activities.ClubActivity: +107ms
08-05 20:00:17.400 13866 13866 I GoogleInputMethodServic: GoogleInputMethodService.onFinishInput():3138 
08-05 20:00:17.401 13866 13866 I GoogleInputMethodServic: GoogleInputMethodService.onStartInput():1808 
08-05 20:00:17.468  2695  2695 I ServiceManager: Waiting for service AtCmdFwd...
08-05 20:00:17.537 13866 13882 I PeriodicStatsRunner: PeriodicStatsRunner.call():175 call()
08-05 20:00:17.537 13866 13882 I PeriodicStatsRunner: PeriodicStatsRunner.call():179 No submit PeriodicStats since input started.
08-05 20:00:17.628  4844  4855 I art     : Starting a blocking GC Explicit
08-05 20:00:17.657  4844  4855 I art     : Explicit concurrent mark sweep GC freed 1818(99KB) AllocSpace objects, 1(20KB) LOS objects, 23% free, 52MB/68MB, paused 605us total 28.335ms
08-05 20:00:17.659   380   380 W SurfaceFlinger: couldn't log to binary event log: overflow.
08-05 20:00:17.670  4844  4855 I art     : Starting a blocking GC Explicit
08-05 20:00:17.693  4844  4855 I art     : Explicit concurrent mark sweep GC freed 34(1168B) AllocSpace objects, 0(0B) LOS objects, 23% free, 52MB/68MB, paused 522us total 22.418ms
08-05 20:00:17.703  4844  4855 I art     : Starting a blocking GC Explicit
08-05 20:00:17.724  4844  4855 I art     : Explicit concurrent mark sweep GC freed 3(96B) AllocSpace objects, 0(0B) LOS objects, 23% free, 52MB/68MB, paused 542us total 21.269ms
08-05 20:00:17.735  4844  4855 I art     : Starting a blocking GC Explicit
08-05 20:00:17.758  4844  4855 I art     : Explicit concurrent mark sweep GC freed 3(96B) AllocSpace objects, 0(0B) LOS objects, 23% free, 52MB/68MB, paused 568us total 23.246ms
08-05 20:00:17.769  4844  4855 I art     : Starting a blocking GC Explicit
08-05 20:00:17.792  4844  4855 I art     : Explicit concurrent mark sweep GC freed 3(96B) AllocSpace objects, 0(0B) LOS objects, 23% free, 52MB/68MB, paused 513us total 23.432ms
08-05 20:00:18.086  4844  6219 D OkHttp  : --> GET https://api-hillfair-2k16.herokuapp.com/api/app/events/special/event?id=5806551bdcba0f490c70fd1f http/1.1
08-05 20:00:18.090  4844  4855 I art     : Starting a blocking GC Explicit
08-05 20:00:18.110   918   918 I EntropyMixer: Added HW RNG output to entropy pool
08-05 20:00:18.110   918   918 I EntropyMixer: Writing entropy...
08-05 20:00:18.116  4844  4855 I art     : Explicit concurrent mark sweep GC freed 4098(220KB) AllocSpace objects, 4(220KB) LOS objects, 23% free, 52MB/68MB, paused 601us total 26.042ms
08-05 20:00:18.125  4844  6219 D OkHttp  : <-- 200 OK https://api-hillfair-2k16.herokuapp.com/api/app/events/special/event?id=5806551bdcba0f490c70fd1f (38ms, 795-byte body)
08-05 20:00:18.126  4844  4855 I art     : Starting a blocking GC Explicit
08-05 20:00:18.152  4844  4855 I art     : Explicit concurrent mark sweep GC freed 1124(144KB) AllocSpace objects, 0(0B) LOS objects, 23% free, 52MB/68MB, paused 590us total 25.019ms
08-05 20:00:18.163  4844  4855 I art     : Starting a blocking GC Explicit
08-05 20:00:18.187  4844  4855 I art     : Explicit concurrent mark sweep GC freed 163(11KB) AllocSpace objects, 0(0B) LOS objects, 23% free, 52MB/68MB, paused 617us total 24.021ms
08-05 20:00:18.194  4844  4844 I NAPPA_EXPERIMENTATION: MetricNetworkRequestExecutionTime: REQUEST_DURATION_SYSTEM='868',REQUEST_DURATION_OKHTTP='38',REQUEST_SYNCHRONOUS='FALSE',RESPONSE_CODE='200',RESPONSE_METHOD='GET',RESPONSE_LENGTH_OKHTTP='795',RESPONSE_LENGTH_HEADER='795',REQUEST_PROTOCOL='http/1.1',REQUEST_URL='https://api-hillfair-2k16.herokuapp.com/api/app/events/special/event?id=5806551bdcba0f490c70fd1f',
08-05 20:00:18.198  4844  4855 I art     : Starting a blocking GC Explicit
08-05 20:00:18.223  4844  4855 I art     : Explicit concurrent mark sweep GC freed 531(61KB) AllocSpace objects, 0(0B) LOS objects, 23% free, 52MB/68MB, paused 547us total 24.717ms
08-05 20:00:18.234  4844  4855 I art     : Starting a blocking GC Explicit
08-05 20:00:18.260  4844  4855 I art     : Explicit concurrent mark sweep GC freed 62(1984B) AllocSpace objects, 0(0B) LOS objects, 23% free, 52MB/68MB, paused 524us total 25.690ms
08-05 20:00:18.468  2695  2695 I ServiceManager: Waiting for service AtCmdFwd...
08-05 20:00:18.565  4844  5773 I art     : Starting a blocking GC Explicit
08-05 20:00:18.591  4844  5773 I art     : Explicit concurrent mark sweep GC freed 1344(78KB) AllocSpace objects, 1(20KB) LOS objects, 23% free, 52MB/68MB, paused 532us total 25.858ms
08-05 20:00:18.602  4844  5773 I art     : Starting a blocking GC Explicit
08-05 20:00:18.627  4844  5773 I art     : Explicit concurrent mark sweep GC freed 36(1264B) AllocSpace objects, 0(0B) LOS objects, 23% free, 52MB/68MB, paused 578us total 24.712ms
08-05 20:00:18.638  4844  5773 I art     : Starting a blocking GC Explicit
08-05 20:00:18.663  4844  5773 I art     : Explicit concurrent mark sweep GC freed 3(96B) AllocSpace objects, 0(0B) LOS objects, 23% free, 52MB/68MB, paused 621us total 25.402ms
08-05 20:00:18.675  4844  5773 I art     : Starting a blocking GC Explicit
08-05 20:00:18.699  4844  5773 I art     : Explicit concurrent mark sweep GC freed 3(96B) AllocSpace objects, 0(0B) LOS objects, 23% free, 52MB/68MB, paused 517us total 23.393ms
08-05 20:00:18.709  4844  5773 I art     : Starting a blocking GC Explicit
08-05 20:00:18.734  4844  5773 I art     : Explicit concurrent mark sweep GC freed 3(96B) AllocSpace objects, 0(0B) LOS objects, 23% free, 52MB/68MB, paused 513us total 24.155ms
08-05 20:00:19.051  4844  4879 I art     : Starting a blocking GC Explicit
08-05 20:00:19.079  4844  4879 I art     : Explicit concurrent mark sweep GC freed 1341(78KB) AllocSpace objects, 1(20KB) LOS objects, 23% free, 52MB/68MB, paused 515us total 27.590ms
08-05 20:00:19.090  4844  4879 I art     : Starting a blocking GC Explicit
08-05 20:00:19.118  4844  4879 I art     : Explicit concurrent mark sweep GC freed 20(704B) AllocSpace objects, 0(0B) LOS objects, 23% free, 52MB/68MB, paused 562us total 27.745ms
08-05 20:00:19.130  4844  4879 I art     : Starting a blocking GC Explicit
08-05 20:00:19.158  4844  4879 I art     : Explicit concurrent mark sweep GC freed 3(96B) AllocSpace objects, 0(0B) LOS objects, 23% free, 52MB/68MB, paused 577us total 27.636ms
08-05 20:00:19.169  4844  4879 I art     : Starting a blocking GC Explicit
08-05 20:00:19.197  4844  4879 I art     : Explicit concurrent mark sweep GC freed 3(96B) AllocSpace objects, 0(0B) LOS objects, 23% free, 52MB/68MB, paused 687us total 27.862ms
08-05 20:00:19.208  4844  4879 I art     : Starting a blocking GC Explicit
08-05 20:00:19.234  4844  4879 I art     : Explicit concurrent mark sweep GC freed 3(96B) AllocSpace objects, 0(0B) LOS objects, 23% free, 52MB/68MB, paused 535us total 26.112ms
08-05 20:00:19.469  2695  2695 I ServiceManager: Waiting for service AtCmdFwd...
08-05 20:00:19.544 15866 15897 I Finsky  : [6071] ktr.run(-1): Stats for Executor: BlockingExecutor kvs@43d8fc2[Running, pool size = 0, active threads = 0, queued tasks = 0, completed tasks = 41]
08-05 20:00:19.545 15866 15897 I Finsky  : [6071] ktr.run(-1): Stats for Executor: LightweightExecutor kvs@20f81d3[Running, pool size = 4, active threads = 0, queued tasks = 0, completed tasks = 76]
08-05 20:00:19.572  4844  4856 I art     : Starting a blocking GC Explicit
08-05 20:00:19.604  4844  4856 I art     : Explicit concurrent mark sweep GC freed 1341(78KB) AllocSpace objects, 1(20KB) LOS objects, 23% free, 52MB/68MB, paused 582us total 31.568ms
08-05 20:00:19.617  4844  4856 I art     : Starting a blocking GC Explicit
08-05 20:00:19.644  4844  4856 I art     : Explicit concurrent mark sweep GC freed 20(704B) AllocSpace objects, 0(0B) LOS objects, 23% free, 52MB/68MB, paused 635us total 26.978ms
08-05 20:00:19.655  4844  4856 I art     : Starting a blocking GC Explicit
08-05 20:00:19.684  4844  4856 I art     : Explicit concurrent mark sweep GC freed 3(96B) AllocSpace objects, 0(0B) LOS objects, 23% free, 52MB/68MB, paused 565us total 27.962ms
08-05 20:00:19.695  4844  4856 I art     : Starting a blocking GC Explicit
08-05 20:00:19.722  4844  4856 I art     : Explicit concurrent mark sweep GC freed 3(96B) AllocSpace objects, 0(0B) LOS objects, 23% free, 52MB/68MB, paused 570us total 26.829ms
08-05 20:00:19.733  4844  4856 I art     : Starting a blocking GC Explicit
08-05 20:00:19.761  4844  4856 I art     : Explicit concurrent mark sweep GC freed 3(96B) AllocSpace objects, 0(0B) LOS objects, 23% free, 52MB/68MB, paused 569us total 27.625ms
08-05 20:00:20.111  4844  4855 I art     : Starting a blocking GC Explicit
08-05 20:00:20.146  4844  4855 I art     : Explicit concurrent mark sweep GC freed 1341(78KB) AllocSpace objects, 1(20KB) LOS objects, 23% free, 52MB/68MB, paused 563us total 34.649ms
08-05 20:00:20.161  4844  4855 I art     : Starting a blocking GC Explicit
08-05 20:00:20.189  4844  4855 I art     : Explicit concurrent mark sweep GC freed 20(704B) AllocSpace objects, 0(0B) LOS objects, 23% free, 52MB/68MB, paused 515us total 27.955ms
08-05 20:00:20.201  4844  4855 I art     : Starting a blocking GC Explicit
08-05 20:00:20.229  4844  4855 I art     : Explicit concurrent mark sweep GC freed 3(96B) AllocSpace objects, 0(0B) LOS objects, 23% free, 52MB/68MB, paused 556us total 27.670ms
08-05 20:00:20.240  4844  4855 I art     : Starting a blocking GC Explicit
08-05 20:00:20.268  4844  4855 I art     : Explicit concurrent mark sweep GC freed 3(96B) AllocSpace objects, 0(0B) LOS objects, 23% free, 52MB/68MB, paused 574us total 27.652ms
08-05 20:00:20.279  4844  4855 I art     : Starting a blocking GC Explicit
08-05 20:00:20.306  4844  4855 I art     : Explicit concurrent mark sweep GC freed 3(96B) AllocSpace objects, 0(0B) LOS objects, 23% free, 52MB/68MB, paused 523us total 26.688ms
08-05 20:00:20.402 13866 13882 I PeriodicStatsRunner: PeriodicStatsRunner.call():175 call()
08-05 20:00:20.403 13866 13882 I PeriodicStatsRunner: PeriodicStatsRunner.call():179 No submit PeriodicStats since input started.
08-05 20:00:20.469  2695  2695 W Atfwd_Sendcmd: AtCmdFwd service not published, waiting... retryCnt : 2
08-05 20:00:20.603 15866 15897 I Finsky  : [6071] ktr.run(-1): Stats for Executor: bgExecutor kvs@65ac110[Running, pool size = 4, active threads = 0, queued tasks = 0, completed tasks = 146]
08-05 20:00:20.609  4844  5773 I art     : Starting a blocking GC Explicit
08-05 20:00:20.646  4844  5773 I art     : Explicit concurrent mark sweep GC freed 1341(78KB) AllocSpace objects, 1(20KB) LOS objects, 23% free, 52MB/68MB, paused 586us total 35.969ms
08-05 20:00:20.662  4844  5773 I art     : Starting a blocking GC Explicit
08-05 20:00:20.689  4844  5773 I art     : Explicit concurrent mark sweep GC freed 20(704B) AllocSpace objects, 0(0B) LOS objects, 23% free, 52MB/68MB, paused 530us total 26.661ms
08-05 20:00:20.701  4844  5773 I art     : Starting a blocking GC Explicit
08-05 20:00:20.728  4844  5773 I art     : Explicit concurrent mark sweep GC freed 3(96B) AllocSpace objects, 0(0B) LOS objects, 23% free, 52MB/68MB, paused 546us total 27.500ms
08-05 20:00:20.740  4844  5773 I art     : Starting a blocking GC Explicit
08-05 20:00:20.767  4844  5773 I art     : Explicit concurrent mark sweep GC freed 3(96B) AllocSpace objects, 0(0B) LOS objects, 23% free, 52MB/68MB, paused 634us total 27.185ms
08-05 20:00:20.778  4844  5773 I art     : Starting a blocking GC Explicit
08-05 20:00:20.805  4844  5773 I art     : Explicit concurrent mark sweep GC freed 3(96B) AllocSpace objects, 0(0B) LOS objects, 23% free, 52MB/68MB, paused 538us total 26.763ms
08-05 20:00:21.157  4844  4879 I art     : Starting a blocking GC Explicit
08-05 20:00:21.186  4844  4879 I art     : Explicit concurrent mark sweep GC freed 1341(78KB) AllocSpace objects, 1(20KB) LOS objects, 23% free, 52MB/68MB, paused 532us total 28.612ms
08-05 20:00:21.197  4844  4879 I art     : Starting a blocking GC Explicit
08-05 20:00:21.223  4844  4879 I art     : Explicit concurrent mark sweep GC freed 20(704B) AllocSpace objects, 0(0B) LOS objects, 23% free, 52MB/68MB, paused 532us total 25.660ms
08-05 20:00:21.234  4844  4879 I art     : Starting a blocking GC Explicit
08-05 20:00:21.262  4844  4879 I art     : Explicit concurrent mark sweep GC freed 3(96B) AllocSpace objects, 0(0B) LOS objects, 23% free, 52MB/68MB, paused 545us total 27.926ms
08-05 20:00:21.273  4844  4879 I art     : Starting a blocking GC Explicit
08-05 20:00:21.300  4844  4879 I art     : Explicit concurrent mark sweep GC freed 3(96B) AllocSpace objects, 0(0B) LOS objects, 23% free, 52MB/68MB, paused 524us total 26.438ms
08-05 20:00:21.311  4844  4879 I art     : Starting a blocking GC Explicit
08-05 20:00:21.340  4844  4879 I art     : Explicit concurrent mark sweep GC freed 3(96B) AllocSpace objects, 0(0B) LOS objects, 23% free, 52MB/68MB, paused 542us total 28.113ms
08-05 20:00:21.655  4844  4856 I art     : Starting a blocking GC Explicit
08-05 20:00:21.684  4844  4856 I art     : Explicit concurrent mark sweep GC freed 1341(78KB) AllocSpace objects, 1(20KB) LOS objects, 23% free, 52MB/68MB, paused 560us total 27.867ms
08-05 20:00:21.694  4844  4856 I art     : Starting a blocking GC Explicit
08-05 20:00:21.720  4844  4856 I art     : Explicit concurrent mark sweep GC freed 20(704B) AllocSpace objects, 0(0B) LOS objects, 23% free, 52MB/68MB, paused 566us total 25.061ms
08-05 20:00:21.731  4844  4856 I art     : Starting a blocking GC Explicit
08-05 20:00:21.756  4844  4856 I art     : Explicit concurrent mark sweep GC freed 3(96B) AllocSpace objects, 0(0B) LOS objects, 23% free, 52MB/68MB, paused 548us total 25.357ms
08-05 20:00:21.767  4844  4856 I art     : Starting a blocking GC Explicit
08-05 20:00:21.793  4844  4856 I art     : Explicit concurrent mark sweep GC freed 3(96B) AllocSpace objects, 0(0B) LOS objects, 23% free, 52MB/68MB, paused 578us total 25.693ms
08-05 20:00:21.805  4844  4856 I art     : Starting a blocking GC Explicit
08-05 20:00:21.831  4844  4856 I art     : Explicit concurrent mark sweep GC freed 3(96B) AllocSpace objects, 0(0B) LOS objects, 23% free, 52MB/68MB, paused 562us total 26.086ms
08-05 20:00:22.090  6303  6303 D AndroidRuntime: >>>>>> START com.android.internal.os.RuntimeInit uid 2000 <<<<<<
08-05 20:00:22.096  6303  6303 D AndroidRuntime: CheckJNI is OFF
08-05 20:00:22.139  6303  6303 D ICU     : No timezone override file found: /data/misc/zoneinfo/current/icu/icu_tzdata.dat
08-05 20:00:22.153  4844  4855 I art     : Starting a blocking GC Explicit
08-05 20:00:22.178  4844  4855 I art     : Explicit concurrent mark sweep GC freed 1341(78KB) AllocSpace objects, 1(20KB) LOS objects, 23% free, 52MB/68MB, paused 613us total 25.477ms
08-05 20:00:22.181  6303  6303 I Radio-JNI: register_android_hardware_Radio DONE
08-05 20:00:22.190  4844  4855 I art     : Starting a blocking GC Explicit
08-05 20:00:22.212  6303  6303 D AndroidRuntime: Calling main entry com.android.commands.input.Input
08-05 20:00:22.214  6303  6303 I Input   : injectKeyEvent: KeyEvent { action=ACTION_DOWN, keyCode=KEYCODE_BACK, scanCode=0, metaState=0, flags=0x0, repeatCount=0, eventTime=820838627, downTime=820838627, deviceId=-1, source=0x101 }
08-05 20:00:22.217  4844  4855 I art     : Explicit concurrent mark sweep GC freed 289(15KB) AllocSpace objects, 0(0B) LOS objects, 23% free, 52MB/68MB, paused 803us total 27.135ms
08-05 20:00:22.217  4844  4854 I art     : WaitForGcToComplete blocked for 8.486ms for cause HeapTrim
08-05 20:00:22.221  6303  6303 I Input   : injectKeyEvent: KeyEvent { action=ACTION_UP, keyCode=KEYCODE_BACK, scanCode=0, metaState=0, flags=0x0, repeatCount=0, eventTime=820838627, downTime=820838627, deviceId=-1, source=0x101 }
08-05 20:00:22.227  6303  6303 D AndroidRuntime: Shutting down VM
08-05 20:00:22.228  4844  4855 I art     : Starting a blocking GC Explicit
08-05 20:00:22.252  4844  4855 I art     : Explicit concurrent mark sweep GC freed 141(6KB) AllocSpace objects, 0(0B) LOS objects, 23% free, 52MB/68MB, paused 694us total 24.384ms
08-05 20:00:22.264  4844  4855 I art     : Starting a blocking GC Explicit
08-05 20:00:22.274 13866 13866 I GoogleInputMethodServic: GoogleInputMethodService.onFinishInput():3138 
08-05 20:00:22.275 13866 13866 I GoogleInputMethodServic: GoogleInputMethodService.onStartInput():1808 
08-05 20:00:22.287  4844  4855 I art     : Explicit concurrent mark sweep GC freed 97(4KB) AllocSpace objects, 0(0B) LOS objects, 23% free, 52MB/68MB, paused 573us total 22.935ms
08-05 20:00:22.297  4844  4855 I art     : Starting a blocking GC Explicit
08-05 20:00:22.323  4844  4855 I art     : Explicit concurrent mark sweep GC freed 70(2416B) AllocSpace objects, 0(0B) LOS objects, 23% free, 52MB/68MB, paused 553us total 26.209ms
08-05 20:00:22.380  4844  6328 W OneSignal: OneSignalRestClient: POST Error thrown from network stack. 
08-05 20:00:22.380  4844  6328 W OneSignal: java.io.IOException: unexpected end of stream on Connection{api.onesignal.com:443, proxy=HTTP@192.168.2.12:8080 hostAddress=192.168.2.12 cipherSuite=TLS_ECDHE_RSA_WITH_AES_128_GCM_SHA256 protocol=http/1.1} (recycle count=0)
08-05 20:00:22.380  4844  6328 W OneSignal: 	at com.android.okhttp.internal.http.HttpConnection.readResponse(HttpConnection.java:210)
08-05 20:00:22.380  4844  6328 W OneSignal: 	at com.android.okhttp.internal.http.HttpTransport.readResponseHeaders(HttpTransport.java:80)
08-05 20:00:22.380  4844  6328 W OneSignal: 	at com.android.okhttp.internal.http.HttpEngine.readNetworkResponse(HttpEngine.java:904)
08-05 20:00:22.380  4844  6328 W OneSignal: 	at com.android.okhttp.internal.http.HttpEngine.readResponse(HttpEngine.java:788)
08-05 20:00:22.380  4844  6328 W OneSignal: 	at com.android.okhttp.internal.huc.HttpURLConnectionImpl.execute(HttpURLConnectionImpl.java:439)
08-05 20:00:22.380  4844  6328 W OneSignal: 	at com.android.okhttp.internal.huc.HttpURLConnectionImpl.getResponse(HttpURLConnectionImpl.java:384)
08-05 20:00:22.380  4844  6328 W OneSignal: 	at com.android.okhttp.internal.huc.HttpURLConnectionImpl.getResponseCode(HttpURLConnectionImpl.java:497)
08-05 20:00:22.380  4844  6328 W OneSignal: 	at com.android.okhttp.internal.huc.DelegatingHttpsURLConnection.getResponseCode(DelegatingHttpsURLConnection.java:105)
08-05 20:00:22.380  4844  6328 W OneSignal: 	at com.android.okhttp.internal.huc.HttpsURLConnectionImpl.getResponseCode(HttpsURLConnectionImpl.java)
08-05 20:00:22.380  4844  6328 W OneSignal: 	at com.onesignal.OneSignalRestClient.startHTTPConnection(OneSignalRestClient.java:180)
08-05 20:00:22.380  4844  6328 W OneSignal: 	at com.onesignal.OneSignalRestClient.access$100(OneSignalRestClient.java:44)
08-05 20:00:22.380  4844  6328 W OneSignal: 	at com.onesignal.OneSignalRestClient$4.run(OneSignalRestClient.java:110)
08-05 20:00:22.380  4844  6328 W OneSignal: 	at java.lang.Thread.run(Thread.java:818)
08-05 20:00:22.380  4844  6328 W OneSignal: Caused by: java.io.EOFException: \n not found: size=0 content=...
08-05 20:00:22.380  4844  6328 W OneSignal: 	at com.android.okhttp.okio.RealBufferedSource.readUtf8LineStrict(RealBufferedSource.java:200)
08-05 20:00:22.380  4844  6328 W OneSignal: 	at com.android.okhttp.internal.http.HttpConnection.readResponse(HttpConnection.java:191)
08-05 20:00:22.380  4844  6328 W OneSignal: 	... 12 more
08-05 20:00:22.381  4844  6335 W OneSignal: Failed last request. statusCode: -1
08-05 20:00:22.381  4844  6335 W OneSignal: response: null
08-05 20:00:22.402 13866 13882 I PeriodicStatsRunner: PeriodicStatsRunner.call():175 call()
08-05 20:00:22.402 13866 13882 I PeriodicStatsRunner: PeriodicStatsRunner.call():179 No submit PeriodicStats since input started.
08-05 20:00:22.579   380   380 W SurfaceFlinger: couldn't log to binary event log: overflow.
08-05 20:00:22.608  4844  4856 I art     : Starting a blocking GC Explicit
08-05 20:00:22.631  4844  4856 I art     : Explicit concurrent mark sweep GC freed 3697(232KB) AllocSpace objects, 1(20KB) LOS objects, 23% free, 52MB/68MB, paused 532us total 23.290ms
08-05 20:00:22.641  4844  4856 I art     : Starting a blocking GC Explicit
08-05 20:00:22.666  4844  4856 I art     : Explicit concurrent mark sweep GC freed 1719(109KB) AllocSpace objects, 3(400KB) LOS objects, 23% free, 52MB/68MB, paused 530us total 24.132ms
08-05 20:00:22.676  4844  4856 I art     : Starting a blocking GC Explicit
08-05 20:00:22.700  4844  4856 I art     : Explicit concurrent mark sweep GC freed 3(96B) AllocSpace objects, 0(0B) LOS objects, 23% free, 52MB/68MB, paused 529us total 23.607ms
08-05 20:00:22.711  4844  4856 I art     : Starting a blocking GC Explicit
08-05 20:00:22.735  4844  4856 I art     : Explicit concurrent mark sweep GC freed 3(96B) AllocSpace objects, 0(0B) LOS objects, 23% free, 52MB/68MB, paused 532us total 23.455ms
08-05 20:00:22.746  4844  4856 I art     : Starting a blocking GC Explicit
08-05 20:00:22.770  4844  4856 I art     : Explicit concurrent mark sweep GC freed 3(96B) AllocSpace objects, 0(0B) LOS objects, 23% free, 52MB/68MB, paused 540us total 24.683ms
08-05 20:00:23.074  4844  5773 I art     : Starting a blocking GC Explicit
08-05 20:00:23.106  4844  5773 I art     : Explicit concurrent mark sweep GC freed 1341(78KB) AllocSpace objects, 1(20KB) LOS objects, 23% free, 52MB/68MB, paused 563us total 31.306ms
08-05 20:00:23.119  4844  5773 I art     : Starting a blocking GC Explicit
08-05 20:00:23.144  4844  5773 I art     : Explicit concurrent mark sweep GC freed 20(704B) AllocSpace objects, 0(0B) LOS objects, 23% free, 52MB/68MB, paused 532us total 25.131ms
08-05 20:00:23.155  4844  5773 I art     : Starting a blocking GC Explicit
08-05 20:00:23.181  4844  5773 I art     : Explicit concurrent mark sweep GC freed 3(96B) AllocSpace objects, 0(0B) LOS objects, 23% free, 52MB/68MB, paused 541us total 24.957ms
08-05 20:00:23.191  4844  5773 I art     : Starting a blocking GC Explicit
08-05 20:00:23.216  4844  5773 I art     : Explicit concurrent mark sweep GC freed 3(96B) AllocSpace objects, 0(0B) LOS objects, 23% free, 52MB/68MB, paused 534us total 24.755ms
08-05 20:00:23.227  4844  5773 I art     : Starting a blocking GC Explicit
08-05 20:00:23.252  4844  5773 I art     : Explicit concurrent mark sweep GC freed 3(96B) AllocSpace objects, 0(0B) LOS objects, 23% free, 52MB/68MB, paused 548us total 24.340ms
08-05 20:00:23.546  4844  4879 I art     : Starting a blocking GC Explicit
08-05 20:00:23.571  4844  4879 I art     : Explicit concurrent mark sweep GC freed 1340(78KB) AllocSpace objects, 1(20KB) LOS objects, 23% free, 52MB/68MB, paused 546us total 24.886ms
08-05 20:00:23.581  4844  4879 I art     : Starting a blocking GC Explicit
08-05 20:00:23.605  4844  4879 I art     : Explicit concurrent mark sweep GC freed 20(704B) AllocSpace objects, 0(0B) LOS objects, 23% free, 52MB/68MB, paused 538us total 23.707ms
08-05 20:00:23.616  4844  4879 I art     : Starting a blocking GC Explicit
08-05 20:00:23.640  4844  4879 I art     : Explicit concurrent mark sweep GC freed 3(96B) AllocSpace objects, 0(0B) LOS objects, 23% free, 52MB/68MB, paused 550us total 23.834ms
08-05 20:00:23.651  4844  4879 I art     : Starting a blocking GC Explicit
08-05 20:00:23.675  4844  4879 I art     : Explicit concurrent mark sweep GC freed 3(96B) AllocSpace objects, 0(0B) LOS objects, 23% free, 52MB/68MB, paused 521us total 24.006ms
08-05 20:00:23.685  4844  4879 I art     : Starting a blocking GC Explicit
08-05 20:00:23.710  4844  4879 I art     : Explicit concurrent mark sweep GC freed 3(96B) AllocSpace objects, 0(0B) LOS objects, 23% free, 52MB/68MB, paused 527us total 23.763ms
08-05 20:00:24.003  6362  6362 D AndroidRuntime: >>>>>> START com.android.internal.os.RuntimeInit uid 2000 <<<<<<
08-05 20:00:24.005  4844  4855 I art     : Starting a blocking GC Explicit
08-05 20:00:24.009  6362  6362 D AndroidRuntime: CheckJNI is OFF
08-05 20:00:24.030  4844  4855 I art     : Explicit concurrent mark sweep GC freed 1340(78KB) AllocSpace objects, 1(20KB) LOS objects, 23% free, 52MB/68MB, paused 549us total 24.815ms
08-05 20:00:24.040  4844  4855 I art     : Starting a blocking GC Explicit
08-05 20:00:24.056  6362  6362 D ICU     : No timezone override file found: /data/misc/zoneinfo/current/icu/icu_tzdata.dat
08-05 20:00:24.065  4844  4855 I art     : Explicit concurrent mark sweep GC freed 20(704B) AllocSpace objects, 0(0B) LOS objects, 23% free, 52MB/68MB, paused 559us total 24.778ms
08-05 20:00:24.076  4844  4855 I art     : Starting a blocking GC Explicit
08-05 20:00:24.100  6362  6362 I Radio-JNI: register_android_hardware_Radio DONE
08-05 20:00:24.101  4844  4855 I art     : Explicit concurrent mark sweep GC freed 3(96B) AllocSpace objects, 0(0B) LOS objects, 23% free, 52MB/68MB, paused 573us total 25.045ms
08-05 20:00:24.112  4844  4855 I art     : Starting a blocking GC Explicit
08-05 20:00:24.131  6362  6362 D AndroidRuntime: Calling main entry com.android.commands.input.Input
08-05 20:00:24.132  6362  6362 I Input   : injectKeyEvent: KeyEvent { action=ACTION_DOWN, keyCode=KEYCODE_BACK, scanCode=0, metaState=0, flags=0x0, repeatCount=0, eventTime=820840545, downTime=820840545, deviceId=-1, source=0x101 }
08-05 20:00:24.137  4844  4855 I art     : Explicit concurrent mark sweep GC freed 3(96B) AllocSpace objects, 0(0B) LOS objects, 23% free, 52MB/68MB, paused 569us total 24.964ms
08-05 20:00:24.139  6362  6362 I Input   : injectKeyEvent: KeyEvent { action=ACTION_UP, keyCode=KEYCODE_BACK, scanCode=0, metaState=0, flags=0x0, repeatCount=0, eventTime=820840545, downTime=820840545, deviceId=-1, source=0x101 }
08-05 20:00:24.145  6362  6362 D AndroidRuntime: Shutting down VM
08-05 20:00:24.147  4844  4855 I art     : Starting a blocking GC Explicit
08-05 20:00:24.171  4844  4855 I art     : Explicit concurrent mark sweep GC freed 150(6KB) AllocSpace objects, 0(0B) LOS objects, 23% free, 52MB/68MB, paused 531us total 23.720ms
08-05 20:00:24.190 13866 13866 I GoogleInputMethodServic: GoogleInputMethodService.onFinishInput():3138 
08-05 20:00:24.191 13866 13866 I GoogleInputMethodServic: GoogleInputMethodService.onStartInput():1808 
08-05 20:00:24.468  4844  4879 I art     : Starting a blocking GC Explicit
08-05 20:00:24.493  4844  4879 I art     : Explicit concurrent mark sweep GC freed 1928(107KB) AllocSpace objects, 1(20KB) LOS objects, 23% free, 52MB/68MB, paused 536us total 24.545ms
08-05 20:00:24.505  4844  4879 I art     : Starting a blocking GC Explicit
08-05 20:00:24.528  4844  4879 I art     : Explicit concurrent mark sweep GC freed 563(25KB) AllocSpace objects, 0(0B) LOS objects, 23% free, 52MB/68MB, paused 526us total 22.002ms
08-05 20:00:24.537  4844  4879 I art     : Starting a blocking GC Explicit
08-05 20:00:24.561  4844  4879 I art     : Explicit concurrent mark sweep GC freed 2083(127KB) AllocSpace objects, 2(140KB) LOS objects, 23% free, 51MB/67MB, paused 526us total 23.296ms
08-05 20:00:24.571  4844  4879 I art     : Starting a blocking GC Explicit
08-05 20:00:24.594  4844  4879 I art     : Explicit concurrent mark sweep GC freed 3(96B) AllocSpace objects, 0(0B) LOS objects, 23% free, 51MB/67MB, paused 542us total 22.850ms
08-05 20:00:24.605  4844  4879 I art     : Starting a blocking GC Explicit
08-05 20:00:24.629  4844  4879 I art     : Explicit concurrent mark sweep GC freed 3(96B) AllocSpace objects, 0(0B) LOS objects, 23% free, 51MB/67MB, paused 562us total 23.654ms
08-05 20:00:24.930  4844  5773 I art     : Starting a blocking GC Explicit
08-05 20:00:24.959  4844  5773 I art     : Explicit concurrent mark sweep GC freed 1340(78KB) AllocSpace objects, 1(20KB) LOS objects, 23% free, 51MB/67MB, paused 553us total 28.321ms
08-05 20:00:24.975  4844  5773 I art     : Starting a blocking GC Explicit
08-05 20:00:24.998  4844  5773 I art     : Explicit concurrent mark sweep GC freed 20(704B) AllocSpace objects, 0(0B) LOS objects, 23% free, 51MB/67MB, paused 551us total 23.178ms
08-05 20:00:25.008  4844  5773 I art     : Starting a blocking GC Explicit
08-05 20:00:25.032  4844  5773 I art     : Explicit concurrent mark sweep GC freed 3(96B) AllocSpace objects, 0(0B) LOS objects, 23% free, 51MB/67MB, paused 536us total 23.355ms
08-05 20:00:25.043  4844  5773 I art     : Starting a blocking GC Explicit
08-05 20:00:25.067  4844  5773 I art     : Explicit concurrent mark sweep GC freed 3(96B) AllocSpace objects, 0(0B) LOS objects, 23% free, 51MB/67MB, paused 538us total 23.554ms
08-05 20:00:25.077  4844  5773 I art     : Starting a blocking GC Explicit
08-05 20:00:25.101  4844  5773 I art     : Explicit concurrent mark sweep GC freed 3(96B) AllocSpace objects, 0(0B) LOS objects, 23% free, 51MB/67MB, paused 551us total 23.394ms
08-05 20:00:25.408  4844  4856 I art     : Starting a blocking GC Explicit
08-05 20:00:25.436  4844  4856 I art     : Explicit concurrent mark sweep GC freed 1338(78KB) AllocSpace objects, 1(20KB) LOS objects, 23% free, 51MB/67MB, paused 596us total 27.237ms
08-05 20:00:25.448  4844  4856 I art     : Starting a blocking GC Explicit
08-05 20:00:25.472  4844  4856 I art     : Explicit concurrent mark sweep GC freed 20(704B) AllocSpace objects, 0(0B) LOS objects, 23% free, 51MB/67MB, paused 563us total 23.460ms
08-05 20:00:25.482  4844  4856 I art     : Starting a blocking GC Explicit
08-05 20:00:25.506  4844  4856 I art     : Explicit concurrent mark sweep GC freed 3(96B) AllocSpace objects, 0(0B) LOS objects, 23% free, 51MB/67MB, paused 556us total 23.002ms
08-05 20:00:25.516  4844  4856 I art     : Starting a blocking GC Explicit
08-05 20:00:25.539  4844  4856 I art     : Explicit concurrent mark sweep GC freed 3(96B) AllocSpace objects, 0(0B) LOS objects, 23% free, 51MB/67MB, paused 535us total 22.393ms
08-05 20:00:25.549  4844  4856 I art     : Starting a blocking GC Explicit
08-05 20:00:25.572  4844  4856 I art     : Explicit concurrent mark sweep GC freed 3(96B) AllocSpace objects, 0(0B) LOS objects, 23% free, 51MB/67MB, paused 550us total 22.861ms
08-05 20:00:25.870  4844  4855 I art     : Starting a blocking GC Explicit
08-05 20:00:25.895  4844  4855 I art     : Explicit concurrent mark sweep GC freed 1338(78KB) AllocSpace objects, 1(20KB) LOS objects, 23% free, 51MB/67MB, paused 571us total 25.346ms
08-05 20:00:25.911  4844  4855 I art     : Starting a blocking GC Explicit
08-05 20:00:25.934  4844  4855 I art     : Explicit concurrent mark sweep GC freed 20(704B) AllocSpace objects, 0(0B) LOS objects, 23% free, 51MB/67MB, paused 577us total 23.265ms
08-05 20:00:25.945  4844  4855 I art     : Starting a blocking GC Explicit
08-05 20:00:25.958  6420  6420 D AndroidRuntime: >>>>>> START com.android.internal.os.RuntimeInit uid 2000 <<<<<<
08-05 20:00:25.964  6420  6420 D AndroidRuntime: CheckJNI is OFF
08-05 20:00:25.969  4844  4855 I art     : Explicit concurrent mark sweep GC freed 3(96B) AllocSpace objects, 0(0B) LOS objects, 23% free, 51MB/67MB, paused 562us total 23.868ms
08-05 20:00:25.980  4844  4855 I art     : Starting a blocking GC Explicit
08-05 20:00:26.003  4844  4855 I art     : Explicit concurrent mark sweep GC freed 3(96B) AllocSpace objects, 0(0B) LOS objects, 23% free, 51MB/67MB, paused 569us total 23.003ms
08-05 20:00:26.011  6420  6420 D ICU     : No timezone override file found: /data/misc/zoneinfo/current/icu/icu_tzdata.dat
08-05 20:00:26.014  4844  4855 I art     : Starting a blocking GC Explicit
08-05 20:00:26.037  4844  4855 I art     : Explicit concurrent mark sweep GC freed 3(96B) AllocSpace objects, 0(0B) LOS objects, 23% free, 51MB/67MB, paused 624us total 22.654ms
08-05 20:00:26.059  6420  6420 I Radio-JNI: register_android_hardware_Radio DONE
08-05 20:00:26.089  6420  6420 D AndroidRuntime: Calling main entry com.android.commands.input.Input
08-05 20:00:26.091  6420  6420 I Input   : injectMotionEvent: MotionEvent { action=ACTION_DOWN, actionButton=0, id[0]=0, x[0]=337.0, y[0]=1104.0, toolType[0]=TOOL_TYPE_UNKNOWN, buttonState=0, metaState=0, flags=0x0, edgeFlags=0x0, pointerCount=1, historySize=0, eventTime=820842503, downTime=820842503, deviceId=0, source=0x1002 }
08-05 20:00:26.100  6420  6420 I Input   : injectMotionEvent: MotionEvent { action=ACTION_UP, actionButton=0, id[0]=0, x[0]=337.0, y[0]=1104.0, toolType[0]=TOOL_TYPE_UNKNOWN, buttonState=0, metaState=0, flags=0x0, edgeFlags=0x0, pointerCount=1, historySize=0, eventTime=820842503, downTime=820842503, deviceId=0, source=0x1002 }
08-05 20:00:26.102   918  3714 I ActivityManager: START u0 {cmp=baseline.appteam.nith.hillffair/.activities.BattleDayActivity} from uid 10675 on display 0
08-05 20:00:26.111  6420  6420 D AndroidRuntime: Shutting down VM
08-05 20:00:26.192 13866 13866 I GoogleInputMethodServic: GoogleInputMethodService.onFinishInput():3138 
08-05 20:00:26.193 13866 13866 I GoogleInputMethodServic: GoogleInputMethodService.onStartInput():1808 
08-05 20:00:26.215   918   936 I ActivityManager: Displayed baseline.appteam.nith.hillffair/.activities.BattleDayActivity: +103ms
08-05 20:00:26.312  4844  4856 I art     : Starting a blocking GC Explicit
08-05 20:00:26.340  4844  4856 I art     : Explicit concurrent mark sweep GC freed 6361(383KB) AllocSpace objects, 1(20KB) LOS objects, 23% free, 52MB/68MB, paused 713us total 27.907ms
08-05 20:00:26.351  4844  4856 I art     : Starting a blocking GC Explicit
08-05 20:00:26.379  4844  4856 I art     : Explicit concurrent mark sweep GC freed 258(11KB) AllocSpace objects, 0(0B) LOS objects, 23% free, 52MB/68MB, paused 590us total 27.123ms
08-05 20:00:26.391  4844  4856 I art     : Starting a blocking GC Explicit
08-05 20:00:26.416  4844  4856 I art     : Explicit concurrent mark sweep GC freed 3(96B) AllocSpace objects, 0(0B) LOS objects, 23% free, 52MB/68MB, paused 605us total 24.861ms
08-05 20:00:26.428  4844  4856 I art     : Starting a blocking GC Explicit
08-05 20:00:26.454  4844  4856 I art     : Explicit concurrent mark sweep GC freed 3(96B) AllocSpace objects, 0(0B) LOS objects, 23% free, 52MB/68MB, paused 613us total 26.082ms
08-05 20:00:26.466  4844  4856 I art     : Starting a blocking GC Explicit
08-05 20:00:26.467   380   380 W SurfaceFlinger: couldn't log to binary event log: overflow.
08-05 20:00:26.490  4844  4856 I art     : Explicit concurrent mark sweep GC freed 3(96B) AllocSpace objects, 0(0B) LOS objects, 23% free, 52MB/68MB, paused 601us total 23.337ms
08-05 20:00:26.766  4844  4855 I art     : Starting a blocking GC Explicit
08-05 20:00:26.792  4844  4855 I art     : Explicit concurrent mark sweep GC freed 1448(84KB) AllocSpace objects, 1(20KB) LOS objects, 23% free, 52MB/68MB, paused 620us total 25.251ms
08-05 20:00:26.803  4844  4855 I art     : Starting a blocking GC Explicit
08-05 20:00:26.827  4844  4855 I art     : Explicit concurrent mark sweep GC freed 51(1776B) AllocSpace objects, 0(0B) LOS objects, 23% free, 52MB/68MB, paused 673us total 23.928ms
08-05 20:00:26.838  4844  4855 I art     : Starting a blocking GC Explicit
08-05 20:00:26.862  4844  4855 I art     : Explicit concurrent mark sweep GC freed 15(544B) AllocSpace objects, 0(0B) LOS objects, 23% free, 52MB/68MB, paused 598us total 23.745ms
08-05 20:00:26.872  4844  4855 I art     : Starting a blocking GC Explicit
08-05 20:00:26.896  4844  4855 I art     : Explicit concurrent mark sweep GC freed 13(480B) AllocSpace objects, 0(0B) LOS objects, 23% free, 52MB/68MB, paused 615us total 23.592ms
08-05 20:00:26.907  4844  4855 I art     : Starting a blocking GC Explicit
08-05 20:00:26.930  4844  4855 I art     : Explicit concurrent mark sweep GC freed 13(480B) AllocSpace objects, 0(0B) LOS objects, 23% free, 52MB/68MB, paused 584us total 23.351ms
08-05 20:00:26.999  4844  6443 D OkHttp  : --> GET https://api-hillfair-2k16.herokuapp.com/api/app/events/special http/1.1
08-05 20:00:27.042  4844  6443 D OkHttp  : <-- 200 OK https://api-hillfair-2k16.herokuapp.com/api/app/events/special (42ms, 554-byte body)
08-05 20:00:27.086  4844  4844 I NAPPA_EXPERIMENTATION: MetricNetworkRequestExecutionTime: REQUEST_DURATION_SYSTEM='945',REQUEST_DURATION_OKHTTP='42',REQUEST_SYNCHRONOUS='FALSE',RESPONSE_CODE='200',RESPONSE_METHOD='GET',RESPONSE_LENGTH_OKHTTP='554',RESPONSE_LENGTH_HEADER='554',REQUEST_PROTOCOL='http/1.1',REQUEST_URL='https://api-hillfair-2k16.herokuapp.com/api/app/events/special',
08-05 20:00:27.216  4844  4856 I art     : Starting a blocking GC Explicit
08-05 20:00:27.244  4844  4856 I art     : Explicit concurrent mark sweep GC freed 4978(312KB) AllocSpace objects, 4(220KB) LOS objects, 23% free, 52MB/68MB, paused 597us total 27.542ms
08-05 20:00:27.256  4844  4856 I art     : Starting a blocking GC Explicit
08-05 20:00:27.275 13866 13882 I PeriodicStatsRunner: PeriodicStatsRunner.call():175 call()
08-05 20:00:27.275 13866 13882 I PeriodicStatsRunner: PeriodicStatsRunner.call():179 No submit PeriodicStats since input started.
08-05 20:00:27.283  4844  4856 I art     : Explicit concurrent mark sweep GC freed 1066(121KB) AllocSpace objects, 0(0B) LOS objects, 23% free, 52MB/68MB, paused 580us total 25.755ms
08-05 20:00:27.283  4844  4854 I art     : WaitForGcToComplete blocked for 26.229ms for cause HeapTrim
08-05 20:00:27.294  4844  4856 I art     : Starting a blocking GC Explicit
08-05 20:00:27.320  4844  4856 I art     : Explicit concurrent mark sweep GC freed 3(96B) AllocSpace objects, 0(0B) LOS objects, 23% free, 52MB/68MB, paused 567us total 25.643ms
08-05 20:00:27.331  4844  4856 I art     : Starting a blocking GC Explicit
08-05 20:00:27.356  4844  4856 I art     : Explicit concurrent mark sweep GC freed 3(96B) AllocSpace objects, 0(0B) LOS objects, 23% free, 52MB/68MB, paused 565us total 25.043ms
08-05 20:00:27.367  4844  4856 I art     : Starting a blocking GC Explicit
08-05 20:00:27.392  4844  4856 I art     : Explicit concurrent mark sweep GC freed 3(96B) AllocSpace objects, 0(0B) LOS objects, 23% free, 52MB/68MB, paused 631us total 24.552ms
08-05 20:00:27.697  4844  4855 I art     : Starting a blocking GC Explicit
08-05 20:00:27.728  4844  4855 I art     : Explicit concurrent mark sweep GC freed 1340(78KB) AllocSpace objects, 1(20KB) LOS objects, 23% free, 52MB/68MB, paused 630us total 30.644ms
08-05 20:00:27.742  4844  4855 I art     : Starting a blocking GC Explicit
08-05 20:00:27.770  4844  4855 I art     : Explicit concurrent mark sweep GC freed 20(704B) AllocSpace objects, 0(0B) LOS objects, 23% free, 52MB/68MB, paused 575us total 27.772ms
08-05 20:00:27.781  4844  4855 I art     : Starting a blocking GC Explicit
08-05 20:00:27.809  4844  4855 I art     : Explicit concurrent mark sweep GC freed 3(96B) AllocSpace objects, 0(0B) LOS objects, 23% free, 52MB/68MB, paused 578us total 27.184ms
08-05 20:00:27.820  4844  4855 I art     : Starting a blocking GC Explicit
08-05 20:00:27.847  4844  4855 I art     : Explicit concurrent mark sweep GC freed 3(96B) AllocSpace objects, 0(0B) LOS objects, 23% free, 52MB/68MB, paused 580us total 26.029ms
08-05 20:00:27.858  4844  4855 I art     : Starting a blocking GC Explicit
08-05 20:00:27.886  4844  4855 I art     : Explicit concurrent mark sweep GC freed 3(96B) AllocSpace objects, 0(0B) LOS objects, 23% free, 52MB/68MB, paused 555us total 27.459ms
08-05 20:00:28.214  4844  5773 I art     : Starting a blocking GC Explicit
08-05 20:00:28.249  4844  5773 I art     : Explicit concurrent mark sweep GC freed 1340(78KB) AllocSpace objects, 1(20KB) LOS objects, 23% free, 52MB/68MB, paused 643us total 34.389ms
08-05 20:00:28.264  4844  5773 I art     : Starting a blocking GC Explicit
08-05 20:00:28.294  4844  5773 I art     : Explicit concurrent mark sweep GC freed 20(704B) AllocSpace objects, 0(0B) LOS objects, 23% free, 52MB/68MB, paused 622us total 29.522ms
08-05 20:00:28.305  4844  5773 I art     : Starting a blocking GC Explicit
08-05 20:00:28.330  4844  5773 I art     : Explicit concurrent mark sweep GC freed 3(96B) AllocSpace objects, 0(0B) LOS objects, 23% free, 52MB/68MB, paused 568us total 25.564ms
08-05 20:00:28.342  4844  5773 I art     : Starting a blocking GC Explicit
08-05 20:00:28.368  4844  5773 I art     : Explicit concurrent mark sweep GC freed 3(96B) AllocSpace objects, 0(0B) LOS objects, 23% free, 52MB/68MB, paused 563us total 26.688ms
08-05 20:00:28.380  4844  5773 I art     : Starting a blocking GC Explicit
08-05 20:00:28.407  4844  5773 I art     : Explicit concurrent mark sweep GC freed 3(96B) AllocSpace objects, 0(0B) LOS objects, 23% free, 52MB/68MB, paused 638us total 27.078ms
08-05 20:00:28.750  4844  4879 I art     : Starting a blocking GC Explicit
08-05 20:00:28.784  4844  4879 I art     : Explicit concurrent mark sweep GC freed 1340(78KB) AllocSpace objects, 1(20KB) LOS objects, 23% free, 52MB/68MB, paused 645us total 33.934ms
08-05 20:00:28.802  4844  4879 I art     : Starting a blocking GC Explicit
08-05 20:00:28.831  4844  4879 I art     : Explicit concurrent mark sweep GC freed 20(704B) AllocSpace objects, 0(0B) LOS objects, 23% free, 52MB/68MB, paused 576us total 29.144ms
08-05 20:00:28.843  4844  4879 I art     : Starting a blocking GC Explicit
08-05 20:00:28.871  4844  4879 I art     : Explicit concurrent mark sweep GC freed 3(96B) AllocSpace objects, 0(0B) LOS objects, 23% free, 52MB/68MB, paused 565us total 27.126ms
08-05 20:00:28.882  4844  4879 I art     : Starting a blocking GC Explicit
08-05 20:00:28.909  4844  4879 I art     : Explicit concurrent mark sweep GC freed 3(96B) AllocSpace objects, 0(0B) LOS objects, 23% free, 52MB/68MB, paused 571us total 27.062ms
08-05 20:00:28.920  4844  4879 I art     : Starting a blocking GC Explicit
08-05 20:00:28.947  4844  4879 I art     : Explicit concurrent mark sweep GC freed 3(96B) AllocSpace objects, 0(0B) LOS objects, 23% free, 52MB/68MB, paused 631us total 26.607ms
08-05 20:00:29.193 13866 13882 I PeriodicStatsRunner: PeriodicStatsRunner.call():175 call()
08-05 20:00:29.194 13866 13882 I PeriodicStatsRunner: PeriodicStatsRunner.call():179 No submit PeriodicStats since input started.
08-05 20:00:29.288  4844  4856 I art     : Starting a blocking GC Explicit
08-05 20:00:29.320  4844  4856 I art     : Explicit concurrent mark sweep GC freed 1340(78KB) AllocSpace objects, 1(20KB) LOS objects, 23% free, 52MB/68MB, paused 556us total 31.527ms
08-05 20:00:29.331  4844  4856 I art     : Starting a blocking GC Explicit
08-05 20:00:29.356  4844  4856 I art     : Explicit concurrent mark sweep GC freed 20(704B) AllocSpace objects, 0(0B) LOS objects, 23% free, 52MB/68MB, paused 574us total 25.059ms
08-05 20:00:29.367  4844  4856 I art     : Starting a blocking GC Explicit
08-05 20:00:29.393  4844  4856 I art     : Explicit concurrent mark sweep GC freed 3(96B) AllocSpace objects, 0(0B) LOS objects, 23% free, 52MB/68MB, paused 571us total 25.362ms
08-05 20:00:29.404  4844  4856 I art     : Starting a blocking GC Explicit
08-05 20:00:29.430  4844  4856 I art     : Explicit concurrent mark sweep GC freed 3(96B) AllocSpace objects, 0(0B) LOS objects, 23% free, 52MB/68MB, paused 573us total 25.685ms
08-05 20:00:29.441  4844  4856 I art     : Starting a blocking GC Explicit
08-05 20:00:29.468  4844  4856 I art     : Explicit concurrent mark sweep GC freed 3(96B) AllocSpace objects, 0(0B) LOS objects, 23% free, 52MB/68MB, paused 672us total 26.720ms
08-05 20:00:29.781  4844  4855 I art     : Starting a blocking GC Explicit
08-05 20:00:29.811  4844  4855 I art     : Explicit concurrent mark sweep GC freed 1340(78KB) AllocSpace objects, 1(20KB) LOS objects, 23% free, 52MB/68MB, paused 594us total 30.295ms
08-05 20:00:29.825  4844  4855 I art     : Starting a blocking GC Explicit
08-05 20:00:29.850  4844  4855 I art     : Explicit concurrent mark sweep GC freed 20(704B) AllocSpace objects, 0(0B) LOS objects, 23% free, 52MB/68MB, paused 552us total 25.102ms
08-05 20:00:29.861  4844  4855 I art     : Starting a blocking GC Explicit
08-05 20:00:29.889  4844  4855 I art     : Explicit concurrent mark sweep GC freed 3(96B) AllocSpace objects, 0(0B) LOS objects, 23% free, 52MB/68MB, paused 576us total 27.220ms
08-05 20:00:29.900  4844  4855 I art     : Starting a blocking GC Explicit
08-05 20:00:29.926  4844  4855 I art     : Explicit concurrent mark sweep GC freed 3(96B) AllocSpace objects, 0(0B) LOS objects, 23% free, 52MB/68MB, paused 550us total 25.962ms
08-05 20:00:29.938  4844  4855 I art     : Starting a blocking GC Explicit
08-05 20:00:29.965  4844  4855 I art     : Explicit concurrent mark sweep GC freed 3(96B) AllocSpace objects, 0(0B) LOS objects, 23% free, 52MB/68MB, paused 572us total 27.233ms
08-05 20:00:30.294  4844  5773 I art     : Starting a blocking GC Explicit
08-05 20:00:30.325  4844  5773 I art     : Explicit concurrent mark sweep GC freed 1340(78KB) AllocSpace objects, 1(20KB) LOS objects, 23% free, 52MB/68MB, paused 585us total 31.153ms
08-05 20:00:30.339  4844  5773 I art     : Starting a blocking GC Explicit
08-05 20:00:30.365  4844  5773 I art     : Explicit concurrent mark sweep GC freed 20(704B) AllocSpace objects, 0(0B) LOS objects, 23% free, 52MB/68MB, paused 558us total 26.186ms
08-05 20:00:30.377  4844  5773 I art     : Starting a blocking GC Explicit
08-05 20:00:30.401  4844  5773 I art     : Explicit concurrent mark sweep GC freed 3(96B) AllocSpace objects, 0(0B) LOS objects, 23% free, 52MB/68MB, paused 531us total 23.829ms
08-05 20:00:30.412  4844  5773 I art     : Starting a blocking GC Explicit
08-05 20:00:30.435  4844  5773 I art     : Explicit concurrent mark sweep GC freed 3(96B) AllocSpace objects, 0(0B) LOS objects, 23% free, 52MB/68MB, paused 558us total 23.329ms
08-05 20:00:30.446  4844  5773 I art     : Starting a blocking GC Explicit
08-05 20:00:30.469  2695  2695 I ServiceManager: Waiting for service AtCmdFwd...
08-05 20:00:30.470  4844  5773 I art     : Explicit concurrent mark sweep GC freed 3(96B) AllocSpace objects, 0(0B) LOS objects, 23% free, 52MB/68MB, paused 561us total 24.129ms
08-05 20:00:30.554   918  3261 D WifiStateMachine: starting scan for "H369AA63323"WPA_PSK with 2412,5180
08-05 20:00:30.786  4844  4879 I art     : Starting a blocking GC Explicit
08-05 20:00:30.812  4844  4879 I art     : Explicit concurrent mark sweep GC freed 1340(78KB) AllocSpace objects, 1(20KB) LOS objects, 23% free, 52MB/68MB, paused 605us total 25.779ms
08-05 20:00:30.827  4844  4879 I art     : Starting a blocking GC Explicit
08-05 20:00:30.853  4844  4879 I art     : Explicit concurrent mark sweep GC freed 20(704B) AllocSpace objects, 0(0B) LOS objects, 23% free, 52MB/68MB, paused 579us total 25.668ms
08-05 20:00:30.864  4844  4879 I art     : Starting a blocking GC Explicit
08-05 20:00:30.889  4844  4879 I art     : Explicit concurrent mark sweep GC freed 3(96B) AllocSpace objects, 0(0B) LOS objects, 23% free, 52MB/68MB, paused 589us total 24.756ms
08-05 20:00:30.900  4844  4879 I art     : Starting a blocking GC Explicit
08-05 20:00:30.916  6536  6536 D AndroidRuntime: >>>>>> START com.android.internal.os.RuntimeInit uid 2000 <<<<<<
08-05 20:00:30.922  6536  6536 D AndroidRuntime: CheckJNI is OFF
08-05 20:00:30.926  4844  4879 I art     : Explicit concurrent mark sweep GC freed 3(96B) AllocSpace objects, 0(0B) LOS objects, 23% free, 52MB/68MB, paused 606us total 25.581ms
08-05 20:00:30.937  4844  4879 I art     : Starting a blocking GC Explicit
08-05 20:00:30.962  4844  4879 I art     : Explicit concurrent mark sweep GC freed 3(96B) AllocSpace objects, 0(0B) LOS objects, 23% free, 52MB/68MB, paused 580us total 24.774ms
08-05 20:00:30.969  6536  6536 D ICU     : No timezone override file found: /data/misc/zoneinfo/current/icu/icu_tzdata.dat
08-05 20:00:31.014  6536  6536 I Radio-JNI: register_android_hardware_Radio DONE
08-05 20:00:31.043  6536  6536 D AndroidRuntime: Calling main entry com.android.commands.input.Input
08-05 20:00:31.046  6536  6536 I Input   : injectMotionEvent: MotionEvent { action=ACTION_DOWN, actionButton=0, id[0]=0, x[0]=733.0, y[0]=645.0, toolType[0]=TOOL_TYPE_UNKNOWN, buttonState=0, metaState=0, flags=0x0, edgeFlags=0x0, pointerCount=1, historySize=0, eventTime=820847458, downTime=820847458, deviceId=0, source=0x1002 }
08-05 20:00:31.052  6536  6536 I Input   : injectMotionEvent: MotionEvent { action=ACTION_UP, actionButton=0, id[0]=0, x[0]=733.0, y[0]=645.0, toolType[0]=TOOL_TYPE_UNKNOWN, buttonState=0, metaState=0, flags=0x0, edgeFlags=0x0, pointerCount=1, historySize=0, eventTime=820847458, downTime=820847458, deviceId=0, source=0x1002 }
08-05 20:00:31.054   918  3696 I ActivityManager: START u0 {cmp=baseline.appteam.nith.hillffair/.activities.ClubActivity (has extras)} from uid 10675 on display 0
08-05 20:00:31.064  6536  6536 D AndroidRuntime: Shutting down VM
08-05 20:00:31.162 13866 13866 I GoogleInputMethodServic: GoogleInputMethodService.onFinishInput():3138 
08-05 20:00:31.162 13866 13866 I GoogleInputMethodServic: GoogleInputMethodService.onStartInput():1808 
08-05 20:00:31.163   918   936 I ActivityManager: Displayed baseline.appteam.nith.hillffair/.activities.ClubActivity: +98ms
08-05 20:00:31.194 13866 13882 I PeriodicStatsRunner: PeriodicStatsRunner.call():175 call()
08-05 20:00:31.194 13866 13882 I PeriodicStatsRunner: PeriodicStatsRunner.call():179 No submit PeriodicStats since input started.
08-05 20:00:31.242  4844  4879 I art     : Starting a blocking GC Explicit
08-05 20:00:31.268  4844  4879 I art     : Explicit concurrent mark sweep GC freed 5308(332KB) AllocSpace objects, 1(20KB) LOS objects, 23% free, 52MB/68MB, paused 609us total 25.480ms
08-05 20:00:31.279  4844  4879 I art     : Starting a blocking GC Explicit
08-05 20:00:31.308  4844  4879 I art     : Explicit concurrent mark sweep GC freed 214(10KB) AllocSpace objects, 0(0B) LOS objects, 23% free, 52MB/68MB, paused 651us total 28.862ms
08-05 20:00:31.320  4844  4879 I art     : Starting a blocking GC Explicit
08-05 20:00:31.349  4844  4879 I art     : Explicit concurrent mark sweep GC freed 3(96B) AllocSpace objects, 0(0B) LOS objects, 23% free, 52MB/68MB, paused 669us total 28.469ms
08-05 20:00:31.362  4844  4879 I art     : Starting a blocking GC Explicit
08-05 20:00:31.391  4844  4879 I art     : Explicit concurrent mark sweep GC freed 3(96B) AllocSpace objects, 0(0B) LOS objects, 23% free, 52MB/68MB, paused 630us total 28.464ms
08-05 20:00:31.403  4844  4879 I art     : Starting a blocking GC Explicit
08-05 20:00:31.421   380   380 W SurfaceFlinger: couldn't log to binary event log: overflow.
08-05 20:00:31.432  4844  4879 I art     : Explicit concurrent mark sweep GC freed 3(96B) AllocSpace objects, 0(0B) LOS objects, 23% free, 52MB/68MB, paused 630us total 28.792ms
08-05 20:00:31.470  2695  2695 I ServiceManager: Waiting for service AtCmdFwd...
08-05 20:00:31.732  4844  4856 I art     : Starting a blocking GC Explicit
08-05 20:00:31.758  4844  4856 I art     : Explicit concurrent mark sweep GC freed 1481(86KB) AllocSpace objects, 1(20KB) LOS objects, 23% free, 52MB/68MB, paused 624us total 26.138ms
08-05 20:00:31.769  4844  4856 I art     : Starting a blocking GC Explicit
08-05 20:00:31.796  4844  4856 I art     : Explicit concurrent mark sweep GC freed 910(66KB) AllocSpace objects, 2(120KB) LOS objects, 23% free, 52MB/68MB, paused 881us total 26.847ms
08-05 20:00:31.807  4844  4856 I art     : Starting a blocking GC Explicit
08-05 20:00:31.816  4844  6561 D OkHttp  : --> GET https://api-hillfair-2k16.herokuapp.com/api/app/events/special/event?id=5806551bdcba0f490c70fd1f http/1.1
08-05 20:00:31.833  4844  4856 I art     : Explicit concurrent mark sweep GC freed 2226(129KB) AllocSpace objects, 1(80KB) LOS objects, 23% free, 52MB/68MB, paused 666us total 25.559ms
08-05 20:00:31.844  4844  4856 I art     : Starting a blocking GC Explicit
08-05 20:00:31.852  4844  6561 D OkHttp  : <-- 200 OK https://api-hillfair-2k16.herokuapp.com/api/app/events/special/event?id=5806551bdcba0f490c70fd1f (35ms, 795-byte body)
08-05 20:00:31.868  4844  4856 I art     : Explicit concurrent mark sweep GC freed 615(88KB) AllocSpace objects, 0(0B) LOS objects, 23% free, 52MB/68MB, paused 653us total 24.192ms
08-05 20:00:31.878  4844  4856 I art     : Starting a blocking GC Explicit
08-05 20:00:31.904  4844  4856 I art     : Explicit concurrent mark sweep GC freed 154(6KB) AllocSpace objects, 0(0B) LOS objects, 23% free, 52MB/68MB, paused 611us total 25.552ms
08-05 20:00:31.907  4844  4844 I NAPPA_EXPERIMENTATION: MetricNetworkRequestExecutionTime: REQUEST_DURATION_SYSTEM='810',REQUEST_DURATION_OKHTTP='35',REQUEST_SYNCHRONOUS='FALSE',RESPONSE_CODE='200',RESPONSE_METHOD='GET',RESPONSE_LENGTH_OKHTTP='795',RESPONSE_LENGTH_HEADER='795',REQUEST_PROTOCOL='http/1.1',REQUEST_URL='https://api-hillfair-2k16.herokuapp.com/api/app/events/special/event?id=5806551bdcba0f490c70fd1f',
08-05 20:00:32.210  4844  5773 I art     : Starting a blocking GC Explicit
08-05 20:00:32.237  4844  5773 I art     : Explicit concurrent mark sweep GC freed 1883(139KB) AllocSpace objects, 1(20KB) LOS objects, 23% free, 52MB/68MB, paused 599us total 26.556ms
08-05 20:00:32.249  4844  5773 I art     : Starting a blocking GC Explicit
08-05 20:00:32.275  4844  5773 I art     : Explicit concurrent mark sweep GC freed 61(2048B) AllocSpace objects, 0(0B) LOS objects, 23% free, 52MB/68MB, paused 558us total 26.081ms
08-05 20:00:32.286  4844  5773 I art     : Starting a blocking GC Explicit
08-05 20:00:32.312  4844  5773 I art     : Explicit concurrent mark sweep GC freed 19(656B) AllocSpace objects, 0(0B) LOS objects, 23% free, 52MB/68MB, paused 585us total 24.936ms
08-05 20:00:32.322  4844  5773 I art     : Starting a blocking GC Explicit
08-05 20:00:32.348  4844  5773 I art     : Explicit concurrent mark sweep GC freed 3(96B) AllocSpace objects, 0(0B) LOS objects, 23% free, 52MB/68MB, paused 601us total 25.819ms
08-05 20:00:32.348  4844  4854 I art     : WaitForGcToComplete blocked for 26.076ms for cause HeapTrim
08-05 20:00:32.359  4844  5773 I art     : Starting a blocking GC Explicit
08-05 20:00:32.384  4844  5773 I art     : Explicit concurrent mark sweep GC freed 3(96B) AllocSpace objects, 0(0B) LOS objects, 23% free, 52MB/68MB, paused 543us total 24.573ms
08-05 20:00:32.470  2695  2695 I ServiceManager: Waiting for service AtCmdFwd...
08-05 20:00:32.703  4844  4855 I art     : Starting a blocking GC Explicit
08-05 20:00:32.736  4844  4855 I art     : Explicit concurrent mark sweep GC freed 1341(78KB) AllocSpace objects, 1(20KB) LOS objects, 23% free, 52MB/68MB, paused 623us total 32.504ms
08-05 20:00:32.750  4844  4855 I art     : Starting a blocking GC Explicit
08-05 20:00:32.779  4844  4855 I art     : Explicit concurrent mark sweep GC freed 20(704B) AllocSpace objects, 0(0B) LOS objects, 23% free, 52MB/68MB, paused 598us total 27.984ms
08-05 20:00:32.790  4844  4855 I art     : Starting a blocking GC Explicit
08-05 20:00:32.819  4844  4855 I art     : Explicit concurrent mark sweep GC freed 3(96B) AllocSpace objects, 0(0B) LOS objects, 23% free, 52MB/68MB, paused 569us total 28.120ms
08-05 20:00:32.830  4844  4855 I art     : Starting a blocking GC Explicit
08-05 20:00:32.859  4844  4855 I art     : Explicit concurrent mark sweep GC freed 3(96B) AllocSpace objects, 0(0B) LOS objects, 23% free, 52MB/68MB, paused 596us total 28.754ms
08-05 20:00:32.871  4844  4855 I art     : Starting a blocking GC Explicit
08-05 20:00:32.900  4844  4855 I art     : Explicit concurrent mark sweep GC freed 3(96B) AllocSpace objects, 0(0B) LOS objects, 23% free, 52MB/68MB, paused 587us total 28.828ms
08-05 20:00:33.238  4844  4879 I art     : Starting a blocking GC Explicit
08-05 20:00:33.277  4844  4879 I art     : Explicit concurrent mark sweep GC freed 1341(78KB) AllocSpace objects, 1(20KB) LOS objects, 23% free, 52MB/68MB, paused 759us total 37.881ms
08-05 20:00:33.295  4844  4879 I art     : Starting a blocking GC Explicit
08-05 20:00:33.327  4844  4879 I art     : Explicit concurrent mark sweep GC freed 20(704B) AllocSpace objects, 0(0B) LOS objects, 23% free, 52MB/68MB, paused 615us total 31.699ms
08-05 20:00:33.339  4844  4879 I art     : Starting a blocking GC Explicit
08-05 20:00:33.368  4844  4879 I art     : Explicit concurrent mark sweep GC freed 3(96B) AllocSpace objects, 0(0B) LOS objects, 23% free, 52MB/68MB, paused 609us total 28.708ms
08-05 20:00:33.380  4844  4879 I art     : Starting a blocking GC Explicit
08-05 20:00:33.409  4844  4879 I art     : Explicit concurrent mark sweep GC freed 3(96B) AllocSpace objects, 0(0B) LOS objects, 23% free, 52MB/68MB, paused 620us total 28.731ms
08-05 20:00:33.420  4844  4879 I art     : Starting a blocking GC Explicit
08-05 20:00:33.449  4844  4879 I art     : Explicit concurrent mark sweep GC freed 3(96B) AllocSpace objects, 0(0B) LOS objects, 23% free, 52MB/68MB, paused 607us total 28.858ms
08-05 20:00:33.471  2695  2695 I ServiceManager: Waiting for service AtCmdFwd...
08-05 20:00:33.763  4844  4856 I art     : Starting a blocking GC Explicit
08-05 20:00:33.795  4844  4856 I art     : Explicit concurrent mark sweep GC freed 1341(78KB) AllocSpace objects, 1(20KB) LOS objects, 23% free, 52MB/68MB, paused 642us total 31.414ms
08-05 20:00:33.809  4844  4856 I art     : Starting a blocking GC Explicit
08-05 20:00:33.838  4844  4856 I art     : Explicit concurrent mark sweep GC freed 20(704B) AllocSpace objects, 0(0B) LOS objects, 23% free, 52MB/68MB, paused 644us total 28.945ms
08-05 20:00:33.850  4844  4856 I art     : Starting a blocking GC Explicit
08-05 20:00:33.879  4844  4856 I art     : Explicit concurrent mark sweep GC freed 3(96B) AllocSpace objects, 0(0B) LOS objects, 23% free, 52MB/68MB, paused 638us total 28.699ms
08-05 20:00:33.890  4844  4856 I art     : Starting a blocking GC Explicit
08-05 20:00:33.919  4844  4856 I art     : Explicit concurrent mark sweep GC freed 3(96B) AllocSpace objects, 0(0B) LOS objects, 23% free, 52MB/68MB, paused 624us total 28.687ms
08-05 20:00:33.930  4844  4856 I art     : Starting a blocking GC Explicit
08-05 20:00:33.959  4844  4856 I art     : Explicit concurrent mark sweep GC freed 3(96B) AllocSpace objects, 0(0B) LOS objects, 23% free, 52MB/68MB, paused 618us total 28.807ms
08-05 20:00:34.283  4844  5773 I art     : Starting a blocking GC Explicit
08-05 20:00:34.323  4844  5773 I art     : Explicit concurrent mark sweep GC freed 1341(78KB) AllocSpace objects, 1(20KB) LOS objects, 23% free, 52MB/68MB, paused 798us total 39.731ms
08-05 20:00:34.341  4844  5773 I art     : Starting a blocking GC Explicit
08-05 20:00:34.369  4844  5773 I art     : Explicit concurrent mark sweep GC freed 20(704B) AllocSpace objects, 0(0B) LOS objects, 23% free, 52MB/68MB, paused 610us total 28.130ms
08-05 20:00:34.380  4844  5773 I art     : Starting a blocking GC Explicit
08-05 20:00:34.410  4844  5773 I art     : Explicit concurrent mark sweep GC freed 3(96B) AllocSpace objects, 0(0B) LOS objects, 23% free, 52MB/68MB, paused 612us total 28.865ms
08-05 20:00:34.421  4844  5773 I art     : Starting a blocking GC Explicit
08-05 20:00:34.449  4844  5773 I art     : Explicit concurrent mark sweep GC freed 3(96B) AllocSpace objects, 0(0B) LOS objects, 23% free, 52MB/68MB, paused 587us total 27.733ms
08-05 20:00:34.461  4844  5773 I art     : Starting a blocking GC Explicit
08-05 20:00:34.472  2695  2695 I ServiceManager: Waiting for service AtCmdFwd...
08-05 20:00:34.489  4844  5773 I art     : Explicit concurrent mark sweep GC freed 3(96B) AllocSpace objects, 0(0B) LOS objects, 23% free, 52MB/68MB, paused 606us total 28.150ms
08-05 20:00:34.834  4844  4855 I art     : Starting a blocking GC Explicit
08-05 20:00:34.867  4844  4855 I art     : Explicit concurrent mark sweep GC freed 1341(78KB) AllocSpace objects, 1(20KB) LOS objects, 23% free, 52MB/68MB, paused 629us total 32.661ms
08-05 20:00:34.881  4844  4855 I art     : Starting a blocking GC Explicit
08-05 20:00:34.914  4844  4855 I art     : Explicit concurrent mark sweep GC freed 20(704B) AllocSpace objects, 0(0B) LOS objects, 23% free, 52MB/68MB, paused 625us total 32.521ms
08-05 20:00:34.929  4844  4855 I art     : Starting a blocking GC Explicit
08-05 20:00:34.959  4844  4855 I art     : Explicit concurrent mark sweep GC freed 3(96B) AllocSpace objects, 0(0B) LOS objects, 23% free, 52MB/68MB, paused 608us total 29.435ms
08-05 20:00:34.970  4844  4855 I art     : Starting a blocking GC Explicit
08-05 20:00:34.998  4844  4855 I art     : Explicit concurrent mark sweep GC freed 3(96B) AllocSpace objects, 0(0B) LOS objects, 23% free, 52MB/68MB, paused 588us total 28.248ms
08-05 20:00:35.010  4844  4855 I art     : Starting a blocking GC Explicit
08-05 20:00:35.038  4844  4855 I art     : Explicit concurrent mark sweep GC freed 3(96B) AllocSpace objects, 0(0B) LOS objects, 23% free, 52MB/68MB, paused 639us total 27.719ms
08-05 20:00:35.368  4844  4879 I art     : Starting a blocking GC Explicit
08-05 20:00:35.396  4844  4879 I art     : Explicit concurrent mark sweep GC freed 1341(78KB) AllocSpace objects, 1(20KB) LOS objects, 23% free, 52MB/68MB, paused 680us total 28.394ms
08-05 20:00:35.413  4844  4879 I art     : Starting a blocking GC Explicit
08-05 20:00:35.439  4844  4879 I art     : Explicit concurrent mark sweep GC freed 20(704B) AllocSpace objects, 0(0B) LOS objects, 23% free, 52MB/68MB, paused 616us total 26.311ms
08-05 20:00:35.450  4844  4879 I art     : Starting a blocking GC Explicit
08-05 20:00:35.473  2695  2695 W Atfwd_Sendcmd: AtCmdFwd service not published, waiting... retryCnt : 3
08-05 20:00:35.478  4844  4879 I art     : Explicit concurrent mark sweep GC freed 3(96B) AllocSpace objects, 0(0B) LOS objects, 23% free, 52MB/68MB, paused 635us total 27.379ms
08-05 20:00:35.489  4844  4879 I art     : Starting a blocking GC Explicit
08-05 20:00:35.517  4844  4879 I art     : Explicit concurrent mark sweep GC freed 3(96B) AllocSpace objects, 0(0B) LOS objects, 23% free, 52MB/68MB, paused 596us total 27.586ms
08-05 20:00:35.528  4844  4879 I art     : Starting a blocking GC Explicit
08-05 20:00:35.554  4844  4879 I art     : Explicit concurrent mark sweep GC freed 3(96B) AllocSpace objects, 0(0B) LOS objects, 23% free, 52MB/68MB, paused 600us total 25.748ms
08-05 20:00:35.856  6652  6652 D AndroidRuntime: >>>>>> START com.android.internal.os.RuntimeInit uid 2000 <<<<<<
08-05 20:00:35.863  6652  6652 D AndroidRuntime: CheckJNI is OFF
08-05 20:00:35.883  4844  4856 I art     : Starting a blocking GC Explicit
08-05 20:00:35.911  4844  4856 I art     : Explicit concurrent mark sweep GC freed 1341(78KB) AllocSpace objects, 1(20KB) LOS objects, 23% free, 52MB/68MB, paused 637us total 27.789ms
08-05 20:00:35.912  6652  6652 D ICU     : No timezone override file found: /data/misc/zoneinfo/current/icu/icu_tzdata.dat
08-05 20:00:35.922  4844  4856 I art     : Starting a blocking GC Explicit
08-05 20:00:35.948  4844  4856 I art     : Explicit concurrent mark sweep GC freed 20(704B) AllocSpace objects, 0(0B) LOS objects, 23% free, 52MB/68MB, paused 656us total 25.775ms
08-05 20:00:35.959  4844  4856 I art     : Starting a blocking GC Explicit
08-05 20:00:35.959  6652  6652 I Radio-JNI: register_android_hardware_Radio DONE
08-05 20:00:35.986  4844  4856 I art     : Explicit concurrent mark sweep GC freed 3(96B) AllocSpace objects, 0(0B) LOS objects, 23% free, 52MB/68MB, paused 622us total 27.431ms
08-05 20:00:35.989  6652  6652 D AndroidRuntime: Calling main entry com.android.commands.input.Input
08-05 20:00:35.990  6652  6652 I Input   : injectKeyEvent: KeyEvent { action=ACTION_DOWN, keyCode=KEYCODE_BACK, scanCode=0, metaState=0, flags=0x0, repeatCount=0, eventTime=820852403, downTime=820852403, deviceId=-1, source=0x101 }
08-05 20:00:35.997  4844  4856 I art     : Starting a blocking GC Explicit
08-05 20:00:35.997  6652  6652 I Input   : injectKeyEvent: KeyEvent { action=ACTION_UP, keyCode=KEYCODE_BACK, scanCode=0, metaState=0, flags=0x0, repeatCount=0, eventTime=820852403, downTime=820852403, deviceId=-1, source=0x101 }
08-05 20:00:36.003  6652  6652 D AndroidRuntime: Shutting down VM
08-05 20:00:36.022  4844  4856 I art     : Explicit concurrent mark sweep GC freed 135(6KB) AllocSpace objects, 0(0B) LOS objects, 23% free, 52MB/68MB, paused 596us total 24.642ms
08-05 20:00:36.033  4844  4856 I art     : Starting a blocking GC Explicit
08-05 20:00:36.039 13866 13866 I GoogleInputMethodServic: GoogleInputMethodService.onFinishInput():3138 
08-05 20:00:36.040 13866 13866 I GoogleInputMethodServic: GoogleInputMethodService.onStartInput():1808 
08-05 20:00:36.057  4844  4856 I art     : Explicit concurrent mark sweep GC freed 37(1360B) AllocSpace objects, 0(0B) LOS objects, 23% free, 52MB/68MB, paused 635us total 24.675ms
08-05 20:00:36.164 13866 13882 I PeriodicStatsRunner: PeriodicStatsRunner.call():175 call()
08-05 20:00:36.165 13866 13882 I PeriodicStatsRunner: PeriodicStatsRunner.call():179 No submit PeriodicStats since input started.
08-05 20:00:36.325   380   380 W SurfaceFlinger: couldn't log to binary event log: overflow.
08-05 20:00:36.354  4844  4879 I art     : Starting a blocking GC Explicit
08-05 20:00:36.380  4844  4879 I art     : Explicit concurrent mark sweep GC freed 1460(87KB) AllocSpace objects, 1(20KB) LOS objects, 23% free, 52MB/68MB, paused 1.024ms total 25.951ms
08-05 20:00:36.392  4844  4879 I art     : Starting a blocking GC Explicit
08-05 20:00:36.415  4844  4879 I art     : Explicit concurrent mark sweep GC freed 1672(107KB) AllocSpace objects, 3(400KB) LOS objects, 23% free, 52MB/68MB, paused 571us total 23.136ms
08-05 20:00:36.425  4844  4879 I art     : Starting a blocking GC Explicit
08-05 20:00:36.448  4844  4879 I art     : Explicit concurrent mark sweep GC freed 3(96B) AllocSpace objects, 0(0B) LOS objects, 23% free, 52MB/68MB, paused 564us total 22.626ms
08-05 20:00:36.458  4844  4879 I art     : Starting a blocking GC Explicit
08-05 20:00:36.481  4844  4879 I art     : Explicit concurrent mark sweep GC freed 3(96B) AllocSpace objects, 0(0B) LOS objects, 23% free, 52MB/68MB, paused 558us total 22.858ms
08-05 20:00:36.492  4844  4879 I art     : Starting a blocking GC Explicit
08-05 20:00:36.515  4844  4879 I art     : Explicit concurrent mark sweep GC freed 3(96B) AllocSpace objects, 0(0B) LOS objects, 23% free, 52MB/68MB, paused 570us total 23.514ms
08-05 20:00:36.794  4844  4855 I art     : Starting a blocking GC Explicit
08-05 20:00:36.820  4844  4855 I art     : Explicit concurrent mark sweep GC freed 1341(78KB) AllocSpace objects, 1(20KB) LOS objects, 23% free, 52MB/68MB, paused 676us total 25.336ms
08-05 20:00:36.831  4844  4855 I art     : Starting a blocking GC Explicit
08-05 20:00:36.856  4844  4855 I art     : Explicit concurrent mark sweep GC freed 20(704B) AllocSpace objects, 0(0B) LOS objects, 23% free, 52MB/68MB, paused 540us total 24.894ms
08-05 20:00:36.867  4844  4855 I art     : Starting a blocking GC Explicit
08-05 20:00:36.891  4844  4855 I art     : Explicit concurrent mark sweep GC freed 3(96B) AllocSpace objects, 0(0B) LOS objects, 23% free, 52MB/68MB, paused 580us total 24.442ms
08-05 20:00:36.902  4844  4855 I art     : Starting a blocking GC Explicit
08-05 20:00:36.928  4844  4855 I art     : Explicit concurrent mark sweep GC freed 3(96B) AllocSpace objects, 0(0B) LOS objects, 23% free, 52MB/68MB, paused 735us total 25.261ms
08-05 20:00:36.939  4844  4855 I art     : Starting a blocking GC Explicit
08-05 20:00:36.964  4844  4855 I art     : Explicit concurrent mark sweep GC freed 3(96B) AllocSpace objects, 0(0B) LOS objects, 23% free, 52MB/68MB, paused 579us total 25.010ms
08-05 20:00:37.274  4844  5773 I art     : Starting a blocking GC Explicit
08-05 20:00:37.300  4844  5773 I art     : Explicit concurrent mark sweep GC freed 1340(78KB) AllocSpace objects, 1(20KB) LOS objects, 23% free, 52MB/68MB, paused 607us total 25.469ms
08-05 20:00:37.311  4844  5773 I art     : Starting a blocking GC Explicit
08-05 20:00:37.336  4844  5773 I art     : Explicit concurrent mark sweep GC freed 20(704B) AllocSpace objects, 0(0B) LOS objects, 23% free, 52MB/68MB, paused 586us total 24.720ms
08-05 20:00:37.347  4844  5773 I art     : Starting a blocking GC Explicit
08-05 20:00:37.372  4844  5773 I art     : Explicit concurrent mark sweep GC freed 3(96B) AllocSpace objects, 0(0B) LOS objects, 23% free, 52MB/68MB, paused 624us total 24.659ms
08-05 20:00:37.383  4844  5773 I art     : Starting a blocking GC Explicit
08-05 20:00:37.407  4844  5773 I art     : Explicit concurrent mark sweep GC freed 3(96B) AllocSpace objects, 0(0B) LOS objects, 23% free, 52MB/68MB, paused 746us total 24.545ms
08-05 20:00:37.408  4844  4854 I art     : WaitForGcToComplete blocked for 23.406ms for cause HeapTrim
08-05 20:00:37.418  4844  5773 I art     : Starting a blocking GC Explicit
08-05 20:00:37.443  4844  5773 I art     : Explicit concurrent mark sweep GC freed 3(96B) AllocSpace objects, 0(0B) LOS objects, 23% free, 52MB/68MB, paused 578us total 24.516ms
08-05 20:00:37.734  4844  4856 I art     : Starting a blocking GC Explicit
08-05 20:00:37.761  4844  4856 I art     : Explicit concurrent mark sweep GC freed 1340(78KB) AllocSpace objects, 1(20KB) LOS objects, 23% free, 52MB/68MB, paused 628us total 26.424ms
08-05 20:00:37.772  4844  4856 I art     : Starting a blocking GC Explicit
08-05 20:00:37.782  6707  6707 D AndroidRuntime: >>>>>> START com.android.internal.os.RuntimeInit uid 2000 <<<<<<
08-05 20:00:37.788  6707  6707 D AndroidRuntime: CheckJNI is OFF
08-05 20:00:37.799  4844  4856 I art     : Explicit concurrent mark sweep GC freed 20(704B) AllocSpace objects, 0(0B) LOS objects, 23% free, 52MB/68MB, paused 633us total 26.552ms
08-05 20:00:37.810  4844  4856 I art     : Starting a blocking GC Explicit
08-05 20:00:37.834  6707  6707 D ICU     : No timezone override file found: /data/misc/zoneinfo/current/icu/icu_tzdata.dat
08-05 20:00:37.835  4844  4856 I art     : Explicit concurrent mark sweep GC freed 3(96B) AllocSpace objects, 0(0B) LOS objects, 23% free, 52MB/68MB, paused 659us total 24.898ms
08-05 20:00:37.846  4844  4856 I art     : Starting a blocking GC Explicit
08-05 20:00:37.871  4844  4856 I art     : Explicit concurrent mark sweep GC freed 3(96B) AllocSpace objects, 0(0B) LOS objects, 23% free, 52MB/68MB, paused 620us total 25.159ms
08-05 20:00:37.882  4844  4856 I art     : Starting a blocking GC Explicit
08-05 20:00:37.883  6707  6707 I Radio-JNI: register_android_hardware_Radio DONE
08-05 20:00:37.908  4844  4856 I art     : Explicit concurrent mark sweep GC freed 3(96B) AllocSpace objects, 0(0B) LOS objects, 23% free, 52MB/68MB, paused 792us total 26.337ms
08-05 20:00:37.912  6707  6707 D AndroidRuntime: Calling main entry com.android.commands.input.Input
08-05 20:00:37.914  6707  6707 I Input   : injectKeyEvent: KeyEvent { action=ACTION_DOWN, keyCode=KEYCODE_BACK, scanCode=0, metaState=0, flags=0x0, repeatCount=0, eventTime=820854327, downTime=820854327, deviceId=-1, source=0x101 }
08-05 20:00:37.921  6707  6707 I Input   : injectKeyEvent: KeyEvent { action=ACTION_UP, keyCode=KEYCODE_BACK, scanCode=0, metaState=0, flags=0x0, repeatCount=0, eventTime=820854327, downTime=820854327, deviceId=-1, source=0x101 }
08-05 20:00:37.927  6707  6707 D AndroidRuntime: Shutting down VM
08-05 20:00:37.969 13866 13866 I GoogleInputMethodServic: GoogleInputMethodService.onFinishInput():3138 
08-05 20:00:37.969 13866 13866 I GoogleInputMethodServic: GoogleInputMethodService.onStartInput():1808 
08-05 20:00:38.197  4844  4879 I art     : Starting a blocking GC Explicit
08-05 20:00:38.226  4844  4879 I art     : Explicit concurrent mark sweep GC freed 1550(87KB) AllocSpace objects, 1(20KB) LOS objects, 23% free, 52MB/68MB, paused 570us total 28.992ms
08-05 20:00:38.241  4844  4879 I art     : Starting a blocking GC Explicit
08-05 20:00:38.265  4844  4879 I art     : Explicit concurrent mark sweep GC freed 550(27KB) AllocSpace objects, 0(0B) LOS objects, 23% free, 52MB/68MB, paused 680us total 24.355ms
08-05 20:00:38.277  4844  4879 I art     : Starting a blocking GC Explicit
08-05 20:00:38.302  4844  4879 I art     : Explicit concurrent mark sweep GC freed 144(5KB) AllocSpace objects, 0(0B) LOS objects, 23% free, 52MB/68MB, paused 579us total 24.458ms
08-05 20:00:38.313  4844  4879 I art     : Starting a blocking GC Explicit
08-05 20:00:38.335  4844  4879 I art     : Explicit concurrent mark sweep GC freed 2089(127KB) AllocSpace objects, 2(140KB) LOS objects, 23% free, 52MB/68MB, paused 558us total 22.596ms
08-05 20:00:38.346  4844  4879 I art     : Starting a blocking GC Explicit
08-05 20:00:38.369  4844  4879 I art     : Explicit concurrent mark sweep GC freed 3(96B) AllocSpace objects, 0(0B) LOS objects, 23% free, 52MB/68MB, paused 580us total 23.680ms
08-05 20:00:38.664  4844  4879 I art     : Starting a blocking GC Explicit
08-05 20:00:38.689  4844  4879 I art     : Explicit concurrent mark sweep GC freed 1340(78KB) AllocSpace objects, 1(20KB) LOS objects, 23% free, 52MB/68MB, paused 578us total 24.757ms
08-05 20:00:38.700  4844  4879 I art     : Starting a blocking GC Explicit
08-05 20:00:38.724  4844  4879 I art     : Explicit concurrent mark sweep GC freed 41(1488B) AllocSpace objects, 0(0B) LOS objects, 23% free, 52MB/68MB, paused 556us total 23.677ms
08-05 20:00:38.735  4844  4879 I art     : Starting a blocking GC Explicit
08-05 20:00:38.760  4844  4879 I art     : Explicit concurrent mark sweep GC freed 3(96B) AllocSpace objects, 0(0B) LOS objects, 23% free, 52MB/68MB, paused 575us total 24.782ms
08-05 20:00:38.769  3784  3784 D CallStatisticsService: Post delayed to sync data packages to nv.
08-05 20:00:38.769  3784  3784 D CallStatisticsService: handleMessage PHONE_DATA.
08-05 20:00:38.770  3784  3784 D CallStatisticsService: txTotal(Kb) = 0
08-05 20:00:38.770  3784  3784 D CallStatisticsService: rxTotal(Kb) = 0
08-05 20:00:38.770  3784  3784 E CallStatisticsService: TX And RX Data packages are totally 0, no need to update.
08-05 20:00:38.770  4844  4879 I art     : Starting a blocking GC Explicit
08-05 20:00:38.795  4844  4879 I art     : Explicit concurrent mark sweep GC freed 3(96B) AllocSpace objects, 0(0B) LOS objects, 23% free, 52MB/68MB, paused 654us total 24.174ms
08-05 20:00:38.806  4844  4879 I art     : Starting a blocking GC Explicit
08-05 20:00:38.831  4844  4879 I art     : Explicit concurrent mark sweep GC freed 3(96B) AllocSpace objects, 0(0B) LOS objects, 23% free, 52MB/68MB, paused 561us total 24.605ms
08-05 20:00:39.144  4844  5773 I art     : Starting a blocking GC Explicit
08-05 20:00:39.176  4844  5773 I art     : Explicit concurrent mark sweep GC freed 1338(78KB) AllocSpace objects, 1(20KB) LOS objects, 23% free, 52MB/68MB, paused 546us total 32.340ms
08-05 20:00:39.187  4844  5773 I art     : Starting a blocking GC Explicit
08-05 20:00:39.211  4844  5773 I art     : Explicit concurrent mark sweep GC freed 20(704B) AllocSpace objects, 0(0B) LOS objects, 23% free, 52MB/68MB, paused 574us total 23.562ms
08-05 20:00:39.221  4844  5773 I art     : Starting a blocking GC Explicit
08-05 20:00:39.244  4844  5773 I art     : Explicit concurrent mark sweep GC freed 3(96B) AllocSpace objects, 0(0B) LOS objects, 23% free, 52MB/68MB, paused 572us total 22.716ms
08-05 20:00:39.255  4844  5773 I art     : Starting a blocking GC Explicit
08-05 20:00:39.278  4844  5773 I art     : Explicit concurrent mark sweep GC freed 3(96B) AllocSpace objects, 0(0B) LOS objects, 23% free, 52MB/68MB, paused 570us total 23.319ms
08-05 20:00:39.289  4844  5773 I art     : Starting a blocking GC Explicit
08-05 20:00:39.313  4844  5773 I art     : Explicit concurrent mark sweep GC freed 3(96B) AllocSpace objects, 0(0B) LOS objects, 23% free, 52MB/68MB, paused 582us total 23.470ms
08-05 20:00:39.614  4844  4856 I art     : Starting a blocking GC Explicit
08-05 20:00:39.643  4844  4856 I art     : Explicit concurrent mark sweep GC freed 1338(78KB) AllocSpace objects, 1(20KB) LOS objects, 23% free, 52MB/68MB, paused 652us total 28.422ms
08-05 20:00:39.655  4844  4856 I art     : Starting a blocking GC Explicit
08-05 20:00:39.681  4844  4856 I art     : Explicit concurrent mark sweep GC freed 20(704B) AllocSpace objects, 0(0B) LOS objects, 23% free, 52MB/68MB, paused 606us total 25.518ms
08-05 20:00:39.692  4844  4856 I art     : Starting a blocking GC Explicit
08-05 20:00:39.717  4844  4856 I art     : Explicit concurrent mark sweep GC freed 3(96B) AllocSpace objects, 0(0B) LOS objects, 23% free, 52MB/68MB, paused 615us total 24.541ms
08-05 20:00:39.718  6760  6760 D AndroidRuntime: >>>>>> START com.android.internal.os.RuntimeInit uid 2000 <<<<<<
08-05 20:00:39.724  6760  6760 D AndroidRuntime: CheckJNI is OFF
08-05 20:00:39.728  4844  4856 I art     : Starting a blocking GC Explicit
08-05 20:00:39.753  4844  4856 I art     : Explicit concurrent mark sweep GC freed 3(96B) AllocSpace objects, 0(0B) LOS objects, 23% free, 52MB/68MB, paused 613us total 24.866ms
08-05 20:00:39.763  4844  4856 I art     : Starting a blocking GC Explicit
08-05 20:00:39.772  6760  6760 D ICU     : No timezone override file found: /data/misc/zoneinfo/current/icu/icu_tzdata.dat
08-05 20:00:39.788  4844  4856 I art     : Explicit concurrent mark sweep GC freed 3(96B) AllocSpace objects, 0(0B) LOS objects, 23% free, 52MB/68MB, paused 621us total 24.812ms
08-05 20:00:39.820  6760  6760 I Radio-JNI: register_android_hardware_Radio DONE
08-05 20:00:39.849  6760  6760 D AndroidRuntime: Calling main entry com.android.commands.input.Input
08-05 20:00:39.851  6760  6760 I Input   : injectMotionEvent: MotionEvent { action=ACTION_DOWN, actionButton=0, id[0]=0, x[0]=1053.0, y[0]=1173.0, toolType[0]=TOOL_TYPE_UNKNOWN, buttonState=0, metaState=0, flags=0x0, edgeFlags=0x0, pointerCount=1, historySize=0, eventTime=820856263, downTime=820856263, deviceId=0, source=0x1002 }
08-05 20:00:39.857  6760  6760 I Input   : injectMotionEvent: MotionEvent { action=ACTION_UP, actionButton=0, id[0]=0, x[0]=1053.0, y[0]=1173.0, toolType[0]=TOOL_TYPE_UNKNOWN, buttonState=0, metaState=0, flags=0x0, edgeFlags=0x0, pointerCount=1, historySize=0, eventTime=820856263, downTime=820856263, deviceId=0, source=0x1002 }
08-05 20:00:39.860   918  6110 I ActivityManager: START u0 {cmp=baseline.appteam.nith.hillffair/.activities.QuizActivity} from uid 10675 on display 0
08-05 20:00:39.866  6760  6760 D AndroidRuntime: Shutting down VM
08-05 20:00:40.021   918   936 I ActivityManager: Displayed baseline.appteam.nith.hillffair/.activities.QuizActivity: +154ms
08-05 20:00:40.021 13866 13866 I GoogleInputMethodServic: GoogleInputMethodService.onFinishInput():3138 
08-05 20:00:40.022 13866 13866 I GoogleInputMethodServic: GoogleInputMethodService.onStartInput():1808 
08-05 20:00:40.080  4844  5773 I art     : Starting a blocking GC Explicit
08-05 20:00:40.107  4844  5773 I art     : Explicit concurrent mark sweep GC freed 2172(143KB) AllocSpace objects, 1(20KB) LOS objects, 23% free, 52MB/68MB, paused 553us total 25.979ms
08-05 20:00:40.117  4844  5773 I art     : Starting a blocking GC Explicit
08-05 20:00:40.142  4844  5773 I art     : Explicit concurrent mark sweep GC freed 192(8KB) AllocSpace objects, 0(0B) LOS objects, 23% free, 52MB/68MB, paused 567us total 24.518ms
08-05 20:00:40.153  4844  5773 I art     : Starting a blocking GC Explicit
08-05 20:00:40.181  4844  5773 I art     : Explicit concurrent mark sweep GC freed 3(96B) AllocSpace objects, 0(0B) LOS objects, 23% free, 52MB/68MB, paused 560us total 26.918ms
08-05 20:00:40.191  4844  5773 I art     : Starting a blocking GC Explicit
08-05 20:00:40.220  4844  5773 I art     : Explicit concurrent mark sweep GC freed 3(96B) AllocSpace objects, 0(0B) LOS objects, 23% free, 52MB/68MB, paused 527us total 28.471ms
08-05 20:00:40.232  4844  5773 I art     : Starting a blocking GC Explicit
08-05 20:00:40.262  4844  5773 I art     : Explicit concurrent mark sweep GC freed 3(96B) AllocSpace objects, 0(0B) LOS objects, 23% free, 52MB/68MB, paused 699us total 29.680ms
08-05 20:00:40.262   380   380 W SurfaceFlinger: couldn't log to binary event log: overflow.
08-05 20:00:40.561  4844  5773 I art     : Starting a blocking GC Explicit
08-05 20:00:40.595  4844  5773 I art     : Explicit concurrent mark sweep GC freed 1410(82KB) AllocSpace objects, 1(20KB) LOS objects, 23% free, 52MB/68MB, paused 629us total 33.579ms
08-05 20:00:40.612  4844  5773 I art     : Starting a blocking GC Explicit
08-05 20:00:40.642  4844  5773 I art     : Explicit concurrent mark sweep GC freed 20(704B) AllocSpace objects, 0(0B) LOS objects, 23% free, 52MB/68MB, paused 615us total 29.340ms
08-05 20:00:40.654  4844  5773 I art     : Starting a blocking GC Explicit
08-05 20:00:40.680  4844  5773 I art     : Explicit concurrent mark sweep GC freed 3(96B) AllocSpace objects, 0(0B) LOS objects, 23% free, 52MB/68MB, paused 561us total 25.971ms
08-05 20:00:40.691  4844  5773 I art     : Starting a blocking GC Explicit
08-05 20:00:40.717  4844  5773 I art     : Explicit concurrent mark sweep GC freed 3(96B) AllocSpace objects, 0(0B) LOS objects, 23% free, 52MB/68MB, paused 674us total 25.720ms
08-05 20:00:40.728  4844  5773 I art     : Starting a blocking GC Explicit
08-05 20:00:40.754  4844  5773 I art     : Explicit concurrent mark sweep GC freed 3(96B) AllocSpace objects, 0(0B) LOS objects, 23% free, 52MB/68MB, paused 576us total 25.410ms
08-05 20:00:41.040 13866 13882 I PeriodicStatsRunner: PeriodicStatsRunner.call():175 call()
08-05 20:00:41.040 13866 13882 I PeriodicStatsRunner: PeriodicStatsRunner.call():179 No submit PeriodicStats since input started.
08-05 20:00:41.069  4844  4856 I art     : Starting a blocking GC Explicit
08-05 20:00:41.104  4844  4856 I art     : Explicit concurrent mark sweep GC freed 1340(78KB) AllocSpace objects, 1(20KB) LOS objects, 23% free, 52MB/68MB, paused 590us total 34.483ms
08-05 20:00:41.118  4844  4856 I art     : Starting a blocking GC Explicit
08-05 20:00:41.144  4844  4856 I art     : Explicit concurrent mark sweep GC freed 20(704B) AllocSpace objects, 0(0B) LOS objects, 23% free, 52MB/68MB, paused 574us total 25.328ms
08-05 20:00:41.154  4844  4856 I art     : Starting a blocking GC Explicit
08-05 20:00:41.181  4844  4856 I art     : Explicit concurrent mark sweep GC freed 3(96B) AllocSpace objects, 0(0B) LOS objects, 23% free, 52MB/68MB, paused 581us total 25.840ms
08-05 20:00:41.191  4844  4856 I art     : Starting a blocking GC Explicit
08-05 20:00:41.217  4844  4856 I art     : Explicit concurrent mark sweep GC freed 3(96B) AllocSpace objects, 0(0B) LOS objects, 23% free, 52MB/68MB, paused 627us total 25.780ms
08-05 20:00:41.229  4844  4856 I art     : Starting a blocking GC Explicit
08-05 20:00:41.255  4844  4856 I art     : Explicit concurrent mark sweep GC freed 3(96B) AllocSpace objects, 0(0B) LOS objects, 23% free, 52MB/68MB, paused 580us total 25.770ms
08-05 20:00:41.564  4844  4856 I art     : Starting a blocking GC Explicit
08-05 20:00:41.590  4844  4856 I art     : Explicit concurrent mark sweep GC freed 1349(78KB) AllocSpace objects, 1(20KB) LOS objects, 23% free, 52MB/68MB, paused 569us total 26.186ms
08-05 20:00:41.601  4844  4856 I art     : Starting a blocking GC Explicit
08-05 20:00:41.627  4844  4856 I art     : Explicit concurrent mark sweep GC freed 24(832B) AllocSpace objects, 0(0B) LOS objects, 23% free, 52MB/68MB, paused 672us total 26.034ms
08-05 20:00:41.638  4844  4856 I art     : Starting a blocking GC Explicit
08-05 20:00:41.664  4844  4856 I art     : Explicit concurrent mark sweep GC freed 8(256B) AllocSpace objects, 0(0B) LOS objects, 23% free, 52MB/68MB, paused 707us total 26.450ms
08-05 20:00:41.676  4844  4856 I art     : Starting a blocking GC Explicit
08-05 20:00:41.702  4844  4856 I art     : Explicit concurrent mark sweep GC freed 8(256B) AllocSpace objects, 0(0B) LOS objects, 23% free, 52MB/68MB, paused 554us total 26.088ms
08-05 20:00:41.714  4844  4856 I art     : Starting a blocking GC Explicit
08-05 20:00:41.740  4844  4856 I art     : Explicit concurrent mark sweep GC freed 7(224B) AllocSpace objects, 0(0B) LOS objects, 23% free, 52MB/68MB, paused 600us total 25.719ms
08-05 20:00:42.081  4844  4856 I art     : Starting a blocking GC Explicit
08-05 20:00:42.117  4844  4856 I art     : Explicit concurrent mark sweep GC freed 1343(78KB) AllocSpace objects, 1(20KB) LOS objects, 23% free, 52MB/68MB, paused 624us total 35.457ms
08-05 20:00:42.128  4844  4856 I art     : Starting a blocking GC Explicit
08-05 20:00:42.152  4844  4856 I art     : Explicit concurrent mark sweep GC freed 20(704B) AllocSpace objects, 0(0B) LOS objects, 23% free, 52MB/68MB, paused 585us total 23.713ms
08-05 20:00:42.162  4844  4856 I art     : Starting a blocking GC Explicit
08-05 20:00:42.186  4844  4856 I art     : Explicit concurrent mark sweep GC freed 3(96B) AllocSpace objects, 0(0B) LOS objects, 23% free, 52MB/68MB, paused 572us total 23.226ms
08-05 20:00:42.197  4844  4856 I art     : Starting a blocking GC Explicit
08-05 20:00:42.223  4844  4856 I art     : Explicit concurrent mark sweep GC freed 3(96B) AllocSpace objects, 0(0B) LOS objects, 23% free, 52MB/68MB, paused 624us total 26.038ms
08-05 20:00:42.234  4844  4856 I art     : Starting a blocking GC Explicit
08-05 20:00:42.260  4844  4856 I art     : Explicit concurrent mark sweep GC freed 3(96B) AllocSpace objects, 0(0B) LOS objects, 23% free, 52MB/68MB, paused 667us total 26.076ms
08-05 20:00:42.573  4844  4879 I art     : Starting a blocking GC Explicit
08-05 20:00:42.602  4844  4879 I art     : Explicit concurrent mark sweep GC freed 1340(78KB) AllocSpace objects, 1(20KB) LOS objects, 23% free, 52MB/68MB, paused 626us total 29.066ms
08-05 20:00:42.616  4844  4879 I art     : Starting a blocking GC Explicit
08-05 20:00:42.643  4844  4879 I art     : Explicit concurrent mark sweep GC freed 20(704B) AllocSpace objects, 0(0B) LOS objects, 23% free, 52MB/68MB, paused 603us total 26.347ms
08-05 20:00:42.654  4844  4879 I art     : Starting a blocking GC Explicit
08-05 20:00:42.678  6835  6835 D AndroidRuntime: >>>>>> START com.android.internal.os.RuntimeInit uid 2000 <<<<<<
08-05 20:00:42.681  4844  4879 I art     : Explicit concurrent mark sweep GC freed 3(96B) AllocSpace objects, 0(0B) LOS objects, 23% free, 52MB/68MB, paused 623us total 26.535ms
08-05 20:00:42.684  6835  6835 D AndroidRuntime: CheckJNI is OFF
08-05 20:00:42.692  4844  4879 I art     : Starting a blocking GC Explicit
08-05 20:00:42.718  4844  4879 I art     : Explicit concurrent mark sweep GC freed 3(96B) AllocSpace objects, 0(0B) LOS objects, 23% free, 52MB/68MB, paused 608us total 25.656ms
08-05 20:00:42.728  4844  4879 I art     : Starting a blocking GC Explicit
08-05 20:00:42.731  6835  6835 D ICU     : No timezone override file found: /data/misc/zoneinfo/current/icu/icu_tzdata.dat
08-05 20:00:42.754  4844  4879 I art     : Explicit concurrent mark sweep GC freed 3(96B) AllocSpace objects, 0(0B) LOS objects, 23% free, 52MB/68MB, paused 608us total 25.924ms
08-05 20:00:42.778  6835  6835 I Radio-JNI: register_android_hardware_Radio DONE
08-05 20:00:42.808  6835  6835 D AndroidRuntime: Calling main entry com.android.commands.input.Input
08-05 20:00:42.810  6835  6835 I Input   : injectMotionEvent: MotionEvent { action=ACTION_DOWN, actionButton=0, id[0]=0, x[0]=756.0, y[0]=1530.0, toolType[0]=TOOL_TYPE_UNKNOWN, buttonState=0, metaState=0, flags=0x0, edgeFlags=0x0, pointerCount=1, historySize=0, eventTime=820859223, downTime=820859223, deviceId=0, source=0x1002 }
08-05 20:00:42.816  6835  6835 I Input   : injectMotionEvent: MotionEvent { action=ACTION_UP, actionButton=0, id[0]=0, x[0]=756.0, y[0]=1530.0, toolType[0]=TOOL_TYPE_UNKNOWN, buttonState=0, metaState=0, flags=0x0, edgeFlags=0x0, pointerCount=1, historySize=0, eventTime=820859223, downTime=820859223, deviceId=0, source=0x1002 }
08-05 20:00:42.818  6835  6835 D AndroidRuntime: Shutting down VM
08-05 20:00:42.838   918  5952 I ActivityManager: START u0 {cmp=baseline.appteam.nith.hillffair/.activities.LeaderBoardActivity} from uid 10675 on display 0
08-05 20:00:42.839   512  2967 D audio_hw_primary: out_set_parameters: enter: usecase(1: low-latency-playback) kvpairs: routing=2
08-05 20:00:42.852   512  2967 D audio_hw_primary: select_devices: out_snd_device(2: speaker) in_snd_device(0: none)
08-05 20:00:42.852   512  2967 D msm8974_platform: platform_send_audio_calibration: sending audio calibration for snd_device(2) acdb_id(15)
08-05 20:00:42.853   512  2967 I soundtrigger: audio_extn_sound_trigger_update_device_status: device 0x2 of type 0 for Event 1
08-05 20:00:42.870   512  2967 D audio_hw_primary: enable_snd_device: snd_device(2: speaker)
08-05 20:00:42.873   512  2967 D audio_hw_primary: enable_audio_route: apply and update mixer path: low-latency-playback speaker
08-05 20:00:42.969 13866 13882 I PeriodicStatsRunner: PeriodicStatsRunner.call():175 call()
08-05 20:00:42.970 13866 13882 I PeriodicStatsRunner: PeriodicStatsRunner.call():179 No submit PeriodicStats since input started.
08-05 20:00:42.973  4844  4844 E RecyclerView: No adapter attached; skipping layout
08-05 20:00:42.975  4844  4844 E RecyclerView: No adapter attached; skipping layout
08-05 20:00:43.007 13866 13866 I GoogleInputMethodServic: GoogleInputMethodService.onFinishInput():3138 
08-05 20:00:43.007   918   936 I ActivityManager: Displayed baseline.appteam.nith.hillffair/.activities.LeaderBoardActivity: +156ms
08-05 20:00:43.008  4844  4844 E RecyclerView: No adapter attached; skipping layout
08-05 20:00:43.009 13866 13866 I GoogleInputMethodServic: GoogleInputMethodService.onStartInput():1808 
08-05 20:00:43.038  4844  4872 D OpenGLRenderer: endAllStagingAnimators on 0x7f7d825400 (RippleDrawable) with handle 0x7f94c39a60
08-05 20:00:43.043  4844  4855 I art     : Starting a blocking GC Explicit
08-05 20:00:43.069  4844  4855 I art     : Explicit concurrent mark sweep GC freed 6486(381KB) AllocSpace objects, 1(20KB) LOS objects, 23% free, 52MB/68MB, paused 595us total 25.869ms
08-05 20:00:43.080  4844  4855 I art     : Starting a blocking GC Explicit
08-05 20:00:43.103  4844  4855 I art     : Explicit concurrent mark sweep GC freed 277(12KB) AllocSpace objects, 0(0B) LOS objects, 23% free, 52MB/68MB, paused 590us total 22.965ms
08-05 20:00:43.114  4844  4855 I art     : Starting a blocking GC Explicit
08-05 20:00:43.141  4844  4855 I art     : Explicit concurrent mark sweep GC freed 3(96B) AllocSpace objects, 0(0B) LOS objects, 23% free, 52MB/68MB, paused 602us total 27.055ms
08-05 20:00:43.153  4844  4855 I art     : Starting a blocking GC Explicit
08-05 20:00:43.183  4844  4855 I art     : Explicit concurrent mark sweep GC freed 3(96B) AllocSpace objects, 0(0B) LOS objects, 23% free, 52MB/68MB, paused 706us total 29.208ms
08-05 20:00:43.195  4844  4855 I art     : Starting a blocking GC Explicit
08-05 20:00:43.225  4844  4855 I art     : Explicit concurrent mark sweep GC freed 3(96B) AllocSpace objects, 0(0B) LOS objects, 23% free, 52MB/68MB, paused 646us total 30.079ms
08-05 20:00:43.248   380   380 W SurfaceFlinger: couldn't log to binary event log: overflow.
08-05 20:00:43.419   512  2967 D audio_hw_primary: disable_audio_route: reset and update mixer path: low-latency-playback speaker
08-05 20:00:43.421   512  2967 D audio_hw_primary: disable_snd_device: snd_device(2: speaker)
08-05 20:00:43.429   512  2967 I soundtrigger: audio_extn_sound_trigger_update_device_status: device 0x2 of type 0 for Event 0
08-05 20:00:43.540  4844  4879 I art     : Starting a blocking GC Explicit
08-05 20:00:43.568  4844  4879 I art     : Explicit concurrent mark sweep GC freed 1472(85KB) AllocSpace objects, 1(20KB) LOS objects, 23% free, 52MB/68MB, paused 892us total 26.864ms
08-05 20:00:43.579  4844  4879 I art     : Starting a blocking GC Explicit
08-05 20:00:43.604  4844  4879 I art     : Explicit concurrent mark sweep GC freed 65(2224B) AllocSpace objects, 0(0B) LOS objects, 23% free, 52MB/68MB, paused 621us total 24.937ms
08-05 20:00:43.615  4844  4879 I art     : Starting a blocking GC Explicit
08-05 20:00:43.641  4844  4879 I art     : Explicit concurrent mark sweep GC freed 14(496B) AllocSpace objects, 0(0B) LOS objects, 23% free, 52MB/68MB, paused 643us total 25.908ms
08-05 20:00:43.652  4844  4879 I art     : Starting a blocking GC Explicit
08-05 20:00:43.679  4844  4879 I art     : Explicit concurrent mark sweep GC freed 1088(74KB) AllocSpace objects, 2(120KB) LOS objects, 23% free, 52MB/68MB, paused 987us total 26.879ms
08-05 20:00:43.690  4844  4879 I art     : Starting a blocking GC Explicit
08-05 20:00:43.694  4844  6860 D OkHttp  : --> GET https://api-hillfair-2k16.herokuapp.com/api/app/quiz/leaderboard?from=1 http/1.1
08-05 20:00:43.717  4844  4879 I art     : Explicit concurrent mark sweep GC freed 2349(163KB) AllocSpace objects, 1(80KB) LOS objects, 23% free, 52MB/68MB, paused 753us total 27.156ms
08-05 20:00:43.728  4844  6860 D OkHttp  : <-- 200 OK https://api-hillfair-2k16.herokuapp.com/api/app/quiz/leaderboard?from=1 (34ms, 56744-byte body)
08-05 20:00:43.817  4844  4844 I NAPPA_EXPERIMENTATION: MetricNetworkRequestExecutionTime: REQUEST_DURATION_SYSTEM='930',REQUEST_DURATION_OKHTTP='34',REQUEST_SYNCHRONOUS='FALSE',RESPONSE_CODE='200',RESPONSE_METHOD='GET',RESPONSE_LENGTH_OKHTTP='56744',RESPONSE_LENGTH_HEADER='56744',REQUEST_PROTOCOL='http/1.1',REQUEST_URL='https://api-hillfair-2k16.herokuapp.com/api/app/quiz/leaderboard?from=1',
08-05 20:00:44.002  4844  4855 I art     : Starting a blocking GC Explicit
08-05 20:00:44.035  4844  4855 I art     : Explicit concurrent mark sweep GC freed 27781(1329KB) AllocSpace objects, 1(20KB) LOS objects, 23% free, 52MB/68MB, paused 614us total 32.603ms
08-05 20:00:44.046  4844  4855 I art     : Starting a blocking GC Explicit
08-05 20:00:44.075  4844  4855 I art     : Explicit concurrent mark sweep GC freed 117(4KB) AllocSpace objects, 0(0B) LOS objects, 23% free, 52MB/68MB, paused 602us total 28.013ms
08-05 20:00:44.086  4844  4855 I art     : Starting a blocking GC Explicit
08-05 20:00:44.115  4844  4855 I art     : Explicit concurrent mark sweep GC freed 3(96B) AllocSpace objects, 0(0B) LOS objects, 23% free, 52MB/68MB, paused 607us total 28.390ms
08-05 20:00:44.127  4844  4855 I art     : Starting a blocking GC Explicit
08-05 20:00:44.155  4844  4855 I art     : Explicit concurrent mark sweep GC freed 3(96B) AllocSpace objects, 0(0B) LOS objects, 23% free, 52MB/68MB, paused 603us total 27.900ms
08-05 20:00:44.167  4844  4855 I art     : Starting a blocking GC Explicit
08-05 20:00:44.195  4844  4855 I art     : Explicit concurrent mark sweep GC freed 3(96B) AllocSpace objects, 0(0B) LOS objects, 23% free, 52MB/68MB, paused 595us total 28.410ms
08-05 20:00:44.505  4844  5773 I art     : Starting a blocking GC Explicit
08-05 20:00:44.539  4844  5773 I art     : Explicit concurrent mark sweep GC freed 1344(78KB) AllocSpace objects, 1(20KB) LOS objects, 23% free, 52MB/68MB, paused 663us total 34.073ms
08-05 20:00:44.553  4844  5773 I art     : Starting a blocking GC Explicit
08-05 20:00:44.584  4844  5773 I art     : Explicit concurrent mark sweep GC freed 20(704B) AllocSpace objects, 0(0B) LOS objects, 23% free, 52MB/68MB, paused 610us total 30.515ms
08-05 20:00:44.596  4844  5773 I art     : Starting a blocking GC Explicit
08-05 20:00:44.627  4844  5773 I art     : Explicit concurrent mark sweep GC freed 3(96B) AllocSpace objects, 0(0B) LOS objects, 23% free, 52MB/68MB, paused 628us total 30.680ms
08-05 20:00:44.639  4844  5773 I art     : Starting a blocking GC Explicit
08-05 20:00:44.670  4844  5773 I art     : Explicit concurrent mark sweep GC freed 3(96B) AllocSpace objects, 0(0B) LOS objects, 23% free, 52MB/68MB, paused 623us total 30.894ms
08-05 20:00:44.682  4844  5773 I art     : Starting a blocking GC Explicit
08-05 20:00:44.712  4844  5773 I art     : Explicit concurrent mark sweep GC freed 3(96B) AllocSpace objects, 0(0B) LOS objects, 23% free, 52MB/68MB, paused 617us total 30.163ms
08-05 20:00:45.022 13866 13882 I PeriodicStatsRunner: PeriodicStatsRunner.call():175 call()
08-05 20:00:45.022 13866 13882 I PeriodicStatsRunner: PeriodicStatsRunner.call():179 No submit PeriodicStats since input started.
08-05 20:00:45.058  4844  4856 I art     : Starting a blocking GC Explicit
08-05 20:00:45.096  4844  4856 I art     : Explicit concurrent mark sweep GC freed 1344(78KB) AllocSpace objects, 1(20KB) LOS objects, 23% free, 52MB/68MB, paused 689us total 37.056ms
08-05 20:00:45.112  4844  4856 I art     : Starting a blocking GC Explicit
08-05 20:00:45.143  4844  4856 I art     : Explicit concurrent mark sweep GC freed 20(704B) AllocSpace objects, 0(0B) LOS objects, 23% free, 52MB/68MB, paused 645us total 30.699ms
08-05 20:00:45.155  4844  4856 I art     : Starting a blocking GC Explicit
08-05 20:00:45.186  4844  4856 I art     : Explicit concurrent mark sweep GC freed 3(96B) AllocSpace objects, 0(0B) LOS objects, 23% free, 52MB/68MB, paused 625us total 30.975ms
08-05 20:00:45.198  4844  4856 I art     : Starting a blocking GC Explicit
08-05 20:00:45.227  4844  4856 I art     : Explicit concurrent mark sweep GC freed 3(96B) AllocSpace objects, 0(0B) LOS objects, 23% free, 52MB/68MB, paused 804us total 29.202ms
08-05 20:00:45.239  4844  4856 I art     : Starting a blocking GC Explicit
08-05 20:00:45.270  4844  4856 I art     : Explicit concurrent mark sweep GC freed 3(96B) AllocSpace objects, 0(0B) LOS objects, 23% free, 52MB/68MB, paused 631us total 30.910ms
08-05 20:00:45.612  4844  4879 I art     : Starting a blocking GC Explicit
08-05 20:00:45.654  4844  4879 I art     : Explicit concurrent mark sweep GC freed 1344(78KB) AllocSpace objects, 1(20KB) LOS objects, 23% free, 52MB/68MB, paused 698us total 41.543ms
08-05 20:00:45.671  4844  4879 I art     : Starting a blocking GC Explicit
08-05 20:00:45.701  4844  4879 I art     : Explicit concurrent mark sweep GC freed 20(704B) AllocSpace objects, 0(0B) LOS objects, 23% free, 52MB/68MB, paused 601us total 29.835ms
08-05 20:00:45.714  4844  4879 I art     : Starting a blocking GC Explicit
08-05 20:00:45.745  4844  4879 I art     : Explicit concurrent mark sweep GC freed 3(96B) AllocSpace objects, 0(0B) LOS objects, 23% free, 52MB/68MB, paused 628us total 31.025ms
08-05 20:00:45.757  4844  4879 I art     : Starting a blocking GC Explicit
08-05 20:00:45.789  4844  4879 I art     : Explicit concurrent mark sweep GC freed 3(96B) AllocSpace objects, 0(0B) LOS objects, 23% free, 52MB/68MB, paused 630us total 31.692ms
08-05 20:00:45.801  4844  4879 I art     : Starting a blocking GC Explicit
08-05 20:00:45.830  4844  4879 I art     : Explicit concurrent mark sweep GC freed 3(96B) AllocSpace objects, 0(0B) LOS objects, 23% free, 52MB/68MB, paused 632us total 29.257ms
08-05 20:00:46.177  4844  4855 I art     : Starting a blocking GC Explicit
08-05 20:00:46.217  4844  4855 I art     : Explicit concurrent mark sweep GC freed 1344(78KB) AllocSpace objects, 1(20KB) LOS objects, 23% free, 52MB/68MB, paused 727us total 39.331ms
08-05 20:00:46.232  4844  4855 I art     : Starting a blocking GC Explicit
08-05 20:00:46.264  4844  4855 I art     : Explicit concurrent mark sweep GC freed 20(704B) AllocSpace objects, 0(0B) LOS objects, 23% free, 52MB/68MB, paused 623us total 31.397ms
08-05 20:00:46.275  4844  4855 I art     : Starting a blocking GC Explicit
08-05 20:00:46.307  4844  4855 I art     : Explicit concurrent mark sweep GC freed 3(96B) AllocSpace objects, 0(0B) LOS objects, 23% free, 52MB/68MB, paused 613us total 31.261ms
08-05 20:00:46.319  4844  4855 I art     : Starting a blocking GC Explicit
08-05 20:00:46.348  4844  4855 I art     : Explicit concurrent mark sweep GC freed 3(96B) AllocSpace objects, 0(0B) LOS objects, 23% free, 52MB/68MB, paused 601us total 29.250ms
08-05 20:00:46.360  4844  4855 I art     : Starting a blocking GC Explicit
08-05 20:00:46.391  4844  4855 I art     : Explicit concurrent mark sweep GC freed 3(96B) AllocSpace objects, 0(0B) LOS objects, 23% free, 52MB/68MB, paused 616us total 30.897ms
08-05 20:00:46.722  4844  5773 I art     : Starting a blocking GC Explicit
08-05 20:00:46.764  4844  5773 I art     : Explicit concurrent mark sweep GC freed 1344(78KB) AllocSpace objects, 1(20KB) LOS objects, 23% free, 52MB/68MB, paused 687us total 41.660ms
08-05 20:00:46.779  4844  5773 I art     : Starting a blocking GC Explicit
08-05 20:00:46.811  4844  5773 I art     : Explicit concurrent mark sweep GC freed 20(704B) AllocSpace objects, 0(0B) LOS objects, 23% free, 52MB/68MB, paused 584us total 31.089ms
08-05 20:00:46.822  4844  5773 I art     : Starting a blocking GC Explicit
08-05 20:00:46.854  4844  5773 I art     : Explicit concurrent mark sweep GC freed 3(96B) AllocSpace objects, 0(0B) LOS objects, 23% free, 52MB/68MB, paused 620us total 31.091ms
08-05 20:00:46.866  4844  5773 I art     : Starting a blocking GC Explicit
08-05 20:00:46.897  4844  5773 I art     : Explicit concurrent mark sweep GC freed 3(96B) AllocSpace objects, 0(0B) LOS objects, 23% free, 52MB/68MB, paused 718us total 31.165ms
08-05 20:00:46.909  4844  5773 I art     : Starting a blocking GC Explicit
08-05 20:00:46.939  4844  5773 I art     : Explicit concurrent mark sweep GC freed 3(96B) AllocSpace objects, 0(0B) LOS objects, 23% free, 52MB/68MB, paused 595us total 29.726ms
08-05 20:00:47.238  4844  4856 I art     : Starting a blocking GC Explicit
08-05 20:00:47.271  4844  4856 I art     : Explicit concurrent mark sweep GC freed 1357(78KB) AllocSpace objects, 1(20KB) LOS objects, 23% free, 52MB/68MB, paused 621us total 32.724ms
08-05 20:00:47.282  4844  4856 I art     : Starting a blocking GC Explicit
08-05 20:00:47.310  4844  4856 I art     : Explicit concurrent mark sweep GC freed 34(1136B) AllocSpace objects, 0(0B) LOS objects, 23% free, 52MB/68MB, paused 620us total 27.394ms
08-05 20:00:47.321  4844  4856 I art     : Starting a blocking GC Explicit
08-05 20:00:47.351  4844  4856 I art     : Explicit concurrent mark sweep GC freed 3(96B) AllocSpace objects, 0(0B) LOS objects, 23% free, 52MB/68MB, paused 626us total 28.851ms
08-05 20:00:47.362  4844  4856 I art     : Starting a blocking GC Explicit
08-05 20:00:47.391  4844  4856 I art     : Explicit concurrent mark sweep GC freed 3(96B) AllocSpace objects, 0(0B) LOS objects, 23% free, 52MB/68MB, paused 623us total 28.858ms
08-05 20:00:47.403  4844  4856 I art     : Starting a blocking GC Explicit
08-05 20:00:47.432  4844  4856 I art     : Explicit concurrent mark sweep GC freed 3(96B) AllocSpace objects, 0(0B) LOS objects, 23% free, 52MB/68MB, paused 608us total 28.759ms
08-05 20:00:47.635  6940  6940 D AndroidRuntime: >>>>>> START com.android.internal.os.RuntimeInit uid 2000 <<<<<<
08-05 20:00:47.641  6940  6940 D AndroidRuntime: CheckJNI is OFF
08-05 20:00:47.682  6940  6940 D ICU     : No timezone override file found: /data/misc/zoneinfo/current/icu/icu_tzdata.dat
08-05 20:00:47.723  6940  6940 I Radio-JNI: register_android_hardware_Radio DONE
08-05 20:00:47.753  6940  6940 D AndroidRuntime: Calling main entry com.android.commands.input.Input
08-05 20:00:47.754  6940  6940 I Input   : injectKeyEvent: KeyEvent { action=ACTION_DOWN, keyCode=KEYCODE_BACK, scanCode=0, metaState=0, flags=0x0, repeatCount=0, eventTime=820864167, downTime=820864167, deviceId=-1, source=0x101 }
08-05 20:00:47.759  6940  6940 I Input   : injectKeyEvent: KeyEvent { action=ACTION_UP, keyCode=KEYCODE_BACK, scanCode=0, metaState=0, flags=0x0, repeatCount=0, eventTime=820864167, downTime=820864167, deviceId=-1, source=0x101 }
08-05 20:00:47.764  6940  6940 D AndroidRuntime: Shutting down VM
08-05 20:00:47.764  4844  4855 I art     : Starting a blocking GC Explicit
08-05 20:00:47.794  4844  4855 I art     : Explicit concurrent mark sweep GC freed 1446(83KB) AllocSpace objects, 1(20KB) LOS objects, 23% free, 52MB/68MB, paused 590us total 29.452ms
08-05 20:00:47.805  4844  4855 I art     : Starting a blocking GC Explicit
08-05 20:00:47.813 13866 13866 I GoogleInputMethodServic: GoogleInputMethodService.onFinishInput():3138 
08-05 20:00:47.814 13866 13866 I GoogleInputMethodServic: GoogleInputMethodService.onStartInput():1808 
08-05 20:00:47.832  4844  4855 I art     : Explicit concurrent mark sweep GC freed 55(1984B) AllocSpace objects, 0(0B) LOS objects, 23% free, 52MB/68MB, paused 697us total 26.884ms
08-05 20:00:47.852  4844  4855 I art     : Starting a blocking GC Explicit
08-05 20:00:47.876  4844  4855 I art     : Explicit concurrent mark sweep GC freed 10(368B) AllocSpace objects, 0(0B) LOS objects, 23% free, 52MB/68MB, paused 534us total 23.529ms
08-05 20:00:47.886  4844  4855 I art     : Starting a blocking GC Explicit
08-05 20:00:47.912  4844  4855 I art     : Explicit concurrent mark sweep GC freed 3(96B) AllocSpace objects, 0(0B) LOS objects, 23% free, 52MB/68MB, paused 529us total 25.137ms
08-05 20:00:47.922  4844  4855 I art     : Starting a blocking GC Explicit
08-05 20:00:47.948  4844  4855 I art     : Explicit concurrent mark sweep GC freed 3(96B) AllocSpace objects, 0(0B) LOS objects, 23% free, 52MB/68MB, paused 723us total 25.692ms
08-05 20:00:48.008 13866 13882 I PeriodicStatsRunner: PeriodicStatsRunner.call():175 call()
08-05 20:00:48.008 13866 13882 I PeriodicStatsRunner: PeriodicStatsRunner.call():179 No submit PeriodicStats since input started.
08-05 20:00:48.119   380   380 W SurfaceFlinger: couldn't log to binary event log: overflow.
08-05 20:00:48.231  4844  4856 I art     : Starting a blocking GC Explicit
08-05 20:00:48.262  4844  4856 I art     : Explicit concurrent mark sweep GC freed 1463(87KB) AllocSpace objects, 1(20KB) LOS objects, 23% free, 52MB/68MB, paused 972us total 31.314ms
08-05 20:00:48.273  4844  4856 I art     : Starting a blocking GC Explicit
08-05 20:00:48.300  4844  4856 I art     : Explicit concurrent mark sweep GC freed 4698(269KB) AllocSpace objects, 2(140KB) LOS objects, 23% free, 52MB/68MB, paused 589us total 27.026ms
08-05 20:00:48.311  4844  4856 I art     : Starting a blocking GC Explicit
08-05 20:00:48.337  4844  4856 I art     : Explicit concurrent mark sweep GC freed 3(96B) AllocSpace objects, 0(0B) LOS objects, 23% free, 52MB/68MB, paused 661us total 25.509ms
08-05 20:00:48.348  4844  4856 I art     : Starting a blocking GC Explicit
08-05 20:00:48.374  4844  4856 I art     : Explicit concurrent mark sweep GC freed 3(96B) AllocSpace objects, 0(0B) LOS objects, 23% free, 52MB/68MB, paused 618us total 26.235ms
08-05 20:00:48.386  4844  4856 I art     : Starting a blocking GC Explicit
08-05 20:00:48.412  4844  4856 I art     : Explicit concurrent mark sweep GC freed 3(96B) AllocSpace objects, 0(0B) LOS objects, 23% free, 52MB/68MB, paused 588us total 26.315ms
08-05 20:00:48.721  4844  4879 I art     : Starting a blocking GC Explicit
08-05 20:00:48.753  4844  4879 I art     : Explicit concurrent mark sweep GC freed 1344(78KB) AllocSpace objects, 1(20KB) LOS objects, 23% free, 52MB/68MB, paused 704us total 31.675ms
08-05 20:00:48.766  4844  4879 I art     : Starting a blocking GC Explicit
08-05 20:00:48.789  4844  4879 I art     : Explicit concurrent mark sweep GC freed 20(704B) AllocSpace objects, 0(0B) LOS objects, 23% free, 52MB/68MB, paused 543us total 22.571ms
08-05 20:00:48.799  4844  4879 I art     : Starting a blocking GC Explicit
08-05 20:00:48.823  4844  4879 I art     : Explicit concurrent mark sweep GC freed 3(96B) AllocSpace objects, 0(0B) LOS objects, 23% free, 52MB/68MB, paused 581us total 24ms
08-05 20:00:48.834  4844  4879 I art     : Starting a blocking GC Explicit
08-05 20:00:48.859  4844  4879 I art     : Explicit concurrent mark sweep GC freed 3(96B) AllocSpace objects, 0(0B) LOS objects, 23% free, 52MB/68MB, paused 581us total 24.912ms
08-05 20:00:48.870  4844  4879 I art     : Starting a blocking GC Explicit
08-05 20:00:48.896  4844  4879 I art     : Explicit concurrent mark sweep GC freed 3(96B) AllocSpace objects, 0(0B) LOS objects, 23% free, 52MB/68MB, paused 579us total 25.903ms
08-05 20:00:49.177  4844  5773 I art     : Starting a blocking GC Explicit
08-05 20:00:49.209  4844  5773 I art     : Explicit concurrent mark sweep GC freed 1343(78KB) AllocSpace objects, 1(20KB) LOS objects, 23% free, 52MB/68MB, paused 672us total 30.766ms
08-05 20:00:49.220  4844  5773 I art     : Starting a blocking GC Explicit
08-05 20:00:49.246  4844  5773 I art     : Explicit concurrent mark sweep GC freed 20(704B) AllocSpace objects, 0(0B) LOS objects, 23% free, 52MB/68MB, paused 596us total 25.488ms
08-05 20:00:49.257  4844  5773 I art     : Starting a blocking GC Explicit
08-05 20:00:49.283  4844  5773 I art     : Explicit concurrent mark sweep GC freed 3(96B) AllocSpace objects, 0(0B) LOS objects, 23% free, 52MB/68MB, paused 573us total 25.424ms
08-05 20:00:49.294  4844  5773 I art     : Starting a blocking GC Explicit
08-05 20:00:49.319  4844  5773 I art     : Explicit concurrent mark sweep GC freed 3(96B) AllocSpace objects, 0(0B) LOS objects, 23% free, 52MB/68MB, paused 610us total 24.588ms
08-05 20:00:49.329  4844  5773 I art     : Starting a blocking GC Explicit
08-05 20:00:49.355  4844  5773 I art     : Explicit concurrent mark sweep GC freed 3(96B) AllocSpace objects, 0(0B) LOS objects, 23% free, 52MB/68MB, paused 591us total 25.076ms
08-05 20:00:49.553  6993  6993 D AndroidRuntime: >>>>>> START com.android.internal.os.RuntimeInit uid 2000 <<<<<<
08-05 20:00:49.559  6993  6993 D AndroidRuntime: CheckJNI is OFF
08-05 20:00:49.600  6993  6993 D ICU     : No timezone override file found: /data/misc/zoneinfo/current/icu/icu_tzdata.dat
08-05 20:00:49.641  6993  6993 I Radio-JNI: register_android_hardware_Radio DONE
08-05 20:00:49.656  4844  5773 I art     : Starting a blocking GC Explicit
08-05 20:00:49.671  6993  6993 D AndroidRuntime: Calling main entry com.android.commands.input.Input
08-05 20:00:49.673  6993  6993 I Input   : injectMotionEvent: MotionEvent { action=ACTION_DOWN, actionButton=0, id[0]=0, x[0]=648.0, y[0]=1050.0, toolType[0]=TOOL_TYPE_UNKNOWN, buttonState=0, metaState=0, flags=0x0, edgeFlags=0x0, pointerCount=1, historySize=0, eventTime=820866086, downTime=820866086, deviceId=0, source=0x1002 }
08-05 20:00:49.678  6993  6993 I Input   : injectMotionEvent: MotionEvent { action=ACTION_UP, actionButton=0, id[0]=0, x[0]=648.0, y[0]=1050.0, toolType[0]=TOOL_TYPE_UNKNOWN, buttonState=0, metaState=0, flags=0x0, edgeFlags=0x0, pointerCount=1, historySize=0, eventTime=820866086, downTime=820866086, deviceId=0, source=0x1002 }
08-05 20:00:49.680  6993  6993 D AndroidRuntime: Shutting down VM
08-05 20:00:49.682  4844  5773 I art     : Explicit concurrent mark sweep GC freed 1393(79KB) AllocSpace objects, 1(20KB) LOS objects, 23% free, 52MB/68MB, paused 662us total 26.296ms
08-05 20:00:49.691   918  6112 I ActivityManager: START u0 {cmp=baseline.appteam.nith.hillffair/.activities.InformationActivity} from uid 10675 on display 0
08-05 20:00:49.694   512  2967 D audio_hw_primary: out_set_parameters: enter: usecase(1: low-latency-playback) kvpairs: routing=2
08-05 20:00:49.694  4844  5773 I art     : Starting a blocking GC Explicit
08-05 20:00:49.707   512  2967 D audio_hw_primary: select_devices: out_snd_device(2: speaker) in_snd_device(0: none)
08-05 20:00:49.707   512  2967 D msm8974_platform: platform_send_audio_calibration: sending audio calibration for snd_device(2) acdb_id(15)
08-05 20:00:49.707   512  2967 I soundtrigger: audio_extn_sound_trigger_update_device_status: device 0x2 of type 0 for Event 1
08-05 20:00:49.718   512  2967 D audio_hw_primary: enable_snd_device: snd_device(2: speaker)
08-05 20:00:49.720  4844  5773 I art     : Explicit concurrent mark sweep GC freed 447(32KB) AllocSpace objects, 0(0B) LOS objects, 23% free, 52MB/68MB, paused 775us total 25.839ms
08-05 20:00:49.722   512  2967 D audio_hw_primary: enable_audio_route: apply and update mixer path: low-latency-playback speaker
08-05 20:00:49.731  4844  5773 I art     : Starting a blocking GC Explicit
08-05 20:00:49.759  4844  5773 I art     : Explicit concurrent mark sweep GC freed 409(39KB) AllocSpace objects, 0(0B) LOS objects, 23% free, 52MB/68MB, paused 769us total 26.955ms
08-05 20:00:49.769  4844  5773 I art     : Starting a blocking GC Explicit
08-05 20:00:49.794  4844  5773 I art     : Explicit concurrent mark sweep GC freed 173(8KB) AllocSpace objects, 0(0B) LOS objects, 23% free, 52MB/68MB, paused 560us total 25.135ms
08-05 20:00:49.804  4844  5773 I art     : Starting a blocking GC Explicit
08-05 20:00:49.830  4844  5773 I art     : Explicit concurrent mark sweep GC freed 89(2848B) AllocSpace objects, 0(0B) LOS objects, 23% free, 52MB/68MB, paused 603us total 25.222ms
08-05 20:00:49.863 13866 13866 I GoogleInputMethodServic: GoogleInputMethodService.onFinishInput():3138 
08-05 20:00:49.863   918   936 I ActivityManager: Displayed baseline.appteam.nith.hillffair/.activities.InformationActivity: +161ms
08-05 20:00:49.865 13866 13866 I GoogleInputMethodServic: GoogleInputMethodService.onStartInput():1808 
08-05 20:00:49.894  4844  4872 D OpenGLRenderer: endAllStagingAnimators on 0x7f7d822800 (RippleDrawable) with handle 0x7f7f2091e0
08-05 20:00:50.104   380   380 W SurfaceFlinger: couldn't log to binary event log: overflow.
08-05 20:00:50.121  4844  4855 I art     : Starting a blocking GC Explicit
08-05 20:00:50.145  4844  4855 I art     : Explicit concurrent mark sweep GC freed 1422(81KB) AllocSpace objects, 1(20KB) LOS objects, 23% free, 52MB/68MB, paused 542us total 24.199ms
08-05 20:00:50.156  4844  4855 I art     : Starting a blocking GC Explicit
08-05 20:00:50.180  4844  4855 I art     : Explicit concurrent mark sweep GC freed 34(1168B) AllocSpace objects, 0(0B) LOS objects, 23% free, 52MB/68MB, paused 536us total 24.308ms
08-05 20:00:50.191  4844  4855 I art     : Starting a blocking GC Explicit
08-05 20:00:50.217  4844  4855 I art     : Explicit concurrent mark sweep GC freed 78(5KB) AllocSpace objects, 0(0B) LOS objects, 23% free, 52MB/68MB, paused 574us total 25.454ms
08-05 20:00:50.227  4844  4855 I art     : Starting a blocking GC Explicit
08-05 20:00:50.253  4844  4855 I art     : Explicit concurrent mark sweep GC freed 75(3KB) AllocSpace objects, 0(0B) LOS objects, 23% free, 52MB/68MB, paused 583us total 25.400ms
08-05 20:00:50.258   512  2967 D audio_hw_primary: disable_audio_route: reset and update mixer path: low-latency-playback speaker
08-05 20:00:50.259   512  2967 D audio_hw_primary: disable_snd_device: snd_device(2: speaker)
08-05 20:00:50.264  4844  4855 I art     : Starting a blocking GC Explicit
08-05 20:00:50.268   512  2967 I soundtrigger: audio_extn_sound_trigger_update_device_status: device 0x2 of type 0 for Event 0
08-05 20:00:50.290  4844  4855 I art     : Explicit concurrent mark sweep GC freed 11(352B) AllocSpace objects, 0(0B) LOS objects, 23% free, 52MB/68MB, paused 577us total 25.930ms
08-05 20:00:50.473  2695  2695 I ServiceManager: Waiting for service AtCmdFwd...
08-05 20:00:50.555   918  3261 D WifiStateMachine: starting scan for "H369AA63323"WPA_PSK with 2412,5180
08-05 20:00:50.600  4844  5773 I art     : Starting a blocking GC Explicit
08-05 20:00:50.632  4844  5773 I art     : Explicit concurrent mark sweep GC freed 1344(78KB) AllocSpace objects, 1(20KB) LOS objects, 23% free, 52MB/68MB, paused 830us total 32.352ms
08-05 20:00:50.647  4844  5773 I art     : Starting a blocking GC Explicit
08-05 20:00:50.674  4844  5773 I art     : Explicit concurrent mark sweep GC freed 20(704B) AllocSpace objects, 0(0B) LOS objects, 23% free, 52MB/68MB, paused 594us total 26.746ms
08-05 20:00:50.685  4844  5773 I art     : Starting a blocking GC Explicit
08-05 20:00:50.711  4844  5773 I art     : Explicit concurrent mark sweep GC freed 3(96B) AllocSpace objects, 0(0B) LOS objects, 23% free, 52MB/68MB, paused 531us total 26.423ms
08-05 20:00:50.722  4844  5773 I art     : Starting a blocking GC Explicit
08-05 20:00:50.750  4844  5773 I art     : Explicit concurrent mark sweep GC freed 3(96B) AllocSpace objects, 0(0B) LOS objects, 23% free, 52MB/68MB, paused 592us total 27.001ms
08-05 20:00:50.762  4844  5773 I art     : Starting a blocking GC Explicit
08-05 20:00:50.789  4844  5773 I art     : Explicit concurrent mark sweep GC freed 3(96B) AllocSpace objects, 0(0B) LOS objects, 23% free, 52MB/68MB, paused 589us total 27.231ms
08-05 20:00:51.089  4844  4856 I art     : Starting a blocking GC Explicit
08-05 20:00:51.124  4844  4856 I art     : Explicit concurrent mark sweep GC freed 1344(78KB) AllocSpace objects, 1(20KB) LOS objects, 23% free, 52MB/68MB, paused 604us total 34.584ms
08-05 20:00:51.138  4844  4856 I art     : Starting a blocking GC Explicit
08-05 20:00:51.165  4844  4856 I art     : Explicit concurrent mark sweep GC freed 20(704B) AllocSpace objects, 0(0B) LOS objects, 23% free, 52MB/68MB, paused 600us total 26.681ms
08-05 20:00:51.177  4844  4856 I art     : Starting a blocking GC Explicit
08-05 20:00:51.205  4844  4856 I art     : Explicit concurrent mark sweep GC freed 3(96B) AllocSpace objects, 0(0B) LOS objects, 23% free, 52MB/68MB, paused 641us total 27.479ms
08-05 20:00:51.216  4844  4856 I art     : Starting a blocking GC Explicit
08-05 20:00:51.244  4844  4856 I art     : Explicit concurrent mark sweep GC freed 3(96B) AllocSpace objects, 0(0B) LOS objects, 23% free, 52MB/68MB, paused 597us total 27.273ms
08-05 20:00:51.255  4844  4856 I art     : Starting a blocking GC Explicit
08-05 20:00:51.283  4844  4856 I art     : Explicit concurrent mark sweep GC freed 3(96B) AllocSpace objects, 0(0B) LOS objects, 23% free, 52MB/68MB, paused 602us total 27.542ms
08-05 20:00:51.474  2695  2695 I ServiceManager: Waiting for service AtCmdFwd...
08-05 20:00:51.594  4844  4855 I art     : Starting a blocking GC Explicit
08-05 20:00:51.621  4844  4855 I art     : Explicit concurrent mark sweep GC freed 1374(79KB) AllocSpace objects, 1(20KB) LOS objects, 23% free, 52MB/68MB, paused 577us total 26.716ms
08-05 20:00:51.632  4844  4855 I art     : Starting a blocking GC Explicit
08-05 20:00:51.660  4844  4855 I art     : Explicit concurrent mark sweep GC freed 20(704B) AllocSpace objects, 0(0B) LOS objects, 23% free, 52MB/68MB, paused 672us total 27.111ms
08-05 20:00:51.671  4844  4855 I art     : Starting a blocking GC Explicit
08-05 20:00:51.700  4844  4855 I art     : Explicit concurrent mark sweep GC freed 3(96B) AllocSpace objects, 0(0B) LOS objects, 23% free, 52MB/68MB, paused 597us total 27.937ms
08-05 20:00:51.711  4844  4855 I art     : Starting a blocking GC Explicit
08-05 20:00:51.740  4844  4855 I art     : Explicit concurrent mark sweep GC freed 3(96B) AllocSpace objects, 0(0B) LOS objects, 23% free, 52MB/68MB, paused 605us total 28.732ms
08-05 20:00:51.751  4844  4855 I art     : Starting a blocking GC Explicit
08-05 20:00:51.780  4844  4855 I art     : Explicit concurrent mark sweep GC freed 3(96B) AllocSpace objects, 0(0B) LOS objects, 23% free, 52MB/68MB, paused 610us total 28.768ms
08-05 20:00:52.113  4844  4879 I art     : Starting a blocking GC Explicit
08-05 20:00:52.150  4844  4879 I art     : Explicit concurrent mark sweep GC freed 1344(78KB) AllocSpace objects, 1(20KB) LOS objects, 23% free, 52MB/68MB, paused 623us total 36.202ms
08-05 20:00:52.163  4844  4879 I art     : Starting a blocking GC Explicit
08-05 20:00:52.193  4844  4879 I art     : Explicit concurrent mark sweep GC freed 20(704B) AllocSpace objects, 0(0B) LOS objects, 23% free, 52MB/68MB, paused 589us total 29.723ms
08-05 20:00:52.205  4844  4879 I art     : Starting a blocking GC Explicit
08-05 20:00:52.234  4844  4879 I art     : Explicit concurrent mark sweep GC freed 3(96B) AllocSpace objects, 0(0B) LOS objects, 23% free, 52MB/68MB, paused 637us total 29.107ms
08-05 20:00:52.246  4844  4879 I art     : Starting a blocking GC Explicit
08-05 20:00:52.275  4844  4879 I art     : Explicit concurrent mark sweep GC freed 3(96B) AllocSpace objects, 0(0B) LOS objects, 23% free, 52MB/68MB, paused 601us total 28.572ms
08-05 20:00:52.286  4844  4879 I art     : Starting a blocking GC Explicit
08-05 20:00:52.316  4844  4879 I art     : Explicit concurrent mark sweep GC freed 3(96B) AllocSpace objects, 0(0B) LOS objects, 23% free, 52MB/68MB, paused 601us total 29.172ms
08-05 20:00:52.474  2695  2695 I ServiceManager: Waiting for service AtCmdFwd...
08-05 20:00:52.664  4844  5773 I art     : Starting a blocking GC Explicit
08-05 20:00:52.697  4844  5773 I art     : Explicit concurrent mark sweep GC freed 1344(78KB) AllocSpace objects, 1(20KB) LOS objects, 23% free, 52MB/68MB, paused 680us total 33.097ms
08-05 20:00:52.711  4844  5773 I art     : Starting a blocking GC Explicit
08-05 20:00:52.738  4844  5773 I art     : Explicit concurrent mark sweep GC freed 20(704B) AllocSpace objects, 0(0B) LOS objects, 23% free, 52MB/68MB, paused 596us total 27.248ms
08-05 20:00:52.750  4844  5773 I art     : Starting a blocking GC Explicit
08-05 20:00:52.777  4844  5773 I art     : Explicit concurrent mark sweep GC freed 3(96B) AllocSpace objects, 0(0B) LOS objects, 23% free, 52MB/68MB, paused 591us total 26.858ms
08-05 20:00:52.788  4844  5773 I art     : Starting a blocking GC Explicit
08-05 20:00:52.814 13866 13882 I PeriodicStatsRunner: PeriodicStatsRunner.call():175 call()
08-05 20:00:52.815 13866 13882 I PeriodicStatsRunner: PeriodicStatsRunner.call():179 No submit PeriodicStats since input started.
08-05 20:00:52.817  4844  5773 I art     : Explicit concurrent mark sweep GC freed 3(96B) AllocSpace objects, 0(0B) LOS objects, 23% free, 52MB/68MB, paused 583us total 28.111ms
08-05 20:00:52.817  4844  4854 I art     : WaitForGcToComplete blocked for 22.394ms for cause HeapTrim
08-05 20:00:52.828  4844  5773 I art     : Starting a blocking GC Explicit
08-05 20:00:52.857  4844  5773 I art     : Explicit concurrent mark sweep GC freed 3(96B) AllocSpace objects, 0(0B) LOS objects, 23% free, 52MB/68MB, paused 703us total 28.838ms
08-05 20:00:53.201  4844  4856 I art     : Starting a blocking GC Explicit
08-05 20:00:53.239  4844  4856 I art     : Explicit concurrent mark sweep GC freed 1344(78KB) AllocSpace objects, 1(20KB) LOS objects, 23% free, 52MB/68MB, paused 667us total 37.166ms
08-05 20:00:53.253  4844  4856 I art     : Starting a blocking GC Explicit
08-05 20:00:53.280  4844  4856 I art     : Explicit concurrent mark sweep GC freed 20(704B) AllocSpace objects, 0(0B) LOS objects, 23% free, 52MB/68MB, paused 618us total 27.279ms
08-05 20:00:53.292  4844  4856 I art     : Starting a blocking GC Explicit
08-05 20:00:53.321  4844  4856 I art     : Explicit concurrent mark sweep GC freed 3(96B) AllocSpace objects, 0(0B) LOS objects, 23% free, 52MB/68MB, paused 607us total 29.375ms
08-05 20:00:53.333  4844  4856 I art     : Starting a blocking GC Explicit
08-05 20:00:53.362  4844  4856 I art     : Explicit concurrent mark sweep GC freed 3(96B) AllocSpace objects, 0(0B) LOS objects, 23% free, 52MB/68MB, paused 574us total 28.998ms
08-05 20:00:53.373  4844  4856 I art     : Starting a blocking GC Explicit
08-05 20:00:53.402  4844  4856 I art     : Explicit concurrent mark sweep GC freed 3(96B) AllocSpace objects, 0(0B) LOS objects, 23% free, 52MB/68MB, paused 659us total 29.098ms
08-05 20:00:53.475  2695  2695 I ServiceManager: Waiting for service AtCmdFwd...
08-05 20:00:53.747  4844  4855 I art     : Starting a blocking GC Explicit
08-05 20:00:53.785  4844  4855 I art     : Explicit concurrent mark sweep GC freed 1344(78KB) AllocSpace objects, 1(20KB) LOS objects, 23% free, 52MB/68MB, paused 673us total 37.533ms
08-05 20:00:53.801  4844  4855 I art     : Starting a blocking GC Explicit
08-05 20:00:53.835  4844  4855 I art     : Explicit concurrent mark sweep GC freed 20(704B) AllocSpace objects, 0(0B) LOS objects, 23% free, 52MB/68MB, paused 621us total 33.376ms
08-05 20:00:53.850  4844  4855 I art     : Starting a blocking GC Explicit
08-05 20:00:53.879  4844  4855 I art     : Explicit concurrent mark sweep GC freed 3(96B) AllocSpace objects, 0(0B) LOS objects, 23% free, 52MB/68MB, paused 602us total 29.391ms
08-05 20:00:53.891  4844  4855 I art     : Starting a blocking GC Explicit
08-05 20:00:53.920  4844  4855 I art     : Explicit concurrent mark sweep GC freed 3(96B) AllocSpace objects, 0(0B) LOS objects, 23% free, 52MB/68MB, paused 595us total 28.632ms
08-05 20:00:53.931  4844  4855 I art     : Starting a blocking GC Explicit
08-05 20:00:53.958  4844  4855 I art     : Explicit concurrent mark sweep GC freed 3(96B) AllocSpace objects, 0(0B) LOS objects, 23% free, 52MB/68MB, paused 575us total 26.346ms
08-05 20:00:54.267  4844  4879 I art     : Starting a blocking GC Explicit
08-05 20:00:54.299  4844  4879 I art     : Explicit concurrent mark sweep GC freed 1344(78KB) AllocSpace objects, 1(20KB) LOS objects, 23% free, 52MB/68MB, paused 627us total 30.783ms
08-05 20:00:54.310  4844  4879 I art     : Starting a blocking GC Explicit
08-05 20:00:54.338  4844  4879 I art     : Explicit concurrent mark sweep GC freed 20(704B) AllocSpace objects, 0(0B) LOS objects, 23% free, 52MB/68MB, paused 654us total 27.613ms
08-05 20:00:54.349  4844  4879 I art     : Starting a blocking GC Explicit
08-05 20:00:54.377  4844  4879 I art     : Explicit concurrent mark sweep GC freed 3(96B) AllocSpace objects, 0(0B) LOS objects, 23% free, 52MB/68MB, paused 691us total 27.939ms
08-05 20:00:54.389  4844  4879 I art     : Starting a blocking GC Explicit
08-05 20:00:54.417  4844  4879 I art     : Explicit concurrent mark sweep GC freed 3(96B) AllocSpace objects, 0(0B) LOS objects, 23% free, 52MB/68MB, paused 669us total 28.322ms
08-05 20:00:54.428  4844  4879 I art     : Starting a blocking GC Explicit
08-05 20:00:54.455  4844  4879 I art     : Explicit concurrent mark sweep GC freed 3(96B) AllocSpace objects, 0(0B) LOS objects, 23% free, 52MB/68MB, paused 620us total 26.749ms
08-05 20:00:54.476  2695  2695 I ServiceManager: Waiting for service AtCmdFwd...
08-05 20:00:54.480  7110  7110 D AndroidRuntime: >>>>>> START com.android.internal.os.RuntimeInit uid 2000 <<<<<<
08-05 20:00:54.487  7110  7110 D AndroidRuntime: CheckJNI is OFF
08-05 20:00:54.532  7110  7110 D ICU     : No timezone override file found: /data/misc/zoneinfo/current/icu/icu_tzdata.dat
08-05 20:00:54.579  7110  7110 I Radio-JNI: register_android_hardware_Radio DONE
08-05 20:00:54.610  7110  7110 D AndroidRuntime: Calling main entry com.android.commands.input.Input
08-05 20:00:54.612  7110  7110 I Input   : injectKeyEvent: KeyEvent { action=ACTION_DOWN, keyCode=KEYCODE_BACK, scanCode=0, metaState=0, flags=0x0, repeatCount=0, eventTime=820871025, downTime=820871025, deviceId=-1, source=0x101 }
08-05 20:00:54.620  7110  7110 I Input   : injectKeyEvent: KeyEvent { action=ACTION_UP, keyCode=KEYCODE_BACK, scanCode=0, metaState=0, flags=0x0, repeatCount=0, eventTime=820871025, downTime=820871025, deviceId=-1, source=0x101 }
08-05 20:00:54.627  7110  7110 D AndroidRuntime: Shutting down VM
08-05 20:00:54.677 13866 13866 I GoogleInputMethodServic: GoogleInputMethodService.onFinishInput():3138 
08-05 20:00:54.678 13866 13866 I GoogleInputMethodServic: GoogleInputMethodService.onStartInput():1808 
08-05 20:00:54.759  4844  4855 I art     : Starting a blocking GC Explicit
08-05 20:00:54.789  4844  4855 I art     : Explicit concurrent mark sweep GC freed 1483(84KB) AllocSpace objects, 1(20KB) LOS objects, 23% free, 52MB/68MB, paused 591us total 29.688ms
08-05 20:00:54.801  4844  4855 I art     : Starting a blocking GC Explicit
08-05 20:00:54.830  4844  4855 I art     : Explicit concurrent mark sweep GC freed 26(944B) AllocSpace objects, 0(0B) LOS objects, 23% free, 52MB/68MB, paused 754us total 27.923ms
08-05 20:00:54.843  4844  4855 I art     : Starting a blocking GC Explicit
08-05 20:00:54.865 13866 13882 I PeriodicStatsRunner: PeriodicStatsRunner.call():175 call()
08-05 20:00:54.865 13866 13882 I PeriodicStatsRunner: PeriodicStatsRunner.call():179 No submit PeriodicStats since input started.
08-05 20:00:54.874  4844  4855 I art     : Explicit concurrent mark sweep GC freed 3(96B) AllocSpace objects, 0(0B) LOS objects, 23% free, 52MB/68MB, paused 570us total 30.816ms
08-05 20:00:54.888  4844  4855 I art     : Starting a blocking GC Explicit
08-05 20:00:54.920  4844  4855 I art     : Explicit concurrent mark sweep GC freed 3(96B) AllocSpace objects, 0(0B) LOS objects, 23% free, 52MB/68MB, paused 579us total 31.551ms
08-05 20:00:54.932  4844  4855 I art     : Starting a blocking GC Explicit
08-05 20:00:54.959   380   380 W SurfaceFlinger: couldn't log to binary event log: overflow.
08-05 20:00:54.959  4844  4855 I art     : Explicit concurrent mark sweep GC freed 3(96B) AllocSpace objects, 0(0B) LOS objects, 23% free, 52MB/68MB, paused 574us total 26.346ms
08-05 20:00:55.265  4844  4856 I art     : Starting a blocking GC Explicit
08-05 20:00:55.295  4844  4856 I art     : Explicit concurrent mark sweep GC freed 1454(87KB) AllocSpace objects, 1(20KB) LOS objects, 23% free, 52MB/68MB, paused 612us total 29.188ms
08-05 20:00:55.306  4844  4856 I art     : Starting a blocking GC Explicit
08-05 20:00:55.332  4844  4856 I art     : Explicit concurrent mark sweep GC freed 1401(90KB) AllocSpace objects, 1(28KB) LOS objects, 23% free, 52MB/68MB, paused 602us total 26.266ms
08-05 20:00:55.343  4844  4856 I art     : Starting a blocking GC Explicit
08-05 20:00:55.369  4844  4856 I art     : Explicit concurrent mark sweep GC freed 3(96B) AllocSpace objects, 0(0B) LOS objects, 23% free, 52MB/68MB, paused 600us total 25.627ms
08-05 20:00:55.380  4844  4856 I art     : Starting a blocking GC Explicit
08-05 20:00:55.407  4844  4856 I art     : Explicit concurrent mark sweep GC freed 3(96B) AllocSpace objects, 0(0B) LOS objects, 23% free, 52MB/68MB, paused 597us total 26.236ms
08-05 20:00:55.418  4844  4856 I art     : Starting a blocking GC Explicit
08-05 20:00:55.444  4844  4856 I art     : Explicit concurrent mark sweep GC freed 3(96B) AllocSpace objects, 0(0B) LOS objects, 23% free, 52MB/68MB, paused 593us total 26.026ms
08-05 20:00:55.476  2695  2695 W Atfwd_Sendcmd: AtCmdFwd service not published, waiting... retryCnt : 4
08-05 20:00:55.752  4844  4879 I art     : Starting a blocking GC Explicit
08-05 20:00:55.786  4844  4879 I art     : Explicit concurrent mark sweep GC freed 1344(78KB) AllocSpace objects, 1(20KB) LOS objects, 23% free, 52MB/68MB, paused 631us total 33.222ms
08-05 20:00:55.798  4844  4879 I art     : Starting a blocking GC Explicit
08-05 20:00:55.825  4844  4879 I art     : Explicit concurrent mark sweep GC freed 20(704B) AllocSpace objects, 0(0B) LOS objects, 23% free, 52MB/68MB, paused 587us total 26.403ms
08-05 20:00:55.836  4844  4879 I art     : Starting a blocking GC Explicit
08-05 20:00:55.862  4844  4879 I art     : Explicit concurrent mark sweep GC freed 3(96B) AllocSpace objects, 0(0B) LOS objects, 23% free, 52MB/68MB, paused 620us total 25.349ms
08-05 20:00:55.873  4844  4879 I art     : Starting a blocking GC Explicit
08-05 20:00:55.898  4844  4879 I art     : Explicit concurrent mark sweep GC freed 3(96B) AllocSpace objects, 0(0B) LOS objects, 23% free, 52MB/68MB, paused 628us total 24.953ms
08-05 20:00:55.909  4844  4879 I art     : Starting a blocking GC Explicit
08-05 20:00:55.934  4844  4879 I art     : Explicit concurrent mark sweep GC freed 3(96B) AllocSpace objects, 0(0B) LOS objects, 23% free, 52MB/68MB, paused 568us total 24.897ms
08-05 20:00:56.225  4844  5773 I art     : Starting a blocking GC Explicit
08-05 20:00:56.254  4844  5773 I art     : Explicit concurrent mark sweep GC freed 1343(78KB) AllocSpace objects, 1(20KB) LOS objects, 23% free, 52MB/68MB, paused 617us total 29.404ms
08-05 20:00:56.269  4844  5773 I art     : Starting a blocking GC Explicit
08-05 20:00:56.298  4844  5773 I art     : Explicit concurrent mark sweep GC freed 25(864B) AllocSpace objects, 0(0B) LOS objects, 23% free, 52MB/68MB, paused 613us total 28.280ms
08-05 20:00:56.309  4844  5773 I art     : Starting a blocking GC Explicit
08-05 20:00:56.335  4844  5773 I art     : Explicit concurrent mark sweep GC freed 8(256B) AllocSpace objects, 0(0B) LOS objects, 23% free, 52MB/68MB, paused 565us total 25.537ms
08-05 20:00:56.345  4844  5773 I art     : Starting a blocking GC Explicit
08-05 20:00:56.371  4844  5773 I art     : Explicit concurrent mark sweep GC freed 6(192B) AllocSpace objects, 0(0B) LOS objects, 23% free, 52MB/68MB, paused 582us total 25.366ms
08-05 20:00:56.382  4844  5773 I art     : Starting a blocking GC Explicit
08-05 20:00:56.403  7165  7165 D AndroidRuntime: >>>>>> START com.android.internal.os.RuntimeInit uid 2000 <<<<<<
08-05 20:00:56.408  4844  5773 I art     : Explicit concurrent mark sweep GC freed 8(256B) AllocSpace objects, 0(0B) LOS objects, 23% free, 52MB/68MB, paused 610us total 25.938ms
08-05 20:00:56.409  7165  7165 D AndroidRuntime: CheckJNI is OFF
08-05 20:00:56.450  7165  7165 D ICU     : No timezone override file found: /data/misc/zoneinfo/current/icu/icu_tzdata.dat
08-05 20:00:56.494  7165  7165 I Radio-JNI: register_android_hardware_Radio DONE
08-05 20:00:56.525  7165  7165 D AndroidRuntime: Calling main entry com.android.commands.input.Input
08-05 20:00:56.528  7165  7165 I Input   : injectMotionEvent: MotionEvent { action=ACTION_DOWN, actionButton=0, id[0]=0, x[0]=756.0, y[0]=1530.0, toolType[0]=TOOL_TYPE_UNKNOWN, buttonState=0, metaState=0, flags=0x0, edgeFlags=0x0, pointerCount=1, historySize=0, eventTime=820872939, downTime=820872939, deviceId=0, source=0x1002 }
08-05 20:00:56.537  7165  7165 I Input   : injectMotionEvent: MotionEvent { action=ACTION_UP, actionButton=0, id[0]=0, x[0]=756.0, y[0]=1530.0, toolType[0]=TOOL_TYPE_UNKNOWN, buttonState=0, metaState=0, flags=0x0, edgeFlags=0x0, pointerCount=1, historySize=0, eventTime=820872939, downTime=820872939, deviceId=0, source=0x1002 }
08-05 20:00:56.539  7165  7165 D AndroidRuntime: Shutting down VM
08-05 20:00:56.546   918  4413 I ActivityManager: START u0 {cmp=baseline.appteam.nith.hillffair/.activities.LeaderBoardActivity} from uid 10675 on display 0
08-05 20:00:56.552   512  2967 D audio_hw_primary: out_set_parameters: enter: usecase(1: low-latency-playback) kvpairs: routing=2
08-05 20:00:56.566   512  2967 D audio_hw_primary: select_devices: out_snd_device(2: speaker) in_snd_device(0: none)
08-05 20:00:56.566   512  2967 D msm8974_platform: platform_send_audio_calibration: sending audio calibration for snd_device(2) acdb_id(15)
08-05 20:00:56.566   512  2967 I soundtrigger: audio_extn_sound_trigger_update_device_status: device 0x2 of type 0 for Event 1
08-05 20:00:56.578   512  2967 D audio_hw_primary: enable_snd_device: snd_device(2: speaker)
08-05 20:00:56.580   512  2967 D audio_hw_primary: enable_audio_route: apply and update mixer path: low-latency-playback speaker
08-05 20:00:56.652  4844  4844 E RecyclerView: No adapter attached; skipping layout
08-05 20:00:56.654  4844  4844 E RecyclerView: No adapter attached; skipping layout
08-05 20:00:56.672   918   936 I ActivityManager: Displayed baseline.appteam.nith.hillffair/.activities.LeaderBoardActivity: +110ms
08-05 20:00:56.673 13866 13866 I GoogleInputMethodServic: GoogleInputMethodService.onFinishInput():3138 
08-05 20:00:56.674 13866 13866 I GoogleInputMethodServic: GoogleInputMethodService.onStartInput():1808 
08-05 20:00:56.674  4844  4844 E RecyclerView: No adapter attached; skipping layout
08-05 20:00:56.700  4844  4879 I art     : Starting a blocking GC Explicit
08-05 20:00:56.715  4844  4872 D OpenGLRenderer: endAllStagingAnimators on 0x7f7d825400 (RippleDrawable) with handle 0x7f7f2091c0
08-05 20:00:56.729  4844  4879 I art     : Explicit concurrent mark sweep GC freed 6651(403KB) AllocSpace objects, 1(20KB) LOS objects, 23% free, 52MB/68MB, paused 704us total 28.089ms
08-05 20:00:56.739  4844  4879 I art     : Starting a blocking GC Explicit
08-05 20:00:56.765  4844  4879 I art     : Explicit concurrent mark sweep GC freed 282(12KB) AllocSpace objects, 0(0B) LOS objects, 23% free, 52MB/68MB, paused 669us total 25.125ms
08-05 20:00:56.775  4844  4879 I art     : Starting a blocking GC Explicit
08-05 20:00:56.800  4844  4879 I art     : Explicit concurrent mark sweep GC freed 3(96B) AllocSpace objects, 0(0B) LOS objects, 23% free, 52MB/68MB, paused 606us total 25.248ms
08-05 20:00:56.811  4844  4879 I art     : Starting a blocking GC Explicit
08-05 20:00:56.836  4844  4879 I art     : Explicit concurrent mark sweep GC freed 3(96B) AllocSpace objects, 0(0B) LOS objects, 23% free, 52MB/68MB, paused 613us total 24.916ms
08-05 20:00:56.849  4844  4879 I art     : Starting a blocking GC Explicit
08-05 20:00:56.880  4844  4879 I art     : Explicit concurrent mark sweep GC freed 3(96B) AllocSpace objects, 0(0B) LOS objects, 23% free, 52MB/68MB, paused 837us total 30.694ms
08-05 20:00:56.927   380   380 W SurfaceFlinger: couldn't log to binary event log: overflow.
08-05 20:00:57.108  4844  7195 D OkHttp  : --> GET https://api-hillfair-2k16.herokuapp.com/api/app/quiz/leaderboard?from=1 http/1.1
08-05 20:00:57.118   512  2967 D audio_hw_primary: disable_audio_route: reset and update mixer path: low-latency-playback speaker
08-05 20:00:57.119   512  2967 D audio_hw_primary: disable_snd_device: snd_device(2: speaker)
08-05 20:00:57.126   512  2967 I soundtrigger: audio_extn_sound_trigger_update_device_status: device 0x2 of type 0 for Event 0
08-05 20:00:57.152  4844  7195 D OkHttp  : <-- 200 OK https://api-hillfair-2k16.herokuapp.com/api/app/quiz/leaderboard?from=1 (43ms, 56744-byte body)
08-05 20:00:57.168  4844  5773 I art     : Starting a blocking GC Explicit
08-05 20:00:57.197  4844  5773 I art     : Explicit concurrent mark sweep GC freed 9259(459KB) AllocSpace objects, 4(220KB) LOS objects, 23% free, 53MB/69MB, paused 1.030ms total 28.905ms
08-05 20:00:57.208  4844  5773 I art     : Starting a blocking GC Explicit
08-05 20:00:57.235  4844  5773 I art     : Explicit concurrent mark sweep GC freed 11628(614KB) AllocSpace objects, 0(0B) LOS objects, 23% free, 53MB/69MB, paused 707us total 26.531ms
08-05 20:00:57.246  4844  5773 I art     : Starting a blocking GC Explicit
08-05 20:00:57.262  4844  4844 I NAPPA_EXPERIMENTATION: MetricNetworkRequestExecutionTime: REQUEST_DURATION_SYSTEM='665',REQUEST_DURATION_OKHTTP='44',REQUEST_SYNCHRONOUS='FALSE',RESPONSE_CODE='200',RESPONSE_METHOD='GET',RESPONSE_LENGTH_OKHTTP='56744',RESPONSE_LENGTH_HEADER='56744',REQUEST_PROTOCOL='http/1.1',REQUEST_URL='https://api-hillfair-2k16.herokuapp.com/api/app/quiz/leaderboard?from=1',
08-05 20:00:57.273  4844  5773 I art     : Explicit concurrent mark sweep GC freed 9084(422KB) AllocSpace objects, 0(0B) LOS objects, 23% free, 53MB/69MB, paused 623us total 27.403ms
08-05 20:00:57.284  4844  5773 I art     : Starting a blocking GC Explicit
08-05 20:00:57.312  4844  5773 I art     : Explicit concurrent mark sweep GC freed 961(56KB) AllocSpace objects, 0(0B) LOS objects, 23% free, 53MB/69MB, paused 1.013ms total 27.446ms
08-05 20:00:57.323  4844  5773 I art     : Starting a blocking GC Explicit
08-05 20:00:57.351  4844  5773 I art     : Explicit concurrent mark sweep GC freed 558(20KB) AllocSpace objects, 0(0B) LOS objects, 23% free, 53MB/69MB, paused 595us total 28.044ms
08-05 20:00:57.653  4844  4879 I art     : Starting a blocking GC Explicit
08-05 20:00:57.684  4844  4879 I art     : Explicit concurrent mark sweep GC freed 1356(78KB) AllocSpace objects, 1(20KB) LOS objects, 23% free, 53MB/69MB, paused 689us total 30.274ms
08-05 20:00:57.695  4844  4879 I art     : Starting a blocking GC Explicit
08-05 20:00:57.725  4844  4879 I art     : Explicit concurrent mark sweep GC freed 22(800B) AllocSpace objects, 0(0B) LOS objects, 23% free, 53MB/69MB, paused 614us total 29.054ms
08-05 20:00:57.736  4844  4879 I art     : Starting a blocking GC Explicit
08-05 20:00:57.765  4844  4879 I art     : Explicit concurrent mark sweep GC freed 3(96B) AllocSpace objects, 0(0B) LOS objects, 23% free, 53MB/69MB, paused 569us total 28.821ms
08-05 20:00:57.777  4844  4879 I art     : Starting a blocking GC Explicit
08-05 20:00:57.806  4844  4879 I art     : Explicit concurrent mark sweep GC freed 3(96B) AllocSpace objects, 0(0B) LOS objects, 23% free, 53MB/69MB, paused 603us total 28.958ms
08-05 20:00:57.818  4844  4879 I art     : Starting a blocking GC Explicit
08-05 20:00:57.847  4844  4879 I art     : Explicit concurrent mark sweep GC freed 3(96B) AllocSpace objects, 0(0B) LOS objects, 23% free, 53MB/69MB, paused 675us total 29.035ms
08-05 20:00:58.154  4844  4856 I art     : Starting a blocking GC Explicit
08-05 20:00:58.197  4844  4856 I art     : Explicit concurrent mark sweep GC freed 1344(78KB) AllocSpace objects, 1(20KB) LOS objects, 23% free, 53MB/69MB, paused 719us total 42.335ms
08-05 20:00:58.214  4844  4856 I art     : Starting a blocking GC Explicit
08-05 20:00:58.244  4844  4856 I art     : Explicit concurrent mark sweep GC freed 20(704B) AllocSpace objects, 0(0B) LOS objects, 23% free, 53MB/69MB, paused 645us total 29.750ms
08-05 20:00:58.256  4844  4856 I art     : Starting a blocking GC Explicit
08-05 20:00:58.287  4844  4856 I art     : Explicit concurrent mark sweep GC freed 3(96B) AllocSpace objects, 0(0B) LOS objects, 23% free, 53MB/69MB, paused 730us total 31.315ms
08-05 20:00:58.299  4844  4856 I art     : Starting a blocking GC Explicit
08-05 20:00:58.331  4844  4856 I art     : Explicit concurrent mark sweep GC freed 3(96B) AllocSpace objects, 0(0B) LOS objects, 23% free, 53MB/69MB, paused 650us total 31.437ms
08-05 20:00:58.343  4844  4856 I art     : Starting a blocking GC Explicit
08-05 20:00:58.373  4844  4856 I art     : Explicit concurrent mark sweep GC freed 3(96B) AllocSpace objects, 0(0B) LOS objects, 23% free, 53MB/69MB, paused 640us total 30.334ms
08-05 20:00:58.685  4844  5773 I art     : Starting a blocking GC Explicit
08-05 20:00:58.725  4844  5773 I art     : Explicit concurrent mark sweep GC freed 1344(78KB) AllocSpace objects, 1(20KB) LOS objects, 23% free, 53MB/69MB, paused 678us total 39.574ms
08-05 20:00:58.741  4844  5773 I art     : Starting a blocking GC Explicit
08-05 20:00:58.778  4844  5773 I art     : Explicit concurrent mark sweep GC freed 20(704B) AllocSpace objects, 0(0B) LOS objects, 23% free, 53MB/69MB, paused 661us total 36.280ms
08-05 20:00:58.790  4844  5773 I art     : Starting a blocking GC Explicit
08-05 20:00:58.821  4844  5773 I art     : Explicit concurrent mark sweep GC freed 3(96B) AllocSpace objects, 0(0B) LOS objects, 23% free, 53MB/69MB, paused 642us total 31.210ms
08-05 20:00:58.833  4844  5773 I art     : Starting a blocking GC Explicit
08-05 20:00:58.863  4844  5773 I art     : Explicit concurrent mark sweep GC freed 3(96B) AllocSpace objects, 0(0B) LOS objects, 23% free, 53MB/69MB, paused 606us total 29.697ms
08-05 20:00:58.875  4844  5773 I art     : Starting a blocking GC Explicit
08-05 20:00:58.906  4844  5773 I art     : Explicit concurrent mark sweep GC freed 3(96B) AllocSpace objects, 0(0B) LOS objects, 23% free, 53MB/69MB, paused 635us total 31.242ms
08-05 20:00:59.254  4844  4855 I art     : Starting a blocking GC Explicit
08-05 20:00:59.296  4844  4855 I art     : Explicit concurrent mark sweep GC freed 1344(78KB) AllocSpace objects, 1(20KB) LOS objects, 23% free, 53MB/69MB, paused 731us total 40.956ms
08-05 20:00:59.313  4844  4855 I art     : Starting a blocking GC Explicit
08-05 20:00:59.343  4844  4855 I art     : Explicit concurrent mark sweep GC freed 20(704B) AllocSpace objects, 0(0B) LOS objects, 23% free, 53MB/69MB, paused 604us total 29.943ms
08-05 20:00:59.355  4844  4855 I art     : Starting a blocking GC Explicit
08-05 20:00:59.386  4844  4855 I art     : Explicit concurrent mark sweep GC freed 3(96B) AllocSpace objects, 0(0B) LOS objects, 23% free, 53MB/69MB, paused 622us total 31.076ms
08-05 20:00:59.398  4844  4855 I art     : Starting a blocking GC Explicit
08-05 20:00:59.429  4844  4855 I art     : Explicit concurrent mark sweep GC freed 3(96B) AllocSpace objects, 0(0B) LOS objects, 23% free, 53MB/69MB, paused 636us total 31.134ms
08-05 20:00:59.441  4844  4855 I art     : Starting a blocking GC Explicit
08-05 20:00:59.472  4844  4855 I art     : Explicit concurrent mark sweep GC freed 3(96B) AllocSpace objects, 0(0B) LOS objects, 23% free, 53MB/69MB, paused 586us total 30.781ms
08-05 20:00:59.685 13866 13882 I PeriodicStatsRunner: PeriodicStatsRunner.call():175 call()
08-05 20:00:59.686 13866 13882 I PeriodicStatsRunner: PeriodicStatsRunner.call():179 No submit PeriodicStats since input started.
08-05 20:00:59.776  4844  4879 I art     : Starting a blocking GC Explicit
08-05 20:00:59.817  4844  4879 I art     : Explicit concurrent mark sweep GC freed 1344(78KB) AllocSpace objects, 1(20KB) LOS objects, 23% free, 53MB/69MB, paused 672us total 40.399ms
08-05 20:00:59.831  4844  4879 I art     : Starting a blocking GC Explicit
08-05 20:00:59.862  4844  4879 I art     : Explicit concurrent mark sweep GC freed 20(704B) AllocSpace objects, 0(0B) LOS objects, 23% free, 53MB/69MB, paused 640us total 30.399ms
08-05 20:00:59.874  4844  4879 I art     : Starting a blocking GC Explicit
08-05 20:00:59.905  4844  4879 I art     : Explicit concurrent mark sweep GC freed 3(96B) AllocSpace objects, 0(0B) LOS objects, 23% free, 53MB/69MB, paused 646us total 31.364ms
08-05 20:00:59.917  4844  4879 I art     : Starting a blocking GC Explicit
08-05 20:00:59.949  4844  4879 I art     : Explicit concurrent mark sweep GC freed 3(96B) AllocSpace objects, 0(0B) LOS objects, 23% free, 53MB/69MB, paused 646us total 31.350ms
08-05 20:00:59.961  4844  4879 I art     : Starting a blocking GC Explicit
08-05 20:00:59.992  4844  4879 I art     : Explicit concurrent mark sweep GC freed 3(96B) AllocSpace objects, 0(0B) LOS objects, 23% free, 53MB/69MB, paused 707us total 31.046ms
08-05 20:01:00.023   918   937 W ProcessCpuTracker: Skipping unknown process pid 7257
08-05 20:01:00.023   918   937 W ProcessCpuTracker: Skipping unknown process pid 7259
08-05 20:01:00.023   918   937 W ProcessCpuTracker: Skipping unknown process pid 7260
08-05 20:01:00.330  4844  4856 I art     : Starting a blocking GC Explicit
08-05 20:01:00.370  4844  4856 I art     : Explicit concurrent mark sweep GC freed 1344(78KB) AllocSpace objects, 1(20KB) LOS objects, 23% free, 53MB/69MB, paused 698us total 39.141ms
08-05 20:01:00.384  4844  4856 I art     : Starting a blocking GC Explicit
08-05 20:01:00.415  4844  4856 I art     : Explicit concurrent mark sweep GC freed 20(704B) AllocSpace objects, 0(0B) LOS objects, 23% free, 53MB/69MB, paused 617us total 30.476ms
08-05 20:01:00.427  4844  4856 I art     : Starting a blocking GC Explicit
08-05 20:01:00.455  4844  4856 I art     : Explicit concurrent mark sweep GC freed 3(96B) AllocSpace objects, 0(0B) LOS objects, 23% free, 53MB/69MB, paused 599us total 28.479ms
08-05 20:01:00.467  4844  4856 I art     : Starting a blocking GC Explicit
08-05 20:01:00.498  4844  4856 I art     : Explicit concurrent mark sweep GC freed 3(96B) AllocSpace objects, 0(0B) LOS objects, 23% free, 53MB/69MB, paused 741us total 30.715ms
08-05 20:01:00.510  4844  4856 I art     : Starting a blocking GC Explicit
08-05 20:01:00.541  4844  4856 I art     : Explicit concurrent mark sweep GC freed 3(96B) AllocSpace objects, 0(0B) LOS objects, 23% free, 53MB/69MB, paused 637us total 31.288ms
08-05 20:01:00.868  4844  5773 I art     : Starting a blocking GC Explicit
08-05 20:01:00.897  4844  5773 I art     : Explicit concurrent mark sweep GC freed 1344(78KB) AllocSpace objects, 1(20KB) LOS objects, 23% free, 53MB/69MB, paused 623us total 28.577ms
08-05 20:01:00.908  4844  5773 I art     : Starting a blocking GC Explicit
08-05 20:01:00.936  4844  5773 I art     : Explicit concurrent mark sweep GC freed 20(704B) AllocSpace objects, 0(0B) LOS objects, 23% free, 53MB/69MB, paused 636us total 27.573ms
08-05 20:01:00.947  4844  5773 I art     : Starting a blocking GC Explicit
08-05 20:01:00.975  4844  5773 I art     : Explicit concurrent mark sweep GC freed 3(96B) AllocSpace objects, 0(0B) LOS objects, 23% free, 53MB/69MB, paused 610us total 27.465ms
08-05 20:01:00.986  4844  5773 I art     : Starting a blocking GC Explicit
08-05 20:01:01.013  4844  5773 I art     : Explicit concurrent mark sweep GC freed 3(96B) AllocSpace objects, 0(0B) LOS objects, 23% free, 53MB/69MB, paused 616us total 27.044ms
08-05 20:01:01.025  4844  5773 I art     : Starting a blocking GC Explicit
08-05 20:01:01.054  4844  5773 I art     : Explicit concurrent mark sweep GC freed 3(96B) AllocSpace objects, 0(0B) LOS objects, 23% free, 53MB/69MB, paused 630us total 29.257ms
08-05 20:01:01.317  7278  7278 D AndroidRuntime: >>>>>> START com.android.internal.os.RuntimeInit uid 2000 <<<<<<
08-05 20:01:01.323  7278  7278 D AndroidRuntime: CheckJNI is OFF
08-05 20:01:01.366  7278  7278 D ICU     : No timezone override file found: /data/misc/zoneinfo/current/icu/icu_tzdata.dat
08-05 20:01:01.388  4844  4855 I art     : Starting a blocking GC Explicit
08-05 20:01:01.409  7278  7278 I Radio-JNI: register_android_hardware_Radio DONE
08-05 20:01:01.417  4844  4855 I art     : Explicit concurrent mark sweep GC freed 1344(78KB) AllocSpace objects, 1(20KB) LOS objects, 23% free, 53MB/69MB, paused 681us total 28.880ms
08-05 20:01:01.428  4844  4855 I art     : Starting a blocking GC Explicit
08-05 20:01:01.439  7278  7278 D AndroidRuntime: Calling main entry com.android.commands.input.Input
08-05 20:01:01.442  7278  7278 I Input   : injectKeyEvent: KeyEvent { action=ACTION_DOWN, keyCode=KEYCODE_BACK, scanCode=0, metaState=0, flags=0x0, repeatCount=0, eventTime=820877855, downTime=820877855, deviceId=-1, source=0x101 }
08-05 20:01:01.448  7278  7278 I Input   : injectKeyEvent: KeyEvent { action=ACTION_UP, keyCode=KEYCODE_BACK, scanCode=0, metaState=0, flags=0x0, repeatCount=0, eventTime=820877855, downTime=820877855, deviceId=-1, source=0x101 }
08-05 20:01:01.454  7278  7278 D AndroidRuntime: Shutting down VM
08-05 20:01:01.457  4844  4855 I art     : Explicit concurrent mark sweep GC freed 36(1264B) AllocSpace objects, 0(0B) LOS objects, 23% free, 53MB/69MB, paused 756us total 28.594ms
08-05 20:01:01.468  4844  4855 I art     : Starting a blocking GC Explicit
08-05 20:01:01.494  4844  4855 I art     : Explicit concurrent mark sweep GC freed 89(4KB) AllocSpace objects, 0(0B) LOS objects, 23% free, 53MB/69MB, paused 589us total 25.918ms
08-05 20:01:01.497 13866 13866 I GoogleInputMethodServic: GoogleInputMethodService.onFinishInput():3138 
08-05 20:01:01.498 13866 13866 I GoogleInputMethodServic: GoogleInputMethodService.onStartInput():1808 
08-05 20:01:01.506  4844  4855 I art     : Starting a blocking GC Explicit
08-05 20:01:01.534  4844  4855 I art     : Explicit concurrent mark sweep GC freed 38(1392B) AllocSpace objects, 0(0B) LOS objects, 23% free, 53MB/69MB, paused 591us total 28.247ms
08-05 20:01:01.546  4844  4855 I art     : Starting a blocking GC Explicit
08-05 20:01:01.571  4844  4855 I art     : Explicit concurrent mark sweep GC freed 10(352B) AllocSpace objects, 0(0B) LOS objects, 23% free, 53MB/69MB, paused 560us total 24.839ms
08-05 20:01:01.674 13866 13882 I PeriodicStatsRunner: PeriodicStatsRunner.call():175 call()
08-05 20:01:01.674 13866 13882 I PeriodicStatsRunner: PeriodicStatsRunner.call():179 No submit PeriodicStats since input started.
08-05 20:01:01.798   380   380 W SurfaceFlinger: couldn't log to binary event log: overflow.
08-05 20:01:01.862  4844  4879 I art     : Starting a blocking GC Explicit
08-05 20:01:01.892  4844  4879 I art     : Explicit concurrent mark sweep GC freed 1463(87KB) AllocSpace objects, 1(20KB) LOS objects, 23% free, 53MB/69MB, paused 634us total 29.586ms
08-05 20:01:01.903  4844  4879 I art     : Starting a blocking GC Explicit
08-05 20:01:01.931  4844  4879 I art     : Explicit concurrent mark sweep GC freed 4711(270KB) AllocSpace objects, 2(140KB) LOS objects, 23% free, 52MB/68MB, paused 605us total 27.783ms
08-05 20:01:01.942  4844  4879 I art     : Starting a blocking GC Explicit
08-05 20:01:01.970  4844  4879 I art     : Explicit concurrent mark sweep GC freed 17(528B) AllocSpace objects, 0(0B) LOS objects, 23% free, 52MB/68MB, paused 600us total 27.080ms
08-05 20:01:01.981  4844  4879 I art     : Starting a blocking GC Explicit
08-05 20:01:02.007  4844  4879 I art     : Explicit concurrent mark sweep GC freed 3(96B) AllocSpace objects, 0(0B) LOS objects, 23% free, 52MB/68MB, paused 664us total 26.076ms
08-05 20:01:02.018  4844  4879 I art     : Starting a blocking GC Explicit
08-05 20:01:02.045  4844  4879 I art     : Explicit concurrent mark sweep GC freed 3(96B) AllocSpace objects, 0(0B) LOS objects, 23% free, 52MB/68MB, paused 590us total 26.632ms
08-05 20:01:02.353  4844  5773 I art     : Starting a blocking GC Explicit
08-05 20:01:02.383  4844  5773 I art     : Explicit concurrent mark sweep GC freed 1344(78KB) AllocSpace objects, 1(20KB) LOS objects, 23% free, 52MB/68MB, paused 607us total 30.510ms
08-05 20:01:02.395  4844  5773 I art     : Starting a blocking GC Explicit
08-05 20:01:02.422  4844  5773 I art     : Explicit concurrent mark sweep GC freed 20(704B) AllocSpace objects, 0(0B) LOS objects, 23% free, 52MB/68MB, paused 585us total 26.756ms
08-05 20:01:02.433  4844  5773 I art     : Starting a blocking GC Explicit
08-05 20:01:02.459  4844  5773 I art     : Explicit concurrent mark sweep GC freed 3(96B) AllocSpace objects, 0(0B) LOS objects, 23% free, 52MB/68MB, paused 644us total 25.925ms
08-05 20:01:02.470  4844  5773 I art     : Starting a blocking GC Explicit
08-05 20:01:02.497  4844  5773 I art     : Explicit concurrent mark sweep GC freed 3(96B) AllocSpace objects, 0(0B) LOS objects, 23% free, 52MB/68MB, paused 678us total 26.891ms
08-05 20:01:02.509  4844  5773 I art     : Starting a blocking GC Explicit
08-05 20:01:02.536  4844  5773 I art     : Explicit concurrent mark sweep GC freed 3(96B) AllocSpace objects, 0(0B) LOS objects, 23% free, 52MB/68MB, paused 597us total 26.956ms
08-05 20:01:02.821  4844  4856 I art     : Starting a blocking GC Explicit
08-05 20:01:02.848  4844  4856 I art     : Explicit concurrent mark sweep GC freed 1343(78KB) AllocSpace objects, 1(20KB) LOS objects, 23% free, 52MB/68MB, paused 631us total 26.721ms
08-05 20:01:02.859  4844  4856 I art     : Starting a blocking GC Explicit
08-05 20:01:02.886  4844  4856 I art     : Explicit concurrent mark sweep GC freed 20(704B) AllocSpace objects, 0(0B) LOS objects, 23% free, 52MB/68MB, paused 598us total 26.269ms
08-05 20:01:02.897  4844  4856 I art     : Starting a blocking GC Explicit
08-05 20:01:02.923  4844  4856 I art     : Explicit concurrent mark sweep GC freed 3(96B) AllocSpace objects, 0(0B) LOS objects, 23% free, 52MB/68MB, paused 597us total 25.464ms
08-05 20:01:02.934  4844  4856 I art     : Starting a blocking GC Explicit
08-05 20:01:02.960  4844  4856 I art     : Explicit concurrent mark sweep GC freed 3(96B) AllocSpace objects, 0(0B) LOS objects, 23% free, 52MB/68MB, paused 630us total 25.942ms
08-05 20:01:02.971  4844  4856 I art     : Starting a blocking GC Explicit
08-05 20:01:02.997  4844  4856 I art     : Explicit concurrent mark sweep GC freed 3(96B) AllocSpace objects, 0(0B) LOS objects, 23% free, 52MB/68MB, paused 695us total 25.939ms
08-05 20:01:03.230  7328  7328 D AndroidRuntime: >>>>>> START com.android.internal.os.RuntimeInit uid 2000 <<<<<<
08-05 20:01:03.235  7328  7328 D AndroidRuntime: CheckJNI is OFF
08-05 20:01:03.277  7328  7328 D ICU     : No timezone override file found: /data/misc/zoneinfo/current/icu/icu_tzdata.dat
08-05 20:01:03.293  4844  4855 I art     : Starting a blocking GC Explicit
08-05 20:01:03.321  7328  7328 I Radio-JNI: register_android_hardware_Radio DONE
08-05 20:01:03.321  4844  4855 I art     : Explicit concurrent mark sweep GC freed 1371(79KB) AllocSpace objects, 1(20KB) LOS objects, 23% free, 52MB/68MB, paused 648us total 27.784ms
08-05 20:01:03.334  4844  4855 I art     : Starting a blocking GC Explicit
08-05 20:01:03.353  7328  7328 D AndroidRuntime: Calling main entry com.android.commands.input.Input
08-05 20:01:03.354  7328  7328 I Input   : injectKeyEvent: KeyEvent { action=ACTION_DOWN, keyCode=KEYCODE_BACK, scanCode=0, metaState=0, flags=0x0, repeatCount=0, eventTime=820879767, downTime=820879767, deviceId=-1, source=0x101 }
08-05 20:01:03.360  4844  4855 I art     : Explicit concurrent mark sweep GC freed 20(704B) AllocSpace objects, 0(0B) LOS objects, 23% free, 52MB/68MB, paused 539us total 25.969ms
08-05 20:01:03.363  7328  7328 I Input   : injectKeyEvent: KeyEvent { action=ACTION_UP, keyCode=KEYCODE_BACK, scanCode=0, metaState=0, flags=0x0, repeatCount=0, eventTime=820879767, downTime=820879767, deviceId=-1, source=0x101 }
08-05 20:01:03.371  4844  4855 I art     : Starting a blocking GC Explicit
08-05 20:01:03.372  7328  7328 D AndroidRuntime: Shutting down VM
08-05 20:01:03.394  4844  4855 I art     : Explicit concurrent mark sweep GC freed 140(6KB) AllocSpace objects, 0(0B) LOS objects, 23% free, 52MB/68MB, paused 574us total 23.305ms
08-05 20:01:03.404  4844  4855 I art     : Starting a blocking GC Explicit
08-05 20:01:03.407 13866 13866 I GoogleInputMethodServic: GoogleInputMethodService.onFinishInput():3138 
08-05 20:01:03.407 13866 13866 I GoogleInputMethodServic: GoogleInputMethodService.onStartInput():1808 
08-05 20:01:03.430  4844  4855 I art     : Explicit concurrent mark sweep GC freed 63(2240B) AllocSpace objects, 0(0B) LOS objects, 23% free, 52MB/68MB, paused 578us total 25.063ms
08-05 20:01:03.442  4844  4855 I art     : Starting a blocking GC Explicit
08-05 20:01:03.466  4844  4855 I art     : Explicit concurrent mark sweep GC freed 12(416B) AllocSpace objects, 0(0B) LOS objects, 23% free, 52MB/68MB, paused 575us total 23.412ms
08-05 20:01:03.700   380   380 W SurfaceFlinger: couldn't log to binary event log: overflow.
08-05 20:01:03.758  4844  4856 I art     : Starting a blocking GC Explicit
08-05 20:01:03.784  4844  4856 I art     : Explicit concurrent mark sweep GC freed 1461(87KB) AllocSpace objects, 1(20KB) LOS objects, 23% free, 52MB/68MB, paused 594us total 26.332ms
08-05 20:01:03.795  4844  4856 I art     : Starting a blocking GC Explicit
08-05 20:01:03.821  4844  4856 I art     : Explicit concurrent mark sweep GC freed 2096(122KB) AllocSpace objects, 3(340KB) LOS objects, 23% free, 52MB/68MB, paused 621us total 25.424ms
08-05 20:01:03.832  4844  4856 I art     : Starting a blocking GC Explicit
08-05 20:01:03.857  4844  4856 I art     : Explicit concurrent mark sweep GC freed 3(96B) AllocSpace objects, 0(0B) LOS objects, 23% free, 52MB/68MB, paused 669us total 25.009ms
08-05 20:01:03.868  4844  4856 I art     : Starting a blocking GC Explicit
08-05 20:01:03.894  4844  4856 I art     : Explicit concurrent mark sweep GC freed 3(96B) AllocSpace objects, 0(0B) LOS objects, 23% free, 52MB/68MB, paused 600us total 25.470ms
08-05 20:01:03.905  4844  4856 I art     : Starting a blocking GC Explicit
08-05 20:01:03.931  4844  4856 I art     : Explicit concurrent mark sweep GC freed 3(96B) AllocSpace objects, 0(0B) LOS objects, 23% free, 52MB/68MB, paused 601us total 25.746ms
08-05 20:01:04.245  4844  4855 I art     : Starting a blocking GC Explicit
08-05 20:01:04.281  4844  4855 I art     : Explicit concurrent mark sweep GC freed 1344(78KB) AllocSpace objects, 1(20KB) LOS objects, 23% free, 52MB/68MB, paused 687us total 35.047ms
08-05 20:01:04.294  4844  4855 I art     : Starting a blocking GC Explicit
08-05 20:01:04.320  4844  4855 I art     : Explicit concurrent mark sweep GC freed 20(704B) AllocSpace objects, 0(0B) LOS objects, 23% free, 52MB/68MB, paused 597us total 25.782ms
08-05 20:01:04.331  4844  4855 I art     : Starting a blocking GC Explicit
08-05 20:01:04.358  4844  4855 I art     : Explicit concurrent mark sweep GC freed 3(96B) AllocSpace objects, 0(0B) LOS objects, 23% free, 52MB/68MB, paused 616us total 25.998ms
08-05 20:01:04.369  4844  4855 I art     : Starting a blocking GC Explicit
08-05 20:01:04.394  4844  4855 I art     : Explicit concurrent mark sweep GC freed 3(96B) AllocSpace objects, 0(0B) LOS objects, 23% free, 52MB/68MB, paused 587us total 25.364ms
08-05 20:01:04.405  4844  4855 I art     : Starting a blocking GC Explicit
08-05 20:01:04.432  4844  4855 I art     : Explicit concurrent mark sweep GC freed 3(96B) AllocSpace objects, 0(0B) LOS objects, 23% free, 52MB/68MB, paused 589us total 26.168ms
08-05 20:01:04.730  4844  5773 I art     : Starting a blocking GC Explicit
08-05 20:01:04.756  4844  5773 I art     : Explicit concurrent mark sweep GC freed 1341(78KB) AllocSpace objects, 1(20KB) LOS objects, 23% free, 52MB/68MB, paused 616us total 25.770ms
08-05 20:01:04.767  4844  5773 I art     : Starting a blocking GC Explicit
08-05 20:01:04.793  4844  5773 I art     : Explicit concurrent mark sweep GC freed 20(704B) AllocSpace objects, 0(0B) LOS objects, 23% free, 52MB/68MB, paused 612us total 25.309ms
08-05 20:01:04.803  4844  5773 I art     : Starting a blocking GC Explicit
08-05 20:01:04.828  4844  5773 I art     : Explicit concurrent mark sweep GC freed 3(96B) AllocSpace objects, 0(0B) LOS objects, 23% free, 52MB/68MB, paused 626us total 24.705ms
08-05 20:01:04.839  4844  5773 I art     : Starting a blocking GC Explicit
08-05 20:01:04.864  4844  5773 I art     : Explicit concurrent mark sweep GC freed 3(96B) AllocSpace objects, 0(0B) LOS objects, 23% free, 52MB/68MB, paused 608us total 24.223ms
08-05 20:01:04.874  4844  5773 I art     : Starting a blocking GC Explicit
08-05 20:01:04.899  4844  5773 I art     : Explicit concurrent mark sweep GC freed 3(96B) AllocSpace objects, 0(0B) LOS objects, 23% free, 52MB/68MB, paused 606us total 24.619ms
08-05 20:01:05.163  7383  7383 D AndroidRuntime: >>>>>> START com.android.internal.os.RuntimeInit uid 2000 <<<<<<
08-05 20:01:05.169  7383  7383 D AndroidRuntime: CheckJNI is OFF
08-05 20:01:05.213  7383  7383 D ICU     : No timezone override file found: /data/misc/zoneinfo/current/icu/icu_tzdata.dat
08-05 20:01:05.216  4844  4879 I art     : Starting a blocking GC Explicit
08-05 20:01:05.242  4844  4879 I art     : Explicit concurrent mark sweep GC freed 1341(78KB) AllocSpace objects, 1(20KB) LOS objects, 23% free, 52MB/68MB, paused 630us total 25.734ms
08-05 20:01:05.253  4844  4879 I art     : Starting a blocking GC Explicit
08-05 20:01:05.257  7383  7383 I Radio-JNI: register_android_hardware_Radio DONE
08-05 20:01:05.278  4844  4879 I art     : Explicit concurrent mark sweep GC freed 20(704B) AllocSpace objects, 0(0B) LOS objects, 23% free, 52MB/68MB, paused 634us total 25.180ms
08-05 20:01:05.288  7383  7383 D AndroidRuntime: Calling main entry com.android.commands.input.Input
08-05 20:01:05.289  4844  4879 I art     : Starting a blocking GC Explicit
08-05 20:01:05.290  7383  7383 I Input   : injectMotionEvent: MotionEvent { action=ACTION_DOWN, actionButton=0, id[0]=0, x[0]=1053.0, y[0]=1173.0, toolType[0]=TOOL_TYPE_UNKNOWN, buttonState=0, metaState=0, flags=0x0, edgeFlags=0x0, pointerCount=1, historySize=0, eventTime=820881702, downTime=820881702, deviceId=0, source=0x1002 }
08-05 20:01:05.295  7383  7383 I Input   : injectMotionEvent: MotionEvent { action=ACTION_UP, actionButton=0, id[0]=0, x[0]=1053.0, y[0]=1173.0, toolType[0]=TOOL_TYPE_UNKNOWN, buttonState=0, metaState=0, flags=0x0, edgeFlags=0x0, pointerCount=1, historySize=0, eventTime=820881702, downTime=820881702, deviceId=0, source=0x1002 }
08-05 20:01:05.296   918  6111 I ActivityManager: START u0 {cmp=baseline.appteam.nith.hillffair/.activities.QuizActivity} from uid 10675 on display 0
08-05 20:01:05.305  7383  7383 D AndroidRuntime: Shutting down VM
08-05 20:01:05.314  4844  4879 I art     : Explicit concurrent mark sweep GC freed 22(720B) AllocSpace objects, 0(0B) LOS objects, 23% free, 52MB/68MB, paused 634us total 24.272ms
08-05 20:01:05.325  4844  4879 I art     : Starting a blocking GC Explicit
08-05 20:01:05.350  4844  4879 I art     : Explicit concurrent mark sweep GC freed 606(43KB) AllocSpace objects, 0(0B) LOS objects, 23% free, 52MB/68MB, paused 829us total 24.367ms
08-05 20:01:05.360  4844  4879 I art     : Starting a blocking GC Explicit
08-05 20:01:05.384  4844  4879 I art     : Explicit concurrent mark sweep GC freed 174(12KB) AllocSpace objects, 0(0B) LOS objects, 23% free, 52MB/68MB, paused 570us total 23.659ms
08-05 20:01:05.405 13866 13866 I GoogleInputMethodServic: GoogleInputMethodService.onFinishInput():3138 
08-05 20:01:05.406   918   936 I ActivityManager: Displayed baseline.appteam.nith.hillffair/.activities.QuizActivity: +98ms
08-05 20:01:05.406 13866 13866 I GoogleInputMethodServic: GoogleInputMethodService.onStartInput():1808 
08-05 20:01:05.652   380   380 W SurfaceFlinger: couldn't log to binary event log: overflow.
08-05 20:01:05.690  4844  4855 I art     : Starting a blocking GC Explicit
08-05 20:01:05.714  4844  4855 I art     : Explicit concurrent mark sweep GC freed 1513(84KB) AllocSpace objects, 1(20KB) LOS objects, 23% free, 52MB/68MB, paused 564us total 23.518ms
08-05 20:01:05.724  4844  4855 I art     : Starting a blocking GC Explicit
08-05 20:01:05.749  4844  4855 I art     : Explicit concurrent mark sweep GC freed 26(912B) AllocSpace objects, 0(0B) LOS objects, 23% free, 52MB/68MB, paused 600us total 24.340ms
08-05 20:01:05.760  4844  4855 I art     : Starting a blocking GC Explicit
08-05 20:01:05.787  4844  4855 I art     : Explicit concurrent mark sweep GC freed 65(4KB) AllocSpace objects, 0(0B) LOS objects, 23% free, 52MB/68MB, paused 858us total 26.261ms
08-05 20:01:05.799  4844  4855 I art     : Starting a blocking GC Explicit
08-05 20:01:05.824  4844  4855 I art     : Explicit concurrent mark sweep GC freed 11(400B) AllocSpace objects, 0(0B) LOS objects, 23% free, 52MB/68MB, paused 579us total 24.668ms
08-05 20:01:05.834  4844  4855 I art     : Starting a blocking GC Explicit
08-05 20:01:05.861  4844  4855 I art     : Explicit concurrent mark sweep GC freed 3(96B) AllocSpace objects, 0(0B) LOS objects, 23% free, 52MB/68MB, paused 606us total 26.465ms
08-05 20:01:06.169  4844  5773 I art     : Starting a blocking GC Explicit
08-05 20:01:06.208  4844  5773 I art     : Explicit concurrent mark sweep GC freed 1343(78KB) AllocSpace objects, 1(20KB) LOS objects, 23% free, 52MB/68MB, paused 677us total 37.636ms
08-05 20:01:06.223  4844  5773 I art     : Starting a blocking GC Explicit
08-05 20:01:06.251  4844  5773 I art     : Explicit concurrent mark sweep GC freed 20(704B) AllocSpace objects, 0(0B) LOS objects, 23% free, 52MB/68MB, paused 601us total 27.185ms
08-05 20:01:06.262  4844  5773 I art     : Starting a blocking GC Explicit
08-05 20:01:06.289  4844  5773 I art     : Explicit concurrent mark sweep GC freed 3(96B) AllocSpace objects, 0(0B) LOS objects, 23% free, 52MB/68MB, paused 594us total 27.133ms
08-05 20:01:06.301  4844  5773 I art     : Starting a blocking GC Explicit
08-05 20:01:06.327  4844  5773 I art     : Explicit concurrent mark sweep GC freed 3(96B) AllocSpace objects, 0(0B) LOS objects, 23% free, 52MB/68MB, paused 671us total 26.524ms
08-05 20:01:06.339  4844  5773 I art     : Starting a blocking GC Explicit
08-05 20:01:06.366  4844  5773 I art     : Explicit concurrent mark sweep GC freed 3(96B) AllocSpace objects, 0(0B) LOS objects, 23% free, 52MB/68MB, paused 608us total 27.584ms
08-05 20:01:06.507 13866 13882 I PeriodicStatsRunner: PeriodicStatsRunner.call():175 call()
08-05 20:01:06.508 13866 13882 I PeriodicStatsRunner: PeriodicStatsRunner.call():179 No submit PeriodicStats since input started.
08-05 20:01:06.660  4844  4879 I art     : Starting a blocking GC Explicit
08-05 20:01:06.693  4844  4879 I art     : Explicit concurrent mark sweep GC freed 1343(78KB) AllocSpace objects, 1(20KB) LOS objects, 23% free, 52MB/68MB, paused 641us total 32.732ms
08-05 20:01:06.706  4844  4879 I art     : Starting a blocking GC Explicit
08-05 20:01:06.732  4844  4879 I art     : Explicit concurrent mark sweep GC freed 20(704B) AllocSpace objects, 0(0B) LOS objects, 23% free, 52MB/68MB, paused 584us total 26.341ms
08-05 20:01:06.743  4844  4879 I art     : Starting a blocking GC Explicit
08-05 20:01:06.771  4844  4879 I art     : Explicit concurrent mark sweep GC freed 3(96B) AllocSpace objects, 0(0B) LOS objects, 23% free, 52MB/68MB, paused 600us total 26.863ms
08-05 20:01:06.782  4844  4879 I art     : Starting a blocking GC Explicit
08-05 20:01:06.808  4844  4879 I art     : Explicit concurrent mark sweep GC freed 3(96B) AllocSpace objects, 0(0B) LOS objects, 23% free, 52MB/68MB, paused 648us total 25.906ms
08-05 20:01:06.819  4844  4879 I art     : Starting a blocking GC Explicit
08-05 20:01:06.846  4844  4879 I art     : Explicit concurrent mark sweep GC freed 3(96B) AllocSpace objects, 0(0B) LOS objects, 23% free, 52MB/68MB, paused 602us total 26.786ms
08-05 20:01:07.160  4844  4879 I art     : Starting a blocking GC Explicit
08-05 20:01:07.188  4844  4879 I art     : Explicit concurrent mark sweep GC freed 1371(79KB) AllocSpace objects, 1(20KB) LOS objects, 23% free, 52MB/68MB, paused 709us total 27.481ms
08-05 20:01:07.199  4844  4879 I art     : Starting a blocking GC Explicit
08-05 20:01:07.225  4844  4879 I art     : Explicit concurrent mark sweep GC freed 22(768B) AllocSpace objects, 0(0B) LOS objects, 23% free, 52MB/68MB, paused 561us total 25.966ms
08-05 20:01:07.237  4844  4879 I art     : Starting a blocking GC Explicit
08-05 20:01:07.263  4844  4879 I art     : Explicit concurrent mark sweep GC freed 3(96B) AllocSpace objects, 0(0B) LOS objects, 23% free, 52MB/68MB, paused 566us total 25.794ms
08-05 20:01:07.274  4844  4879 I art     : Starting a blocking GC Explicit
08-05 20:01:07.302  4844  4879 I art     : Explicit concurrent mark sweep GC freed 3(96B) AllocSpace objects, 0(0B) LOS objects, 23% free, 52MB/68MB, paused 583us total 27.250ms
08-05 20:01:07.313  4844  4879 I art     : Starting a blocking GC Explicit
08-05 20:01:07.342  4844  4879 I art     : Explicit concurrent mark sweep GC freed 3(96B) AllocSpace objects, 0(0B) LOS objects, 23% free, 52MB/68MB, paused 619us total 28.352ms
08-05 20:01:07.654  4844  5773 I art     : Starting a blocking GC Explicit
08-05 20:01:07.659  4844  7454 W OneSignal: OneSignalRestClient: POST Error thrown from network stack. 
08-05 20:01:07.659  4844  7454 W OneSignal: java.io.IOException: unexpected end of stream on Connection{api.onesignal.com:443, proxy=HTTP@192.168.2.12:8080 hostAddress=192.168.2.12 cipherSuite=TLS_ECDHE_RSA_WITH_AES_128_GCM_SHA256 protocol=http/1.1} (recycle count=0)
08-05 20:01:07.659  4844  7454 W OneSignal: 	at com.android.okhttp.internal.http.HttpConnection.readResponse(HttpConnection.java:210)
08-05 20:01:07.659  4844  7454 W OneSignal: 	at com.android.okhttp.internal.http.HttpTransport.readResponseHeaders(HttpTransport.java:80)
08-05 20:01:07.659  4844  7454 W OneSignal: 	at com.android.okhttp.internal.http.HttpEngine.readNetworkResponse(HttpEngine.java:904)
08-05 20:01:07.659  4844  7454 W OneSignal: 	at com.android.okhttp.internal.http.HttpEngine.readResponse(HttpEngine.java:788)
08-05 20:01:07.659  4844  7454 W OneSignal: 	at com.android.okhttp.internal.huc.HttpURLConnectionImpl.execute(HttpURLConnectionImpl.java:439)
08-05 20:01:07.659  4844  7454 W OneSignal: 	at com.android.okhttp.internal.huc.HttpURLConnectionImpl.getResponse(HttpURLConnectionImpl.java:384)
08-05 20:01:07.659  4844  7454 W OneSignal: 	at com.android.okhttp.internal.huc.HttpURLConnectionImpl.getResponseCode(HttpURLConnectionImpl.java:497)
08-05 20:01:07.659  4844  7454 W OneSignal: 	at com.android.okhttp.internal.huc.DelegatingHttpsURLConnection.getResponseCode(DelegatingHttpsURLConnection.java:105)
08-05 20:01:07.659  4844  7454 W OneSignal: 	at com.android.okhttp.internal.huc.HttpsURLConnectionImpl.getResponseCode(HttpsURLConnectionImpl.java)
08-05 20:01:07.659  4844  7454 W OneSignal: 	at com.onesignal.OneSignalRestClient.startHTTPConnection(OneSignalRestClient.java:180)
08-05 20:01:07.659  4844  7454 W OneSignal: 	at com.onesignal.OneSignalRestClient.access$100(OneSignalRestClient.java:44)
08-05 20:01:07.659  4844  7454 W OneSignal: 	at com.onesignal.OneSignalRestClient$4.run(OneSignalRestClient.java:110)
08-05 20:01:07.659  4844  7454 W OneSignal: 	at java.lang.Thread.run(Thread.java:818)
08-05 20:01:07.659  4844  7454 W OneSignal: Caused by: java.io.EOFException: \n not found: size=0 content=...
08-05 20:01:07.659  4844  7454 W OneSignal: 	at com.android.okhttp.okio.RealBufferedSource.readUtf8LineStrict(RealBufferedSource.java:200)
08-05 20:01:07.659  4844  7454 W OneSignal: 	at com.android.okhttp.internal.http.HttpConnection.readResponse(HttpConnection.java:191)
08-05 20:01:07.659  4844  7454 W OneSignal: 	... 12 more
08-05 20:01:07.660  4844  7468 W OneSignal: Failed last request. statusCode: -1
08-05 20:01:07.660  4844  7468 W OneSignal: response: null
08-05 20:01:07.682  4844  5773 I art     : Explicit concurrent mark sweep GC freed 3744(220KB) AllocSpace objects, 1(20KB) LOS objects, 23% free, 52MB/68MB, paused 633us total 27.590ms
08-05 20:01:07.693  4844  5773 I art     : Starting a blocking GC Explicit
08-05 20:01:07.718  4844  5773 I art     : Explicit concurrent mark sweep GC freed 325(28KB) AllocSpace objects, 0(0B) LOS objects, 23% free, 52MB/68MB, paused 592us total 25.164ms
08-05 20:01:07.729  4844  5773 I art     : Starting a blocking GC Explicit
08-05 20:01:07.756  4844  5773 I art     : Explicit concurrent mark sweep GC freed 3(96B) AllocSpace objects, 0(0B) LOS objects, 23% free, 52MB/68MB, paused 667us total 26.913ms
08-05 20:01:07.767  4844  5773 I art     : Starting a blocking GC Explicit
08-05 20:01:07.795  4844  5773 I art     : Explicit concurrent mark sweep GC freed 3(96B) AllocSpace objects, 0(0B) LOS objects, 23% free, 52MB/68MB, paused 656us total 27.016ms
08-05 20:01:07.806  4844  5773 I art     : Starting a blocking GC Explicit
08-05 20:01:07.834  4844  5773 I art     : Explicit concurrent mark sweep GC freed 3(96B) AllocSpace objects, 0(0B) LOS objects, 23% free, 52MB/68MB, paused 613us total 27.822ms
08-05 20:01:08.079  7457  7457 D AndroidRuntime: >>>>>> START com.android.internal.os.RuntimeInit uid 2000 <<<<<<
08-05 20:01:08.085  7457  7457 D AndroidRuntime: CheckJNI is OFF
08-05 20:01:08.128  7457  7457 D ICU     : No timezone override file found: /data/misc/zoneinfo/current/icu/icu_tzdata.dat
08-05 20:01:08.157  4844  4855 I art     : Starting a blocking GC Explicit
08-05 20:01:08.170  7457  7457 I Radio-JNI: register_android_hardware_Radio DONE
08-05 20:01:08.185  4844  4855 I art     : Explicit concurrent mark sweep GC freed 1343(78KB) AllocSpace objects, 1(20KB) LOS objects, 23% free, 52MB/68MB, paused 574us total 27.508ms
08-05 20:01:08.196  4844  4855 I art     : Starting a blocking GC Explicit
08-05 20:01:08.199  7457  7457 D AndroidRuntime: Calling main entry com.android.commands.input.Input
08-05 20:01:08.202  7457  7457 I Input   : injectMotionEvent: MotionEvent { action=ACTION_DOWN, actionButton=0, id[0]=0, x[0]=756.0, y[0]=1530.0, toolType[0]=TOOL_TYPE_UNKNOWN, buttonState=0, metaState=0, flags=0x0, edgeFlags=0x0, pointerCount=1, historySize=0, eventTime=820884614, downTime=820884614, deviceId=0, source=0x1002 }
08-05 20:01:08.207  7457  7457 I Input   : injectMotionEvent: MotionEvent { action=ACTION_UP, actionButton=0, id[0]=0, x[0]=756.0, y[0]=1530.0, toolType[0]=TOOL_TYPE_UNKNOWN, buttonState=0, metaState=0, flags=0x0, edgeFlags=0x0, pointerCount=1, historySize=0, eventTime=820884614, downTime=820884614, deviceId=0, source=0x1002 }
08-05 20:01:08.209  7457  7457 D AndroidRuntime: Shutting down VM
08-05 20:01:08.222  4844  4855 I art     : Explicit concurrent mark sweep GC freed 49(1760B) AllocSpace objects, 0(0B) LOS objects, 23% free, 52MB/68MB, paused 689us total 25.785ms
08-05 20:01:08.225   918  3961 I ActivityManager: START u0 {cmp=baseline.appteam.nith.hillffair/.activities.LeaderBoardActivity} from uid 10675 on display 0
08-05 20:01:08.226   512  2967 D audio_hw_primary: out_set_parameters: enter: usecase(1: low-latency-playback) kvpairs: routing=2
08-05 20:01:08.233  4844  4855 I art     : Starting a blocking GC Explicit
08-05 20:01:08.239   512  2967 D audio_hw_primary: select_devices: out_snd_device(2: speaker) in_snd_device(0: none)
08-05 20:01:08.239   512  2967 D msm8974_platform: platform_send_audio_calibration: sending audio calibration for snd_device(2) acdb_id(15)
08-05 20:01:08.239   512  2967 I soundtrigger: audio_extn_sound_trigger_update_device_status: device 0x2 of type 0 for Event 1
08-05 20:01:08.250   512  2967 D audio_hw_primary: enable_snd_device: snd_device(2: speaker)
08-05 20:01:08.252   512  2967 D audio_hw_primary: enable_audio_route: apply and update mixer path: low-latency-playback speaker
08-05 20:01:08.260  4844  4855 I art     : Explicit concurrent mark sweep GC freed 446(24KB) AllocSpace objects, 0(0B) LOS objects, 23% free, 52MB/68MB, paused 834us total 26.580ms
08-05 20:01:08.272  4844  4855 I art     : Starting a blocking GC Explicit
08-05 20:01:08.299  4844  4855 I art     : Explicit concurrent mark sweep GC freed 4556(286KB) AllocSpace objects, 0(0B) LOS objects, 23% free, 52MB/68MB, paused 800us total 27.405ms
08-05 20:01:08.310  4844  4855 I art     : Starting a blocking GC Explicit
08-05 20:01:08.328  4844  4844 E RecyclerView: No adapter attached; skipping layout
08-05 20:01:08.335  4844  4855 I art     : Explicit concurrent mark sweep GC freed 334(13KB) AllocSpace objects, 0(0B) LOS objects, 23% free, 52MB/68MB, paused 960us total 24.679ms
08-05 20:01:08.335  4844  4844 E RecyclerView: No adapter attached; skipping layout
08-05 20:01:08.335  4844  4854 I art     : WaitForGcToComplete blocked for 13.536ms for cause HeapTrim
08-05 20:01:08.351   918   936 I ActivityManager: Displayed baseline.appteam.nith.hillffair/.activities.LeaderBoardActivity: +115ms
08-05 20:01:08.352 13866 13866 I GoogleInputMethodServic: GoogleInputMethodService.onFinishInput():3138 
08-05 20:01:08.353 13866 13866 I GoogleInputMethodServic: GoogleInputMethodService.onStartInput():1808 
08-05 20:01:08.355  4844  4844 E RecyclerView: No adapter attached; skipping layout
08-05 20:01:08.373  4844  4872 D OpenGLRenderer: endAllStagingAnimators on 0x7f7d405000 (RippleDrawable) with handle 0x7f7ebe0540
08-05 20:01:08.408 13866 13882 I PeriodicStatsRunner: PeriodicStatsRunner.call():175 call()
08-05 20:01:08.408 13866 13882 I PeriodicStatsRunner: PeriodicStatsRunner.call():179 No submit PeriodicStats since input started.
08-05 20:01:08.613   380   380 W SurfaceFlinger: couldn't log to binary event log: overflow.
08-05 20:01:08.640  4844  4879 I art     : Starting a blocking GC Explicit
08-05 20:01:08.664  4844  4879 I art     : Explicit concurrent mark sweep GC freed 1569(89KB) AllocSpace objects, 1(20KB) LOS objects, 23% free, 52MB/68MB, paused 576us total 24.048ms
08-05 20:01:08.674  4844  4879 I art     : Starting a blocking GC Explicit
08-05 20:01:08.699  4844  4879 I art     : Explicit concurrent mark sweep GC freed 56(1856B) AllocSpace objects, 0(0B) LOS objects, 23% free, 52MB/68MB, paused 586us total 24.365ms
08-05 20:01:08.709  4844  4879 I art     : Starting a blocking GC Explicit
08-05 20:01:08.734  4844  4879 I art     : Explicit concurrent mark sweep GC freed 5(160B) AllocSpace objects, 0(0B) LOS objects, 23% free, 52MB/68MB, paused 638us total 24.820ms
08-05 20:01:08.746  4844  4879 I art     : Starting a blocking GC Explicit
08-05 20:01:08.775  4844  4879 I art     : Explicit concurrent mark sweep GC freed 154(8KB) AllocSpace objects, 0(0B) LOS objects, 23% free, 52MB/68MB, paused 603us total 28.202ms
08-05 20:01:08.786  4844  4879 I art     : Starting a blocking GC Explicit
08-05 20:01:08.799   512  2967 D audio_hw_primary: disable_audio_route: reset and update mixer path: low-latency-playback speaker
08-05 20:01:08.802   512  2967 D audio_hw_primary: disable_snd_device: snd_device(2: speaker)
08-05 20:01:08.811  4844  4879 I art     : Explicit concurrent mark sweep GC freed 22(784B) AllocSpace objects, 0(0B) LOS objects, 23% free, 52MB/68MB, paused 612us total 24.872ms
08-05 20:01:08.811   512  2967 I soundtrigger: audio_extn_sound_trigger_update_device_status: device 0x2 of type 0 for Event 0
08-05 20:01:09.080  4844  7492 D OkHttp  : --> GET https://api-hillfair-2k16.herokuapp.com/api/app/quiz/leaderboard?from=1 http/1.1
08-05 20:01:09.111  4844  5773 I art     : Starting a blocking GC Explicit
08-05 20:01:09.121  4844  7492 D OkHttp  : <-- 200 OK https://api-hillfair-2k16.herokuapp.com/api/app/quiz/leaderboard?from=1 (40ms, 56744-byte body)
08-05 20:01:09.140  4844  5773 I art     : Explicit concurrent mark sweep GC freed 5625(306KB) AllocSpace objects, 4(220KB) LOS objects, 23% free, 53MB/69MB, paused 700us total 28.628ms
08-05 20:01:09.152  4844  5773 I art     : Starting a blocking GC Explicit
08-05 20:01:09.181  4844  5773 I art     : Explicit concurrent mark sweep GC freed 16428(825KB) AllocSpace objects, 0(0B) LOS objects, 23% free, 53MB/69MB, paused 813us total 28.845ms
08-05 20:01:09.192  4844  5773 I art     : Starting a blocking GC Explicit
08-05 20:01:09.207  4844  4844 I NAPPA_EXPERIMENTATION: MetricNetworkRequestExecutionTime: REQUEST_DURATION_SYSTEM='927',REQUEST_DURATION_OKHTTP='41',REQUEST_SYNCHRONOUS='FALSE',RESPONSE_CODE='200',RESPONSE_METHOD='GET',RESPONSE_LENGTH_OKHTTP='56744',RESPONSE_LENGTH_HEADER='56744',REQUEST_PROTOCOL='http/1.1',REQUEST_URL='https://api-hillfair-2k16.herokuapp.com/api/app/quiz/leaderboard?from=1',
08-05 20:01:09.219  4844  5773 I art     : Explicit concurrent mark sweep GC freed 7872(360KB) AllocSpace objects, 0(0B) LOS objects, 23% free, 53MB/69MB, paused 629us total 26.540ms
08-05 20:01:09.230  4844  5773 I art     : Starting a blocking GC Explicit
08-05 20:01:09.257  4844  5773 I art     : Explicit concurrent mark sweep GC freed 909(54KB) AllocSpace objects, 0(0B) LOS objects, 23% free, 53MB/69MB, paused 955us total 26.750ms
08-05 20:01:09.267  4844  5773 I art     : Starting a blocking GC Explicit
08-05 20:01:09.296  4844  5773 I art     : Explicit concurrent mark sweep GC freed 606(22KB) AllocSpace objects, 0(0B) LOS objects, 23% free, 53MB/69MB, paused 603us total 28.370ms
08-05 20:01:09.605  4844  4879 I art     : Starting a blocking GC Explicit
08-05 20:01:09.640  4844  4879 I art     : Explicit concurrent mark sweep GC freed 1353(78KB) AllocSpace objects, 1(20KB) LOS objects, 23% free, 53MB/69MB, paused 651us total 34.913ms
08-05 20:01:09.653  4844  4879 I art     : Starting a blocking GC Explicit
08-05 20:01:09.682  4844  4879 I art     : Explicit concurrent mark sweep GC freed 22(800B) AllocSpace objects, 0(0B) LOS objects, 23% free, 53MB/69MB, paused 612us total 29.169ms
08-05 20:01:09.694  4844  4879 I art     : Starting a blocking GC Explicit
08-05 20:01:09.723  4844  4879 I art     : Explicit concurrent mark sweep GC freed 3(96B) AllocSpace objects, 0(0B) LOS objects, 23% free, 53MB/69MB, paused 605us total 28.587ms
08-05 20:01:09.735  4844  4879 I art     : Starting a blocking GC Explicit
08-05 20:01:09.764  4844  4879 I art     : Explicit concurrent mark sweep GC freed 3(96B) AllocSpace objects, 0(0B) LOS objects, 23% free, 53MB/69MB, paused 613us total 29.339ms
08-05 20:01:09.776  4844  4879 I art     : Starting a blocking GC Explicit
08-05 20:01:09.808  4844  4879 I art     : Explicit concurrent mark sweep GC freed 3(96B) AllocSpace objects, 0(0B) LOS objects, 23% free, 53MB/69MB, paused 632us total 31.244ms
08-05 20:01:10.154  4844  4855 I art     : Starting a blocking GC Explicit
08-05 20:01:10.191  4844  4855 I art     : Explicit concurrent mark sweep GC freed 1344(78KB) AllocSpace objects, 1(20KB) LOS objects, 23% free, 53MB/69MB, paused 629us total 36.701ms
08-05 20:01:10.206  4844  4855 I art     : Starting a blocking GC Explicit
08-05 20:01:10.238  4844  4855 I art     : Explicit concurrent mark sweep GC freed 20(704B) AllocSpace objects, 0(0B) LOS objects, 23% free, 53MB/69MB, paused 641us total 32.403ms
08-05 20:01:10.250  4844  4855 I art     : Starting a blocking GC Explicit
08-05 20:01:10.283  4844  4855 I art     : Explicit concurrent mark sweep GC freed 3(96B) AllocSpace objects, 0(0B) LOS objects, 23% free, 53MB/69MB, paused 620us total 31.797ms
08-05 20:01:10.294  4844  4855 I art     : Starting a blocking GC Explicit
08-05 20:01:10.325  4844  4855 I art     : Explicit concurrent mark sweep GC freed 3(96B) AllocSpace objects, 0(0B) LOS objects, 23% free, 53MB/69MB, paused 619us total 29.781ms
08-05 20:01:10.336  4844  4855 I art     : Starting a blocking GC Explicit
08-05 20:01:10.368  4844  4855 I art     : Explicit concurrent mark sweep GC freed 3(96B) AllocSpace objects, 0(0B) LOS objects, 23% free, 53MB/69MB, paused 629us total 30.938ms
08-05 20:01:10.406 13866 13882 I PeriodicStatsRunner: PeriodicStatsRunner.call():175 call()
08-05 20:01:10.406 13866 13882 I PeriodicStatsRunner: PeriodicStatsRunner.call():179 No submit PeriodicStats since input started.
08-05 20:01:10.559   918  3261 D WifiStateMachine: starting scan for "H369AA63323"WPA_PSK with 2412,5180
08-05 20:01:10.704  4844  4856 I art     : Starting a blocking GC Explicit
08-05 20:01:10.741  4844  4856 I art     : Explicit concurrent mark sweep GC freed 1344(78KB) AllocSpace objects, 1(20KB) LOS objects, 23% free, 53MB/69MB, paused 658us total 36.777ms
08-05 20:01:10.756  4844  4856 I art     : Starting a blocking GC Explicit
08-05 20:01:10.789  4844  4856 I art     : Explicit concurrent mark sweep GC freed 20(704B) AllocSpace objects, 0(0B) LOS objects, 23% free, 53MB/69MB, paused 644us total 32.131ms
08-05 20:01:10.800  4844  4856 I art     : Starting a blocking GC Explicit
08-05 20:01:10.830  4844  4856 I art     : Explicit concurrent mark sweep GC freed 3(96B) AllocSpace objects, 0(0B) LOS objects, 23% free, 53MB/69MB, paused 596us total 29.573ms
08-05 20:01:10.842  4844  4856 I art     : Starting a blocking GC Explicit
08-05 20:01:10.874  4844  4856 I art     : Explicit concurrent mark sweep GC freed 3(96B) AllocSpace objects, 0(0B) LOS objects, 23% free, 53MB/69MB, paused 640us total 31.853ms
08-05 20:01:10.886  4844  4856 I art     : Starting a blocking GC Explicit
08-05 20:01:10.918  4844  4856 I art     : Explicit concurrent mark sweep GC freed 3(96B) AllocSpace objects, 0(0B) LOS objects, 23% free, 53MB/69MB, paused 661us total 31.172ms
08-05 20:01:11.265  4844  5773 I art     : Starting a blocking GC Explicit
08-05 20:01:11.304  4844  5773 I art     : Explicit concurrent mark sweep GC freed 1344(78KB) AllocSpace objects, 1(20KB) LOS objects, 23% free, 53MB/69MB, paused 630us total 37.645ms
08-05 20:01:11.319  4844  5773 I art     : Starting a blocking GC Explicit
08-05 20:01:11.351  4844  5773 I art     : Explicit concurrent mark sweep GC freed 20(704B) AllocSpace objects, 0(0B) LOS objects, 23% free, 53MB/69MB, paused 624us total 31.789ms
08-05 20:01:11.363  4844  5773 I art     : Starting a blocking GC Explicit
08-05 20:01:11.396  4844  5773 I art     : Explicit concurrent mark sweep GC freed 3(96B) AllocSpace objects, 0(0B) LOS objects, 23% free, 53MB/69MB, paused 618us total 32.104ms
08-05 20:01:11.408  4844  5773 I art     : Starting a blocking GC Explicit
08-05 20:01:11.439  4844  5773 I art     : Explicit concurrent mark sweep GC freed 3(96B) AllocSpace objects, 0(0B) LOS objects, 23% free, 53MB/69MB, paused 607us total 30.838ms
08-05 20:01:11.451  4844  5773 I art     : Starting a blocking GC Explicit
08-05 20:01:11.483  4844  5773 I art     : Explicit concurrent mark sweep GC freed 3(96B) AllocSpace objects, 0(0B) LOS objects, 23% free, 53MB/69MB, paused 622us total 31.960ms
08-05 20:01:11.821  4844  4879 I art     : Starting a blocking GC Explicit
08-05 20:01:11.862  4844  4879 I art     : Explicit concurrent mark sweep GC freed 1344(78KB) AllocSpace objects, 1(20KB) LOS objects, 23% free, 53MB/69MB, paused 673us total 40.520ms
08-05 20:01:11.881  4844  4879 I art     : Starting a blocking GC Explicit
08-05 20:01:11.911  4844  4879 I art     : Explicit concurrent mark sweep GC freed 20(704B) AllocSpace objects, 0(0B) LOS objects, 23% free, 53MB/69MB, paused 607us total 29.713ms
08-05 20:01:11.923  4844  4879 I art     : Starting a blocking GC Explicit
08-05 20:01:11.954  4844  4879 I art     : Explicit concurrent mark sweep GC freed 3(96B) AllocSpace objects, 0(0B) LOS objects, 23% free, 53MB/69MB, paused 611us total 31.498ms
08-05 20:01:11.966  4844  4879 I art     : Starting a blocking GC Explicit
08-05 20:01:11.998  4844  4879 I art     : Explicit concurrent mark sweep GC freed 3(96B) AllocSpace objects, 0(0B) LOS objects, 23% free, 53MB/69MB, paused 625us total 31.617ms
08-05 20:01:12.010  4844  4879 I art     : Starting a blocking GC Explicit
08-05 20:01:12.041  4844  4879 I art     : Explicit concurrent mark sweep GC freed 3(96B) AllocSpace objects, 0(0B) LOS objects, 23% free, 53MB/69MB, paused 611us total 30.556ms
08-05 20:01:12.384  4844  4855 I art     : Starting a blocking GC Explicit
08-05 20:01:12.421  4844  4855 I art     : Explicit concurrent mark sweep GC freed 1344(78KB) AllocSpace objects, 1(20KB) LOS objects, 23% free, 53MB/69MB, paused 662us total 36.509ms
08-05 20:01:12.434  4844  4855 I art     : Starting a blocking GC Explicit
08-05 20:01:12.463  4844  4855 I art     : Explicit concurrent mark sweep GC freed 20(704B) AllocSpace objects, 0(0B) LOS objects, 23% free, 53MB/69MB, paused 608us total 28.735ms
08-05 20:01:12.474  4844  4855 I art     : Starting a blocking GC Explicit
08-05 20:01:12.502  4844  4855 I art     : Explicit concurrent mark sweep GC freed 3(96B) AllocSpace objects, 0(0B) LOS objects, 23% free, 53MB/69MB, paused 615us total 27.197ms
08-05 20:01:12.513  4844  4855 I art     : Starting a blocking GC Explicit
08-05 20:01:12.542  4844  4855 I art     : Explicit concurrent mark sweep GC freed 3(96B) AllocSpace objects, 0(0B) LOS objects, 23% free, 53MB/69MB, paused 680us total 28.434ms
08-05 20:01:12.553  4844  4855 I art     : Starting a blocking GC Explicit
08-05 20:01:12.582  4844  4855 I art     : Explicit concurrent mark sweep GC freed 3(96B) AllocSpace objects, 0(0B) LOS objects, 23% free, 53MB/69MB, paused 646us total 28.728ms
08-05 20:01:12.896  4844  4856 I art     : Starting a blocking GC Explicit
08-05 20:01:12.930  4844  4856 I art     : Explicit concurrent mark sweep GC freed 1344(78KB) AllocSpace objects, 1(20KB) LOS objects, 23% free, 53MB/69MB, paused 704us total 34.190ms
08-05 20:01:12.945  4844  4856 I art     : Starting a blocking GC Explicit
08-05 20:01:12.976  4844  4856 I art     : Explicit concurrent mark sweep GC freed 20(704B) AllocSpace objects, 0(0B) LOS objects, 23% free, 53MB/69MB, paused 638us total 30.023ms
08-05 20:01:12.987  4844  4856 I art     : Starting a blocking GC Explicit
08-05 20:01:12.991  7574  7574 D AndroidRuntime: >>>>>> START com.android.internal.os.RuntimeInit uid 2000 <<<<<<
08-05 20:01:12.996  7574  7574 D AndroidRuntime: CheckJNI is OFF
08-05 20:01:13.018  4844  4856 I art     : Explicit concurrent mark sweep GC freed 3(96B) AllocSpace objects, 0(0B) LOS objects, 23% free, 53MB/69MB, paused 660us total 29.939ms
08-05 20:01:13.029  4844  4856 I art     : Starting a blocking GC Explicit
08-05 20:01:13.045  7574  7574 D ICU     : No timezone override file found: /data/misc/zoneinfo/current/icu/icu_tzdata.dat
08-05 20:01:13.058  4844  4856 I art     : Explicit concurrent mark sweep GC freed 6(192B) AllocSpace objects, 0(0B) LOS objects, 23% free, 53MB/69MB, paused 671us total 29.364ms
08-05 20:01:13.070  4844  4856 I art     : Starting a blocking GC Explicit
08-05 20:01:13.093  7574  7574 I Radio-JNI: register_android_hardware_Radio DONE
08-05 20:01:13.100  4844  4856 I art     : Explicit concurrent mark sweep GC freed 21(1008B) AllocSpace objects, 0(0B) LOS objects, 23% free, 53MB/69MB, paused 620us total 29.435ms
08-05 20:01:13.122  7574  7574 D AndroidRuntime: Calling main entry com.android.commands.input.Input
08-05 20:01:13.125  7574  7574 I Input   : injectKeyEvent: KeyEvent { action=ACTION_DOWN, keyCode=KEYCODE_BACK, scanCode=0, metaState=0, flags=0x0, repeatCount=0, eventTime=820889537, downTime=820889537, deviceId=-1, source=0x101 }
08-05 20:01:13.132  7574  7574 I Input   : injectKeyEvent: KeyEvent { action=ACTION_UP, keyCode=KEYCODE_BACK, scanCode=0, metaState=0, flags=0x0, repeatCount=0, eventTime=820889537, downTime=820889537, deviceId=-1, source=0x101 }
08-05 20:01:13.138  7574  7574 D AndroidRuntime: Shutting down VM
08-05 20:01:13.185 13866 13866 I GoogleInputMethodServic: GoogleInputMethodService.onFinishInput():3138 
08-05 20:01:13.187 13866 13866 I GoogleInputMethodServic: GoogleInputMethodService.onStartInput():1808 
08-05 20:01:13.353 13866 13882 I PeriodicStatsRunner: PeriodicStatsRunner.call():175 call()
08-05 20:01:13.353 13866 13882 I PeriodicStatsRunner: PeriodicStatsRunner.call():179 No submit PeriodicStats since input started.
08-05 20:01:13.389  4844  4879 I art     : Starting a blocking GC Explicit
08-05 20:01:13.425  4844  4879 I art     : Explicit concurrent mark sweep GC freed 1497(85KB) AllocSpace objects, 1(20KB) LOS objects, 23% free, 53MB/69MB, paused 589us total 35.373ms
08-05 20:01:13.439  4844  4879 I art     : Starting a blocking GC Explicit
08-05 20:01:13.474  4844  4879 I art     : Explicit concurrent mark sweep GC freed 26(944B) AllocSpace objects, 0(0B) LOS objects, 23% free, 53MB/69MB, paused 604us total 34.047ms
08-05 20:01:13.486  4844  4879 I art     : Starting a blocking GC Explicit
08-05 20:01:13.492   380   380 W SurfaceFlinger: couldn't log to binary event log: overflow.
08-05 20:01:13.515  4844  4879 I art     : Explicit concurrent mark sweep GC freed 120(8KB) AllocSpace objects, 0(0B) LOS objects, 23% free, 53MB/69MB, paused 839us total 29.216ms
08-05 20:01:13.526  4844  4879 I art     : Starting a blocking GC Explicit
08-05 20:01:13.552  4844  4879 I art     : Explicit concurrent mark sweep GC freed 114(6KB) AllocSpace objects, 0(0B) LOS objects, 23% free, 53MB/69MB, paused 562us total 26.144ms
08-05 20:01:13.564  4844  4879 I art     : Starting a blocking GC Explicit
08-05 20:01:13.591  4844  4879 I art     : Explicit concurrent mark sweep GC freed 4572(263KB) AllocSpace objects, 2(140KB) LOS objects, 23% free, 52MB/68MB, paused 577us total 26.412ms
08-05 20:01:13.899  4844  4855 I art     : Starting a blocking GC Explicit
08-05 20:01:13.933  4844  4855 I art     : Explicit concurrent mark sweep GC freed 1344(78KB) AllocSpace objects, 1(20KB) LOS objects, 23% free, 52MB/68MB, paused 696us total 33.428ms
08-05 20:01:13.948  4844  4855 I art     : Starting a blocking GC Explicit
08-05 20:01:13.976  4844  4855 I art     : Explicit concurrent mark sweep GC freed 20(704B) AllocSpace objects, 0(0B) LOS objects, 23% free, 52MB/68MB, paused 576us total 27.050ms
08-05 20:01:13.987  4844  4855 I art     : Starting a blocking GC Explicit
08-05 20:01:14.014  4844  4855 I art     : Explicit concurrent mark sweep GC freed 3(96B) AllocSpace objects, 0(0B) LOS objects, 23% free, 52MB/68MB, paused 646us total 26.701ms
08-05 20:01:14.025  4844  4855 I art     : Starting a blocking GC Explicit
08-05 20:01:14.052  4844  4855 I art     : Explicit concurrent mark sweep GC freed 3(96B) AllocSpace objects, 0(0B) LOS objects, 23% free, 52MB/68MB, paused 588us total 26.935ms
08-05 20:01:14.063  4844  4855 I art     : Starting a blocking GC Explicit
08-05 20:01:14.091  4844  4855 I art     : Explicit concurrent mark sweep GC freed 3(96B) AllocSpace objects, 0(0B) LOS objects, 23% free, 52MB/68MB, paused 576us total 27.307ms
08-05 20:01:14.398  4844  5773 I art     : Starting a blocking GC Explicit
08-05 20:01:14.428  4844  5773 I art     : Explicit concurrent mark sweep GC freed 1343(78KB) AllocSpace objects, 1(20KB) LOS objects, 23% free, 52MB/68MB, paused 671us total 29.700ms
08-05 20:01:14.438  4844  5773 I art     : Starting a blocking GC Explicit
08-05 20:01:14.465  4844  5773 I art     : Explicit concurrent mark sweep GC freed 20(704B) AllocSpace objects, 0(0B) LOS objects, 23% free, 52MB/68MB, paused 603us total 26.175ms
08-05 20:01:14.476  4844  5773 I art     : Starting a blocking GC Explicit
08-05 20:01:14.502  4844  5773 I art     : Explicit concurrent mark sweep GC freed 3(96B) AllocSpace objects, 0(0B) LOS objects, 23% free, 52MB/68MB, paused 575us total 25.604ms
08-05 20:01:14.513  4844  5773 I art     : Starting a blocking GC Explicit
08-05 20:01:14.539  4844  5773 I art     : Explicit concurrent mark sweep GC freed 3(96B) AllocSpace objects, 0(0B) LOS objects, 23% free, 52MB/68MB, paused 576us total 25.930ms
08-05 20:01:14.550  4844  5773 I art     : Starting a blocking GC Explicit
08-05 20:01:14.576  4844  5773 I art     : Explicit concurrent mark sweep GC freed 3(96B) AllocSpace objects, 0(0B) LOS objects, 23% free, 52MB/68MB, paused 584us total 26.013ms
08-05 20:01:14.871  4844  4855 I art     : Starting a blocking GC Explicit
08-05 20:01:14.901  4844  4855 I art     : Explicit concurrent mark sweep GC freed 1358(78KB) AllocSpace objects, 1(20KB) LOS objects, 23% free, 52MB/68MB, paused 586us total 29.243ms
08-05 20:01:14.914  4844  4855 I art     : Starting a blocking GC Explicit
08-05 20:01:14.921  7627  7627 D AndroidRuntime: >>>>>> START com.android.internal.os.RuntimeInit uid 2000 <<<<<<
08-05 20:01:14.927  7627  7627 D AndroidRuntime: CheckJNI is OFF
08-05 20:01:14.942  4844  4855 I art     : Explicit concurrent mark sweep GC freed 24(832B) AllocSpace objects, 0(0B) LOS objects, 23% free, 52MB/68MB, paused 599us total 28.036ms
08-05 20:01:14.954  4844  4855 I art     : Starting a blocking GC Explicit
08-05 20:01:14.973  7627  7627 D ICU     : No timezone override file found: /data/misc/zoneinfo/current/icu/icu_tzdata.dat
08-05 20:01:14.980  4844  4855 I art     : Explicit concurrent mark sweep GC freed 9(288B) AllocSpace objects, 0(0B) LOS objects, 23% free, 52MB/68MB, paused 553us total 26.090ms
08-05 20:01:14.992  4844  4855 I art     : Starting a blocking GC Explicit
08-05 20:01:15.018  4844  4855 I art     : Explicit concurrent mark sweep GC freed 7(224B) AllocSpace objects, 0(0B) LOS objects, 23% free, 52MB/68MB, paused 718us total 25.534ms
08-05 20:01:15.018  7627  7627 I Radio-JNI: register_android_hardware_Radio DONE
08-05 20:01:15.029  4844  4855 I art     : Starting a blocking GC Explicit
08-05 20:01:15.047  7627  7627 D AndroidRuntime: Calling main entry com.android.commands.input.Input
08-05 20:01:15.049  7627  7627 I Input   : injectKeyEvent: KeyEvent { action=ACTION_DOWN, keyCode=KEYCODE_BACK, scanCode=0, metaState=0, flags=0x0, repeatCount=0, eventTime=820891461, downTime=820891461, deviceId=-1, source=0x101 }
08-05 20:01:15.054  4844  4855 I art     : Explicit concurrent mark sweep GC freed 4(128B) AllocSpace objects, 0(0B) LOS objects, 23% free, 52MB/68MB, paused 544us total 25.404ms
08-05 20:01:15.056  7627  7627 I Input   : injectKeyEvent: KeyEvent { action=ACTION_UP, keyCode=KEYCODE_BACK, scanCode=0, metaState=0, flags=0x0, repeatCount=0, eventTime=820891461, downTime=820891461, deviceId=-1, source=0x101 }
08-05 20:01:15.064  7627  7627 D AndroidRuntime: Shutting down VM
08-05 20:01:15.100 13866 13866 I GoogleInputMethodServic: GoogleInputMethodService.onFinishInput():3138 
08-05 20:01:15.101 13866 13866 I GoogleInputMethodServic: GoogleInputMethodService.onStartInput():1808 
08-05 20:01:15.349  4844  4879 I art     : Starting a blocking GC Explicit
08-05 20:01:15.380  4844  4879 I art     : Explicit concurrent mark sweep GC freed 1544(86KB) AllocSpace objects, 1(20KB) LOS objects, 23% free, 52MB/68MB, paused 652us total 30.238ms
08-05 20:01:15.391  4844  4879 I art     : Starting a blocking GC Explicit
08-05 20:01:15.394   380   380 W SurfaceFlinger: couldn't log to binary event log: overflow.
08-05 20:01:15.417  4844  4879 I art     : Explicit concurrent mark sweep GC freed 138(9KB) AllocSpace objects, 0(0B) LOS objects, 23% free, 52MB/68MB, paused 625us total 26.287ms
08-05 20:01:15.428  4844  4879 I art     : Starting a blocking GC Explicit
08-05 20:01:15.452  4844  4879 I art     : Explicit concurrent mark sweep GC freed 2062(121KB) AllocSpace objects, 2(180KB) LOS objects, 23% free, 52MB/68MB, paused 568us total 24.215ms
08-05 20:01:15.463  4844  4879 I art     : Starting a blocking GC Explicit
08-05 20:01:15.477  2695  2695 I ServiceManager: Waiting for service AtCmdFwd...
08-05 20:01:15.487  4844  4879 I art     : Explicit concurrent mark sweep GC freed 3(96B) AllocSpace objects, 0(0B) LOS objects, 23% free, 52MB/68MB, paused 623us total 24.032ms
08-05 20:01:15.497  4844  4879 I art     : Starting a blocking GC Explicit
08-05 20:01:15.523  4844  4879 I art     : Explicit concurrent mark sweep GC freed 3(96B) AllocSpace objects, 0(0B) LOS objects, 23% free, 52MB/68MB, paused 595us total 25.297ms
08-05 20:01:15.823  4844  4855 I art     : Starting a blocking GC Explicit
08-05 20:01:15.850  4844  4855 I art     : Explicit concurrent mark sweep GC freed 1343(78KB) AllocSpace objects, 1(20KB) LOS objects, 23% free, 52MB/68MB, paused 594us total 27.115ms
08-05 20:01:15.861  4844  4855 I art     : Starting a blocking GC Explicit
08-05 20:01:15.887  4844  4855 I art     : Explicit concurrent mark sweep GC freed 20(704B) AllocSpace objects, 0(0B) LOS objects, 23% free, 52MB/68MB, paused 620us total 26.009ms
08-05 20:01:15.899  4844  4855 I art     : Starting a blocking GC Explicit
08-05 20:01:15.925  4844  4855 I art     : Explicit concurrent mark sweep GC freed 3(96B) AllocSpace objects, 0(0B) LOS objects, 23% free, 52MB/68MB, paused 589us total 26.013ms
08-05 20:01:15.936  4844  4855 I art     : Starting a blocking GC Explicit
08-05 20:01:15.963  4844  4855 I art     : Explicit concurrent mark sweep GC freed 3(96B) AllocSpace objects, 0(0B) LOS objects, 23% free, 52MB/68MB, paused 586us total 26.363ms
08-05 20:01:15.974  4844  4855 I art     : Starting a blocking GC Explicit
08-05 20:01:16.000  4844  4855 I art     : Explicit concurrent mark sweep GC freed 3(96B) AllocSpace objects, 0(0B) LOS objects, 23% free, 52MB/68MB, paused 582us total 26.067ms
08-05 20:01:16.311  4844  4856 I art     : Starting a blocking GC Explicit
08-05 20:01:16.339  4844  4856 I art     : Explicit concurrent mark sweep GC freed 1341(78KB) AllocSpace objects, 1(20KB) LOS objects, 23% free, 52MB/68MB, paused 613us total 27.989ms
08-05 20:01:16.350  4844  4856 I art     : Starting a blocking GC Explicit
08-05 20:01:16.375  4844  4856 I art     : Explicit concurrent mark sweep GC freed 20(704B) AllocSpace objects, 0(0B) LOS objects, 23% free, 52MB/68MB, paused 609us total 24.783ms
08-05 20:01:16.386  4844  4856 I art     : Starting a blocking GC Explicit
08-05 20:01:16.411  4844  4856 I art     : Explicit concurrent mark sweep GC freed 3(96B) AllocSpace objects, 0(0B) LOS objects, 23% free, 52MB/68MB, paused 604us total 25.367ms
08-05 20:01:16.422  4844  4856 I art     : Starting a blocking GC Explicit
08-05 20:01:16.447  4844  4856 I art     : Explicit concurrent mark sweep GC freed 3(96B) AllocSpace objects, 0(0B) LOS objects, 23% free, 52MB/68MB, paused 647us total 24.882ms
08-05 20:01:16.458  4844  4856 I art     : Starting a blocking GC Explicit
08-05 20:01:16.477  2695  2695 I ServiceManager: Waiting for service AtCmdFwd...
08-05 20:01:16.483  4844  4856 I art     : Explicit concurrent mark sweep GC freed 3(96B) AllocSpace objects, 0(0B) LOS objects, 23% free, 52MB/68MB, paused 591us total 24.768ms
08-05 20:01:16.773  4844  5773 I art     : Starting a blocking GC Explicit
08-05 20:01:16.802  4844  5773 I art     : Explicit concurrent mark sweep GC freed 1341(78KB) AllocSpace objects, 1(20KB) LOS objects, 23% free, 52MB/68MB, paused 612us total 28.892ms
08-05 20:01:16.813  4844  5773 I art     : Starting a blocking GC Explicit
08-05 20:01:16.840  4844  5773 I art     : Explicit concurrent mark sweep GC freed 20(704B) AllocSpace objects, 0(0B) LOS objects, 23% free, 52MB/68MB, paused 634us total 26.383ms
08-05 20:01:16.851  4844  5773 I art     : Starting a blocking GC Explicit
08-05 20:01:16.857  7682  7682 D AndroidRuntime: >>>>>> START com.android.internal.os.RuntimeInit uid 2000 <<<<<<
08-05 20:01:16.863  7682  7682 D AndroidRuntime: CheckJNI is OFF
08-05 20:01:16.878  4844  5773 I art     : Explicit concurrent mark sweep GC freed 3(96B) AllocSpace objects, 0(0B) LOS objects, 23% free, 52MB/68MB, paused 611us total 26.615ms
08-05 20:01:16.889  4844  5773 I art     : Starting a blocking GC Explicit
08-05 20:01:16.909  7682  7682 D ICU     : No timezone override file found: /data/misc/zoneinfo/current/icu/icu_tzdata.dat
08-05 20:01:16.915  4844  5773 I art     : Explicit concurrent mark sweep GC freed 3(96B) AllocSpace objects, 0(0B) LOS objects, 23% free, 52MB/68MB, paused 608us total 25.938ms
08-05 20:01:16.927  4844  5773 I art     : Starting a blocking GC Explicit
08-05 20:01:16.953  4844  5773 I art     : Explicit concurrent mark sweep GC freed 3(96B) AllocSpace objects, 0(0B) LOS objects, 23% free, 52MB/68MB, paused 647us total 26.210ms
08-05 20:01:16.956  7682  7682 I Radio-JNI: register_android_hardware_Radio DONE
08-05 20:01:16.986  7682  7682 D AndroidRuntime: Calling main entry com.android.commands.input.Input
08-05 20:01:16.989  7682  7682 I Input   : injectMotionEvent: MotionEvent { action=ACTION_DOWN, actionButton=0, id[0]=0, x[0]=1084.0, y[0]=2213.0, toolType[0]=TOOL_TYPE_UNKNOWN, buttonState=0, metaState=0, flags=0x0, edgeFlags=0x0, pointerCount=1, historySize=0, eventTime=820893401, downTime=820893401, deviceId=0, source=0x1002 }
08-05 20:01:16.994  7682  7682 I Input   : injectMotionEvent: MotionEvent { action=ACTION_UP, actionButton=0, id[0]=0, x[0]=1084.0, y[0]=2213.0, toolType[0]=TOOL_TYPE_UNKNOWN, buttonState=0, metaState=0, flags=0x0, edgeFlags=0x0, pointerCount=1, historySize=0, eventTime=820893401, downTime=820893401, deviceId=0, source=0x1002 }
08-05 20:01:16.996   918  5132 I ActivityManager: START u0 {cmp=baseline.appteam.nith.hillffair/.activities.EventActivity} from uid 10675 on display 0
08-05 20:01:17.006  7682  7682 D AndroidRuntime: Shutting down VM
08-05 20:01:17.091 13866 13866 I GoogleInputMethodServic: GoogleInputMethodService.onFinishInput():3138 
08-05 20:01:17.092 13866 13866 I GoogleInputMethodServic: GoogleInputMethodService.onStartInput():1808 
08-05 20:01:17.116   918   936 I ActivityManager: Displayed baseline.appteam.nith.hillffair/.activities.EventActivity: +109ms
08-05 20:01:17.242  4844  4879 I art     : Starting a blocking GC Explicit
08-05 20:01:17.273  4844  4879 I art     : Explicit concurrent mark sweep GC freed 6167(370KB) AllocSpace objects, 1(20KB) LOS objects, 23% free, 52MB/68MB, paused 630us total 30.628ms
08-05 20:01:17.286  4844  4879 I art     : Starting a blocking GC Explicit
08-05 20:01:17.321  4844  4879 I art     : Explicit concurrent mark sweep GC freed 266(11KB) AllocSpace objects, 0(0B) LOS objects, 23% free, 52MB/68MB, paused 719us total 34.511ms
08-05 20:01:17.335  4844  4879 I art     : Starting a blocking GC Explicit
08-05 20:01:17.363   380   380 W SurfaceFlinger: couldn't log to binary event log: overflow.
08-05 20:01:17.367  4844  4879 I art     : Explicit concurrent mark sweep GC freed 3(96B) AllocSpace objects, 0(0B) LOS objects, 23% free, 52MB/68MB, paused 785us total 31.428ms
08-05 20:01:17.380  4844  4879 I art     : Starting a blocking GC Explicit
08-05 20:01:17.404  4844  4879 I art     : Explicit concurrent mark sweep GC freed 3(96B) AllocSpace objects, 0(0B) LOS objects, 23% free, 52MB/68MB, paused 592us total 23.795ms
08-05 20:01:17.414  4844  4879 I art     : Starting a blocking GC Explicit
08-05 20:01:17.438  4844  4879 I art     : Explicit concurrent mark sweep GC freed 3(96B) AllocSpace objects, 0(0B) LOS objects, 23% free, 52MB/68MB, paused 750us total 23.404ms
08-05 20:01:17.478  2695  2695 I ServiceManager: Waiting for service AtCmdFwd...
08-05 20:01:17.733  4844  4856 I art     : Starting a blocking GC Explicit
08-05 20:01:17.760  4844  4856 I art     : Explicit concurrent mark sweep GC freed 1461(85KB) AllocSpace objects, 1(20KB) LOS objects, 23% free, 52MB/68MB, paused 653us total 27.670ms
08-05 20:01:17.772  4844  4856 I art     : Starting a blocking GC Explicit
08-05 20:01:17.799  4844  4856 I art     : Explicit concurrent mark sweep GC freed 58(1984B) AllocSpace objects, 0(0B) LOS objects, 23% free, 52MB/68MB, paused 786us total 26.804ms
08-05 20:01:17.810  4844  4856 I art     : Starting a blocking GC Explicit
08-05 20:01:17.836  4844  4856 I art     : Explicit concurrent mark sweep GC freed 16(608B) AllocSpace objects, 0(0B) LOS objects, 23% free, 52MB/68MB, paused 659us total 25.395ms
08-05 20:01:17.847  4844  4856 I art     : Starting a blocking GC Explicit
08-05 20:01:17.875  4844  4856 I art     : Explicit concurrent mark sweep GC freed 889(65KB) AllocSpace objects, 2(120KB) LOS objects, 23% free, 52MB/68MB, paused 968us total 27.408ms
08-05 20:01:17.886  4844  4856 I art     : Starting a blocking GC Explicit
08-05 20:01:17.894  4844  7709 D OkHttp  : --> GET https://api-hillfair-2k16.herokuapp.com/api/app/club http/1.1
08-05 20:01:17.913  4844  4856 I art     : Explicit concurrent mark sweep GC freed 2239(132KB) AllocSpace objects, 1(80KB) LOS objects, 23% free, 52MB/68MB, paused 707us total 26.976ms
08-05 20:01:17.933  4844  7709 D OkHttp  : <-- 200 OK https://api-hillfair-2k16.herokuapp.com/api/app/club (39ms, 1870-byte body)
08-05 20:01:17.948  4844  4844 I NAPPA_EXPERIMENTATION: MetricNetworkRequestExecutionTime: REQUEST_DURATION_SYSTEM='909',REQUEST_DURATION_OKHTTP='39',REQUEST_SYNCHRONOUS='FALSE',RESPONSE_CODE='200',RESPONSE_METHOD='GET',RESPONSE_LENGTH_OKHTTP='1870',RESPONSE_LENGTH_HEADER='1870',REQUEST_PROTOCOL='http/1.1',REQUEST_URL='https://api-hillfair-2k16.herokuapp.com/api/app/club',
08-05 20:01:18.186 13866 13882 I PeriodicStatsRunner: PeriodicStatsRunner.call():175 call()
08-05 20:01:18.186 13866 13882 I PeriodicStatsRunner: PeriodicStatsRunner.call():179 No submit PeriodicStats since input started.
08-05 20:01:18.196  4844  4856 I art     : Starting a blocking GC Explicit
08-05 20:01:18.227  4844  4856 I art     : Explicit concurrent mark sweep GC freed 4939(493KB) AllocSpace objects, 1(20KB) LOS objects, 23% free, 53MB/69MB, paused 875us total 30.862ms
08-05 20:01:18.239  4844  4856 I art     : Starting a blocking GC Explicit
08-05 20:01:18.264  4844  4856 I art     : Explicit concurrent mark sweep GC freed 313(10KB) AllocSpace objects, 0(0B) LOS objects, 23% free, 53MB/69MB, paused 733us total 25.441ms
08-05 20:01:18.275  4844  4856 I art     : Starting a blocking GC Explicit
08-05 20:01:18.303  4844  4856 I art     : Explicit concurrent mark sweep GC freed 6(192B) AllocSpace objects, 0(0B) LOS objects, 23% free, 53MB/69MB, paused 792us total 28.445ms
08-05 20:01:18.315  4844  4856 I art     : Starting a blocking GC Explicit
08-05 20:01:18.344  4844  4856 I art     : Explicit concurrent mark sweep GC freed 3(96B) AllocSpace objects, 0(0B) LOS objects, 23% free, 53MB/69MB, paused 807us total 28.812ms
08-05 20:01:18.355  4844  4856 I art     : Starting a blocking GC Explicit
08-05 20:01:18.384  4844  4856 I art     : Explicit concurrent mark sweep GC freed 3(96B) AllocSpace objects, 0(0B) LOS objects, 23% free, 53MB/69MB, paused 799us total 28.435ms
08-05 20:01:18.478  2695  2695 I ServiceManager: Waiting for service AtCmdFwd...
08-05 20:01:18.683  4844  4855 I art     : Starting a blocking GC Explicit
08-05 20:01:18.713  4844  4855 I art     : Explicit concurrent mark sweep GC freed 7420(384KB) AllocSpace objects, 1(20KB) LOS objects, 23% free, 53MB/69MB, paused 725us total 29.879ms
08-05 20:01:18.723  4844  4855 I art     : Starting a blocking GC Explicit
08-05 20:01:18.749  4844  4855 I art     : Explicit concurrent mark sweep GC freed 228(55KB) AllocSpace objects, 0(0B) LOS objects, 23% free, 53MB/69MB, paused 658us total 25.691ms
08-05 20:01:18.760  4844  4855 I art     : Starting a blocking GC Explicit
08-05 20:01:18.786  4844  4855 I art     : Explicit concurrent mark sweep GC freed 1815(71KB) AllocSpace objects, 0(0B) LOS objects, 23% free, 53MB/69MB, paused 771us total 25.801ms
08-05 20:01:18.797  4844  4855 I art     : Starting a blocking GC Explicit
08-05 20:01:18.825  4844  4855 I art     : Explicit concurrent mark sweep GC freed 216(24KB) AllocSpace objects, 0(0B) LOS objects, 23% free, 53MB/69MB, paused 746us total 27.728ms
08-05 20:01:18.836  4844  4855 I art     : Starting a blocking GC Explicit
08-05 20:01:18.862  4844  4855 I art     : Explicit concurrent mark sweep GC freed 55(16KB) AllocSpace objects, 0(0B) LOS objects, 23% free, 53MB/69MB, paused 616us total 25.247ms
08-05 20:01:19.176  4844  5773 I art     : Starting a blocking GC Explicit
08-05 20:01:19.216  4844  5773 I art     : Explicit concurrent mark sweep GC freed 1358(86KB) AllocSpace objects, 1(20KB) LOS objects, 23% free, 53MB/69MB, paused 744us total 39.274ms
08-05 20:01:19.230  4844  5773 I art     : Starting a blocking GC Explicit
08-05 20:01:19.263  4844  5773 I art     : Explicit concurrent mark sweep GC freed 23(800B) AllocSpace objects, 0(0B) LOS objects, 23% free, 53MB/69MB, paused 629us total 32.342ms
08-05 20:01:19.275  4844  5773 I art     : Starting a blocking GC Explicit
08-05 20:01:19.306  4844  5773 I art     : Explicit concurrent mark sweep GC freed 3(96B) AllocSpace objects, 0(0B) LOS objects, 23% free, 53MB/69MB, paused 640us total 31.316ms
08-05 20:01:19.318  4844  5773 I art     : Starting a blocking GC Explicit
08-05 20:01:19.349  4844  5773 I art     : Explicit concurrent mark sweep GC freed 3(96B) AllocSpace objects, 0(0B) LOS objects, 23% free, 53MB/69MB, paused 680us total 30.879ms
08-05 20:01:19.361  4844  5773 I art     : Starting a blocking GC Explicit
08-05 20:01:19.393  4844  5773 I art     : Explicit concurrent mark sweep GC freed 3(96B) AllocSpace objects, 0(0B) LOS objects, 23% free, 53MB/69MB, paused 672us total 31.558ms
08-05 20:01:19.479  2695  2695 I ServiceManager: Waiting for service AtCmdFwd...
08-05 20:01:19.752   918  1209 D NetworkMonitor/NetworkAgentInfo [WIFI () - 159]: Checking http://connectivitycheck.gstatic.com/generate_204 on "H369AA63323", 192.168.2.12=192.168.2.12
08-05 20:01:19.764  4844  4856 I art     : Starting a blocking GC Explicit
08-05 20:01:19.799  4844  4856 I art     : Explicit concurrent mark sweep GC freed 1344(78KB) AllocSpace objects, 1(20KB) LOS objects, 23% free, 53MB/69MB, paused 740us total 34.456ms
08-05 20:01:19.813  4844  4856 I art     : Starting a blocking GC Explicit
08-05 20:01:19.844   918  1209 D NetworkMonitor/NetworkAgentInfo [WIFI () - 159]: Probably not a portal: exception java.io.IOException: unexpected end of stream on Connection{connectivitycheck.gstatic.com:80, proxy=HTTP@/192.168.2.12:8080 hostAddress=192.168.2.12 cipherSuite=none protocol=http/1.1} (recycle count=0)
08-05 20:01:19.844  4844  4856 I art     : Explicit concurrent mark sweep GC freed 20(704B) AllocSpace objects, 0(0B) LOS objects, 23% free, 53MB/69MB, paused 639us total 30.510ms
08-05 20:01:19.845   918  3263 D ConnectivityService: NetworkAgentInfo [WIFI () - 159] validation failed
08-05 20:01:19.846   918  3261 E WifiConfigStore:  rewrite network history for "H369AA63323"WPA_PSK
08-05 20:01:19.856  4844  4856 I art     : Starting a blocking GC Explicit
08-05 20:01:19.887  4844  4856 I art     : Explicit concurrent mark sweep GC freed 3(96B) AllocSpace objects, 0(0B) LOS objects, 23% free, 53MB/69MB, paused 760us total 31.304ms
08-05 20:01:19.899  4844  4856 I art     : Starting a blocking GC Explicit
08-05 20:01:19.930  4844  4856 I art     : Explicit concurrent mark sweep GC freed 3(96B) AllocSpace objects, 0(0B) LOS objects, 23% free, 53MB/69MB, paused 654us total 30.888ms
08-05 20:01:19.942  4844  4856 I art     : Starting a blocking GC Explicit
08-05 20:01:19.972  4844  4856 I art     : Explicit concurrent mark sweep GC freed 3(96B) AllocSpace objects, 0(0B) LOS objects, 23% free, 53MB/69MB, paused 660us total 30.055ms
08-05 20:01:20.101 13866 13882 I PeriodicStatsRunner: PeriodicStatsRunner.call():175 call()
08-05 20:01:20.102 13866 13882 I PeriodicStatsRunner: PeriodicStatsRunner.call():179 No submit PeriodicStats since input started.
08-05 20:01:20.315  4844  4879 I art     : Starting a blocking GC Explicit
08-05 20:01:20.355  4844  4879 I art     : Explicit concurrent mark sweep GC freed 1344(78KB) AllocSpace objects, 1(20KB) LOS objects, 23% free, 53MB/69MB, paused 781us total 39.935ms
08-05 20:01:20.371  4844  4879 I art     : Starting a blocking GC Explicit
08-05 20:01:20.403  4844  4879 I art     : Explicit concurrent mark sweep GC freed 20(704B) AllocSpace objects, 0(0B) LOS objects, 23% free, 53MB/69MB, paused 689us total 31.642ms
08-05 20:01:20.414  4844  4879 I art     : Starting a blocking GC Explicit
08-05 20:01:20.444  4844  4879 I art     : Explicit concurrent mark sweep GC freed 3(96B) AllocSpace objects, 0(0B) LOS objects, 23% free, 53MB/69MB, paused 624us total 29.394ms
08-05 20:01:20.456  4844  4879 I art     : Starting a blocking GC Explicit
08-05 20:01:20.480  2695  2695 W Atfwd_Sendcmd: AtCmdFwd service not published, waiting... retryCnt : 5
08-05 20:01:20.488  4844  4879 I art     : Explicit concurrent mark sweep GC freed 3(96B) AllocSpace objects, 0(0B) LOS objects, 23% free, 53MB/69MB, paused 711us total 31.503ms
08-05 20:01:20.500  4844  4879 I art     : Starting a blocking GC Explicit
08-05 20:01:20.532  4844  4879 I art     : Explicit concurrent mark sweep GC freed 3(96B) AllocSpace objects, 0(0B) LOS objects, 23% free, 53MB/69MB, paused 665us total 31.796ms
08-05 20:01:20.880  4844  4855 I art     : Starting a blocking GC Explicit
08-05 20:01:20.922  4844  4855 I art     : Explicit concurrent mark sweep GC freed 1344(78KB) AllocSpace objects, 1(20KB) LOS objects, 23% free, 53MB/69MB, paused 746us total 41.173ms
08-05 20:01:20.939  4844  4855 I art     : Starting a blocking GC Explicit
08-05 20:01:20.975  4844  4855 I art     : Explicit concurrent mark sweep GC freed 20(704B) AllocSpace objects, 0(0B) LOS objects, 23% free, 53MB/69MB, paused 721us total 35.153ms
08-05 20:01:20.987  4844  4855 I art     : Starting a blocking GC Explicit
08-05 20:01:21.018  4844  4855 I art     : Explicit concurrent mark sweep GC freed 3(96B) AllocSpace objects, 0(0B) LOS objects, 23% free, 53MB/69MB, paused 699us total 30.695ms
08-05 20:01:21.030  4844  4855 I art     : Starting a blocking GC Explicit
08-05 20:01:21.061  4844  4855 I art     : Explicit concurrent mark sweep GC freed 3(96B) AllocSpace objects, 0(0B) LOS objects, 23% free, 53MB/69MB, paused 631us total 30.148ms
08-05 20:01:21.072  4844  4855 I art     : Starting a blocking GC Explicit
08-05 20:01:21.103  4844  4855 I art     : Explicit concurrent mark sweep GC freed 3(96B) AllocSpace objects, 0(0B) LOS objects, 23% free, 53MB/69MB, paused 689us total 30.687ms
08-05 20:01:21.435  4844  5773 I art     : Starting a blocking GC Explicit
08-05 20:01:21.471  4844  5773 I art     : Explicit concurrent mark sweep GC freed 1344(78KB) AllocSpace objects, 1(20KB) LOS objects, 23% free, 53MB/69MB, paused 727us total 35.894ms
08-05 20:01:21.485  4844  5773 I art     : Starting a blocking GC Explicit
08-05 20:01:21.516  4844  5773 I art     : Explicit concurrent mark sweep GC freed 20(704B) AllocSpace objects, 0(0B) LOS objects, 23% free, 53MB/69MB, paused 687us total 30.867ms
08-05 20:01:21.528  4844  5773 I art     : Starting a blocking GC Explicit
08-05 20:01:21.559  4844  5773 I art     : Explicit concurrent mark sweep GC freed 3(96B) AllocSpace objects, 0(0B) LOS objects, 23% free, 53MB/69MB, paused 673us total 30.667ms
08-05 20:01:21.571  4844  5773 I art     : Starting a blocking GC Explicit
08-05 20:01:21.602  4844  5773 I art     : Explicit concurrent mark sweep GC freed 3(96B) AllocSpace objects, 0(0B) LOS objects, 23% free, 53MB/69MB, paused 635us total 30.699ms
08-05 20:01:21.614  4844  5773 I art     : Starting a blocking GC Explicit
08-05 20:01:21.646  4844  5773 I art     : Explicit concurrent mark sweep GC freed 3(96B) AllocSpace objects, 0(0B) LOS objects, 23% free, 53MB/69MB, paused 667us total 31.796ms
08-05 20:01:21.968  4844  4856 I art     : Starting a blocking GC Explicit
08-05 20:01:22.004  4844  4856 I art     : Explicit concurrent mark sweep GC freed 1344(78KB) AllocSpace objects, 1(20KB) LOS objects, 23% free, 53MB/69MB, paused 730us total 35.913ms
08-05 20:01:22.022  4844  4856 I art     : Starting a blocking GC Explicit
08-05 20:01:22.054  4844  4856 I art     : Explicit concurrent mark sweep GC freed 20(704B) AllocSpace objects, 0(0B) LOS objects, 23% free, 53MB/69MB, paused 690us total 31.086ms
08-05 20:01:22.065  4844  4856 I art     : Starting a blocking GC Explicit
08-05 20:01:22.092 13866 13882 I PeriodicStatsRunner: PeriodicStatsRunner.call():175 call()
08-05 20:01:22.093 13866 13882 I PeriodicStatsRunner: PeriodicStatsRunner.call():179 No submit PeriodicStats since input started.
08-05 20:01:22.097  4844  4856 I art     : Explicit concurrent mark sweep GC freed 3(96B) AllocSpace objects, 0(0B) LOS objects, 23% free, 53MB/69MB, paused 840us total 31.513ms
08-05 20:01:22.109  4844  4856 I art     : Starting a blocking GC Explicit
08-05 20:01:22.140  4844  4856 I art     : Explicit concurrent mark sweep GC freed 3(96B) AllocSpace objects, 0(0B) LOS objects, 23% free, 53MB/69MB, paused 669us total 30.944ms
08-05 20:01:22.152  4844  4856 I art     : Starting a blocking GC Explicit
08-05 20:01:22.183  4844  4856 I art     : Explicit concurrent mark sweep GC freed 3(96B) AllocSpace objects, 0(0B) LOS objects, 23% free, 53MB/69MB, paused 694us total 31.663ms
08-05 20:01:22.535  4844  4879 I art     : Starting a blocking GC Explicit
08-05 20:01:22.570  4844  4879 I art     : Explicit concurrent mark sweep GC freed 1344(78KB) AllocSpace objects, 1(20KB) LOS objects, 23% free, 53MB/69MB, paused 704us total 34.619ms
08-05 20:01:22.584  4844  4879 I art     : Starting a blocking GC Explicit
08-05 20:01:22.616  4844  4879 I art     : Explicit concurrent mark sweep GC freed 20(704B) AllocSpace objects, 0(0B) LOS objects, 23% free, 53MB/69MB, paused 652us total 31.996ms
08-05 20:01:22.628  4844  4879 I art     : Starting a blocking GC Explicit
08-05 20:01:22.657  4844  4879 I art     : Explicit concurrent mark sweep GC freed 3(96B) AllocSpace objects, 0(0B) LOS objects, 23% free, 53MB/69MB, paused 658us total 28.781ms
08-05 20:01:22.668  4844  4879 I art     : Starting a blocking GC Explicit
08-05 20:01:22.697  4844  4879 I art     : Explicit concurrent mark sweep GC freed 3(96B) AllocSpace objects, 0(0B) LOS objects, 23% free, 53MB/69MB, paused 719us total 28.912ms
08-05 20:01:22.709  4844  4879 I art     : Starting a blocking GC Explicit
08-05 20:01:22.740  4844  4879 I art     : Explicit concurrent mark sweep GC freed 3(96B) AllocSpace objects, 0(0B) LOS objects, 23% free, 53MB/69MB, paused 661us total 30.977ms
08-05 20:01:23.082  4844  4855 I art     : Starting a blocking GC Explicit
08-05 20:01:23.119  4844  4855 I art     : Explicit concurrent mark sweep GC freed 1344(78KB) AllocSpace objects, 1(20KB) LOS objects, 23% free, 53MB/69MB, paused 715us total 36.797ms
08-05 20:01:23.131  4844  4855 I art     : Starting a blocking GC Explicit
08-05 20:01:23.160  4844  4855 I art     : Explicit concurrent mark sweep GC freed 20(704B) AllocSpace objects, 0(0B) LOS objects, 23% free, 53MB/69MB, paused 666us total 28.915ms
08-05 20:01:23.172  4844  4855 I art     : Starting a blocking GC Explicit
08-05 20:01:23.201  4844  4855 I art     : Explicit concurrent mark sweep GC freed 3(96B) AllocSpace objects, 0(0B) LOS objects, 23% free, 53MB/69MB, paused 655us total 28.917ms
08-05 20:01:23.212  4844  4855 I art     : Starting a blocking GC Explicit
08-05 20:01:23.241  4844  4855 I art     : Explicit concurrent mark sweep GC freed 3(96B) AllocSpace objects, 0(0B) LOS objects, 23% free, 53MB/69MB, paused 639us total 28.476ms
08-05 20:01:23.252  4844  4855 I art     : Starting a blocking GC Explicit
08-05 20:01:23.284  4844  4855 I art     : Explicit concurrent mark sweep GC freed 3(96B) AllocSpace objects, 0(0B) LOS objects, 23% free, 53MB/69MB, paused 672us total 31.627ms
08-05 20:01:23.627  4844  5773 I art     : Starting a blocking GC Explicit
08-05 20:01:23.668  4844  5773 I art     : Explicit concurrent mark sweep GC freed 1344(78KB) AllocSpace objects, 1(20KB) LOS objects, 23% free, 53MB/69MB, paused 844us total 40.141ms
08-05 20:01:23.685  4844  5773 I art     : Starting a blocking GC Explicit
08-05 20:01:23.718  4844  5773 I art     : Explicit concurrent mark sweep GC freed 20(704B) AllocSpace objects, 0(0B) LOS objects, 23% free, 53MB/69MB, paused 710us total 32.923ms
08-05 20:01:23.731  4844  5773 I art     : Starting a blocking GC Explicit
08-05 20:01:23.763  4844  5773 I art     : Explicit concurrent mark sweep GC freed 3(96B) AllocSpace objects, 0(0B) LOS objects, 23% free, 53MB/69MB, paused 685us total 31.441ms
08-05 20:01:23.775  4844  5773 I art     : Starting a blocking GC Explicit
08-05 20:01:23.807  4844  5773 I art     : Explicit concurrent mark sweep GC freed 3(96B) AllocSpace objects, 0(0B) LOS objects, 23% free, 53MB/69MB, paused 811us total 31.862ms
08-05 20:01:23.819  4844  5773 I art     : Starting a blocking GC Explicit
08-05 20:01:23.850  4844  5773 I art     : Explicit concurrent mark sweep GC freed 3(96B) AllocSpace objects, 0(0B) LOS objects, 23% free, 53MB/69MB, paused 663us total 30.774ms
08-05 20:01:24.188  4844  4856 I art     : Starting a blocking GC Explicit
08-05 20:01:24.228  4844  4856 I art     : Explicit concurrent mark sweep GC freed 1344(78KB) AllocSpace objects, 1(20KB) LOS objects, 23% free, 53MB/69MB, paused 708us total 39.251ms
08-05 20:01:24.229  4844  4854 I art     : WaitForGcToComplete blocked for 11.798ms for cause HeapTrim
08-05 20:01:24.240  4844  4856 I art     : Starting a blocking GC Explicit
08-05 20:01:24.269  4844  4856 I art     : Explicit concurrent mark sweep GC freed 20(704B) AllocSpace objects, 0(0B) LOS objects, 23% free, 53MB/69MB, paused 667us total 29.154ms
08-05 20:01:24.281  4844  4856 I art     : Starting a blocking GC Explicit
08-05 20:01:24.313  4844  4856 I art     : Explicit concurrent mark sweep GC freed 3(96B) AllocSpace objects, 0(0B) LOS objects, 23% free, 53MB/69MB, paused 661us total 31.365ms
08-05 20:01:24.324  4844  4856 I art     : Starting a blocking GC Explicit
08-05 20:01:24.355  4844  4856 I art     : Explicit concurrent mark sweep GC freed 3(96B) AllocSpace objects, 0(0B) LOS objects, 23% free, 53MB/69MB, paused 664us total 30.182ms
08-05 20:01:24.367  4844  4856 I art     : Starting a blocking GC Explicit
08-05 20:01:24.399  4844  4856 I art     : Explicit concurrent mark sweep GC freed 3(96B) AllocSpace objects, 0(0B) LOS objects, 23% free, 53MB/69MB, paused 683us total 32.046ms
08-05 20:01:24.744  4844  4879 I art     : Starting a blocking GC Explicit
08-05 20:01:24.784  4844  4879 I art     : Explicit concurrent mark sweep GC freed 1344(78KB) AllocSpace objects, 1(20KB) LOS objects, 23% free, 53MB/69MB, paused 764us total 39.520ms
08-05 20:01:24.801  4844  4879 I art     : Starting a blocking GC Explicit
08-05 20:01:24.834  4844  4879 I art     : Explicit concurrent mark sweep GC freed 20(704B) AllocSpace objects, 0(0B) LOS objects, 23% free, 53MB/69MB, paused 667us total 32.618ms
08-05 20:01:24.845  4844  4879 I art     : Starting a blocking GC Explicit
08-05 20:01:24.877  4844  4879 I art     : Explicit concurrent mark sweep GC freed 3(96B) AllocSpace objects, 0(0B) LOS objects, 23% free, 53MB/69MB, paused 668us total 31.499ms
08-05 20:01:24.889  4844  4879 I art     : Starting a blocking GC Explicit
08-05 20:01:24.920  4844  4879 I art     : Explicit concurrent mark sweep GC freed 3(96B) AllocSpace objects, 0(0B) LOS objects, 23% free, 53MB/69MB, paused 645us total 30.810ms
08-05 20:01:24.932  4844  4879 I art     : Starting a blocking GC Explicit
08-05 20:01:24.963  4844  4879 I art     : Explicit concurrent mark sweep GC freed 3(96B) AllocSpace objects, 0(0B) LOS objects, 23% free, 53MB/69MB, paused 654us total 30.429ms
08-05 20:01:25.307  4844  4855 I art     : Starting a blocking GC Explicit
08-05 20:01:25.340  4844  4855 I art     : Explicit concurrent mark sweep GC freed 1344(78KB) AllocSpace objects, 1(20KB) LOS objects, 23% free, 53MB/69MB, paused 715us total 32.437ms
08-05 20:01:25.353  4844  4855 I art     : Starting a blocking GC Explicit
08-05 20:01:25.383  4844  4855 I art     : Explicit concurrent mark sweep GC freed 20(704B) AllocSpace objects, 0(0B) LOS objects, 23% free, 53MB/69MB, paused 735us total 29.495ms
08-05 20:01:25.394  4844  4855 I art     : Starting a blocking GC Explicit
08-05 20:01:25.424  4844  4855 I art     : Explicit concurrent mark sweep GC freed 3(96B) AllocSpace objects, 0(0B) LOS objects, 23% free, 53MB/69MB, paused 678us total 29.575ms
08-05 20:01:25.436  4844  4855 I art     : Starting a blocking GC Explicit
08-05 20:01:25.465  4844  4855 I art     : Explicit concurrent mark sweep GC freed 3(96B) AllocSpace objects, 0(0B) LOS objects, 23% free, 53MB/69MB, paused 701us total 29.222ms
08-05 20:01:25.477  4844  4855 I art     : Starting a blocking GC Explicit
08-05 20:01:25.507  4844  4855 I art     : Explicit concurrent mark sweep GC freed 3(96B) AllocSpace objects, 0(0B) LOS objects, 23% free, 53MB/69MB, paused 818us total 29.927ms
08-05 20:01:25.796  7886  7886 D AndroidRuntime: >>>>>> START com.android.internal.os.RuntimeInit uid 2000 <<<<<<
08-05 20:01:25.802  7886  7886 D AndroidRuntime: CheckJNI is OFF
08-05 20:01:25.837  4844  5773 I art     : Starting a blocking GC Explicit
08-05 20:01:25.846  7886  7886 D ICU     : No timezone override file found: /data/misc/zoneinfo/current/icu/icu_tzdata.dat
08-05 20:01:25.867  4844  5773 I art     : Explicit concurrent mark sweep GC freed 1344(78KB) AllocSpace objects, 1(20KB) LOS objects, 23% free, 53MB/69MB, paused 706us total 28.971ms
08-05 20:01:25.879  4844  5773 I art     : Starting a blocking GC Explicit
08-05 20:01:25.890  7886  7886 I Radio-JNI: register_android_hardware_Radio DONE
08-05 20:01:25.909  4844  5773 I art     : Explicit concurrent mark sweep GC freed 20(704B) AllocSpace objects, 0(0B) LOS objects, 23% free, 53MB/69MB, paused 703us total 29.546ms
08-05 20:01:25.920  4844  5773 I art     : Starting a blocking GC Explicit
08-05 20:01:25.921  7886  7886 D AndroidRuntime: Calling main entry com.android.commands.input.Input
08-05 20:01:25.923  7886  7886 I Input   : injectMotionEvent: MotionEvent { action=ACTION_DOWN, actionButton=0, id[0]=0, x[0]=369.0, y[0]=554.0, toolType[0]=TOOL_TYPE_UNKNOWN, buttonState=0, metaState=0, flags=0x0, edgeFlags=0x0, pointerCount=1, historySize=0, eventTime=820902335, downTime=820902335, deviceId=0, source=0x1002 }
08-05 20:01:25.929  7886  7886 I Input   : injectMotionEvent: MotionEvent { action=ACTION_UP, actionButton=0, id[0]=0, x[0]=369.0, y[0]=554.0, toolType[0]=TOOL_TYPE_UNKNOWN, buttonState=0, metaState=0, flags=0x0, edgeFlags=0x0, pointerCount=1, historySize=0, eventTime=820902335, downTime=820902335, deviceId=0, source=0x1002 }
08-05 20:01:25.931   918  3961 I ActivityManager: START u0 {cmp=baseline.appteam.nith.hillffair/.activities.ClubActivity (has extras)} from uid 10675 on display 0
08-05 20:01:25.939  7886  7886 D AndroidRuntime: Shutting down VM
08-05 20:01:25.947  4844  5773 I art     : Explicit concurrent mark sweep GC freed 27(848B) AllocSpace objects, 0(0B) LOS objects, 23% free, 53MB/69MB, paused 930us total 27.300ms
08-05 20:01:25.958  4844  5773 I art     : Starting a blocking GC Explicit
08-05 20:01:25.989  4844  5773 I art     : Explicit concurrent mark sweep GC freed 3487(205KB) AllocSpace objects, 0(0B) LOS objects, 23% free, 53MB/69MB, paused 1.538ms total 30.265ms
08-05 20:01:26.000  4844  5773 I art     : Starting a blocking GC Explicit
08-05 20:01:26.026  4844  5773 I art     : Explicit concurrent mark sweep GC freed 257(24KB) AllocSpace objects, 0(0B) LOS objects, 23% free, 53MB/69MB, paused 700us total 26.190ms
08-05 20:01:26.050   918   936 I ActivityManager: Displayed baseline.appteam.nith.hillffair/.activities.ClubActivity: +111ms
08-05 20:01:26.051 13866 13866 I GoogleInputMethodServic: GoogleInputMethodService.onFinishInput():3138 
08-05 20:01:26.052 13866 13866 I GoogleInputMethodServic: GoogleInputMethodService.onStartInput():1808 
08-05 20:01:26.306   380   380 W SurfaceFlinger: couldn't log to binary event log: overflow.
08-05 20:01:26.333  4844  4855 I art     : Starting a blocking GC Explicit
08-05 20:01:26.360  4844  4855 I art     : Explicit concurrent mark sweep GC freed 1609(90KB) AllocSpace objects, 1(20KB) LOS objects, 23% free, 53MB/69MB, paused 670us total 26.577ms
08-05 20:01:26.371  4844  4855 I art     : Starting a blocking GC Explicit
08-05 20:01:26.399  4844  4855 I art     : Explicit concurrent mark sweep GC freed 34(1168B) AllocSpace objects, 0(0B) LOS objects, 23% free, 53MB/69MB, paused 680us total 27.575ms
08-05 20:01:26.410  4844  4855 I art     : Starting a blocking GC Explicit
08-05 20:01:26.439  4844  4855 I art     : Explicit concurrent mark sweep GC freed 97(5KB) AllocSpace objects, 0(0B) LOS objects, 23% free, 53MB/69MB, paused 804us total 29.436ms
08-05 20:01:26.452  4844  4855 I art     : Starting a blocking GC Explicit
08-05 20:01:26.480  4844  4855 I art     : Explicit concurrent mark sweep GC freed 1026(71KB) AllocSpace objects, 2(120KB) LOS objects, 22% free, 53MB/69MB, paused 1.073ms total 28.322ms
08-05 20:01:26.492  4844  4855 I art     : Starting a blocking GC Explicit
08-05 20:01:26.496  4844  7909 D OkHttp  : --> GET https://api-hillfair-2k16.herokuapp.com/api/app/club/PR%20Club http/1.1
08-05 20:01:26.520  4844  4855 I art     : Explicit concurrent mark sweep GC freed 2292(148KB) AllocSpace objects, 1(80KB) LOS objects, 22% free, 53MB/69MB, paused 738us total 27.939ms
08-05 20:01:26.536  4844  7909 D OkHttp  : <-- 200 OK https://api-hillfair-2k16.herokuapp.com/api/app/club/PR%20Club (40ms, 979-byte body)
08-05 20:01:26.573  4844  4844 I NAPPA_EXPERIMENTATION: MetricNetworkRequestExecutionTime: REQUEST_DURATION_SYSTEM='596',REQUEST_DURATION_OKHTTP='40',REQUEST_SYNCHRONOUS='FALSE',RESPONSE_CODE='200',RESPONSE_METHOD='GET',RESPONSE_LENGTH_OKHTTP='979',RESPONSE_LENGTH_HEADER='979',REQUEST_PROTOCOL='http/1.1',REQUEST_URL='https://api-hillfair-2k16.herokuapp.com/api/app/club/PR%20Club',
08-05 20:01:26.822  4844  4879 I art     : Starting a blocking GC Explicit
08-05 20:01:26.854  4844  4879 I art     : Explicit concurrent mark sweep GC freed 2426(242KB) AllocSpace objects, 1(20KB) LOS objects, 22% free, 53MB/69MB, paused 756us total 31.694ms
08-05 20:01:26.866  4844  4879 I art     : Starting a blocking GC Explicit
08-05 20:01:26.897  4844  4879 I art     : Explicit concurrent mark sweep GC freed 94(3KB) AllocSpace objects, 0(0B) LOS objects, 22% free, 53MB/69MB, paused 737us total 30.363ms
08-05 20:01:26.908  4844  4879 I art     : Starting a blocking GC Explicit
08-05 20:01:26.938  4844  4879 I art     : Explicit concurrent mark sweep GC freed 3(96B) AllocSpace objects, 0(0B) LOS objects, 22% free, 53MB/69MB, paused 690us total 29.350ms
08-05 20:01:26.949  4844  4879 I art     : Starting a blocking GC Explicit
08-05 20:01:26.978  4844  4879 I art     : Explicit concurrent mark sweep GC freed 3(96B) AllocSpace objects, 0(0B) LOS objects, 22% free, 53MB/69MB, paused 710us total 28.232ms
08-05 20:01:26.989  4844  4879 I art     : Starting a blocking GC Explicit
08-05 20:01:27.019  4844  4879 I art     : Explicit concurrent mark sweep GC freed 19(656B) AllocSpace objects, 0(0B) LOS objects, 22% free, 53MB/69MB, paused 673us total 28.976ms
08-05 20:01:27.334  4844  5773 I art     : Starting a blocking GC Explicit
08-05 20:01:27.373  4844  5773 I art     : Explicit concurrent mark sweep GC freed 1365(79KB) AllocSpace objects, 1(20KB) LOS objects, 22% free, 53MB/69MB, paused 679us total 38.146ms
08-05 20:01:27.387  4844  5773 I art     : Starting a blocking GC Explicit
08-05 20:01:27.416  4844  5773 I art     : Explicit concurrent mark sweep GC freed 36(1216B) AllocSpace objects, 0(0B) LOS objects, 22% free, 53MB/69MB, paused 639us total 29.105ms
08-05 20:01:27.428  4844  5773 I art     : Starting a blocking GC Explicit
08-05 20:01:27.458  4844  5773 I art     : Explicit concurrent mark sweep GC freed 3(96B) AllocSpace objects, 0(0B) LOS objects, 22% free, 53MB/69MB, paused 680us total 30.530ms
08-05 20:01:27.470  4844  5773 I art     : Starting a blocking GC Explicit
08-05 20:01:27.500  4844  5773 I art     : Explicit concurrent mark sweep GC freed 3(96B) AllocSpace objects, 0(0B) LOS objects, 22% free, 53MB/69MB, paused 664us total 30.130ms
08-05 20:01:27.512  4844  5773 I art     : Starting a blocking GC Explicit
08-05 20:01:27.542  4844  5773 I art     : Explicit concurrent mark sweep GC freed 3(96B) AllocSpace objects, 0(0B) LOS objects, 22% free, 53MB/69MB, paused 654us total 29.540ms
08-05 20:01:27.864  4844  4856 I art     : Starting a blocking GC Explicit
08-05 20:01:27.907  4844  4856 I art     : Explicit concurrent mark sweep GC freed 1344(78KB) AllocSpace objects, 1(20KB) LOS objects, 22% free, 53MB/69MB, paused 774us total 41.996ms
08-05 20:01:27.924  4844  4856 I art     : Starting a blocking GC Explicit
08-05 20:01:27.962  4844  4856 I art     : Explicit concurrent mark sweep GC freed 20(704B) AllocSpace objects, 0(0B) LOS objects, 22% free, 53MB/69MB, paused 739us total 38.120ms
08-05 20:01:27.977  4844  4856 I art     : Starting a blocking GC Explicit
08-05 20:01:28.011  4844  4856 I art     : Explicit concurrent mark sweep GC freed 3(96B) AllocSpace objects, 0(0B) LOS objects, 22% free, 53MB/69MB, paused 647us total 33.884ms
08-05 20:01:28.023  4844  4856 I art     : Starting a blocking GC Explicit
08-05 20:01:28.057  4844  4856 I art     : Explicit concurrent mark sweep GC freed 3(96B) AllocSpace objects, 0(0B) LOS objects, 22% free, 53MB/69MB, paused 698us total 33.685ms
08-05 20:01:28.069  4844  4856 I art     : Starting a blocking GC Explicit
08-05 20:01:28.102  4844  4856 I art     : Explicit concurrent mark sweep GC freed 3(96B) AllocSpace objects, 0(0B) LOS objects, 22% free, 53MB/69MB, paused 685us total 32.539ms
08-05 20:01:28.459  4844  4855 I art     : Starting a blocking GC Explicit
08-05 20:01:28.499  4844  4855 I art     : Explicit concurrent mark sweep GC freed 1344(78KB) AllocSpace objects, 1(20KB) LOS objects, 22% free, 53MB/69MB, paused 986us total 39.649ms
08-05 20:01:28.514  4844  4855 I art     : Starting a blocking GC Explicit
08-05 20:01:28.548  4844  4855 I art     : Explicit concurrent mark sweep GC freed 20(704B) AllocSpace objects, 0(0B) LOS objects, 22% free, 53MB/69MB, paused 655us total 33.174ms
08-05 20:01:28.560  4844  4855 I art     : Starting a blocking GC Explicit
08-05 20:01:28.593  4844  4855 I art     : Explicit concurrent mark sweep GC freed 3(96B) AllocSpace objects, 0(0B) LOS objects, 22% free, 53MB/69MB, paused 680us total 32.780ms
08-05 20:01:28.605  4844  4855 I art     : Starting a blocking GC Explicit
08-05 20:01:28.636  4844  4855 I art     : Explicit concurrent mark sweep GC freed 3(96B) AllocSpace objects, 0(0B) LOS objects, 22% free, 53MB/69MB, paused 671us total 31.146ms
08-05 20:01:28.648  4844  4855 I art     : Starting a blocking GC Explicit
08-05 20:01:28.681  4844  4855 I art     : Explicit concurrent mark sweep GC freed 3(96B) AllocSpace objects, 0(0B) LOS objects, 22% free, 53MB/69MB, paused 687us total 33.099ms
08-05 20:01:29.009  4844  4879 I art     : Starting a blocking GC Explicit
08-05 20:01:29.047  4844  4879 I art     : Explicit concurrent mark sweep GC freed 1344(78KB) AllocSpace objects, 1(20KB) LOS objects, 22% free, 53MB/69MB, paused 738us total 37.694ms
08-05 20:01:29.061  4844  4879 I art     : Starting a blocking GC Explicit
08-05 20:01:29.094  4844  4879 I art     : Explicit concurrent mark sweep GC freed 20(704B) AllocSpace objects, 0(0B) LOS objects, 22% free, 53MB/69MB, paused 629us total 32.316ms
08-05 20:01:29.106  4844  4879 I art     : Starting a blocking GC Explicit
08-05 20:01:29.138  4844  4879 I art     : Explicit concurrent mark sweep GC freed 3(96B) AllocSpace objects, 0(0B) LOS objects, 22% free, 53MB/69MB, paused 889us total 31.853ms
08-05 20:01:29.150  4844  4879 I art     : Starting a blocking GC Explicit
08-05 20:01:29.183  4844  4879 I art     : Explicit concurrent mark sweep GC freed 3(96B) AllocSpace objects, 0(0B) LOS objects, 22% free, 53MB/69MB, paused 670us total 33.150ms
08-05 20:01:29.195  4844  4879 I art     : Starting a blocking GC Explicit
08-05 20:01:29.228  4844  4879 I art     : Explicit concurrent mark sweep GC freed 3(96B) AllocSpace objects, 0(0B) LOS objects, 22% free, 53MB/69MB, paused 671us total 32.883ms
08-05 20:01:29.566  4844  5773 I art     : Starting a blocking GC Explicit
08-05 20:01:29.604  4844  5773 I art     : Explicit concurrent mark sweep GC freed 1344(78KB) AllocSpace objects, 1(20KB) LOS objects, 22% free, 53MB/69MB, paused 708us total 37.566ms
08-05 20:01:29.619  4844  5773 I art     : Starting a blocking GC Explicit
08-05 20:01:29.652  4844  5773 I art     : Explicit concurrent mark sweep GC freed 20(704B) AllocSpace objects, 0(0B) LOS objects, 22% free, 53MB/69MB, paused 706us total 32.810ms
08-05 20:01:29.664  4844  5773 I art     : Starting a blocking GC Explicit
08-05 20:01:29.697  4844  5773 I art     : Explicit concurrent mark sweep GC freed 3(96B) AllocSpace objects, 0(0B) LOS objects, 22% free, 53MB/69MB, paused 750us total 33.179ms
08-05 20:01:29.709  4844  5773 I art     : Starting a blocking GC Explicit
08-05 20:01:29.741  4844  5773 I art     : Explicit concurrent mark sweep GC freed 3(96B) AllocSpace objects, 0(0B) LOS objects, 22% free, 53MB/69MB, paused 680us total 31.571ms
08-05 20:01:29.753  4844  5773 I art     : Starting a blocking GC Explicit
08-05 20:01:29.786  4844  5773 I art     : Explicit concurrent mark sweep GC freed 3(96B) AllocSpace objects, 0(0B) LOS objects, 22% free, 53MB/69MB, paused 691us total 32.255ms
08-05 20:01:30.119  4844  4856 I art     : Starting a blocking GC Explicit
08-05 20:01:30.159  4844  4856 I art     : Explicit concurrent mark sweep GC freed 1344(78KB) AllocSpace objects, 1(20KB) LOS objects, 22% free, 53MB/69MB, paused 733us total 39.572ms
08-05 20:01:30.174  4844  4856 I art     : Starting a blocking GC Explicit
08-05 20:01:30.204  4844  4856 I art     : Explicit concurrent mark sweep GC freed 20(704B) AllocSpace objects, 0(0B) LOS objects, 22% free, 53MB/69MB, paused 711us total 29.717ms
08-05 20:01:30.216  4844  4856 I art     : Starting a blocking GC Explicit
08-05 20:01:30.248  4844  4856 I art     : Explicit concurrent mark sweep GC freed 3(96B) AllocSpace objects, 0(0B) LOS objects, 22% free, 53MB/69MB, paused 727us total 31.267ms
08-05 20:01:30.259  4844  4856 I art     : Starting a blocking GC Explicit
08-05 20:01:30.290  4844  4856 I art     : Explicit concurrent mark sweep GC freed 3(96B) AllocSpace objects, 0(0B) LOS objects, 22% free, 53MB/69MB, paused 697us total 30.110ms
08-05 20:01:30.301  4844  4856 I art     : Starting a blocking GC Explicit
08-05 20:01:30.333  4844  4856 I art     : Explicit concurrent mark sweep GC freed 3(96B) AllocSpace objects, 0(0B) LOS objects, 22% free, 53MB/69MB, paused 694us total 31.457ms
08-05 20:01:30.561   918  3261 D WifiStateMachine: starting scan for "H369AA63323"WPA_PSK with 2412,5180
08-05 20:01:30.655  4844  4855 I art     : Starting a blocking GC Explicit
08-05 20:01:30.690  4844  4855 I art     : Explicit concurrent mark sweep GC freed 1344(78KB) AllocSpace objects, 1(20KB) LOS objects, 22% free, 53MB/69MB, paused 735us total 35.099ms
08-05 20:01:30.704  4844  4855 I art     : Starting a blocking GC Explicit
08-05 20:01:30.720  7994  7994 D AndroidRuntime: >>>>>> START com.android.internal.os.RuntimeInit uid 2000 <<<<<<
08-05 20:01:30.727  7994  7994 D AndroidRuntime: CheckJNI is OFF
08-05 20:01:30.734  4844  4855 I art     : Explicit concurrent mark sweep GC freed 20(704B) AllocSpace objects, 0(0B) LOS objects, 22% free, 53MB/69MB, paused 708us total 29.488ms
08-05 20:01:30.745  4844  4855 I art     : Starting a blocking GC Explicit
08-05 20:01:30.772  7994  7994 D ICU     : No timezone override file found: /data/misc/zoneinfo/current/icu/icu_tzdata.dat
08-05 20:01:30.774  4844  4855 I art     : Explicit concurrent mark sweep GC freed 3(96B) AllocSpace objects, 0(0B) LOS objects, 22% free, 53MB/69MB, paused 712us total 28.984ms
08-05 20:01:30.786  4844  4855 I art     : Starting a blocking GC Explicit
08-05 20:01:30.816  4844  4855 I art     : Explicit concurrent mark sweep GC freed 3(96B) AllocSpace objects, 0(0B) LOS objects, 22% free, 53MB/69MB, paused 725us total 30.460ms
08-05 20:01:30.820  7994  7994 I Radio-JNI: register_android_hardware_Radio DONE
08-05 20:01:30.828  4844  4855 I art     : Starting a blocking GC Explicit
08-05 20:01:30.850  7994  7994 D AndroidRuntime: Calling main entry com.android.commands.input.Input
08-05 20:01:30.851  7994  7994 I Input   : injectKeyEvent: KeyEvent { action=ACTION_DOWN, keyCode=KEYCODE_BACK, scanCode=0, metaState=0, flags=0x0, repeatCount=0, eventTime=820907264, downTime=820907264, deviceId=-1, source=0x101 }
08-05 20:01:30.858  4844  4855 I art     : Explicit concurrent mark sweep GC freed 3(96B) AllocSpace objects, 0(0B) LOS objects, 22% free, 53MB/69MB, paused 799us total 29.776ms
08-05 20:01:30.859  7994  7994 I Input   : injectKeyEvent: KeyEvent { action=ACTION_UP, keyCode=KEYCODE_BACK, scanCode=0, metaState=0, flags=0x0, repeatCount=0, eventTime=820907264, downTime=820907264, deviceId=-1, source=0x101 }
08-05 20:01:30.865  7994  7994 D AndroidRuntime: Shutting down VM
08-05 20:01:30.901 13866 13866 I GoogleInputMethodServic: GoogleInputMethodService.onFinishInput():3138 
08-05 20:01:30.902 13866 13866 I GoogleInputMethodServic: GoogleInputMethodService.onStartInput():1808 
08-05 20:01:31.052 13866 13882 I PeriodicStatsRunner: PeriodicStatsRunner.call():175 call()
08-05 20:01:31.053 13866 13882 I PeriodicStatsRunner: PeriodicStatsRunner.call():179 No submit PeriodicStats since input started.
08-05 20:01:31.150  4844  4856 I art     : Starting a blocking GC Explicit
08-05 20:01:31.184  4844  4856 I art     : Explicit concurrent mark sweep GC freed 1526(86KB) AllocSpace objects, 1(20KB) LOS objects, 22% free, 53MB/69MB, paused 866us total 33.843ms
08-05 20:01:31.198  4844  4856 I art     : Starting a blocking GC Explicit
08-05 20:01:31.208   380   380 W SurfaceFlinger: couldn't log to binary event log: overflow.
08-05 20:01:31.227  4844  4856 I art     : Explicit concurrent mark sweep GC freed 133(9KB) AllocSpace objects, 0(0B) LOS objects, 22% free, 53MB/69MB, paused 691us total 28.981ms
08-05 20:01:31.238  4844  4856 I art     : Starting a blocking GC Explicit
08-05 20:01:31.266  4844  4856 I art     : Explicit concurrent mark sweep GC freed 9(368B) AllocSpace objects, 0(0B) LOS objects, 22% free, 53MB/69MB, paused 656us total 27.408ms
08-05 20:01:31.277  4844  4856 I art     : Starting a blocking GC Explicit
08-05 20:01:31.305  4844  4856 I art     : Explicit concurrent mark sweep GC freed 1650(106KB) AllocSpace objects, 3(184KB) LOS objects, 23% free, 53MB/69MB, paused 687us total 27.681ms
08-05 20:01:31.317  4844  4856 I art     : Starting a blocking GC Explicit
08-05 20:01:31.346  4844  4856 I art     : Explicit concurrent mark sweep GC freed 3(96B) AllocSpace objects, 0(0B) LOS objects, 23% free, 53MB/69MB, paused 732us total 28.668ms
08-05 20:01:31.657  4844  4879 I art     : Starting a blocking GC Explicit
08-05 20:01:31.692  4844  4879 I art     : Explicit concurrent mark sweep GC freed 1344(78KB) AllocSpace objects, 1(20KB) LOS objects, 23% free, 53MB/69MB, paused 699us total 35.244ms
08-05 20:01:31.706  4844  4879 I art     : Starting a blocking GC Explicit
08-05 20:01:31.741  4844  4879 I art     : Explicit concurrent mark sweep GC freed 20(704B) AllocSpace objects, 0(0B) LOS objects, 23% free, 53MB/69MB, paused 672us total 33.814ms
08-05 20:01:31.758  4844  4879 I art     : Starting a blocking GC Explicit
08-05 20:01:31.787  4844  4879 I art     : Explicit concurrent mark sweep GC freed 3(96B) AllocSpace objects, 0(0B) LOS objects, 23% free, 53MB/69MB, paused 734us total 29.045ms
08-05 20:01:31.798  4844  4879 I art     : Starting a blocking GC Explicit
08-05 20:01:31.828  4844  4879 I art     : Explicit concurrent mark sweep GC freed 3(96B) AllocSpace objects, 0(0B) LOS objects, 23% free, 53MB/69MB, paused 644us total 29.189ms
08-05 20:01:31.839  4844  4879 I art     : Starting a blocking GC Explicit
08-05 20:01:31.869  4844  4879 I art     : Explicit concurrent mark sweep GC freed 3(96B) AllocSpace objects, 0(0B) LOS objects, 23% free, 53MB/69MB, paused 633us total 29.324ms
08-05 20:01:32.178  4844  4855 I art     : Starting a blocking GC Explicit
08-05 20:01:32.212  4844  4855 I art     : Explicit concurrent mark sweep GC freed 1365(79KB) AllocSpace objects, 1(20KB) LOS objects, 23% free, 53MB/69MB, paused 641us total 33.873ms
08-05 20:01:32.224  4844  4855 I art     : Starting a blocking GC Explicit
08-05 20:01:32.253  4844  4855 I art     : Explicit concurrent mark sweep GC freed 36(1216B) AllocSpace objects, 0(0B) LOS objects, 23% free, 53MB/69MB, paused 650us total 28.635ms
08-05 20:01:32.264  4844  4855 I art     : Starting a blocking GC Explicit
08-05 20:01:32.292  4844  4855 I art     : Explicit concurrent mark sweep GC freed 3(96B) AllocSpace objects, 0(0B) LOS objects, 23% free, 53MB/69MB, paused 720us total 27.512ms
08-05 20:01:32.303  4844  4855 I art     : Starting a blocking GC Explicit
08-05 20:01:32.331  4844  4855 I art     : Explicit concurrent mark sweep GC freed 3(96B) AllocSpace objects, 0(0B) LOS objects, 23% free, 53MB/69MB, paused 659us total 27.528ms
08-05 20:01:32.342  4844  4855 I art     : Starting a blocking GC Explicit
08-05 20:01:32.370  4844  4855 I art     : Explicit concurrent mark sweep GC freed 3(96B) AllocSpace objects, 0(0B) LOS objects, 23% free, 53MB/69MB, paused 649us total 27.428ms
08-05 20:01:32.645  8050  8050 D AndroidRuntime: >>>>>> START com.android.internal.os.RuntimeInit uid 2000 <<<<<<
08-05 20:01:32.652  8050  8050 D AndroidRuntime: CheckJNI is OFF
08-05 20:01:32.669  4844  8029 I art     : Starting a blocking GC Explicit
08-05 20:01:32.698  4844  8029 I art     : Explicit concurrent mark sweep GC freed 1344(78KB) AllocSpace objects, 1(20KB) LOS objects, 23% free, 53MB/69MB, paused 757us total 28.971ms
08-05 20:01:32.698  8050  8050 D ICU     : No timezone override file found: /data/misc/zoneinfo/current/icu/icu_tzdata.dat
08-05 20:01:32.710  4844  8029 I art     : Starting a blocking GC Explicit
08-05 20:01:32.739  4844  8029 I art     : Explicit concurrent mark sweep GC freed 20(704B) AllocSpace objects, 0(0B) LOS objects, 23% free, 53MB/69MB, paused 721us total 29.260ms
08-05 20:01:32.741  8050  8050 I Radio-JNI: register_android_hardware_Radio DONE
08-05 20:01:32.751  4844  8029 I art     : Starting a blocking GC Explicit
08-05 20:01:32.771  8050  8050 D AndroidRuntime: Calling main entry com.android.commands.input.Input
08-05 20:01:32.774  8050  8050 I Input   : injectMotionEvent: MotionEvent { action=ACTION_DOWN, actionButton=0, id[0]=0, x[0]=1012.0, y[0]=1152.0, toolType[0]=TOOL_TYPE_UNKNOWN, buttonState=0, metaState=0, flags=0x0, edgeFlags=0x0, pointerCount=1, historySize=0, eventTime=820909186, downTime=820909186, deviceId=0, source=0x1002 }
08-05 20:01:32.780  4844  8029 I art     : Explicit concurrent mark sweep GC freed 3(96B) AllocSpace objects, 0(0B) LOS objects, 23% free, 53MB/69MB, paused 590us total 29.075ms
08-05 20:01:32.781  8050  8050 I Input   : injectMotionEvent: MotionEvent { action=ACTION_UP, actionButton=0, id[0]=0, x[0]=1012.0, y[0]=1152.0, toolType[0]=TOOL_TYPE_UNKNOWN, buttonState=0, metaState=0, flags=0x0, edgeFlags=0x0, pointerCount=1, historySize=0, eventTime=820909186, downTime=820909186, deviceId=0, source=0x1002 }
08-05 20:01:32.782   918  4413 I ActivityManager: START u0 {cmp=baseline.appteam.nith.hillffair/.activities.ClubActivity (has extras)} from uid 10675 on display 0
08-05 20:01:32.790  8050  8050 D AndroidRuntime: Shutting down VM
08-05 20:01:32.791  4844  8029 I art     : Starting a blocking GC Explicit
08-05 20:01:32.820  4844  8029 I art     : Explicit concurrent mark sweep GC freed 317(24KB) AllocSpace objects, 0(0B) LOS objects, 23% free, 53MB/69MB, paused 1.007ms total 28.470ms
08-05 20:01:32.831  4844  8029 I art     : Starting a blocking GC Explicit
08-05 20:01:32.862  4844  8029 I art     : Explicit concurrent mark sweep GC freed 3126(193KB) AllocSpace objects, 0(0B) LOS objects, 23% free, 53MB/69MB, paused 718us total 30.418ms
08-05 20:01:32.903   918   936 I ActivityManager: Displayed baseline.appteam.nith.hillffair/.activities.ClubActivity: +112ms
08-05 20:01:32.904 13866 13866 I GoogleInputMethodServic: GoogleInputMethodService.onFinishInput():3138 
08-05 20:01:32.905 13866 13866 I GoogleInputMethodServic: GoogleInputMethodService.onStartInput():1808 
08-05 20:01:33.144   380   380 W SurfaceFlinger: couldn't log to binary event log: overflow.
08-05 20:01:33.156  4844  4855 I art     : Starting a blocking GC Explicit
08-05 20:01:33.184  4844  4855 I art     : Explicit concurrent mark sweep GC freed 1714(96KB) AllocSpace objects, 1(20KB) LOS objects, 22% free, 53MB/69MB, paused 654us total 27.085ms
08-05 20:01:33.195  4844  4855 I art     : Starting a blocking GC Explicit
08-05 20:01:33.221  4844  4855 I art     : Explicit concurrent mark sweep GC freed 34(1168B) AllocSpace objects, 0(0B) LOS objects, 22% free, 53MB/69MB, paused 649us total 26.347ms
08-05 20:01:33.232  4844  4855 I art     : Starting a blocking GC Explicit
08-05 20:01:33.261  4844  4855 I art     : Explicit concurrent mark sweep GC freed 3(96B) AllocSpace objects, 0(0B) LOS objects, 22% free, 53MB/69MB, paused 670us total 28.639ms
08-05 20:01:33.272  4844  4855 I art     : Starting a blocking GC Explicit
08-05 20:01:33.304  4844  4855 I art     : Explicit concurrent mark sweep GC freed 108(5KB) AllocSpace objects, 0(0B) LOS objects, 22% free, 53MB/69MB, paused 716us total 31.777ms
08-05 20:01:33.316  4844  4855 I art     : Starting a blocking GC Explicit
08-05 20:01:33.345  4844  4855 I art     : Explicit concurrent mark sweep GC freed 14(512B) AllocSpace objects, 0(0B) LOS objects, 22% free, 53MB/69MB, paused 684us total 28.934ms
08-05 20:01:33.649  4844  4855 I art     : Starting a blocking GC Explicit
08-05 20:01:33.680  4844  4855 I art     : Explicit concurrent mark sweep GC freed 1408(80KB) AllocSpace objects, 1(20KB) LOS objects, 22% free, 53MB/69MB, paused 954us total 30.618ms
08-05 20:01:33.692  4844  4855 I art     : Starting a blocking GC Explicit
08-05 20:01:33.719  4844  4855 I art     : Explicit concurrent mark sweep GC freed 69(2368B) AllocSpace objects, 0(0B) LOS objects, 22% free, 53MB/69MB, paused 685us total 26.812ms
08-05 20:01:33.729  4844  4855 I art     : Starting a blocking GC Explicit
08-05 20:01:33.757  4844  4855 I art     : Explicit concurrent mark sweep GC freed 15(544B) AllocSpace objects, 0(0B) LOS objects, 22% free, 53MB/69MB, paused 790us total 27.793ms
08-05 20:01:33.768  4844  4855 I art     : Starting a blocking GC Explicit
08-05 20:01:33.798  4844  4855 I art     : Explicit concurrent mark sweep GC freed 15(560B) AllocSpace objects, 0(0B) LOS objects, 22% free, 53MB/69MB, paused 868us total 28.839ms
08-05 20:01:33.809  4844  4855 I art     : Starting a blocking GC Explicit
08-05 20:01:33.838  4844  4855 I art     : Explicit concurrent mark sweep GC freed 14(528B) AllocSpace objects, 0(0B) LOS objects, 22% free, 53MB/69MB, paused 707us total 28.841ms
08-05 20:01:33.968  4844  8073 D OkHttp  : --> GET https://api-hillfair-2k16.herokuapp.com/api/app/club/Design%20and%20Decoration%20Club http/1.1
08-05 20:01:34.007  4844  8073 D OkHttp  : <-- 200 OK https://api-hillfair-2k16.herokuapp.com/api/app/club/Design%20and%20Decoration%20Club (38ms, 760-byte body)
08-05 20:01:34.062  4844  4844 I NAPPA_EXPERIMENTATION: MetricNetworkRequestExecutionTime: REQUEST_DURATION_SYSTEM='1233',REQUEST_DURATION_OKHTTP='38',REQUEST_SYNCHRONOUS='FALSE',RESPONSE_CODE='200',RESPONSE_METHOD='GET',RESPONSE_LENGTH_OKHTTP='760',RESPONSE_LENGTH_HEADER='760',REQUEST_PROTOCOL='http/1.1',REQUEST_URL='https://api-hillfair-2k16.herokuapp.com/api/app/club/Design%20and%20Decoration%20Club',
08-05 20:01:34.127  4844  8029 I art     : Starting a blocking GC Explicit
08-05 20:01:34.164  4844  8029 I art     : Explicit concurrent mark sweep GC freed 4820(339KB) AllocSpace objects, 4(220KB) LOS objects, 22% free, 53MB/69MB, paused 786us total 36ms
08-05 20:01:34.176  4844  8029 I art     : Starting a blocking GC Explicit
08-05 20:01:34.207  4844  8029 I art     : Explicit concurrent mark sweep GC freed 1041(119KB) AllocSpace objects, 0(0B) LOS objects, 22% free, 53MB/69MB, paused 692us total 30.987ms
08-05 20:01:34.219  4844  8029 I art     : Starting a blocking GC Explicit
08-05 20:01:34.250  4844  8029 I art     : Explicit concurrent mark sweep GC freed 3(96B) AllocSpace objects, 0(0B) LOS objects, 22% free, 53MB/69MB, paused 691us total 30.344ms
08-05 20:01:34.261  4844  8029 I art     : Starting a blocking GC Explicit
08-05 20:01:34.291  4844  8029 I art     : Explicit concurrent mark sweep GC freed 3(96B) AllocSpace objects, 0(0B) LOS objects, 22% free, 53MB/69MB, paused 686us total 29.740ms
08-05 20:01:34.303  4844  8029 I art     : Starting a blocking GC Explicit
08-05 20:01:34.332  4844  8029 I art     : Explicit concurrent mark sweep GC freed 3(96B) AllocSpace objects, 0(0B) LOS objects, 22% free, 53MB/69MB, paused 637us total 28.465ms
08-05 20:01:34.646  4844  4856 I art     : Starting a blocking GC Explicit
08-05 20:01:34.688  4844  4856 I art     : Explicit concurrent mark sweep GC freed 1344(78KB) AllocSpace objects, 1(20KB) LOS objects, 22% free, 53MB/69MB, paused 913us total 41.184ms
08-05 20:01:34.702  4844  4856 I art     : Starting a blocking GC Explicit
08-05 20:01:34.734  4844  4856 I art     : Explicit concurrent mark sweep GC freed 36(1264B) AllocSpace objects, 0(0B) LOS objects, 22% free, 53MB/69MB, paused 673us total 31.860ms
08-05 20:01:34.746  4844  4856 I art     : Starting a blocking GC Explicit
08-05 20:01:34.779  4844  4856 I art     : Explicit concurrent mark sweep GC freed 3(96B) AllocSpace objects, 0(0B) LOS objects, 22% free, 53MB/69MB, paused 704us total 32.658ms
08-05 20:01:34.791  4844  4856 I art     : Starting a blocking GC Explicit
08-05 20:01:34.825  4844  4856 I art     : Explicit concurrent mark sweep GC freed 3(96B) AllocSpace objects, 0(0B) LOS objects, 22% free, 53MB/69MB, paused 696us total 33.962ms
08-05 20:01:34.838  4844  4856 I art     : Starting a blocking GC Explicit
08-05 20:01:34.869  4844  4856 I art     : Explicit concurrent mark sweep GC freed 3(96B) AllocSpace objects, 0(0B) LOS objects, 22% free, 53MB/69MB, paused 678us total 30.801ms
08-05 20:01:35.200  4844  8029 I art     : Starting a blocking GC Explicit
08-05 20:01:35.227  4844  8029 I art     : Explicit concurrent mark sweep GC freed 1344(78KB) AllocSpace objects, 1(20KB) LOS objects, 22% free, 53MB/69MB, paused 724us total 27.294ms
08-05 20:01:35.239  4844  8029 I art     : Starting a blocking GC Explicit
08-05 20:01:35.268  4844  8029 I art     : Explicit concurrent mark sweep GC freed 23(816B) AllocSpace objects, 0(0B) LOS objects, 22% free, 53MB/69MB, paused 703us total 29.579ms
08-05 20:01:35.280  4844  8029 I art     : Starting a blocking GC Explicit
08-05 20:01:35.312  4844  8029 I art     : Explicit concurrent mark sweep GC freed 21(768B) AllocSpace objects, 0(0B) LOS objects, 22% free, 53MB/69MB, paused 695us total 31.710ms
08-05 20:01:35.324  4844  8029 I art     : Starting a blocking GC Explicit
08-05 20:01:35.357  4844  8029 I art     : Explicit concurrent mark sweep GC freed 3(96B) AllocSpace objects, 0(0B) LOS objects, 22% free, 53MB/69MB, paused 869us total 33.291ms
08-05 20:01:35.369  4844  8029 I art     : Starting a blocking GC Explicit
08-05 20:01:35.403  4844  8029 I art     : Explicit concurrent mark sweep GC freed 3(96B) AllocSpace objects, 0(0B) LOS objects, 22% free, 53MB/69MB, paused 701us total 33.946ms
08-05 20:01:35.724  4844  4856 I art     : Starting a blocking GC Explicit
08-05 20:01:35.769  4844  4856 I art     : Explicit concurrent mark sweep GC freed 1344(78KB) AllocSpace objects, 1(20KB) LOS objects, 22% free, 53MB/69MB, paused 773us total 44.977ms
08-05 20:01:35.786  4844  4856 I art     : Starting a blocking GC Explicit
08-05 20:01:35.822  4844  4856 I art     : Explicit concurrent mark sweep GC freed 20(704B) AllocSpace objects, 0(0B) LOS objects, 22% free, 53MB/69MB, paused 704us total 35.497ms
08-05 20:01:35.834  4844  4856 I art     : Starting a blocking GC Explicit
08-05 20:01:35.868  4844  4856 I art     : Explicit concurrent mark sweep GC freed 3(96B) AllocSpace objects, 0(0B) LOS objects, 22% free, 53MB/69MB, paused 725us total 32.955ms
08-05 20:01:35.880  4844  4856 I art     : Starting a blocking GC Explicit
08-05 20:01:35.902 13866 13882 I PeriodicStatsRunner: PeriodicStatsRunner.call():175 call()
08-05 20:01:35.902 13866 13882 I PeriodicStatsRunner: PeriodicStatsRunner.call():179 No submit PeriodicStats since input started.
08-05 20:01:35.913  4844  4856 I art     : Explicit concurrent mark sweep GC freed 3(96B) AllocSpace objects, 0(0B) LOS objects, 22% free, 53MB/69MB, paused 705us total 33.529ms
08-05 20:01:35.925  4844  4856 I art     : Starting a blocking GC Explicit
08-05 20:01:35.958  4844  4856 I art     : Explicit concurrent mark sweep GC freed 3(96B) AllocSpace objects, 0(0B) LOS objects, 22% free, 53MB/69MB, paused 737us total 32.809ms
08-05 20:01:36.298  4844  5773 I art     : Starting a blocking GC Explicit
08-05 20:01:36.335  4844  5773 I art     : Explicit concurrent mark sweep GC freed 1344(78KB) AllocSpace objects, 1(20KB) LOS objects, 22% free, 53MB/69MB, paused 746us total 36.475ms
08-05 20:01:36.349  4844  5773 I art     : Starting a blocking GC Explicit
08-05 20:01:36.386  4844  5773 I art     : Explicit concurrent mark sweep GC freed 20(704B) AllocSpace objects, 0(0B) LOS objects, 22% free, 53MB/69MB, paused 726us total 36.807ms
08-05 20:01:36.399  4844  5773 I art     : Starting a blocking GC Explicit
08-05 20:01:36.431  4844  5773 I art     : Explicit concurrent mark sweep GC freed 3(96B) AllocSpace objects, 0(0B) LOS objects, 22% free, 53MB/69MB, paused 706us total 31.801ms
08-05 20:01:36.444  4844  5773 I art     : Starting a blocking GC Explicit
08-05 20:01:36.476  4844  5773 I art     : Explicit concurrent mark sweep GC freed 3(96B) AllocSpace objects, 0(0B) LOS objects, 22% free, 53MB/69MB, paused 714us total 32.494ms
08-05 20:01:36.488  4844  5773 I art     : Starting a blocking GC Explicit
08-05 20:01:36.522  4844  5773 I art     : Explicit concurrent mark sweep GC freed 3(96B) AllocSpace objects, 0(0B) LOS objects, 22% free, 53MB/69MB, paused 729us total 33.665ms
08-05 20:01:36.856  4844  4879 I art     : Starting a blocking GC Explicit
08-05 20:01:36.895  4844  4879 I art     : Explicit concurrent mark sweep GC freed 1344(78KB) AllocSpace objects, 1(20KB) LOS objects, 22% free, 53MB/69MB, paused 752us total 39.318ms
08-05 20:01:36.909  4844  4879 I art     : Starting a blocking GC Explicit
08-05 20:01:36.943  4844  4879 I art     : Explicit concurrent mark sweep GC freed 20(704B) AllocSpace objects, 0(0B) LOS objects, 22% free, 53MB/69MB, paused 722us total 33.124ms
08-05 20:01:36.955  4844  4879 I art     : Starting a blocking GC Explicit
08-05 20:01:36.988  4844  4879 I art     : Explicit concurrent mark sweep GC freed 3(96B) AllocSpace objects, 0(0B) LOS objects, 22% free, 53MB/69MB, paused 758us total 32.899ms
08-05 20:01:37.000  4844  4879 I art     : Starting a blocking GC Explicit
08-05 20:01:37.032  4844  4879 I art     : Explicit concurrent mark sweep GC freed 3(96B) AllocSpace objects, 0(0B) LOS objects, 22% free, 53MB/69MB, paused 682us total 31.901ms
08-05 20:01:37.044  4844  4879 I art     : Starting a blocking GC Explicit
08-05 20:01:37.074  4844  4879 I art     : Explicit concurrent mark sweep GC freed 3(96B) AllocSpace objects, 0(0B) LOS objects, 22% free, 53MB/69MB, paused 680us total 29.498ms
08-05 20:01:37.400  4844  4855 I art     : Starting a blocking GC Explicit
08-05 20:01:37.436  4844  4855 I art     : Explicit concurrent mark sweep GC freed 1344(78KB) AllocSpace objects, 1(20KB) LOS objects, 22% free, 53MB/69MB, paused 751us total 36.001ms
08-05 20:01:37.451  4844  4855 I art     : Starting a blocking GC Explicit
08-05 20:01:37.486  4844  4855 I art     : Explicit concurrent mark sweep GC freed 20(704B) AllocSpace objects, 0(0B) LOS objects, 22% free, 53MB/69MB, paused 732us total 34.341ms
08-05 20:01:37.497  4844  4855 I art     : Starting a blocking GC Explicit
08-05 20:01:37.529  4844  4855 I art     : Explicit concurrent mark sweep GC freed 3(96B) AllocSpace objects, 0(0B) LOS objects, 22% free, 53MB/69MB, paused 720us total 31.395ms
08-05 20:01:37.541  4844  4855 I art     : Starting a blocking GC Explicit
08-05 20:01:37.572  4844  4855 I art     : Explicit concurrent mark sweep GC freed 3(96B) AllocSpace objects, 0(0B) LOS objects, 22% free, 53MB/69MB, paused 693us total 31.485ms
08-05 20:01:37.584  4844  4855 I art     : Starting a blocking GC Explicit
08-05 20:01:37.593  8156  8156 D AndroidRuntime: >>>>>> START com.android.internal.os.RuntimeInit uid 2000 <<<<<<
08-05 20:01:37.599  8156  8156 D AndroidRuntime: CheckJNI is OFF
08-05 20:01:37.616  4844  4855 I art     : Explicit concurrent mark sweep GC freed 3(96B) AllocSpace objects, 0(0B) LOS objects, 22% free, 53MB/69MB, paused 728us total 31.672ms
08-05 20:01:37.647  8156  8156 D ICU     : No timezone override file found: /data/misc/zoneinfo/current/icu/icu_tzdata.dat
08-05 20:01:37.692  8156  8156 I Radio-JNI: register_android_hardware_Radio DONE
08-05 20:01:37.721  8156  8156 D AndroidRuntime: Calling main entry com.android.commands.input.Input
08-05 20:01:37.723  8156  8156 I Input   : injectKeyEvent: KeyEvent { action=ACTION_DOWN, keyCode=KEYCODE_BACK, scanCode=0, metaState=0, flags=0x0, repeatCount=0, eventTime=820914136, downTime=820914136, deviceId=-1, source=0x101 }
08-05 20:01:37.729  8156  8156 I Input   : injectKeyEvent: KeyEvent { action=ACTION_UP, keyCode=KEYCODE_BACK, scanCode=0, metaState=0, flags=0x0, repeatCount=0, eventTime=820914136, downTime=820914136, deviceId=-1, source=0x101 }
08-05 20:01:37.737  8156  8156 D AndroidRuntime: Shutting down VM
08-05 20:01:37.780 13866 13866 I GoogleInputMethodServic: GoogleInputMethodService.onFinishInput():3138 
08-05 20:01:37.782 13866 13866 I GoogleInputMethodServic: GoogleInputMethodService.onStartInput():1808 
08-05 20:01:37.904  4844  4879 I art     : Starting a blocking GC Explicit
08-05 20:01:37.904 13866 13882 I PeriodicStatsRunner: PeriodicStatsRunner.call():175 call()
08-05 20:01:37.905 13866 13882 I PeriodicStatsRunner: PeriodicStatsRunner.call():179 No submit PeriodicStats since input started.
08-05 20:01:37.937  4844  4879 I art     : Explicit concurrent mark sweep GC freed 1525(85KB) AllocSpace objects, 1(20KB) LOS objects, 22% free, 53MB/69MB, paused 787us total 33.208ms
08-05 20:01:37.951  4844  4879 I art     : Starting a blocking GC Explicit
08-05 20:01:37.986  4844  4879 I art     : Explicit concurrent mark sweep GC freed 26(944B) AllocSpace objects, 0(0B) LOS objects, 22% free, 53MB/69MB, paused 784us total 33.968ms
08-05 20:01:38.000  4844  4879 I art     : Starting a blocking GC Explicit
08-05 20:01:38.034  4844  4879 I art     : Explicit concurrent mark sweep GC freed 3(96B) AllocSpace objects, 0(0B) LOS objects, 22% free, 53MB/69MB, paused 667us total 33.793ms
08-05 20:01:38.049  4844  4879 I art     : Starting a blocking GC Explicit
08-05 20:01:38.080  4844  4879 I art     : Explicit concurrent mark sweep GC freed 3(96B) AllocSpace objects, 0(0B) LOS objects, 22% free, 53MB/69MB, paused 711us total 30.773ms
08-05 20:01:38.081   380   380 W SurfaceFlinger: couldn't log to binary event log: overflow.
08-05 20:01:38.094  4844  4879 I art     : Starting a blocking GC Explicit
08-05 20:01:38.123  4844  4879 I art     : Explicit concurrent mark sweep GC freed 112(8KB) AllocSpace objects, 0(0B) LOS objects, 22% free, 53MB/69MB, paused 664us total 27.949ms
08-05 20:01:38.425  4844  5773 I art     : Starting a blocking GC Explicit
08-05 20:01:38.463  4844  5773 I art     : Explicit concurrent mark sweep GC freed 2995(185KB) AllocSpace objects, 4(200KB) LOS objects, 23% free, 53MB/69MB, paused 742us total 37.427ms
08-05 20:01:38.478  4844  5773 I art     : Starting a blocking GC Explicit
08-05 20:01:38.508  4844  5773 I art     : Explicit concurrent mark sweep GC freed 24(864B) AllocSpace objects, 0(0B) LOS objects, 23% free, 53MB/69MB, paused 714us total 30.207ms
08-05 20:01:38.520  4844  5773 I art     : Starting a blocking GC Explicit
08-05 20:01:38.550  4844  5773 I art     : Explicit concurrent mark sweep GC freed 3(96B) AllocSpace objects, 0(0B) LOS objects, 23% free, 53MB/69MB, paused 701us total 29.731ms
08-05 20:01:38.562  4844  5773 I art     : Starting a blocking GC Explicit
08-05 20:01:38.592  4844  5773 I art     : Explicit concurrent mark sweep GC freed 3(96B) AllocSpace objects, 0(0B) LOS objects, 23% free, 53MB/69MB, paused 693us total 29.874ms
08-05 20:01:38.603  4844  5773 I art     : Starting a blocking GC Explicit
08-05 20:01:38.634  4844  5773 I art     : Explicit concurrent mark sweep GC freed 3(96B) AllocSpace objects, 0(0B) LOS objects, 23% free, 53MB/69MB, paused 697us total 29.883ms
08-05 20:01:38.957  4844  8029 I art     : Starting a blocking GC Explicit
08-05 20:01:38.994  4844  8029 I art     : Explicit concurrent mark sweep GC freed 1344(78KB) AllocSpace objects, 1(20KB) LOS objects, 23% free, 53MB/69MB, paused 658us total 36.810ms
08-05 20:01:39.006  4844  8029 I art     : Starting a blocking GC Explicit
08-05 20:01:39.033  4844  8029 I art     : Explicit concurrent mark sweep GC freed 20(704B) AllocSpace objects, 0(0B) LOS objects, 23% free, 53MB/69MB, paused 680us total 26.683ms
08-05 20:01:39.043  4844  8029 I art     : Starting a blocking GC Explicit
08-05 20:01:39.071  4844  8029 I art     : Explicit concurrent mark sweep GC freed 3(96B) AllocSpace objects, 0(0B) LOS objects, 23% free, 53MB/69MB, paused 711us total 27.986ms
08-05 20:01:39.083  4844  8029 I art     : Starting a blocking GC Explicit
08-05 20:01:39.111  4844  8029 I art     : Explicit concurrent mark sweep GC freed 3(96B) AllocSpace objects, 0(0B) LOS objects, 23% free, 53MB/69MB, paused 716us total 28.362ms
08-05 20:01:39.123  4844  8029 I art     : Starting a blocking GC Explicit
08-05 20:01:39.152  4844  8029 I art     : Explicit concurrent mark sweep GC freed 3(96B) AllocSpace objects, 0(0B) LOS objects, 23% free, 53MB/69MB, paused 706us total 28.852ms
08-05 20:01:39.439  4844  4856 I art     : Starting a blocking GC Explicit
08-05 20:01:39.470  4844  4856 I art     : Explicit concurrent mark sweep GC freed 1344(78KB) AllocSpace objects, 1(20KB) LOS objects, 23% free, 53MB/69MB, paused 709us total 30.823ms
08-05 20:01:39.481  4844  4856 I art     : Starting a blocking GC Explicit
08-05 20:01:39.512  4844  4856 I art     : Explicit concurrent mark sweep GC freed 20(704B) AllocSpace objects, 0(0B) LOS objects, 23% free, 53MB/69MB, paused 784us total 30.257ms
08-05 20:01:39.520  8209  8209 D AndroidRuntime: >>>>>> START com.android.internal.os.RuntimeInit uid 2000 <<<<<<
08-05 20:01:39.523  4844  4856 I art     : Starting a blocking GC Explicit
08-05 20:01:39.525  8209  8209 D AndroidRuntime: CheckJNI is OFF
08-05 20:01:39.554  4844  4856 I art     : Explicit concurrent mark sweep GC freed 3(96B) AllocSpace objects, 0(0B) LOS objects, 23% free, 53MB/69MB, paused 718us total 30.415ms
08-05 20:01:39.565  4844  4856 I art     : Starting a blocking GC Explicit
08-05 20:01:39.574  8209  8209 D ICU     : No timezone override file found: /data/misc/zoneinfo/current/icu/icu_tzdata.dat
08-05 20:01:39.595  4844  4856 I art     : Explicit concurrent mark sweep GC freed 3(96B) AllocSpace objects, 0(0B) LOS objects, 23% free, 53MB/69MB, paused 722us total 29.577ms
08-05 20:01:39.607  4844  4856 I art     : Starting a blocking GC Explicit
08-05 20:01:39.620  8209  8209 I Radio-JNI: register_android_hardware_Radio DONE
08-05 20:01:39.637  4844  4856 I art     : Explicit concurrent mark sweep GC freed 3(96B) AllocSpace objects, 0(0B) LOS objects, 23% free, 53MB/69MB, paused 789us total 30.287ms
08-05 20:01:39.650  8209  8209 D AndroidRuntime: Calling main entry com.android.commands.input.Input
08-05 20:01:39.652  8209  8209 I Input   : injectMotionEvent: MotionEvent { action=ACTION_DOWN, actionButton=0, id[0]=0, x[0]=255.0, y[0]=1845.0, toolType[0]=TOOL_TYPE_UNKNOWN, buttonState=0, metaState=0, flags=0x0, edgeFlags=0x0, pointerCount=1, historySize=0, eventTime=820916064, downTime=820916064, deviceId=0, source=0x1002 }
08-05 20:01:39.659  8209  8209 I Input   : injectMotionEvent: MotionEvent { action=ACTION_UP, actionButton=0, id[0]=0, x[0]=255.0, y[0]=1845.0, toolType[0]=TOOL_TYPE_UNKNOWN, buttonState=0, metaState=0, flags=0x0, edgeFlags=0x0, pointerCount=1, historySize=0, eventTime=820916064, downTime=820916064, deviceId=0, source=0x1002 }
08-05 20:01:39.661   918  6111 I ActivityManager: START u0 {cmp=baseline.appteam.nith.hillffair/.activities.ClubActivity (has extras)} from uid 10675 on display 0
08-05 20:01:39.669  8209  8209 D AndroidRuntime: Shutting down VM
08-05 20:01:39.778 13866 13866 I GoogleInputMethodServic: GoogleInputMethodService.onFinishInput():3138 
08-05 20:01:39.778   918   936 I ActivityManager: Displayed baseline.appteam.nith.hillffair/.activities.ClubActivity: +108ms
08-05 20:01:39.779 13866 13866 I GoogleInputMethodServic: GoogleInputMethodService.onStartInput():1808 
08-05 20:01:39.922  4844  4879 I art     : Starting a blocking GC Explicit
08-05 20:01:39.960  4844  4879 I art     : Explicit concurrent mark sweep GC freed 4996(308KB) AllocSpace objects, 1(20KB) LOS objects, 22% free, 53MB/69MB, paused 746us total 38.127ms
08-05 20:01:39.973  4844  4879 I art     : Starting a blocking GC Explicit
08-05 20:01:40.006  4844  4879 I art     : Explicit concurrent mark sweep GC freed 218(10KB) AllocSpace objects, 0(0B) LOS objects, 22% free, 53MB/69MB, paused 750us total 32.518ms
08-05 20:01:40.018  4844  4879 I art     : Starting a blocking GC Explicit
08-05 20:01:40.034   380   380 W SurfaceFlinger: couldn't log to binary event log: overflow.
08-05 20:01:40.052  4844  4879 I art     : Explicit concurrent mark sweep GC freed 3(96B) AllocSpace objects, 0(0B) LOS objects, 22% free, 53MB/69MB, paused 772us total 33.193ms
08-05 20:01:40.062  4844  4879 I art     : Starting a blocking GC Explicit
08-05 20:01:40.089  4844  4879 I art     : Explicit concurrent mark sweep GC freed 3(96B) AllocSpace objects, 0(0B) LOS objects, 22% free, 53MB/69MB, paused 689us total 26.493ms
08-05 20:01:40.100  4844  4879 I art     : Starting a blocking GC Explicit
08-05 20:01:40.128  4844  4879 I art     : Explicit concurrent mark sweep GC freed 3(96B) AllocSpace objects, 0(0B) LOS objects, 22% free, 53MB/69MB, paused 745us total 27.492ms
08-05 20:01:40.214  4844  8232 D OkHttp  : --> GET https://api-hillfair-2k16.herokuapp.com/api/app/club/Technical%20Committee http/1.1
08-05 20:01:40.251  4844  8232 D OkHttp  : <-- 200 OK https://api-hillfair-2k16.herokuapp.com/api/app/club/Technical%20Committee (37ms, 1171-byte body)
08-05 20:01:40.302  4844  4844 I NAPPA_EXPERIMENTATION: MetricNetworkRequestExecutionTime: REQUEST_DURATION_SYSTEM='601',REQUEST_DURATION_OKHTTP='37',REQUEST_SYNCHRONOUS='FALSE',RESPONSE_CODE='200',RESPONSE_METHOD='GET',RESPONSE_LENGTH_OKHTTP='1171',RESPONSE_LENGTH_HEADER='1171',REQUEST_PROTOCOL='http/1.1',REQUEST_URL='https://api-hillfair-2k16.herokuapp.com/api/app/club/Technical%20Committee',
08-05 20:01:40.425  4844  4856 I art     : Starting a blocking GC Explicit
08-05 20:01:40.458  4844  4856 I art     : Explicit concurrent mark sweep GC freed 4917(348KB) AllocSpace objects, 4(220KB) LOS objects, 22% free, 54MB/70MB, paused 751us total 32.166ms
08-05 20:01:40.469  4844  4856 I art     : Starting a blocking GC Explicit
08-05 20:01:40.500  4844  4856 I art     : Explicit concurrent mark sweep GC freed 1033(119KB) AllocSpace objects, 0(0B) LOS objects, 22% free, 53MB/69MB, paused 681us total 30.808ms
08-05 20:01:40.513  4844  4856 I art     : Starting a blocking GC Explicit
08-05 20:01:40.542  4844  4856 I art     : Explicit concurrent mark sweep GC freed 3(96B) AllocSpace objects, 0(0B) LOS objects, 22% free, 53MB/69MB, paused 693us total 29.315ms
08-05 20:01:40.554  4844  4856 I art     : Starting a blocking GC Explicit
08-05 20:01:40.584  4844  4856 I art     : Explicit concurrent mark sweep GC freed 3(96B) AllocSpace objects, 0(0B) LOS objects, 22% free, 53MB/69MB, paused 787us total 29.828ms
08-05 20:01:40.596  4844  4856 I art     : Starting a blocking GC Explicit
08-05 20:01:40.626  4844  4856 I art     : Explicit concurrent mark sweep GC freed 3(96B) AllocSpace objects, 0(0B) LOS objects, 22% free, 53MB/69MB, paused 692us total 29.092ms
08-05 20:01:40.941  4844  4856 I art     : Starting a blocking GC Explicit
08-05 20:01:40.985  4844  4856 I art     : Explicit concurrent mark sweep GC freed 1344(78KB) AllocSpace objects, 1(20KB) LOS objects, 22% free, 53MB/69MB, paused 777us total 43.120ms
08-05 20:01:41.001  4844  4856 I art     : Starting a blocking GC Explicit
08-05 20:01:41.031  4844  4856 I art     : Explicit concurrent mark sweep GC freed 36(1264B) AllocSpace objects, 0(0B) LOS objects, 22% free, 53MB/69MB, paused 705us total 30.372ms
08-05 20:01:41.043  4844  4856 I art     : Starting a blocking GC Explicit
08-05 20:01:41.074  4844  4856 I art     : Explicit concurrent mark sweep GC freed 3(96B) AllocSpace objects, 0(0B) LOS objects, 22% free, 53MB/69MB, paused 713us total 30.448ms
08-05 20:01:41.085  4844  4856 I art     : Starting a blocking GC Explicit
08-05 20:01:41.117  4844  4856 I art     : Explicit concurrent mark sweep GC freed 3(96B) AllocSpace objects, 0(0B) LOS objects, 22% free, 53MB/69MB, paused 777us total 31.175ms
08-05 20:01:41.129  4844  4856 I art     : Starting a blocking GC Explicit
08-05 20:01:41.161  4844  4856 I art     : Explicit concurrent mark sweep GC freed 3(96B) AllocSpace objects, 0(0B) LOS objects, 22% free, 53MB/69MB, paused 723us total 32.185ms
08-05 20:01:41.482  4844  5773 I art     : Starting a blocking GC Explicit
08-05 20:01:41.524  4844  5773 I art     : Explicit concurrent mark sweep GC freed 1344(78KB) AllocSpace objects, 1(20KB) LOS objects, 22% free, 53MB/69MB, paused 736us total 42.496ms
08-05 20:01:41.540  4844  5773 I art     : Starting a blocking GC Explicit
08-05 20:01:41.574  4844  5773 I art     : Explicit concurrent mark sweep GC freed 20(704B) AllocSpace objects, 0(0B) LOS objects, 22% free, 53MB/69MB, paused 742us total 34.553ms
08-05 20:01:41.587  4844  5773 I art     : Starting a blocking GC Explicit
08-05 20:01:41.621  4844  5773 I art     : Explicit concurrent mark sweep GC freed 3(96B) AllocSpace objects, 0(0B) LOS objects, 22% free, 53MB/69MB, paused 733us total 33.597ms
08-05 20:01:41.633  4844  5773 I art     : Starting a blocking GC Explicit
08-05 20:01:41.666  4844  5773 I art     : Explicit concurrent mark sweep GC freed 3(96B) AllocSpace objects, 0(0B) LOS objects, 22% free, 53MB/69MB, paused 737us total 32.865ms
08-05 20:01:41.678  4844  5773 I art     : Starting a blocking GC Explicit
08-05 20:01:41.713  4844  5773 I art     : Explicit concurrent mark sweep GC freed 3(96B) AllocSpace objects, 0(0B) LOS objects, 22% free, 53MB/69MB, paused 726us total 34.195ms
08-05 20:01:42.051  4844  4879 I art     : Starting a blocking GC Explicit
08-05 20:01:42.094  4844  4879 I art     : Explicit concurrent mark sweep GC freed 1344(78KB) AllocSpace objects, 1(20KB) LOS objects, 22% free, 53MB/69MB, paused 1.007ms total 43.032ms
08-05 20:01:42.111  4844  4879 I art     : Starting a blocking GC Explicit
08-05 20:01:42.146  4844  4879 I art     : Explicit concurrent mark sweep GC freed 20(704B) AllocSpace objects, 0(0B) LOS objects, 22% free, 53MB/69MB, paused 732us total 34.941ms
08-05 20:01:42.158  4844  4879 I art     : Starting a blocking GC Explicit
08-05 20:01:42.193  4844  4879 I art     : Explicit concurrent mark sweep GC freed 3(96B) AllocSpace objects, 0(0B) LOS objects, 22% free, 53MB/69MB, paused 778us total 34.080ms
08-05 20:01:42.205  4844  4879 I art     : Starting a blocking GC Explicit
08-05 20:01:42.240  4844  4879 I art     : Explicit concurrent mark sweep GC freed 3(96B) AllocSpace objects, 0(0B) LOS objects, 22% free, 53MB/69MB, paused 726us total 34.657ms
08-05 20:01:42.252  4844  4879 I art     : Starting a blocking GC Explicit
08-05 20:01:42.285  4844  4879 I art     : Explicit concurrent mark sweep GC freed 3(96B) AllocSpace objects, 0(0B) LOS objects, 22% free, 53MB/69MB, paused 719us total 33.306ms
08-05 20:01:42.600  4844  4855 I art     : Starting a blocking GC Explicit
08-05 20:01:42.645  4844  4855 I art     : Explicit concurrent mark sweep GC freed 1344(78KB) AllocSpace objects, 1(20KB) LOS objects, 22% free, 53MB/69MB, paused 845us total 45.049ms
08-05 20:01:42.661  4844  4855 I art     : Starting a blocking GC Explicit
08-05 20:01:42.698  4844  4855 I art     : Explicit concurrent mark sweep GC freed 20(704B) AllocSpace objects, 0(0B) LOS objects, 22% free, 53MB/69MB, paused 758us total 36.376ms
08-05 20:01:42.710  4844  4855 I art     : Starting a blocking GC Explicit
08-05 20:01:42.743  4844  4855 I art     : Explicit concurrent mark sweep GC freed 3(96B) AllocSpace objects, 0(0B) LOS objects, 22% free, 53MB/69MB, paused 696us total 32.429ms
08-05 20:01:42.755  4844  4855 I art     : Starting a blocking GC Explicit
08-05 20:01:42.781 13866 13882 I PeriodicStatsRunner: PeriodicStatsRunner.call():175 call()
08-05 20:01:42.781 13866 13882 I PeriodicStatsRunner: PeriodicStatsRunner.call():179 No submit PeriodicStats since input started.
08-05 20:01:42.789  4844  4855 I art     : Explicit concurrent mark sweep GC freed 3(96B) AllocSpace objects, 0(0B) LOS objects, 22% free, 53MB/69MB, paused 751us total 33.826ms
08-05 20:01:42.801  4844  4855 I art     : Starting a blocking GC Explicit
08-05 20:01:42.835  4844  4855 I art     : Explicit concurrent mark sweep GC freed 3(96B) AllocSpace objects, 0(0B) LOS objects, 22% free, 53MB/69MB, paused 750us total 34.326ms
08-05 20:01:43.159  4844  8029 I art     : Starting a blocking GC Explicit
08-05 20:01:43.203  4844  8029 I art     : Explicit concurrent mark sweep GC freed 1344(78KB) AllocSpace objects, 1(20KB) LOS objects, 22% free, 53MB/69MB, paused 863us total 44.102ms
08-05 20:01:43.220  4844  8029 I art     : Starting a blocking GC Explicit
08-05 20:01:43.256  4844  8029 I art     : Explicit concurrent mark sweep GC freed 20(704B) AllocSpace objects, 0(0B) LOS objects, 22% free, 53MB/69MB, paused 740us total 36.323ms
08-05 20:01:43.268  4844  8029 I art     : Starting a blocking GC Explicit
08-05 20:01:43.303  4844  8029 I art     : Explicit concurrent mark sweep GC freed 3(96B) AllocSpace objects, 0(0B) LOS objects, 22% free, 53MB/69MB, paused 749us total 33.885ms
08-05 20:01:43.315  4844  8029 I art     : Starting a blocking GC Explicit
08-05 20:01:43.350  4844  8029 I art     : Explicit concurrent mark sweep GC freed 3(96B) AllocSpace objects, 0(0B) LOS objects, 22% free, 53MB/69MB, paused 726us total 34.615ms
08-05 20:01:43.362  4844  8029 I art     : Starting a blocking GC Explicit
08-05 20:01:43.395  4844  8029 I art     : Explicit concurrent mark sweep GC freed 3(96B) AllocSpace objects, 0(0B) LOS objects, 22% free, 53MB/69MB, paused 732us total 33.589ms
08-05 20:01:43.716  4844  4856 I art     : Starting a blocking GC Explicit
08-05 20:01:43.758  4844  4856 I art     : Explicit concurrent mark sweep GC freed 1344(78KB) AllocSpace objects, 1(20KB) LOS objects, 22% free, 53MB/69MB, paused 858us total 41.626ms
08-05 20:01:43.772  4844  4856 I art     : Starting a blocking GC Explicit
08-05 20:01:43.807  4844  4856 I art     : Explicit concurrent mark sweep GC freed 20(704B) AllocSpace objects, 0(0B) LOS objects, 22% free, 53MB/69MB, paused 741us total 33.986ms
08-05 20:01:43.819  4844  4856 I art     : Starting a blocking GC Explicit
08-05 20:01:43.852  4844  4856 I art     : Explicit concurrent mark sweep GC freed 16(704B) AllocSpace objects, 0(0B) LOS objects, 22% free, 53MB/69MB, paused 724us total 32.922ms
08-05 20:01:43.864  4844  4856 I art     : Starting a blocking GC Explicit
08-05 20:01:43.898  4844  4856 I art     : Explicit concurrent mark sweep GC freed 17(528B) AllocSpace objects, 0(0B) LOS objects, 22% free, 53MB/69MB, paused 693us total 33.831ms
08-05 20:01:43.911  4844  4856 I art     : Starting a blocking GC Explicit
08-05 20:01:43.942  4844  4856 I art     : Explicit concurrent mark sweep GC freed 3(96B) AllocSpace objects, 0(0B) LOS objects, 22% free, 53MB/69MB, paused 686us total 31.422ms
08-05 20:01:44.264  4844  5773 I art     : Starting a blocking GC Explicit
08-05 20:01:44.301  4844  5773 I art     : Explicit concurrent mark sweep GC freed 1344(78KB) AllocSpace objects, 1(20KB) LOS objects, 22% free, 53MB/69MB, paused 710us total 36.648ms
08-05 20:01:44.317  4844  5773 I art     : Starting a blocking GC Explicit
08-05 20:01:44.347  4844  5773 I art     : Explicit concurrent mark sweep GC freed 20(704B) AllocSpace objects, 0(0B) LOS objects, 22% free, 53MB/69MB, paused 757us total 29.703ms
08-05 20:01:44.359  4844  5773 I art     : Starting a blocking GC Explicit
08-05 20:01:44.389  4844  5773 I art     : Explicit concurrent mark sweep GC freed 3(96B) AllocSpace objects, 0(0B) LOS objects, 22% free, 53MB/69MB, paused 708us total 29.775ms
08-05 20:01:44.400  4844  5773 I art     : Starting a blocking GC Explicit
08-05 20:01:44.432  4844  5773 I art     : Explicit concurrent mark sweep GC freed 3(96B) AllocSpace objects, 0(0B) LOS objects, 22% free, 53MB/69MB, paused 705us total 31.673ms
08-05 20:01:44.444  4844  5773 I art     : Starting a blocking GC Explicit
08-05 20:01:44.477  4844  5773 I art     : Explicit concurrent mark sweep GC freed 3(96B) AllocSpace objects, 0(0B) LOS objects, 22% free, 53MB/69MB, paused 822us total 32.832ms
08-05 20:01:44.482  8316  8316 D AndroidRuntime: >>>>>> START com.android.internal.os.RuntimeInit uid 2000 <<<<<<
08-05 20:01:44.489  8316  8316 D AndroidRuntime: CheckJNI is OFF
08-05 20:01:44.534  8316  8316 D ICU     : No timezone override file found: /data/misc/zoneinfo/current/icu/icu_tzdata.dat
08-05 20:01:44.582  8316  8316 I Radio-JNI: register_android_hardware_Radio DONE
08-05 20:01:44.613  8316  8316 D AndroidRuntime: Calling main entry com.android.commands.input.Input
08-05 20:01:44.617  8316  8316 I Input   : injectKeyEvent: KeyEvent { action=ACTION_DOWN, keyCode=KEYCODE_BACK, scanCode=0, metaState=0, flags=0x0, repeatCount=0, eventTime=820921029, downTime=820921029, deviceId=-1, source=0x101 }
08-05 20:01:44.628  8316  8316 I Input   : injectKeyEvent: KeyEvent { action=ACTION_UP, keyCode=KEYCODE_BACK, scanCode=0, metaState=0, flags=0x0, repeatCount=0, eventTime=820921029, downTime=820921029, deviceId=-1, source=0x101 }
08-05 20:01:44.636  8316  8316 D AndroidRuntime: Shutting down VM
08-05 20:01:44.684 13866 13866 I GoogleInputMethodServic: GoogleInputMethodService.onFinishInput():3138 
08-05 20:01:44.685 13866 13866 I GoogleInputMethodServic: GoogleInputMethodService.onStartInput():1808 
08-05 20:01:44.779 13866 13882 I PeriodicStatsRunner: PeriodicStatsRunner.call():175 call()
08-05 20:01:44.779 13866 13882 I PeriodicStatsRunner: PeriodicStatsRunner.call():179 No submit PeriodicStats since input started.
08-05 20:01:44.781  4844  4856 I art     : Starting a blocking GC Explicit
08-05 20:01:44.814  4844  4856 I art     : Explicit concurrent mark sweep GC freed 1526(86KB) AllocSpace objects, 1(20KB) LOS objects, 22% free, 53MB/69MB, paused 797us total 33.218ms
08-05 20:01:44.828  4844  4856 I art     : Starting a blocking GC Explicit
08-05 20:01:44.865  4844  4856 I art     : Explicit concurrent mark sweep GC freed 26(944B) AllocSpace objects, 0(0B) LOS objects, 22% free, 53MB/69MB, paused 806us total 36.778ms
08-05 20:01:44.878  4844  4856 I art     : Starting a blocking GC Explicit
08-05 20:01:44.915  4844  4856 I art     : Explicit concurrent mark sweep GC freed 3(96B) AllocSpace objects, 0(0B) LOS objects, 22% free, 53MB/69MB, paused 849us total 36.640ms
08-05 20:01:44.928  4844  4856 I art     : Starting a blocking GC Explicit
08-05 20:01:44.962  4844  4856 I art     : Explicit concurrent mark sweep GC freed 3(96B) AllocSpace objects, 0(0B) LOS objects, 22% free, 53MB/69MB, paused 830us total 34.517ms
08-05 20:01:44.975  4844  4856 I art     : Starting a blocking GC Explicit
08-05 20:01:45.004   380   380 W SurfaceFlinger: couldn't log to binary event log: overflow.
08-05 20:01:45.007  4844  4856 I art     : Explicit concurrent mark sweep GC freed 82(7KB) AllocSpace objects, 0(0B) LOS objects, 22% free, 53MB/69MB, paused 985us total 31.507ms
08-05 20:01:45.307  4844  5773 I art     : Starting a blocking GC Explicit
08-05 20:01:45.345  4844  5773 I art     : Explicit concurrent mark sweep GC freed 1375(79KB) AllocSpace objects, 1(20KB) LOS objects, 22% free, 53MB/69MB, paused 729us total 37.396ms
08-05 20:01:45.359  4844  5773 I art     : Starting a blocking GC Explicit
08-05 20:01:45.391  4844  5773 I art     : Explicit concurrent mark sweep GC freed 1670(108KB) AllocSpace objects, 3(180KB) LOS objects, 22% free, 53MB/69MB, paused 692us total 31.072ms
08-05 20:01:45.402  4844  5773 I art     : Starting a blocking GC Explicit
08-05 20:01:45.433  4844  5773 I art     : Explicit concurrent mark sweep GC freed 3(96B) AllocSpace objects, 0(0B) LOS objects, 22% free, 53MB/69MB, paused 697us total 30.506ms
08-05 20:01:45.445  4844  5773 I art     : Starting a blocking GC Explicit
08-05 20:01:45.475  4844  5773 I art     : Explicit concurrent mark sweep GC freed 3(96B) AllocSpace objects, 0(0B) LOS objects, 22% free, 53MB/69MB, paused 738us total 30.350ms
08-05 20:01:45.480  2695  2695 I Atfwd_Sendcmd: AtCmdFwd service not ready - Exhausted retry attempts - :6
08-05 20:01:45.480  2695  2695 I Atfwd_Daemon: result : -1 	 ,Init step :2 	 ,qmiErrorCode: 0
08-05 20:01:45.487  4844  5773 I art     : Starting a blocking GC Explicit
08-05 20:01:45.518  4844  5773 I art     : Explicit concurrent mark sweep GC freed 3(96B) AllocSpace objects, 0(0B) LOS objects, 22% free, 53MB/69MB, paused 728us total 30.535ms
08-05 20:01:45.828  4844  4879 I art     : Starting a blocking GC Explicit
08-05 20:01:45.865  4844  4879 I art     : Explicit concurrent mark sweep GC freed 1344(78KB) AllocSpace objects, 1(20KB) LOS objects, 22% free, 53MB/69MB, paused 702us total 36.443ms
08-05 20:01:45.879  4844  4879 I art     : Starting a blocking GC Explicit
08-05 20:01:45.908  4844  4879 I art     : Explicit concurrent mark sweep GC freed 20(704B) AllocSpace objects, 0(0B) LOS objects, 22% free, 53MB/69MB, paused 669us total 29.292ms
08-05 20:01:45.919  4844  4879 I art     : Starting a blocking GC Explicit
08-05 20:01:45.948  4844  4879 I art     : Explicit concurrent mark sweep GC freed 3(96B) AllocSpace objects, 0(0B) LOS objects, 22% free, 53MB/69MB, paused 715us total 28.622ms
08-05 20:01:45.960  4844  4879 I art     : Starting a blocking GC Explicit
08-05 20:01:45.988  4844  4879 I art     : Explicit concurrent mark sweep GC freed 3(96B) AllocSpace objects, 0(0B) LOS objects, 22% free, 53MB/69MB, paused 712us total 28.400ms
08-05 20:01:46.000  4844  4879 I art     : Starting a blocking GC Explicit
08-05 20:01:46.030  4844  4879 I art     : Explicit concurrent mark sweep GC freed 3(96B) AllocSpace objects, 0(0B) LOS objects, 22% free, 53MB/69MB, paused 707us total 29.729ms
08-05 20:01:46.325  4844  8029 I art     : Starting a blocking GC Explicit
08-05 20:01:46.360  4844  8029 I art     : Explicit concurrent mark sweep GC freed 1344(78KB) AllocSpace objects, 1(20KB) LOS objects, 22% free, 53MB/69MB, paused 747us total 34.715ms
08-05 20:01:46.372  4844  8029 I art     : Starting a blocking GC Explicit
08-05 20:01:46.401  4844  8029 I art     : Explicit concurrent mark sweep GC freed 20(704B) AllocSpace objects, 0(0B) LOS objects, 22% free, 53MB/69MB, paused 702us total 28.819ms
08-05 20:01:46.413  4844  8029 I art     : Starting a blocking GC Explicit
08-05 20:01:46.413  8370  8370 D AndroidRuntime: >>>>>> START com.android.internal.os.RuntimeInit uid 2000 <<<<<<
08-05 20:01:46.419  8370  8370 D AndroidRuntime: CheckJNI is OFF
08-05 20:01:46.441  4844  8029 I art     : Explicit concurrent mark sweep GC freed 3(96B) AllocSpace objects, 0(0B) LOS objects, 22% free, 53MB/69MB, paused 697us total 28.617ms
08-05 20:01:46.452  4844  8029 I art     : Starting a blocking GC Explicit
08-05 20:01:46.464  8370  8370 D ICU     : No timezone override file found: /data/misc/zoneinfo/current/icu/icu_tzdata.dat
08-05 20:01:46.481  4844  8029 I art     : Explicit concurrent mark sweep GC freed 3(96B) AllocSpace objects, 0(0B) LOS objects, 22% free, 53MB/69MB, paused 717us total 28.772ms
08-05 20:01:46.493  4844  8029 I art     : Starting a blocking GC Explicit
08-05 20:01:46.513  8370  8370 I Radio-JNI: register_android_hardware_Radio DONE
08-05 20:01:46.523  4844  8029 I art     : Explicit concurrent mark sweep GC freed 3(96B) AllocSpace objects, 0(0B) LOS objects, 22% free, 53MB/69MB, paused 781us total 29.586ms
08-05 20:01:46.542  8370  8370 D AndroidRuntime: Calling main entry com.android.commands.input.Input
08-05 20:01:46.544  8370  8370 I Input   : injectMotionEvent: MotionEvent { action=ACTION_DOWN, actionButton=0, id[0]=0, x[0]=255.0, y[0]=1845.0, toolType[0]=TOOL_TYPE_UNKNOWN, buttonState=0, metaState=0, flags=0x0, edgeFlags=0x0, pointerCount=1, historySize=0, eventTime=820922957, downTime=820922957, deviceId=0, source=0x1002 }
08-05 20:01:46.551  8370  8370 I Input   : injectMotionEvent: MotionEvent { action=ACTION_UP, actionButton=0, id[0]=0, x[0]=255.0, y[0]=1845.0, toolType[0]=TOOL_TYPE_UNKNOWN, buttonState=0, metaState=0, flags=0x0, edgeFlags=0x0, pointerCount=1, historySize=0, eventTime=820922957, downTime=820922957, deviceId=0, source=0x1002 }
08-05 20:01:46.552   918  3961 I ActivityManager: START u0 {cmp=baseline.appteam.nith.hillffair/.activities.ClubActivity (has extras)} from uid 10675 on display 0
08-05 20:01:46.570  8370  8370 D AndroidRuntime: Shutting down VM
08-05 20:01:46.678  4844  4844 I NAPPA_EXPERIMENTATION: MetricNetworkRequestExecutionTime: REQUEST_DURATION_SYSTEM='67',REQUEST_DURATION_OKHTTP='37',REQUEST_SYNCHRONOUS='FALSE',RESPONSE_CODE='200',RESPONSE_METHOD='GET',RESPONSE_LENGTH_OKHTTP='1171',RESPONSE_LENGTH_HEADER='-2',REQUEST_PROTOCOL='http/1.1',REQUEST_URL='https://api-hillfair-2k16.herokuapp.com/api/app/club/Technical%20Committee',
08-05 20:01:46.686   918   936 I ActivityManager: Displayed baseline.appteam.nith.hillffair/.activities.ClubActivity: +114ms
08-05 20:01:46.686 13866 13866 I GoogleInputMethodServic: GoogleInputMethodService.onFinishInput():3138 
08-05 20:01:46.687 13866 13866 I GoogleInputMethodServic: GoogleInputMethodService.onStartInput():1808 
08-05 20:01:46.812  4844  4856 I art     : Starting a blocking GC Explicit
08-05 20:01:46.851  4844  4856 I art     : Explicit concurrent mark sweep GC freed 5758(416KB) AllocSpace objects, 1(20KB) LOS objects, 22% free, 53MB/69MB, paused 915us total 38.388ms
08-05 20:01:46.865  4844  4856 I art     : Starting a blocking GC Explicit
08-05 20:01:46.900  4844  4856 I art     : Explicit concurrent mark sweep GC freed 278(12KB) AllocSpace objects, 0(0B) LOS objects, 22% free, 53MB/69MB, paused 695us total 34.599ms
08-05 20:01:46.914  4844  4856 I art     : Starting a blocking GC Explicit
08-05 20:01:46.939   380   380 W SurfaceFlinger: couldn't log to binary event log: overflow.
08-05 20:01:46.949  4844  4856 I art     : Explicit concurrent mark sweep GC freed 3(96B) AllocSpace objects, 0(0B) LOS objects, 22% free, 53MB/69MB, paused 764us total 33.820ms
08-05 20:01:46.961  4844  4856 I art     : Starting a blocking GC Explicit
08-05 20:01:46.989  4844  4856 I art     : Explicit concurrent mark sweep GC freed 3(96B) AllocSpace objects, 0(0B) LOS objects, 22% free, 53MB/69MB, paused 711us total 27.042ms
08-05 20:01:46.999  4844  4856 I art     : Starting a blocking GC Explicit
08-05 20:01:47.027  4844  4856 I art     : Explicit concurrent mark sweep GC freed 3(96B) AllocSpace objects, 0(0B) LOS objects, 22% free, 53MB/69MB, paused 752us total 27.510ms
08-05 20:01:47.330  4844  4855 I art     : Starting a blocking GC Explicit
08-05 20:01:47.373  4844  4855 I art     : Explicit concurrent mark sweep GC freed 1444(84KB) AllocSpace objects, 1(20KB) LOS objects, 22% free, 53MB/69MB, paused 768us total 42.386ms
08-05 20:01:47.388  4844  4855 I art     : Starting a blocking GC Explicit
08-05 20:01:47.419  4844  4855 I art     : Explicit concurrent mark sweep GC freed 36(1264B) AllocSpace objects, 0(0B) LOS objects, 22% free, 53MB/69MB, paused 716us total 31.301ms
08-05 20:01:47.431  4844  4855 I art     : Starting a blocking GC Explicit
08-05 20:01:47.463  4844  4855 I art     : Explicit concurrent mark sweep GC freed 3(96B) AllocSpace objects, 0(0B) LOS objects, 22% free, 53MB/69MB, paused 792us total 31.445ms
08-05 20:01:47.475  4844  4855 I art     : Starting a blocking GC Explicit
08-05 20:01:47.507  4844  4855 I art     : Explicit concurrent mark sweep GC freed 3(96B) AllocSpace objects, 0(0B) LOS objects, 22% free, 53MB/69MB, paused 706us total 31.648ms
08-05 20:01:47.519  4844  4855 I art     : Starting a blocking GC Explicit
08-05 20:01:47.550  4844  4855 I art     : Explicit concurrent mark sweep GC freed 3(96B) AllocSpace objects, 0(0B) LOS objects, 22% free, 53MB/69MB, paused 710us total 30.780ms
08-05 20:01:47.858  4844  4856 I art     : Starting a blocking GC Explicit
08-05 20:01:47.896  4844  4856 I art     : Explicit concurrent mark sweep GC freed 1344(78KB) AllocSpace objects, 1(20KB) LOS objects, 22% free, 53MB/69MB, paused 743us total 37.755ms
08-05 20:01:47.908  4844  4856 I art     : Starting a blocking GC Explicit
08-05 20:01:47.939  4844  4856 I art     : Explicit concurrent mark sweep GC freed 20(704B) AllocSpace objects, 0(0B) LOS objects, 22% free, 53MB/69MB, paused 734us total 31.157ms
08-05 20:01:47.951  4844  4856 I art     : Starting a blocking GC Explicit
08-05 20:01:47.983  4844  4856 I art     : Explicit concurrent mark sweep GC freed 3(96B) AllocSpace objects, 0(0B) LOS objects, 22% free, 53MB/69MB, paused 730us total 31.487ms
08-05 20:01:47.995  4844  4856 I art     : Starting a blocking GC Explicit
08-05 20:01:48.026  4844  4856 I art     : Explicit concurrent mark sweep GC freed 3(96B) AllocSpace objects, 0(0B) LOS objects, 22% free, 53MB/69MB, paused 729us total 30.850ms
08-05 20:01:48.038  4844  4856 I art     : Starting a blocking GC Explicit
08-05 20:01:48.069  4844  4856 I art     : Explicit concurrent mark sweep GC freed 3(96B) AllocSpace objects, 0(0B) LOS objects, 22% free, 53MB/69MB, paused 744us total 31.163ms
08-05 20:01:48.404  4844  5773 I art     : Starting a blocking GC Explicit
08-05 20:01:48.448  4844  5773 I art     : Explicit concurrent mark sweep GC freed 1344(78KB) AllocSpace objects, 1(20KB) LOS objects, 22% free, 53MB/69MB, paused 767us total 43.798ms
08-05 20:01:48.468  4844  5773 I art     : Starting a blocking GC Explicit
08-05 20:01:48.504  4844  5773 I art     : Explicit concurrent mark sweep GC freed 20(704B) AllocSpace objects, 0(0B) LOS objects, 22% free, 53MB/69MB, paused 740us total 35.885ms
08-05 20:01:48.516  4844  5773 I art     : Starting a blocking GC Explicit
08-05 20:01:48.550  4844  5773 I art     : Explicit concurrent mark sweep GC freed 3(96B) AllocSpace objects, 0(0B) LOS objects, 22% free, 53MB/69MB, paused 725us total 33.367ms
08-05 20:01:48.562  4844  5773 I art     : Starting a blocking GC Explicit
08-05 20:01:48.597  4844  5773 I art     : Explicit concurrent mark sweep GC freed 3(96B) AllocSpace objects, 0(0B) LOS objects, 22% free, 53MB/69MB, paused 775us total 34.605ms
08-05 20:01:48.609  4844  5773 I art     : Starting a blocking GC Explicit
08-05 20:01:48.643  4844  5773 I art     : Explicit concurrent mark sweep GC freed 3(96B) AllocSpace objects, 0(0B) LOS objects, 22% free, 53MB/69MB, paused 737us total 33.682ms
08-05 20:01:48.969  4844  8029 I art     : Starting a blocking GC Explicit
08-05 20:01:49.009  4844  8029 I art     : Explicit concurrent mark sweep GC freed 1344(78KB) AllocSpace objects, 1(20KB) LOS objects, 22% free, 53MB/69MB, paused 812us total 39.177ms
08-05 20:01:49.023  4844  8029 I art     : Starting a blocking GC Explicit
08-05 20:01:49.063  4844  8029 I art     : Explicit concurrent mark sweep GC freed 20(704B) AllocSpace objects, 0(0B) LOS objects, 22% free, 53MB/69MB, paused 720us total 38.766ms
08-05 20:01:49.079  4844  8029 I art     : Starting a blocking GC Explicit
08-05 20:01:49.111  4844  8029 I art     : Explicit concurrent mark sweep GC freed 3(96B) AllocSpace objects, 0(0B) LOS objects, 22% free, 53MB/69MB, paused 718us total 32.142ms
08-05 20:01:49.123  4844  8029 I art     : Starting a blocking GC Explicit
08-05 20:01:49.158  4844  8029 I art     : Explicit concurrent mark sweep GC freed 3(96B) AllocSpace objects, 0(0B) LOS objects, 22% free, 53MB/69MB, paused 922us total 34.142ms
08-05 20:01:49.170  4844  8029 I art     : Starting a blocking GC Explicit
08-05 20:01:49.205  4844  8029 I art     : Explicit concurrent mark sweep GC freed 3(96B) AllocSpace objects, 0(0B) LOS objects, 22% free, 53MB/69MB, paused 702us total 34.590ms
08-05 20:01:49.528  4844  4879 I art     : Starting a blocking GC Explicit
08-05 20:01:49.572  4844  4879 I art     : Explicit concurrent mark sweep GC freed 1344(78KB) AllocSpace objects, 1(20KB) LOS objects, 22% free, 53MB/69MB, paused 776us total 43.077ms
08-05 20:01:49.592  4844  4879 I art     : Starting a blocking GC Explicit
08-05 20:01:49.627  4844  4879 I art     : Explicit concurrent mark sweep GC freed 20(704B) AllocSpace objects, 0(0B) LOS objects, 22% free, 53MB/69MB, paused 834us total 34.797ms
08-05 20:01:49.639  4844  4879 I art     : Starting a blocking GC Explicit
08-05 20:01:49.674  4844  4879 I art     : Explicit concurrent mark sweep GC freed 3(96B) AllocSpace objects, 0(0B) LOS objects, 22% free, 53MB/69MB, paused 732us total 34.378ms
08-05 20:01:49.685 13866 13882 I PeriodicStatsRunner: PeriodicStatsRunner.call():175 call()
08-05 20:01:49.686 13866 13882 I PeriodicStatsRunner: PeriodicStatsRunner.call():179 No submit PeriodicStats since input started.
08-05 20:01:49.686  4844  4879 I art     : Starting a blocking GC Explicit
08-05 20:01:49.721  4844  4879 I art     : Explicit concurrent mark sweep GC freed 3(96B) AllocSpace objects, 0(0B) LOS objects, 22% free, 53MB/69MB, paused 695us total 34.098ms
08-05 20:01:49.733  4844  4879 I art     : Starting a blocking GC Explicit
08-05 20:01:49.767  4844  4879 I art     : Explicit concurrent mark sweep GC freed 3(96B) AllocSpace objects, 0(0B) LOS objects, 22% free, 53MB/69MB, paused 733us total 33.810ms
08-05 20:01:50.097  4844  4855 I art     : Starting a blocking GC Explicit
08-05 20:01:50.135  4844  4855 I art     : Explicit concurrent mark sweep GC freed 1344(78KB) AllocSpace objects, 1(20KB) LOS objects, 22% free, 53MB/69MB, paused 746us total 37.495ms
08-05 20:01:50.148  4844  4855 I art     : Starting a blocking GC Explicit
08-05 20:01:50.182  4844  4855 I art     : Explicit concurrent mark sweep GC freed 20(704B) AllocSpace objects, 0(0B) LOS objects, 22% free, 53MB/69MB, paused 743us total 33.962ms
08-05 20:01:50.195  4844  4855 I art     : Starting a blocking GC Explicit
08-05 20:01:50.228  4844  4855 I art     : Explicit concurrent mark sweep GC freed 3(96B) AllocSpace objects, 0(0B) LOS objects, 22% free, 53MB/69MB, paused 909us total 32.943ms
08-05 20:01:50.240  4844  4855 I art     : Starting a blocking GC Explicit
08-05 20:01:50.274  4844  4855 I art     : Explicit concurrent mark sweep GC freed 3(96B) AllocSpace objects, 0(0B) LOS objects, 22% free, 53MB/69MB, paused 736us total 33.965ms
08-05 20:01:50.286  4844  4855 I art     : Starting a blocking GC Explicit
08-05 20:01:50.321  4844  4855 I art     : Explicit concurrent mark sweep GC freed 3(96B) AllocSpace objects, 0(0B) LOS objects, 22% free, 53MB/69MB, paused 723us total 34.194ms
08-05 20:01:50.562   918  3261 D WifiStateMachine: starting scan for "H369AA63323"WPA_PSK with 2412,5180
08-05 20:01:50.641  4844  4856 I art     : Starting a blocking GC Explicit
08-05 20:01:50.679  4844  4856 I art     : Explicit concurrent mark sweep GC freed 1344(78KB) AllocSpace objects, 1(20KB) LOS objects, 22% free, 53MB/69MB, paused 824us total 37.360ms
08-05 20:01:50.694  4844  4856 I art     : Starting a blocking GC Explicit
08-05 20:01:50.727  4844  4856 I art     : Explicit concurrent mark sweep GC freed 20(704B) AllocSpace objects, 0(0B) LOS objects, 22% free, 53MB/69MB, paused 928us total 32.870ms
08-05 20:01:50.740  4844  4856 I art     : Starting a blocking GC Explicit
08-05 20:01:50.774  4844  4856 I art     : Explicit concurrent mark sweep GC freed 3(96B) AllocSpace objects, 0(0B) LOS objects, 22% free, 53MB/69MB, paused 754us total 33.960ms
08-05 20:01:50.786  4844  4856 I art     : Starting a blocking GC Explicit
08-05 20:01:50.819  4844  4856 I art     : Explicit concurrent mark sweep GC freed 3(96B) AllocSpace objects, 0(0B) LOS objects, 22% free, 53MB/69MB, paused 723us total 32.715ms
08-05 20:01:50.831  4844  4856 I art     : Starting a blocking GC Explicit
08-05 20:01:50.860  4844  4856 I art     : Explicit concurrent mark sweep GC freed 3(96B) AllocSpace objects, 0(0B) LOS objects, 22% free, 53MB/69MB, paused 689us total 29.327ms
08-05 20:01:51.182  4844  5773 I art     : Starting a blocking GC Explicit
08-05 20:01:51.219  4844  5773 I art     : Explicit concurrent mark sweep GC freed 1344(78KB) AllocSpace objects, 1(20KB) LOS objects, 22% free, 53MB/69MB, paused 785us total 36.849ms
08-05 20:01:51.233  4844  5773 I art     : Starting a blocking GC Explicit
08-05 20:01:51.266  4844  5773 I art     : Explicit concurrent mark sweep GC freed 20(704B) AllocSpace objects, 0(0B) LOS objects, 22% free, 53MB/69MB, paused 751us total 32.737ms
08-05 20:01:51.278  4844  5773 I art     : Starting a blocking GC Explicit
08-05 20:01:51.309  4844  5773 I art     : Explicit concurrent mark sweep GC freed 3(96B) AllocSpace objects, 0(0B) LOS objects, 22% free, 53MB/69MB, paused 720us total 30.787ms
08-05 20:01:51.320  4844  5773 I art     : Starting a blocking GC Explicit
08-05 20:01:51.352  4844  5773 I art     : Explicit concurrent mark sweep GC freed 3(96B) AllocSpace objects, 0(0B) LOS objects, 22% free, 53MB/69MB, paused 750us total 31.719ms
08-05 20:01:51.364  4844  5773 I art     : Starting a blocking GC Explicit
08-05 20:01:51.377  8475  8475 D AndroidRuntime: >>>>>> START com.android.internal.os.RuntimeInit uid 2000 <<<<<<
08-05 20:01:51.382  8475  8475 D AndroidRuntime: CheckJNI is OFF
08-05 20:01:51.396  4844  5773 I art     : Explicit concurrent mark sweep GC freed 3(96B) AllocSpace objects, 0(0B) LOS objects, 22% free, 53MB/69MB, paused 736us total 31.834ms
08-05 20:01:51.428  8475  8475 D ICU     : No timezone override file found: /data/misc/zoneinfo/current/icu/icu_tzdata.dat
08-05 20:01:51.474  8475  8475 I Radio-JNI: register_android_hardware_Radio DONE
08-05 20:01:51.504  8475  8475 D AndroidRuntime: Calling main entry com.android.commands.input.Input
08-05 20:01:51.506  8475  8475 I Input   : injectKeyEvent: KeyEvent { action=ACTION_DOWN, keyCode=KEYCODE_BACK, scanCode=0, metaState=0, flags=0x0, repeatCount=0, eventTime=820927919, downTime=820927919, deviceId=-1, source=0x101 }
08-05 20:01:51.513  8475  8475 I Input   : injectKeyEvent: KeyEvent { action=ACTION_UP, keyCode=KEYCODE_BACK, scanCode=0, metaState=0, flags=0x0, repeatCount=0, eventTime=820927919, downTime=820927919, deviceId=-1, source=0x101 }
08-05 20:01:51.520  8475  8475 D AndroidRuntime: Shutting down VM
08-05 20:01:51.554 13866 13866 I GoogleInputMethodServic: GoogleInputMethodService.onFinishInput():3138 
08-05 20:01:51.555 13866 13866 I GoogleInputMethodServic: GoogleInputMethodService.onStartInput():1808 
08-05 20:01:51.687 13866 13882 I PeriodicStatsRunner: PeriodicStatsRunner.call():175 call()
08-05 20:01:51.688 13866 13882 I PeriodicStatsRunner: PeriodicStatsRunner.call():179 No submit PeriodicStats since input started.
08-05 20:01:51.694  4844  5773 I art     : Starting a blocking GC Explicit
08-05 20:01:51.731  4844  5773 I art     : Explicit concurrent mark sweep GC freed 1526(86KB) AllocSpace objects, 1(20KB) LOS objects, 22% free, 53MB/69MB, paused 697us total 36.667ms
08-05 20:01:51.746  4844  5773 I art     : Starting a blocking GC Explicit
08-05 20:01:51.776  4844  5773 I art     : Explicit concurrent mark sweep GC freed 26(944B) AllocSpace objects, 0(0B) LOS objects, 22% free, 53MB/69MB, paused 689us total 29.594ms
08-05 20:01:51.788  4844  5773 I art     : Starting a blocking GC Explicit
08-05 20:01:51.822  4844  5773 I art     : Explicit concurrent mark sweep GC freed 3(96B) AllocSpace objects, 0(0B) LOS objects, 22% free, 53MB/69MB, paused 703us total 34.275ms
08-05 20:01:51.835  4844  5773 I art     : Starting a blocking GC Explicit
08-05 20:01:51.860   380   380 W SurfaceFlinger: couldn't log to binary event log: overflow.
08-05 20:01:51.866  4844  5773 I art     : Explicit concurrent mark sweep GC freed 89(7KB) AllocSpace objects, 0(0B) LOS objects, 22% free, 53MB/69MB, paused 701us total 30.538ms
08-05 20:01:51.880  4844  5773 I art     : Starting a blocking GC Explicit
08-05 20:01:51.908  4844  5773 I art     : Explicit concurrent mark sweep GC freed 26(1232B) AllocSpace objects, 0(0B) LOS objects, 22% free, 53MB/69MB, paused 762us total 27.890ms
08-05 20:01:52.223  4844  8029 I art     : Starting a blocking GC Explicit
08-05 20:01:52.266  4844  8029 I art     : Explicit concurrent mark sweep GC freed 2995(186KB) AllocSpace objects, 4(200KB) LOS objects, 22% free, 53MB/69MB, paused 785us total 42.586ms
08-05 20:01:52.281  4844  8029 I art     : Starting a blocking GC Explicit
08-05 20:01:52.312  4844  8029 I art     : Explicit concurrent mark sweep GC freed 20(704B) AllocSpace objects, 0(0B) LOS objects, 22% free, 53MB/69MB, paused 705us total 30.676ms
08-05 20:01:52.324  4844  8029 I art     : Starting a blocking GC Explicit
08-05 20:01:52.354  4844  8029 I art     : Explicit concurrent mark sweep GC freed 3(96B) AllocSpace objects, 0(0B) LOS objects, 22% free, 53MB/69MB, paused 719us total 30.008ms
08-05 20:01:52.366  4844  8029 I art     : Starting a blocking GC Explicit
08-05 20:01:52.397  4844  8029 I art     : Explicit concurrent mark sweep GC freed 3(96B) AllocSpace objects, 0(0B) LOS objects, 22% free, 53MB/69MB, paused 726us total 30.462ms
08-05 20:01:52.408  4844  8029 I art     : Starting a blocking GC Explicit
08-05 20:01:52.439  4844  8029 I art     : Explicit concurrent mark sweep GC freed 3(96B) AllocSpace objects, 0(0B) LOS objects, 22% free, 53MB/69MB, paused 719us total 30.375ms
08-05 20:01:52.752  4844  4856 I art     : Starting a blocking GC Explicit
08-05 20:01:52.789  4844  4856 I art     : Explicit concurrent mark sweep GC freed 1344(78KB) AllocSpace objects, 1(20KB) LOS objects, 22% free, 53MB/69MB, paused 727us total 36.500ms
08-05 20:01:52.801  4844  4856 I art     : Starting a blocking GC Explicit
08-05 20:01:52.830  4844  4856 I art     : Explicit concurrent mark sweep GC freed 20(704B) AllocSpace objects, 0(0B) LOS objects, 22% free, 53MB/69MB, paused 727us total 29.102ms
08-05 20:01:52.842  4844  4856 I art     : Starting a blocking GC Explicit
08-05 20:01:52.871  4844  4856 I art     : Explicit concurrent mark sweep GC freed 3(96B) AllocSpace objects, 0(0B) LOS objects, 22% free, 53MB/69MB, paused 736us total 29.339ms
08-05 20:01:52.883  4844  4856 I art     : Starting a blocking GC Explicit
08-05 20:01:52.912  4844  4856 I art     : Explicit concurrent mark sweep GC freed 3(96B) AllocSpace objects, 0(0B) LOS objects, 22% free, 53MB/69MB, paused 732us total 28.889ms
08-05 20:01:52.923  4844  4856 I art     : Starting a blocking GC Explicit
08-05 20:01:52.952  4844  4856 I art     : Explicit concurrent mark sweep GC freed 3(96B) AllocSpace objects, 0(0B) LOS objects, 22% free, 53MB/69MB, paused 709us total 28.582ms
08-05 20:01:53.248  4844  4879 I art     : Starting a blocking GC Explicit
08-05 20:01:53.284  4844  4879 I art     : Explicit concurrent mark sweep GC freed 1344(78KB) AllocSpace objects, 1(20KB) LOS objects, 22% free, 53MB/69MB, paused 781us total 35.569ms
08-05 20:01:53.298  4844  4879 I art     : Starting a blocking GC Explicit
08-05 20:01:53.318  8528  8528 D AndroidRuntime: >>>>>> START com.android.internal.os.RuntimeInit uid 2000 <<<<<<
08-05 20:01:53.324  8528  8528 D AndroidRuntime: CheckJNI is OFF
08-05 20:01:53.330  4844  4879 I art     : Explicit concurrent mark sweep GC freed 20(704B) AllocSpace objects, 0(0B) LOS objects, 22% free, 53MB/69MB, paused 802us total 31.465ms
08-05 20:01:53.341  4844  4879 I art     : Starting a blocking GC Explicit
08-05 20:01:53.369  8528  8528 D ICU     : No timezone override file found: /data/misc/zoneinfo/current/icu/icu_tzdata.dat
08-05 20:01:53.371  4844  4879 I art     : Explicit concurrent mark sweep GC freed 3(96B) AllocSpace objects, 0(0B) LOS objects, 22% free, 53MB/69MB, paused 802us total 29.686ms
08-05 20:01:53.384  4844  4879 I art     : Starting a blocking GC Explicit
08-05 20:01:53.414  4844  4879 I art     : Explicit concurrent mark sweep GC freed 3(96B) AllocSpace objects, 0(0B) LOS objects, 22% free, 53MB/69MB, paused 797us total 30.200ms
08-05 20:01:53.415  8528  8528 I Radio-JNI: register_android_hardware_Radio DONE
08-05 20:01:53.425  4844  4879 I art     : Starting a blocking GC Explicit
08-05 20:01:53.446  8528  8528 D AndroidRuntime: Calling main entry com.android.commands.input.Input
08-05 20:01:53.449  8528  8528 I Input   : injectMotionEvent: MotionEvent { action=ACTION_DOWN, actionButton=0, id[0]=0, x[0]=369.0, y[0]=554.0, toolType[0]=TOOL_TYPE_UNKNOWN, buttonState=0, metaState=0, flags=0x0, edgeFlags=0x0, pointerCount=1, historySize=0, eventTime=820929861, downTime=820929861, deviceId=0, source=0x1002 }
08-05 20:01:53.456  4844  4879 I art     : Explicit concurrent mark sweep GC freed 3(96B) AllocSpace objects, 0(0B) LOS objects, 22% free, 53MB/69MB, paused 658us total 30.545ms
08-05 20:01:53.457  8528  8528 I Input   : injectMotionEvent: MotionEvent { action=ACTION_UP, actionButton=0, id[0]=0, x[0]=369.0, y[0]=554.0, toolType[0]=TOOL_TYPE_UNKNOWN, buttonState=0, metaState=0, flags=0x0, edgeFlags=0x0, pointerCount=1, historySize=0, eventTime=820929861, downTime=820929861, deviceId=0, source=0x1002 }
08-05 20:01:53.458   918  3359 I ActivityManager: START u0 {cmp=baseline.appteam.nith.hillffair/.activities.ClubActivity (has extras)} from uid 10675 on display 0
08-05 20:01:53.466  8528  8528 D AndroidRuntime: Shutting down VM
08-05 20:01:53.481   918   937 W ProcessCpuTracker: Skipping unknown process pid 8536
08-05 20:01:53.482   918   937 W ProcessCpuTracker: Skipping unknown process pid 8538
08-05 20:01:53.482   918   937 W ProcessCpuTracker: Skipping unknown process pid 8539
08-05 20:01:53.566  4844  4844 I NAPPA_EXPERIMENTATION: MetricNetworkRequestExecutionTime: REQUEST_DURATION_SYSTEM='66',REQUEST_DURATION_OKHTTP='40',REQUEST_SYNCHRONOUS='FALSE',RESPONSE_CODE='200',RESPONSE_METHOD='GET',RESPONSE_LENGTH_OKHTTP='979',RESPONSE_LENGTH_HEADER='-2',REQUEST_PROTOCOL='http/1.1',REQUEST_URL='https://api-hillfair-2k16.herokuapp.com/api/app/club/PR%20Club',
08-05 20:01:53.575   918   936 I ActivityManager: Displayed baseline.appteam.nith.hillffair/.activities.ClubActivity: +108ms
08-05 20:01:53.576 13866 13866 I GoogleInputMethodServic: GoogleInputMethodService.onFinishInput():3138 
08-05 20:01:53.577 13866 13866 I GoogleInputMethodServic: GoogleInputMethodService.onStartInput():1808 
08-05 20:01:53.751  4844  8029 I art     : Starting a blocking GC Explicit
08-05 20:01:53.789  4844  8029 I art     : Explicit concurrent mark sweep GC freed 5753(413KB) AllocSpace objects, 1(20KB) LOS objects, 22% free, 53MB/69MB, paused 702us total 37.116ms
08-05 20:01:53.802  4844  8029 I art     : Starting a blocking GC Explicit
08-05 20:01:53.829   380   380 W SurfaceFlinger: couldn't log to binary event log: overflow.
08-05 20:01:53.838  4844  8029 I art     : Explicit concurrent mark sweep GC freed 278(12KB) AllocSpace objects, 0(0B) LOS objects, 22% free, 53MB/69MB, paused 749us total 35.338ms
08-05 20:01:53.851  4844  8029 I art     : Starting a blocking GC Explicit
08-05 20:01:53.878  4844  8029 I art     : Explicit concurrent mark sweep GC freed 3(96B) AllocSpace objects, 0(0B) LOS objects, 22% free, 53MB/69MB, paused 726us total 27.133ms
08-05 20:01:53.889  4844  8029 I art     : Starting a blocking GC Explicit
08-05 20:01:53.917  4844  8029 I art     : Explicit concurrent mark sweep GC freed 3(96B) AllocSpace objects, 0(0B) LOS objects, 22% free, 53MB/69MB, paused 775us total 27.870ms
08-05 20:01:53.928  4844  8029 I art     : Starting a blocking GC Explicit
08-05 20:01:53.957  4844  8029 I art     : Explicit concurrent mark sweep GC freed 3(96B) AllocSpace objects, 0(0B) LOS objects, 22% free, 53MB/69MB, paused 870us total 28.812ms
08-05 20:01:54.255  4844  4856 I art     : Starting a blocking GC Explicit
08-05 20:01:54.288  4844  4856 I art     : Explicit concurrent mark sweep GC freed 1444(84KB) AllocSpace objects, 1(20KB) LOS objects, 22% free, 53MB/69MB, paused 791us total 32.494ms
08-05 20:01:54.300  4844  4856 I art     : Starting a blocking GC Explicit
08-05 20:01:54.330  4844  4856 I art     : Explicit concurrent mark sweep GC freed 36(1264B) AllocSpace objects, 0(0B) LOS objects, 22% free, 53MB/69MB, paused 745us total 30.471ms
08-05 20:01:54.342  4844  4856 I art     : Starting a blocking GC Explicit
08-05 20:01:54.373  4844  4856 I art     : Explicit concurrent mark sweep GC freed 3(96B) AllocSpace objects, 0(0B) LOS objects, 22% free, 53MB/69MB, paused 743us total 30.875ms
08-05 20:01:54.385  4844  4856 I art     : Starting a blocking GC Explicit
08-05 20:01:54.416  4844  4856 I art     : Explicit concurrent mark sweep GC freed 3(96B) AllocSpace objects, 0(0B) LOS objects, 22% free, 53MB/69MB, paused 728us total 31.126ms
08-05 20:01:54.428  4844  4856 I art     : Starting a blocking GC Explicit
08-05 20:01:54.460  4844  4856 I art     : Explicit concurrent mark sweep GC freed 3(96B) AllocSpace objects, 0(0B) LOS objects, 22% free, 53MB/69MB, paused 738us total 31.603ms
08-05 20:01:54.777  4844  8029 I art     : Starting a blocking GC Explicit
08-05 20:01:54.822  4844  8029 I art     : Explicit concurrent mark sweep GC freed 1344(78KB) AllocSpace objects, 1(20KB) LOS objects, 22% free, 53MB/69MB, paused 845us total 44.491ms
08-05 20:01:54.838  4844  8029 I art     : Starting a blocking GC Explicit
08-05 20:01:54.871  4844  8029 I art     : Explicit concurrent mark sweep GC freed 20(704B) AllocSpace objects, 0(0B) LOS objects, 22% free, 53MB/69MB, paused 776us total 33.055ms
08-05 20:01:54.883  4844  8029 I art     : Starting a blocking GC Explicit
08-05 20:01:54.914  4844  8029 I art     : Explicit concurrent mark sweep GC freed 3(96B) AllocSpace objects, 0(0B) LOS objects, 22% free, 53MB/69MB, paused 734us total 31.158ms
08-05 20:01:54.926  4844  8029 I art     : Starting a blocking GC Explicit
08-05 20:01:54.957  4844  8029 I art     : Explicit concurrent mark sweep GC freed 3(96B) AllocSpace objects, 0(0B) LOS objects, 22% free, 53MB/69MB, paused 819us total 30.889ms
08-05 20:01:54.969  4844  8029 I art     : Starting a blocking GC Explicit
08-05 20:01:55.001  4844  8029 I art     : Explicit concurrent mark sweep GC freed 3(96B) AllocSpace objects, 0(0B) LOS objects, 22% free, 53MB/69MB, paused 813us total 31.282ms
08-05 20:01:55.319  4844  5773 I art     : Starting a blocking GC Explicit
08-05 20:01:55.363  4844  5773 I art     : Explicit concurrent mark sweep GC freed 1344(78KB) AllocSpace objects, 1(20KB) LOS objects, 22% free, 53MB/69MB, paused 798us total 43.891ms
08-05 20:01:55.378  4844  5773 I art     : Starting a blocking GC Explicit
08-05 20:01:55.412  4844  5773 I art     : Explicit concurrent mark sweep GC freed 20(704B) AllocSpace objects, 0(0B) LOS objects, 22% free, 53MB/69MB, paused 775us total 33.891ms
08-05 20:01:55.424  4844  5773 I art     : Starting a blocking GC Explicit
08-05 20:01:55.458  4844  5773 I art     : Explicit concurrent mark sweep GC freed 3(96B) AllocSpace objects, 0(0B) LOS objects, 22% free, 53MB/69MB, paused 888us total 32.865ms
08-05 20:01:55.469  4844  5773 I art     : Starting a blocking GC Explicit
08-05 20:01:55.504  4844  5773 I art     : Explicit concurrent mark sweep GC freed 3(96B) AllocSpace objects, 0(0B) LOS objects, 22% free, 53MB/69MB, paused 834us total 34.281ms
08-05 20:01:55.516  4844  5773 I art     : Starting a blocking GC Explicit
08-05 20:01:55.551  4844  5773 I art     : Explicit concurrent mark sweep GC freed 3(96B) AllocSpace objects, 0(0B) LOS objects, 22% free, 53MB/69MB, paused 742us total 34.275ms
08-05 20:01:55.885  4844  4855 I art     : Starting a blocking GC Explicit
08-05 20:01:55.928  4844  4855 I art     : Explicit concurrent mark sweep GC freed 1344(78KB) AllocSpace objects, 1(20KB) LOS objects, 22% free, 53MB/69MB, paused 919us total 42.486ms
08-05 20:01:55.942  4844  4855 I art     : Starting a blocking GC Explicit
08-05 20:01:55.976  4844  4855 I art     : Explicit concurrent mark sweep GC freed 20(704B) AllocSpace objects, 0(0B) LOS objects, 22% free, 53MB/69MB, paused 753us total 33.945ms
08-05 20:01:55.989  4844  4855 I art     : Starting a blocking GC Explicit
08-05 20:01:56.023  4844  4855 I art     : Explicit concurrent mark sweep GC freed 3(96B) AllocSpace objects, 0(0B) LOS objects, 22% free, 53MB/69MB, paused 766us total 34.076ms
08-05 20:01:56.036  4844  4855 I art     : Starting a blocking GC Explicit
08-05 20:01:56.069  4844  4855 I art     : Explicit concurrent mark sweep GC freed 3(96B) AllocSpace objects, 0(0B) LOS objects, 22% free, 53MB/69MB, paused 710us total 33.201ms
08-05 20:01:56.081  4844  4855 I art     : Starting a blocking GC Explicit
08-05 20:01:56.116  4844  4855 I art     : Explicit concurrent mark sweep GC freed 3(96B) AllocSpace objects, 0(0B) LOS objects, 22% free, 53MB/69MB, paused 750us total 34.017ms
08-05 20:01:56.457  4844  4879 I art     : Starting a blocking GC Explicit
08-05 20:01:56.500  4844  4879 I art     : Explicit concurrent mark sweep GC freed 1344(78KB) AllocSpace objects, 1(20KB) LOS objects, 22% free, 53MB/69MB, paused 837us total 42.586ms
08-05 20:01:56.518  4844  4879 I art     : Starting a blocking GC Explicit
08-05 20:01:56.553  4844  4879 I art     : Explicit concurrent mark sweep GC freed 20(704B) AllocSpace objects, 0(0B) LOS objects, 22% free, 53MB/69MB, paused 729us total 34.614ms
08-05 20:01:56.555 13866 13882 I PeriodicStatsRunner: PeriodicStatsRunner.call():175 call()
08-05 20:01:56.556 13866 13882 I PeriodicStatsRunner: PeriodicStatsRunner.call():179 No submit PeriodicStats since input started.
08-05 20:01:56.565  4844  4879 I art     : Starting a blocking GC Explicit
08-05 20:01:56.599  4844  4879 I art     : Explicit concurrent mark sweep GC freed 3(96B) AllocSpace objects, 0(0B) LOS objects, 22% free, 53MB/69MB, paused 743us total 34.465ms
08-05 20:01:56.611  4844  4879 I art     : Starting a blocking GC Explicit
08-05 20:01:56.646  4844  4879 I art     : Explicit concurrent mark sweep GC freed 3(96B) AllocSpace objects, 0(0B) LOS objects, 22% free, 53MB/69MB, paused 764us total 34.154ms
08-05 20:01:56.658  4844  4879 I art     : Starting a blocking GC Explicit
08-05 20:01:56.691  4844  4879 I art     : Explicit concurrent mark sweep GC freed 3(96B) AllocSpace objects, 0(0B) LOS objects, 22% free, 53MB/69MB, paused 755us total 32.311ms
08-05 20:01:57.028  4844  4856 I art     : Starting a blocking GC Explicit
08-05 20:01:57.069  4844  4856 I art     : Explicit concurrent mark sweep GC freed 1344(78KB) AllocSpace objects, 1(20KB) LOS objects, 22% free, 53MB/69MB, paused 848us total 40.043ms
08-05 20:01:57.082  4844  4856 I art     : Starting a blocking GC Explicit
08-05 20:01:57.117  4844  4856 I art     : Explicit concurrent mark sweep GC freed 20(704B) AllocSpace objects, 0(0B) LOS objects, 22% free, 53MB/69MB, paused 794us total 34.252ms
08-05 20:01:57.129  4844  4856 I art     : Starting a blocking GC Explicit
08-05 20:01:57.163  4844  4856 I art     : Explicit concurrent mark sweep GC freed 3(96B) AllocSpace objects, 0(0B) LOS objects, 22% free, 53MB/69MB, paused 770us total 34.027ms
08-05 20:01:57.175  4844  4856 I art     : Starting a blocking GC Explicit
08-05 20:01:57.209  4844  4856 I art     : Explicit concurrent mark sweep GC freed 3(96B) AllocSpace objects, 0(0B) LOS objects, 22% free, 53MB/69MB, paused 777us total 33.468ms
08-05 20:01:57.221  4844  4856 I art     : Starting a blocking GC Explicit
08-05 20:01:57.256  4844  4856 I art     : Explicit concurrent mark sweep GC freed 3(96B) AllocSpace objects, 0(0B) LOS objects, 22% free, 53MB/69MB, paused 776us total 34.260ms
08-05 20:01:57.579  4844  8029 I art     : Starting a blocking GC Explicit
08-05 20:01:57.625  4844  8029 I art     : Explicit concurrent mark sweep GC freed 1365(79KB) AllocSpace objects, 1(20KB) LOS objects, 22% free, 53MB/69MB, paused 818us total 44.805ms
08-05 20:01:57.641  4844  8029 I art     : Starting a blocking GC Explicit
08-05 20:01:57.674  4844  8029 I art     : Explicit concurrent mark sweep GC freed 36(1216B) AllocSpace objects, 0(0B) LOS objects, 22% free, 53MB/69MB, paused 695us total 32.863ms
08-05 20:01:57.687  4844  8029 I art     : Starting a blocking GC Explicit
08-05 20:01:57.719  4844  8029 I art     : Explicit concurrent mark sweep GC freed 3(96B) AllocSpace objects, 0(0B) LOS objects, 22% free, 53MB/69MB, paused 710us total 32ms
08-05 20:01:57.731  4844  8029 I art     : Starting a blocking GC Explicit
08-05 20:01:57.762  4844  8029 I art     : Explicit concurrent mark sweep GC freed 3(96B) AllocSpace objects, 0(0B) LOS objects, 22% free, 53MB/69MB, paused 691us total 30.921ms
08-05 20:01:57.774  4844  8029 I art     : Starting a blocking GC Explicit
08-05 20:01:57.804  4844  8029 I art     : Explicit concurrent mark sweep GC freed 3(96B) AllocSpace objects, 0(0B) LOS objects, 22% free, 53MB/69MB, paused 711us total 29.366ms
08-05 20:01:58.116  4844  5773 I art     : Starting a blocking GC Explicit
08-05 20:01:58.151  4844  5773 I art     : Explicit concurrent mark sweep GC freed 1344(78KB) AllocSpace objects, 1(20KB) LOS objects, 22% free, 53MB/69MB, paused 724us total 34.984ms
08-05 20:01:58.163  4844  5773 I art     : Starting a blocking GC Explicit
08-05 20:01:58.193  4844  5773 I art     : Explicit concurrent mark sweep GC freed 20(704B) AllocSpace objects, 0(0B) LOS objects, 22% free, 53MB/69MB, paused 719us total 29.975ms
08-05 20:01:58.204  4844  5773 I art     : Starting a blocking GC Explicit
08-05 20:01:58.236  4844  5773 I art     : Explicit concurrent mark sweep GC freed 3(96B) AllocSpace objects, 0(0B) LOS objects, 22% free, 53MB/69MB, paused 746us total 31.076ms
08-05 20:01:58.247  4844  5773 I art     : Starting a blocking GC Explicit
08-05 20:01:58.261  8637  8637 D AndroidRuntime: >>>>>> START com.android.internal.os.RuntimeInit uid 2000 <<<<<<
08-05 20:01:58.266  8637  8637 D AndroidRuntime: CheckJNI is OFF
08-05 20:01:58.279  4844  5773 I art     : Explicit concurrent mark sweep GC freed 3(96B) AllocSpace objects, 0(0B) LOS objects, 22% free, 53MB/69MB, paused 753us total 31.656ms
08-05 20:01:58.291  4844  5773 I art     : Starting a blocking GC Explicit
08-05 20:01:58.313  8637  8637 D ICU     : No timezone override file found: /data/misc/zoneinfo/current/icu/icu_tzdata.dat
08-05 20:01:58.321  4844  5773 I art     : Explicit concurrent mark sweep GC freed 3(96B) AllocSpace objects, 0(0B) LOS objects, 22% free, 53MB/69MB, paused 680us total 30.291ms
08-05 20:01:58.361  8637  8637 I Radio-JNI: register_android_hardware_Radio DONE
08-05 20:01:58.390  8637  8637 D AndroidRuntime: Calling main entry com.android.commands.input.Input
08-05 20:01:58.392  8637  8637 I Input   : injectKeyEvent: KeyEvent { action=ACTION_DOWN, keyCode=KEYCODE_BACK, scanCode=0, metaState=0, flags=0x0, repeatCount=0, eventTime=820934804, downTime=820934804, deviceId=-1, source=0x101 }
08-05 20:01:58.398  8637  8637 I Input   : injectKeyEvent: KeyEvent { action=ACTION_UP, keyCode=KEYCODE_BACK, scanCode=0, metaState=0, flags=0x0, repeatCount=0, eventTime=820934804, downTime=820934804, deviceId=-1, source=0x101 }
08-05 20:01:58.403  8637  8637 D AndroidRuntime: Shutting down VM
08-05 20:01:58.450 13866 13866 I GoogleInputMethodServic: GoogleInputMethodService.onFinishInput():3138 
08-05 20:01:58.453 13866 13866 I GoogleInputMethodServic: GoogleInputMethodService.onStartInput():1808 
08-05 20:01:58.577 13866 13882 I PeriodicStatsRunner: PeriodicStatsRunner.call():175 call()
08-05 20:01:58.578 13866 13882 I PeriodicStatsRunner: PeriodicStatsRunner.call():179 No submit PeriodicStats since input started.
08-05 20:01:58.611  4844  8029 I art     : Starting a blocking GC Explicit
08-05 20:01:58.649  4844  8029 I art     : Explicit concurrent mark sweep GC freed 1526(86KB) AllocSpace objects, 1(20KB) LOS objects, 22% free, 53MB/69MB, paused 745us total 37.625ms
08-05 20:01:58.664  4844  8029 I art     : Starting a blocking GC Explicit
08-05 20:01:58.700  4844  8029 I art     : Explicit concurrent mark sweep GC freed 26(944B) AllocSpace objects, 0(0B) LOS objects, 22% free, 53MB/69MB, paused 684us total 35.809ms
08-05 20:01:58.715  4844  8029 I art     : Starting a blocking GC Explicit
08-05 20:01:58.748  4844  8029 I art     : Explicit concurrent mark sweep GC freed 3(96B) AllocSpace objects, 0(0B) LOS objects, 22% free, 53MB/69MB, paused 704us total 32.616ms
08-05 20:01:58.750   380   380 W SurfaceFlinger: couldn't log to binary event log: overflow.
08-05 20:01:58.760  4844  8029 I art     : Starting a blocking GC Explicit
08-05 20:01:58.790  4844  8029 I art     : Explicit concurrent mark sweep GC freed 112(8KB) AllocSpace objects, 0(0B) LOS objects, 22% free, 53MB/69MB, paused 716us total 29.052ms
08-05 20:01:58.801  4844  8029 I art     : Starting a blocking GC Explicit
08-05 20:01:58.829  4844  8029 I art     : Explicit concurrent mark sweep GC freed 1654(107KB) AllocSpace objects, 3(184KB) LOS objects, 22% free, 53MB/69MB, paused 703us total 28.139ms
08-05 20:01:59.138  4844  4855 I art     : Starting a blocking GC Explicit
08-05 20:01:59.180  4844  4855 I art     : Explicit concurrent mark sweep GC freed 1344(78KB) AllocSpace objects, 1(20KB) LOS objects, 22% free, 53MB/69MB, paused 1.110ms total 41.739ms
08-05 20:01:59.197  4844  4855 I art     : Starting a blocking GC Explicit
08-05 20:01:59.227  4844  4855 I art     : Explicit concurrent mark sweep GC freed 22(784B) AllocSpace objects, 0(0B) LOS objects, 22% free, 53MB/69MB, paused 704us total 29.294ms
08-05 20:01:59.238  4844  4855 I art     : Starting a blocking GC Explicit
08-05 20:01:59.272  4844  4855 I art     : Explicit concurrent mark sweep GC freed 3(96B) AllocSpace objects, 0(0B) LOS objects, 22% free, 53MB/69MB, paused 692us total 33.918ms
08-05 20:01:59.284  4844  4855 I art     : Starting a blocking GC Explicit
08-05 20:01:59.314  4844  4855 I art     : Explicit concurrent mark sweep GC freed 3(96B) AllocSpace objects, 0(0B) LOS objects, 22% free, 53MB/69MB, paused 727us total 30.380ms
08-05 20:01:59.326  4844  4855 I art     : Starting a blocking GC Explicit
08-05 20:01:59.357  4844  4855 I art     : Explicit concurrent mark sweep GC freed 3(96B) AllocSpace objects, 0(0B) LOS objects, 22% free, 53MB/69MB, paused 760us total 30.621ms
08-05 20:01:59.668  4844  4856 I art     : Starting a blocking GC Explicit
08-05 20:01:59.701  4844  4856 I art     : Explicit concurrent mark sweep GC freed 1344(78KB) AllocSpace objects, 1(20KB) LOS objects, 22% free, 53MB/69MB, paused 735us total 32.995ms
08-05 20:01:59.713  4844  4856 I art     : Starting a blocking GC Explicit
08-05 20:01:59.743  4844  4856 I art     : Explicit concurrent mark sweep GC freed 20(704B) AllocSpace objects, 0(0B) LOS objects, 22% free, 53MB/69MB, paused 706us total 29.483ms
08-05 20:01:59.754  4844  4856 I art     : Starting a blocking GC Explicit
08-05 20:01:59.784  4844  4856 I art     : Explicit concurrent mark sweep GC freed 3(96B) AllocSpace objects, 0(0B) LOS objects, 22% free, 53MB/69MB, paused 728us total 29.221ms
08-05 20:01:59.796  4844  4856 I art     : Starting a blocking GC Explicit
08-05 20:01:59.825  4844  4856 I art     : Explicit concurrent mark sweep GC freed 3(96B) AllocSpace objects, 0(0B) LOS objects, 22% free, 53MB/69MB, paused 720us total 29.166ms
08-05 20:01:59.837  4844  4856 I art     : Starting a blocking GC Explicit
08-05 20:01:59.866  4844  4856 I art     : Explicit concurrent mark sweep GC freed 3(96B) AllocSpace objects, 0(0B) LOS objects, 22% free, 53MB/69MB, paused 711us total 29.068ms
08-05 20:02:00.167  4844  4879 I art     : Starting a blocking GC Explicit
08-05 20:02:00.191  8691  8691 D AndroidRuntime: >>>>>> START com.android.internal.os.RuntimeInit uid 2000 <<<<<<
08-05 20:02:00.197  8691  8691 D AndroidRuntime: CheckJNI is OFF
08-05 20:02:00.198  4844  4879 I art     : Explicit concurrent mark sweep GC freed 1344(78KB) AllocSpace objects, 1(20KB) LOS objects, 22% free, 53MB/69MB, paused 761us total 30.795ms
08-05 20:02:00.210  4844  4879 I art     : Starting a blocking GC Explicit
08-05 20:02:00.236  4844  4879 I art     : Explicit concurrent mark sweep GC freed 20(704B) AllocSpace objects, 0(0B) LOS objects, 22% free, 53MB/69MB, paused 727us total 26.365ms
08-05 20:02:00.240  8691  8691 D ICU     : No timezone override file found: /data/misc/zoneinfo/current/icu/icu_tzdata.dat
08-05 20:02:00.247  4844  4879 I art     : Starting a blocking GC Explicit
08-05 20:02:00.278  4844  4879 I art     : Explicit concurrent mark sweep GC freed 3(96B) AllocSpace objects, 0(0B) LOS objects, 22% free, 53MB/69MB, paused 774us total 30.646ms
08-05 20:02:00.285  8691  8691 I Radio-JNI: register_android_hardware_Radio DONE
08-05 20:02:00.290  4844  4879 I art     : Starting a blocking GC Explicit
08-05 20:02:00.314  8691  8691 D AndroidRuntime: Calling main entry com.android.commands.input.Input
08-05 20:02:00.316  8691  8691 I Input   : injectKeyEvent: KeyEvent { action=ACTION_DOWN, keyCode=KEYCODE_BACK, scanCode=0, metaState=0, flags=0x0, repeatCount=0, eventTime=820936729, downTime=820936729, deviceId=-1, source=0x101 }
08-05 20:02:00.320  4844  4879 I art     : Explicit concurrent mark sweep GC freed 3(96B) AllocSpace objects, 0(0B) LOS objects, 22% free, 53MB/69MB, paused 674us total 29.950ms
08-05 20:02:00.324  8691  8691 I Input   : injectKeyEvent: KeyEvent { action=ACTION_UP, keyCode=KEYCODE_BACK, scanCode=0, metaState=0, flags=0x0, repeatCount=0, eventTime=820936729, downTime=820936729, deviceId=-1, source=0x101 }
08-05 20:02:00.331  4844  4879 I art     : Starting a blocking GC Explicit
08-05 20:02:00.332  8691  8691 D AndroidRuntime: Shutting down VM
08-05 20:02:00.359  4844  4879 I art     : Explicit concurrent mark sweep GC freed 150(6KB) AllocSpace objects, 0(0B) LOS objects, 22% free, 53MB/69MB, paused 685us total 27.404ms
08-05 20:02:00.375 13866 13866 I GoogleInputMethodServic: GoogleInputMethodService.onFinishInput():3138 
08-05 20:02:00.376 13866 13866 I GoogleInputMethodServic: GoogleInputMethodService.onStartInput():1808 
08-05 20:02:00.481  2695  2695 I ServiceManager: Waiting for service AtCmdFwd...
08-05 20:02:00.661  4844  5773 I art     : Starting a blocking GC Explicit
08-05 20:02:00.692  4844  5773 I art     : Explicit concurrent mark sweep GC freed 2530(133KB) AllocSpace objects, 1(20KB) LOS objects, 22% free, 53MB/69MB, paused 684us total 30.180ms
08-05 20:02:00.703  4844  5773 I art     : Starting a blocking GC Explicit
08-05 20:02:00.731  4844  5773 I art     : Explicit concurrent mark sweep GC freed 612(26KB) AllocSpace objects, 0(0B) LOS objects, 22% free, 53MB/69MB, paused 705us total 27.021ms
08-05 20:02:00.742  4844  5773 I art     : Starting a blocking GC Explicit
08-05 20:02:00.770  4844  5773 I art     : Explicit concurrent mark sweep GC freed 2762(177KB) AllocSpace objects, 2(140KB) LOS objects, 23% free, 53MB/69MB, paused 700us total 27.914ms
08-05 20:02:00.781  4844  5773 I art     : Starting a blocking GC Explicit
08-05 20:02:00.810  4844  5773 I art     : Explicit concurrent mark sweep GC freed 3(96B) AllocSpace objects, 0(0B) LOS objects, 23% free, 53MB/69MB, paused 712us total 28.201ms
08-05 20:02:00.821  4844  5773 I art     : Starting a blocking GC Explicit
08-05 20:02:00.850  4844  5773 I art     : Explicit concurrent mark sweep GC freed 3(96B) AllocSpace objects, 0(0B) LOS objects, 23% free, 53MB/69MB, paused 705us total 28.592ms
08-05 20:02:01.156  4844  8029 I art     : Starting a blocking GC Explicit
08-05 20:02:01.190  4844  8029 I art     : Explicit concurrent mark sweep GC freed 1344(78KB) AllocSpace objects, 1(20KB) LOS objects, 23% free, 53MB/69MB, paused 753us total 33.962ms
08-05 20:02:01.203  4844  8029 I art     : Starting a blocking GC Explicit
08-05 20:02:01.232  4844  8029 I art     : Explicit concurrent mark sweep GC freed 20(704B) AllocSpace objects, 0(0B) LOS objects, 23% free, 53MB/69MB, paused 736us total 28.620ms
08-05 20:02:01.244  4844  8029 I art     : Starting a blocking GC Explicit
08-05 20:02:01.272  4844  8029 I art     : Explicit concurrent mark sweep GC freed 3(96B) AllocSpace objects, 0(0B) LOS objects, 23% free, 53MB/69MB, paused 664us total 28.414ms
08-05 20:02:01.284  4844  8029 I art     : Starting a blocking GC Explicit
08-05 20:02:01.313  4844  8029 I art     : Explicit concurrent mark sweep GC freed 3(96B) AllocSpace objects, 0(0B) LOS objects, 23% free, 53MB/69MB, paused 706us total 28.615ms
08-05 20:02:01.324  4844  8029 I art     : Starting a blocking GC Explicit
08-05 20:02:01.353  4844  8029 I art     : Explicit concurrent mark sweep GC freed 3(96B) AllocSpace objects, 0(0B) LOS objects, 23% free, 53MB/69MB, paused 704us total 28.347ms
08-05 20:02:01.481  2695  2695 I ServiceManager: Waiting for service AtCmdFwd...
08-05 20:02:01.662  4844  4855 I art     : Starting a blocking GC Explicit
08-05 20:02:01.694  4844  4855 I art     : Explicit concurrent mark sweep GC freed 1341(78KB) AllocSpace objects, 1(20KB) LOS objects, 23% free, 53MB/69MB, paused 727us total 31.588ms
08-05 20:02:01.705  4844  4855 I art     : Starting a blocking GC Explicit
08-05 20:02:01.733  4844  4855 I art     : Explicit concurrent mark sweep GC freed 20(704B) AllocSpace objects, 0(0B) LOS objects, 23% free, 53MB/69MB, paused 719us total 27.413ms
08-05 20:02:01.744  4844  4855 I art     : Starting a blocking GC Explicit
08-05 20:02:01.771  4844  4855 I art     : Explicit concurrent mark sweep GC freed 3(96B) AllocSpace objects, 0(0B) LOS objects, 23% free, 53MB/69MB, paused 719us total 26.863ms
08-05 20:02:01.782  4844  4855 I art     : Starting a blocking GC Explicit
08-05 20:02:01.810  4844  4855 I art     : Explicit concurrent mark sweep GC freed 3(96B) AllocSpace objects, 0(0B) LOS objects, 23% free, 53MB/69MB, paused 786us total 26.912ms
08-05 20:02:01.821  4844  4855 I art     : Starting a blocking GC Explicit
08-05 20:02:01.848  4844  4855 I art     : Explicit concurrent mark sweep GC freed 3(96B) AllocSpace objects, 0(0B) LOS objects, 23% free, 53MB/69MB, paused 738us total 27.310ms
08-05 20:02:02.116  8740  8740 D AndroidRuntime: >>>>>> START com.android.internal.os.RuntimeInit uid 2000 <<<<<<
08-05 20:02:02.122  8740  8740 D AndroidRuntime: CheckJNI is OFF
08-05 20:02:02.165  8740  8740 D ICU     : No timezone override file found: /data/misc/zoneinfo/current/icu/icu_tzdata.dat
08-05 20:02:02.167  4844  4856 I art     : Starting a blocking GC Explicit
08-05 20:02:02.197  4844  4856 I art     : Explicit concurrent mark sweep GC freed 1341(78KB) AllocSpace objects, 1(20KB) LOS objects, 23% free, 53MB/69MB, paused 753us total 29.366ms
08-05 20:02:02.209  4844  4856 I art     : Starting a blocking GC Explicit
08-05 20:02:02.210  8740  8740 I Radio-JNI: register_android_hardware_Radio DONE
08-05 20:02:02.238  4844  4856 I art     : Explicit concurrent mark sweep GC freed 20(704B) AllocSpace objects, 0(0B) LOS objects, 23% free, 53MB/69MB, paused 741us total 29.197ms
08-05 20:02:02.240  8740  8740 D AndroidRuntime: Calling main entry com.android.commands.input.Input
08-05 20:02:02.242  8740  8740 I Input   : injectMotionEvent: MotionEvent { action=ACTION_DOWN, actionButton=0, id[0]=0, x[0]=1084.0, y[0]=2213.0, toolType[0]=TOOL_TYPE_UNKNOWN, buttonState=0, metaState=0, flags=0x0, edgeFlags=0x0, pointerCount=1, historySize=0, eventTime=820938655, downTime=820938655, deviceId=0, source=0x1002 }
08-05 20:02:02.249  8740  8740 I Input   : injectMotionEvent: MotionEvent { action=ACTION_UP, actionButton=0, id[0]=0, x[0]=1084.0, y[0]=2213.0, toolType[0]=TOOL_TYPE_UNKNOWN, buttonState=0, metaState=0, flags=0x0, edgeFlags=0x0, pointerCount=1, historySize=0, eventTime=820938655, downTime=820938655, deviceId=0, source=0x1002 }
08-05 20:02:02.249  4844  4856 I art     : Starting a blocking GC Explicit
08-05 20:02:02.251   918  6110 I ActivityManager: START u0 {cmp=baseline.appteam.nith.hillffair/.activities.EventActivity} from uid 10675 on display 0
08-05 20:02:02.259  8740  8740 D AndroidRuntime: Shutting down VM
08-05 20:02:02.279  4844  4856 I art     : Explicit concurrent mark sweep GC freed 60(3KB) AllocSpace objects, 0(0B) LOS objects, 23% free, 53MB/69MB, paused 888us total 29.311ms
08-05 20:02:02.290  4844  4856 I art     : Starting a blocking GC Explicit
08-05 20:02:02.320  4844  4856 I art     : Explicit concurrent mark sweep GC freed 5067(349KB) AllocSpace objects, 0(0B) LOS objects, 23% free, 53MB/69MB, paused 956us total 29.454ms
08-05 20:02:02.330  4844  4856 I art     : Starting a blocking GC Explicit
08-05 20:02:02.343  4844  4844 I NAPPA_EXPERIMENTATION: MetricNetworkRequestExecutionTime: REQUEST_DURATION_SYSTEM='42',REQUEST_DURATION_OKHTTP='39',REQUEST_SYNCHRONOUS='FALSE',RESPONSE_CODE='200',RESPONSE_METHOD='GET',RESPONSE_LENGTH_OKHTTP='1870',RESPONSE_LENGTH_HEADER='-2',REQUEST_PROTOCOL='http/1.1',REQUEST_URL='https://api-hillfair-2k16.herokuapp.com/api/app/club',
08-05 20:02:02.344 13866 13866 I GoogleInputMethodServic: GoogleInputMethodService.onFinishInput():3138 
08-05 20:02:02.344 13866 13866 I GoogleInputMethodServic: GoogleInputMethodService.onStartInput():1808 
08-05 20:02:02.357  4844  4856 I art     : Explicit concurrent mark sweep GC freed 728(51KB) AllocSpace objects, 0(0B) LOS objects, 23% free, 53MB/69MB, paused 839us total 26.212ms
08-05 20:02:02.397   918   936 I ActivityManager: Displayed baseline.appteam.nith.hillffair/.activities.EventActivity: +137ms
08-05 20:02:02.482  2695  2695 I ServiceManager: Waiting for service AtCmdFwd...
08-05 20:02:02.660  4844  5773 I art     : Starting a blocking GC Explicit
08-05 20:02:02.668   380   380 W SurfaceFlinger: couldn't log to binary event log: overflow.
08-05 20:02:02.706  4844  5773 I art     : Explicit concurrent mark sweep GC freed 1977(102KB) AllocSpace objects, 1(20KB) LOS objects, 23% free, 53MB/69MB, paused 691us total 45.698ms
08-05 20:02:02.716  4844  5773 I art     : Starting a blocking GC Explicit
08-05 20:02:02.742  4844  5773 I art     : Explicit concurrent mark sweep GC freed 59(2480B) AllocSpace objects, 0(0B) LOS objects, 23% free, 53MB/69MB, paused 671us total 25.255ms
08-05 20:02:02.752  4844  5773 I art     : Starting a blocking GC Explicit
08-05 20:02:02.779  4844  5773 I art     : Explicit concurrent mark sweep GC freed 64(4KB) AllocSpace objects, 0(0B) LOS objects, 23% free, 53MB/69MB, paused 714us total 26.651ms
08-05 20:02:02.790  4844  5773 I art     : Starting a blocking GC Explicit
08-05 20:02:02.818  4844  5773 I art     : Explicit concurrent mark sweep GC freed 12(432B) AllocSpace objects, 0(0B) LOS objects, 23% free, 53MB/69MB, paused 746us total 27.926ms
08-05 20:02:02.830  4844  5773 I art     : Starting a blocking GC Explicit
08-05 20:02:02.860  4844  5773 I art     : Explicit concurrent mark sweep GC freed 3(96B) AllocSpace objects, 0(0B) LOS objects, 23% free, 53MB/69MB, paused 728us total 29.333ms
08-05 20:02:03.161  4844  4879 I art     : Starting a blocking GC Explicit
08-05 20:02:03.199  4844  4879 I art     : Explicit concurrent mark sweep GC freed 1344(78KB) AllocSpace objects, 1(20KB) LOS objects, 23% free, 53MB/69MB, paused 793us total 37.027ms
08-05 20:02:03.213  4844  4879 I art     : Starting a blocking GC Explicit
08-05 20:02:03.244  4844  4879 I art     : Explicit concurrent mark sweep GC freed 20(704B) AllocSpace objects, 0(0B) LOS objects, 23% free, 53MB/69MB, paused 739us total 30.008ms
08-05 20:02:03.255  4844  4879 I art     : Starting a blocking GC Explicit
08-05 20:02:03.284  4844  4879 I art     : Explicit concurrent mark sweep GC freed 3(96B) AllocSpace objects, 0(0B) LOS objects, 23% free, 53MB/69MB, paused 747us total 29.040ms
08-05 20:02:03.296  4844  4879 I art     : Starting a blocking GC Explicit
08-05 20:02:03.327  4844  4879 I art     : Explicit concurrent mark sweep GC freed 3(96B) AllocSpace objects, 0(0B) LOS objects, 23% free, 53MB/69MB, paused 723us total 30.098ms
08-05 20:02:03.338  4844  4879 I art     : Starting a blocking GC Explicit
08-05 20:02:03.369  4844  4879 I art     : Explicit concurrent mark sweep GC freed 3(96B) AllocSpace objects, 0(0B) LOS objects, 23% free, 53MB/69MB, paused 728us total 30.291ms
08-05 20:02:03.450 13866 13882 I PeriodicStatsRunner: PeriodicStatsRunner.call():175 call()
08-05 20:02:03.451 13866 13882 I PeriodicStatsRunner: PeriodicStatsRunner.call():179 No submit PeriodicStats since input started.
08-05 20:02:03.482  2695  2695 I ServiceManager: Waiting for service AtCmdFwd...
08-05 20:02:03.674  4844  4856 I art     : Starting a blocking GC Explicit
08-05 20:02:03.704  4844  4856 I art     : Explicit concurrent mark sweep GC freed 1344(78KB) AllocSpace objects, 1(20KB) LOS objects, 23% free, 53MB/69MB, paused 710us total 30.487ms
08-05 20:02:03.716  4844  4856 I art     : Starting a blocking GC Explicit
08-05 20:02:03.746  4844  4856 I art     : Explicit concurrent mark sweep GC freed 20(704B) AllocSpace objects, 0(0B) LOS objects, 23% free, 53MB/69MB, paused 741us total 29.733ms
08-05 20:02:03.758  4844  4856 I art     : Starting a blocking GC Explicit
08-05 20:02:03.788  4844  4856 I art     : Explicit concurrent mark sweep GC freed 3(96B) AllocSpace objects, 0(0B) LOS objects, 23% free, 53MB/69MB, paused 786us total 30.112ms
08-05 20:02:03.800  4844  4856 I art     : Starting a blocking GC Explicit
08-05 20:02:03.830  4844  4856 I art     : Explicit concurrent mark sweep GC freed 3(96B) AllocSpace objects, 0(0B) LOS objects, 23% free, 53MB/69MB, paused 700us total 29.531ms
08-05 20:02:03.841  4844  4856 I art     : Starting a blocking GC Explicit
08-05 20:02:03.872  4844  4856 I art     : Explicit concurrent mark sweep GC freed 3(96B) AllocSpace objects, 0(0B) LOS objects, 23% free, 53MB/69MB, paused 748us total 30.033ms
08-05 20:02:04.184  4844  8029 I art     : Starting a blocking GC Explicit
08-05 20:02:04.220  4844  8029 I art     : Explicit concurrent mark sweep GC freed 1344(78KB) AllocSpace objects, 1(20KB) LOS objects, 23% free, 53MB/69MB, paused 772us total 35.482ms
08-05 20:02:04.234  4844  8029 I art     : Starting a blocking GC Explicit
08-05 20:02:04.269  4844  8029 I art     : Explicit concurrent mark sweep GC freed 20(704B) AllocSpace objects, 0(0B) LOS objects, 23% free, 53MB/69MB, paused 748us total 34.204ms
08-05 20:02:04.281  4844  8029 I art     : Starting a blocking GC Explicit
08-05 20:02:04.313  4844  8029 I art     : Explicit concurrent mark sweep GC freed 3(96B) AllocSpace objects, 0(0B) LOS objects, 23% free, 53MB/69MB, paused 757us total 31.331ms
08-05 20:02:04.325  4844  8029 I art     : Starting a blocking GC Explicit
08-05 20:02:04.357  4844  8029 I art     : Explicit concurrent mark sweep GC freed 3(96B) AllocSpace objects, 0(0B) LOS objects, 23% free, 53MB/69MB, paused 847us total 32.017ms
08-05 20:02:04.369  4844  8029 I art     : Starting a blocking GC Explicit
08-05 20:02:04.402  4844  8029 I art     : Explicit concurrent mark sweep GC freed 3(96B) AllocSpace objects, 0(0B) LOS objects, 23% free, 53MB/69MB, paused 720us total 32.675ms
08-05 20:02:04.483  2695  2695 I ServiceManager: Waiting for service AtCmdFwd...
08-05 20:02:04.746  4844  4855 I art     : Starting a blocking GC Explicit
08-05 20:02:04.790  4844  4855 I art     : Explicit concurrent mark sweep GC freed 1344(78KB) AllocSpace objects, 1(20KB) LOS objects, 23% free, 53MB/69MB, paused 836us total 42.710ms
08-05 20:02:04.807  4844  4855 I art     : Starting a blocking GC Explicit
08-05 20:02:04.841  4844  4855 I art     : Explicit concurrent mark sweep GC freed 20(704B) AllocSpace objects, 0(0B) LOS objects, 23% free, 53MB/69MB, paused 750us total 33.807ms
08-05 20:02:04.853  4844  4855 I art     : Starting a blocking GC Explicit
08-05 20:02:04.886  4844  4855 I art     : Explicit concurrent mark sweep GC freed 3(96B) AllocSpace objects, 0(0B) LOS objects, 23% free, 53MB/69MB, paused 754us total 33.022ms
08-05 20:02:04.898  4844  4855 I art     : Starting a blocking GC Explicit
08-05 20:02:04.930  4844  4855 I art     : Explicit concurrent mark sweep GC freed 3(96B) AllocSpace objects, 0(0B) LOS objects, 23% free, 53MB/69MB, paused 735us total 31.104ms
08-05 20:02:04.942  4844  4855 I art     : Starting a blocking GC Explicit
08-05 20:02:04.974  4844  4855 I art     : Explicit concurrent mark sweep GC freed 3(96B) AllocSpace objects, 0(0B) LOS objects, 23% free, 53MB/69MB, paused 750us total 32.441ms
08-05 20:02:05.319  4844  5773 I art     : Starting a blocking GC Explicit
08-05 20:02:05.356  4844  5773 I art     : Explicit concurrent mark sweep GC freed 1344(78KB) AllocSpace objects, 1(20KB) LOS objects, 23% free, 53MB/69MB, paused 795us total 36.485ms
08-05 20:02:05.374  4844  5773 I art     : Starting a blocking GC Explicit
08-05 20:02:05.376 13866 13882 I PeriodicStatsRunner: PeriodicStatsRunner.call():175 call()
08-05 20:02:05.377 13866 13882 I PeriodicStatsRunner: PeriodicStatsRunner.call():179 No submit PeriodicStats since input started.
08-05 20:02:05.406  4844  5773 I art     : Explicit concurrent mark sweep GC freed 20(704B) AllocSpace objects, 0(0B) LOS objects, 23% free, 53MB/69MB, paused 723us total 31.855ms
08-05 20:02:05.418  4844  5773 I art     : Starting a blocking GC Explicit
08-05 20:02:05.450  4844  5773 I art     : Explicit concurrent mark sweep GC freed 3(96B) AllocSpace objects, 0(0B) LOS objects, 23% free, 53MB/69MB, paused 721us total 32.316ms
08-05 20:02:05.462  4844  5773 I art     : Starting a blocking GC Explicit
08-05 20:02:05.483  2695  2695 W Atfwd_Sendcmd: AtCmdFwd service not published, waiting... retryCnt : 1
08-05 20:02:05.495  4844  5773 I art     : Explicit concurrent mark sweep GC freed 3(96B) AllocSpace objects, 0(0B) LOS objects, 23% free, 53MB/69MB, paused 771us total 32.822ms
08-05 20:02:05.508  4844  5773 I art     : Starting a blocking GC Explicit
08-05 20:02:05.539  4844  5773 I art     : Explicit concurrent mark sweep GC freed 3(96B) AllocSpace objects, 0(0B) LOS objects, 23% free, 53MB/69MB, paused 720us total 30.904ms
08-05 20:02:05.861  4844  4879 I art     : Starting a blocking GC Explicit
08-05 20:02:05.903  4844  4879 I art     : Explicit concurrent mark sweep GC freed 1344(78KB) AllocSpace objects, 1(20KB) LOS objects, 23% free, 53MB/69MB, paused 799us total 41.772ms
08-05 20:02:05.918  4844  4879 I art     : Starting a blocking GC Explicit
08-05 20:02:05.951  4844  4879 I art     : Explicit concurrent mark sweep GC freed 20(704B) AllocSpace objects, 0(0B) LOS objects, 23% free, 53MB/69MB, paused 705us total 32.572ms
08-05 20:02:05.963  4844  4879 I art     : Starting a blocking GC Explicit
08-05 20:02:05.996  4844  4879 I art     : Explicit concurrent mark sweep GC freed 3(96B) AllocSpace objects, 0(0B) LOS objects, 23% free, 53MB/69MB, paused 746us total 33.166ms
08-05 20:02:06.009  4844  4879 I art     : Starting a blocking GC Explicit
08-05 20:02:06.040  4844  4879 I art     : Explicit concurrent mark sweep GC freed 3(96B) AllocSpace objects, 0(0B) LOS objects, 23% free, 53MB/69MB, paused 710us total 30.862ms
08-05 20:02:06.052  4844  4879 I art     : Starting a blocking GC Explicit
08-05 20:02:06.085  4844  4879 I art     : Explicit concurrent mark sweep GC freed 3(96B) AllocSpace objects, 0(0B) LOS objects, 23% free, 53MB/69MB, paused 744us total 32.820ms
08-05 20:02:06.421  4844  4856 I art     : Starting a blocking GC Explicit
08-05 20:02:06.462  4844  4856 I art     : Explicit concurrent mark sweep GC freed 1344(78KB) AllocSpace objects, 1(20KB) LOS objects, 23% free, 53MB/69MB, paused 826us total 40.634ms
08-05 20:02:06.477  4844  4856 I art     : Starting a blocking GC Explicit
08-05 20:02:06.508  4844  4856 I art     : Explicit concurrent mark sweep GC freed 20(704B) AllocSpace objects, 0(0B) LOS objects, 23% free, 53MB/69MB, paused 817us total 30.528ms
08-05 20:02:06.520  4844  4856 I art     : Starting a blocking GC Explicit
08-05 20:02:06.548  4844  4856 I art     : Explicit concurrent mark sweep GC freed 3(96B) AllocSpace objects, 0(0B) LOS objects, 23% free, 53MB/69MB, paused 776us total 27.763ms
08-05 20:02:06.559  4844  4856 I art     : Starting a blocking GC Explicit
08-05 20:02:06.588  4844  4856 I art     : Explicit concurrent mark sweep GC freed 3(96B) AllocSpace objects, 0(0B) LOS objects, 23% free, 53MB/69MB, paused 789us total 28.835ms
08-05 20:02:06.599  4844  4856 I art     : Starting a blocking GC Explicit
08-05 20:02:06.629  4844  4856 I art     : Explicit concurrent mark sweep GC freed 3(96B) AllocSpace objects, 0(0B) LOS objects, 23% free, 53MB/69MB, paused 791us total 29.315ms
08-05 20:02:06.963  4844  8029 I art     : Starting a blocking GC Explicit
08-05 20:02:06.998  4844  8029 I art     : Explicit concurrent mark sweep GC freed 1344(78KB) AllocSpace objects, 1(20KB) LOS objects, 23% free, 53MB/69MB, paused 852us total 34.481ms
08-05 20:02:07.010  4844  8029 I art     : Starting a blocking GC Explicit
08-05 20:02:07.040  4844  8029 I art     : Explicit concurrent mark sweep GC freed 20(704B) AllocSpace objects, 0(0B) LOS objects, 23% free, 53MB/69MB, paused 831us total 29.747ms
08-05 20:02:07.049  8848  8848 D AndroidRuntime: >>>>>> START com.android.internal.os.RuntimeInit uid 2000 <<<<<<
08-05 20:02:07.051  4844  8029 I art     : Starting a blocking GC Explicit
08-05 20:02:07.055  8848  8848 D AndroidRuntime: CheckJNI is OFF
08-05 20:02:07.082  4844  8029 I art     : Explicit concurrent mark sweep GC freed 3(96B) AllocSpace objects, 0(0B) LOS objects, 23% free, 53MB/69MB, paused 767us total 30.218ms
08-05 20:02:07.093  4844  8029 I art     : Starting a blocking GC Explicit
08-05 20:02:07.103  8848  8848 D ICU     : No timezone override file found: /data/misc/zoneinfo/current/icu/icu_tzdata.dat
08-05 20:02:07.123  4844  8029 I art     : Explicit concurrent mark sweep GC freed 3(96B) AllocSpace objects, 0(0B) LOS objects, 23% free, 53MB/69MB, paused 843us total 30.045ms
08-05 20:02:07.135  4844  8029 I art     : Starting a blocking GC Explicit
08-05 20:02:07.150  8848  8848 I Radio-JNI: register_android_hardware_Radio DONE
08-05 20:02:07.164  4844  8029 I art     : Explicit concurrent mark sweep GC freed 3(96B) AllocSpace objects, 0(0B) LOS objects, 23% free, 53MB/69MB, paused 725us total 29.315ms
08-05 20:02:07.180  8848  8848 D AndroidRuntime: Calling main entry com.android.commands.input.Input
08-05 20:02:07.183  8848  8848 I Input   : injectMotionEvent: MotionEvent { action=ACTION_DOWN, actionButton=0, id[0]=0, x[0]=255.0, y[0]=1845.0, toolType[0]=TOOL_TYPE_UNKNOWN, buttonState=0, metaState=0, flags=0x0, edgeFlags=0x0, pointerCount=1, historySize=0, eventTime=820943595, downTime=820943595, deviceId=0, source=0x1002 }
08-05 20:02:07.189  8848  8848 I Input   : injectMotionEvent: MotionEvent { action=ACTION_UP, actionButton=0, id[0]=0, x[0]=255.0, y[0]=1845.0, toolType[0]=TOOL_TYPE_UNKNOWN, buttonState=0, metaState=0, flags=0x0, edgeFlags=0x0, pointerCount=1, historySize=0, eventTime=820943595, downTime=820943595, deviceId=0, source=0x1002 }
08-05 20:02:07.190   918  3696 I ActivityManager: START u0 {cmp=baseline.appteam.nith.hillffair/.activities.ClubActivity (has extras)} from uid 10675 on display 0
08-05 20:02:07.199  8848  8848 D AndroidRuntime: Shutting down VM
08-05 20:02:07.290  4844  4844 I NAPPA_EXPERIMENTATION: MetricNetworkRequestExecutionTime: REQUEST_DURATION_SYSTEM='62',REQUEST_DURATION_OKHTTP='37',REQUEST_SYNCHRONOUS='FALSE',RESPONSE_CODE='200',RESPONSE_METHOD='GET',RESPONSE_LENGTH_OKHTTP='1171',RESPONSE_LENGTH_HEADER='-2',REQUEST_PROTOCOL='http/1.1',REQUEST_URL='https://api-hillfair-2k16.herokuapp.com/api/app/club/Technical%20Committee',
08-05 20:02:07.299 13866 13866 I GoogleInputMethodServic: GoogleInputMethodService.onFinishInput():3138 
08-05 20:02:07.299   918   936 I ActivityManager: Displayed baseline.appteam.nith.hillffair/.activities.ClubActivity: +99ms
08-05 20:02:07.300 13866 13866 I GoogleInputMethodServic: GoogleInputMethodService.onStartInput():1808 
08-05 20:02:07.344 13866 13882 I PeriodicStatsRunner: PeriodicStatsRunner.call():175 call()
08-05 20:02:07.345 13866 13882 I PeriodicStatsRunner: PeriodicStatsRunner.call():179 No submit PeriodicStats since input started.
08-05 20:02:07.449  4844  4855 I art     : Starting a blocking GC Explicit
08-05 20:02:07.478  4844  4855 I art     : Explicit concurrent mark sweep GC freed 5748(415KB) AllocSpace objects, 1(20KB) LOS objects, 22% free, 53MB/69MB, paused 792us total 29.055ms
08-05 20:02:07.489  4844  4855 I art     : Starting a blocking GC Explicit
08-05 20:02:07.517  4844  4855 I art     : Explicit concurrent mark sweep GC freed 282(12KB) AllocSpace objects, 0(0B) LOS objects, 22% free, 53MB/69MB, paused 710us total 27.486ms
08-05 20:02:07.525   380   380 W SurfaceFlinger: couldn't log to binary event log: overflow.
08-05 20:02:07.528  4844  4855 I art     : Starting a blocking GC Explicit
08-05 20:02:07.555  4844  4855 I art     : Explicit concurrent mark sweep GC freed 3(96B) AllocSpace objects, 0(0B) LOS objects, 22% free, 53MB/69MB, paused 725us total 26.421ms
08-05 20:02:07.566  4844  4855 I art     : Starting a blocking GC Explicit
08-05 20:02:07.592  4844  4855 I art     : Explicit concurrent mark sweep GC freed 3(96B) AllocSpace objects, 0(0B) LOS objects, 22% free, 53MB/69MB, paused 669us total 26.025ms
08-05 20:02:07.603  4844  4855 I art     : Starting a blocking GC Explicit
08-05 20:02:07.630  4844  4855 I art     : Explicit concurrent mark sweep GC freed 3(96B) AllocSpace objects, 0(0B) LOS objects, 22% free, 53MB/69MB, paused 736us total 26.609ms
08-05 20:02:07.934  4844  4856 I art     : Starting a blocking GC Explicit
08-05 20:02:07.964  4844  4856 I art     : Explicit concurrent mark sweep GC freed 1449(84KB) AllocSpace objects, 1(20KB) LOS objects, 22% free, 53MB/69MB, paused 753us total 30.215ms
08-05 20:02:07.976  4844  4856 I art     : Starting a blocking GC Explicit
08-05 20:02:08.005  4844  4856 I art     : Explicit concurrent mark sweep GC freed 20(704B) AllocSpace objects, 0(0B) LOS objects, 22% free, 53MB/69MB, paused 742us total 29.471ms
08-05 20:02:08.017  4844  4856 I art     : Starting a blocking GC Explicit
08-05 20:02:08.047  4844  4856 I art     : Explicit concurrent mark sweep GC freed 19(656B) AllocSpace objects, 0(0B) LOS objects, 22% free, 53MB/69MB, paused 739us total 29.283ms
08-05 20:02:08.058  4844  4856 I art     : Starting a blocking GC Explicit
08-05 20:02:08.088  4844  4856 I art     : Explicit concurrent mark sweep GC freed 3(96B) AllocSpace objects, 0(0B) LOS objects, 22% free, 53MB/69MB, paused 800us total 29.731ms
08-05 20:02:08.099  4844  4856 I art     : Starting a blocking GC Explicit
08-05 20:02:08.130  4844  4856 I art     : Explicit concurrent mark sweep GC freed 3(96B) AllocSpace objects, 0(0B) LOS objects, 22% free, 53MB/69MB, paused 761us total 30.370ms
08-05 20:02:08.457  4844  4855 I art     : Starting a blocking GC Explicit
08-05 20:02:08.500  4844  4855 I art     : Explicit concurrent mark sweep GC freed 1344(78KB) AllocSpace objects, 1(20KB) LOS objects, 22% free, 53MB/69MB, paused 864us total 42.854ms
08-05 20:02:08.517  4844  4855 I art     : Starting a blocking GC Explicit
08-05 20:02:08.548  4844  4855 I art     : Explicit concurrent mark sweep GC freed 20(704B) AllocSpace objects, 0(0B) LOS objects, 22% free, 53MB/69MB, paused 801us total 30.792ms
08-05 20:02:08.560  4844  4855 I art     : Starting a blocking GC Explicit
08-05 20:02:08.591  4844  4855 I art     : Explicit concurrent mark sweep GC freed 3(96B) AllocSpace objects, 0(0B) LOS objects, 22% free, 53MB/69MB, paused 746us total 30.862ms
08-05 20:02:08.603  4844  4855 I art     : Starting a blocking GC Explicit
08-05 20:02:08.634  4844  4855 I art     : Explicit concurrent mark sweep GC freed 3(96B) AllocSpace objects, 0(0B) LOS objects, 22% free, 53MB/69MB, paused 745us total 30.604ms
08-05 20:02:08.646  4844  4855 I art     : Starting a blocking GC Explicit
08-05 20:02:08.677  4844  4855 I art     : Explicit concurrent mark sweep GC freed 3(96B) AllocSpace objects, 0(0B) LOS objects, 22% free, 53MB/69MB, paused 872us total 31.175ms
08-05 20:02:08.993  4844  8029 I art     : Starting a blocking GC Explicit
08-05 20:02:09.039  4844  8029 I art     : Explicit concurrent mark sweep GC freed 1344(78KB) AllocSpace objects, 1(20KB) LOS objects, 22% free, 53MB/69MB, paused 1.022ms total 45.666ms
08-05 20:02:09.055  4844  8029 I art     : Starting a blocking GC Explicit
08-05 20:02:09.090  4844  8029 I art     : Explicit concurrent mark sweep GC freed 20(704B) AllocSpace objects, 0(0B) LOS objects, 22% free, 53MB/69MB, paused 747us total 35.290ms
08-05 20:02:09.102  4844  8029 I art     : Starting a blocking GC Explicit
08-05 20:02:09.137  4844  8029 I art     : Explicit concurrent mark sweep GC freed 3(96B) AllocSpace objects, 0(0B) LOS objects, 22% free, 53MB/69MB, paused 786us total 34.101ms
08-05 20:02:09.149  4844  8029 I art     : Starting a blocking GC Explicit
08-05 20:02:09.182  4844  8029 I art     : Explicit concurrent mark sweep GC freed 3(96B) AllocSpace objects, 0(0B) LOS objects, 22% free, 53MB/69MB, paused 768us total 33.432ms
08-05 20:02:09.195  4844  8029 I art     : Starting a blocking GC Explicit
08-05 20:02:09.227  4844  8029 I art     : Explicit concurrent mark sweep GC freed 7(224B) AllocSpace objects, 0(0B) LOS objects, 22% free, 53MB/69MB, paused 744us total 31.914ms
08-05 20:02:09.592  4844  5773 I art     : Starting a blocking GC Explicit
08-05 20:02:09.631  4844  5773 I art     : Explicit concurrent mark sweep GC freed 1361(79KB) AllocSpace objects, 1(20KB) LOS objects, 22% free, 53MB/69MB, paused 832us total 38.305ms
08-05 20:02:09.643  4844  5773 I art     : Starting a blocking GC Explicit
08-05 20:02:09.677  4844  5773 I art     : Explicit concurrent mark sweep GC freed 36(1216B) AllocSpace objects, 0(0B) LOS objects, 22% free, 53MB/69MB, paused 838us total 33.977ms
08-05 20:02:09.689  4844  5773 I art     : Starting a blocking GC Explicit
08-05 20:02:09.722  4844  5773 I art     : Explicit concurrent mark sweep GC freed 3(96B) AllocSpace objects, 0(0B) LOS objects, 22% free, 53MB/69MB, paused 792us total 32.866ms
08-05 20:02:09.734  4844  5773 I art     : Starting a blocking GC Explicit
08-05 20:02:09.767  4844  5773 I art     : Explicit concurrent mark sweep GC freed 3(96B) AllocSpace objects, 0(0B) LOS objects, 22% free, 53MB/69MB, paused 820us total 32.401ms
08-05 20:02:09.779  4844  5773 I art     : Starting a blocking GC Explicit
08-05 20:02:09.813  4844  5773 I art     : Explicit concurrent mark sweep GC freed 3(96B) AllocSpace objects, 0(0B) LOS objects, 22% free, 53MB/69MB, paused 768us total 33.672ms
08-05 20:02:10.153  4844  4879 I art     : Starting a blocking GC Explicit
08-05 20:02:10.195  4844  4879 I art     : Explicit concurrent mark sweep GC freed 1344(78KB) AllocSpace objects, 1(20KB) LOS objects, 22% free, 53MB/69MB, paused 785us total 42.190ms
08-05 20:02:10.214  4844  4879 I art     : Starting a blocking GC Explicit
08-05 20:02:10.246  4844  4879 I art     : Explicit concurrent mark sweep GC freed 20(704B) AllocSpace objects, 0(0B) LOS objects, 22% free, 53MB/69MB, paused 727us total 32.266ms
08-05 20:02:10.258  4844  4879 I art     : Starting a blocking GC Explicit
08-05 20:02:10.292  4844  4879 I art     : Explicit concurrent mark sweep GC freed 3(96B) AllocSpace objects, 0(0B) LOS objects, 22% free, 53MB/69MB, paused 746us total 33.721ms
08-05 20:02:10.304  4844  4879 I art     : Starting a blocking GC Explicit
08-05 20:02:10.338  4844  4879 I art     : Explicit concurrent mark sweep GC freed 3(96B) AllocSpace objects, 0(0B) LOS objects, 22% free, 53MB/69MB, paused 798us total 33.648ms
08-05 20:02:10.350  4844  4879 I art     : Starting a blocking GC Explicit
08-05 20:02:10.383  4844  4879 I art     : Explicit concurrent mark sweep GC freed 3(96B) AllocSpace objects, 0(0B) LOS objects, 22% free, 53MB/69MB, paused 756us total 32.307ms
08-05 20:02:10.484  2695  2695 I ServiceManager: Waiting for service AtCmdFwd...
08-05 20:02:10.565   918  3261 D WifiStateMachine: starting scan for "H369AA63323"WPA_PSK with 2412,5180
08-05 20:02:10.718  4844  4856 I art     : Starting a blocking GC Explicit
08-05 20:02:10.757  4844  4856 I art     : Explicit concurrent mark sweep GC freed 1344(78KB) AllocSpace objects, 1(20KB) LOS objects, 22% free, 53MB/69MB, paused 818us total 38.749ms
08-05 20:02:10.769  4844  4856 I art     : Starting a blocking GC Explicit
08-05 20:02:10.803  4844  4856 I art     : Explicit concurrent mark sweep GC freed 20(704B) AllocSpace objects, 0(0B) LOS objects, 22% free, 53MB/69MB, paused 708us total 33.607ms
08-05 20:02:10.815  4844  4856 I art     : Starting a blocking GC Explicit
08-05 20:02:10.849  4844  4856 I art     : Explicit concurrent mark sweep GC freed 3(96B) AllocSpace objects, 0(0B) LOS objects, 22% free, 53MB/69MB, paused 752us total 32.942ms
08-05 20:02:10.860  4844  4856 I art     : Starting a blocking GC Explicit
08-05 20:02:10.894  4844  4856 I art     : Explicit concurrent mark sweep GC freed 3(96B) AllocSpace objects, 0(0B) LOS objects, 22% free, 53MB/69MB, paused 756us total 33.255ms
08-05 20:02:10.906  4844  4856 I art     : Starting a blocking GC Explicit
08-05 20:02:10.940  4844  4856 I art     : Explicit concurrent mark sweep GC freed 3(96B) AllocSpace objects, 0(0B) LOS objects, 22% free, 53MB/69MB, paused 759us total 33.640ms
08-05 20:02:10.941  4844  4854 I art     : WaitForGcToComplete blocked for 34.087ms for cause HeapTrim
08-05 20:02:11.276  4844  4855 I art     : Starting a blocking GC Explicit
08-05 20:02:11.317  4844  4855 I art     : Explicit concurrent mark sweep GC freed 1344(78KB) AllocSpace objects, 1(20KB) LOS objects, 22% free, 53MB/69MB, paused 814us total 40.044ms
08-05 20:02:11.336  4844  4855 I art     : Starting a blocking GC Explicit
08-05 20:02:11.369  4844  4855 I art     : Explicit concurrent mark sweep GC freed 20(704B) AllocSpace objects, 0(0B) LOS objects, 22% free, 53MB/69MB, paused 765us total 32.829ms
08-05 20:02:11.381  4844  4855 I art     : Starting a blocking GC Explicit
08-05 20:02:11.415  4844  4855 I art     : Explicit concurrent mark sweep GC freed 3(96B) AllocSpace objects, 0(0B) LOS objects, 22% free, 53MB/69MB, paused 741us total 33.094ms
08-05 20:02:11.427  4844  4855 I art     : Starting a blocking GC Explicit
08-05 20:02:11.459  4844  4855 I art     : Explicit concurrent mark sweep GC freed 3(96B) AllocSpace objects, 0(0B) LOS objects, 22% free, 53MB/69MB, paused 717us total 32.179ms
08-05 20:02:11.471  4844  4855 I art     : Starting a blocking GC Explicit
08-05 20:02:11.485  2695  2695 I ServiceManager: Waiting for service AtCmdFwd...
08-05 20:02:11.501  4844  4855 I art     : Explicit concurrent mark sweep GC freed 3(96B) AllocSpace objects, 0(0B) LOS objects, 22% free, 53MB/69MB, paused 682us total 29.601ms
08-05 20:02:11.832  4844  8029 I art     : Starting a blocking GC Explicit
08-05 20:02:11.864  4844  8029 I art     : Explicit concurrent mark sweep GC freed 1344(78KB) AllocSpace objects, 1(20KB) LOS objects, 22% free, 53MB/69MB, paused 763us total 31.746ms
08-05 20:02:11.876  4844  8029 I art     : Starting a blocking GC Explicit
08-05 20:02:11.909  4844  8029 I art     : Explicit concurrent mark sweep GC freed 20(704B) AllocSpace objects, 0(0B) LOS objects, 22% free, 53MB/69MB, paused 766us total 32.464ms
08-05 20:02:11.921  4844  8029 I art     : Starting a blocking GC Explicit
08-05 20:02:11.952  4844  8029 I art     : Explicit concurrent mark sweep GC freed 3(96B) AllocSpace objects, 0(0B) LOS objects, 22% free, 53MB/69MB, paused 752us total 30.536ms
08-05 20:02:11.964  4844  8029 I art     : Starting a blocking GC Explicit
08-05 20:02:11.995  4844  8029 I art     : Explicit concurrent mark sweep GC freed 3(96B) AllocSpace objects, 0(0B) LOS objects, 22% free, 53MB/69MB, paused 766us total 31.393ms
08-05 20:02:12.007  4844  8029 I art     : Starting a blocking GC Explicit
08-05 20:02:12.018  8952  8952 D AndroidRuntime: >>>>>> START com.android.internal.os.RuntimeInit uid 2000 <<<<<<
08-05 20:02:12.024  8952  8952 D AndroidRuntime: CheckJNI is OFF
08-05 20:02:12.039  4844  8029 I art     : Explicit concurrent mark sweep GC freed 3(96B) AllocSpace objects, 0(0B) LOS objects, 22% free, 53MB/69MB, paused 777us total 31.654ms
08-05 20:02:12.071  8952  8952 D ICU     : No timezone override file found: /data/misc/zoneinfo/current/icu/icu_tzdata.dat
08-05 20:02:12.116  8952  8952 I Radio-JNI: register_android_hardware_Radio DONE
08-05 20:02:12.145  8952  8952 D AndroidRuntime: Calling main entry com.android.commands.input.Input
08-05 20:02:12.148  8952  8952 I Input   : injectKeyEvent: KeyEvent { action=ACTION_DOWN, keyCode=KEYCODE_BACK, scanCode=0, metaState=0, flags=0x0, repeatCount=0, eventTime=820948561, downTime=820948561, deviceId=-1, source=0x101 }
08-05 20:02:12.156  8952  8952 I Input   : injectKeyEvent: KeyEvent { action=ACTION_UP, keyCode=KEYCODE_BACK, scanCode=0, metaState=0, flags=0x0, repeatCount=0, eventTime=820948561, downTime=820948561, deviceId=-1, source=0x101 }
08-05 20:02:12.162  8952  8952 D AndroidRuntime: Shutting down VM
08-05 20:02:12.213 13866 13866 I GoogleInputMethodServic: GoogleInputMethodService.onFinishInput():3138 
08-05 20:02:12.214 13866 13866 I GoogleInputMethodServic: GoogleInputMethodService.onStartInput():1808 
08-05 20:02:12.300 13866 13882 I PeriodicStatsRunner: PeriodicStatsRunner.call():175 call()
08-05 20:02:12.300 13866 13882 I PeriodicStatsRunner: PeriodicStatsRunner.call():179 No submit PeriodicStats since input started.
08-05 20:02:12.324  4844  8029 I art     : Starting a blocking GC Explicit
08-05 20:02:12.359  4844  8029 I art     : Explicit concurrent mark sweep GC freed 1526(86KB) AllocSpace objects, 1(20KB) LOS objects, 22% free, 53MB/69MB, paused 757us total 34.069ms
08-05 20:02:12.371  4844  8029 I art     : Starting a blocking GC Explicit
08-05 20:02:12.408  4844  8029 I art     : Explicit concurrent mark sweep GC freed 26(944B) AllocSpace objects, 0(0B) LOS objects, 22% free, 53MB/69MB, paused 933us total 35.980ms
08-05 20:02:12.420  4844  8029 I art     : Starting a blocking GC Explicit
08-05 20:02:12.457  4844  8029 I art     : Explicit concurrent mark sweep GC freed 3(96B) AllocSpace objects, 0(0B) LOS objects, 22% free, 53MB/69MB, paused 886us total 36.389ms
08-05 20:02:12.469  4844  8029 I art     : Starting a blocking GC Explicit
08-05 20:02:12.486  2695  2695 I ServiceManager: Waiting for service AtCmdFwd...
08-05 20:02:12.502  4844  8029 I art     : Explicit concurrent mark sweep GC freed 3(96B) AllocSpace objects, 0(0B) LOS objects, 22% free, 53MB/69MB, paused 673us total 32.283ms
08-05 20:02:12.513   380   380 W SurfaceFlinger: couldn't log to binary event log: overflow.
08-05 20:02:12.514  4844  8029 I art     : Starting a blocking GC Explicit
08-05 20:02:12.544  4844  8029 I art     : Explicit concurrent mark sweep GC freed 109(8KB) AllocSpace objects, 0(0B) LOS objects, 22% free, 53MB/69MB, paused 732us total 29.918ms
08-05 20:02:12.850  4844  5773 I art     : Starting a blocking GC Explicit
08-05 20:02:12.890  4844  5773 I art     : Explicit concurrent mark sweep GC freed 1457(84KB) AllocSpace objects, 1(20KB) LOS objects, 22% free, 53MB/69MB, paused 809us total 39.402ms
08-05 20:02:12.905  4844  5773 I art     : Starting a blocking GC Explicit
08-05 20:02:12.936  4844  5773 I art     : Explicit concurrent mark sweep GC freed 1562(103KB) AllocSpace objects, 3(180KB) LOS objects, 23% free, 53MB/69MB, paused 803us total 30.342ms
08-05 20:02:12.947  4844  5773 I art     : Starting a blocking GC Explicit
08-05 20:02:12.978  4844  5773 I art     : Explicit concurrent mark sweep GC freed 3(96B) AllocSpace objects, 0(0B) LOS objects, 23% free, 53MB/69MB, paused 765us total 30.152ms
08-05 20:02:12.989  4844  5773 I art     : Starting a blocking GC Explicit
08-05 20:02:13.020  4844  5773 I art     : Explicit concurrent mark sweep GC freed 3(96B) AllocSpace objects, 0(0B) LOS objects, 23% free, 53MB/69MB, paused 721us total 30.027ms
08-05 20:02:13.031  4844  5773 I art     : Starting a blocking GC Explicit
08-05 20:02:13.062  4844  5773 I art     : Explicit concurrent mark sweep GC freed 3(96B) AllocSpace objects, 0(0B) LOS objects, 23% free, 53MB/69MB, paused 731us total 30.098ms
08-05 20:02:13.367  4844  4879 I art     : Starting a blocking GC Explicit
08-05 20:02:13.406  4844  4879 I art     : Explicit concurrent mark sweep GC freed 1344(78KB) AllocSpace objects, 1(20KB) LOS objects, 23% free, 53MB/69MB, paused 743us total 38.584ms
08-05 20:02:13.420  4844  4879 I art     : Starting a blocking GC Explicit
08-05 20:02:13.449  4844  4879 I art     : Explicit concurrent mark sweep GC freed 20(704B) AllocSpace objects, 0(0B) LOS objects, 23% free, 53MB/69MB, paused 758us total 28.194ms
08-05 20:02:13.460  4844  4879 I art     : Starting a blocking GC Explicit
08-05 20:02:13.486  2695  2695 I ServiceManager: Waiting for service AtCmdFwd...
08-05 20:02:13.489  4844  4879 I art     : Explicit concurrent mark sweep GC freed 3(96B) AllocSpace objects, 0(0B) LOS objects, 23% free, 53MB/69MB, paused 764us total 28.286ms
08-05 20:02:13.500  4844  4879 I art     : Starting a blocking GC Explicit
08-05 20:02:13.529  4844  4879 I art     : Explicit concurrent mark sweep GC freed 3(96B) AllocSpace objects, 0(0B) LOS objects, 23% free, 53MB/69MB, paused 741us total 28.351ms
08-05 20:02:13.540  4844  4879 I art     : Starting a blocking GC Explicit
08-05 20:02:13.569  4844  4879 I art     : Explicit concurrent mark sweep GC freed 3(96B) AllocSpace objects, 0(0B) LOS objects, 23% free, 53MB/69MB, paused 743us total 28.508ms
08-05 20:02:13.869  4844  4855 I art     : Starting a blocking GC Explicit
08-05 20:02:13.905  4844  4855 I art     : Explicit concurrent mark sweep GC freed 1344(78KB) AllocSpace objects, 1(20KB) LOS objects, 23% free, 53MB/69MB, paused 828us total 35.946ms
08-05 20:02:13.920  4844  4855 I art     : Starting a blocking GC Explicit
08-05 20:02:13.951  4844  4855 I art     : Explicit concurrent mark sweep GC freed 20(704B) AllocSpace objects, 0(0B) LOS objects, 23% free, 53MB/69MB, paused 765us total 30.458ms
08-05 20:02:13.954  9006  9006 D AndroidRuntime: >>>>>> START com.android.internal.os.RuntimeInit uid 2000 <<<<<<
08-05 20:02:13.960  9006  9006 D AndroidRuntime: CheckJNI is OFF
08-05 20:02:13.963  4844  4855 I art     : Starting a blocking GC Explicit
08-05 20:02:13.993  4844  4855 I art     : Explicit concurrent mark sweep GC freed 3(96B) AllocSpace objects, 0(0B) LOS objects, 23% free, 53MB/69MB, paused 760us total 30.120ms
08-05 20:02:14.004  4844  4855 I art     : Starting a blocking GC Explicit
08-05 20:02:14.007  9006  9006 D ICU     : No timezone override file found: /data/misc/zoneinfo/current/icu/icu_tzdata.dat
08-05 20:02:14.034  4844  4855 I art     : Explicit concurrent mark sweep GC freed 3(96B) AllocSpace objects, 0(0B) LOS objects, 23% free, 53MB/69MB, paused 804us total 29.943ms
08-05 20:02:14.046  4844  4855 I art     : Starting a blocking GC Explicit
08-05 20:02:14.055  9006  9006 I Radio-JNI: register_android_hardware_Radio DONE
08-05 20:02:14.077  4844  4855 I art     : Explicit concurrent mark sweep GC freed 3(96B) AllocSpace objects, 0(0B) LOS objects, 23% free, 53MB/69MB, paused 804us total 31.030ms
08-05 20:02:14.085  9006  9006 D AndroidRuntime: Calling main entry com.android.commands.input.Input
08-05 20:02:14.088  9006  9006 I Input   : injectKeyEvent: KeyEvent { action=ACTION_DOWN, keyCode=KEYCODE_BACK, scanCode=0, metaState=0, flags=0x0, repeatCount=0, eventTime=820950501, downTime=820950501, deviceId=-1, source=0x101 }
08-05 20:02:14.094  9006  9006 I Input   : injectKeyEvent: KeyEvent { action=ACTION_UP, keyCode=KEYCODE_BACK, scanCode=0, metaState=0, flags=0x0, repeatCount=0, eventTime=820950501, downTime=820950501, deviceId=-1, source=0x101 }
08-05 20:02:14.104  9006  9006 D AndroidRuntime: Shutting down VM
08-05 20:02:14.142 13866 13866 I GoogleInputMethodServic: GoogleInputMethodService.onFinishInput():3138 
08-05 20:02:14.143 13866 13866 I GoogleInputMethodServic: GoogleInputMethodService.onStartInput():1808 
08-05 20:02:14.372  4844  4879 I art     : Starting a blocking GC Explicit
08-05 20:02:14.408  4844  4879 I art     : Explicit concurrent mark sweep GC freed 1553(87KB) AllocSpace objects, 1(20KB) LOS objects, 23% free, 53MB/69MB, paused 832us total 35.322ms
08-05 20:02:14.419  4844  4879 I art     : Starting a blocking GC Explicit
08-05 20:02:14.450  4844  4879 I art     : Explicit concurrent mark sweep GC freed 550(27KB) AllocSpace objects, 0(0B) LOS objects, 23% free, 53MB/69MB, paused 1.088ms total 30.365ms
08-05 20:02:14.461  4844  4879 I art     : Starting a blocking GC Explicit
08-05 20:02:14.487  2695  2695 I ServiceManager: Waiting for service AtCmdFwd...
08-05 20:02:14.488  4844  4879 I art     : Explicit concurrent mark sweep GC freed 153(5KB) AllocSpace objects, 0(0B) LOS objects, 23% free, 53MB/69MB, paused 746us total 26.279ms
08-05 20:02:14.499  4844  4879 I art     : Starting a blocking GC Explicit
08-05 20:02:14.527  4844  4879 I art     : Explicit concurrent mark sweep GC freed 2661(174KB) AllocSpace objects, 1(28KB) LOS objects, 23% free, 53MB/69MB, paused 708us total 27.469ms
08-05 20:02:14.538  4844  4879 I art     : Starting a blocking GC Explicit
08-05 20:02:14.566  4844  4879 I art     : Explicit concurrent mark sweep GC freed 3(96B) AllocSpace objects, 0(0B) LOS objects, 23% free, 53MB/69MB, paused 743us total 28.314ms
08-05 20:02:14.871  4844  4855 I art     : Starting a blocking GC Explicit
08-05 20:02:14.912  4844  4855 I art     : Explicit concurrent mark sweep GC freed 1344(78KB) AllocSpace objects, 1(20KB) LOS objects, 23% free, 53MB/69MB, paused 1.182ms total 39.946ms
08-05 20:02:14.928  4844  4855 I art     : Starting a blocking GC Explicit
08-05 20:02:14.956  4844  4855 I art     : Explicit concurrent mark sweep GC freed 20(704B) AllocSpace objects, 0(0B) LOS objects, 23% free, 53MB/69MB, paused 728us total 28.183ms
08-05 20:02:14.967  4844  4855 I art     : Starting a blocking GC Explicit
08-05 20:02:14.996  4844  4855 I art     : Explicit concurrent mark sweep GC freed 3(96B) AllocSpace objects, 0(0B) LOS objects, 23% free, 53MB/69MB, paused 727us total 28.380ms
08-05 20:02:15.008  4844  4855 I art     : Starting a blocking GC Explicit
08-05 20:02:15.037  4844  4855 I art     : Explicit concurrent mark sweep GC freed 3(96B) AllocSpace objects, 0(0B) LOS objects, 23% free, 53MB/69MB, paused 839us total 29.084ms
08-05 20:02:15.049  4844  4855 I art     : Starting a blocking GC Explicit
08-05 20:02:15.078  4844  4855 I art     : Explicit concurrent mark sweep GC freed 3(96B) AllocSpace objects, 0(0B) LOS objects, 23% free, 53MB/69MB, paused 779us total 28.866ms
08-05 20:02:15.388  4844  4856 I art     : Starting a blocking GC Explicit
08-05 20:02:15.417  4844  4856 I art     : Explicit concurrent mark sweep GC freed 1341(78KB) AllocSpace objects, 1(20KB) LOS objects, 23% free, 53MB/69MB, paused 779us total 28.556ms
08-05 20:02:15.429  4844  4856 I art     : Starting a blocking GC Explicit
08-05 20:02:15.456  4844  4856 I art     : Explicit concurrent mark sweep GC freed 20(704B) AllocSpace objects, 0(0B) LOS objects, 23% free, 53MB/69MB, paused 810us total 27.604ms
08-05 20:02:15.468  4844  4856 I art     : Starting a blocking GC Explicit
08-05 20:02:15.487  2695  2695 W Atfwd_Sendcmd: AtCmdFwd service not published, waiting... retryCnt : 2
08-05 20:02:15.495  4844  4856 I art     : Explicit concurrent mark sweep GC freed 3(96B) AllocSpace objects, 0(0B) LOS objects, 23% free, 53MB/69MB, paused 743us total 26.481ms
08-05 20:02:15.506  4844  4856 I art     : Starting a blocking GC Explicit
08-05 20:02:15.534  4844  4856 I art     : Explicit concurrent mark sweep GC freed 3(96B) AllocSpace objects, 0(0B) LOS objects, 23% free, 53MB/69MB, paused 754us total 27.546ms
08-05 20:02:15.545  4844  4856 I art     : Starting a blocking GC Explicit
08-05 20:02:15.573  4844  4856 I art     : Explicit concurrent mark sweep GC freed 3(96B) AllocSpace objects, 0(0B) LOS objects, 23% free, 53MB/69MB, paused 759us total 27.492ms
08-05 20:02:15.900  4844  8029 I art     : Starting a blocking GC Explicit
08-05 20:02:15.931  9064  9064 D AndroidRuntime: >>>>>> START com.android.internal.os.RuntimeInit uid 2000 <<<<<<
08-05 20:02:15.932  4844  8029 I art     : Explicit concurrent mark sweep GC freed 1341(78KB) AllocSpace objects, 1(20KB) LOS objects, 23% free, 53MB/69MB, paused 950us total 31.822ms
08-05 20:02:15.941  9064  9064 D AndroidRuntime: CheckJNI is OFF
08-05 20:02:15.947  4844  8029 I art     : Starting a blocking GC Explicit
08-05 20:02:15.975  4844  8029 I art     : Explicit concurrent mark sweep GC freed 20(704B) AllocSpace objects, 0(0B) LOS objects, 23% free, 53MB/69MB, paused 771us total 27.571ms
08-05 20:02:15.986  4844  8029 I art     : Starting a blocking GC Explicit
08-05 20:02:15.987  9064  9064 D ICU     : No timezone override file found: /data/misc/zoneinfo/current/icu/icu_tzdata.dat
08-05 20:02:16.015  4844  8029 I art     : Explicit concurrent mark sweep GC freed 3(96B) AllocSpace objects, 0(0B) LOS objects, 23% free, 53MB/69MB, paused 824us total 28.250ms
08-05 20:02:16.026  4844  8029 I art     : Starting a blocking GC Explicit
08-05 20:02:16.033  9064  9064 I Radio-JNI: register_android_hardware_Radio DONE
08-05 20:02:16.055  4844  8029 I art     : Explicit concurrent mark sweep GC freed 3(96B) AllocSpace objects, 0(0B) LOS objects, 23% free, 53MB/69MB, paused 786us total 28.107ms
08-05 20:02:16.061  9064  9064 D AndroidRuntime: Calling main entry com.android.commands.am.Am
08-05 20:02:16.066  4844  8029 I art     : Starting a blocking GC Explicit
08-05 20:02:16.073  5615  5615 I Trepn   : Trepn 6.2s: Received intent: com.quicinc.trepn.stop_profiling
08-05 20:02:16.094  4844  8029 I art     : Explicit concurrent mark sweep GC freed 3(96B) AllocSpace objects, 0(0B) LOS objects, 23% free, 53MB/69MB, paused 679us total 27.562ms
08-05 20:02:16.119  5615  5615 I Trepn   : Trepn 6.2s: Trepn has Stopped Profiling.
08-05 20:02:16.309  9064  9064 D AndroidRuntime: Shutting down VM
08-05 20:02:16.309   918  4413 W AppOps  : Finishing op nesting under-run: uid 10078 pkg com.quicinc.trepn code 24 time=0 duration=0 nesting=0
08-05 20:02:16.400  4844  5773 I art     : Starting a blocking GC Explicit
08-05 20:02:16.430  4844  5773 I art     : Explicit concurrent mark sweep GC freed 1341(78KB) AllocSpace objects, 1(20KB) LOS objects, 23% free, 53MB/69MB, paused 761us total 30.402ms
08-05 20:02:16.444  4844  5773 I art     : Starting a blocking GC Explicit
08-05 20:02:16.476  4844  5773 I art     : Explicit concurrent mark sweep GC freed 20(704B) AllocSpace objects, 0(0B) LOS objects, 23% free, 53MB/69MB, paused 745us total 31.348ms
08-05 20:02:16.488  4844  5773 I art     : Starting a blocking GC Explicit
08-05 20:02:16.519  4844  5773 I art     : Explicit concurrent mark sweep GC freed 3(96B) AllocSpace objects, 0(0B) LOS objects, 23% free, 53MB/69MB, paused 762us total 31.356ms
08-05 20:02:16.531  4844  5773 I art     : Starting a blocking GC Explicit
08-05 20:02:16.561  4844  5773 I art     : Explicit concurrent mark sweep GC freed 3(96B) AllocSpace objects, 0(0B) LOS objects, 23% free, 53MB/69MB, paused 713us total 29.471ms
08-05 20:02:16.572  4844  5773 I art     : Starting a blocking GC Explicit
08-05 20:02:16.601  4844  5773 I art     : Explicit concurrent mark sweep GC freed 3(96B) AllocSpace objects, 0(0B) LOS objects, 23% free, 53MB/69MB, paused 695us total 28.770ms
08-05 20:02:17.214 13866 13882 I PeriodicStatsRunner: PeriodicStatsRunner.call():175 call()
08-05 20:02:17.215 13866 13882 I PeriodicStatsRunner: PeriodicStatsRunner.call():179 No submit PeriodicStats since input started.
08-05 20:02:19.143 13866 13882 I PeriodicStatsRunner: PeriodicStatsRunner.call():175 call()
08-05 20:02:19.143 13866 13882 I PeriodicStatsRunner: PeriodicStatsRunner.call():179 No submit PeriodicStats since input started.
