08-05 14:23:14.307 13943 17487 D Nappa   : -------------F1_SCORE #39 -----------
08-05 14:23:14.307 13943 17487 D Nappa   : F1_SCORE - Intercept list (8)= [https://api-hillfair-2k16.herokuapp.com/api/app/events/special, https://api-hillfair-2k16.herokuapp.com/api/app/events/special/event?id=58065620dcba0f490c70fe09, https://api-hillfair-2k16.herokuapp.com/api/app/events/special/event?id=5806551bdcba0f490c70fd1f, https://api-hillfair-2k16.herokuapp.com/api/app/quiz/leaderboard?from=1, https://api-hillfair-2k16.herokuapp.com/api/app/club, https://api-hillfair-2k16.herokuapp.com/api/app/club/PR%20Club, https://api-hillfair-2k16.herokuapp.com/api/app/club/Design%20and%20Decoration%20Club, https://api-hillfair-2k16.herokuapp.com/api/app/club/Technical%20Committee]
08-05 14:23:14.308 13943 17487 D Nappa   : F1_SCORE - Prefetch list (3)= [https://api-hillfair-2k16.herokuapp.com/api/app/events/special/event?id=5806551bdcba0f490c70fd1f, https://api-hillfair-2k16.herokuapp.com/api/app/events/special/event?id=580655cddcba0f490c70fdd0, https://api-hillfair-2k16.herokuapp.com/api/app/events/special/event?id=58065620dcba0f490c70fe09]
08-05 14:23:14.308 13943 17487 D Nappa   : F1_SCORE - TP list (2)= [https://api-hillfair-2k16.herokuapp.com/api/app/events/special/event?id=58065620dcba0f490c70fe09, https://api-hillfair-2k16.herokuapp.com/api/app/events/special/event?id=5806551bdcba0f490c70fd1f]
08-05 14:23:14.308 13943 17487 D Nappa   : F1_SCORE - FN list (6)= [https://api-hillfair-2k16.herokuapp.com/api/app/events/special, https://api-hillfair-2k16.herokuapp.com/api/app/quiz/leaderboard?from=1, https://api-hillfair-2k16.herokuapp.com/api/app/club, https://api-hillfair-2k16.herokuapp.com/api/app/club/PR%20Club, https://api-hillfair-2k16.herokuapp.com/api/app/club/Design%20and%20Decoration%20Club, https://api-hillfair-2k16.herokuapp.com/api/app/club/Technical%20Committee]
08-05 14:23:14.408 13943 13943 D Nappa   : registerActivity: (already in) nappagreedy.appteam.nith.hillffair.activities.ClubActivity
08-05 14:23:14.408 13943 13980 D Nappa   : registerActivity: (already in) nappagreedy.appteam.nith.hillffair.activities.EventActivity
08-05 14:23:14.408 13943 13980 D Nappa   : PARENTS 
08-05 14:23:14.408 13943 13980 D Nappa   : Of: nappagreedy.appteam.nith.hillffair.activities.EventActivity -> 
08-05 14:23:14.408 13943 13980 D Nappa   : PARENTS nappagreedy.appteam.nith.hillffair.activities.HomeActivity
08-05 14:23:14.408 13943 13943 D Nappa   : SHOULD_PREFETCH true
08-05 14:23:14.408 13943 13980 D Nappa   : PARENTS nappagreedy.appteam.nith.hillffair.activities.SplashActivity
08-05 14:23:14.508 13943 13943 D Nappa   : registerActivity: (already in) nappagreedy.appteam.nith.hillffair.activities.ClubActivity
08-05 14:23:14.508 13943 13943 D Nappa   : STATS Number of requests not prefetched: 8
08-05 14:23:14.508 13943 13943 D Nappa   : STATS Number of requests prefetched: 6
08-05 14:23:14.508 13943 13943 D Nappa   : STATS Time saved until now: 0.251
08-05 14:23:14.708 13943 13980 D Nappa   : PREFETCH_ON_EXTRA - setCurrentActivity - logs - from extra - made prediction istrue
08-05 14:23:14.708 13943 13980 D Nappa   : PREFETCH_ON_EXTRA - setCurrentActivity - logs - from extra - start
08-05 14:23:14.708 13943 13980 D Nappa   : setCurrentActivity - MetricStrategyAccuracy - checking prediction VS current activity for extras
08-05 14:23:14.709 13943 13980 D Nappa   : PREFETCH_ON_EXTRA - setCurrentActivity - logs - from extra- finished
08-05 14:23:15.008 13943 13980 D Nappa   : PREFETCH_ON_EXTRA - setCurrentActivity - starting new prediction
08-05 14:23:15.009 13943 13980 D Nappa   : Current node - currentActivityName - nappagreedy.appteam.nith.hillffair.activities.ClubActivity
08-05 14:23:15.009 13943 13980 D Nappa   : Current node - activityGraph.getCurrent() - nappagreedy.appteam.nith.hillffair.activities.ClubActivity
08-05 14:23:15.010 13943 13980 D Nappa   : PREFETCH_ON_EXTRA - setCurrentActivity - finished new prediction
08-05 14:23:19.080 13943 13943 D Nappa   : Stayed on nappagreedy.appteam.nith.hillffair.activities.ClubActivity for 4572 ms
08-05 14:23:19.085 13943 13943 D Nappa   : setCurrentActivity - MetricStrategyAccuracy - 
08-05 14:23:19.085 13943 13943 D Nappa   : madePredictionFromActivity = true, 
08-05 14:23:19.085 13943 13943 D Nappa   : fromActivity = nappagreedy.appteam.nith.hillffair.activities.ClubActivity, 
08-05 14:23:19.085 13943 13943 D Nappa   : predictedNextActivityFromActivity = [], 
08-05 14:23:19.085 13943 13943 D Nappa   : activity.getClass().getCanonicalName() = nappagreedy.appteam.nith.hillffair.activities.EventActivity, 
08-05 14:23:19.085 13943 13943 D Nappa   : setCurrentActivity - MetricStrategyAccuracy - 
08-05 14:23:19.085 13943 13943 D Nappa   : madePredictionFromExtra = false, 
08-05 14:23:19.085 13943 13943 D Nappa   : fromActivity = nappagreedy.appteam.nith.hillffair.activities.ClubActivity, 
08-05 14:23:19.085 13943 13943 D Nappa   : predictedNextActivityFromExtra = [], 
08-05 14:23:19.085 13943 13943 D Nappa   : activity.getClass().getCanonicalName() = nappagreedy.appteam.nith.hillffair.activities.EventActivity, 
08-05 14:23:19.085 13943 13943 D Nappa   : PREFETCH_ON_EXTRA - setCurrentActivity - logs - from activity - made prediction istrue
08-05 14:23:19.085 13943 13943 D Nappa   : PREFETCH_ON_EXTRA - setCurrentActivity - logs - from activity - start
08-05 14:23:19.086 13943 13943 D Nappa   : PREFETCH_ON_EXTRA - setCurrentActivity - logs - from activity- finished
08-05 14:23:19.186 13943 13943 D Nappa   : registerActivity: (already in) nappagreedy.appteam.nith.hillffair.activities.EventActivity
08-05 14:23:19.186 13943 13943 D Nappa   : SHOULD_PREFETCH false
08-05 14:23:19.186 13943 13943 D Nappa   : STATS Number of requests not prefetched: 9
08-05 14:23:19.186 13943 13943 D Nappa   : STATS Number of requests prefetched: 6
08-05 14:23:19.186 13943 13943 D Nappa   : STATS Time saved until now: 0.251
08-05 14:23:19.487 13943 13980 D Nappa   : PREFETCH_ON_EXTRA - setCurrentActivity - logs - from extra - made prediction isfalse
08-05 14:23:20.843 13943 13980 D Nappa   : PREFETCH_ON_EXTRA - notifyExtras- start
08-05 14:23:20.845 13943 13980 D Nappa   : PREFETCH_ON_EXTRA - notifyExtras- end
08-05 14:23:20.845 13943 13980 D Nappa   : PREFSTRAT2 ADDING NEW ACTEXTRADATA
08-05 14:23:20.853 13943 13943 D Nappa   : Stayed on nappagreedy.appteam.nith.hillffair.activities.EventActivity for 1667 ms
08-05 14:23:20.880 13943 13943 D Nappa   : TAG okHttpClient initialized
08-05 14:23:20.885 13943 13943 D Nappa   : setCurrentActivity - MetricStrategyAccuracy - 
08-05 14:23:20.885 13943 13943 D Nappa   : madePredictionFromActivity = false, 
08-05 14:23:20.885 13943 13943 D Nappa   : fromActivity = nappagreedy.appteam.nith.hillffair.activities.EventActivity, 
08-05 14:23:20.885 13943 13943 D Nappa   : predictedNextActivityFromActivity = [], 
08-05 14:23:20.885 13943 13943 D Nappa   : activity.getClass().getCanonicalName() = nappagreedy.appteam.nith.hillffair.activities.ClubActivity, 
08-05 14:23:20.886 13943 13943 D Nappa   : setCurrentActivity - MetricStrategyAccuracy - 
08-05 14:23:20.886 13943 13943 D Nappa   : madePredictionFromExtra = true, 
08-05 14:23:20.886 13943 13943 D Nappa   : fromActivity = nappagreedy.appteam.nith.hillffair.activities.EventActivity, 
08-05 14:23:20.886 13943 13943 D Nappa   : predictedNextActivityFromExtra = [nappagreedy.appteam.nith.hillffair.activities.ClubActivity], 
08-05 14:23:20.886 13943 13943 D Nappa   : activity.getClass().getCanonicalName() = nappagreedy.appteam.nith.hillffair.activities.ClubActivity, 
08-05 14:23:20.886 13943 13943 D Nappa   : PREFETCH_ON_EXTRA - setCurrentActivity - logs - from activity - made prediction isfalse
08-05 14:23:20.886 13943 17661 D Nappa   : F1_SCORE add_intercept_url - (already in) - https://api-hillfair-2k16.herokuapp.com/api/app/club/Technical%20Committee
08-05 14:23:20.886 13943 17661 D Nappa   : F1_SCORE add_fn_url - (already in) - https://api-hillfair-2k16.herokuapp.com/api/app/club/Technical%20Committee
08-05 14:23:20.886 13943 17661 D Nappa   : -------------F1_SCORE #41 -----------
08-05 14:23:20.886 13943 17661 D Nappa   : F1_SCORE - Intercept list (8)= [https://api-hillfair-2k16.herokuapp.com/api/app/events/special, https://api-hillfair-2k16.herokuapp.com/api/app/events/special/event?id=58065620dcba0f490c70fe09, https://api-hillfair-2k16.herokuapp.com/api/app/events/special/event?id=5806551bdcba0f490c70fd1f, https://api-hillfair-2k16.herokuapp.com/api/app/quiz/leaderboard?from=1, https://api-hillfair-2k16.herokuapp.com/api/app/club, https://api-hillfair-2k16.herokuapp.com/api/app/club/PR%20Club, https://api-hillfair-2k16.herokuapp.com/api/app/club/Design%20and%20Decoration%20Club, https://api-hillfair-2k16.herokuapp.com/api/app/club/Technical%20Committee]
08-05 14:23:20.886 13943 17661 D Nappa   : F1_SCORE - Prefetch list (3)= [https://api-hillfair-2k16.herokuapp.com/api/app/events/special/event?id=5806551bdcba0f490c70fd1f, https://api-hillfair-2k16.herokuapp.com/api/app/events/special/event?id=580655cddcba0f490c70fdd0, https://api-hillfair-2k16.herokuapp.com/api/app/events/special/event?id=58065620dcba0f490c70fe09]
08-05 14:23:20.886 13943 17661 D Nappa   : F1_SCORE - TP list (2)= [https://api-hillfair-2k16.herokuapp.com/api/app/events/special/event?id=58065620dcba0f490c70fe09, https://api-hillfair-2k16.herokuapp.com/api/app/events/special/event?id=5806551bdcba0f490c70fd1f]
08-05 14:23:20.886 13943 17661 D Nappa   : F1_SCORE - FN list (6)= [https://api-hillfair-2k16.herokuapp.com/api/app/events/special, https://api-hillfair-2k16.herokuapp.com/api/app/quiz/leaderboard?from=1, https://api-hillfair-2k16.herokuapp.com/api/app/club, https://api-hillfair-2k16.herokuapp.com/api/app/club/PR%20Club, https://api-hillfair-2k16.herokuapp.com/api/app/club/Design%20and%20Decoration%20Club, https://api-hillfair-2k16.herokuapp.com/api/app/club/Technical%20Committee]
08-05 14:23:20.986 13943 13943 D Nappa   : registerActivity: (already in) nappagreedy.appteam.nith.hillffair.activities.ClubActivity
08-05 14:23:20.986 13943 13943 D Nappa   : SHOULD_PREFETCH true
08-05 14:23:20.987 13943 13980 D Nappa   : registerActivity: (already in) nappagreedy.appteam.nith.hillffair.activities.ClubActivity
08-05 14:23:20.987 13943 13980 D Nappa   : PARENTS 
08-05 14:23:20.987 13943 13980 D Nappa   : Of: nappagreedy.appteam.nith.hillffair.activities.ClubActivity -> 
08-05 14:23:20.987 13943 13980 D Nappa   : PARENTS nappagreedy.appteam.nith.hillffair.activities.BattleDayActivity
08-05 14:23:20.987 13943 13980 D Nappa   : PARENTS has extra: (name, Music)
08-05 14:23:20.987 13943 13980 D Nappa   : PARENTS has extra: (id, 5806551bdcba0f490c70fd1f)
08-05 14:23:20.987 13943 13980 D Nappa   : PARENTS has extra: (battleday, true)
08-05 14:23:20.987 13943 13980 D Nappa   : PARENTS nappagreedy.appteam.nith.hillffair.activities.HomeActivity
08-05 14:23:20.988 13943 13980 D Nappa   : PARENTS nappagreedy.appteam.nith.hillffair.activities.SplashActivity
08-05 14:23:20.988 13943 13980 D Nappa   : PARENTS nappagreedy.appteam.nith.hillffair.activities.EventActivity
08-05 14:23:20.988 13943 13980 D Nappa   : PARENTS has extra: (CLUB_NAME, Technical Committee)
08-05 14:23:21.087 13943 13943 D Nappa   : registerActivity: (already in) nappagreedy.appteam.nith.hillffair.activities.ClubActivity
08-05 14:23:21.087 13943 13943 D Nappa   : STATS Number of requests not prefetched: 9
08-05 14:23:21.087 13943 13943 D Nappa   : STATS Number of requests prefetched: 7
08-05 14:23:21.087 13943 13943 D Nappa   : STATS Time saved until now: 0.287
08-05 14:23:21.286 13943 13980 D Nappa   : PREFETCH_ON_EXTRA - setCurrentActivity - logs - from extra - made prediction istrue
08-05 14:23:21.286 13943 13980 D Nappa   : PREFETCH_ON_EXTRA - setCurrentActivity - logs - from extra - start
08-05 14:23:21.286 13943 13980 D Nappa   : setCurrentActivity - MetricStrategyAccuracy - checking prediction VS current activity for extras
08-05 14:23:21.287 13943 13980 D Nappa   : PREFETCH_ON_EXTRA - setCurrentActivity - logs - from extra- finished
08-05 14:23:21.587 13943 13980 D Nappa   : PREFETCH_ON_EXTRA - setCurrentActivity - starting new prediction
08-05 14:23:21.587 13943 13980 D Nappa   : Current node - currentActivityName - nappagreedy.appteam.nith.hillffair.activities.ClubActivity
08-05 14:23:21.587 13943 13980 D Nappa   : Current node - activityGraph.getCurrent() - nappagreedy.appteam.nith.hillffair.activities.ClubActivity
08-05 14:23:21.588 13943 13980 D Nappa   : PREFETCH_ON_EXTRA - setCurrentActivity - finished new prediction
08-05 14:23:25.663 13943 13943 D Nappa   : Stayed on nappagreedy.appteam.nith.hillffair.activities.ClubActivity for 4576 ms
08-05 14:23:25.669 13943 13943 D Nappa   : setCurrentActivity - MetricStrategyAccuracy - 
08-05 14:23:25.669 13943 13943 D Nappa   : madePredictionFromActivity = true, 
08-05 14:23:25.669 13943 13943 D Nappa   : fromActivity = nappagreedy.appteam.nith.hillffair.activities.ClubActivity, 
08-05 14:23:25.669 13943 13943 D Nappa   : predictedNextActivityFromActivity = [], 
08-05 14:23:25.669 13943 13943 D Nappa   : activity.getClass().getCanonicalName() = nappagreedy.appteam.nith.hillffair.activities.EventActivity, 
08-05 14:23:25.670 13943 13943 D Nappa   : setCurrentActivity - MetricStrategyAccuracy - 
08-05 14:23:25.670 13943 13943 D Nappa   : madePredictionFromExtra = false, 
08-05 14:23:25.670 13943 13943 D Nappa   : fromActivity = nappagreedy.appteam.nith.hillffair.activities.ClubActivity, 
08-05 14:23:25.670 13943 13943 D Nappa   : predictedNextActivityFromExtra = [], 
08-05 14:23:25.670 13943 13943 D Nappa   : activity.getClass().getCanonicalName() = nappagreedy.appteam.nith.hillffair.activities.EventActivity, 
08-05 14:23:25.670 13943 13943 D Nappa   : PREFETCH_ON_EXTRA - setCurrentActivity - logs - from activity - made prediction istrue
08-05 14:23:25.670 13943 13943 D Nappa   : PREFETCH_ON_EXTRA - setCurrentActivity - logs - from activity - start
08-05 14:23:25.670 13943 13943 D Nappa   : PREFETCH_ON_EXTRA - setCurrentActivity - logs - from activity- finished
08-05 14:23:25.770 13943 13943 D Nappa   : registerActivity: (already in) nappagreedy.appteam.nith.hillffair.activities.EventActivity
08-05 14:23:25.770 13943 13943 D Nappa   : SHOULD_PREFETCH false
08-05 14:23:25.771 13943 13943 D Nappa   : STATS Number of requests not prefetched: 9
08-05 14:23:25.771 13943 13943 D Nappa   : STATS Number of requests prefetched: 7
08-05 14:23:25.771 13943 13943 D Nappa   : STATS Time saved until now: 0.287
08-05 14:23:26.070 13943 13980 D Nappa   : PREFETCH_ON_EXTRA - setCurrentActivity - logs - from extra - made prediction isfalse
08-05 14:23:27.449 13943 13980 D Nappa   : PREFETCH_ON_EXTRA - notifyExtras- start
08-05 14:23:27.451 13943 13980 D Nappa   : PREFETCH_ON_EXTRA - notifyExtras- end
08-05 14:23:27.451 13943 13980 D Nappa   : PREFSTRAT2 ADDING NEW ACTEXTRADATA
08-05 14:23:27.460 13943 13943 D Nappa   : Stayed on nappagreedy.appteam.nith.hillffair.activities.EventActivity for 1689 ms
08-05 14:23:27.495 13943 13943 D Nappa   : TAG okHttpClient initialized
08-05 14:23:27.501 13943 13943 D Nappa   : setCurrentActivity - MetricStrategyAccuracy - 
08-05 14:23:27.501 13943 13943 D Nappa   : madePredictionFromActivity = false, 
08-05 14:23:27.501 13943 13943 D Nappa   : fromActivity = nappagreedy.appteam.nith.hillffair.activities.EventActivity, 
08-05 14:23:27.501 13943 13943 D Nappa   : predictedNextActivityFromActivity = [], 
08-05 14:23:27.501 13943 13943 D Nappa   : activity.getClass().getCanonicalName() = nappagreedy.appteam.nith.hillffair.activities.ClubActivity, 
08-05 14:23:27.501 13943 13943 D Nappa   : setCurrentActivity - MetricStrategyAccuracy - 
08-05 14:23:27.501 13943 13943 D Nappa   : madePredictionFromExtra = true, 
08-05 14:23:27.501 13943 13943 D Nappa   : fromActivity = nappagreedy.appteam.nith.hillffair.activities.EventActivity, 
08-05 14:23:27.501 13943 13943 D Nappa   : predictedNextActivityFromExtra = [nappagreedy.appteam.nith.hillffair.activities.ClubActivity], 
08-05 14:23:27.501 13943 13943 D Nappa   : activity.getClass().getCanonicalName() = nappagreedy.appteam.nith.hillffair.activities.ClubActivity, 
08-05 14:23:27.501 13943 13943 D Nappa   : PREFETCH_ON_EXTRA - setCurrentActivity - logs - from activity - made prediction isfalse
08-05 14:23:27.502 13943 17830 D Nappa   : F1_SCORE add_intercept_url - (already in) - https://api-hillfair-2k16.herokuapp.com/api/app/club/PR%20Club
08-05 14:23:27.502 13943 17830 D Nappa   : F1_SCORE add_fn_url - (already in) - https://api-hillfair-2k16.herokuapp.com/api/app/club/PR%20Club
08-05 14:23:27.502 13943 17830 D Nappa   : -------------F1_SCORE #43 -----------
08-05 14:23:27.502 13943 17830 D Nappa   : F1_SCORE - Intercept list (8)= [https://api-hillfair-2k16.herokuapp.com/api/app/events/special, https://api-hillfair-2k16.herokuapp.com/api/app/events/special/event?id=58065620dcba0f490c70fe09, https://api-hillfair-2k16.herokuapp.com/api/app/events/special/event?id=5806551bdcba0f490c70fd1f, https://api-hillfair-2k16.herokuapp.com/api/app/quiz/leaderboard?from=1, https://api-hillfair-2k16.herokuapp.com/api/app/club, https://api-hillfair-2k16.herokuapp.com/api/app/club/PR%20Club, https://api-hillfair-2k16.herokuapp.com/api/app/club/Design%20and%20Decoration%20Club, https://api-hillfair-2k16.herokuapp.com/api/app/club/Technical%20Committee]
08-05 14:23:27.502 13943 17830 D Nappa   : F1_SCORE - Prefetch list (3)= [https://api-hillfair-2k16.herokuapp.com/api/app/events/special/event?id=5806551bdcba0f490c70fd1f, https://api-hillfair-2k16.herokuapp.com/api/app/events/special/event?id=580655cddcba0f490c70fdd0, https://api-hillfair-2k16.herokuapp.com/api/app/events/special/event?id=58065620dcba0f490c70fe09]
08-05 14:23:27.502 13943 17830 D Nappa   : F1_SCORE - TP list (2)= [https://api-hillfair-2k16.herokuapp.com/api/app/events/special/event?id=58065620dcba0f490c70fe09, https://api-hillfair-2k16.herokuapp.com/api/app/events/special/event?id=5806551bdcba0f490c70fd1f]
08-05 14:23:27.502 13943 17830 D Nappa   : F1_SCORE - FN list (6)= [https://api-hillfair-2k16.herokuapp.com/api/app/events/special, https://api-hillfair-2k16.herokuapp.com/api/app/quiz/leaderboard?from=1, https://api-hillfair-2k16.herokuapp.com/api/app/club, https://api-hillfair-2k16.herokuapp.com/api/app/club/PR%20Club, https://api-hillfair-2k16.herokuapp.com/api/app/club/Design%20and%20Decoration%20Club, https://api-hillfair-2k16.herokuapp.com/api/app/club/Technical%20Committee]
08-05 14:23:27.601 13943 13943 D Nappa   : registerActivity: (already in) nappagreedy.appteam.nith.hillffair.activities.ClubActivity
08-05 14:23:27.602 13943 13943 D Nappa   : SHOULD_PREFETCH true
08-05 14:23:27.602 13943 13980 D Nappa   : registerActivity: (already in) nappagreedy.appteam.nith.hillffair.activities.ClubActivity
08-05 14:23:27.602 13943 13980 D Nappa   : PARENTS 
08-05 14:23:27.602 13943 13980 D Nappa   : Of: nappagreedy.appteam.nith.hillffair.activities.ClubActivity -> 
08-05 14:23:27.602 13943 13980 D Nappa   : PARENTS nappagreedy.appteam.nith.hillffair.activities.BattleDayActivity
08-05 14:23:27.602 13943 13980 D Nappa   : PARENTS has extra: (name, Music)
08-05 14:23:27.602 13943 13980 D Nappa   : PARENTS has extra: (id, 5806551bdcba0f490c70fd1f)
08-05 14:23:27.602 13943 13980 D Nappa   : PARENTS has extra: (battleday, true)
08-05 14:23:27.602 13943 13980 D Nappa   : PARENTS nappagreedy.appteam.nith.hillffair.activities.HomeActivity
08-05 14:23:27.602 13943 13980 D Nappa   : PARENTS nappagreedy.appteam.nith.hillffair.activities.SplashActivity
08-05 14:23:27.602 13943 13980 D Nappa   : PARENTS nappagreedy.appteam.nith.hillffair.activities.EventActivity
08-05 14:23:27.602 13943 13980 D Nappa   : PARENTS has extra: (CLUB_NAME, PR Club)
08-05 14:23:27.702 13943 13943 D Nappa   : registerActivity: (already in) nappagreedy.appteam.nith.hillffair.activities.ClubActivity
08-05 14:23:27.702 13943 13943 D Nappa   : STATS Number of requests not prefetched: 9
08-05 14:23:27.702 13943 13943 D Nappa   : STATS Number of requests prefetched: 8
08-05 14:23:27.702 13943 13943 D Nappa   : STATS Time saved until now: 0.329
08-05 14:23:27.902 13943 13980 D Nappa   : PREFETCH_ON_EXTRA - setCurrentActivity - logs - from extra - made prediction istrue
08-05 14:23:27.902 13943 13980 D Nappa   : PREFETCH_ON_EXTRA - setCurrentActivity - logs - from extra - start
08-05 14:23:27.902 13943 13980 D Nappa   : setCurrentActivity - MetricStrategyAccuracy - checking prediction VS current activity for extras
08-05 14:23:27.902 13943 13980 D Nappa   : PREFETCH_ON_EXTRA - setCurrentActivity - logs - from extra- finished
08-05 14:23:28.202 13943 13980 D Nappa   : PREFETCH_ON_EXTRA - setCurrentActivity - starting new prediction
08-05 14:23:28.202 13943 13980 D Nappa   : Current node - currentActivityName - nappagreedy.appteam.nith.hillffair.activities.ClubActivity
08-05 14:23:28.202 13943 13980 D Nappa   : Current node - activityGraph.getCurrent() - nappagreedy.appteam.nith.hillffair.activities.ClubActivity
08-05 14:23:28.203 13943 13980 D Nappa   : PREFETCH_ON_EXTRA - setCurrentActivity - finished new prediction
08-05 14:23:32.236 13943 13943 D Nappa   : Stayed on nappagreedy.appteam.nith.hillffair.activities.ClubActivity for 4534 ms
08-05 14:23:32.241 13943 13943 D Nappa   : setCurrentActivity - MetricStrategyAccuracy - 
08-05 14:23:32.241 13943 13943 D Nappa   : madePredictionFromActivity = true, 
08-05 14:23:32.241 13943 13943 D Nappa   : fromActivity = nappagreedy.appteam.nith.hillffair.activities.ClubActivity, 
08-05 14:23:32.241 13943 13943 D Nappa   : predictedNextActivityFromActivity = [], 
08-05 14:23:32.241 13943 13943 D Nappa   : activity.getClass().getCanonicalName() = nappagreedy.appteam.nith.hillffair.activities.EventActivity, 
08-05 14:23:32.241 13943 13943 D Nappa   : setCurrentActivity - MetricStrategyAccuracy - 
08-05 14:23:32.241 13943 13943 D Nappa   : madePredictionFromExtra = false, 
08-05 14:23:32.241 13943 13943 D Nappa   : fromActivity = nappagreedy.appteam.nith.hillffair.activities.ClubActivity, 
08-05 14:23:32.241 13943 13943 D Nappa   : predictedNextActivityFromExtra = [], 
08-05 14:23:32.241 13943 13943 D Nappa   : activity.getClass().getCanonicalName() = nappagreedy.appteam.nith.hillffair.activities.EventActivity, 
08-05 14:23:32.242 13943 13943 D Nappa   : PREFETCH_ON_EXTRA - setCurrentActivity - logs - from activity - made prediction istrue
08-05 14:23:32.242 13943 13943 D Nappa   : PREFETCH_ON_EXTRA - setCurrentActivity - logs - from activity - start
08-05 14:23:32.242 13943 13943 D Nappa   : PREFETCH_ON_EXTRA - setCurrentActivity - logs - from activity- finished
08-05 14:23:32.342 13943 13943 D Nappa   : registerActivity: (already in) nappagreedy.appteam.nith.hillffair.activities.EventActivity
08-05 14:23:32.342 13943 13943 D Nappa   : SHOULD_PREFETCH false
08-05 14:23:32.342 13943 13943 D Nappa   : STATS Number of requests not prefetched: 9
08-05 14:23:32.342 13943 13943 D Nappa   : STATS Number of requests prefetched: 8
08-05 14:23:32.342 13943 13943 D Nappa   : STATS Time saved until now: 0.329
08-05 14:23:32.642 13943 13980 D Nappa   : PREFETCH_ON_EXTRA - setCurrentActivity - logs - from extra - made prediction isfalse
08-05 14:23:34.018 13943 13943 D Nappa   : Stayed on nappagreedy.appteam.nith.hillffair.activities.EventActivity for 1676 ms
08-05 14:23:34.023 13943 13943 D Nappa   : setCurrentActivity - MetricStrategyAccuracy - 
08-05 14:23:34.023 13943 13943 D Nappa   : madePredictionFromActivity = false, 
08-05 14:23:34.023 13943 13943 D Nappa   : fromActivity = nappagreedy.appteam.nith.hillffair.activities.EventActivity, 
08-05 14:23:34.023 13943 13943 D Nappa   : predictedNextActivityFromActivity = [], 
08-05 14:23:34.023 13943 13943 D Nappa   : activity.getClass().getCanonicalName() = nappagreedy.appteam.nith.hillffair.activities.HomeActivity, 
08-05 14:23:34.023 13943 13943 D Nappa   : setCurrentActivity - MetricStrategyAccuracy - 
08-05 14:23:34.023 13943 13943 D Nappa   : madePredictionFromExtra = false, 
08-05 14:23:34.023 13943 13943 D Nappa   : fromActivity = nappagreedy.appteam.nith.hillffair.activities.EventActivity, 
08-05 14:23:34.023 13943 13943 D Nappa   : predictedNextActivityFromExtra = [], 
08-05 14:23:34.023 13943 13943 D Nappa   : activity.getClass().getCanonicalName() = nappagreedy.appteam.nith.hillffair.activities.HomeActivity, 
08-05 14:23:34.023 13943 13943 D Nappa   : PREFETCH_ON_EXTRA - setCurrentActivity - logs - from activity - made prediction isfalse
08-05 14:23:34.123 13943 13943 D Nappa   : registerActivity: (already in) nappagreedy.appteam.nith.hillffair.activities.HomeActivity
08-05 14:23:34.123 13943 13943 D Nappa   : SHOULD_PREFETCH false
08-05 14:23:34.124 13943 13943 D Nappa   : STATS Number of requests not prefetched: 9
08-05 14:23:34.124 13943 13943 D Nappa   : STATS Number of requests prefetched: 8
08-05 14:23:34.124 13943 13943 D Nappa   : STATS Time saved until now: 0.329
08-05 14:23:34.423 13943 13980 D Nappa   : PREFETCH_ON_EXTRA - setCurrentActivity - logs - from extra - made prediction isfalse
08-05 14:23:35.799 13943 13943 D Nappa   : Stayed on nappagreedy.appteam.nith.hillffair.activities.HomeActivity for 1675 ms
08-05 14:23:35.821 13943 13943 D Nappa   : TAG okHttpClient initialized
08-05 14:23:35.828 13943 13943 D Nappa   : setCurrentActivity - MetricStrategyAccuracy - 
08-05 14:23:35.828 13943 13943 D Nappa   : madePredictionFromActivity = false, 
08-05 14:23:35.828 13943 13943 D Nappa   : fromActivity = nappagreedy.appteam.nith.hillffair.activities.HomeActivity, 
08-05 14:23:35.828 13943 13943 D Nappa   : predictedNextActivityFromActivity = [], 
08-05 14:23:35.828 13943 13943 D Nappa   : activity.getClass().getCanonicalName() = nappagreedy.appteam.nith.hillffair.activities.EventActivity, 
08-05 14:23:35.828 13943 13943 D Nappa   : setCurrentActivity - MetricStrategyAccuracy - 
08-05 14:23:35.828 13943 13943 D Nappa   : madePredictionFromExtra = false, 
08-05 14:23:35.828 13943 13943 D Nappa   : fromActivity = nappagreedy.appteam.nith.hillffair.activities.HomeActivity, 
08-05 14:23:35.828 13943 13943 D Nappa   : predictedNextActivityFromExtra = [], 
08-05 14:23:35.828 13943 13943 D Nappa   : activity.getClass().getCanonicalName() = nappagreedy.appteam.nith.hillffair.activities.EventActivity, 
08-05 14:23:35.828 13943 13943 D Nappa   : PREFETCH_ON_EXTRA - setCurrentActivity - logs - from activity - made prediction isfalse
08-05 14:23:35.828 13943 18063 D Nappa   : F1_SCORE add_intercept_url - (already in) - https://api-hillfair-2k16.herokuapp.com/api/app/club
08-05 14:23:35.828 13943 18063 D Nappa   : F1_SCORE add_fn_url - (already in) - https://api-hillfair-2k16.herokuapp.com/api/app/club
08-05 14:23:35.828 13943 18063 D Nappa   : -------------F1_SCORE #46 -----------
08-05 14:23:35.828 13943 18063 D Nappa   : F1_SCORE - Intercept list (8)= [https://api-hillfair-2k16.herokuapp.com/api/app/events/special, https://api-hillfair-2k16.herokuapp.com/api/app/events/special/event?id=58065620dcba0f490c70fe09, https://api-hillfair-2k16.herokuapp.com/api/app/events/special/event?id=5806551bdcba0f490c70fd1f, https://api-hillfair-2k16.herokuapp.com/api/app/quiz/leaderboard?from=1, https://api-hillfair-2k16.herokuapp.com/api/app/club, https://api-hillfair-2k16.herokuapp.com/api/app/club/PR%20Club, https://api-hillfair-2k16.herokuapp.com/api/app/club/Design%20and%20Decoration%20Club, https://api-hillfair-2k16.herokuapp.com/api/app/club/Technical%20Committee]
08-05 14:23:35.828 13943 18063 D Nappa   : F1_SCORE - Prefetch list (3)= [https://api-hillfair-2k16.herokuapp.com/api/app/events/special/event?id=5806551bdcba0f490c70fd1f, https://api-hillfair-2k16.herokuapp.com/api/app/events/special/event?id=580655cddcba0f490c70fdd0, https://api-hillfair-2k16.herokuapp.com/api/app/events/special/event?id=58065620dcba0f490c70fe09]
08-05 14:23:35.829 13943 18063 D Nappa   : F1_SCORE - TP list (2)= [https://api-hillfair-2k16.herokuapp.com/api/app/events/special/event?id=58065620dcba0f490c70fe09, https://api-hillfair-2k16.herokuapp.com/api/app/events/special/event?id=5806551bdcba0f490c70fd1f]
08-05 14:23:35.829 13943 18063 D Nappa   : F1_SCORE - FN list (6)= [https://api-hillfair-2k16.herokuapp.com/api/app/events/special, https://api-hillfair-2k16.herokuapp.com/api/app/quiz/leaderboard?from=1, https://api-hillfair-2k16.herokuapp.com/api/app/club, https://api-hillfair-2k16.herokuapp.com/api/app/club/PR%20Club, https://api-hillfair-2k16.herokuapp.com/api/app/club/Design%20and%20Decoration%20Club, https://api-hillfair-2k16.herokuapp.com/api/app/club/Technical%20Committee]
08-05 14:23:35.928 13943 13943 D Nappa   : registerActivity: (already in) nappagreedy.appteam.nith.hillffair.activities.EventActivity
08-05 14:23:35.928 13943 13980 D Nappa   : registerActivity: (already in) nappagreedy.appteam.nith.hillffair.activities.EventActivity
08-05 14:23:35.929 13943 13980 D Nappa   : PARENTS 
08-05 14:23:35.929 13943 13980 D Nappa   : Of: nappagreedy.appteam.nith.hillffair.activities.EventActivity -> 
08-05 14:23:35.929 13943 13980 D Nappa   : PARENTS nappagreedy.appteam.nith.hillffair.activities.HomeActivity
08-05 14:23:35.929 13943 13980 D Nappa   : PARENTS nappagreedy.appteam.nith.hillffair.activities.SplashActivity
08-05 14:23:35.929 13943 13943 D Nappa   : SHOULD_PREFETCH true
08-05 14:23:36.029 13943 13943 D Nappa   : registerActivity: (already in) nappagreedy.appteam.nith.hillffair.activities.EventActivity
08-05 14:23:36.029 13943 13943 D Nappa   : SUCCESSORS nappagreedy.appteam.nith.hillffair.activities.ClubActivity
08-05 14:23:36.029 13943 13943 D Nappa   : STATS Number of requests not prefetched: 9
08-05 14:23:36.029 13943 13943 D Nappa   : STATS Number of requests prefetched: 9
08-05 14:23:36.029 13943 13943 D Nappa   : STATS Time saved until now: 0.371
08-05 14:23:36.228 13943 13980 D Nappa   : PREFETCH_ON_EXTRA - setCurrentActivity - logs - from extra - made prediction isfalse
08-05 14:23:36.529 13943 13980 D Nappa   : PREFETCH_ON_EXTRA - setCurrentActivity - starting new prediction
08-05 14:23:36.530 13943 13980 D Nappa   : Current node - currentActivityName - nappagreedy.appteam.nith.hillffair.activities.EventActivity
08-05 14:23:36.530 13943 13980 D Nappa   : Current node - activityGraph.getCurrent() - nappagreedy.appteam.nith.hillffair.activities.EventActivity
08-05 14:23:36.533 13943 13980 D Nappa   : PREFETCH_ON_EXTRA - setCurrentActivity - finished new prediction
08-05 14:23:40.586 13943 13980 D Nappa   : PREFETCH_ON_EXTRA - notifyExtras- start
08-05 14:23:40.588 13943 13980 D Nappa   : PREFETCH_ON_EXTRA - notifyExtras- end
08-05 14:23:40.588 13943 13980 D Nappa   : PREFSTRAT2 ADDING NEW ACTEXTRADATA
08-05 14:23:40.597 13943 13943 D Nappa   : Stayed on nappagreedy.appteam.nith.hillffair.activities.EventActivity for 4568 ms
08-05 14:23:40.622 13943 13943 D Nappa   : TAG okHttpClient initialized
08-05 14:23:40.627 13943 13943 D Nappa   : setCurrentActivity - MetricStrategyAccuracy - 
08-05 14:23:40.627 13943 13943 D Nappa   : madePredictionFromActivity = true, 
08-05 14:23:40.627 13943 13943 D Nappa   : fromActivity = nappagreedy.appteam.nith.hillffair.activities.EventActivity, 
08-05 14:23:40.627 13943 13943 D Nappa   : predictedNextActivityFromActivity = [nappagreedy.appteam.nith.hillffair.activities.ClubActivity], 
08-05 14:23:40.627 13943 13943 D Nappa   : activity.getClass().getCanonicalName() = nappagreedy.appteam.nith.hillffair.activities.ClubActivity, 
08-05 14:23:40.627 13943 13943 D Nappa   : setCurrentActivity - MetricStrategyAccuracy - 
08-05 14:23:40.627 13943 13943 D Nappa   : madePredictionFromExtra = true, 
08-05 14:23:40.627 13943 13943 D Nappa   : fromActivity = nappagreedy.appteam.nith.hillffair.activities.EventActivity, 
08-05 14:23:40.627 13943 13943 D Nappa   : predictedNextActivityFromExtra = [nappagreedy.appteam.nith.hillffair.activities.ClubActivity], 
08-05 14:23:40.627 13943 13943 D Nappa   : activity.getClass().getCanonicalName() = nappagreedy.appteam.nith.hillffair.activities.ClubActivity, 
08-05 14:23:40.628 13943 13943 D Nappa   : PREFETCH_ON_EXTRA - setCurrentActivity - logs - from activity - made prediction istrue
08-05 14:23:40.628 13943 18216 D Nappa   : F1_SCORE add_intercept_url - (already in) - https://api-hillfair-2k16.herokuapp.com/api/app/club/Technical%20Committee
08-05 14:23:40.628 13943 13943 D Nappa   : PREFETCH_ON_EXTRA - setCurrentActivity - logs - from activity - start
08-05 14:23:40.628 13943 13943 D Nappa   : setCurrentActivity - MetricStrategyAccuracy - checking prediction VS current activity for activities
08-05 14:23:40.628 13943 18216 D Nappa   : F1_SCORE add_fn_url - (already in) - https://api-hillfair-2k16.herokuapp.com/api/app/club/Technical%20Committee
08-05 14:23:40.628 13943 18216 D Nappa   : -------------F1_SCORE #47 -----------
08-05 14:23:40.628 13943 18216 D Nappa   : F1_SCORE - Intercept list (8)= [https://api-hillfair-2k16.herokuapp.com/api/app/events/special, https://api-hillfair-2k16.herokuapp.com/api/app/events/special/event?id=58065620dcba0f490c70fe09, https://api-hillfair-2k16.herokuapp.com/api/app/events/special/event?id=5806551bdcba0f490c70fd1f, https://api-hillfair-2k16.herokuapp.com/api/app/quiz/leaderboard?from=1, https://api-hillfair-2k16.herokuapp.com/api/app/club, https://api-hillfair-2k16.herokuapp.com/api/app/club/PR%20Club, https://api-hillfair-2k16.herokuapp.com/api/app/club/Design%20and%20Decoration%20Club, https://api-hillfair-2k16.herokuapp.com/api/app/club/Technical%20Committee]
08-05 14:23:40.628 13943 13943 D Nappa   : PREFETCH_ON_EXTRA - setCurrentActivity - logs - from activity- finished
08-05 14:23:40.628 13943 18216 D Nappa   : F1_SCORE - Prefetch list (3)= [https://api-hillfair-2k16.herokuapp.com/api/app/events/special/event?id=5806551bdcba0f490c70fd1f, https://api-hillfair-2k16.herokuapp.com/api/app/events/special/event?id=580655cddcba0f490c70fdd0, https://api-hillfair-2k16.herokuapp.com/api/app/events/special/event?id=58065620dcba0f490c70fe09]
08-05 14:23:40.628 13943 18216 D Nappa   : F1_SCORE - TP list (2)= [https://api-hillfair-2k16.herokuapp.com/api/app/events/special/event?id=58065620dcba0f490c70fe09, https://api-hillfair-2k16.herokuapp.com/api/app/events/special/event?id=5806551bdcba0f490c70fd1f]
08-05 14:23:40.628 13943 18216 D Nappa   : F1_SCORE - FN list (6)= [https://api-hillfair-2k16.herokuapp.com/api/app/events/special, https://api-hillfair-2k16.herokuapp.com/api/app/quiz/leaderboard?from=1, https://api-hillfair-2k16.herokuapp.com/api/app/club, https://api-hillfair-2k16.herokuapp.com/api/app/club/PR%20Club, https://api-hillfair-2k16.herokuapp.com/api/app/club/Design%20and%20Decoration%20Club, https://api-hillfair-2k16.herokuapp.com/api/app/club/Technical%20Committee]
08-05 14:23:40.728 13943 13943 D Nappa   : registerActivity: (already in) nappagreedy.appteam.nith.hillffair.activities.ClubActivity
08-05 14:23:40.728 13943 13980 D Nappa   : registerActivity: (already in) nappagreedy.appteam.nith.hillffair.activities.EventActivity
08-05 14:23:40.729 13943 13980 D Nappa   : PARENTS 
08-05 14:23:40.729 13943 13980 D Nappa   : Of: nappagreedy.appteam.nith.hillffair.activities.EventActivity -> 
08-05 14:23:40.729 13943 13980 D Nappa   : PARENTS nappagreedy.appteam.nith.hillffair.activities.HomeActivity
08-05 14:23:40.729 13943 13980 D Nappa   : PARENTS nappagreedy.appteam.nith.hillffair.activities.SplashActivity
08-05 14:23:40.729 13943 13943 D Nappa   : SHOULD_PREFETCH true
08-05 14:23:40.829 13943 13943 D Nappa   : registerActivity: (already in) nappagreedy.appteam.nith.hillffair.activities.ClubActivity
08-05 14:23:40.829 13943 13943 D Nappa   : STATS Number of requests not prefetched: 9
08-05 14:23:40.829 13943 13943 D Nappa   : STATS Number of requests prefetched: 10
08-05 14:23:40.829 13943 13943 D Nappa   : STATS Time saved until now: 0.407
08-05 14:23:41.028 13943 13980 D Nappa   : PREFETCH_ON_EXTRA - setCurrentActivity - logs - from extra - made prediction istrue
08-05 14:23:41.028 13943 13980 D Nappa   : PREFETCH_ON_EXTRA - setCurrentActivity - logs - from extra - start
08-05 14:23:41.028 13943 13980 D Nappa   : setCurrentActivity - MetricStrategyAccuracy - checking prediction VS current activity for extras
08-05 14:23:41.029 13943 13980 D Nappa   : PREFETCH_ON_EXTRA - setCurrentActivity - logs - from extra- finished
08-05 14:23:41.329 13943 13980 D Nappa   : PREFETCH_ON_EXTRA - setCurrentActivity - starting new prediction
08-05 14:23:41.329 13943 13980 D Nappa   : Current node - currentActivityName - nappagreedy.appteam.nith.hillffair.activities.ClubActivity
08-05 14:23:41.330 13943 13980 D Nappa   : Current node - activityGraph.getCurrent() - nappagreedy.appteam.nith.hillffair.activities.ClubActivity
08-05 14:23:41.331 13943 13980 D Nappa   : PREFETCH_ON_EXTRA - setCurrentActivity - finished new prediction
08-05 14:23:45.376 13943 13943 D Nappa   : Stayed on nappagreedy.appteam.nith.hillffair.activities.ClubActivity for 4547 ms
08-05 14:23:45.381 13943 13943 D Nappa   : setCurrentActivity - MetricStrategyAccuracy - 
08-05 14:23:45.381 13943 13943 D Nappa   : madePredictionFromActivity = true, 
08-05 14:23:45.381 13943 13943 D Nappa   : fromActivity = nappagreedy.appteam.nith.hillffair.activities.ClubActivity, 
08-05 14:23:45.381 13943 13943 D Nappa   : predictedNextActivityFromActivity = [], 
08-05 14:23:45.381 13943 13943 D Nappa   : activity.getClass().getCanonicalName() = nappagreedy.appteam.nith.hillffair.activities.EventActivity, 
08-05 14:23:45.381 13943 13943 D Nappa   : setCurrentActivity - MetricStrategyAccuracy - 
08-05 14:23:45.381 13943 13943 D Nappa   : madePredictionFromExtra = false, 
08-05 14:23:45.381 13943 13943 D Nappa   : fromActivity = nappagreedy.appteam.nith.hillffair.activities.ClubActivity, 
08-05 14:23:45.381 13943 13943 D Nappa   : predictedNextActivityFromExtra = [], 
08-05 14:23:45.381 13943 13943 D Nappa   : activity.getClass().getCanonicalName() = nappagreedy.appteam.nith.hillffair.activities.EventActivity, 
08-05 14:23:45.381 13943 13943 D Nappa   : PREFETCH_ON_EXTRA - setCurrentActivity - logs - from activity - made prediction istrue
08-05 14:23:45.381 13943 13943 D Nappa   : PREFETCH_ON_EXTRA - setCurrentActivity - logs - from activity - start
08-05 14:23:45.381 13943 13943 D Nappa   : PREFETCH_ON_EXTRA - setCurrentActivity - logs - from activity- finished
08-05 14:23:45.482 13943 13943 D Nappa   : registerActivity: (already in) nappagreedy.appteam.nith.hillffair.activities.EventActivity
08-05 14:23:45.482 13943 13943 D Nappa   : SHOULD_PREFETCH false
08-05 14:23:45.482 13943 13943 D Nappa   : STATS Number of requests not prefetched: 9
08-05 14:23:45.482 13943 13943 D Nappa   : STATS Number of requests prefetched: 10
08-05 14:23:45.482 13943 13943 D Nappa   : STATS Time saved until now: 0.407
08-05 14:23:45.782 13943 13980 D Nappa   : PREFETCH_ON_EXTRA - setCurrentActivity - logs - from extra - made prediction isfalse
08-05 14:23:47.145 13943 13943 D Nappa   : Stayed on nappagreedy.appteam.nith.hillffair.activities.EventActivity for 1663 ms
08-05 14:23:47.150 13943 13943 D Nappa   : setCurrentActivity - MetricStrategyAccuracy - 
08-05 14:23:47.150 13943 13943 D Nappa   : madePredictionFromActivity = false, 
08-05 14:23:47.150 13943 13943 D Nappa   : fromActivity = nappagreedy.appteam.nith.hillffair.activities.EventActivity, 
08-05 14:23:47.150 13943 13943 D Nappa   : predictedNextActivityFromActivity = [], 
08-05 14:23:47.150 13943 13943 D Nappa   : activity.getClass().getCanonicalName() = nappagreedy.appteam.nith.hillffair.activities.HomeActivity, 
08-05 14:23:47.150 13943 13943 D Nappa   : setCurrentActivity - MetricStrategyAccuracy - 
08-05 14:23:47.150 13943 13943 D Nappa   : madePredictionFromExtra = false, 
08-05 14:23:47.150 13943 13943 D Nappa   : fromActivity = nappagreedy.appteam.nith.hillffair.activities.EventActivity, 
08-05 14:23:47.150 13943 13943 D Nappa   : predictedNextActivityFromExtra = [], 
08-05 14:23:47.150 13943 13943 D Nappa   : activity.getClass().getCanonicalName() = nappagreedy.appteam.nith.hillffair.activities.HomeActivity, 
08-05 14:23:47.150 13943 13943 D Nappa   : PREFETCH_ON_EXTRA - setCurrentActivity - logs - from activity - made prediction isfalse
08-05 14:23:47.251 13943 13943 D Nappa   : registerActivity: (already in) nappagreedy.appteam.nith.hillffair.activities.HomeActivity
08-05 14:23:47.251 13943 13943 D Nappa   : SHOULD_PREFETCH false
08-05 14:23:47.251 13943 13943 D Nappa   : STATS Number of requests not prefetched: 9
08-05 14:23:47.251 13943 13943 D Nappa   : STATS Number of requests prefetched: 10
08-05 14:23:47.251 13943 13943 D Nappa   : STATS Time saved until now: 0.407
08-05 14:23:47.550 13943 13980 D Nappa   : PREFETCH_ON_EXTRA - setCurrentActivity - logs - from extra - made prediction isfalse
