08-05 15:24:25.578  5124  8634 D Nappa   : F1_SCORE add_intercept_url - (new) - https://api-hillfair-2k16.herokuapp.com/api/app/club/Technical%20Committee
08-05 15:24:25.578  5124  8634 D Nappa   : F1_SCORE add_fn_url - (new) - https://api-hillfair-2k16.herokuapp.com/api/app/club/Technical%20Committee
08-05 15:24:25.578  5124  8634 D Nappa   : -------------F1_SCORE #39 -----------
08-05 15:24:25.578  5124  8634 D Nappa   : F1_SCORE - Intercept list (8)= [https://api-hillfair-2k16.herokuapp.com/api/app/events/special, https://api-hillfair-2k16.herokuapp.com/api/app/events/special/event?id=58065620dcba0f490c70fe09, https://api-hillfair-2k16.herokuapp.com/api/app/events/special/event?id=5806551bdcba0f490c70fd1f, https://api-hillfair-2k16.herokuapp.com/api/app/quiz/leaderboard?from=1, https://api-hillfair-2k16.herokuapp.com/api/app/club, https://api-hillfair-2k16.herokuapp.com/api/app/club/PR%20Club, https://api-hillfair-2k16.herokuapp.com/api/app/club/Design%20and%20Decoration%20Club, https://api-hillfair-2k16.herokuapp.com/api/app/club/Technical%20Committee]
08-05 15:24:25.578  5124  8634 D Nappa   : F1_SCORE - Prefetch list (3)= [https://api-hillfair-2k16.herokuapp.com/api/app/events/special/event?id=5806551bdcba0f490c70fd1f, https://api-hillfair-2k16.herokuapp.com/api/app/events/special/event?id=580655cddcba0f490c70fdd0, https://api-hillfair-2k16.herokuapp.com/api/app/events/special/event?id=58065620dcba0f490c70fe09]
08-05 15:24:25.578  5124  8634 D Nappa   : F1_SCORE - TP list (2)= [https://api-hillfair-2k16.herokuapp.com/api/app/events/special/event?id=58065620dcba0f490c70fe09, https://api-hillfair-2k16.herokuapp.com/api/app/events/special/event?id=5806551bdcba0f490c70fd1f]
08-05 15:24:25.578  5124  8634 D Nappa   : F1_SCORE - FN list (6)= [https://api-hillfair-2k16.herokuapp.com/api/app/events/special, https://api-hillfair-2k16.herokuapp.com/api/app/quiz/leaderboard?from=1, https://api-hillfair-2k16.herokuapp.com/api/app/club, https://api-hillfair-2k16.herokuapp.com/api/app/club/PR%20Club, https://api-hillfair-2k16.herokuapp.com/api/app/club/Design%20and%20Decoration%20Club, https://api-hillfair-2k16.herokuapp.com/api/app/club/Technical%20Committee]
08-05 15:24:25.678  5124  5124 D Nappa   : registerActivity: (already in) nappagreedy.appteam.nith.hillffair.activities.ClubActivity
08-05 15:24:25.678  5124  5167 D Nappa   : registerActivity: (already in) nappagreedy.appteam.nith.hillffair.activities.EventActivity
08-05 15:24:25.679  5124  5167 D Nappa   : PARENTS 
08-05 15:24:25.679  5124  5167 D Nappa   : Of: nappagreedy.appteam.nith.hillffair.activities.EventActivity -> 
08-05 15:24:25.679  5124  5167 D Nappa   : PARENTS nappagreedy.appteam.nith.hillffair.activities.HomeActivity
08-05 15:24:25.679  5124  5167 D Nappa   : PARENTS nappagreedy.appteam.nith.hillffair.activities.SplashActivity
08-05 15:24:25.679  5124  5124 D Nappa   : SHOULD_PREFETCH true
08-05 15:24:25.779  5124  5124 D Nappa   : registerActivity: (already in) nappagreedy.appteam.nith.hillffair.activities.ClubActivity
08-05 15:24:25.779  5124  5124 D Nappa   : STATS Number of requests not prefetched: 8
08-05 15:24:25.779  5124  5124 D Nappa   : STATS Number of requests prefetched: 6
08-05 15:24:25.780  5124  5124 D Nappa   : STATS Time saved until now: 0.268
08-05 15:24:25.978  5124  5167 D Nappa   : PREFETCH_ON_EXTRA - setCurrentActivity - logs - from extra - made prediction istrue
08-05 15:24:25.978  5124  5167 D Nappa   : PREFETCH_ON_EXTRA - setCurrentActivity - logs - from extra - start
08-05 15:24:25.978  5124  5167 D Nappa   : setCurrentActivity - MetricStrategyAccuracy - checking prediction VS current activity for extras
08-05 15:24:25.978  5124  5167 D Nappa   : PREFETCH_ON_EXTRA - setCurrentActivity - logs - from extra- finished
08-05 15:24:26.279  5124  5167 D Nappa   : PREFETCH_ON_EXTRA - setCurrentActivity - starting new prediction
08-05 15:24:26.280  5124  5167 D Nappa   : Current node - currentActivityName - nappagreedy.appteam.nith.hillffair.activities.ClubActivity
08-05 15:24:26.280  5124  5167 D Nappa   : Current node - activityGraph.getCurrent() - nappagreedy.appteam.nith.hillffair.activities.ClubActivity
08-05 15:24:26.281  5124  5167 D Nappa   : PREFETCH_ON_EXTRA - setCurrentActivity - finished new prediction
08-05 15:24:30.355  5124  5124 D Nappa   : Stayed on nappagreedy.appteam.nith.hillffair.activities.ClubActivity for 4575 ms
08-05 15:24:30.361  5124  5124 D Nappa   : setCurrentActivity - MetricStrategyAccuracy - 
08-05 15:24:30.361  5124  5124 D Nappa   : madePredictionFromActivity = true, 
08-05 15:24:30.361  5124  5124 D Nappa   : fromActivity = nappagreedy.appteam.nith.hillffair.activities.ClubActivity, 
08-05 15:24:30.361  5124  5124 D Nappa   : predictedNextActivityFromActivity = [], 
08-05 15:24:30.361  5124  5124 D Nappa   : activity.getClass().getCanonicalName() = nappagreedy.appteam.nith.hillffair.activities.EventActivity, 
08-05 15:24:30.361  5124  5124 D Nappa   : setCurrentActivity - MetricStrategyAccuracy - 
08-05 15:24:30.361  5124  5124 D Nappa   : madePredictionFromExtra = false, 
08-05 15:24:30.361  5124  5124 D Nappa   : fromActivity = nappagreedy.appteam.nith.hillffair.activities.ClubActivity, 
08-05 15:24:30.361  5124  5124 D Nappa   : predictedNextActivityFromExtra = [], 
08-05 15:24:30.361  5124  5124 D Nappa   : activity.getClass().getCanonicalName() = nappagreedy.appteam.nith.hillffair.activities.EventActivity, 
08-05 15:24:30.361  5124  5124 D Nappa   : PREFETCH_ON_EXTRA - setCurrentActivity - logs - from activity - made prediction istrue
08-05 15:24:30.361  5124  5124 D Nappa   : PREFETCH_ON_EXTRA - setCurrentActivity - logs - from activity - start
08-05 15:24:30.361  5124  5124 D Nappa   : PREFETCH_ON_EXTRA - setCurrentActivity - logs - from activity- finished
08-05 15:24:30.462  5124  5124 D Nappa   : registerActivity: (already in) nappagreedy.appteam.nith.hillffair.activities.EventActivity
08-05 15:24:30.462  5124  5124 D Nappa   : SHOULD_PREFETCH false
08-05 15:24:30.462  5124  5124 D Nappa   : STATS Number of requests not prefetched: 9
08-05 15:24:30.462  5124  5124 D Nappa   : STATS Number of requests prefetched: 6
08-05 15:24:30.462  5124  5124 D Nappa   : STATS Time saved until now: 0.268
08-05 15:24:30.762  5124  5167 D Nappa   : PREFETCH_ON_EXTRA - setCurrentActivity - logs - from extra - made prediction isfalse
08-05 15:24:32.120  5124  5167 D Nappa   : PREFETCH_ON_EXTRA - notifyExtras- start
08-05 15:24:32.123  5124  5167 D Nappa   : PREFETCH_ON_EXTRA - notifyExtras- end
08-05 15:24:32.123  5124  5167 D Nappa   : PREFSTRAT2 ADDING NEW ACTEXTRADATA
08-05 15:24:32.129  5124  5124 D Nappa   : Stayed on nappagreedy.appteam.nith.hillffair.activities.EventActivity for 1667 ms
08-05 15:24:32.151  5124  5124 D Nappa   : TAG okHttpClient initialized
08-05 15:24:32.156  5124  5124 D Nappa   : setCurrentActivity - MetricStrategyAccuracy - 
08-05 15:24:32.156  5124  5124 D Nappa   : madePredictionFromActivity = false, 
08-05 15:24:32.156  5124  5124 D Nappa   : fromActivity = nappagreedy.appteam.nith.hillffair.activities.EventActivity, 
08-05 15:24:32.156  5124  5124 D Nappa   : predictedNextActivityFromActivity = [], 
08-05 15:24:32.156  5124  5124 D Nappa   : activity.getClass().getCanonicalName() = nappagreedy.appteam.nith.hillffair.activities.ClubActivity, 
08-05 15:24:32.156  5124  5124 D Nappa   : setCurrentActivity - MetricStrategyAccuracy - 
08-05 15:24:32.156  5124  5124 D Nappa   : madePredictionFromExtra = true, 
08-05 15:24:32.156  5124  5124 D Nappa   : fromActivity = nappagreedy.appteam.nith.hillffair.activities.EventActivity, 
08-05 15:24:32.156  5124  5124 D Nappa   : predictedNextActivityFromExtra = [nappagreedy.appteam.nith.hillffair.activities.ClubActivity], 
08-05 15:24:32.156  5124  5124 D Nappa   : activity.getClass().getCanonicalName() = nappagreedy.appteam.nith.hillffair.activities.ClubActivity, 
08-05 15:24:32.156  5124  5124 D Nappa   : PREFETCH_ON_EXTRA - setCurrentActivity - logs - from activity - made prediction isfalse
08-05 15:24:32.156  5124  8804 D Nappa   : F1_SCORE add_intercept_url - (already in) - https://api-hillfair-2k16.herokuapp.com/api/app/club/Technical%20Committee
08-05 15:24:32.156  5124  8804 D Nappa   : F1_SCORE add_fn_url - (already in) - https://api-hillfair-2k16.herokuapp.com/api/app/club/Technical%20Committee
08-05 15:24:32.156  5124  8804 D Nappa   : -------------F1_SCORE #41 -----------
08-05 15:24:32.156  5124  8804 D Nappa   : F1_SCORE - Intercept list (8)= [https://api-hillfair-2k16.herokuapp.com/api/app/events/special, https://api-hillfair-2k16.herokuapp.com/api/app/events/special/event?id=58065620dcba0f490c70fe09, https://api-hillfair-2k16.herokuapp.com/api/app/events/special/event?id=5806551bdcba0f490c70fd1f, https://api-hillfair-2k16.herokuapp.com/api/app/quiz/leaderboard?from=1, https://api-hillfair-2k16.herokuapp.com/api/app/club, https://api-hillfair-2k16.herokuapp.com/api/app/club/PR%20Club, https://api-hillfair-2k16.herokuapp.com/api/app/club/Design%20and%20Decoration%20Club, https://api-hillfair-2k16.herokuapp.com/api/app/club/Technical%20Committee]
08-05 15:24:32.157  5124  8804 D Nappa   : F1_SCORE - Prefetch list (3)= [https://api-hillfair-2k16.herokuapp.com/api/app/events/special/event?id=5806551bdcba0f490c70fd1f, https://api-hillfair-2k16.herokuapp.com/api/app/events/special/event?id=580655cddcba0f490c70fdd0, https://api-hillfair-2k16.herokuapp.com/api/app/events/special/event?id=58065620dcba0f490c70fe09]
08-05 15:24:32.157  5124  8804 D Nappa   : F1_SCORE - TP list (2)= [https://api-hillfair-2k16.herokuapp.com/api/app/events/special/event?id=58065620dcba0f490c70fe09, https://api-hillfair-2k16.herokuapp.com/api/app/events/special/event?id=5806551bdcba0f490c70fd1f]
08-05 15:24:32.157  5124  8804 D Nappa   : F1_SCORE - FN list (6)= [https://api-hillfair-2k16.herokuapp.com/api/app/events/special, https://api-hillfair-2k16.herokuapp.com/api/app/quiz/leaderboard?from=1, https://api-hillfair-2k16.herokuapp.com/api/app/club, https://api-hillfair-2k16.herokuapp.com/api/app/club/PR%20Club, https://api-hillfair-2k16.herokuapp.com/api/app/club/Design%20and%20Decoration%20Club, https://api-hillfair-2k16.herokuapp.com/api/app/club/Technical%20Committee]
08-05 15:24:32.256  5124  5124 D Nappa   : registerActivity: (already in) nappagreedy.appteam.nith.hillffair.activities.ClubActivity
08-05 15:24:32.257  5124  5124 D Nappa   : SHOULD_PREFETCH true
08-05 15:24:32.257  5124  5167 D Nappa   : registerActivity: (already in) nappagreedy.appteam.nith.hillffair.activities.EventActivity
08-05 15:24:32.257  5124  5167 D Nappa   : PARENTS 
08-05 15:24:32.257  5124  5167 D Nappa   : Of: nappagreedy.appteam.nith.hillffair.activities.EventActivity -> 
08-05 15:24:32.257  5124  5167 D Nappa   : PARENTS nappagreedy.appteam.nith.hillffair.activities.HomeActivity
08-05 15:24:32.258  5124  5167 D Nappa   : PARENTS nappagreedy.appteam.nith.hillffair.activities.SplashActivity
08-05 15:24:32.357  5124  5124 D Nappa   : registerActivity: (already in) nappagreedy.appteam.nith.hillffair.activities.ClubActivity
08-05 15:24:32.358  5124  5124 D Nappa   : STATS Number of requests not prefetched: 9
08-05 15:24:32.358  5124  5124 D Nappa   : STATS Number of requests prefetched: 7
08-05 15:24:32.358  5124  5124 D Nappa   : STATS Time saved until now: 0.30400002
08-05 15:24:32.556  5124  5167 D Nappa   : PREFETCH_ON_EXTRA - setCurrentActivity - logs - from extra - made prediction istrue
08-05 15:24:32.557  5124  5167 D Nappa   : PREFETCH_ON_EXTRA - setCurrentActivity - logs - from extra - start
08-05 15:24:32.557  5124  5167 D Nappa   : setCurrentActivity - MetricStrategyAccuracy - checking prediction VS current activity for extras
08-05 15:24:32.557  5124  5167 D Nappa   : PREFETCH_ON_EXTRA - setCurrentActivity - logs - from extra- finished
08-05 15:24:32.858  5124  5167 D Nappa   : PREFETCH_ON_EXTRA - setCurrentActivity - starting new prediction
08-05 15:24:32.858  5124  5167 D Nappa   : Current node - currentActivityName - nappagreedy.appteam.nith.hillffair.activities.ClubActivity
08-05 15:24:32.858  5124  5167 D Nappa   : Current node - activityGraph.getCurrent() - nappagreedy.appteam.nith.hillffair.activities.ClubActivity
08-05 15:24:32.859  5124  5167 D Nappa   : PREFETCH_ON_EXTRA - setCurrentActivity - finished new prediction
08-05 15:24:36.925  5124  5124 D Nappa   : Stayed on nappagreedy.appteam.nith.hillffair.activities.ClubActivity for 4567 ms
08-05 15:24:36.932  5124  5124 D Nappa   : setCurrentActivity - MetricStrategyAccuracy - 
08-05 15:24:36.932  5124  5124 D Nappa   : madePredictionFromActivity = true, 
08-05 15:24:36.932  5124  5124 D Nappa   : fromActivity = nappagreedy.appteam.nith.hillffair.activities.ClubActivity, 
08-05 15:24:36.932  5124  5124 D Nappa   : predictedNextActivityFromActivity = [], 
08-05 15:24:36.932  5124  5124 D Nappa   : activity.getClass().getCanonicalName() = nappagreedy.appteam.nith.hillffair.activities.EventActivity, 
08-05 15:24:36.932  5124  5124 D Nappa   : setCurrentActivity - MetricStrategyAccuracy - 
08-05 15:24:36.932  5124  5124 D Nappa   : madePredictionFromExtra = false, 
08-05 15:24:36.932  5124  5124 D Nappa   : fromActivity = nappagreedy.appteam.nith.hillffair.activities.ClubActivity, 
08-05 15:24:36.932  5124  5124 D Nappa   : predictedNextActivityFromExtra = [], 
08-05 15:24:36.932  5124  5124 D Nappa   : activity.getClass().getCanonicalName() = nappagreedy.appteam.nith.hillffair.activities.EventActivity, 
08-05 15:24:36.932  5124  5124 D Nappa   : PREFETCH_ON_EXTRA - setCurrentActivity - logs - from activity - made prediction istrue
08-05 15:24:36.932  5124  5124 D Nappa   : PREFETCH_ON_EXTRA - setCurrentActivity - logs - from activity - start
08-05 15:24:36.932  5124  5124 D Nappa   : PREFETCH_ON_EXTRA - setCurrentActivity - logs - from activity- finished
08-05 15:24:37.033  5124  5124 D Nappa   : registerActivity: (already in) nappagreedy.appteam.nith.hillffair.activities.EventActivity
08-05 15:24:37.033  5124  5124 D Nappa   : SHOULD_PREFETCH false
08-05 15:24:37.033  5124  5124 D Nappa   : STATS Number of requests not prefetched: 9
08-05 15:24:37.033  5124  5124 D Nappa   : STATS Number of requests prefetched: 7
08-05 15:24:37.033  5124  5124 D Nappa   : STATS Time saved until now: 0.30400002
08-05 15:24:37.333  5124  5167 D Nappa   : PREFETCH_ON_EXTRA - setCurrentActivity - logs - from extra - made prediction isfalse
08-05 15:24:38.685  5124  5167 D Nappa   : PREFETCH_ON_EXTRA - notifyExtras- start
08-05 15:24:38.687  5124  5167 D Nappa   : PREFETCH_ON_EXTRA - notifyExtras- end
08-05 15:24:38.687  5124  5167 D Nappa   : PREFSTRAT2 ADDING NEW ACTEXTRADATA
08-05 15:24:38.696  5124  5124 D Nappa   : Stayed on nappagreedy.appteam.nith.hillffair.activities.EventActivity for 1662 ms
08-05 15:24:38.720  5124  5124 D Nappa   : TAG okHttpClient initialized
08-05 15:24:38.725  5124  5124 D Nappa   : setCurrentActivity - MetricStrategyAccuracy - 
08-05 15:24:38.725  5124  5124 D Nappa   : madePredictionFromActivity = false, 
08-05 15:24:38.725  5124  5124 D Nappa   : fromActivity = nappagreedy.appteam.nith.hillffair.activities.EventActivity, 
08-05 15:24:38.725  5124  5124 D Nappa   : predictedNextActivityFromActivity = [], 
08-05 15:24:38.725  5124  5124 D Nappa   : activity.getClass().getCanonicalName() = nappagreedy.appteam.nith.hillffair.activities.ClubActivity, 
08-05 15:24:38.725  5124  5124 D Nappa   : setCurrentActivity - MetricStrategyAccuracy - 
08-05 15:24:38.725  5124  5124 D Nappa   : madePredictionFromExtra = true, 
08-05 15:24:38.725  5124  5124 D Nappa   : fromActivity = nappagreedy.appteam.nith.hillffair.activities.EventActivity, 
08-05 15:24:38.725  5124  5124 D Nappa   : predictedNextActivityFromExtra = [nappagreedy.appteam.nith.hillffair.activities.ClubActivity], 
08-05 15:24:38.725  5124  5124 D Nappa   : activity.getClass().getCanonicalName() = nappagreedy.appteam.nith.hillffair.activities.ClubActivity, 
08-05 15:24:38.725  5124  5124 D Nappa   : PREFETCH_ON_EXTRA - setCurrentActivity - logs - from activity - made prediction isfalse
08-05 15:24:38.726  5124  8973 D Nappa   : F1_SCORE add_intercept_url - (already in) - https://api-hillfair-2k16.herokuapp.com/api/app/club/PR%20Club
08-05 15:24:38.726  5124  8973 D Nappa   : F1_SCORE add_fn_url - (already in) - https://api-hillfair-2k16.herokuapp.com/api/app/club/PR%20Club
08-05 15:24:38.726  5124  8973 D Nappa   : -------------F1_SCORE #43 -----------
08-05 15:24:38.726  5124  8973 D Nappa   : F1_SCORE - Intercept list (8)= [https://api-hillfair-2k16.herokuapp.com/api/app/events/special, https://api-hillfair-2k16.herokuapp.com/api/app/events/special/event?id=58065620dcba0f490c70fe09, https://api-hillfair-2k16.herokuapp.com/api/app/events/special/event?id=5806551bdcba0f490c70fd1f, https://api-hillfair-2k16.herokuapp.com/api/app/quiz/leaderboard?from=1, https://api-hillfair-2k16.herokuapp.com/api/app/club, https://api-hillfair-2k16.herokuapp.com/api/app/club/PR%20Club, https://api-hillfair-2k16.herokuapp.com/api/app/club/Design%20and%20Decoration%20Club, https://api-hillfair-2k16.herokuapp.com/api/app/club/Technical%20Committee]
08-05 15:24:38.726  5124  8973 D Nappa   : F1_SCORE - Prefetch list (3)= [https://api-hillfair-2k16.herokuapp.com/api/app/events/special/event?id=5806551bdcba0f490c70fd1f, https://api-hillfair-2k16.herokuapp.com/api/app/events/special/event?id=580655cddcba0f490c70fdd0, https://api-hillfair-2k16.herokuapp.com/api/app/events/special/event?id=58065620dcba0f490c70fe09]
08-05 15:24:38.726  5124  8973 D Nappa   : F1_SCORE - TP list (2)= [https://api-hillfair-2k16.herokuapp.com/api/app/events/special/event?id=58065620dcba0f490c70fe09, https://api-hillfair-2k16.herokuapp.com/api/app/events/special/event?id=5806551bdcba0f490c70fd1f]
08-05 15:24:38.726  5124  8973 D Nappa   : F1_SCORE - FN list (6)= [https://api-hillfair-2k16.herokuapp.com/api/app/events/special, https://api-hillfair-2k16.herokuapp.com/api/app/quiz/leaderboard?from=1, https://api-hillfair-2k16.herokuapp.com/api/app/club, https://api-hillfair-2k16.herokuapp.com/api/app/club/PR%20Club, https://api-hillfair-2k16.herokuapp.com/api/app/club/Design%20and%20Decoration%20Club, https://api-hillfair-2k16.herokuapp.com/api/app/club/Technical%20Committee]
08-05 15:24:38.826  5124  5167 D Nappa   : registerActivity: (already in) nappagreedy.appteam.nith.hillffair.activities.EventActivity
08-05 15:24:38.826  5124  5124 D Nappa   : registerActivity: (already in) nappagreedy.appteam.nith.hillffair.activities.ClubActivity
08-05 15:24:38.827  5124  5167 D Nappa   : PARENTS 
08-05 15:24:38.827  5124  5167 D Nappa   : Of: nappagreedy.appteam.nith.hillffair.activities.EventActivity -> 
08-05 15:24:38.827  5124  5167 D Nappa   : PARENTS nappagreedy.appteam.nith.hillffair.activities.HomeActivity
08-05 15:24:38.827  5124  5167 D Nappa   : PARENTS nappagreedy.appteam.nith.hillffair.activities.SplashActivity
08-05 15:24:38.827  5124  5124 D Nappa   : SHOULD_PREFETCH true
08-05 15:24:38.928  5124  5124 D Nappa   : registerActivity: (already in) nappagreedy.appteam.nith.hillffair.activities.ClubActivity
08-05 15:24:38.929  5124  5124 D Nappa   : STATS Number of requests not prefetched: 9
08-05 15:24:38.929  5124  5124 D Nappa   : STATS Number of requests prefetched: 8
08-05 15:24:38.929  5124  5124 D Nappa   : STATS Time saved until now: 0.34000003
08-05 15:24:39.126  5124  5167 D Nappa   : PREFETCH_ON_EXTRA - setCurrentActivity - logs - from extra - made prediction istrue
08-05 15:24:39.126  5124  5167 D Nappa   : PREFETCH_ON_EXTRA - setCurrentActivity - logs - from extra - start
08-05 15:24:39.126  5124  5167 D Nappa   : setCurrentActivity - MetricStrategyAccuracy - checking prediction VS current activity for extras
08-05 15:24:39.126  5124  5167 D Nappa   : PREFETCH_ON_EXTRA - setCurrentActivity - logs - from extra- finished
08-05 15:24:39.429  5124  5167 D Nappa   : PREFETCH_ON_EXTRA - setCurrentActivity - starting new prediction
08-05 15:24:39.429  5124  5167 D Nappa   : Current node - currentActivityName - nappagreedy.appteam.nith.hillffair.activities.ClubActivity
08-05 15:24:39.429  5124  5167 D Nappa   : Current node - activityGraph.getCurrent() - nappagreedy.appteam.nith.hillffair.activities.ClubActivity
08-05 15:24:39.430  5124  5167 D Nappa   : PREFETCH_ON_EXTRA - setCurrentActivity - finished new prediction
08-05 15:24:43.482  5124  5124 D Nappa   : Stayed on nappagreedy.appteam.nith.hillffair.activities.ClubActivity for 4553 ms
08-05 15:24:43.488  5124  5124 D Nappa   : setCurrentActivity - MetricStrategyAccuracy - 
08-05 15:24:43.488  5124  5124 D Nappa   : madePredictionFromActivity = true, 
08-05 15:24:43.488  5124  5124 D Nappa   : fromActivity = nappagreedy.appteam.nith.hillffair.activities.ClubActivity, 
08-05 15:24:43.488  5124  5124 D Nappa   : predictedNextActivityFromActivity = [], 
08-05 15:24:43.488  5124  5124 D Nappa   : activity.getClass().getCanonicalName() = nappagreedy.appteam.nith.hillffair.activities.EventActivity, 
08-05 15:24:43.488  5124  5124 D Nappa   : setCurrentActivity - MetricStrategyAccuracy - 
08-05 15:24:43.488  5124  5124 D Nappa   : madePredictionFromExtra = false, 
08-05 15:24:43.488  5124  5124 D Nappa   : fromActivity = nappagreedy.appteam.nith.hillffair.activities.ClubActivity, 
08-05 15:24:43.488  5124  5124 D Nappa   : predictedNextActivityFromExtra = [], 
08-05 15:24:43.488  5124  5124 D Nappa   : activity.getClass().getCanonicalName() = nappagreedy.appteam.nith.hillffair.activities.EventActivity, 
08-05 15:24:43.488  5124  5124 D Nappa   : PREFETCH_ON_EXTRA - setCurrentActivity - logs - from activity - made prediction istrue
08-05 15:24:43.488  5124  5124 D Nappa   : PREFETCH_ON_EXTRA - setCurrentActivity - logs - from activity - start
08-05 15:24:43.488  5124  5124 D Nappa   : PREFETCH_ON_EXTRA - setCurrentActivity - logs - from activity- finished
08-05 15:24:43.588  5124  5124 D Nappa   : registerActivity: (already in) nappagreedy.appteam.nith.hillffair.activities.EventActivity
08-05 15:24:43.589  5124  5124 D Nappa   : SHOULD_PREFETCH false
08-05 15:24:43.589  5124  5124 D Nappa   : STATS Number of requests not prefetched: 9
08-05 15:24:43.589  5124  5124 D Nappa   : STATS Number of requests prefetched: 8
08-05 15:24:43.589  5124  5124 D Nappa   : STATS Time saved until now: 0.34000003
08-05 15:24:43.888  5124  5167 D Nappa   : PREFETCH_ON_EXTRA - setCurrentActivity - logs - from extra - made prediction isfalse
08-05 15:24:45.244  5124  5124 D Nappa   : Stayed on nappagreedy.appteam.nith.hillffair.activities.EventActivity for 1655 ms
08-05 15:24:45.249  5124  5124 D Nappa   : setCurrentActivity - MetricStrategyAccuracy - 
08-05 15:24:45.249  5124  5124 D Nappa   : madePredictionFromActivity = false, 
08-05 15:24:45.249  5124  5124 D Nappa   : fromActivity = nappagreedy.appteam.nith.hillffair.activities.EventActivity, 
08-05 15:24:45.249  5124  5124 D Nappa   : predictedNextActivityFromActivity = [], 
08-05 15:24:45.249  5124  5124 D Nappa   : activity.getClass().getCanonicalName() = nappagreedy.appteam.nith.hillffair.activities.HomeActivity, 
08-05 15:24:45.249  5124  5124 D Nappa   : setCurrentActivity - MetricStrategyAccuracy - 
08-05 15:24:45.249  5124  5124 D Nappa   : madePredictionFromExtra = false, 
08-05 15:24:45.249  5124  5124 D Nappa   : fromActivity = nappagreedy.appteam.nith.hillffair.activities.EventActivity, 
08-05 15:24:45.249  5124  5124 D Nappa   : predictedNextActivityFromExtra = [], 
08-05 15:24:45.249  5124  5124 D Nappa   : activity.getClass().getCanonicalName() = nappagreedy.appteam.nith.hillffair.activities.HomeActivity, 
08-05 15:24:45.249  5124  5124 D Nappa   : PREFETCH_ON_EXTRA - setCurrentActivity - logs - from activity - made prediction isfalse
08-05 15:24:45.350  5124  5124 D Nappa   : registerActivity: (already in) nappagreedy.appteam.nith.hillffair.activities.HomeActivity
08-05 15:24:45.350  5124  5124 D Nappa   : SHOULD_PREFETCH false
08-05 15:24:45.350  5124  5124 D Nappa   : STATS Number of requests not prefetched: 9
08-05 15:24:45.350  5124  5124 D Nappa   : STATS Number of requests prefetched: 8
08-05 15:24:45.350  5124  5124 D Nappa   : STATS Time saved until now: 0.34000003
08-05 15:24:45.650  5124  5167 D Nappa   : PREFETCH_ON_EXTRA - setCurrentActivity - logs - from extra - made prediction isfalse
08-05 15:24:47.019  5124  5124 D Nappa   : Stayed on nappagreedy.appteam.nith.hillffair.activities.HomeActivity for 1669 ms
08-05 15:24:47.041  5124  5124 D Nappa   : TAG okHttpClient initialized
08-05 15:24:47.048  5124  5124 D Nappa   : setCurrentActivity - MetricStrategyAccuracy - 
08-05 15:24:47.048  5124  5124 D Nappa   : madePredictionFromActivity = false, 
08-05 15:24:47.048  5124  5124 D Nappa   : fromActivity = nappagreedy.appteam.nith.hillffair.activities.HomeActivity, 
08-05 15:24:47.048  5124  5124 D Nappa   : predictedNextActivityFromActivity = [], 
08-05 15:24:47.048  5124  5124 D Nappa   : activity.getClass().getCanonicalName() = nappagreedy.appteam.nith.hillffair.activities.EventActivity, 
08-05 15:24:47.048  5124  5124 D Nappa   : setCurrentActivity - MetricStrategyAccuracy - 
08-05 15:24:47.048  5124  5124 D Nappa   : madePredictionFromExtra = false, 
08-05 15:24:47.048  5124  5124 D Nappa   : fromActivity = nappagreedy.appteam.nith.hillffair.activities.HomeActivity, 
08-05 15:24:47.048  5124  5124 D Nappa   : predictedNextActivityFromExtra = [], 
08-05 15:24:47.048  5124  5124 D Nappa   : activity.getClass().getCanonicalName() = nappagreedy.appteam.nith.hillffair.activities.EventActivity, 
08-05 15:24:47.048  5124  5124 D Nappa   : PREFETCH_ON_EXTRA - setCurrentActivity - logs - from activity - made prediction isfalse
08-05 15:24:47.048  5124  9196 D Nappa   : F1_SCORE add_intercept_url - (already in) - https://api-hillfair-2k16.herokuapp.com/api/app/club
08-05 15:24:47.048  5124  9196 D Nappa   : F1_SCORE add_fn_url - (already in) - https://api-hillfair-2k16.herokuapp.com/api/app/club
08-05 15:24:47.048  5124  9196 D Nappa   : -------------F1_SCORE #46 -----------
08-05 15:24:47.048  5124  9196 D Nappa   : F1_SCORE - Intercept list (8)= [https://api-hillfair-2k16.herokuapp.com/api/app/events/special, https://api-hillfair-2k16.herokuapp.com/api/app/events/special/event?id=58065620dcba0f490c70fe09, https://api-hillfair-2k16.herokuapp.com/api/app/events/special/event?id=5806551bdcba0f490c70fd1f, https://api-hillfair-2k16.herokuapp.com/api/app/quiz/leaderboard?from=1, https://api-hillfair-2k16.herokuapp.com/api/app/club, https://api-hillfair-2k16.herokuapp.com/api/app/club/PR%20Club, https://api-hillfair-2k16.herokuapp.com/api/app/club/Design%20and%20Decoration%20Club, https://api-hillfair-2k16.herokuapp.com/api/app/club/Technical%20Committee]
08-05 15:24:47.048  5124  9196 D Nappa   : F1_SCORE - Prefetch list (3)= [https://api-hillfair-2k16.herokuapp.com/api/app/events/special/event?id=5806551bdcba0f490c70fd1f, https://api-hillfair-2k16.herokuapp.com/api/app/events/special/event?id=580655cddcba0f490c70fdd0, https://api-hillfair-2k16.herokuapp.com/api/app/events/special/event?id=58065620dcba0f490c70fe09]
08-05 15:24:47.048  5124  9196 D Nappa   : F1_SCORE - TP list (2)= [https://api-hillfair-2k16.herokuapp.com/api/app/events/special/event?id=58065620dcba0f490c70fe09, https://api-hillfair-2k16.herokuapp.com/api/app/events/special/event?id=5806551bdcba0f490c70fd1f]
08-05 15:24:47.048  5124  9196 D Nappa   : F1_SCORE - FN list (6)= [https://api-hillfair-2k16.herokuapp.com/api/app/events/special, https://api-hillfair-2k16.herokuapp.com/api/app/quiz/leaderboard?from=1, https://api-hillfair-2k16.herokuapp.com/api/app/club, https://api-hillfair-2k16.herokuapp.com/api/app/club/PR%20Club, https://api-hillfair-2k16.herokuapp.com/api/app/club/Design%20and%20Decoration%20Club, https://api-hillfair-2k16.herokuapp.com/api/app/club/Technical%20Committee]
08-05 15:24:47.148  5124  5124 D Nappa   : registerActivity: (already in) nappagreedy.appteam.nith.hillffair.activities.EventActivity
08-05 15:24:47.148  5124  5167 D Nappa   : registerActivity: (already in) nappagreedy.appteam.nith.hillffair.activities.EventActivity
08-05 15:24:47.148  5124  5167 D Nappa   : PARENTS 
08-05 15:24:47.148  5124  5167 D Nappa   : Of: nappagreedy.appteam.nith.hillffair.activities.EventActivity -> 
08-05 15:24:47.148  5124  5167 D Nappa   : PARENTS nappagreedy.appteam.nith.hillffair.activities.HomeActivity
08-05 15:24:47.149  5124  5167 D Nappa   : PARENTS nappagreedy.appteam.nith.hillffair.activities.SplashActivity
08-05 15:24:47.149  5124  5124 D Nappa   : SHOULD_PREFETCH true
08-05 15:24:47.249  5124  5124 D Nappa   : registerActivity: (already in) nappagreedy.appteam.nith.hillffair.activities.EventActivity
08-05 15:24:47.249  5124  5124 D Nappa   : SUCCESSORS nappagreedy.appteam.nith.hillffair.activities.ClubActivity
08-05 15:24:47.249  5124  5124 D Nappa   : STATS Number of requests not prefetched: 9
08-05 15:24:47.249  5124  5124 D Nappa   : STATS Number of requests prefetched: 9
08-05 15:24:47.249  5124  5124 D Nappa   : STATS Time saved until now: 0.37900004
08-05 15:24:47.448  5124  5167 D Nappa   : PREFETCH_ON_EXTRA - setCurrentActivity - logs - from extra - made prediction isfalse
08-05 15:24:47.749  5124  5167 D Nappa   : PREFETCH_ON_EXTRA - setCurrentActivity - starting new prediction
08-05 15:24:47.749  5124  5167 D Nappa   : Current node - currentActivityName - nappagreedy.appteam.nith.hillffair.activities.EventActivity
08-05 15:24:47.749  5124  5167 D Nappa   : Current node - activityGraph.getCurrent() - nappagreedy.appteam.nith.hillffair.activities.EventActivity
08-05 15:24:47.751  5124  5167 D Nappa   : PREFETCH_ON_EXTRA - setCurrentActivity - finished new prediction
08-05 15:24:51.815  5124  5167 D Nappa   : PREFETCH_ON_EXTRA - notifyExtras- start
08-05 15:24:51.817  5124  5167 D Nappa   : PREFETCH_ON_EXTRA - notifyExtras- end
08-05 15:24:51.817  5124  5167 D Nappa   : PREFSTRAT2 ADDING NEW ACTEXTRADATA
08-05 15:24:51.825  5124  5124 D Nappa   : Stayed on nappagreedy.appteam.nith.hillffair.activities.EventActivity for 4576 ms
08-05 15:24:51.848  5124  5124 D Nappa   : TAG okHttpClient initialized
08-05 15:24:51.853  5124  5124 D Nappa   : setCurrentActivity - MetricStrategyAccuracy - 
08-05 15:24:51.853  5124  5124 D Nappa   : madePredictionFromActivity = true, 
08-05 15:24:51.853  5124  5124 D Nappa   : fromActivity = nappagreedy.appteam.nith.hillffair.activities.EventActivity, 
08-05 15:24:51.853  5124  5124 D Nappa   : predictedNextActivityFromActivity = [nappagreedy.appteam.nith.hillffair.activities.ClubActivity], 
08-05 15:24:51.853  5124  5124 D Nappa   : activity.getClass().getCanonicalName() = nappagreedy.appteam.nith.hillffair.activities.ClubActivity, 
08-05 15:24:51.853  5124  5124 D Nappa   : setCurrentActivity - MetricStrategyAccuracy - 
08-05 15:24:51.853  5124  5124 D Nappa   : madePredictionFromExtra = true, 
08-05 15:24:51.853  5124  5124 D Nappa   : fromActivity = nappagreedy.appteam.nith.hillffair.activities.EventActivity, 
08-05 15:24:51.853  5124  5124 D Nappa   : predictedNextActivityFromExtra = [nappagreedy.appteam.nith.hillffair.activities.ClubActivity], 
08-05 15:24:51.853  5124  5124 D Nappa   : activity.getClass().getCanonicalName() = nappagreedy.appteam.nith.hillffair.activities.ClubActivity, 
08-05 15:24:51.853  5124  5124 D Nappa   : PREFETCH_ON_EXTRA - setCurrentActivity - logs - from activity - made prediction istrue
08-05 15:24:51.853  5124  5124 D Nappa   : PREFETCH_ON_EXTRA - setCurrentActivity - logs - from activity - start
08-05 15:24:51.853  5124  5124 D Nappa   : setCurrentActivity - MetricStrategyAccuracy - checking prediction VS current activity for activities
08-05 15:24:51.853  5124  9300 D Nappa   : F1_SCORE add_intercept_url - (already in) - https://api-hillfair-2k16.herokuapp.com/api/app/club/Technical%20Committee
08-05 15:24:51.853  5124  9300 D Nappa   : F1_SCORE add_fn_url - (already in) - https://api-hillfair-2k16.herokuapp.com/api/app/club/Technical%20Committee
08-05 15:24:51.853  5124  5124 D Nappa   : PREFETCH_ON_EXTRA - setCurrentActivity - logs - from activity- finished
08-05 15:24:51.853  5124  9300 D Nappa   : -------------F1_SCORE #47 -----------
08-05 15:24:51.853  5124  9300 D Nappa   : F1_SCORE - Intercept list (8)= [https://api-hillfair-2k16.herokuapp.com/api/app/events/special, https://api-hillfair-2k16.herokuapp.com/api/app/events/special/event?id=58065620dcba0f490c70fe09, https://api-hillfair-2k16.herokuapp.com/api/app/events/special/event?id=5806551bdcba0f490c70fd1f, https://api-hillfair-2k16.herokuapp.com/api/app/quiz/leaderboard?from=1, https://api-hillfair-2k16.herokuapp.com/api/app/club, https://api-hillfair-2k16.herokuapp.com/api/app/club/PR%20Club, https://api-hillfair-2k16.herokuapp.com/api/app/club/Design%20and%20Decoration%20Club, https://api-hillfair-2k16.herokuapp.com/api/app/club/Technical%20Committee]
08-05 15:24:51.853  5124  9300 D Nappa   : F1_SCORE - Prefetch list (3)= [https://api-hillfair-2k16.herokuapp.com/api/app/events/special/event?id=5806551bdcba0f490c70fd1f, https://api-hillfair-2k16.herokuapp.com/api/app/events/special/event?id=580655cddcba0f490c70fdd0, https://api-hillfair-2k16.herokuapp.com/api/app/events/special/event?id=58065620dcba0f490c70fe09]
08-05 15:24:51.853  5124  9300 D Nappa   : F1_SCORE - TP list (2)= [https://api-hillfair-2k16.herokuapp.com/api/app/events/special/event?id=58065620dcba0f490c70fe09, https://api-hillfair-2k16.herokuapp.com/api/app/events/special/event?id=5806551bdcba0f490c70fd1f]
08-05 15:24:51.854  5124  9300 D Nappa   : F1_SCORE - FN list (6)= [https://api-hillfair-2k16.herokuapp.com/api/app/events/special, https://api-hillfair-2k16.herokuapp.com/api/app/quiz/leaderboard?from=1, https://api-hillfair-2k16.herokuapp.com/api/app/club, https://api-hillfair-2k16.herokuapp.com/api/app/club/PR%20Club, https://api-hillfair-2k16.herokuapp.com/api/app/club/Design%20and%20Decoration%20Club, https://api-hillfair-2k16.herokuapp.com/api/app/club/Technical%20Committee]
08-05 15:24:51.954  5124  5167 D Nappa   : registerActivity: (already in) nappagreedy.appteam.nith.hillffair.activities.EventActivity
08-05 15:24:51.954  5124  5124 D Nappa   : registerActivity: (already in) nappagreedy.appteam.nith.hillffair.activities.ClubActivity
08-05 15:24:51.954  5124  5167 D Nappa   : PARENTS 
08-05 15:24:51.954  5124  5167 D Nappa   : Of: nappagreedy.appteam.nith.hillffair.activities.EventActivity -> 
08-05 15:24:51.954  5124  5167 D Nappa   : PARENTS nappagreedy.appteam.nith.hillffair.activities.HomeActivity
08-05 15:24:51.955  5124  5167 D Nappa   : PARENTS nappagreedy.appteam.nith.hillffair.activities.SplashActivity
08-05 15:24:51.955  5124  5124 D Nappa   : SHOULD_PREFETCH true
08-05 15:24:52.055  5124  5124 D Nappa   : registerActivity: (already in) nappagreedy.appteam.nith.hillffair.activities.ClubActivity
08-05 15:24:52.055  5124  5124 D Nappa   : STATS Number of requests not prefetched: 9
08-05 15:24:52.055  5124  5124 D Nappa   : STATS Number of requests prefetched: 10
08-05 15:24:52.055  5124  5124 D Nappa   : STATS Time saved until now: 0.41500002
08-05 15:24:52.254  5124  5167 D Nappa   : PREFETCH_ON_EXTRA - setCurrentActivity - logs - from extra - made prediction istrue
08-05 15:24:52.254  5124  5167 D Nappa   : PREFETCH_ON_EXTRA - setCurrentActivity - logs - from extra - start
08-05 15:24:52.254  5124  5167 D Nappa   : setCurrentActivity - MetricStrategyAccuracy - checking prediction VS current activity for extras
08-05 15:24:52.254  5124  5167 D Nappa   : PREFETCH_ON_EXTRA - setCurrentActivity - logs - from extra- finished
08-05 15:24:52.555  5124  5167 D Nappa   : PREFETCH_ON_EXTRA - setCurrentActivity - starting new prediction
08-05 15:24:52.555  5124  5167 D Nappa   : Current node - currentActivityName - nappagreedy.appteam.nith.hillffair.activities.ClubActivity
08-05 15:24:52.555  5124  5167 D Nappa   : Current node - activityGraph.getCurrent() - nappagreedy.appteam.nith.hillffair.activities.ClubActivity
08-05 15:24:52.556  5124  5167 D Nappa   : PREFETCH_ON_EXTRA - setCurrentActivity - finished new prediction
08-05 15:24:56.624  5124  5124 D Nappa   : Stayed on nappagreedy.appteam.nith.hillffair.activities.ClubActivity for 4569 ms
08-05 15:24:56.629  5124  5124 D Nappa   : setCurrentActivity - MetricStrategyAccuracy - 
08-05 15:24:56.629  5124  5124 D Nappa   : madePredictionFromActivity = true, 
08-05 15:24:56.629  5124  5124 D Nappa   : fromActivity = nappagreedy.appteam.nith.hillffair.activities.ClubActivity, 
08-05 15:24:56.629  5124  5124 D Nappa   : predictedNextActivityFromActivity = [], 
08-05 15:24:56.629  5124  5124 D Nappa   : activity.getClass().getCanonicalName() = nappagreedy.appteam.nith.hillffair.activities.EventActivity, 
08-05 15:24:56.629  5124  5124 D Nappa   : setCurrentActivity - MetricStrategyAccuracy - 
08-05 15:24:56.629  5124  5124 D Nappa   : madePredictionFromExtra = false, 
08-05 15:24:56.629  5124  5124 D Nappa   : fromActivity = nappagreedy.appteam.nith.hillffair.activities.ClubActivity, 
08-05 15:24:56.629  5124  5124 D Nappa   : predictedNextActivityFromExtra = [], 
08-05 15:24:56.629  5124  5124 D Nappa   : activity.getClass().getCanonicalName() = nappagreedy.appteam.nith.hillffair.activities.EventActivity, 
08-05 15:24:56.630  5124  5124 D Nappa   : PREFETCH_ON_EXTRA - setCurrentActivity - logs - from activity - made prediction istrue
08-05 15:24:56.630  5124  5124 D Nappa   : PREFETCH_ON_EXTRA - setCurrentActivity - logs - from activity - start
08-05 15:24:56.630  5124  5124 D Nappa   : PREFETCH_ON_EXTRA - setCurrentActivity - logs - from activity- finished
08-05 15:24:56.730  5124  5124 D Nappa   : registerActivity: (already in) nappagreedy.appteam.nith.hillffair.activities.EventActivity
08-05 15:24:56.731  5124  5124 D Nappa   : SHOULD_PREFETCH false
08-05 15:24:56.731  5124  5124 D Nappa   : STATS Number of requests not prefetched: 9
08-05 15:24:56.731  5124  5124 D Nappa   : STATS Number of requests prefetched: 10
08-05 15:24:56.731  5124  5124 D Nappa   : STATS Time saved until now: 0.41500002
08-05 15:24:57.030  5124  5167 D Nappa   : PREFETCH_ON_EXTRA - setCurrentActivity - logs - from extra - made prediction isfalse
08-05 15:24:58.388  5124  5124 D Nappa   : Stayed on nappagreedy.appteam.nith.hillffair.activities.EventActivity for 1657 ms
08-05 15:24:58.394  5124  5124 D Nappa   : setCurrentActivity - MetricStrategyAccuracy - 
08-05 15:24:58.394  5124  5124 D Nappa   : madePredictionFromActivity = false, 
08-05 15:24:58.394  5124  5124 D Nappa   : fromActivity = nappagreedy.appteam.nith.hillffair.activities.EventActivity, 
08-05 15:24:58.394  5124  5124 D Nappa   : predictedNextActivityFromActivity = [], 
08-05 15:24:58.394  5124  5124 D Nappa   : activity.getClass().getCanonicalName() = nappagreedy.appteam.nith.hillffair.activities.HomeActivity, 
08-05 15:24:58.394  5124  5124 D Nappa   : setCurrentActivity - MetricStrategyAccuracy - 
08-05 15:24:58.394  5124  5124 D Nappa   : madePredictionFromExtra = false, 
08-05 15:24:58.394  5124  5124 D Nappa   : fromActivity = nappagreedy.appteam.nith.hillffair.activities.EventActivity, 
08-05 15:24:58.394  5124  5124 D Nappa   : predictedNextActivityFromExtra = [], 
08-05 15:24:58.394  5124  5124 D Nappa   : activity.getClass().getCanonicalName() = nappagreedy.appteam.nith.hillffair.activities.HomeActivity, 
08-05 15:24:58.394  5124  5124 D Nappa   : PREFETCH_ON_EXTRA - setCurrentActivity - logs - from activity - made prediction isfalse
08-05 15:24:58.495  5124  5124 D Nappa   : registerActivity: (already in) nappagreedy.appteam.nith.hillffair.activities.HomeActivity
08-05 15:24:58.495  5124  5124 D Nappa   : SHOULD_PREFETCH false
08-05 15:24:58.495  5124  5124 D Nappa   : STATS Number of requests not prefetched: 9
08-05 15:24:58.495  5124  5124 D Nappa   : STATS Number of requests prefetched: 10
08-05 15:24:58.495  5124  5124 D Nappa   : STATS Time saved until now: 0.41500002
08-05 15:24:58.795  5124  5167 D Nappa   : PREFETCH_ON_EXTRA - setCurrentActivity - logs - from extra - made prediction isfalse
