--------- beginning of main
08-05 23:47:08.494  2495  2495 D AndroidRuntime: >>>>>> START com.android.internal.os.RuntimeInit uid 2000 <<<<<<
08-05 23:47:08.501  2495  2495 D AndroidRuntime: CheckJNI is OFF
08-05 23:47:08.533  2495  2495 D ICU     : No timezone override file found: /data/misc/zoneinfo/current/icu/icu_tzdata.dat
08-05 23:47:08.565  2495  2495 I Radio-JNI: register_android_hardware_Radio DONE
08-05 23:47:08.584  2495  2495 D AndroidRuntime: Calling main entry com.android.commands.monkey.Monkey
--------- beginning of system
08-05 23:47:08.602   918   931 W BroadcastQueue: Skipping deliver [background] BroadcastRecord{f487c4c u-1 android.net.conn.CONNECTIVITY_CHANGE} to ReceiverList{6844495 2495 (unknown name)/2000/u-1 remote:10b319e}: process crashing
08-05 23:47:08.612   918  6110 I ActivityManager: START u0 {act=android.intent.action.MAIN cat=[android.intent.category.LAUNCHER] flg=0x10200000 cmp=nappatfpr.appteam.nith.hillffair/.activities.SplashActivity} from uid 2000 on display 0
08-05 23:47:08.641   918  4413 I ActivityManager: Start proc 2504:nappatfpr.appteam.nith.hillffair/u0a703 for activity nappatfpr.appteam.nith.hillffair/.activities.SplashActivity
08-05 23:47:08.644  2504  2504 I art     : Late-enabling -Xcheck:jni
08-05 23:47:08.647  2495  2495 I art     : System.exit called, status: 0
08-05 23:47:08.647  2495  2495 I AndroidRuntime: VM exiting with result code 0.
08-05 23:47:08.719 16458  3075 I PBSessionCacheImpl: Deleted sessionId[72384646105454640] from persistence.
08-05 23:47:08.723 16458 16488 W SearchServiceCore: Abort, client detached.
08-05 23:47:08.723 16458 16488 I MicroDetectionState: Should stop hotword detection immediately - true
08-05 23:47:08.746  2504  2504 W System  : ClassLoader referenced unknown path: /data/app/nappatfpr.appteam.nith.hillffair-1/lib/arm64
08-05 23:47:08.862  2504  2504 W OneSignal: GCM Library detected, please upgrade to Firebase FCM library as GCM is deprecated!
08-05 23:47:08.954  2504  2504 W art     : Before Android 4.1, method android.graphics.PorterDuffColorFilter androidx.vectordrawable.graphics.drawable.VectorDrawableCompat.updateTintFilter(android.graphics.PorterDuffColorFilter, android.content.res.ColorStateList, android.graphics.PorterDuff$Mode) would have incorrectly overridden the package-private method in android.graphics.drawable.Drawable
08-05 23:47:08.981  2504  2504 D Nappa   : Selected prefetching strategy STRATEGY_TFPR
08-05 23:47:09.005  2504  2527 D Nappa   : Updating activity map nappatfpr.appteam.nith.hillffair.activities.SplashActivity: 1
08-05 23:47:09.005  2504  2527 D Nappa   : Updating activity map nappatfpr.appteam.nith.hillffair.activities.HomeActivity: 2
08-05 23:47:09.005  2504  2527 D Nappa   : Updating activity map nappatfpr.appteam.nith.hillffair.activities.BattleDayActivity: 3
08-05 23:47:09.005  2504  2527 D Nappa   : Updating activity map nappatfpr.appteam.nith.hillffair.activities.ClubActivity: 4
08-05 23:47:09.005  2504  2527 D Nappa   : Updating activity map nappatfpr.appteam.nith.hillffair.activities.QuizActivity: 5
08-05 23:47:09.005  2504  2527 D Nappa   : Updating activity map nappatfpr.appteam.nith.hillffair.activities.LeaderBoardActivity: 6
08-05 23:47:09.005  2504  2527 D Nappa   : Updating activity map nappatfpr.appteam.nith.hillffair.activities.InformationActivity: 7
08-05 23:47:09.005  2504  2527 D Nappa   : Updating activity map nappatfpr.appteam.nith.hillffair.activities.EventActivity: 8
08-05 23:47:09.006  2504  2527 D ActivityGraph: ACT_GRAPH initNodes() fired for node: nappatfpr.appteam.nith.hillffair.activities.SplashActivity
08-05 23:47:09.106  2504  2527 D Nappa   : registerActivity: (already in) nappatfpr.appteam.nith.hillffair.activities.SplashActivity
08-05 23:47:09.109  2504  2527 D ActivityGraph: LARDataInitFetchDB nappatfpr.appteam.nith.hillffair.activities.SplashActivity Pagerank: 0.25 HITS-Authority: 1.0 HITS-Hub: 1.0 SALSA-Authority: 1.0 SALSA-Hub: 1.0
08-05 23:47:09.109  2504  2527 D ActivityGraph: LARDataInit node nappatfpr.appteam.nith.hillffair.activities.SplashActivity added to nodeList
08-05 23:47:09.113  2504  2527 D ActivityGraph: ACT_GRAPH Edges size: 1
08-05 23:47:09.212  2504  2537 W GCM     : GCM SDK is deprecated, nappatfpr.appteam.nith.hillffair should update to use FCM
08-05 23:47:09.213  2504  2527 D Nappa   : registerActivity: (already in) nappatfpr.appteam.nith.hillffair.activities.HomeActivity
08-05 23:47:09.214  2504  2527 D ActivityGraph: LARDataInitFetchDB nappatfpr.appteam.nith.hillffair.activities.SplashActivity Pagerank: 0.25 HITS-Authority: 1.0 HITS-Hub: 1.0 SALSA-Authority: 1.0 SALSA-Hub: 1.0 loaded following an edge
08-05 23:47:09.214  2504  2527 D ActivityGraph: ACT_GRAPH does not contain temp2
08-05 23:47:09.214  2504  2527 D ActivityGraph: LARDataInit node nappatfpr.appteam.nith.hillffair.activities.HomeActivity added to nodeList from edge
08-05 23:47:09.214  2504  2527 D ActivityGraph: ACT_GRAPH adding successors: nappatfpr.appteam.nith.hillffair.activities.SplashActivity -> nappatfpr.appteam.nith.hillffair.activities.HomeActivity
08-05 23:47:09.215  2504  2527 D FetchActivityLiveDataInfoHandler: activity  = SplashActivity
08-05 23:47:09.215  2504  2527 D FetchActivityLiveDataInfoHandler: shouldSetSessionAggregateLiveData  = true
08-05 23:47:09.215  2504  2538 D Nappa   : {nappatfpr.appteam.nith.hillffair.activities.QuizActivity=5, nappatfpr.appteam.nith.hillffair.activities.InformationActivity=7, nappatfpr.appteam.nith.hillffair.activities.BattleDayActivity=3, nappatfpr.appteam.nith.hillffair.activities.HomeActivity=2, nappatfpr.appteam.nith.hillffair.activities.ClubActivity=4, nappatfpr.appteam.nith.hillffair.activities.SplashActivity=1, nappatfpr.appteam.nith.hillffair.activities.EventActivity=8, nappatfpr.appteam.nith.hillffair.activities.LeaderBoardActivity=6}
08-05 23:47:09.215  2504  2527 D FetchActivityLiveDataInfoHandler: need/shouldSetSuccessorVisitTime  = true - true
08-05 23:47:09.215  2504  2527 D FetchActivityLiveDataInfoHandler: need/shouldSetSuccessorVisitTime  = true - true
08-05 23:47:09.215  2504  2527 D FetchActivityLiveDataInfoHandler: shouldSetUrlCandidateDbLiveDataLiveData  = true
08-05 23:47:09.215  2504  2527 D FetchActivityLiveDataInfoHandler: shouldSetActivityExtraLiveData  = true
08-05 23:47:09.215  2504  2529 D FetchSessionDataRunnable: SplashActivity Fetching session data for LAST_N_SESSIONS_FROM_ENTITY_SESSION
08-05 23:47:09.217  2504  2529 D FetchVisitTimeRunnable: SplashActivity Fetching session data for LAST_N_SESSIONS_FROM_ENTITY_SESSION
08-05 23:47:09.218  2504  2529 D FetchSuccessorsVisitTimeRunnable: SplashActivity Fetching session data for LAST_N_SESSIONS_FROM_ENTITY_SESSION
08-05 23:47:09.218  2504  2529 D FetchUrlCandidateRunnable: SplashActivity Fetching URL candidates
08-05 23:47:09.219  2504  2529 D FetchIntentExtraRunnable: SplashActivity Fetching intent extras
08-05 23:47:09.220  2504  2527 D ActivityGraph: ACT_GRAPH initNodes() fired for node: nappatfpr.appteam.nith.hillffair.activities.HomeActivity
08-05 23:47:09.275 24365  4416 W Conscrypt: Could not set socket write timeout: java.net.SocketException: Socket closed
08-05 23:47:09.275 24365  4416 E art     : invalid stream - problem with parameter iterator in /data/app/com.google.android.gms-2/base.apk:classes3.dex for method void com.google.android.gms.org.conscrypt.ConscryptFileDescriptorSocket.setSoWriteTimeout(int)
08-05 23:47:09.276 24365  4416 W Conscrypt: 	at com.google.android.gms.org.conscrypt.Platform.setSocketWriteTimeout(:com.google.android.gms@202614019@20.26.14 (040400-320008519):2)
08-05 23:47:09.276 24365  4416 W Conscrypt: 	at com.google.android.gms.org.conscrypt.ConscryptFileDescriptorSocket.setSoWriteTimeout(:com.google.android.gms@202614019@20.26.14 (040400-320008519))
08-05 23:47:09.301 24365  4416 W Conscrypt: Could not set socket write timeout: java.net.SocketException: Socket closed
08-05 23:47:09.301 24365  4416 E art     : invalid stream - problem with parameter iterator in /data/app/com.google.android.gms-2/base.apk:classes3.dex for method void com.google.android.gms.org.conscrypt.ConscryptFileDescriptorSocket.setSoWriteTimeout(int)
08-05 23:47:09.302 24365  4416 W Conscrypt: 	at com.google.android.gms.org.conscrypt.Platform.setSocketWriteTimeout(:com.google.android.gms@202614019@20.26.14 (040400-320008519):2)
08-05 23:47:09.302 24365  4416 W Conscrypt: 	at com.google.android.gms.org.conscrypt.ConscryptFileDescriptorSocket.setSoWriteTimeout(:com.google.android.gms@202614019@20.26.14 (040400-320008519))
08-05 23:47:09.320  2504  2527 D Nappa   : registerActivity: (already in) nappatfpr.appteam.nith.hillffair.activities.HomeActivity
08-05 23:47:09.321  2504  2527 D ActivityGraph: LARDataInitFetchDB nappatfpr.appteam.nith.hillffair.activities.HomeActivity Pagerank: 0.25 HITS-Authority: 1.0 HITS-Hub: 1.0 SALSA-Authority: 1.0 SALSA-Hub: 1.0
08-05 23:47:09.321  2504  2527 D ActivityGraph: LARDataInit already in nodeList
08-05 23:47:09.322  2504  2527 D ActivityGraph: ACT_GRAPH Edges size: 3
08-05 23:47:09.369 24365  4416 W Conscrypt: Could not set socket write timeout: java.net.SocketException: Socket closed
08-05 23:47:09.369 24365  4416 E art     : invalid stream - problem with parameter iterator in /data/app/com.google.android.gms-2/base.apk:classes3.dex for method void com.google.android.gms.org.conscrypt.ConscryptFileDescriptorSocket.setSoWriteTimeout(int)
08-05 23:47:09.369 24365  4416 W Conscrypt: 	at com.google.android.gms.org.conscrypt.Platform.setSocketWriteTimeout(:com.google.android.gms@202614019@20.26.14 (040400-320008519):2)
08-05 23:47:09.370 24365  4416 W Conscrypt: 	at com.google.android.gms.org.conscrypt.ConscryptFileDescriptorSocket.setSoWriteTimeout(:com.google.android.gms@202614019@20.26.14 (040400-320008519))
08-05 23:47:09.392 24365  4416 W Conscrypt: Could not set socket write timeout: java.net.SocketException: Socket closed
08-05 23:47:09.392 24365  4416 E art     : invalid stream - problem with parameter iterator in /data/app/com.google.android.gms-2/base.apk:classes3.dex for method void com.google.android.gms.org.conscrypt.ConscryptFileDescriptorSocket.setSoWriteTimeout(int)
08-05 23:47:09.393 24365  4416 W Conscrypt: 	at com.google.android.gms.org.conscrypt.Platform.setSocketWriteTimeout(:com.google.android.gms@202614019@20.26.14 (040400-320008519):2)
08-05 23:47:09.393 24365  4416 W Conscrypt: 	at com.google.android.gms.org.conscrypt.ConscryptFileDescriptorSocket.setSoWriteTimeout(:com.google.android.gms@202614019@20.26.14 (040400-320008519))
08-05 23:47:09.422  2504  2527 D Nappa   : registerActivity: (already in) nappatfpr.appteam.nith.hillffair.activities.BattleDayActivity
08-05 23:47:09.424  2504  2527 D ActivityGraph: LARDataInitFetchDB nappatfpr.appteam.nith.hillffair.activities.HomeActivity Pagerank: 0.25 HITS-Authority: 1.0 HITS-Hub: 1.0 SALSA-Authority: 1.0 SALSA-Hub: 1.0 loaded following an edge
08-05 23:47:09.424  2504  2527 D ActivityGraph: ACT_GRAPH does not contain temp2
08-05 23:47:09.424  2504  2527 D ActivityGraph: LARDataInit node nappatfpr.appteam.nith.hillffair.activities.BattleDayActivity added to nodeList from edge
08-05 23:47:09.424  2504  2527 D ActivityGraph: ACT_GRAPH adding successors: nappatfpr.appteam.nith.hillffair.activities.HomeActivity -> nappatfpr.appteam.nith.hillffair.activities.BattleDayActivity
08-05 23:47:09.424  2504  2538 D Nappa   : {nappatfpr.appteam.nith.hillffair.activities.QuizActivity=5, nappatfpr.appteam.nith.hillffair.activities.InformationActivity=7, nappatfpr.appteam.nith.hillffair.activities.BattleDayActivity=3, nappatfpr.appteam.nith.hillffair.activities.HomeActivity=2, nappatfpr.appteam.nith.hillffair.activities.ClubActivity=4, nappatfpr.appteam.nith.hillffair.activities.SplashActivity=1, nappatfpr.appteam.nith.hillffair.activities.EventActivity=8, nappatfpr.appteam.nith.hillffair.activities.LeaderBoardActivity=6}
08-05 23:47:09.524  2504  2527 D Nappa   : registerActivity: (already in) nappatfpr.appteam.nith.hillffair.activities.QuizActivity
08-05 23:47:09.525  2504  2527 D ActivityGraph: LARDataInitFetchDB nappatfpr.appteam.nith.hillffair.activities.HomeActivity Pagerank: 0.25 HITS-Authority: 1.0 HITS-Hub: 1.0 SALSA-Authority: 1.0 SALSA-Hub: 1.0 loaded following an edge
08-05 23:47:09.525  2504  2527 D ActivityGraph: ACT_GRAPH does not contain temp2
08-05 23:47:09.525  2504  2527 D ActivityGraph: LARDataInit node nappatfpr.appteam.nith.hillffair.activities.QuizActivity added to nodeList from edge
08-05 23:47:09.526  2504  2527 D ActivityGraph: ACT_GRAPH adding successors: nappatfpr.appteam.nith.hillffair.activities.HomeActivity -> nappatfpr.appteam.nith.hillffair.activities.QuizActivity
08-05 23:47:09.526  2504  2538 D Nappa   : {nappatfpr.appteam.nith.hillffair.activities.QuizActivity=5, nappatfpr.appteam.nith.hillffair.activities.InformationActivity=7, nappatfpr.appteam.nith.hillffair.activities.BattleDayActivity=3, nappatfpr.appteam.nith.hillffair.activities.HomeActivity=2, nappatfpr.appteam.nith.hillffair.activities.ClubActivity=4, nappatfpr.appteam.nith.hillffair.activities.SplashActivity=1, nappatfpr.appteam.nith.hillffair.activities.EventActivity=8, nappatfpr.appteam.nith.hillffair.activities.LeaderBoardActivity=6}
08-05 23:47:09.626  2504  2527 D Nappa   : registerActivity: (already in) nappatfpr.appteam.nith.hillffair.activities.EventActivity
08-05 23:47:09.627  2504  2527 D ActivityGraph: LARDataInitFetchDB nappatfpr.appteam.nith.hillffair.activities.HomeActivity Pagerank: 0.25 HITS-Authority: 1.0 HITS-Hub: 1.0 SALSA-Authority: 1.0 SALSA-Hub: 1.0 loaded following an edge
08-05 23:47:09.627  2504  2527 D ActivityGraph: ACT_GRAPH does not contain temp2
08-05 23:47:09.627  2504  2527 D ActivityGraph: LARDataInit node nappatfpr.appteam.nith.hillffair.activities.EventActivity added to nodeList from edge
08-05 23:47:09.627  2504  2527 D ActivityGraph: ACT_GRAPH adding successors: nappatfpr.appteam.nith.hillffair.activities.HomeActivity -> nappatfpr.appteam.nith.hillffair.activities.EventActivity
08-05 23:47:09.627  2504  2527 D FetchActivityLiveDataInfoHandler: activity  = HomeActivity
08-05 23:47:09.628  2504  2538 D Nappa   : {nappatfpr.appteam.nith.hillffair.activities.QuizActivity=5, nappatfpr.appteam.nith.hillffair.activities.InformationActivity=7, nappatfpr.appteam.nith.hillffair.activities.BattleDayActivity=3, nappatfpr.appteam.nith.hillffair.activities.HomeActivity=2, nappatfpr.appteam.nith.hillffair.activities.ClubActivity=4, nappatfpr.appteam.nith.hillffair.activities.SplashActivity=1, nappatfpr.appteam.nith.hillffair.activities.EventActivity=8, nappatfpr.appteam.nith.hillffair.activities.LeaderBoardActivity=6}
08-05 23:47:09.628  2504  2527 D FetchActivityLiveDataInfoHandler: shouldSetSessionAggregateLiveData  = true
08-05 23:47:09.628  2504  2527 D FetchActivityLiveDataInfoHandler: need/shouldSetSuccessorVisitTime  = true - true
08-05 23:47:09.628  2504  2527 D FetchActivityLiveDataInfoHandler: need/shouldSetSuccessorVisitTime  = true - true
08-05 23:47:09.628  2504  2527 D FetchActivityLiveDataInfoHandler: shouldSetUrlCandidateDbLiveDataLiveData  = true
08-05 23:47:09.628  2504  2527 D FetchActivityLiveDataInfoHandler: shouldSetActivityExtraLiveData  = true
08-05 23:47:09.628  2504  2529 D FetchSessionDataRunnable: HomeActivity Fetching session data for LAST_N_SESSIONS_FROM_ENTITY_SESSION
08-05 23:47:09.629  2504  2529 D FetchVisitTimeRunnable: HomeActivity Fetching session data for LAST_N_SESSIONS_FROM_ENTITY_SESSION
08-05 23:47:09.629  2504  2529 D FetchSuccessorsVisitTimeRunnable: HomeActivity Fetching session data for LAST_N_SESSIONS_FROM_ENTITY_SESSION
08-05 23:47:09.630  2504  2529 D FetchUrlCandidateRunnable: HomeActivity Fetching URL candidates
08-05 23:47:09.630  2504  2529 D FetchIntentExtraRunnable: HomeActivity Fetching intent extras
08-05 23:47:09.631  2504  2527 D ActivityGraph: ACT_GRAPH initNodes() fired for node: nappatfpr.appteam.nith.hillffair.activities.BattleDayActivity
08-05 23:47:09.646 24365 12204 I NetworkScheduler.Stats: Task com.google.android.gms/com.google.android.gms.checkin.EventLogService started execution. cause:1 exec_start_elapsed_seconds: 1817833 [CONTEXT service_id=218 ]
08-05 23:47:09.707 24577 28700 I Checkin : [EventLogChimeraService] Opted in for usage reporting: false
08-05 23:47:09.707 24577 28700 I Checkin : [EventLogChimeraService] Aggregate from 1596662077902 (log), 1596662077902 (data)
08-05 23:47:09.731  2504  2527 D Nappa   : registerActivity: (already in) nappatfpr.appteam.nith.hillffair.activities.BattleDayActivity
08-05 23:47:09.732  2504  2527 D ActivityGraph: LARDataInitFetchDB nappatfpr.appteam.nith.hillffair.activities.BattleDayActivity Pagerank: 0.25 HITS-Authority: 1.0 HITS-Hub: 1.0 SALSA-Authority: 1.0 SALSA-Hub: 1.0
08-05 23:47:09.732  2504  2527 D ActivityGraph: LARDataInit already in nodeList
08-05 23:47:09.732  2504  2527 D ActivityGraph: ACT_GRAPH Edges size: 1
08-05 23:47:09.770 24365 24372 I art     : Background partial concurrent mark sweep GC freed 83300(5MB) AllocSpace objects, 180(5MB) LOS objects, 27% free, 41MB/57MB, paused 814us total 113.334ms
08-05 23:47:09.832  2504  2527 D Nappa   : registerActivity: (already in) nappatfpr.appteam.nith.hillffair.activities.ClubActivity
08-05 23:47:09.833  2504  2527 D ActivityGraph: LARDataInitFetchDB nappatfpr.appteam.nith.hillffair.activities.BattleDayActivity Pagerank: 0.25 HITS-Authority: 1.0 HITS-Hub: 1.0 SALSA-Authority: 1.0 SALSA-Hub: 1.0 loaded following an edge
08-05 23:47:09.833  2504  2527 D ActivityGraph: ACT_GRAPH does not contain temp2
08-05 23:47:09.833  2504  2527 D ActivityGraph: LARDataInit node nappatfpr.appteam.nith.hillffair.activities.ClubActivity added to nodeList from edge
08-05 23:47:09.833  2504  2527 D ActivityGraph: ACT_GRAPH adding successors: nappatfpr.appteam.nith.hillffair.activities.BattleDayActivity -> nappatfpr.appteam.nith.hillffair.activities.ClubActivity
08-05 23:47:09.833  2504  2527 D FetchActivityLiveDataInfoHandler: activity  = BattleDayActivity
08-05 23:47:09.833  2504  2527 D FetchActivityLiveDataInfoHandler: shouldSetSessionAggregateLiveData  = true
08-05 23:47:09.833  2504  2527 D FetchActivityLiveDataInfoHandler: need/shouldSetSuccessorVisitTime  = true - true
08-05 23:47:09.833  2504  2538 D Nappa   : {nappatfpr.appteam.nith.hillffair.activities.QuizActivity=5, nappatfpr.appteam.nith.hillffair.activities.InformationActivity=7, nappatfpr.appteam.nith.hillffair.activities.BattleDayActivity=3, nappatfpr.appteam.nith.hillffair.activities.HomeActivity=2, nappatfpr.appteam.nith.hillffair.activities.ClubActivity=4, nappatfpr.appteam.nith.hillffair.activities.SplashActivity=1, nappatfpr.appteam.nith.hillffair.activities.EventActivity=8, nappatfpr.appteam.nith.hillffair.activities.LeaderBoardActivity=6}
08-05 23:47:09.833  2504  2527 D FetchActivityLiveDataInfoHandler: need/shouldSetSuccessorVisitTime  = true - true
08-05 23:47:09.833  2504  2527 D FetchActivityLiveDataInfoHandler: shouldSetUrlCandidateDbLiveDataLiveData  = true
08-05 23:47:09.833  2504  2527 D FetchActivityLiveDataInfoHandler: shouldSetActivityExtraLiveData  = true
08-05 23:47:09.833  2504  2529 D FetchSessionDataRunnable: BattleDayActivity Fetching session data for LAST_N_SESSIONS_FROM_ENTITY_SESSION
08-05 23:47:09.834  2504  2529 D FetchVisitTimeRunnable: BattleDayActivity Fetching session data for LAST_N_SESSIONS_FROM_ENTITY_SESSION
08-05 23:47:09.834  2504  2529 D FetchSuccessorsVisitTimeRunnable: BattleDayActivity Fetching session data for LAST_N_SESSIONS_FROM_ENTITY_SESSION
08-05 23:47:09.834  2504  2529 D FetchUrlCandidateRunnable: BattleDayActivity Fetching URL candidates
08-05 23:47:09.834  2504  2529 D FetchIntentExtraRunnable: BattleDayActivity Fetching intent extras
08-05 23:47:09.834  2504  2527 D ActivityGraph: ACT_GRAPH initNodes() fired for node: nappatfpr.appteam.nith.hillffair.activities.ClubActivity
08-05 23:47:09.934  2504  2527 D Nappa   : registerActivity: (already in) nappatfpr.appteam.nith.hillffair.activities.ClubActivity
08-05 23:47:09.935  2504  2527 D ActivityGraph: LARDataInitFetchDB nappatfpr.appteam.nith.hillffair.activities.ClubActivity Pagerank: 0.25 HITS-Authority: 1.0 HITS-Hub: 1.0 SALSA-Authority: 1.0 SALSA-Hub: 1.0
08-05 23:47:09.935  2504  2527 D ActivityGraph: LARDataInit already in nodeList
08-05 23:47:09.935  2504  2527 D ActivityGraph: ACT_GRAPH Edges size: 0
08-05 23:47:09.935  2504  2527 D FetchActivityLiveDataInfoHandler: activity  = ClubActivity
08-05 23:47:09.935  2504  2527 D FetchActivityLiveDataInfoHandler: shouldSetSessionAggregateLiveData  = true
08-05 23:47:09.935  2504  2527 D FetchActivityLiveDataInfoHandler: need/shouldSetSuccessorVisitTime  = true - true
08-05 23:47:09.936  2504  2527 D FetchActivityLiveDataInfoHandler: need/shouldSetSuccessorVisitTime  = true - true
08-05 23:47:09.936  2504  2527 D FetchActivityLiveDataInfoHandler: shouldSetUrlCandidateDbLiveDataLiveData  = true
08-05 23:47:09.936  2504  2527 D FetchActivityLiveDataInfoHandler: shouldSetActivityExtraLiveData  = true
08-05 23:47:09.936  2504  2529 D FetchSessionDataRunnable: ClubActivity Fetching session data for LAST_N_SESSIONS_FROM_ENTITY_SESSION
08-05 23:47:09.936  2504  2529 D FetchVisitTimeRunnable: ClubActivity Fetching session data for LAST_N_SESSIONS_FROM_ENTITY_SESSION
08-05 23:47:09.936  2504  2529 D FetchSuccessorsVisitTimeRunnable: ClubActivity Fetching session data for LAST_N_SESSIONS_FROM_ENTITY_SESSION
08-05 23:47:09.936  2504  2529 D FetchUrlCandidateRunnable: ClubActivity Fetching URL candidates
08-05 23:47:09.936  2504  2529 D FetchIntentExtraRunnable: ClubActivity Fetching intent extras
08-05 23:47:09.937  2504  2527 D ActivityGraph: ACT_GRAPH initNodes() fired for node: nappatfpr.appteam.nith.hillffair.activities.QuizActivity
08-05 23:47:10.037  2504  2527 D Nappa   : registerActivity: (already in) nappatfpr.appteam.nith.hillffair.activities.QuizActivity
08-05 23:47:10.037  2504  2527 D ActivityGraph: LARDataInitFetchDB nappatfpr.appteam.nith.hillffair.activities.QuizActivity Pagerank: 0.25 HITS-Authority: 1.0 HITS-Hub: 1.0 SALSA-Authority: 1.0 SALSA-Hub: 1.0
08-05 23:47:10.037  2504  2527 D ActivityGraph: LARDataInit already in nodeList
08-05 23:47:10.038  2504  2527 D ActivityGraph: ACT_GRAPH Edges size: 2
08-05 23:47:10.075  2560  2560 D AndroidRuntime: >>>>>> START com.android.internal.os.RuntimeInit uid 2000 <<<<<<
08-05 23:47:10.079  2560  2560 D AndroidRuntime: CheckJNI is OFF
08-05 23:47:10.102  2560  2560 D ICU     : No timezone override file found: /data/misc/zoneinfo/current/icu/icu_tzdata.dat
08-05 23:47:10.125  2560  2560 I Radio-JNI: register_android_hardware_Radio DONE
08-05 23:47:10.138  2504  2527 D Nappa   : registerActivity: (already in) nappatfpr.appteam.nith.hillffair.activities.LeaderBoardActivity
08-05 23:47:10.138  2504  2527 D ActivityGraph: LARDataInitFetchDB nappatfpr.appteam.nith.hillffair.activities.QuizActivity Pagerank: 0.25 HITS-Authority: 1.0 HITS-Hub: 1.0 SALSA-Authority: 1.0 SALSA-Hub: 1.0 loaded following an edge
08-05 23:47:10.138  2504  2527 D ActivityGraph: ACT_GRAPH does not contain temp2
08-05 23:47:10.139  2504  2527 D ActivityGraph: LARDataInit node nappatfpr.appteam.nith.hillffair.activities.LeaderBoardActivity added to nodeList from edge
08-05 23:47:10.139  2504  2527 D ActivityGraph: ACT_GRAPH adding successors: nappatfpr.appteam.nith.hillffair.activities.QuizActivity -> nappatfpr.appteam.nith.hillffair.activities.LeaderBoardActivity
08-05 23:47:10.139  2504  2538 D Nappa   : {nappatfpr.appteam.nith.hillffair.activities.QuizActivity=5, nappatfpr.appteam.nith.hillffair.activities.InformationActivity=7, nappatfpr.appteam.nith.hillffair.activities.BattleDayActivity=3, nappatfpr.appteam.nith.hillffair.activities.HomeActivity=2, nappatfpr.appteam.nith.hillffair.activities.ClubActivity=4, nappatfpr.appteam.nith.hillffair.activities.SplashActivity=1, nappatfpr.appteam.nith.hillffair.activities.EventActivity=8, nappatfpr.appteam.nith.hillffair.activities.LeaderBoardActivity=6}
08-05 23:47:10.140  2560  2560 D AndroidRuntime: Calling main entry com.android.commands.am.Am
08-05 23:47:10.144  3167  3167 I Trepn   : Trepn 6.2s: Received intent: com.quicinc.trepn.start_profiling
08-05 23:47:10.208  3167  3167 W FileUtils: Failed to chmod(/storage/emulated/0/trepn/Trepn_2020.08.05_234710.db): android.system.ErrnoException: chmod failed: EPERM (Operation not permitted)
08-05 23:47:10.239  2504  2527 D Nappa   : registerActivity: (already in) nappatfpr.appteam.nith.hillffair.activities.InformationActivity
08-05 23:47:10.240  2504  2527 D ActivityGraph: LARDataInitFetchDB nappatfpr.appteam.nith.hillffair.activities.QuizActivity Pagerank: 0.25 HITS-Authority: 1.0 HITS-Hub: 1.0 SALSA-Authority: 1.0 SALSA-Hub: 1.0 loaded following an edge
08-05 23:47:10.240  2504  2527 D ActivityGraph: ACT_GRAPH does not contain temp2
08-05 23:47:10.240  2504  2527 D ActivityGraph: LARDataInit node nappatfpr.appteam.nith.hillffair.activities.InformationActivity added to nodeList from edge
08-05 23:47:10.240  2504  2527 D ActivityGraph: ACT_GRAPH adding successors: nappatfpr.appteam.nith.hillffair.activities.QuizActivity -> nappatfpr.appteam.nith.hillffair.activities.InformationActivity
08-05 23:47:10.240  2504  2538 D Nappa   : {nappatfpr.appteam.nith.hillffair.activities.QuizActivity=5, nappatfpr.appteam.nith.hillffair.activities.InformationActivity=7, nappatfpr.appteam.nith.hillffair.activities.BattleDayActivity=3, nappatfpr.appteam.nith.hillffair.activities.HomeActivity=2, nappatfpr.appteam.nith.hillffair.activities.ClubActivity=4, nappatfpr.appteam.nith.hillffair.activities.SplashActivity=1, nappatfpr.appteam.nith.hillffair.activities.EventActivity=8, nappatfpr.appteam.nith.hillffair.activities.LeaderBoardActivity=6}
08-05 23:47:10.240  2504  2527 D FetchActivityLiveDataInfoHandler: activity  = QuizActivity
08-05 23:47:10.241  2504  2527 D FetchActivityLiveDataInfoHandler: shouldSetSessionAggregateLiveData  = true
08-05 23:47:10.241  2504  2527 D FetchActivityLiveDataInfoHandler: need/shouldSetSuccessorVisitTime  = true - true
08-05 23:47:10.241  2504  2527 D FetchActivityLiveDataInfoHandler: need/shouldSetSuccessorVisitTime  = true - true
08-05 23:47:10.241  2504  2527 D FetchActivityLiveDataInfoHandler: shouldSetUrlCandidateDbLiveDataLiveData  = true
08-05 23:47:10.241  2504  2527 D FetchActivityLiveDataInfoHandler: shouldSetActivityExtraLiveData  = true
08-05 23:47:10.241  2504  2529 D FetchSessionDataRunnable: QuizActivity Fetching session data for LAST_N_SESSIONS_FROM_ENTITY_SESSION
08-05 23:47:10.242  2504  2529 D FetchVisitTimeRunnable: QuizActivity Fetching session data for LAST_N_SESSIONS_FROM_ENTITY_SESSION
08-05 23:47:10.242  2504  2529 D FetchSuccessorsVisitTimeRunnable: QuizActivity Fetching session data for LAST_N_SESSIONS_FROM_ENTITY_SESSION
08-05 23:47:10.242  2504  2529 D FetchUrlCandidateRunnable: QuizActivity Fetching URL candidates
08-05 23:47:10.243  2504  2529 D FetchIntentExtraRunnable: QuizActivity Fetching intent extras
08-05 23:47:10.243  2504  2527 D ActivityGraph: ACT_GRAPH initNodes() fired for node: nappatfpr.appteam.nith.hillffair.activities.LeaderBoardActivity
08-05 23:47:10.291  3167  3167 I Trepn   : Trepn 6.2s: Trepn has Started Profiling.
08-05 23:47:10.292  2560  2560 D AndroidRuntime: Shutting down VM
08-05 23:47:10.343  2504  2527 D Nappa   : registerActivity: (already in) nappatfpr.appteam.nith.hillffair.activities.LeaderBoardActivity
08-05 23:47:10.344  2504  2527 D ActivityGraph: LARDataInitFetchDB nappatfpr.appteam.nith.hillffair.activities.LeaderBoardActivity Pagerank: 0.25 HITS-Authority: 1.0 HITS-Hub: 1.0 SALSA-Authority: 1.0 SALSA-Hub: 1.0
08-05 23:47:10.344  2504  2527 D ActivityGraph: LARDataInit already in nodeList
08-05 23:47:10.345  2504  2527 D ActivityGraph: ACT_GRAPH Edges size: 0
08-05 23:47:10.345  2504  2527 D FetchActivityLiveDataInfoHandler: activity  = LeaderBoardActivity
08-05 23:47:10.345  2504  2527 D FetchActivityLiveDataInfoHandler: shouldSetSessionAggregateLiveData  = true
08-05 23:47:10.345  2504  2527 D FetchActivityLiveDataInfoHandler: need/shouldSetSuccessorVisitTime  = true - true
08-05 23:47:10.345  2504  2527 D FetchActivityLiveDataInfoHandler: need/shouldSetSuccessorVisitTime  = true - true
08-05 23:47:10.345  2504  2527 D FetchActivityLiveDataInfoHandler: shouldSetUrlCandidateDbLiveDataLiveData  = true
08-05 23:47:10.345  2504  2527 D FetchActivityLiveDataInfoHandler: shouldSetActivityExtraLiveData  = true
08-05 23:47:10.346  2504  2529 D FetchSessionDataRunnable: LeaderBoardActivity Fetching session data for LAST_N_SESSIONS_FROM_ENTITY_SESSION
08-05 23:47:10.346  2504  2529 D FetchVisitTimeRunnable: LeaderBoardActivity Fetching session data for LAST_N_SESSIONS_FROM_ENTITY_SESSION
08-05 23:47:10.347  2504  2529 D FetchSuccessorsVisitTimeRunnable: LeaderBoardActivity Fetching session data for LAST_N_SESSIONS_FROM_ENTITY_SESSION
08-05 23:47:10.347  2504  2529 D FetchUrlCandidateRunnable: LeaderBoardActivity Fetching URL candidates
08-05 23:47:10.347  2504  2529 D FetchIntentExtraRunnable: LeaderBoardActivity Fetching intent extras
08-05 23:47:10.347  2504  2527 D ActivityGraph: ACT_GRAPH initNodes() fired for node: nappatfpr.appteam.nith.hillffair.activities.InformationActivity
08-05 23:47:10.448  2504  2527 D Nappa   : registerActivity: (already in) nappatfpr.appteam.nith.hillffair.activities.InformationActivity
08-05 23:47:10.448  2504  2527 D ActivityGraph: LARDataInitFetchDB nappatfpr.appteam.nith.hillffair.activities.InformationActivity Pagerank: 0.25 HITS-Authority: 1.0 HITS-Hub: 1.0 SALSA-Authority: 1.0 SALSA-Hub: 1.0
08-05 23:47:10.448  2504  2527 D ActivityGraph: LARDataInit already in nodeList
08-05 23:47:10.449  2504  2527 D ActivityGraph: ACT_GRAPH Edges size: 0
08-05 23:47:10.449  2504  2527 D FetchActivityLiveDataInfoHandler: activity  = InformationActivity
08-05 23:47:10.449  2504  2527 D FetchActivityLiveDataInfoHandler: shouldSetSessionAggregateLiveData  = true
08-05 23:47:10.449  2504  2527 D FetchActivityLiveDataInfoHandler: need/shouldSetSuccessorVisitTime  = true - true
08-05 23:47:10.450  2504  2527 D FetchActivityLiveDataInfoHandler: need/shouldSetSuccessorVisitTime  = true - true
08-05 23:47:10.450  2504  2527 D FetchActivityLiveDataInfoHandler: shouldSetUrlCandidateDbLiveDataLiveData  = true
08-05 23:47:10.450  2504  2527 D FetchActivityLiveDataInfoHandler: shouldSetActivityExtraLiveData  = true
08-05 23:47:10.450  2504  2529 D FetchSessionDataRunnable: InformationActivity Fetching session data for LAST_N_SESSIONS_FROM_ENTITY_SESSION
08-05 23:47:10.450  2504  2529 D FetchVisitTimeRunnable: InformationActivity Fetching session data for LAST_N_SESSIONS_FROM_ENTITY_SESSION
08-05 23:47:10.451  2504  2529 D FetchSuccessorsVisitTimeRunnable: InformationActivity Fetching session data for LAST_N_SESSIONS_FROM_ENTITY_SESSION
08-05 23:47:10.451  2504  2529 D FetchUrlCandidateRunnable: InformationActivity Fetching URL candidates
08-05 23:47:10.452  2504  2529 D FetchIntentExtraRunnable: InformationActivity Fetching intent extras
08-05 23:47:10.452  2504  2527 D ActivityGraph: ACT_GRAPH initNodes() fired for node: nappatfpr.appteam.nith.hillffair.activities.EventActivity
08-05 23:47:10.552  2504  2527 D Nappa   : registerActivity: (already in) nappatfpr.appteam.nith.hillffair.activities.EventActivity
08-05 23:47:10.553  2504  2527 D ActivityGraph: LARDataInitFetchDB nappatfpr.appteam.nith.hillffair.activities.EventActivity Pagerank: 0.25 HITS-Authority: 1.0 HITS-Hub: 1.0 SALSA-Authority: 1.0 SALSA-Hub: 1.0
08-05 23:47:10.553  2504  2527 D ActivityGraph: LARDataInit already in nodeList
08-05 23:47:10.553  2504  2527 D ActivityGraph: ACT_GRAPH Edges size: 1
08-05 23:47:10.653  2504  2527 D Nappa   : registerActivity: (already in) nappatfpr.appteam.nith.hillffair.activities.ClubActivity
08-05 23:47:10.656  2504  2527 D ActivityGraph: LARDataInitFetchDB nappatfpr.appteam.nith.hillffair.activities.EventActivity Pagerank: 0.25 HITS-Authority: 1.0 HITS-Hub: 1.0 SALSA-Authority: 1.0 SALSA-Hub: 1.0 loaded following an edge
08-05 23:47:10.656  2504  2527 D ActivityGraph: ACT_GRAPH contains temp2
08-05 23:47:10.656  2504  2527 D ActivityGraph: LARDataInit already in nodeList from edge
08-05 23:47:10.656  2504  2527 D ActivityGraph: ACT_GRAPH adding successors: nappatfpr.appteam.nith.hillffair.activities.EventActivity -> nappatfpr.appteam.nith.hillffair.activities.ClubActivity
08-05 23:47:10.656  2504  2538 D Nappa   : {nappatfpr.appteam.nith.hillffair.activities.QuizActivity=5, nappatfpr.appteam.nith.hillffair.activities.InformationActivity=7, nappatfpr.appteam.nith.hillffair.activities.BattleDayActivity=3, nappatfpr.appteam.nith.hillffair.activities.HomeActivity=2, nappatfpr.appteam.nith.hillffair.activities.ClubActivity=4, nappatfpr.appteam.nith.hillffair.activities.SplashActivity=1, nappatfpr.appteam.nith.hillffair.activities.EventActivity=8, nappatfpr.appteam.nith.hillffair.activities.LeaderBoardActivity=6}
08-05 23:47:10.656  2504  2527 D FetchActivityLiveDataInfoHandler: activity  = EventActivity
08-05 23:47:10.656  2504  2527 D FetchActivityLiveDataInfoHandler: shouldSetSessionAggregateLiveData  = true
08-05 23:47:10.657  2504  2527 D FetchActivityLiveDataInfoHandler: need/shouldSetSuccessorVisitTime  = true - true
08-05 23:47:10.657  2504  2527 D FetchActivityLiveDataInfoHandler: need/shouldSetSuccessorVisitTime  = true - true
08-05 23:47:10.657  2504  2527 D FetchActivityLiveDataInfoHandler: shouldSetUrlCandidateDbLiveDataLiveData  = true
08-05 23:47:10.657  2504  2527 D FetchActivityLiveDataInfoHandler: shouldSetActivityExtraLiveData  = true
08-05 23:47:10.657  2504  2529 D FetchSessionDataRunnable: EventActivity Fetching session data for LAST_N_SESSIONS_FROM_ENTITY_SESSION
08-05 23:47:10.657  2504  2529 D FetchVisitTimeRunnable: EventActivity Fetching session data for LAST_N_SESSIONS_FROM_ENTITY_SESSION
08-05 23:47:10.658  2504  2529 D FetchSuccessorsVisitTimeRunnable: EventActivity Fetching session data for LAST_N_SESSIONS_FROM_ENTITY_SESSION
08-05 23:47:10.658  2504  2529 D FetchUrlCandidateRunnable: EventActivity Fetching URL candidates
08-05 23:47:10.659  2504  2529 D FetchIntentExtraRunnable: EventActivity Fetching intent extras
08-05 23:47:10.659  2504  2527 D Nappa   : Extended Startup-time: 1678 ms
08-05 23:47:10.660  2504  2527 D InitGraphRunnable: Initialised graph ActivityGraph beginning
08-05 23:47:10.660  2504  2527 D InitGraphRunnable: 
08-05 23:47:10.660  2504  2527 D InitGraphRunnable: SplashActivity 
08-05 23:47:10.660  2504  2527 D InitGraphRunnable: 	Successors:
08-05 23:47:10.660  2504  2527 D InitGraphRunnable: 		HomeActivity (0 hits)
08-05 23:47:10.660  2504  2527 D InitGraphRunnable: 	Ancestors:
08-05 23:47:10.660  2504  2527 D InitGraphRunnable: 
08-05 23:47:10.660  2504  2527 D InitGraphRunnable: 
08-05 23:47:10.660  2504  2527 D InitGraphRunnable: HomeActivity 
08-05 23:47:10.660  2504  2527 D InitGraphRunnable: 	Successors:
08-05 23:47:10.660  2504  2527 D InitGraphRunnable: 		QuizActivity (0 hits)
08-05 23:47:10.660  2504  2527 D InitGraphRunnable: 		BattleDayActivity (0 hits)
08-05 23:47:10.660  2504  2527 D InitGraphRunnable: 		EventActivity (0 hits)
08-05 23:47:10.660  2504  2527 D InitGraphRunnable: 	Ancestors:
08-05 23:47:10.660  2504  2527 D InitGraphRunnable: 		SplashActivity (0 hits)
08-05 23:47:10.660  2504  2527 D InitGraphRunnable: 
08-05 23:47:10.660  2504  2527 D InitGraphRunnable: BattleDayActivity 
08-05 23:47:10.660  2504  2527 D InitGraphRunnable: 	Successors:
08-05 23:47:10.660  2504  2527 D InitGraphRunnable: 		ClubActivity (0 hits)
08-05 23:47:10.660  2504  2527 D InitGraphRunnable: 	Ancestors:
08-05 23:47:10.660  2504  2527 D InitGraphRunnable: 		HomeActivity (0 hits)
08-05 23:47:10.660  2504  2527 D InitGraphRunnable: 
08-05 23:47:10.660  2504  2527 D InitGraphRunnable: QuizActivity 
08-05 23:47:10.660  2504  2527 D InitGraphRunnable: 	Successors:
08-05 23:47:10.660  2504  2527 D InitGraphRunnable: 		LeaderBoardActivity (0 hits)
08-05 23:47:10.660  2504  2527 D InitGraphRunnable: 		InformationActivity (0 hits)
08-05 23:47:10.660  2504  2527 D InitGraphRunnable: 	Ancestors:
08-05 23:47:10.660  2504  2527 D InitGraphRunnable: 		HomeActivity (0 hits)
08-05 23:47:10.660  2504  2527 D InitGraphRunnable: 
08-05 23:47:10.660  2504  2527 D InitGraphRunnable: EventActivity 
08-05 23:47:10.660  2504  2527 D InitGraphRunnable: 	Successors:
08-05 23:47:10.660  2504  2527 D InitGraphRunnable: 		ClubActivity (0 hits)
08-05 23:47:10.660  2504  2527 D InitGraphRunnable: 	Ancestors:
08-05 23:47:10.660  2504  2527 D InitGraphRunnable: 		HomeActivity (0 hits)
08-05 23:47:10.660  2504  2527 D InitGraphRunnable: 
08-05 23:47:10.660  2504  2527 D InitGraphRunnable: ClubActivity 
08-05 23:47:10.660  2504  2527 D InitGraphRunnable: 	Successors:
08-05 23:47:10.660  2504  2527 D InitGraphRunnable: 
08-05 23:47:10.660  2504  2527 D InitGraphRunnable: 	Ancestors:
08-05 23:47:10.660  2504  2527 D InitGraphRunnable: 		BattleDayActivity (0 hits)
08-05 23:47:10.660  2504  2527 D InitGraphRunnable: 		EventActivity (0 hits)
08-05 23:47:10.660  2504  2527 D InitGraphRunnable: 
08-05 23:47:10.660  2504  2527 D InitGraphRunnable: LeaderBoardActivity 
08-05 23:47:10.660  2504  2527 D InitGraphRunnable: 	Successors:
08-05 23:47:10.660  2504  2527 D InitGraphRunnable: 
08-05 23:47:10.660  2504  2527 D InitGraphRunnable: 	Ancestors:
08-05 23:47:10.660  2504  2527 D InitGraphRunnable: 		QuizActivity (0 hits)
08-05 23:47:10.660  2504  2527 D InitGraphRunnable: 
08-05 23:47:10.660  2504  2527 D InitGraphRunnable: InformationActivity 
08-05 23:47:10.660  2504  2527 D InitGraphRunnable: 	Successors:
08-05 23:47:10.660  2504  2527 D InitGraphRunnable: 
08-05 23:47:10.660  2504  2527 D InitGraphRunnable: 	Ancestors:
08-05 23:47:10.660  2504  2527 D InitGraphRunnable: 		QuizActivity (0 hits)
08-05 23:47:10.660  2504  2527 D InitGraphRunnable: 
08-05 23:47:10.660  2504  2527 D InitGraphRunnable: ActivityGraph end
08-05 23:47:10.660  2504  2527 D InitGraphRunnable: 
08-05 23:47:10.660  2504  2504 D Nappa   : Startup-time: 1679 ms
08-05 23:47:10.683  2504  2504 I art     : Rejecting re-init on previously-failed class java.lang.Class<androidx.core.view.ViewCompat$2>
08-05 23:47:10.683  2504  2504 I art     : Rejecting re-init on previously-failed class java.lang.Class<androidx.core.view.ViewCompat$2>
08-05 23:47:10.702  2504  2516 I art     : Starting a blocking GC Explicit
08-05 23:47:10.731  2504  2516 I art     : Explicit concurrent mark sweep GC freed 11871(1280KB) AllocSpace objects, 10(340KB) LOS objects, 40% free, 20MB/34MB, paused 715us total 29.289ms
08-05 23:47:10.739  2504  2516 I art     : Starting a blocking GC Explicit
08-05 23:47:10.753  2504  2516 I art     : Explicit concurrent mark sweep GC freed 2509(222KB) AllocSpace objects, 0(0B) LOS objects, 40% free, 20MB/34MB, paused 685us total 13.510ms
08-05 23:47:10.754  2504  2504 D NappaLifecycleObserver: nappatfpr.appteam.nith.hillffair.activities.SplashActivity - onResume
08-05 23:47:10.754  2504  2504 D Nappa   : setCurrentActivity - MetricStrategyAccuracy - 
08-05 23:47:10.754  2504  2504 D Nappa   : madePredictionFromActivity = false, 
08-05 23:47:10.754  2504  2504 D Nappa   : fromActivity = null, 
08-05 23:47:10.754  2504  2504 D Nappa   : predictedNextActivityFromActivity = [], 
08-05 23:47:10.754  2504  2504 D Nappa   : activity.getClass().getCanonicalName() = nappatfpr.appteam.nith.hillffair.activities.SplashActivity, 
08-05 23:47:10.754  2504  2504 D Nappa   : setCurrentActivity - MetricStrategyAccuracy - 
08-05 23:47:10.754  2504  2504 D Nappa   : madePredictionFromExtra = false, 
08-05 23:47:10.754  2504  2504 D Nappa   : fromActivity = null, 
08-05 23:47:10.754  2504  2504 D Nappa   : predictedNextActivityFromExtra = [], 
08-05 23:47:10.754  2504  2504 D Nappa   : activity.getClass().getCanonicalName() = nappatfpr.appteam.nith.hillffair.activities.SplashActivity, 
08-05 23:47:10.754  2504  2504 D Nappa   : PREFETCH_ON_EXTRA - setCurrentActivity - logs - from activity - made prediction isfalse
08-05 23:47:10.759  2504  2516 I art     : Starting a blocking GC Explicit
08-05 23:47:10.773  2504  2516 I art     : Explicit concurrent mark sweep GC freed 427(54KB) AllocSpace objects, 1(20KB) LOS objects, 40% free, 20MB/34MB, paused 231us total 13.472ms
08-05 23:47:10.778  2504  2516 I art     : Starting a blocking GC Explicit
08-05 23:47:10.788  2504  2516 I art     : Explicit concurrent mark sweep GC freed 34(1904B) AllocSpace objects, 0(0B) LOS objects, 40% free, 20MB/34MB, paused 199us total 9.337ms
08-05 23:47:10.793  2504  2516 I art     : Starting a blocking GC Explicit
08-05 23:47:10.802  2504  2516 I art     : Explicit concurrent mark sweep GC freed 16(624B) AllocSpace objects, 0(0B) LOS objects, 40% free, 20MB/34MB, paused 200us total 8.856ms
08-05 23:47:10.855  2504  2504 D Nappa   : registerActivity: (already in) nappatfpr.appteam.nith.hillffair.activities.SplashActivity
08-05 23:47:10.855  2504  2504 D Nappa   : SHOULD_PREFETCH false
08-05 23:47:10.855  2504  2504 D Nappa   : STATS Number of requests not prefetched: 0
08-05 23:47:10.855  2504  2504 D Nappa   : STATS Number of requests prefetched: 0
08-05 23:47:10.855  2504  2504 D Nappa   : STATS Time saved until now: 0.0
08-05 23:47:10.860  2504  2599 D OpenGLRenderer: Use EGL_SWAP_BEHAVIOR_PRESERVED: true
08-05 23:47:10.867  2504  2504 D ActivityNode: Setting aggregate visit time live data for node SplashActivity
08-05 23:47:10.867  2504  2504 D ActivityNode: Setting aggregate visit time live data for node HomeActivity
08-05 23:47:10.867  2504  2504 D ActivityNode: Setting aggregate visit time live data for node BattleDayActivity
08-05 23:47:10.867  2504  2504 D ActivityNode: Setting aggregate visit time live data for node ClubActivity
08-05 23:47:10.867  2504  2504 D ActivityNode: Setting aggregate visit time live data for node QuizActivity
08-05 23:47:10.868  2504  2504 D ActivityNode: Setting aggregate visit time live data for node LeaderBoardActivity
08-05 23:47:10.868  2504  2504 D ActivityNode: Setting aggregate visit time live data for node InformationActivity
08-05 23:47:10.868  2504  2504 D ActivityNode: Setting aggregate visit time live data for node EventActivity
08-05 23:47:10.885  2504  2537 E OneSignal: Error Getting GCM Token
08-05 23:47:10.885  2504  2537 E OneSignal: java.io.IOException: INVALID_SENDER
08-05 23:47:10.885  2504  2537 E OneSignal: 	at com.google.android.gms.gcm.GoogleCloudMessaging.zzd(Unknown Source)
08-05 23:47:10.885  2504  2537 E OneSignal: 	at com.google.android.gms.gcm.GoogleCloudMessaging.register(Unknown Source)
08-05 23:47:10.885  2504  2537 E OneSignal: 	at com.onesignal.PushRegistratorGCM.getToken(PushRegistratorGCM.java:42)
08-05 23:47:10.885  2504  2537 E OneSignal: 	at com.onesignal.PushRegistratorAbstractGoogle.attemptRegistration(PushRegistratorAbstractGoogle.java:97)
08-05 23:47:10.885  2504  2537 E OneSignal: 	at com.onesignal.PushRegistratorAbstractGoogle.access$100(PushRegistratorAbstractGoogle.java:37)
08-05 23:47:10.885  2504  2537 E OneSignal: 	at com.onesignal.PushRegistratorAbstractGoogle$1.run(PushRegistratorAbstractGoogle.java:84)
08-05 23:47:10.885  2504  2537 E OneSignal: 	at java.lang.Thread.run(Thread.java:818)
08-05 23:47:10.893  2504  2600 I art     : Rejecting re-init on previously-failed class java.lang.Class<com.onesignal.OneSignalChromeTab$OneSignalCustomTabsServiceConnection>
08-05 23:47:10.893  2504  2600 I art     : Rejecting re-init on previously-failed class java.lang.Class<com.onesignal.OneSignalChromeTab$OneSignalCustomTabsServiceConnection>
08-05 23:47:10.899  2504  2599 I Adreno  : QUALCOMM build                   : fcf4852, I1af360237c
08-05 23:47:10.899  2504  2599 I Adreno  : Build Date                       : 09/23/15
08-05 23:47:10.899  2504  2599 I Adreno  : OpenGL ES Shader Compiler Version: XE031.05.13.02
08-05 23:47:10.899  2504  2599 I Adreno  : Local Branch                     : mybranch14465806
08-05 23:47:10.899  2504  2599 I Adreno  : Remote Branch                    : quic/LA.BF64.1.2.9_v2
08-05 23:47:10.899  2504  2599 I Adreno  : Remote Branch                    : NONE
08-05 23:47:10.899  2504  2599 I Adreno  : Reconstruct Branch               : NOTHING
08-05 23:47:10.904  2504  2599 I OpenGLRenderer: Initialized EGL, version 1.4
08-05 23:47:10.928  2504  2504 D PARAM   : COUNT: 0
08-05 23:47:10.929  2504  2504 D ActivityNode: Observer - URL candidate SplashActivity[]
08-05 23:47:10.929  2504  2504 D ActivityNode: Observer - intent extra - SplashActivity
08-05 23:47:10.929  2504  2504 D ActivityNode: Extras:
08-05 23:47:10.929  2504  2504 D ActivityNode: Observer - visit time - SplashActivity - New aggregate visit time found is 1392 ms
08-05 23:47:10.929  2504  2504 D ActivityNode: Observer - successor visit time - SplashActivity - Updating the visit time from the successors list:
08-05 23:47:10.929  2504  2504 D ActivityNode: [AggregateVisitTimeByActivity{nappatfpr.appteam.nith.hillffair.activities.HomeActivity : 4931 ms}]
08-05 23:47:10.929  2504  2504 D ActivityNode: Observer - session data - sourceHomeActivity
08-05 23:47:10.929  2504  2504 D ActivityNode: destinations:
08-05 23:47:10.929  2504  2504 D ActivityNode: 	nappatfpr.appteam.nith.hillffair.activities.BattleDayActivity( count 2)
08-05 23:47:10.929  2504  2504 D ActivityNode: 	nappatfpr.appteam.nith.hillffair.activities.QuizActivity( count 2)
08-05 23:47:10.929  2504  2504 D ActivityNode: 	nappatfpr.appteam.nith.hillffair.activities.EventActivity( count 2)
08-05 23:47:10.929  2504  2504 D ActivityNode: Observer - visit time - HomeActivity - New aggregate visit time found is 13212 ms
08-05 23:47:10.929  2504  2504 D ActivityNode: Observer - intent extra - HomeActivity
08-05 23:47:10.929  2504  2504 D ActivityNode: Extras:
08-05 23:47:10.929  2504  2504 D ActivityNode: Observer - session data - sourceBattleDayActivity
08-05 23:47:10.929  2504  2504 D ActivityNode: destinations:
08-05 23:47:10.929  2504  2504 D ActivityNode: 	nappatfpr.appteam.nith.hillffair.activities.ClubActivity( count 6)
08-05 23:47:10.929  2504  2504 D PARAM   : COUNT: 0
08-05 23:47:10.929  2504  2504 D ActivityNode: Observer - URL candidate HomeActivity[]
08-05 23:47:10.930  2504  2504 D ActivityNode: Observer - successor visit time - HomeActivity - Updating the visit time from the successors list:
08-05 23:47:10.930  2504  2504 D ActivityNode: [AggregateVisitTimeByActivity{nappatfpr.appteam.nith.hillffair.activities.BattleDayActivity : 12951 ms}, AggregateVisitTimeByActivity{nappatfpr.appteam.nith.hillffair.activities.QuizActivity : 5170 ms}, AggregateVisitTimeByActivity{nappatfpr.appteam.nith.hillffair.activities.EventActivity : 13081 ms}]
08-05 23:47:10.930  2504  2504 D ActivityNode: Observer - visit time - BattleDayActivity - New aggregate visit time found is 22792 ms
08-05 23:47:10.930  2504  2504 D PARAM   : COUNT: 0
08-05 23:47:10.930  2504  2504 D ActivityNode: Observer - URL candidate BattleDayActivity[]
08-05 23:47:10.930  2504  2504 D ActivityNode: Observer - intent extra - BattleDayActivity
08-05 23:47:10.930  2504  2504 D ActivityNode: Extras:
08-05 23:47:10.930  2504  2504 D ActivityNode: 	activity ID 3( key battleday)
08-05 23:47:10.930  2504  2504 D ActivityNode: 	activity ID 3( key id)
08-05 23:47:10.930  2504  2504 D ActivityNode: 	activity ID 3( key name)
08-05 23:47:10.930  2504  2504 D ActivityNode: 	activity ID 3( key battleday)
08-05 23:47:10.930  2504  2504 D ActivityNode: 	activity ID 3( key id)
08-05 23:47:10.930  2504  2504 D ActivityNode: 	activity ID 3( key name)
08-05 23:47:10.930  2504  2504 D ActivityNode: 	activity ID 3( key battleday)
08-05 23:47:10.930  2504  2504 D ActivityNode: 	activity ID 3( key id)
08-05 23:47:10.930  2504  2504 D ActivityNode: 	activity ID 3( key name)
08-05 23:47:10.930  2504  2504 D ActivityNode: 	activity ID 3( key battleday)
08-05 23:47:10.930  2504  2504 D ActivityNode: 	activity ID 3( key id)
08-05 23:47:10.930  2504  2504 D ActivityNode: 	activity ID 3( key name)
08-05 23:47:10.930  2504  2504 D ActivityNode: 	activity ID 3( key battleday)
08-05 23:47:10.930  2504  2504 D ActivityNode: 	activity ID 3( key id)
08-05 23:47:10.930  2504  2504 D ActivityNode: 	activity ID 3( key name)
08-05 23:47:10.930  2504  2504 D ActivityNode: 	activity ID 3( key battleday)
08-05 23:47:10.930  2504  2504 D ActivityNode: 	activity ID 3( key id)
08-05 23:47:10.930  2504  2504 D ActivityNode: 	activity ID 3( key name)
08-05 23:47:10.930  2504  2504 D ActivityNode: Observer - session data - sourceClubActivity
08-05 23:47:10.930  2504  2504 D ActivityNode: destinations:
08-05 23:47:10.930  2504  2504 D ActivityNode: Observer - visit time - ClubActivity - New aggregate visit time found is 58554 ms
08-05 23:47:10.930  2504  2504 D ActivityNode: Observer - successor visit time - BattleDayActivity - Updating the visit time from the successors list:
08-05 23:47:10.930  2504  2504 D ActivityNode: [AggregateVisitTimeByActivity{nappatfpr.appteam.nith.hillffair.activities.ClubActivity : 31242 ms}]
08-05 23:47:10.930  2504  2504 D PARAM   : COUNT: 2
08-05 23:47:10.930  2504  2504 D PARAM   : ID_ACTIVITY: 4
08-05 23:47:10.930  2504  2504 D PARAM   : parameter.urlPiece = https://api-hillfair-2k16.herokuapp.com/api/app/events/special/event?id=
08-05 23:47:10.931  2504  2504 D PARAM   : parameter.type = 0
08-05 23:47:10.931  2504  2504 D PARAM   : parameter.urlOrder = 0
08-05 23:47:10.931  2504  2504 D PARAM   : ID_ACTIVITY: 4
08-05 23:47:10.931  2504  2504 D PARAM   : parameter.urlPiece = id
08-05 23:47:10.931  2504  2504 D PARAM   : parameter.type = 1
08-05 23:47:10.931  2504  2504 D PARAM   : parameter.urlOrder = 1
08-05 23:47:10.932  2504  2504 D ActivityNode: Observer - URL candidate ClubActivity[nl.vu.cs.s2group.nappa.room.dao.UrlCandidateDao$UrlCandidateToUrlParameter@d75a5da, nl.vu.cs.s2group.nappa.room.dao.UrlCandidateDao$UrlCandidateToUrlParameter@43c3a0b]
