08-06 17:11:53.736 15860 15860 D ActivityNode: 	activity ID 8( key CLUB_NAME)
08-06 17:11:53.736 15860 15860 D ActivityNode: 	activity ID 8( key CLUB_NAME)
08-06 17:11:53.736 15860 15860 D ActivityNode: 	activity ID 8( key CLUB_NAME)
08-06 17:11:53.736 15860 15860 D ActivityNode: 	activity ID 8( key CLUB_NAME)
08-06 17:11:53.736 15860 15860 D ActivityNode: 	activity ID 8( key CLUB_NAME)
08-06 17:11:53.736 15860 15860 D ActivityNode: 	activity ID 8( key CLUB_NAME)
08-06 17:11:53.736 15860 15860 D ActivityNode: 	activity ID 8( key CLUB_NAME)
08-06 17:11:53.736 15860 15860 D ActivityNode: 	activity ID 8( key CLUB_NAME)
08-06 17:11:53.736 15860 15860 D ActivityNode: 	activity ID 8( key CLUB_NAME)
08-06 17:11:53.736 15860 15860 D ActivityNode: 	activity ID 8( key CLUB_NAME)
08-06 17:11:53.736 15860 15860 D ActivityNode: 	activity ID 8( key CLUB_NAME)
08-06 17:11:53.736 15860 15860 D ActivityNode: 	activity ID 8( key CLUB_NAME)
08-06 17:11:53.736 15860 15860 D ActivityNode: 	activity ID 8( key CLUB_NAME)
08-06 17:11:53.736 15860 15860 D ActivityNode: 	activity ID 8( key CLUB_NAME)
08-06 17:11:53.736 15860 15860 D ActivityNode: 	activity ID 8( key CLUB_NAME)
08-06 17:11:53.736 15860 15860 D ActivityNode: 	activity ID 8( key CLUB_NAME)
08-06 17:11:53.736 15860 15860 D ActivityNode: 	activity ID 8( key CLUB_NAME)
08-06 17:11:53.736 15860 15860 D ActivityNode: 	activity ID 8( key CLUB_NAME)
08-06 17:11:53.736 15860 15860 D ActivityNode: 	activity ID 8( key CLUB_NAME)
08-06 17:11:53.736 15860 15860 D ActivityNode: 	activity ID 8( key CLUB_NAME)
08-06 17:11:53.736 15860 15860 D ActivityNode: 	activity ID 8( key CLUB_NAME)
08-06 17:11:53.736 15860 15860 D ActivityNode: 	activity ID 8( key CLUB_NAME)
08-06 17:11:53.736 15860 15860 D ActivityNode: 	activity ID 8( key CLUB_NAME)
08-06 17:11:53.736 15860 15860 D ActivityNode: 	activity ID 8( key CLUB_NAME)
08-06 17:11:53.736 15860 15860 D ActivityNode: 	activity ID 8( key CLUB_NAME)
08-06 17:11:53.736 15860 15860 D ActivityNode: 	activity ID 8( key CLUB_NAME)
08-06 17:11:53.736 15860 15860 D ActivityNode: 	activity ID 8( key CLUB_NAME)
08-06 17:11:53.736 15860 15860 D ActivityNode: 	activity ID 8( key CLUB_NAME)
08-06 17:11:53.736 15860 15860 D ActivityNode: 	activity ID 8( key CLUB_NAME)
08-06 17:11:53.736 15860 15860 D ActivityNode: 	activity ID 8( key CLUB_NAME)
08-06 17:11:53.736 15860 15860 D ActivityNode: 	activity ID 8( key CLUB_NAME)
08-06 17:11:53.737 13866 13866 I GoogleInputMethodServic: GoogleInputMethodService.onStartInput():1808 
08-06 17:11:53.746 15860 15860 D ActivityNode: Observer - visit time - BattleDayActivity - New aggregate visit time found is 106081 ms
08-06 17:11:53.747 15860 15860 D ActivityNode: Observer - successor visit time - SplashActivity - Updating the visit time from the successors list:
08-06 17:11:53.747 15860 15860 D ActivityNode: [AggregateVisitTimeByActivity{nappatfpr.appteam.nith.hillffair.activities.HomeActivity : 14906 ms}]
08-06 17:11:53.747 15860 15860 D ActivityNode: Observer - successor visit time - BattleDayActivity - Updating the visit time from the successors list:
08-06 17:11:53.747 15860 15860 D ActivityNode: [AggregateVisitTimeByActivity{nappatfpr.appteam.nith.hillffair.activities.ClubActivity : 145624 ms}]
08-06 17:11:53.747 15860 15860 D ActivityNode: Observer - successor visit time - HomeActivity - Updating the visit time from the successors list:
08-06 17:11:53.747 15860 15860 D ActivityNode: [AggregateVisitTimeByActivity{nappatfpr.appteam.nith.hillffair.activities.BattleDayActivity : 60534 ms}, AggregateVisitTimeByActivity{nappatfpr.appteam.nith.hillffair.activities.QuizActivity : 21574 ms}, AggregateVisitTimeByActivity{nappatfpr.appteam.nith.hillffair.activities.EventActivity : 52601 ms}]
08-06 17:11:53.748 15860 15860 D ActivityNode: Observer - successor visit time - QuizActivity - Updating the visit time from the successors list:
08-06 17:11:53.748 15860 15860 D ActivityNode: [AggregateVisitTimeByActivity{nappatfpr.appteam.nith.hillffair.activities.LeaderBoardActivity : 54548 ms}, AggregateVisitTimeByActivity{nappatfpr.appteam.nith.hillffair.activities.InformationActivity : 18292 ms}]
08-06 17:11:53.749 15860 15860 D ActivityNode: Observer - session data - sourceSplashActivity
08-06 17:11:53.749 15860 15860 D ActivityNode: destinations:
08-06 17:11:53.749 15860 15860 D ActivityNode: 	nappatfpr.appteam.nith.hillffair.activities.HomeActivity( count 5)
08-06 17:11:53.750 15860 15860 D ActivityNode: Observer - session data - sourceHomeActivity
08-06 17:11:53.750 15860 15860 D ActivityNode: destinations:
08-06 17:11:53.750 15860 15860 D ActivityNode: 	nappatfpr.appteam.nith.hillffair.activities.BattleDayActivity( count 9)
08-06 17:11:53.750 15860 15860 D ActivityNode: 	nappatfpr.appteam.nith.hillffair.activities.QuizActivity( count 8)
08-06 17:11:53.750 15860 15860 D ActivityNode: 	nappatfpr.appteam.nith.hillffair.activities.EventActivity( count 8)
08-06 17:11:53.750 15860 15860 D ActivityNode: Observer - session data - sourceBattleDayActivity
08-06 17:11:53.750 15860 15860 D ActivityNode: destinations:
08-06 17:11:53.750 15860 15860 D ActivityNode: 	nappatfpr.appteam.nith.hillffair.activities.ClubActivity( count 28)
08-06 17:11:53.750 15860 15860 D ActivityNode: Observer - session data - sourceClubActivity
08-06 17:11:53.750 15860 15860 D ActivityNode: destinations:
08-06 17:11:53.751 15860 15860 D ActivityNode: Observer - session data - sourceLeaderBoardActivity
08-06 17:11:53.751 15860 15860 D ActivityNode: destinations:
08-06 17:11:53.751 15860 15860 D ActivityNode: Observer - session data - sourceInformationActivity
08-06 17:11:53.751 15860 15860 D ActivityNode: destinations:
08-06 17:11:53.751 15860 15860 D ActivityNode: Observer - session data - sourceEventActivity
08-06 17:11:53.751 15860 15860 D ActivityNode: destinations:
08-06 17:11:53.751 15860 15860 D ActivityNode: 	nappatfpr.appteam.nith.hillffair.activities.ClubActivity( count 24)
08-06 17:11:53.751 15860 15860 D ActivityNode: Observer - session data - sourceQuizActivity
08-06 17:11:53.751 15860 15860 D ActivityNode: destinations:
08-06 17:11:53.751 15860 15860 D ActivityNode: 	nappatfpr.appteam.nith.hillffair.activities.LeaderBoardActivity( count 12)
08-06 17:11:53.751 15860 15860 D ActivityNode: 	nappatfpr.appteam.nith.hillffair.activities.InformationActivity( count 4)
08-06 17:11:53.752 15860 15860 D ActivityNode: Observer - successor visit time - EventActivity - Updating the visit time from the successors list:
08-06 17:11:53.752 15860 15860 D ActivityNode: [AggregateVisitTimeByActivity{nappatfpr.appteam.nith.hillffair.activities.ClubActivity : 110462 ms}]
08-06 17:11:53.830 15860 15873 I art     : Starting a blocking GC Explicit
08-06 17:11:53.851 15860 15890 D Nappa   : PREFETCH_ON_EXTRA - setCurrentActivity - logs - from extra - made prediction istrue
08-06 17:11:53.851 15860 15890 D Nappa   : PREFETCH_ON_EXTRA - setCurrentActivity - logs - from extra - start
08-06 17:11:53.851 15860 15890 D Nappa   : setCurrentActivity - MetricStrategyAccuracy - checking prediction VS current activity for extras
08-06 17:11:53.851 15860 15890 D TfprPrefetchingStrategy: MetricStrategyAccuracy inc hits count5 | from extra
08-06 17:11:53.851 15860 15890 I NAPPA_EXPERIMENTATION: MetricStrategyAccuracy: LOG_ID='9',EXECUTION_COUNT='9',CASES_COUNT='9',HIT_PERCENTAGE_TOTAL='55.55555555555556',HIT_PERCENTAGE_WHEN_PREDICTED='100.0',HIT_COUNT='5',MISS_COUNT='0',INSUFFICIENT_SCORE_COUNT='1',EXCEPTION_COUNT='0',NO_SUCCESSOR_COUNT='3',
08-06 17:11:53.851 15860 15890 D Nappa   : PREFETCH_ON_EXTRA - setCurrentActivity - logs - from extra- finished
08-06 17:11:53.856 15860 15873 I art     : Explicit concurrent mark sweep GC freed 3953(300KB) AllocSpace objects, 1(20KB) LOS objects, 23% free, 52MB/68MB, paused 550us total 25.721ms
08-06 17:11:53.867 15860 15873 I art     : Starting a blocking GC Explicit
08-06 17:11:53.891 15860 15873 I art     : Explicit concurrent mark sweep GC freed 731(26KB) AllocSpace objects, 0(0B) LOS objects, 23% free, 52MB/68MB, paused 569us total 23.459ms
08-06 17:11:53.902 15860 15873 I art     : Starting a blocking GC Explicit
08-06 17:11:53.926 15860 15873 I art     : Explicit concurrent mark sweep GC freed 3(96B) AllocSpace objects, 0(0B) LOS objects, 23% free, 52MB/68MB, paused 565us total 23.735ms
08-06 17:11:53.936 15860 15873 I art     : Starting a blocking GC Explicit
08-06 17:11:53.961 15860 15873 I art     : Explicit concurrent mark sweep GC freed 3(96B) AllocSpace objects, 0(0B) LOS objects, 23% free, 52MB/68MB, paused 569us total 24.020ms
08-06 17:11:53.971 15860 15873 I art     : Starting a blocking GC Explicit
08-06 17:11:53.988   380   380 W SurfaceFlinger: couldn't log to binary event log: overflow.
08-06 17:11:53.996 15860 15873 I art     : Explicit concurrent mark sweep GC freed 3(96B) AllocSpace objects, 0(0B) LOS objects, 23% free, 52MB/68MB, paused 569us total 23.955ms
08-06 17:11:54.152 15860 15890 D Nappa   : PREFETCH_ON_EXTRA - setCurrentActivity - starting new prediction
08-06 17:11:54.152 15860 15890 D Nappa   : Current node - currentActivityName - nappatfpr.appteam.nith.hillffair.activities.ClubActivity
08-06 17:11:54.152 15860 15890 D Nappa   : Current node - activityGraph.getCurrent() - nappatfpr.appteam.nith.hillffair.activities.ClubActivity
08-06 17:11:54.153 15860 15890 I NAPPA_EXPERIMENTATION: MetricNappaPrefetchingStrategyExecutionTime: STRATEGY_CLASS='TfprPrefetchingStrategy',DURATION='1927',NUMBER_OF_URLS='0',NUMBER_OF_SELECTED_CHILDREN_NODES='0',NUMBER_OF_CHILDREN_NODES='0',STRATEGY_RUN_SUCCESSFULLY='True',
08-06 17:11:54.153 15860 15890 D TfprPrefetchingStrategy: ==================================
08-06 17:11:54.153 15860 15890 D TfprPrefetchingStrategy: Starting Run #10
08-06 17:11:54.153 15860 15890 D TfprPrefetchingStrategy: ----------------------------------
08-06 17:11:54.153 15860 15890 D TfprPrefetchingStrategy: Node data ClubActivity 
08-06 17:11:54.153 15860 15890 D TfprPrefetchingStrategy: 	Successors:
08-06 17:11:54.153 15860 15890 D TfprPrefetchingStrategy: 
08-06 17:11:54.153 15860 15890 D TfprPrefetchingStrategy: 	Ancestors:
08-06 17:11:54.153 15860 15890 D TfprPrefetchingStrategy: 		BattleDayActivity (0 hits)
08-06 17:11:54.153 15860 15890 D TfprPrefetchingStrategy: 		EventActivity (0 hits)
08-06 17:11:54.153 15860 15890 D TfprPrefetchingStrategy: 
08-06 17:11:54.153 15860 15890 D TfprPrefetchingStrategy: MetricStrategyAccuracy inc execution count10 | act = true; extra = false
08-06 17:11:54.153 15860 15890 D TfprPrefetchingStrategy: MetricStrategyAccuracy inc no sucessor count4 | act = true; extra = false
08-06 17:11:54.153 15860 15890 D TfprPrefetchingStrategy: Node has no successor
08-06 17:11:54.153 15860 15890 D TfprPrefetchingStrategy: Next visited child will be []
08-06 17:11:54.153 15860 15890 D TfprPrefetchingStrategy: ==================================
08-06 17:11:54.153 15860 15890 D Nappa   : PREFETCH_ON_EXTRA - setCurrentActivity - finished new prediction
08-06 17:11:54.304 15860 16655 I art     : Starting a blocking GC Explicit
08-06 17:11:54.331 15860 16655 I art     : Explicit concurrent mark sweep GC freed 1818(113KB) AllocSpace objects, 1(20KB) LOS objects, 23% free, 52MB/68MB, paused 603us total 27.146ms
08-06 17:11:54.342 15860 16655 I art     : Starting a blocking GC Explicit
08-06 17:11:54.369 15860 16655 I art     : Explicit concurrent mark sweep GC freed 28(1024B) AllocSpace objects, 0(0B) LOS objects, 23% free, 52MB/68MB, paused 598us total 26.472ms
08-06 17:11:54.380 15860 16655 I art     : Starting a blocking GC Explicit
08-06 17:11:54.407 15860 16655 I art     : Explicit concurrent mark sweep GC freed 3(96B) AllocSpace objects, 0(0B) LOS objects, 23% free, 52MB/68MB, paused 844us total 26.699ms
08-06 17:11:54.418 15860 16655 I art     : Starting a blocking GC Explicit
08-06 17:11:54.444 15860 16655 I art     : Explicit concurrent mark sweep GC freed 3(96B) AllocSpace objects, 0(0B) LOS objects, 23% free, 52MB/68MB, paused 581us total 25.551ms
08-06 17:11:54.455 15860 16655 I art     : Starting a blocking GC Explicit
08-06 17:11:54.482 15860 16655 I art     : Explicit concurrent mark sweep GC freed 19(656B) AllocSpace objects, 0(0B) LOS objects, 23% free, 52MB/68MB, paused 594us total 26.144ms
08-06 17:11:54.602 16668 16668 I ServiceManager: Waiting for service AtCmdFwd...
08-06 17:11:54.776 15860 15873 I art     : Starting a blocking GC Explicit
08-06 17:11:54.810 15860 15873 I art     : Explicit concurrent mark sweep GC freed 1549(91KB) AllocSpace objects, 1(20KB) LOS objects, 23% free, 52MB/68MB, paused 659us total 33.464ms
08-06 17:11:54.823 15860 15873 I art     : Starting a blocking GC Explicit
08-06 17:11:54.851 15860 15873 I art     : Explicit concurrent mark sweep GC freed 28(1024B) AllocSpace objects, 0(0B) LOS objects, 23% free, 52MB/68MB, paused 616us total 27.790ms
08-06 17:11:54.862 15860 15873 I art     : Starting a blocking GC Explicit
08-06 17:11:54.889 15860 15873 I art     : Explicit concurrent mark sweep GC freed 3(96B) AllocSpace objects, 0(0B) LOS objects, 23% free, 52MB/68MB, paused 665us total 26.746ms
08-06 17:11:54.900 15860 15873 I art     : Starting a blocking GC Explicit
08-06 17:11:54.927 15860 15873 I art     : Explicit concurrent mark sweep GC freed 3(96B) AllocSpace objects, 0(0B) LOS objects, 23% free, 52MB/68MB, paused 657us total 26.415ms
08-06 17:11:54.938 15860 15873 I art     : Starting a blocking GC Explicit
08-06 17:11:54.968 15860 15873 I art     : Explicit concurrent mark sweep GC freed 3(96B) AllocSpace objects, 0(0B) LOS objects, 23% free, 52MB/68MB, paused 662us total 29.586ms
08-06 17:11:55.306 15860 15871 I art     : Starting a blocking GC Explicit
08-06 17:11:55.344 15860 15871 I art     : Explicit concurrent mark sweep GC freed 1549(91KB) AllocSpace objects, 1(20KB) LOS objects, 23% free, 52MB/68MB, paused 657us total 37.604ms
08-06 17:11:55.357 15860 15871 I art     : Starting a blocking GC Explicit
08-06 17:11:55.388 15860 15871 I art     : Explicit concurrent mark sweep GC freed 28(1024B) AllocSpace objects, 0(0B) LOS objects, 23% free, 52MB/68MB, paused 662us total 30.071ms
08-06 17:11:55.399 15860 15871 I art     : Starting a blocking GC Explicit
08-06 17:11:55.429 15860 15871 I art     : Explicit concurrent mark sweep GC freed 3(96B) AllocSpace objects, 0(0B) LOS objects, 23% free, 52MB/68MB, paused 595us total 29.337ms
08-06 17:11:55.440 15860 15871 I art     : Starting a blocking GC Explicit
08-06 17:11:55.470 15860 15871 I art     : Explicit concurrent mark sweep GC freed 3(96B) AllocSpace objects, 0(0B) LOS objects, 23% free, 52MB/68MB, paused 582us total 29.540ms
08-06 17:11:55.481 15860 15871 I art     : Starting a blocking GC Explicit
08-06 17:11:55.512 15860 15871 I art     : Explicit concurrent mark sweep GC freed 3(96B) AllocSpace objects, 0(0B) LOS objects, 23% free, 52MB/68MB, paused 622us total 29.989ms
08-06 17:11:55.603 16668 16668 W Atfwd_Sendcmd: AtCmdFwd service not published, waiting... retryCnt : 2
08-06 17:11:55.794 15860 15948 I art     : Starting a blocking GC Explicit
08-06 17:11:55.826 15860 15948 I art     : Explicit concurrent mark sweep GC freed 1554(96KB) AllocSpace objects, 1(20KB) LOS objects, 23% free, 52MB/68MB, paused 671us total 31.723ms
08-06 17:11:55.840 15860 15948 I art     : Starting a blocking GC Explicit
08-06 17:11:55.868 15860 15948 I art     : Explicit concurrent mark sweep GC freed 28(1024B) AllocSpace objects, 0(0B) LOS objects, 23% free, 52MB/68MB, paused 660us total 28.662ms
08-06 17:11:55.880 15860 15948 I art     : Starting a blocking GC Explicit
08-06 17:11:55.908 15860 15948 I art     : Explicit concurrent mark sweep GC freed 3(96B) AllocSpace objects, 0(0B) LOS objects, 23% free, 52MB/68MB, paused 673us total 27.632ms
08-06 17:11:55.919 15860 15948 I art     : Starting a blocking GC Explicit
08-06 17:11:55.948 15860 15948 I art     : Explicit concurrent mark sweep GC freed 3(96B) AllocSpace objects, 0(0B) LOS objects, 23% free, 52MB/68MB, paused 664us total 28.613ms
08-06 17:11:55.959 15860 15948 I art     : Starting a blocking GC Explicit
08-06 17:11:55.987 15860 15948 I art     : Explicit concurrent mark sweep GC freed 3(96B) AllocSpace objects, 0(0B) LOS objects, 23% free, 52MB/68MB, paused 687us total 27.809ms
08-06 17:11:56.201 17050 17050 D AndroidRuntime: >>>>>> START com.android.internal.os.RuntimeInit uid 2000 <<<<<<
08-06 17:11:56.208 17050 17050 D AndroidRuntime: CheckJNI is OFF
08-06 17:11:56.248 17050 17050 D ICU     : No timezone override file found: /data/misc/zoneinfo/current/icu/icu_tzdata.dat
08-06 17:11:56.291 17050 17050 I Radio-JNI: register_android_hardware_Radio DONE
08-06 17:11:56.313 15860 16655 I art     : Starting a blocking GC Explicit
08-06 17:11:56.320 17050 17050 D AndroidRuntime: Calling main entry com.android.commands.input.Input
08-06 17:11:56.322 17050 17050 I Input   : injectKeyEvent: KeyEvent { action=ACTION_DOWN, keyCode=KEYCODE_BACK, scanCode=0, metaState=0, flags=0x0, repeatCount=0, eventTime=897132735, downTime=897132735, deviceId=-1, source=0x101 }
08-06 17:11:56.327 17050 17050 I Input   : injectKeyEvent: KeyEvent { action=ACTION_UP, keyCode=KEYCODE_BACK, scanCode=0, metaState=0, flags=0x0, repeatCount=0, eventTime=897132735, downTime=897132735, deviceId=-1, source=0x101 }
08-06 17:11:56.334 17050 17050 D AndroidRuntime: Shutting down VM
08-06 17:11:56.334 15860 15860 D NappaLifecycleObserver: nappatfpr.appteam.nith.hillffair.activities.ClubActivity - onPause
08-06 17:11:56.335 15860 15860 D Nappa   : Stayed on nappatfpr.appteam.nith.hillffair.activities.ClubActivity for 2682 ms
08-06 17:11:56.341 15860 16655 I art     : Explicit concurrent mark sweep GC freed 1648(99KB) AllocSpace objects, 1(20KB) LOS objects, 23% free, 52MB/68MB, paused 761us total 27.855ms
08-06 17:11:56.341 15860 15860 D NappaLifecycleObserver: nappatfpr.appteam.nith.hillffair.activities.BattleDayActivity - onResume
08-06 17:11:56.341 15860 15860 D Nappa   : setCurrentActivity - MetricStrategyAccuracy - 
08-06 17:11:56.341 15860 15860 D Nappa   : madePredictionFromActivity = true, 
08-06 17:11:56.341 15860 15860 D Nappa   : fromActivity = nappatfpr.appteam.nith.hillffair.activities.ClubActivity, 
08-06 17:11:56.341 15860 15860 D Nappa   : predictedNextActivityFromActivity = [], 
08-06 17:11:56.341 15860 15860 D Nappa   : activity.getClass().getCanonicalName() = nappatfpr.appteam.nith.hillffair.activities.BattleDayActivity, 
08-06 17:11:56.341 15860 15860 D Nappa   : setCurrentActivity - MetricStrategyAccuracy - 
08-06 17:11:56.341 15860 15860 D Nappa   : madePredictionFromExtra = false, 
08-06 17:11:56.341 15860 15860 D Nappa   : fromActivity = nappatfpr.appteam.nith.hillffair.activities.ClubActivity, 
08-06 17:11:56.341 15860 15860 D Nappa   : predictedNextActivityFromExtra = [], 
08-06 17:11:56.341 15860 15860 D Nappa   : activity.getClass().getCanonicalName() = nappatfpr.appteam.nith.hillffair.activities.BattleDayActivity, 
08-06 17:11:56.341 15860 15860 D Nappa   : PREFETCH_ON_EXTRA - setCurrentActivity - logs - from activity - made prediction istrue
08-06 17:11:56.342 15860 15860 D Nappa   : PREFETCH_ON_EXTRA - setCurrentActivity - logs - from activity - start
08-06 17:11:56.342 15860 15860 I NAPPA_EXPERIMENTATION: MetricStrategyAccuracy: LOG_ID='10',EXECUTION_COUNT='10',CASES_COUNT='10',HIT_PERCENTAGE_TOTAL='50.0',HIT_PERCENTAGE_WHEN_PREDICTED='100.0',HIT_COUNT='5',MISS_COUNT='0',INSUFFICIENT_SCORE_COUNT='1',EXCEPTION_COUNT='0',NO_SUCCESSOR_COUNT='4',
08-06 17:11:56.342 15860 15860 D Nappa   : PREFETCH_ON_EXTRA - setCurrentActivity - logs - from activity- finished
08-06 17:11:56.352 15860 16655 I art     : Starting a blocking GC Explicit
08-06 17:11:56.377 15860 16655 I art     : Explicit concurrent mark sweep GC freed 273(21KB) AllocSpace objects, 0(0B) LOS objects, 23% free, 52MB/68MB, paused 732us total 25.540ms
08-06 17:11:56.388 15860 16655 I art     : Starting a blocking GC Explicit
08-06 17:11:56.414 15860 16655 I art     : Explicit concurrent mark sweep GC freed 17(624B) AllocSpace objects, 0(0B) LOS objects, 23% free, 52MB/68MB, paused 659us total 26.056ms
08-06 17:11:56.425 15860 16655 I art     : Starting a blocking GC Explicit
08-06 17:11:56.442 15860 15860 D Nappa   : registerActivity: (already in) nappatfpr.appteam.nith.hillffair.activities.BattleDayActivity
08-06 17:11:56.442 15860 15860 D ActivityGraph: LARDataCalculatedUpdate nappatfpr.appteam.nith.hillffair.activities.BattleDayActivity Pagerank: 0.25 HITS-Authority: 1.0 HITS-Hub: 1.0 SALSA-Authority: 1.0 SALSA-Hub: 1.0
08-06 17:11:56.442 15860 15860 D Nappa   : SHOULD_PREFETCH false
08-06 17:11:56.442 15860 15860 D Nappa   : STATS Number of requests not prefetched: 4
08-06 17:11:56.442 15860 15860 D Nappa   : STATS Number of requests prefetched: 1
08-06 17:11:56.443 15860 15860 D Nappa   : STATS Time saved until now: 0.035
08-06 17:11:56.452 15860 16655 I art     : Explicit concurrent mark sweep GC freed 138(6KB) AllocSpace objects, 0(0B) LOS objects, 23% free, 52MB/68MB, paused 704us total 26.826ms
08-06 17:11:56.465 15860 16655 I art     : Starting a blocking GC Explicit
08-06 17:11:56.475 15860 15860 D ActivityNode: Observer - successor visit time - HomeActivity - Updating the visit time from the successors list:
08-06 17:11:56.475 15860 15860 D ActivityNode: [AggregateVisitTimeByActivity{nappatfpr.appteam.nith.hillffair.activities.BattleDayActivity : 60534 ms}, AggregateVisitTimeByActivity{nappatfpr.appteam.nith.hillffair.activities.QuizActivity : 21574 ms}, AggregateVisitTimeByActivity{nappatfpr.appteam.nith.hillffair.activities.EventActivity : 52601 ms}]
08-06 17:11:56.475 15860 15860 D ActivityNode: Observer - successor visit time - SplashActivity - Updating the visit time from the successors list:
08-06 17:11:56.475 15860 15860 D ActivityNode: [AggregateVisitTimeByActivity{nappatfpr.appteam.nith.hillffair.activities.HomeActivity : 14906 ms}]
08-06 17:11:56.475 15860 15860 D ActivityNode: Observer - successor visit time - BattleDayActivity - Updating the visit time from the successors list:
08-06 17:11:56.475 15860 15860 D ActivityNode: [AggregateVisitTimeByActivity{nappatfpr.appteam.nith.hillffair.activities.ClubActivity : 148306 ms}]
08-06 17:11:56.475 15860 15860 D ActivityNode: Observer - visit time - ClubActivity - New aggregate visit time found is 258768 ms
08-06 17:11:56.475 13866 13866 I GoogleInputMethodServic: GoogleInputMethodService.onFinishInput():3138 
08-06 17:11:56.475 15860 15860 D ActivityNode: Observer - successor visit time - QuizActivity - Updating the visit time from the successors list:
08-06 17:11:56.475 15860 15860 D ActivityNode: [AggregateVisitTimeByActivity{nappatfpr.appteam.nith.hillffair.activities.LeaderBoardActivity : 54548 ms}, AggregateVisitTimeByActivity{nappatfpr.appteam.nith.hillffair.activities.InformationActivity : 18292 ms}]
08-06 17:11:56.476 13866 13866 I GoogleInputMethodServic: GoogleInputMethodService.onStartInput():1808 
08-06 17:11:56.483 15860 15860 D ActivityNode: Observer - successor visit time - EventActivity - Updating the visit time from the successors list:
08-06 17:11:56.483 15860 15860 D ActivityNode: [AggregateVisitTimeByActivity{nappatfpr.appteam.nith.hillffair.activities.ClubActivity : 110462 ms}]
08-06 17:11:56.490 15860 16655 I art     : Explicit concurrent mark sweep GC freed 399(44KB) AllocSpace objects, 0(0B) LOS objects, 23% free, 52MB/68MB, paused 666us total 24.552ms
08-06 17:11:56.742 15860 15890 D Nappa   : PREFETCH_ON_EXTRA - setCurrentActivity - logs - from extra - made prediction isfalse
08-06 17:11:56.784 15860 16655 I art     : Starting a blocking GC Explicit
08-06 17:11:56.790   380   380 W SurfaceFlinger: couldn't log to binary event log: overflow.
08-06 17:11:56.791 15860 15860 D NappaLifecycleObserver: nappatfpr.appteam.nith.hillffair.activities.ClubActivity - onDestroy
08-06 17:11:56.791 15860 15860 D NappaLifecycleObserver: -------------F1_SCORE #14 -----------
08-06 17:11:56.791 15860 15860 D NappaLifecycleObserver: F1_SCORE - Intercept list (2)= [https://api-hillfair-2k16.herokuapp.com/api/app/events/special, https://api-hillfair-2k16.herokuapp.com/api/app/events/special/event?id=58065620dcba0f490c70fe09]
08-06 17:11:56.792 15860 15860 D NappaLifecycleObserver: F1_SCORE - Prefetch list (3)= [https://api-hillfair-2k16.herokuapp.com/api/app/events/special/event?id=5806551bdcba0f490c70fd1f, https://api-hillfair-2k16.herokuapp.com/api/app/events/special/event?id=580655cddcba0f490c70fdd0, https://api-hillfair-2k16.herokuapp.com/api/app/events/special/event?id=58065620dcba0f490c70fe09]
08-06 17:11:56.792 15860 15860 D NappaLifecycleObserver: F1_SCORE - TP list (1)= [https://api-hillfair-2k16.herokuapp.com/api/app/events/special/event?id=58065620dcba0f490c70fe09]
08-06 17:11:56.792 15860 15860 D NappaLifecycleObserver: F1_SCORE - FN list (1)= [https://api-hillfair-2k16.herokuapp.com/api/app/events/special]
08-06 17:11:56.792 15860 15860 I NAPPA_EXPERIMENTATION: MetricPrefetchingAccuracy: LOG_ID='15',F1_SCORE_1='0.4',F1_SCORE_2='0.4',TRUE_POSITIVE='1',FALSE_POSITIVE='2',FALSE_NEGATIVE='1',
08-06 17:11:56.816 15860 16655 I art     : Explicit concurrent mark sweep GC freed 2061(125KB) AllocSpace objects, 1(20KB) LOS objects, 23% free, 52MB/68MB, paused 593us total 31.385ms
08-06 17:11:56.826 15860 16655 I art     : Starting a blocking GC Explicit
08-06 17:11:56.851 15860 16655 I art     : Explicit concurrent mark sweep GC freed 215(9KB) AllocSpace objects, 0(0B) LOS objects, 23% free, 52MB/68MB, paused 610us total 24.097ms
08-06 17:11:56.861 15860 16655 I art     : Starting a blocking GC Explicit
08-06 17:11:56.888 15860 16655 I art     : Explicit concurrent mark sweep GC freed 1459(96KB) AllocSpace objects, 2(288KB) LOS objects, 23% free, 52MB/68MB, paused 632us total 26.621ms
08-06 17:11:56.899 15860 16655 I art     : Starting a blocking GC Explicit
08-06 17:11:56.926 15860 16655 I art     : Explicit concurrent mark sweep GC freed 3(96B) AllocSpace objects, 0(0B) LOS objects, 23% free, 52MB/68MB, paused 597us total 26.756ms
08-06 17:11:56.937 15860 16655 I art     : Starting a blocking GC Explicit
08-06 17:11:56.964 15860 16655 I art     : Explicit concurrent mark sweep GC freed 3(96B) AllocSpace objects, 0(0B) LOS objects, 23% free, 52MB/68MB, paused 604us total 27.215ms
08-06 17:11:57.271 15860 15948 I art     : Starting a blocking GC Explicit
08-06 17:11:57.306 15860 15948 I art     : Explicit concurrent mark sweep GC freed 1548(90KB) AllocSpace objects, 1(20KB) LOS objects, 23% free, 52MB/68MB, paused 651us total 33.792ms
08-06 17:11:57.319 15860 15948 I art     : Starting a blocking GC Explicit
08-06 17:11:57.345 15860 15948 I art     : Explicit concurrent mark sweep GC freed 28(1024B) AllocSpace objects, 0(0B) LOS objects, 23% free, 52MB/68MB, paused 570us total 26.381ms
08-06 17:11:57.356 15860 15948 I art     : Starting a blocking GC Explicit
08-06 17:11:57.383 15860 15948 I art     : Explicit concurrent mark sweep GC freed 3(96B) AllocSpace objects, 0(0B) LOS objects, 23% free, 52MB/68MB, paused 615us total 26.637ms
08-06 17:11:57.394 15860 15948 I art     : Starting a blocking GC Explicit
08-06 17:11:57.422 15860 15948 I art     : Explicit concurrent mark sweep GC freed 3(96B) AllocSpace objects, 0(0B) LOS objects, 23% free, 52MB/68MB, paused 603us total 27.276ms
08-06 17:11:57.433 15860 15948 I art     : Starting a blocking GC Explicit
08-06 17:11:57.461 15860 15948 I art     : Explicit concurrent mark sweep GC freed 3(96B) AllocSpace objects, 0(0B) LOS objects, 23% free, 52MB/68MB, paused 612us total 27.052ms
08-06 17:11:57.461 15860 15870 I art     : WaitForGcToComplete blocked for 26.344ms for cause HeapTrim
08-06 17:11:57.743 15860 15873 I art     : Starting a blocking GC Explicit
08-06 17:11:57.773 15860 15873 I art     : Explicit concurrent mark sweep GC freed 1547(90KB) AllocSpace objects, 1(20KB) LOS objects, 23% free, 52MB/68MB, paused 663us total 29.587ms
08-06 17:11:57.787 15860 15873 I art     : Starting a blocking GC Explicit
08-06 17:11:57.813 15860 15873 I art     : Explicit concurrent mark sweep GC freed 28(1024B) AllocSpace objects, 0(0B) LOS objects, 23% free, 52MB/68MB, paused 637us total 26.046ms
08-06 17:11:57.824 15860 15873 I art     : Starting a blocking GC Explicit
08-06 17:11:57.850 15860 15873 I art     : Explicit concurrent mark sweep GC freed 3(96B) AllocSpace objects, 0(0B) LOS objects, 23% free, 52MB/68MB, paused 674us total 25.975ms
08-06 17:11:57.861 15860 15873 I art     : Starting a blocking GC Explicit
08-06 17:11:57.887 15860 15873 I art     : Explicit concurrent mark sweep GC freed 3(96B) AllocSpace objects, 0(0B) LOS objects, 23% free, 52MB/68MB, paused 691us total 25.664ms
08-06 17:11:57.898 15860 15873 I art     : Starting a blocking GC Explicit
08-06 17:11:57.924 15860 15873 I art     : Explicit concurrent mark sweep GC freed 3(96B) AllocSpace objects, 0(0B) LOS objects, 23% free, 52MB/68MB, paused 617us total 26.097ms
08-06 17:11:58.139 17104 17104 D AndroidRuntime: >>>>>> START com.android.internal.os.RuntimeInit uid 2000 <<<<<<
08-06 17:11:58.145 17104 17104 D AndroidRuntime: CheckJNI is OFF
08-06 17:11:58.185 17104 17104 D ICU     : No timezone override file found: /data/misc/zoneinfo/current/icu/icu_tzdata.dat
08-06 17:11:58.227 17104 17104 I Radio-JNI: register_android_hardware_Radio DONE
08-06 17:11:58.256 17104 17104 D AndroidRuntime: Calling main entry com.android.commands.input.Input
08-06 17:11:58.259 15860 15871 I art     : Starting a blocking GC Explicit
08-06 17:11:58.259 17104 17104 I Input   : injectMotionEvent: MotionEvent { action=ACTION_DOWN, actionButton=0, id[0]=0, x[0]=733.0, y[0]=645.0, toolType[0]=TOOL_TYPE_UNKNOWN, buttonState=0, metaState=0, flags=0x0, edgeFlags=0x0, pointerCount=1, historySize=0, eventTime=897134671, downTime=897134671, deviceId=0, source=0x1002 }
08-06 17:11:58.263 17104 17104 I Input   : injectMotionEvent: MotionEvent { action=ACTION_UP, actionButton=0, id[0]=0, x[0]=733.0, y[0]=645.0, toolType[0]=TOOL_TYPE_UNKNOWN, buttonState=0, metaState=0, flags=0x0, edgeFlags=0x0, pointerCount=1, historySize=0, eventTime=897134671, downTime=897134671, deviceId=0, source=0x1002 }
08-06 17:11:58.264 15860 15860 D NappaIntentExtras: ==================
08-06 17:11:58.264 15860 15890 D Nappa   : PREFETCH_ON_EXTRA - notifyExtras- start
08-06 17:11:58.264 15860 15860 D NappaIntentExtras: Log #8
08-06 17:11:58.264 15860 15860 D NappaIntentExtras: ------------------
08-06 17:11:58.264 15860 15860 D NappaIntentExtras: activity nappatfpr.appteam.nith.hillffair.activities.QuizActivity
08-06 17:11:58.264 15860 15860 D NappaIntentExtras: 	- No extras registered
08-06 17:11:58.264 15860 15860 D NappaIntentExtras: activity nappatfpr.appteam.nith.hillffair.activities.InformationActivity
08-06 17:11:58.264 15860 15860 D NappaIntentExtras: 	- No extras registered
08-06 17:11:58.264 15860 15860 D NappaIntentExtras: activity nappatfpr.appteam.nith.hillffair.activities.BattleDayActivity
08-06 17:11:58.264 15860 15860 D NappaIntentExtras: 	- 3 extras registered
08-06 17:11:58.264 15860 15860 D NappaIntentExtras: 	- name : Music
08-06 17:11:58.264 15860 15860 D NappaIntentExtras: 	- id : 5806551bdcba0f490c70fd1f
08-06 17:11:58.264 15860 15860 D NappaIntentExtras: 	- battleday : true
08-06 17:11:58.264 15860 15860 D NappaIntentExtras: activity nappatfpr.appteam.nith.hillffair.activities.HomeActivity
08-06 17:11:58.264 15860 15860 D NappaIntentExtras: 	- No extras registered
08-06 17:11:58.265 15860 15860 D NappaIntentExtras: activity nappatfpr.appteam.nith.hillffair.activities.ClubActivity
08-06 17:11:58.265 15860 15860 D NappaIntentExtras: 	- No extras registered
08-06 17:11:58.265 15860 15860 D NappaIntentExtras: activity nappatfpr.appteam.nith.hillffair.activities.SplashActivity
08-06 17:11:58.265 15860 15860 D NappaIntentExtras: 	- No extras registered
08-06 17:11:58.265 15860 15860 D NappaIntentExtras: activity nappatfpr.appteam.nith.hillffair.activities.EventActivity
08-06 17:11:58.265 15860 15890 I NAPPA_EXPERIMENTATION: MetricNappaPrefetchingStrategyExecutionTime: STRATEGY_CLASS='TfprPrefetchingStrategy',DURATION='920313',NUMBER_OF_URLS='1',NUMBER_OF_SELECTED_CHILDREN_NODES='1',NUMBER_OF_CHILDREN_NODES='1',STRATEGY_RUN_SUCCESSFULLY='True',
08-06 17:11:58.265 15860 15860 D NappaIntentExtras: 	- No extras registered
08-06 17:11:58.265 15860 15890 D TfprPrefetchingStrategy: ==================================
08-06 17:11:58.265 15860 15860 D NappaIntentExtras: activity nappatfpr.appteam.nith.hillffair.activities.LeaderBoardActivity
08-06 17:11:58.265 15860 15890 D TfprPrefetchingStrategy: Starting Run #11
08-06 17:11:58.265 15860 15860 D NappaIntentExtras: 	- No extras registered
08-06 17:11:58.265 15860 15890 D TfprPrefetchingStrategy: ----------------------------------
08-06 17:11:58.265 15860 15860 D NappaIntentExtras: ==================
08-06 17:11:58.265 15860 15890 D TfprPrefetchingStrategy: Node data BattleDayActivity 
08-06 17:11:58.265 15860 15890 D TfprPrefetchingStrategy: 	Successors:
08-06 17:11:58.265 15860 15890 D TfprPrefetchingStrategy: 		ClubActivity (4 hits)
08-06 17:11:58.265 15860 15890 D TfprPrefetchingStrategy: 	Ancestors:
08-06 17:11:58.265 15860 15890 D TfprPrefetchingStrategy: 		HomeActivity (0 hits)
08-06 17:11:58.265 15860 15890 D TfprPrefetchingStrategy: 
08-06 17:11:58.265 15860 15890 D TfprPrefetchingStrategy: MetricStrategyAccuracy inc execution count11 | act = false; extra = true
08-06 17:11:58.265 15860 15890 D TfprPrefetchingStrategy: ===
08-06 17:11:58.265 15860 15890 D TfprPrefetchingStrategy: calculateVisitTimeScores
08-06 17:11:58.265 15860 15890 D TfprPrefetchingStrategy: -------- Node EventActivity-----------
08-06 17:11:58.265 15860 15890 D TfprPrefetchingStrategy: tfprNode.aggregateVisitTime = 93569
08-06 17:11:58.265 15860 15890 D TfprPrefetchingStrategy: tfprNode.totalAggregateVisitTimeFromSuccessors = 110462
08-06 17:11:58.265 15860 15890 D TfprPrefetchingStrategy: tfprNode.aggregateVisitTimeFromSuccessors = {nappatfpr.appteam.nith.hillffair.activities.ClubActivity=110462}
08-06 17:11:58.265 15860 15890 D TfprPrefetchingStrategy: -------- Node BattleDayActivity-----------
08-06 17:11:58.265 15860 15890 D TfprPrefetchingStrategy: tfprNode.aggregateVisitTime = 106081
08-06 17:11:58.265 15860 15890 D TfprPrefetchingStrategy: tfprNode.totalAggregateVisitTimeFromSuccessors = 148306
08-06 17:11:58.265 15860 15890 D TfprPrefetchingStrategy: tfprNode.aggregateVisitTimeFromSuccessors = {nappatfpr.appteam.nith.hillffair.activities.ClubActivity=148306}
08-06 17:11:58.266 15860 15890 D TfprPrefetchingStrategy: -------- Node ClubActivity-----------
08-06 17:11:58.266 15860 15890 D TfprPrefetchingStrategy: tfprNode.aggregateVisitTime = 258768
08-06 17:11:58.266 15860 15890 D TfprPrefetchingStrategy: tfprNode.totalAggregateVisitTimeFromSuccessors = 0
08-06 17:11:58.266 15860 15890 D TfprPrefetchingStrategy: tfprNode.aggregateVisitTimeFromSuccessors = {}
08-06 17:11:58.266 15860 15890 D TfprPrefetchingStrategy: -------- Graph -----------
08-06 17:11:58.266   918  4413 I ActivityManager: START u0 {cmp=nappatfpr.appteam.nith.hillffair/.activities.ClubActivity (has extras)} from uid 10703 on display 0
08-06 17:11:58.266 15860 15890 D TfprPrefetchingStrategy: tfprGraph.aggregateVisitTimeFromSuccessors = 458418
08-06 17:11:58.266 15860 15890 D TfprPrefetchingStrategy: ===
08-06 17:11:58.266 15860 15890 D TfprPrefetchingStrategy: ===
08-06 17:11:58.266 15860 15890 D TfprPrefetchingStrategy: runTfprAlgorithm
08-06 17:11:58.266 15860 15890 D TfprPrefetchingStrategy: ------------- TFPR calculation #1 of 10 -----------
08-06 17:11:58.266 15860 15890 D TfprPrefetchingStrategy: node EventActivity score = 0.1734959
08-06 17:11:58.266 15860 15890 D TfprPrefetchingStrategy: node BattleDayActivity score = 0.1966957
08-06 17:11:58.266 15860 15890 D TfprPrefetchingStrategy: node ClubActivity score = 0.53533715
08-06 17:11:58.266 15860 15890 D TfprPrefetchingStrategy: ------------- TFPR calculation #2 of 10 -----------
08-06 17:11:58.266 15860 15890 D TfprPrefetchingStrategy: node EventActivity score = 0.1734959
08-06 17:11:58.266 15860 15890 D TfprPrefetchingStrategy: node BattleDayActivity score = 0.1966957
08-06 17:11:58.266 15860 15890 D TfprPrefetchingStrategy: node ClubActivity score = 0.53533715
08-06 17:11:58.266 15860 15890 D TfprPrefetchingStrategy: ------------- TFPR calculation #3 of 10 -----------
08-06 17:11:58.266 15860 15890 D TfprPrefetchingStrategy: node EventActivity score = 0.1734959
08-06 17:11:58.266 15860 15890 D TfprPrefetchingStrategy: node BattleDayActivity score = 0.1966957
08-06 17:11:58.266 15860 15890 D TfprPrefetchingStrategy: node ClubActivity score = 0.53533715
08-06 17:11:58.266 15860 15890 D TfprPrefetchingStrategy: ------------- TFPR calculation #4 of 10 -----------
08-06 17:11:58.266 15860 15890 D TfprPrefetchingStrategy: node EventActivity score = 0.1734959
08-06 17:11:58.266 15860 15890 D TfprPrefetchingStrategy: node BattleDayActivity score = 0.1966957
08-06 17:11:58.266 15860 15890 D TfprPrefetchingStrategy: node ClubActivity score = 0.53533715
08-06 17:11:58.267 15860 15890 D TfprPrefetchingStrategy: ------------- TFPR calculation #5 of 10 -----------
08-06 17:11:58.267 15860 15890 D TfprPrefetchingStrategy: node EventActivity score = 0.1734959
08-06 17:11:58.267 15860 15890 D TfprPrefetchingStrategy: node BattleDayActivity score = 0.1966957
08-06 17:11:58.267 15860 15890 D TfprPrefetchingStrategy: node ClubActivity score = 0.53533715
08-06 17:11:58.267 15860 15890 D TfprPrefetchingStrategy: ------------- TFPR calculation #6 of 10 -----------
08-06 17:11:58.267 15860 15890 D TfprPrefetchingStrategy: node EventActivity score = 0.1734959
08-06 17:11:58.267 15860 15890 D TfprPrefetchingStrategy: node BattleDayActivity score = 0.1966957
08-06 17:11:58.267 15860 15890 D TfprPrefetchingStrategy: node ClubActivity score = 0.53533715
08-06 17:11:58.267 15860 15890 D TfprPrefetchingStrategy: ------------- TFPR calculation #7 of 10 -----------
08-06 17:11:58.267 15860 15890 D TfprPrefetchingStrategy: node EventActivity score = 0.1734959
08-06 17:11:58.267 15860 15890 D TfprPrefetchingStrategy: node BattleDayActivity score = 0.1966957
08-06 17:11:58.267 15860 15890 D TfprPrefetchingStrategy: node ClubActivity score = 0.53533715
08-06 17:11:58.267 15860 15890 D TfprPrefetchingStrategy: ------------- TFPR calculation #8 of 10 -----------
08-06 17:11:58.267 15860 15890 D TfprPrefetchingStrategy: node EventActivity score = 0.1734959
08-06 17:11:58.267 15860 15890 D TfprPrefetchingStrategy: node BattleDayActivity score = 0.1966957
08-06 17:11:58.267 15860 15890 D TfprPrefetchingStrategy: node ClubActivity score = 0.53533715
08-06 17:11:58.267 15860 15890 D TfprPrefetchingStrategy: ------------- TFPR calculation #9 of 10 -----------
08-06 17:11:58.267 15860 15890 D TfprPrefetchingStrategy: node EventActivity score = 0.1734959
08-06 17:11:58.267 15860 15890 D TfprPrefetchingStrategy: node BattleDayActivity score = 0.1966957
08-06 17:11:58.267 15860 15890 D TfprPrefetchingStrategy: node ClubActivity score = 0.53533715
08-06 17:11:58.267 15860 15890 D TfprPrefetchingStrategy: ------------- TFPR calculation #10 of 10 -----------
08-06 17:11:58.267 15860 15890 D TfprPrefetchingStrategy: node EventActivity score = 0.1734959
08-06 17:11:58.267 15860 15890 D TfprPrefetchingStrategy: node BattleDayActivity score = 0.1966957
08-06 17:11:58.267 15860 15890 D TfprPrefetchingStrategy: node ClubActivity score = 0.53533715
08-06 17:11:58.267 15860 15890 D TfprPrefetchingStrategy: ===
08-06 17:11:58.267 15860 15890 D TfprPrefetchingStrategy: ===
08-06 17:11:58.267 15860 15890 D TfprPrefetchingStrategy: getSuccessorListSortByTfprScore
08-06 17:11:58.267 15860 15890 D TfprPrefetchingStrategy: Successors before the sort [TfprNode{ClubActivity : TFPR = 0.53533715}]
08-06 17:11:58.268 15860 15890 D TfprPrefetchingStrategy: Successors sorted by highest to lowest score (N2 - N1 comparator) are [TfprNode{ClubActivity : TFPR = 0.53533715}]
08-06 17:11:58.268 15860 15890 D TfprPrefetchingStrategy: Selected the following nodes:
08-06 17:11:58.268 15860 15890 D TfprPrefetchingStrategy: #1 - ClubActivity with score 0.53533715
08-06 17:11:58.268 15860 15890 D TfprPrefetchingStrategy: successors with high score = [ClubActivity 
08-06 17:11:58.268 15860 15890 D TfprPrefetchingStrategy: 	Successors:
08-06 17:11:58.268 15860 15890 D TfprPrefetchingStrategy: 
08-06 17:11:58.268 15860 15890 D TfprPrefetchingStrategy: 	Ancestors:
08-06 17:11:58.268 15860 15890 D TfprPrefetchingStrategy: 		BattleDayActivity (0 hits)
08-06 17:11:58.268 15860 15890 D TfprPrefetchingStrategy: 		EventActivity (0 hits)
08-06 17:11:58.268 15860 15890 D TfprPrefetchingStrategy: 
08-06 17:11:58.268 15860 15890 D TfprPrefetchingStrategy: ]
08-06 17:11:58.268 15860 15890 D TfprPrefetchingStrategy: ===
08-06 17:11:58.268 15860 15890 D TfprPrefetchingStrategy: Selected node ClubActivity containing the URLS [https://api-hillfair-2k16.herokuapp.com/api/app/events/special/event?id=5806551bdcba0f490c70fd1f]
08-06 17:11:58.268 15860 15890 D TfprPrefetchingStrategy: Next visited child will be [nappatfpr.appteam.nith.hillffair.activities.ClubActivity]
08-06 17:11:58.268 15860 15890 D TfprPrefetchingStrategy: ==================================
08-06 17:11:58.268 15860 15890 D Nappa   : PREFETCH_ON_EXTRA - notifyExtras- end
08-06 17:11:58.268 15860 15890 D Nappa   : PREFSTRAT2 URL: https://api-hillfair-2k16.herokuapp.com/api/app/events/special/event?id=5806551bdcba0f490c70fd1f
08-06 17:11:58.268 15860 15890 D Nappa   : F1_SCORE list_url_prefetched - (already in) - https://api-hillfair-2k16.herokuapp.com/api/app/events/special/event?id=5806551bdcba0f490c70fd1f
08-06 17:11:58.271 15860 15890 D CustomInterceptor: NETWORK-PROVIDER https://api-hillfair-2k16.herokuapp.com/api/app/events/special/event?id=5806551bdcba0f490c70fd1f
08-06 17:11:58.271 15860 15890 D Nappa   : F1_SCORE list_url_prefetched - (already in) - https://api-hillfair-2k16.herokuapp.com/api/app/events/special/event?id=5806551bdcba0f490c70fd1f
08-06 17:11:58.271 15860 15890 D Nappa   : -------------F1_SCORE #15 -----------
08-06 17:11:58.271 15860 15890 D Nappa   : F1_SCORE - Intercept list (2)= [https://api-hillfair-2k16.herokuapp.com/api/app/events/special, https://api-hillfair-2k16.herokuapp.com/api/app/events/special/event?id=58065620dcba0f490c70fe09]
08-06 17:11:58.271 15860 15890 D Nappa   : F1_SCORE - Prefetch list (3)= [https://api-hillfair-2k16.herokuapp.com/api/app/events/special/event?id=5806551bdcba0f490c70fd1f, https://api-hillfair-2k16.herokuapp.com/api/app/events/special/event?id=580655cddcba0f490c70fdd0, https://api-hillfair-2k16.herokuapp.com/api/app/events/special/event?id=58065620dcba0f490c70fe09]
08-06 17:11:58.272 15860 15890 D Nappa   : F1_SCORE - TP list (1)= [https://api-hillfair-2k16.herokuapp.com/api/app/events/special/event?id=58065620dcba0f490c70fe09]
08-06 17:11:58.272 15860 15890 D Nappa   : F1_SCORE - FN list (1)= [https://api-hillfair-2k16.herokuapp.com/api/app/events/special]
08-06 17:11:58.272 15860 15890 I NAPPA_EXPERIMENTATION: MetricPrefetchingAccuracy: LOG_ID='16',F1_SCORE_1='0.4',F1_SCORE_2='0.4',TRUE_POSITIVE='1',FALSE_POSITIVE='2',FALSE_NEGATIVE='1',
08-06 17:11:58.272 15860 15860 D NappaLifecycleObserver: nappatfpr.appteam.nith.hillffair.activities.BattleDayActivity - onPause
08-06 17:11:58.272 15860 15890 D CustomInterceptor: HEADER REQUEST
08-06 17:11:58.272 15860 15860 D Nappa   : Stayed on nappatfpr.appteam.nith.hillffair.activities.BattleDayActivity for 1829 ms
08-06 17:11:58.272 17104 17104 D AndroidRuntime: Shutting down VM
08-06 17:11:58.272 15860 15890 D CustomInterceptor: Cache-Control max-age=300, max-stale=300
08-06 17:11:58.272 15860 15890 D CustomInterceptor: CACHED STATS: size = '4', maxSize = '100', hitCount = '9', createCount = '0', putCount = '7', evictionCount = '0', missCount = '7', toString = 'LruCache[maxSize=100,hits=9,misses=7,hitRate=56%]', 
08-06 17:11:58.272 15860 15890 D CustomInterceptor: PREFLIB GET REQUEST https://api-hillfair-2k16.herokuapp.com/api/app/events/special/event?id=5806551bdcba0f490c70fd1f
08-06 17:11:58.273 15860 15890 D CustomInterceptor: PREFLIB found https://api-hillfair-2k16.herokuapp.com/api/app/events/special/event?id=5806551bdcba0f490c70fd1f, sending it back
08-06 17:11:58.273 15860 15890 D CustomInterceptor: CONTENT {"profile":{"_id":"5806551bdcba0f490c70fd1f","name":"Music","description":" Who says melodies only soothe your mind? It can also set your heart afire and get your adrenaline rushing: the perfect conditions for a musical band faceoff.For music enthusiasts, they will pick proper band face-offs over anything any day of the year. Now we maynt be talking about grand musical battles, but the stakes are still pretty high. After all, you dont get to drop mic on your opponents eachday. Peace.","rules":"Yet To Come","contact":[{"name":"Deepak Kumar Jain","phone":"9882654141"},{"name":"Rishab Bhandari","phone":"98822852966"}],"date":"2016/11/04","price":"Yet To Come","photo":"https://api-hillfair-2k16.herokuapp.com/photos/acoustic-guitar.png"},"success":true,"msg":"loaded successfully"}
08-06 17:11:58.273 15860 15890 D CustomInterceptor: interceptor_finished : return_type #2 : request served from cache
08-06 17:11:58.275 15860 15890 D Nappa   : PREFSTRAT2 ADDING NEW ACTEXTRADATA
08-06 17:11:58.278 15860 15890 D Nappa   : PREFSTRAT2 ADDING NEW ACTEXTRADATA
08-06 17:11:58.283 15860 15890 D Nappa   : PREFSTRAT2 ADDING NEW ACTEXTRADATA
08-06 17:11:58.289 15860 15871 I art     : Explicit concurrent mark sweep GC freed 2879(202KB) AllocSpace objects, 1(20KB) LOS objects, 23% free, 52MB/68MB, paused 877us total 30.473ms
08-06 17:11:58.300 15860 15871 I art     : Starting a blocking GC Explicit
08-06 17:11:58.308 15860 15860 D Nappa   : TAG okHttpClient initialized
08-06 17:11:58.315 15860 15860 D NappaLifecycleObserver: nappatfpr.appteam.nith.hillffair.activities.ClubActivity - onResume
08-06 17:11:58.315 15860 15860 D Nappa   : setCurrentActivity - MetricStrategyAccuracy - 
08-06 17:11:58.315 15860 15860 D Nappa   : madePredictionFromActivity = false, 
08-06 17:11:58.315 15860 15860 D Nappa   : fromActivity = nappatfpr.appteam.nith.hillffair.activities.BattleDayActivity, 
08-06 17:11:58.315 15860 15860 D Nappa   : predictedNextActivityFromActivity = [], 
08-06 17:11:58.315 15860 15860 D Nappa   : activity.getClass().getCanonicalName() = nappatfpr.appteam.nith.hillffair.activities.ClubActivity, 
08-06 17:11:58.315 15860 17140 D CustomInterceptor: NETWORK-PROVIDER https://api-hillfair-2k16.herokuapp.com/api/app/events/special/event?id=5806551bdcba0f490c70fd1f
08-06 17:11:58.315 15860 15860 D Nappa   : setCurrentActivity - MetricStrategyAccuracy - 
08-06 17:11:58.315 15860 15860 D Nappa   : madePredictionFromExtra = true, 
08-06 17:11:58.315 15860 15860 D Nappa   : fromActivity = nappatfpr.appteam.nith.hillffair.activities.BattleDayActivity, 
08-06 17:11:58.315 15860 15860 D Nappa   : predictedNextActivityFromExtra = [nappatfpr.appteam.nith.hillffair.activities.ClubActivity], 
08-06 17:11:58.315 15860 15860 D Nappa   : activity.getClass().getCanonicalName() = nappatfpr.appteam.nith.hillffair.activities.ClubActivity, 
08-06 17:11:58.315 15860 17140 D Nappa   : F1_SCORE add_intercept_url - (new) - https://api-hillfair-2k16.herokuapp.com/api/app/events/special/event?id=5806551bdcba0f490c70fd1f
08-06 17:11:58.315 15860 17140 D Nappa   : F1_SCORE add_tp_url - (new) - https://api-hillfair-2k16.herokuapp.com/api/app/events/special/event?id=5806551bdcba0f490c70fd1f
08-06 17:11:58.315 15860 15860 D Nappa   : PREFETCH_ON_EXTRA - setCurrentActivity - logs - from activity - made prediction isfalse
08-06 17:11:58.315 15860 17140 D Nappa   : -------------F1_SCORE #16 -----------
08-06 17:11:58.315 15860 17140 D Nappa   : F1_SCORE - Intercept list (3)= [https://api-hillfair-2k16.herokuapp.com/api/app/events/special, https://api-hillfair-2k16.herokuapp.com/api/app/events/special/event?id=58065620dcba0f490c70fe09, https://api-hillfair-2k16.herokuapp.com/api/app/events/special/event?id=5806551bdcba0f490c70fd1f]
08-06 17:11:58.315 15860 17140 D Nappa   : F1_SCORE - Prefetch list (3)= [https://api-hillfair-2k16.herokuapp.com/api/app/events/special/event?id=5806551bdcba0f490c70fd1f, https://api-hillfair-2k16.herokuapp.com/api/app/events/special/event?id=580655cddcba0f490c70fdd0, https://api-hillfair-2k16.herokuapp.com/api/app/events/special/event?id=58065620dcba0f490c70fe09]
08-06 17:11:58.315 15860 17140 D Nappa   : F1_SCORE - TP list (2)= [https://api-hillfair-2k16.herokuapp.com/api/app/events/special/event?id=58065620dcba0f490c70fe09, https://api-hillfair-2k16.herokuapp.com/api/app/events/special/event?id=5806551bdcba0f490c70fd1f]
08-06 17:11:58.315 15860 17140 D Nappa   : F1_SCORE - FN list (1)= [https://api-hillfair-2k16.herokuapp.com/api/app/events/special]
08-06 17:11:58.316 15860 17140 I NAPPA_EXPERIMENTATION: MetricPrefetchingAccuracy: LOG_ID='17',F1_SCORE_1='0.6666666666666666',F1_SCORE_2='0.6666666666666666',TRUE_POSITIVE='2',FALSE_POSITIVE='1',FALSE_NEGATIVE='1',
08-06 17:11:58.316 15860 17140 D CustomInterceptor: HEADER REQUEST
08-06 17:11:58.316 15860 17140 D CustomInterceptor: Cache-Control max-age=300, max-stale=300
08-06 17:11:58.316 15860 17140 D CustomInterceptor: CACHED STATS: size = '4', maxSize = '100', hitCount = '10', createCount = '0', putCount = '7', evictionCount = '0', missCount = '7', toString = 'LruCache[maxSize=100,hits=10,misses=7,hitRate=58%]', 
08-06 17:11:58.316 15860 17140 D CustomInterceptor: PREFLIB GET REQUEST https://api-hillfair-2k16.herokuapp.com/api/app/events/special/event?id=5806551bdcba0f490c70fd1f
08-06 17:11:58.316 15860 17140 D CustomInterceptor: PREFLIB found https://api-hillfair-2k16.herokuapp.com/api/app/events/special/event?id=5806551bdcba0f490c70fd1f, sending it back
