08-03 20:01:29.747 14871 17712 D OK      : calling: https://b.thumbs.redditmedia.com/WehZGjN94ALGdO0M7RjPJ2EwcyyWVZ_NUn1Fuf7IYWY.jpg
08-03 20:01:29.798 14871 17656 I RedditVideosAPI: For 'https://v.redd.it/fkewv2f65kd51/DASHPlaylist.mpd', got video stream 'https://v.redd.it/fkewv2f65kd51/DASH_480' and audio stream 'https://v.redd.it/fkewv2f65kd51/audio'
08-03 20:01:29.801 14871 17713 D OK      : calling: https://b.thumbs.redditmedia.com/Xdo4lcQOwuUNK1yxSlXZ0OI8u23ORAr16_AzfAZ1nvU.jpg
08-03 20:01:29.805 14871 14905 I art     : Starting a blocking GC Explicit
08-03 20:01:29.808 14871 17660 I RedditVideosAPI: For 'https://v.redd.it/h49fg58ygjd51/DASHPlaylist.mpd', got video stream 'https://v.redd.it/h49fg58ygjd51/DASH_480' and audio stream 'null'
08-03 20:01:29.816 14871 17663 I RedditVideosAPI: For 'https://v.redd.it/s9qqadf3mid51/DASHPlaylist.mpd', got video stream 'https://v.redd.it/s9qqadf3mid51/DASH_480' and audio stream 'https://v.redd.it/s9qqadf3mid51/audio'
08-03 20:01:29.826 14871 17715 D OK      : calling: https://b.thumbs.redditmedia.com/2KMYZ5hTlKXSvNO4hDUPyMba8Yz6skyu1SjUhLq1d9s.jpg
08-03 20:01:29.839 14871 17716 D OK      : calling: https://a.thumbs.redditmedia.com/EFVm-ZqqhARyEaKgtwU74c7tfzEDJvI0uiHXGglFag4.jpg
08-03 20:01:29.842 14871 17717 D OK      : calling: https://b.thumbs.redditmedia.com/qi4bNDKzoPvaSaSx99K2bAjwaRHh1nuOrcbySp1JHdk.jpg
08-03 20:01:29.849 14871 17718 D OK      : calling: https://b.thumbs.redditmedia.com/Ja8yiRMklM2lXd8q60LtBI6CqdmJ5YbWHRiBVFmICJA.jpg
08-03 20:01:29.852 14871 17720 D OK      : calling: https://b.thumbs.redditmedia.com/o5lSsJ_tCgCQxcdjMGaYxuveNluXB1PQT4PokXDhpvc.jpg
08-03 20:01:29.856 14871 17722 D OK      : calling: https://b.thumbs.redditmedia.com/SiCWTmKkQcbiAa7naxAHnw0adTeRkq1dB8QSqzGU7-Q.jpg
08-03 20:01:29.859 14871 17723 D OK      : calling: https://b.thumbs.redditmedia.com/C9qrVibnNxmzfLDKvEHp2v2Bo-Kqme7PoKC52s2o52M.jpg
08-03 20:01:29.862 14871 17724 D OK      : calling: https://a.thumbs.redditmedia.com/Tfsm0ol-ltlxNSBAkZ_4G4302d0hYeOSODkvXidBBR8.jpg
08-03 20:01:29.864 14871 17725 D OK      : calling: https://a.thumbs.redditmedia.com/Kzag-wH9wKRRg2MnPwgoFgXT_2jN_nkJ1lY1aNRQyT4.jpg
08-03 20:01:29.872 14871 17726 D OK      : calling: https://a.thumbs.redditmedia.com/P4gSGpXpi2wDXthNZ-LiwEs5Jvplm6dQ7W7Isqa7un4.jpg
08-03 20:01:29.878 14871 17727 D OK      : calling: https://b.thumbs.redditmedia.com/XkIhgqugP-9Zcb5I9A8o0r-zQJDh_6kastc0oWiiHkI.jpg
08-03 20:01:29.881 14871 17728 D OK      : calling: https://b.thumbs.redditmedia.com/3QPAtixkID9ojpqCAgfspJpruqoq45fM1G-Fx1K2F2A.jpg
08-03 20:01:29.884 14871 17729 D OK      : calling: https://b.thumbs.redditmedia.com/orK4W8Xc99pTzIT6q1waTsppldq24p1qMsHtkNnmu9w.jpg
08-03 20:01:29.885 14871 14905 I art     : Explicit concurrent mark sweep GC freed 30775(2MB) AllocSpace objects, 34(2MB) LOS objects, 30% free, 36MB/52MB, paused 2.363ms total 79.700ms
08-03 20:01:29.889 14871 17730 D OK      : calling: https://b.thumbs.redditmedia.com/B1vXKY_-gTPbs625-RJ1MLIXxzCqfmnCB_0xnGjCECQ.jpg
08-03 20:01:29.894 14871 17731 D OK      : calling: https://a.thumbs.redditmedia.com/ffAKmOqnTuDMNR9MRfCdRtkq_CzN3MVhZxS64ZPYRh4.jpg
08-03 20:01:29.898 14871 17733 D OK      : calling: https://b.thumbs.redditmedia.com/vuAhA4gGAmYfrTFA4woxZcKgmiDzJ3nAsql2pxcYGFs.jpg
08-03 20:01:29.900 14871 17732 D OK      : calling: https://b.thumbs.redditmedia.com/OF1KI_LdSDMMWCy-WgJyRhIcM5fr7kDyu_OnpfRXHfI.jpg
08-03 20:01:29.907 14871 17734 D OK      : calling: https://b.thumbs.redditmedia.com/PtV7mFsO2n0j4YJweZjEqyVJ45hap4hXix9dwj6D0Wg.jpg
08-03 20:01:29.907 14871 17735 D OK      : calling: https://b.thumbs.redditmedia.com/wxTBcOhAgsmbc-TRaGNHpYJYnEOBr2LNsaZ6pCM91Lc.jpg
08-03 20:01:29.910 14871 17736 D OK      : calling: https://b.thumbs.redditmedia.com/Wo7bFIVNZYYuNioRYwZFYxrl6QMk0lT-3W01wrXgHmE.jpg
08-03 20:01:29.911 14871 14905 I art     : Starting a blocking GC Explicit
08-03 20:01:29.913 14871 17737 D OK      : calling: https://b.thumbs.redditmedia.com/NoqMycYTzsyhI0Lq351riEI1mO9p8PvY1QwcZ9Irb9g.jpg
08-03 20:01:29.919 14871 17738 D OK      : calling: https://b.thumbs.redditmedia.com/KrRufqpifph7KM2Le5RdqEYQb24zbB4fizBJpFaH1Pc.jpg
08-03 20:01:29.921 14871 17739 D OK      : calling: https://b.thumbs.redditmedia.com/u2qz17QE3X5G7kkJrgK3HPCdxNQxNkhaWqfIhCuRMvE.jpg
08-03 20:01:29.923 14871 17740 D OK      : calling: https://v.redd.it/syww111dtjd51/DASHPlaylist.mpd
08-03 20:01:29.926 14871 17741 D OK      : calling: https://v.redd.it/pbqrrfb3tkd51/DASHPlaylist.mpd
08-03 20:01:29.929 14871 17742 D OK      : calling: https://v.redd.it/rrygsb8i4ld51/DASHPlaylist.mpd
08-03 20:01:29.931 14871 17743 D OK      : calling: https://v.redd.it/5x6zzipz8ld51/DASHPlaylist.mpd
08-03 20:01:29.933 14871 17744 D OK      : calling: https://v.redd.it/75en73fm5id51/DASHPlaylist.mpd
08-03 20:01:29.936 14871 17745 D OK      : calling: https://api.imgur.com/3/image/nLQR2hT
08-03 20:01:29.938 14871 17746 D OK      : calling: https://v.redd.it/ggz4fyth6hd51/DASHPlaylist.mpd
08-03 20:01:29.941 14871 17747 D OK      : calling: https://v.redd.it/psrknoobrgd51/DASHPlaylist.mpd
08-03 20:01:29.942 14871 17748 D OK      : calling: https://v.redd.it/jk6cwef4wld51/DASHPlaylist.mpd
08-03 20:01:29.946 14871 17749 D OK      : calling: https://v.redd.it/t81s8zfz9ld51/DASHPlaylist.mpd
08-03 20:01:29.949 14871 17750 D OK      : calling: https://v.redd.it/xd6c4yyutgd51/DASHPlaylist.mpd
08-03 20:01:29.950 14871 17751 D OK      : calling: https://v.redd.it/ue0jdgk9zhd51/DASHPlaylist.mpd
08-03 20:01:29.991 14871 14905 I art     : Explicit concurrent mark sweep GC freed 24766(1212KB) AllocSpace objects, 3(204KB) LOS objects, 31% free, 35MB/51MB, paused 3.707ms total 79.442ms
08-03 20:01:30.016 14871 14905 I art     : Starting a blocking GC Explicit
08-03 20:01:30.093 14871 14905 I art     : Explicit concurrent mark sweep GC freed 861(36KB) AllocSpace objects, 0(0B) LOS objects, 31% free, 35MB/51MB, paused 3.841ms total 76.224ms
08-03 20:01:30.110 14871 17712 I NAPPA_EXPERIMENTATION: MetricNetworkRequestExecutionTime: REQUEST_DURATION_SYSTEM='362',REQUEST_DURATION_OKHTTP='262',REQUEST_SYNCHRONOUS='TRUE',RESPONSE_CODE='200',RESPONSE_METHOD='GET',RESPONSE_LENGTH_OKHTTP='5435',RESPONSE_LENGTH_HEADER='5435',REQUEST_PROTOCOL='h2',REQUEST_URL='https://b.thumbs.redditmedia.com/WehZGjN94ALGdO0M7RjPJ2EwcyyWVZ_NUn1Fuf7IYWY.jpg',
08-03 20:01:30.110 14871 17712 D OK      : request got status: 200
08-03 20:01:30.122 14871 14905 I art     : Starting a blocking GC Explicit
08-03 20:01:30.202 14871 14905 I art     : Explicit concurrent mark sweep GC freed 364(27KB) AllocSpace objects, 1(68KB) LOS objects, 31% free, 35MB/51MB, paused 4.225ms total 79.229ms
08-03 20:01:30.210 14871 17720 I NAPPA_EXPERIMENTATION: MetricNetworkRequestExecutionTime: REQUEST_DURATION_SYSTEM='358',REQUEST_DURATION_OKHTTP='355',REQUEST_SYNCHRONOUS='TRUE',RESPONSE_CODE='200',RESPONSE_METHOD='GET',RESPONSE_LENGTH_OKHTTP='4921',RESPONSE_LENGTH_HEADER='4921',REQUEST_PROTOCOL='h2',REQUEST_URL='https://b.thumbs.redditmedia.com/o5lSsJ_tCgCQxcdjMGaYxuveNluXB1PQT4PokXDhpvc.jpg',
08-03 20:01:30.210 14871 17720 D OK      : request got status: 200
08-03 20:01:30.216 14871 17718 I NAPPA_EXPERIMENTATION: MetricNetworkRequestExecutionTime: REQUEST_DURATION_SYSTEM='367',REQUEST_DURATION_OKHTTP='365',REQUEST_SYNCHRONOUS='TRUE',RESPONSE_CODE='200',RESPONSE_METHOD='GET',RESPONSE_LENGTH_OKHTTP='5414',RESPONSE_LENGTH_HEADER='5414',REQUEST_PROTOCOL='h2',REQUEST_URL='https://b.thumbs.redditmedia.com/Ja8yiRMklM2lXd8q60LtBI6CqdmJ5YbWHRiBVFmICJA.jpg',
08-03 20:01:30.216 14871 17718 D OK      : request got status: 200
08-03 20:01:30.229 14871 14905 I art     : Starting a blocking GC Explicit
08-03 20:01:30.236 14871 17722 I NAPPA_EXPERIMENTATION: MetricNetworkRequestExecutionTime: REQUEST_DURATION_SYSTEM='379',REQUEST_DURATION_OKHTTP='378',REQUEST_SYNCHRONOUS='TRUE',RESPONSE_CODE='200',RESPONSE_METHOD='GET',RESPONSE_LENGTH_OKHTTP='5968',RESPONSE_LENGTH_HEADER='5968',REQUEST_PROTOCOL='h2',REQUEST_URL='https://b.thumbs.redditmedia.com/SiCWTmKkQcbiAa7naxAHnw0adTeRkq1dB8QSqzGU7-Q.jpg',
08-03 20:01:30.236 14871 17722 D OK      : request got status: 200
08-03 20:01:30.292 14871 17723 I NAPPA_EXPERIMENTATION: MetricNetworkRequestExecutionTime: REQUEST_DURATION_SYSTEM='432',REQUEST_DURATION_OKHTTP='431',REQUEST_SYNCHRONOUS='TRUE',RESPONSE_CODE='200',RESPONSE_METHOD='GET',RESPONSE_LENGTH_OKHTTP='5378',RESPONSE_LENGTH_HEADER='5378',REQUEST_PROTOCOL='h2',REQUEST_URL='https://b.thumbs.redditmedia.com/C9qrVibnNxmzfLDKvEHp2v2Bo-Kqme7PoKC52s2o52M.jpg',
08-03 20:01:30.292 14871 17723 D OK      : request got status: 200
08-03 20:01:30.302 14871 14905 I art     : Explicit concurrent mark sweep GC freed 3144(219KB) AllocSpace objects, 12(956KB) LOS objects, 30% free, 35MB/51MB, paused 3.742ms total 72.547ms
08-03 20:01:30.330 14871 17728 I NAPPA_EXPERIMENTATION: MetricNetworkRequestExecutionTime: REQUEST_DURATION_SYSTEM='449',REQUEST_DURATION_OKHTTP='448',REQUEST_SYNCHRONOUS='TRUE',RESPONSE_CODE='200',RESPONSE_METHOD='GET',RESPONSE_LENGTH_OKHTTP='3183',RESPONSE_LENGTH_HEADER='3183',REQUEST_PROTOCOL='h2',REQUEST_URL='https://b.thumbs.redditmedia.com/3QPAtixkID9ojpqCAgfspJpruqoq45fM1G-Fx1K2F2A.jpg',
08-03 20:01:30.330 14871 17728 D OK      : request got status: 200
08-03 20:01:30.331 14871 17730 I NAPPA_EXPERIMENTATION: MetricNetworkRequestExecutionTime: REQUEST_DURATION_SYSTEM='442',REQUEST_DURATION_OKHTTP='441',REQUEST_SYNCHRONOUS='TRUE',RESPONSE_CODE='200',RESPONSE_METHOD='GET',RESPONSE_LENGTH_OKHTTP='3864',RESPONSE_LENGTH_HEADER='3864',REQUEST_PROTOCOL='h2',REQUEST_URL='https://b.thumbs.redditmedia.com/B1vXKY_-gTPbs625-RJ1MLIXxzCqfmnCB_0xnGjCECQ.jpg',
08-03 20:01:30.331 14871 17730 D OK      : request got status: 200
08-03 20:01:30.375 14871 17727 I NAPPA_EXPERIMENTATION: MetricNetworkRequestExecutionTime: REQUEST_DURATION_SYSTEM='497',REQUEST_DURATION_OKHTTP='496',REQUEST_SYNCHRONOUS='TRUE',RESPONSE_CODE='200',RESPONSE_METHOD='GET',RESPONSE_LENGTH_OKHTTP='4080',RESPONSE_LENGTH_HEADER='4080',REQUEST_PROTOCOL='h2',REQUEST_URL='https://b.thumbs.redditmedia.com/XkIhgqugP-9Zcb5I9A8o0r-zQJDh_6kastc0oWiiHkI.jpg',
08-03 20:01:30.375 14871 17727 D OK      : request got status: 200
08-03 20:01:30.438 14871 17729 I NAPPA_EXPERIMENTATION: MetricNetworkRequestExecutionTime: REQUEST_DURATION_SYSTEM='553',REQUEST_DURATION_OKHTTP='553',REQUEST_SYNCHRONOUS='TRUE',RESPONSE_CODE='200',RESPONSE_METHOD='GET',RESPONSE_LENGTH_OKHTTP='6654',RESPONSE_LENGTH_HEADER='6654',REQUEST_PROTOCOL='h2',REQUEST_URL='https://b.thumbs.redditmedia.com/orK4W8Xc99pTzIT6q1waTsppldq24p1qMsHtkNnmu9w.jpg',
08-03 20:01:30.438 14871 17729 D OK      : request got status: 200
08-03 20:01:30.504 14871 17733 I NAPPA_EXPERIMENTATION: MetricNetworkRequestExecutionTime: REQUEST_DURATION_SYSTEM='606',REQUEST_DURATION_OKHTTP='605',REQUEST_SYNCHRONOUS='TRUE',RESPONSE_CODE='200',RESPONSE_METHOD='GET',RESPONSE_LENGTH_OKHTTP='6723',RESPONSE_LENGTH_HEADER='6723',REQUEST_PROTOCOL='h2',REQUEST_URL='https://b.thumbs.redditmedia.com/vuAhA4gGAmYfrTFA4woxZcKgmiDzJ3nAsql2pxcYGFs.jpg',
08-03 20:01:30.505 14871 17733 D OK      : request got status: 200
08-03 20:01:30.517 14871 17734 I NAPPA_EXPERIMENTATION: MetricNetworkRequestExecutionTime: REQUEST_DURATION_SYSTEM='610',REQUEST_DURATION_OKHTTP='608',REQUEST_SYNCHRONOUS='TRUE',RESPONSE_CODE='200',RESPONSE_METHOD='GET',RESPONSE_LENGTH_OKHTTP='5329',RESPONSE_LENGTH_HEADER='5329',REQUEST_PROTOCOL='h2',REQUEST_URL='https://b.thumbs.redditmedia.com/PtV7mFsO2n0j4YJweZjEqyVJ45hap4hXix9dwj6D0Wg.jpg',
08-03 20:01:30.517 14871 17734 D OK      : request got status: 200
08-03 20:01:30.517 14871 17735 I NAPPA_EXPERIMENTATION: MetricNetworkRequestExecutionTime: REQUEST_DURATION_SYSTEM='610',REQUEST_DURATION_OKHTTP='609',REQUEST_SYNCHRONOUS='TRUE',RESPONSE_CODE='200',RESPONSE_METHOD='GET',RESPONSE_LENGTH_OKHTTP='6316',RESPONSE_LENGTH_HEADER='6316',REQUEST_PROTOCOL='h2',REQUEST_URL='https://b.thumbs.redditmedia.com/wxTBcOhAgsmbc-TRaGNHpYJYnEOBr2LNsaZ6pCM91Lc.jpg',
08-03 20:01:30.517 14871 17735 D OK      : request got status: 200
08-03 20:01:30.525 14871 17736 I NAPPA_EXPERIMENTATION: MetricNetworkRequestExecutionTime: REQUEST_DURATION_SYSTEM='615',REQUEST_DURATION_OKHTTP='615',REQUEST_SYNCHRONOUS='TRUE',RESPONSE_CODE='200',RESPONSE_METHOD='GET',RESPONSE_LENGTH_OKHTTP='7815',RESPONSE_LENGTH_HEADER='7815',REQUEST_PROTOCOL='h2',REQUEST_URL='https://b.thumbs.redditmedia.com/Wo7bFIVNZYYuNioRYwZFYxrl6QMk0lT-3W01wrXgHmE.jpg',
08-03 20:01:30.526 14871 17736 D OK      : request got status: 200
08-03 20:01:30.541 14871 17732 I NAPPA_EXPERIMENTATION: MetricNetworkRequestExecutionTime: REQUEST_DURATION_SYSTEM='641',REQUEST_DURATION_OKHTTP='640',REQUEST_SYNCHRONOUS='TRUE',RESPONSE_CODE='200',RESPONSE_METHOD='GET',RESPONSE_LENGTH_OKHTTP='5125',RESPONSE_LENGTH_HEADER='5125',REQUEST_PROTOCOL='h2',REQUEST_URL='https://b.thumbs.redditmedia.com/OF1KI_LdSDMMWCy-WgJyRhIcM5fr7kDyu_OnpfRXHfI.jpg',
08-03 20:01:30.542 14871 17732 D OK      : request got status: 200
08-03 20:01:30.553 14871 17738 I NAPPA_EXPERIMENTATION: MetricNetworkRequestExecutionTime: REQUEST_DURATION_SYSTEM='634',REQUEST_DURATION_OKHTTP='633',REQUEST_SYNCHRONOUS='TRUE',RESPONSE_CODE='200',RESPONSE_METHOD='GET',RESPONSE_LENGTH_OKHTTP='5198',RESPONSE_LENGTH_HEADER='5198',REQUEST_PROTOCOL='h2',REQUEST_URL='https://b.thumbs.redditmedia.com/KrRufqpifph7KM2Le5RdqEYQb24zbB4fizBJpFaH1Pc.jpg',
08-03 20:01:30.553 14871 17738 D OK      : request got status: 200
08-03 20:01:30.557 14871 17737 I NAPPA_EXPERIMENTATION: MetricNetworkRequestExecutionTime: REQUEST_DURATION_SYSTEM='644',REQUEST_DURATION_OKHTTP='643',REQUEST_SYNCHRONOUS='TRUE',RESPONSE_CODE='200',RESPONSE_METHOD='GET',RESPONSE_LENGTH_OKHTTP='5648',RESPONSE_LENGTH_HEADER='5648',REQUEST_PROTOCOL='h2',REQUEST_URL='https://b.thumbs.redditmedia.com/NoqMycYTzsyhI0Lq351riEI1mO9p8PvY1QwcZ9Irb9g.jpg',
08-03 20:01:30.557 14871 17737 D OK      : request got status: 200
08-03 20:01:30.673 14871 15130 I art     : Starting a blocking GC Explicit
08-03 20:01:30.688 14871 17713 I NAPPA_EXPERIMENTATION: MetricNetworkRequestExecutionTime: REQUEST_DURATION_SYSTEM='887',REQUEST_DURATION_OKHTTP='429',REQUEST_SYNCHRONOUS='TRUE',RESPONSE_CODE='200',RESPONSE_METHOD='GET',RESPONSE_LENGTH_OKHTTP='5191',RESPONSE_LENGTH_HEADER='5191',REQUEST_PROTOCOL='h2',REQUEST_URL='https://b.thumbs.redditmedia.com/Xdo4lcQOwuUNK1yxSlXZ0OI8u23ORAr16_AzfAZ1nvU.jpg',
08-03 20:01:30.688 14871 17713 D OK      : request got status: 200
08-03 20:01:30.690 14871 17739 I NAPPA_EXPERIMENTATION: MetricNetworkRequestExecutionTime: REQUEST_DURATION_SYSTEM='769',REQUEST_DURATION_OKHTTP='767',REQUEST_SYNCHRONOUS='TRUE',RESPONSE_CODE='200',RESPONSE_METHOD='GET',RESPONSE_LENGTH_OKHTTP='5579',RESPONSE_LENGTH_HEADER='5579',REQUEST_PROTOCOL='h2',REQUEST_URL='https://b.thumbs.redditmedia.com/u2qz17QE3X5G7kkJrgK3HPCdxNQxNkhaWqfIhCuRMvE.jpg',
08-03 20:01:30.690 14871 17739 D OK      : request got status: 200
08-03 20:01:30.704 14871 17715 I NAPPA_EXPERIMENTATION: MetricNetworkRequestExecutionTime: REQUEST_DURATION_SYSTEM='877',REQUEST_DURATION_OKHTTP='376',REQUEST_SYNCHRONOUS='TRUE',RESPONSE_CODE='200',RESPONSE_METHOD='GET',RESPONSE_LENGTH_OKHTTP='5098',RESPONSE_LENGTH_HEADER='5098',REQUEST_PROTOCOL='h2',REQUEST_URL='https://b.thumbs.redditmedia.com/2KMYZ5hTlKXSvNO4hDUPyMba8Yz6skyu1SjUhLq1d9s.jpg',
08-03 20:01:30.704 14871 17715 D OK      : request got status: 200
08-03 20:01:30.750 14871 15130 I art     : Explicit concurrent mark sweep GC freed 22025(1498KB) AllocSpace objects, 60(3MB) LOS objects, 29% free, 38MB/54MB, paused 2.660ms total 75.288ms
08-03 20:01:30.773 14871 15130 I art     : Starting a blocking GC Explicit
08-03 20:01:30.815 14871 17716 I NAPPA_EXPERIMENTATION: MetricNetworkRequestExecutionTime: REQUEST_DURATION_SYSTEM='975',REQUEST_DURATION_OKHTTP='382',REQUEST_SYNCHRONOUS='TRUE',RESPONSE_CODE='200',RESPONSE_METHOD='GET',RESPONSE_LENGTH_OKHTTP='5307',RESPONSE_LENGTH_HEADER='5307',REQUEST_PROTOCOL='h2',REQUEST_URL='https://a.thumbs.redditmedia.com/EFVm-ZqqhARyEaKgtwU74c7tfzEDJvI0uiHXGglFag4.jpg',
08-03 20:01:30.815 14871 17716 D OK      : request got status: 200
08-03 20:01:30.846 14871 15130 I art     : Explicit concurrent mark sweep GC freed 15802(649KB) AllocSpace objects, 4(188KB) LOS objects, 29% free, 38MB/54MB, paused 2.728ms total 72.079ms
08-03 20:01:30.871 14871 15130 I art     : Starting a blocking GC Explicit
08-03 20:01:30.875 14871 17725 I NAPPA_EXPERIMENTATION: MetricNetworkRequestExecutionTime: REQUEST_DURATION_SYSTEM='1010',REQUEST_DURATION_OKHTTP='385',REQUEST_SYNCHRONOUS='TRUE',RESPONSE_CODE='200',RESPONSE_METHOD='GET',RESPONSE_LENGTH_OKHTTP='3635',RESPONSE_LENGTH_HEADER='3635',REQUEST_PROTOCOL='h2',REQUEST_URL='https://a.thumbs.redditmedia.com/Kzag-wH9wKRRg2MnPwgoFgXT_2jN_nkJ1lY1aNRQyT4.jpg',
08-03 20:01:30.875 14871 17725 D OK      : request got status: 200
08-03 20:01:30.914 14871 17717 I NAPPA_EXPERIMENTATION: MetricNetworkRequestExecutionTime: REQUEST_DURATION_SYSTEM='1071',REQUEST_DURATION_OKHTTP='466',REQUEST_SYNCHRONOUS='TRUE',RESPONSE_CODE='200',RESPONSE_METHOD='GET',RESPONSE_LENGTH_OKHTTP='4475',RESPONSE_LENGTH_HEADER='4475',REQUEST_PROTOCOL='h2',REQUEST_URL='https://b.thumbs.redditmedia.com/qi4bNDKzoPvaSaSx99K2bAjwaRHh1nuOrcbySp1JHdk.jpg',
08-03 20:01:30.914 14871 17717 D OK      : request got status: 200
08-03 20:01:30.937 14871 15130 I art     : Explicit concurrent mark sweep GC freed 7117(611KB) AllocSpace objects, 22(1204KB) LOS objects, 28% free, 39MB/55MB, paused 2.298ms total 66.379ms
08-03 20:01:30.943 14871 17731 I NAPPA_EXPERIMENTATION: MetricNetworkRequestExecutionTime: REQUEST_DURATION_SYSTEM='1049',REQUEST_DURATION_OKHTTP='414',REQUEST_SYNCHRONOUS='TRUE',RESPONSE_CODE='200',RESPONSE_METHOD='GET',RESPONSE_LENGTH_OKHTTP='4470',RESPONSE_LENGTH_HEADER='4470',REQUEST_PROTOCOL='h2',REQUEST_URL='https://a.thumbs.redditmedia.com/ffAKmOqnTuDMNR9MRfCdRtkq_CzN3MVhZxS64ZPYRh4.jpg',
08-03 20:01:30.943 14871 17731 D OK      : request got status: 200
08-03 20:01:30.955 14871 17726 I NAPPA_EXPERIMENTATION: MetricNetworkRequestExecutionTime: REQUEST_DURATION_SYSTEM='1083',REQUEST_DURATION_OKHTTP='435',REQUEST_SYNCHRONOUS='TRUE',RESPONSE_CODE='200',RESPONSE_METHOD='GET',RESPONSE_LENGTH_OKHTTP='5641',RESPONSE_LENGTH_HEADER='5641',REQUEST_PROTOCOL='h2',REQUEST_URL='https://a.thumbs.redditmedia.com/P4gSGpXpi2wDXthNZ-LiwEs5Jvplm6dQ7W7Isqa7un4.jpg',
08-03 20:01:30.955 14871 17726 D OK      : request got status: 200
08-03 20:01:30.959 14871 17724 I NAPPA_EXPERIMENTATION: MetricNetworkRequestExecutionTime: REQUEST_DURATION_SYSTEM='1097',REQUEST_DURATION_OKHTTP='309',REQUEST_SYNCHRONOUS='TRUE',RESPONSE_CODE='200',RESPONSE_METHOD='GET',RESPONSE_LENGTH_OKHTTP='7540',RESPONSE_LENGTH_HEADER='7540',REQUEST_PROTOCOL='h2',REQUEST_URL='https://a.thumbs.redditmedia.com/Tfsm0ol-ltlxNSBAkZ_4G4302d0hYeOSODkvXidBBR8.jpg',
08-03 20:01:30.960 14871 17724 D OK      : request got status: 200
08-03 20:01:30.962 14871 15130 I art     : Starting a blocking GC Explicit
08-03 20:01:31.024 14871 15130 I art     : Explicit concurrent mark sweep GC freed 4699(418KB) AllocSpace objects, 23(1660KB) LOS objects, 28% free, 40MB/56MB, paused 1.999ms total 61.468ms
08-03 20:01:31.049 14871 15130 I art     : Starting a blocking GC Explicit
08-03 20:01:31.084 14871 17744 I NAPPA_EXPERIMENTATION: MetricNetworkRequestExecutionTime: REQUEST_DURATION_SYSTEM='1151',REQUEST_DURATION_OKHTTP='305',REQUEST_SYNCHRONOUS='TRUE',RESPONSE_CODE='200',RESPONSE_METHOD='GET',RESPONSE_LENGTH_OKHTTP='2700',RESPONSE_LENGTH_HEADER='2700',REQUEST_PROTOCOL='h2',REQUEST_URL='https://v.redd.it/75en73fm5id51/DASHPlaylist.mpd',
08-03 20:01:31.084 14871 17744 D OK      : request got status: 200
08-03 20:01:31.114 14871 17740 I NAPPA_EXPERIMENTATION: MetricNetworkRequestExecutionTime: REQUEST_DURATION_SYSTEM='1190',REQUEST_DURATION_OKHTTP='311',REQUEST_SYNCHRONOUS='TRUE',RESPONSE_CODE='200',RESPONSE_METHOD='GET',RESPONSE_LENGTH_OKHTTP='2696',RESPONSE_LENGTH_HEADER='2696',REQUEST_PROTOCOL='h2',REQUEST_URL='https://v.redd.it/syww111dtjd51/DASHPlaylist.mpd',
08-03 20:01:31.114 14871 17740 D OK      : request got status: 200
08-03 20:01:31.115 14871 17741 I NAPPA_EXPERIMENTATION: MetricNetworkRequestExecutionTime: REQUEST_DURATION_SYSTEM='1188',REQUEST_DURATION_OKHTTP='376',REQUEST_SYNCHRONOUS='TRUE',RESPONSE_CODE='200',RESPONSE_METHOD='GET',RESPONSE_LENGTH_OKHTTP='2071',RESPONSE_LENGTH_HEADER='2071',REQUEST_PROTOCOL='h2',REQUEST_URL='https://v.redd.it/pbqrrfb3tkd51/DASHPlaylist.mpd',
08-03 20:01:31.115 14871 17741 D OK      : request got status: 200
08-03 20:01:31.116 14871 15130 I art     : Explicit concurrent mark sweep GC freed 1406(131KB) AllocSpace objects, 13(680KB) LOS objects, 28% free, 40MB/56MB, paused 1.893ms total 66.388ms
08-03 20:01:31.163 14871 17740 I RedditVideosAPI: For 'https://v.redd.it/syww111dtjd51/DASHPlaylist.mpd', got video stream 'https://v.redd.it/syww111dtjd51/DASH_480' and audio stream 'https://v.redd.it/syww111dtjd51/audio'
08-03 20:01:31.170 14871 17741 I RedditVideosAPI: For 'https://v.redd.it/pbqrrfb3tkd51/DASHPlaylist.mpd', got video stream 'https://v.redd.it/pbqrrfb3tkd51/DASH_480' and audio stream 'null'
08-03 20:01:31.180 14871 17747 I NAPPA_EXPERIMENTATION: MetricNetworkRequestExecutionTime: REQUEST_DURATION_SYSTEM='1238',REQUEST_DURATION_OKHTTP='368',REQUEST_SYNCHRONOUS='TRUE',RESPONSE_CODE='200',RESPONSE_METHOD='GET',RESPONSE_LENGTH_OKHTTP='2427',RESPONSE_LENGTH_HEADER='2427',REQUEST_PROTOCOL='h2',REQUEST_URL='https://v.redd.it/psrknoobrgd51/DASHPlaylist.mpd',
08-03 20:01:31.180 14871 17747 D OK      : request got status: 200
08-03 20:01:31.205 14871 17744 I RedditVideosAPI: For 'https://v.redd.it/75en73fm5id51/DASHPlaylist.mpd', got video stream 'https://v.redd.it/75en73fm5id51/DASH_480' and audio stream 'https://v.redd.it/75en73fm5id51/audio'
08-03 20:01:31.231 14871 17747 I RedditVideosAPI: For 'https://v.redd.it/psrknoobrgd51/DASHPlaylist.mpd', got video stream 'https://v.redd.it/psrknoobrgd51/DASH_480' and audio stream 'null'
08-03 20:01:31.232 14871 17746 I NAPPA_EXPERIMENTATION: MetricNetworkRequestExecutionTime: REQUEST_DURATION_SYSTEM='1294',REQUEST_DURATION_OKHTTP='411',REQUEST_SYNCHRONOUS='TRUE',RESPONSE_CODE='200',RESPONSE_METHOD='GET',RESPONSE_LENGTH_OKHTTP='1713',RESPONSE_LENGTH_HEADER='1713',REQUEST_PROTOCOL='h2',REQUEST_URL='https://v.redd.it/ggz4fyth6hd51/DASHPlaylist.mpd',
08-03 20:01:31.232 14871 17746 D OK      : request got status: 200
08-03 20:01:31.234 14871 17745 I NAPPA_EXPERIMENTATION: MetricNetworkRequestExecutionTime: REQUEST_DURATION_SYSTEM='1298',REQUEST_DURATION_OKHTTP='430',REQUEST_SYNCHRONOUS='TRUE',RESPONSE_CODE='200',RESPONSE_METHOD='GET',RESPONSE_LENGTH_OKHTTP='-1',RESPONSE_LENGTH_HEADER='377',REQUEST_PROTOCOL='h2',REQUEST_URL='https://api.imgur.com/3/image/nLQR2hT',
08-03 20:01:31.234 14871 17745 D OK      : request got status: 200
08-03 20:01:31.253 14871 17743 I NAPPA_EXPERIMENTATION: MetricNetworkRequestExecutionTime: REQUEST_DURATION_SYSTEM='1322',REQUEST_DURATION_OKHTTP='416',REQUEST_SYNCHRONOUS='TRUE',RESPONSE_CODE='200',RESPONSE_METHOD='GET',RESPONSE_LENGTH_OKHTTP='2789',RESPONSE_LENGTH_HEADER='2789',REQUEST_PROTOCOL='h2',REQUEST_URL='https://v.redd.it/5x6zzipz8ld51/DASHPlaylist.mpd',
08-03 20:01:31.253 14871 17743 D OK      : request got status: 200
08-03 20:01:31.258 14871 17742 I NAPPA_EXPERIMENTATION: MetricNetworkRequestExecutionTime: REQUEST_DURATION_SYSTEM='1328',REQUEST_DURATION_OKHTTP='444',REQUEST_SYNCHRONOUS='TRUE',RESPONSE_CODE='200',RESPONSE_METHOD='GET',RESPONSE_LENGTH_OKHTTP='3060',RESPONSE_LENGTH_HEADER='3060',REQUEST_PROTOCOL='h2',REQUEST_URL='https://v.redd.it/rrygsb8i4ld51/DASHPlaylist.mpd',
08-03 20:01:31.258 14871 17742 D OK      : request got status: 200
08-03 20:01:31.281 14871 17750 I NAPPA_EXPERIMENTATION: MetricNetworkRequestExecutionTime: REQUEST_DURATION_SYSTEM='1332',REQUEST_DURATION_OKHTTP='319',REQUEST_SYNCHRONOUS='TRUE',RESPONSE_CODE='200',RESPONSE_METHOD='GET',RESPONSE_LENGTH_OKHTTP='2071',RESPONSE_LENGTH_HEADER='2071',REQUEST_PROTOCOL='h2',REQUEST_URL='https://v.redd.it/xd6c4yyutgd51/DASHPlaylist.mpd',
08-03 20:01:31.281 14871 17750 D OK      : request got status: 200
08-03 20:01:31.283 14871 17748 I NAPPA_EXPERIMENTATION: MetricNetworkRequestExecutionTime: REQUEST_DURATION_SYSTEM='1340',REQUEST_DURATION_OKHTTP='402',REQUEST_SYNCHRONOUS='TRUE',RESPONSE_CODE='200',RESPONSE_METHOD='GET',RESPONSE_LENGTH_OKHTTP='2071',RESPONSE_LENGTH_HEADER='2071',REQUEST_PROTOCOL='h2',REQUEST_URL='https://v.redd.it/jk6cwef4wld51/DASHPlaylist.mpd',
08-03 20:01:31.283 14871 17748 D OK      : request got status: 200
08-03 20:01:31.284 14871 17751 I NAPPA_EXPERIMENTATION: MetricNetworkRequestExecutionTime: REQUEST_DURATION_SYSTEM='1332',REQUEST_DURATION_OKHTTP='357',REQUEST_SYNCHRONOUS='TRUE',RESPONSE_CODE='200',RESPONSE_METHOD='GET',RESPONSE_LENGTH_OKHTTP='2344',RESPONSE_LENGTH_HEADER='2344',REQUEST_PROTOCOL='h2',REQUEST_URL='https://v.redd.it/ue0jdgk9zhd51/DASHPlaylist.mpd',
08-03 20:01:31.284 14871 17751 D OK      : request got status: 200
08-03 20:01:31.285 14871 17749 I NAPPA_EXPERIMENTATION: MetricNetworkRequestExecutionTime: REQUEST_DURATION_SYSTEM='1339',REQUEST_DURATION_OKHTTP='421',REQUEST_SYNCHRONOUS='TRUE',RESPONSE_CODE='200',RESPONSE_METHOD='GET',RESPONSE_LENGTH_OKHTTP='3058',RESPONSE_LENGTH_HEADER='3058',REQUEST_PROTOCOL='h2',REQUEST_URL='https://v.redd.it/t81s8zfz9ld51/DASHPlaylist.mpd',
08-03 20:01:31.286 14871 17749 D OK      : request got status: 200
08-03 20:01:31.350 14871 17746 I RedditVideosAPI: For 'https://v.redd.it/ggz4fyth6hd51/DASHPlaylist.mpd', got video stream 'https://v.redd.it/ggz4fyth6hd51/DASH_360' and audio stream 'null'
08-03 20:01:31.387 14871 17742 I RedditVideosAPI: For 'https://v.redd.it/rrygsb8i4ld51/DASHPlaylist.mpd', got video stream 'https://v.redd.it/rrygsb8i4ld51/DASH_480' and audio stream 'https://v.redd.it/rrygsb8i4ld51/audio'
08-03 20:01:31.400 14871 17743 I RedditVideosAPI: For 'https://v.redd.it/5x6zzipz8ld51/DASHPlaylist.mpd', got video stream 'https://v.redd.it/5x6zzipz8ld51/DASH_480' and audio stream 'null'
08-03 20:01:31.408 14871 17750 I RedditVideosAPI: For 'https://v.redd.it/xd6c4yyutgd51/DASHPlaylist.mpd', got video stream 'https://v.redd.it/xd6c4yyutgd51/DASH_480' and audio stream 'null'
08-03 20:01:31.416 14871 17751 I RedditVideosAPI: For 'https://v.redd.it/ue0jdgk9zhd51/DASHPlaylist.mpd', got video stream 'https://v.redd.it/ue0jdgk9zhd51/DASH_360' and audio stream 'https://v.redd.it/ue0jdgk9zhd51/audio'
08-03 20:01:31.429 14871 17748 I RedditVideosAPI: For 'https://v.redd.it/jk6cwef4wld51/DASHPlaylist.mpd', got video stream 'https://v.redd.it/jk6cwef4wld51/DASH_480' and audio stream 'null'
08-03 20:01:31.438 14871 17749 I RedditVideosAPI: For 'https://v.redd.it/t81s8zfz9ld51/DASHPlaylist.mpd', got video stream 'https://v.redd.it/t81s8zfz9ld51/DASH_480' and audio stream 'https://v.redd.it/t81s8zfz9ld51/audio'
08-03 20:01:31.477 14871 14884 I art     : Starting a blocking GC Explicit
08-03 20:01:31.548 14871 14884 I art     : Explicit concurrent mark sweep GC freed 7443(1001KB) AllocSpace objects, 36(2MB) LOS objects, 28% free, 39MB/55MB, paused 1.292ms total 70.690ms
08-03 20:01:31.577 14871 14884 I art     : Starting a blocking GC Explicit
08-03 20:01:31.637 14871 14884 I art     : Explicit concurrent mark sweep GC freed 306(10KB) AllocSpace objects, 0(0B) LOS objects, 28% free, 39MB/55MB, paused 828us total 60.438ms
08-03 20:01:31.663 14871 14884 I art     : Starting a blocking GC Explicit
08-03 20:01:31.725 14871 14884 I art     : Explicit concurrent mark sweep GC freed 3(96B) AllocSpace objects, 0(0B) LOS objects, 28% free, 39MB/55MB, paused 971us total 61.655ms
08-03 20:01:31.751 14871 14884 I art     : Starting a blocking GC Explicit
08-03 20:01:31.813 14871 14884 I art     : Explicit concurrent mark sweep GC freed 3(96B) AllocSpace objects, 0(0B) LOS objects, 28% free, 39MB/55MB, paused 899us total 61.785ms
08-03 20:01:31.839 14871 14884 I art     : Starting a blocking GC Explicit
08-03 20:01:31.902 14871 14884 I art     : Explicit concurrent mark sweep GC freed 3(96B) AllocSpace objects, 0(0B) LOS objects, 28% free, 39MB/55MB, paused 884us total 62.604ms
08-03 20:01:31.903 14871 14882 I art     : WaitForGcToComplete blocked for 63.032ms for cause HeapTrim
08-03 20:01:32.232 17795 17795 D AndroidRuntime: >>>>>> START com.android.internal.os.RuntimeInit uid 2000 <<<<<<
08-03 20:01:32.239 17795 17795 D AndroidRuntime: CheckJNI is OFF
08-03 20:01:32.277 14871 14885 I art     : Starting a blocking GC Explicit
08-03 20:01:32.293 17795 17795 D ICU     : No timezone override file found: /data/misc/zoneinfo/current/icu/icu_tzdata.dat
08-03 20:01:32.341 17795 17795 I Radio-JNI: register_android_hardware_Radio DONE
08-03 20:01:32.342 14871 14885 I art     : Explicit concurrent mark sweep GC freed 1359(83KB) AllocSpace objects, 1(20KB) LOS objects, 28% free, 39MB/55MB, paused 1.037ms total 63.566ms
08-03 20:01:32.367 14871 14885 I art     : Starting a blocking GC Explicit
08-03 20:01:32.378 17795 17795 D AndroidRuntime: Calling main entry com.android.commands.input.Input
08-03 20:01:32.380 17795 17795 I Input   : injectMotionEvent: MotionEvent { action=ACTION_DOWN, actionButton=0, id[0]=0, x[0]=1340.0, y[0]=1100.0, toolType[0]=TOOL_TYPE_UNKNOWN, buttonState=0, metaState=0, flags=0x0, edgeFlags=0x0, pointerCount=1, historySize=0, eventTime=648108793, downTime=648108793, deviceId=0, source=0x1002 }
08-03 20:01:32.385 17795 17795 I Input   : injectMotionEvent: MotionEvent { action=ACTION_UP, actionButton=0, id[0]=0, x[0]=1340.0, y[0]=1100.0, toolType[0]=TOOL_TYPE_UNKNOWN, buttonState=0, metaState=0, flags=0x0, edgeFlags=0x0, pointerCount=1, historySize=0, eventTime=648108793, downTime=648108793, deviceId=0, source=0x1002 }
08-03 20:01:32.387 17795 17795 D AndroidRuntime: Shutting down VM
08-03 20:01:32.409   512  2967 D audio_hw_primary: out_set_parameters: enter: usecase(1: low-latency-playback) kvpairs: routing=2
08-03 20:01:32.410   918  6110 I ActivityManager: START u0 {dat=https://oauth.reddit.com/... cmp=baseline.org.quantumbadger.redreader/.activities.CommentListingActivity} from uid 10634 on display 0
08-03 20:01:32.422   512  2967 D audio_hw_primary: select_devices: out_snd_device(2: speaker) in_snd_device(0: none)
08-03 20:01:32.422   512  2967 D msm8974_platform: platform_send_audio_calibration: sending audio calibration for snd_device(2) acdb_id(15)
08-03 20:01:32.423   512  2967 I soundtrigger: audio_extn_sound_trigger_update_device_status: device 0x2 of type 0 for Event 1
08-03 20:01:32.434   512  2967 D audio_hw_primary: enable_snd_device: snd_device(2: speaker)
08-03 20:01:32.437   512  2967 D audio_hw_primary: enable_audio_route: apply and update mixer path: low-latency-playback speaker
08-03 20:01:32.446 14871 14885 I art     : Explicit concurrent mark sweep GC freed 875(32KB) AllocSpace objects, 0(0B) LOS objects, 28% free, 39MB/55MB, paused 1.254ms total 77.969ms
08-03 20:01:32.446 14871 14871 I AppCompatViewInflater: app:theme is now deprecated. Please move to using android:theme instead.
08-03 20:01:32.470 14871 14885 I art     : Starting a blocking GC Explicit
08-03 20:01:32.479 14871 17820 D OK      : calling: https://oauth.reddit.com/comments/hzejrd/.json?sort=confidence
08-03 20:01:32.524 14871 14885 I art     : Explicit concurrent mark sweep GC freed 7939(877KB) AllocSpace objects, 17(2MB) LOS objects, 30% free, 37MB/53MB, paused 909us total 53.712ms
08-03 20:01:32.549 14871 14885 I art     : Starting a blocking GC Explicit
08-03 20:01:32.561   918   936 I ActivityManager: Displayed baseline.org.quantumbadger.redreader/.activities.CommentListingActivity: +139ms
08-03 20:01:32.562 13866 13866 I GoogleInputMethodServic: GoogleInputMethodService.onFinishInput():3138 
08-03 20:01:32.562 13866 13866 I GoogleInputMethodServic: GoogleInputMethodService.onStartInput():1808 
08-03 20:01:32.612 14871 14885 I art     : Explicit concurrent mark sweep GC freed 970(39KB) AllocSpace objects, 0(0B) LOS objects, 30% free, 37MB/53MB, paused 1.066ms total 63.067ms
08-03 20:01:32.637 14871 14885 I art     : Starting a blocking GC Explicit
08-03 20:01:32.689 14871 14885 I art     : Explicit concurrent mark sweep GC freed 2083(84KB) AllocSpace objects, 0(0B) LOS objects, 30% free, 37MB/53MB, paused 899us total 52.243ms
08-03 20:01:32.807 14871 17820 I NAPPA_EXPERIMENTATION: MetricNetworkRequestExecutionTime: REQUEST_DURATION_SYSTEM='328',REQUEST_DURATION_OKHTTP='152',REQUEST_SYNCHRONOUS='TRUE',RESPONSE_CODE='200',RESPONSE_METHOD='GET',RESPONSE_LENGTH_OKHTTP='-1',RESPONSE_LENGTH_HEADER='45890',REQUEST_PROTOCOL='h2',REQUEST_URL='https://oauth.reddit.com/comments/hzejrd/.json?sort=confidence',
08-03 20:01:32.807 14871 17820 D OK      : request got status: 200
08-03 20:01:32.815   380   380 W SurfaceFlinger: couldn't log to binary event log: overflow.
08-03 20:01:32.823 14871 15500 I CommentListingActivity: COMMENTS session changed to a280bc81-cc8d-4a42-928d-49aeda85a3f0
08-03 20:01:32.984   512  2967 D audio_hw_primary: disable_audio_route: reset and update mixer path: low-latency-playback speaker
08-03 20:01:32.987   512  2967 D audio_hw_primary: disable_snd_device: snd_device(2: speaker)
08-03 20:01:32.999   512  2967 I soundtrigger: audio_extn_sound_trigger_update_device_status: device 0x2 of type 0 for Event 0
08-03 20:01:33.065 14871 14905 I art     : Starting a blocking GC Explicit
08-03 20:01:33.151 14871 14905 I art     : Explicit concurrent mark sweep GC freed 29669(1688KB) AllocSpace objects, 2(88KB) LOS objects, 28% free, 39MB/55MB, paused 883us total 85.704ms
08-03 20:01:33.179 14871 14905 I art     : Starting a blocking GC Explicit
08-03 20:01:33.254 14871 14905 I art     : Explicit concurrent mark sweep GC freed 13291(585KB) AllocSpace objects, 1(68KB) LOS objects, 29% free, 39MB/55MB, paused 1.072ms total 74.781ms
08-03 20:01:33.281 14871 14905 I art     : Starting a blocking GC Explicit
08-03 20:01:33.365 14871 14905 I art     : Explicit concurrent mark sweep GC freed 127(5KB) AllocSpace objects, 0(0B) LOS objects, 29% free, 39MB/55MB, paused 910us total 84.025ms
08-03 20:01:33.395 14871 14905 I art     : Starting a blocking GC Explicit
08-03 20:01:33.470 14871 14905 I art     : Explicit concurrent mark sweep GC freed 5(192B) AllocSpace objects, 0(0B) LOS objects, 29% free, 39MB/55MB, paused 933us total 74.642ms
08-03 20:01:33.500 14871 14905 I art     : Starting a blocking GC Explicit
08-03 20:01:33.574 14871 14905 I art     : Explicit concurrent mark sweep GC freed 3(96B) AllocSpace objects, 0(0B) LOS objects, 29% free, 39MB/55MB, paused 833us total 73.476ms
08-03 20:01:33.942 14871 16853 I art     : Starting a blocking GC Explicit
08-03 20:01:34.043 14871 16853 I art     : Explicit concurrent mark sweep GC freed 1356(82KB) AllocSpace objects, 1(20KB) LOS objects, 29% free, 39MB/55MB, paused 904us total 99.752ms
08-03 20:01:34.077 14871 16853 I art     : Starting a blocking GC Explicit
08-03 20:01:34.162 14871 16853 I art     : Explicit concurrent mark sweep GC freed 66(2528B) AllocSpace objects, 0(0B) LOS objects, 29% free, 39MB/55MB, paused 905us total 84.200ms
08-03 20:01:34.197 14871 16853 I art     : Starting a blocking GC Explicit
08-03 20:01:34.281 14871 16853 I art     : Explicit concurrent mark sweep GC freed 3(96B) AllocSpace objects, 0(0B) LOS objects, 29% free, 39MB/55MB, paused 1.171ms total 83.693ms
08-03 20:01:34.314 14871 16853 I art     : Starting a blocking GC Explicit
08-03 20:01:34.391 14871 16853 I art     : Explicit concurrent mark sweep GC freed 3(96B) AllocSpace objects, 0(0B) LOS objects, 29% free, 39MB/55MB, paused 958us total 76.509ms
08-03 20:01:34.421 14871 16853 I art     : Starting a blocking GC Explicit
08-03 20:01:34.509 14871 16853 I art     : Explicit concurrent mark sweep GC freed 3(96B) AllocSpace objects, 0(0B) LOS objects, 29% free, 39MB/55MB, paused 952us total 87.472ms
08-03 20:01:34.903 14871 14884 I art     : Starting a blocking GC Explicit
08-03 20:01:35.002 14871 14884 I art     : Explicit concurrent mark sweep GC freed 1358(82KB) AllocSpace objects, 1(20KB) LOS objects, 29% free, 39MB/55MB, paused 968us total 98.286ms
08-03 20:01:35.033 14871 14884 I art     : Starting a blocking GC Explicit
08-03 20:01:35.111 14871 14884 I art     : Explicit concurrent mark sweep GC freed 20(704B) AllocSpace objects, 0(0B) LOS objects, 29% free, 39MB/55MB, paused 1.115ms total 77.170ms
08-03 20:01:35.147 14871 14884 I art     : Starting a blocking GC Explicit
08-03 20:01:35.232 14871 14884 I art     : Explicit concurrent mark sweep GC freed 3(96B) AllocSpace objects, 0(0B) LOS objects, 29% free, 39MB/55MB, paused 923us total 84.947ms
08-03 20:01:35.267 14871 14884 I art     : Starting a blocking GC Explicit
08-03 20:01:35.352 14871 14884 I art     : Explicit concurrent mark sweep GC freed 3(96B) AllocSpace objects, 0(0B) LOS objects, 29% free, 39MB/55MB, paused 846us total 84.467ms
08-03 20:01:35.386 14871 14884 I art     : Starting a blocking GC Explicit
08-03 20:01:35.462 14871 14884 I art     : Explicit concurrent mark sweep GC freed 3(96B) AllocSpace objects, 0(0B) LOS objects, 29% free, 39MB/55MB, paused 721us total 76.147ms
08-03 20:01:35.860 14871 14905 I art     : Starting a blocking GC Explicit
08-03 20:01:35.960 14871 14905 I art     : Explicit concurrent mark sweep GC freed 1356(82KB) AllocSpace objects, 1(20KB) LOS objects, 29% free, 39MB/55MB, paused 1.392ms total 99.280ms
08-03 20:01:35.991 14871 14905 I art     : Starting a blocking GC Explicit
08-03 20:01:36.072 14871 14905 I art     : Explicit concurrent mark sweep GC freed 20(704B) AllocSpace objects, 0(0B) LOS objects, 29% free, 39MB/55MB, paused 1.261ms total 80.043ms
08-03 20:01:36.104 14871 14905 I art     : Starting a blocking GC Explicit
08-03 20:01:36.183 14871 14905 I art     : Explicit concurrent mark sweep GC freed 3(96B) AllocSpace objects, 0(0B) LOS objects, 29% free, 39MB/55MB, paused 987us total 77.839ms
08-03 20:01:36.215 14871 14905 I art     : Starting a blocking GC Explicit
08-03 20:01:36.292 14871 14905 I art     : Explicit concurrent mark sweep GC freed 3(96B) AllocSpace objects, 0(0B) LOS objects, 29% free, 39MB/55MB, paused 1.050ms total 76.383ms
08-03 20:01:36.325 14871 14905 I art     : Starting a blocking GC Explicit
08-03 20:01:36.403 14871 14905 I art     : Explicit concurrent mark sweep GC freed 3(96B) AllocSpace objects, 0(0B) LOS objects, 29% free, 39MB/55MB, paused 1.218ms total 77.180ms
08-03 20:01:36.800 14871 15130 I art     : Starting a blocking GC Explicit
08-03 20:01:36.837   518   646 I ThermalEngine: ACTION: GPU - Setting GPU[0] to 450000000
08-03 20:01:36.888 14871 15130 I art     : Explicit concurrent mark sweep GC freed 1354(82KB) AllocSpace objects, 1(20KB) LOS objects, 29% free, 39MB/55MB, paused 602us total 87.290ms
08-03 20:01:36.913 14871 15130 I art     : Starting a blocking GC Explicit
08-03 20:01:36.983 14871 15130 I art     : Explicit concurrent mark sweep GC freed 20(704B) AllocSpace objects, 0(0B) LOS objects, 29% free, 39MB/55MB, paused 580us total 69.825ms
08-03 20:01:37.007 14871 15130 I art     : Starting a blocking GC Explicit
08-03 20:01:37.078 14871 15130 I art     : Explicit concurrent mark sweep GC freed 3(96B) AllocSpace objects, 0(0B) LOS objects, 29% free, 39MB/55MB, paused 681us total 70.240ms
08-03 20:01:37.099 14871 15130 I art     : Starting a blocking GC Explicit
08-03 20:01:37.166 14871 15130 I art     : Explicit concurrent mark sweep GC freed 3(96B) AllocSpace objects, 0(0B) LOS objects, 29% free, 39MB/55MB, paused 580us total 66.272ms
08-03 20:01:37.187 14871 15130 I art     : Starting a blocking GC Explicit
08-03 20:01:37.261 14871 15130 I art     : Explicit concurrent mark sweep GC freed 3(96B) AllocSpace objects, 0(0B) LOS objects, 29% free, 39MB/55MB, paused 606us total 73.057ms
08-03 20:01:37.354 24577 24577 E ActivityThread: Service com.google.android.gms.chimera.GmsBoundBrokerService has leaked IntentReceiver com.google.android.gms.security.odad.WifiStateChangedReceiver@7033bf1 that was originally registered here. Are you missing a call to unregisterReceiver()?
08-03 20:01:37.354 24577 24577 E ActivityThread: android.app.IntentReceiverLeaked: Service com.google.android.gms.chimera.GmsBoundBrokerService has leaked IntentReceiver com.google.android.gms.security.odad.WifiStateChangedReceiver@7033bf1 that was originally registered here. Are you missing a call to unregisterReceiver()?
08-03 20:01:37.354 24577 24577 E ActivityThread: 	at android.app.LoadedApk$ReceiverDispatcher.<init>(LoadedApk.java:918)
08-03 20:01:37.354 24577 24577 E ActivityThread: 	at android.app.LoadedApk.getReceiverDispatcher(LoadedApk.java:719)
08-03 20:01:37.354 24577 24577 E ActivityThread: 	at android.app.ContextImpl.registerReceiverInternal(ContextImpl.java:1172)
08-03 20:01:37.354 24577 24577 E ActivityThread: 	at android.app.ContextImpl.registerReceiver(ContextImpl.java:1152)
08-03 20:01:37.354 24577 24577 E ActivityThread: 	at android.content.ContextWrapper.registerReceiver(ContextWrapper.java:561)
08-03 20:01:37.354 24577 24577 E ActivityThread: 	at android.content.ContextWrapper.registerReceiver(ContextWrapper.java:561)
08-03 20:01:37.354 24577 24577 E ActivityThread: 	at android.content.ContextWrapper.registerReceiver(ContextWrapper.java:561)
08-03 20:01:37.354 24577 24577 E ActivityThread: 	at android.content.ContextWrapper.registerReceiver(ContextWrapper.java:561)
08-03 20:01:37.354 24577 24577 E ActivityThread: 	at android.content.ContextWrapper.registerReceiver(ContextWrapper.java:561)
08-03 20:01:37.354 24577 24577 E ActivityThread: 	at android.content.ContextWrapper.registerReceiver(ContextWrapper.java:561)
08-03 20:01:37.354 24577 24577 E ActivityThread: 	at android.content.ContextWrapper.registerReceiver(ContextWrapper.java:561)
08-03 20:01:37.354 24577 24577 E ActivityThread: 	at android.content.ContextWrapper.registerReceiver(ContextWrapper.java:561)
08-03 20:01:37.354 24577 24577 E ActivityThread: 	at aqwy.a(:com.google.android.gms@202614019@20.26.14 (040400-320008519):3)
08-03 20:01:37.354 24577 24577 E ActivityThread: 	at aqxq.a(:com.google.android.gms@202614019@20.26.14 (040400-320008519):42)
08-03 20:01:37.354 24577 24577 E ActivityThread: 	at zwo.run(:com.google.android.gms@202614019@20.26.14 (040400-320008519):9)
08-03 20:01:37.354 24577 24577 E ActivityThread: 	at bmvl.run(:com.google.android.gms@202614019@20.26.14 (040400-320008519):2)
08-03 20:01:37.354 24577 24577 E ActivityThread: 	at skp.b(:com.google.android.gms@202614019@20.26.14 (040400-320008519):12)
08-03 20:01:37.354 24577 24577 E ActivityThread: 	at skp.run(:com.google.android.gms@202614019@20.26.14 (040400-320008519):7)
08-03 20:01:37.354 24577 24577 E ActivityThread: 	at java.util.concurrent.ThreadPoolExecutor.runWorker(ThreadPoolExecutor.java:1113)
08-03 20:01:37.354 24577 24577 E ActivityThread: 	at java.util.concurrent.ThreadPoolExecutor$Worker.run(ThreadPoolExecutor.java:588)
08-03 20:01:37.354 24577 24577 E ActivityThread: 	at sql.run(:com.google.android.gms@202614019@20.26.14 (040400-320008519):0)
08-03 20:01:37.354 24577 24577 E ActivityThread: 	at java.lang.Thread.run(Thread.java:818)
08-03 20:01:37.425 14871 17819 I RedditChangeDataIO: Writing tmp data file at '/data/user/0/baseline.org.quantumbadger.redreader/files/rr_change_data_tmp.dat'
08-03 20:01:37.426 14871 17819 I RedditChangeDataManager: Taking snapshot...
08-03 20:01:37.427 14871 17819 I RedditChangeDataManager: Writing to stream...
08-03 20:01:37.427 14871 17819 I RedditChangeDataManager: Wrote 6 entries for user ''
08-03 20:01:37.427 14871 17819 I RedditChangeDataManager: All entries written to stream.
08-03 20:01:37.427 14871 17819 I RedditChangeDataIO: Write successful. Atomically replacing data file...
08-03 20:01:37.428 14871 17819 I RedditChangeDataIO: Write complete.
08-03 20:01:37.428 14871 17819 I RedditChangeDataIO: 158 bytes written in 3 ms
08-03 20:01:37.608 14871 14885 I art     : Starting a blocking GC Explicit
08-03 20:01:37.696 14871 14885 I art     : Explicit concurrent mark sweep GC freed 1441(88KB) AllocSpace objects, 2(88KB) LOS objects, 29% free, 39MB/55MB, paused 593us total 87.938ms
08-03 20:01:37.722 14871 14885 I art     : Starting a blocking GC Explicit
08-03 20:01:37.793 14871 14885 I art     : Explicit concurrent mark sweep GC freed 23(800B) AllocSpace objects, 0(0B) LOS objects, 29% free, 39MB/55MB, paused 624us total 71.129ms
08-03 20:01:37.819 14871 14885 I art     : Starting a blocking GC Explicit
08-03 20:01:37.886 14871 14885 I art     : Explicit concurrent mark sweep GC freed 3(96B) AllocSpace objects, 0(0B) LOS objects, 29% free, 39MB/55MB, paused 558us total 67.140ms
08-03 20:01:37.908 14871 14885 I art     : Starting a blocking GC Explicit
08-03 20:01:37.978 14871 14885 I art     : Explicit concurrent mark sweep GC freed 3(96B) AllocSpace objects, 0(0B) LOS objects, 29% free, 39MB/55MB, paused 583us total 69.272ms
08-03 20:01:37.999 14871 14885 I art     : Starting a blocking GC Explicit
08-03 20:01:38.068 14871 14885 I art     : Explicit concurrent mark sweep GC freed 32(1568B) AllocSpace objects, 0(0B) LOS objects, 29% free, 39MB/55MB, paused 564us total 68.664ms
08-03 20:01:38.434 14871 16853 I art     : Starting a blocking GC Explicit
08-03 20:01:38.513 14871 16853 I art     : Explicit concurrent mark sweep GC freed 1564(118KB) AllocSpace objects, 1(20KB) LOS objects, 29% free, 39MB/55MB, paused 502us total 78.577ms
08-03 20:01:38.539 14871 16853 I art     : Starting a blocking GC Explicit
08-03 20:01:38.611 14871 16853 I art     : Explicit concurrent mark sweep GC freed 85(2880B) AllocSpace objects, 0(0B) LOS objects, 29% free, 39MB/55MB, paused 538us total 72.228ms
08-03 20:01:38.635 14871 16853 I art     : Starting a blocking GC Explicit
08-03 20:01:38.696 14871 16853 I art     : Explicit concurrent mark sweep GC freed 3(96B) AllocSpace objects, 0(0B) LOS objects, 29% free, 39MB/55MB, paused 468us total 60.886ms
08-03 20:01:38.717 14871 16853 I art     : Starting a blocking GC Explicit
08-03 20:01:38.776 14871 16853 I art     : Explicit concurrent mark sweep GC freed 3(96B) AllocSpace objects, 0(0B) LOS objects, 29% free, 39MB/55MB, paused 505us total 59.415ms
08-03 20:01:38.797 14871 16853 I art     : Starting a blocking GC Explicit
08-03 20:01:38.860 14871 16853 I art     : Explicit concurrent mark sweep GC freed 3(96B) AllocSpace objects, 0(0B) LOS objects, 29% free, 39MB/55MB, paused 537us total 62.790ms
08-03 20:01:39.195 17896 17896 D AndroidRuntime: >>>>>> START com.android.internal.os.RuntimeInit uid 2000 <<<<<<
08-03 20:01:39.202 17896 17896 D AndroidRuntime: CheckJNI is OFF
08-03 20:01:39.223 14871 14884 I art     : Starting a blocking GC Explicit
08-03 20:01:39.248 17896 17896 D ICU     : No timezone override file found: /data/misc/zoneinfo/current/icu/icu_tzdata.dat
08-03 20:01:39.287 14871 14884 I art     : Explicit concurrent mark sweep GC freed 1356(82KB) AllocSpace objects, 1(20KB) LOS objects, 29% free, 39MB/55MB, paused 536us total 63.851ms
08-03 20:01:39.296 17896 17896 I Radio-JNI: register_android_hardware_Radio DONE
08-03 20:01:39.309 14871 14884 I art     : Starting a blocking GC Explicit
08-03 20:01:39.327 17896 17896 D AndroidRuntime: Calling main entry com.android.commands.input.Input
08-03 20:01:39.328 17896 17896 I Input   : injectKeyEvent: KeyEvent { action=ACTION_DOWN, keyCode=KEYCODE_BACK, scanCode=0, metaState=0, flags=0x0, repeatCount=0, eventTime=648115741, downTime=648115741, deviceId=-1, source=0x101 }
08-03 20:01:39.335 17896 17896 I Input   : injectKeyEvent: KeyEvent { action=ACTION_UP, keyCode=KEYCODE_BACK, scanCode=0, metaState=0, flags=0x0, repeatCount=0, eventTime=648115741, downTime=648115741, deviceId=-1, source=0x101 }
08-03 20:01:39.340 17896 17896 D AndroidRuntime: Shutting down VM
08-03 20:01:39.367 14871 14884 I art     : Explicit concurrent mark sweep GC freed 151(5KB) AllocSpace objects, 0(0B) LOS objects, 29% free, 39MB/55MB, paused 622us total 58.198ms
08-03 20:01:39.382 13866 13866 I GoogleInputMethodServic: GoogleInputMethodService.onFinishInput():3138 
08-03 20:01:39.383 13866 13866 I GoogleInputMethodServic: GoogleInputMethodService.onStartInput():1808 
08-03 20:01:39.387 14871 14884 I art     : Starting a blocking GC Explicit
08-03 20:01:39.443 14871 14884 I art     : Explicit concurrent mark sweep GC freed 142(4KB) AllocSpace objects, 0(0B) LOS objects, 29% free, 39MB/55MB, paused 520us total 54.519ms
08-03 20:01:39.465 14871 14884 I art     : Starting a blocking GC Explicit
08-03 20:01:39.521 14871 14884 I art     : Explicit concurrent mark sweep GC freed 19(640B) AllocSpace objects, 0(0B) LOS objects, 29% free, 39MB/55MB, paused 440us total 56.059ms
08-03 20:01:39.545 14871 14884 I art     : Starting a blocking GC Explicit
08-03 20:01:39.619 14871 14884 I art     : Explicit concurrent mark sweep GC freed 3(96B) AllocSpace objects, 0(0B) LOS objects, 29% free, 39MB/55MB, paused 468us total 73.928ms
08-03 20:01:39.688   380   380 W SurfaceFlinger: couldn't log to binary event log: overflow.
08-03 20:01:39.942 14871 15130 I art     : Starting a blocking GC Explicit
08-03 20:01:40.011 14871 15130 I art     : Explicit concurrent mark sweep GC freed 1416(84KB) AllocSpace objects, 1(20KB) LOS objects, 29% free, 39MB/55MB, paused 563us total 67.855ms
08-03 20:01:40.034 14871 15130 I art     : Starting a blocking GC Explicit
08-03 20:01:40.086 14871 15130 I art     : Explicit concurrent mark sweep GC freed 41403(2MB) AllocSpace objects, 5(140KB) LOS objects, 30% free, 36MB/52MB, paused 496us total 51.115ms
08-03 20:01:40.105 14871 15130 I art     : Starting a blocking GC Explicit
08-03 20:01:40.150 14871 15130 I art     : Explicit concurrent mark sweep GC freed 3(96B) AllocSpace objects, 0(0B) LOS objects, 30% free, 36MB/52MB, paused 504us total 45.408ms
08-03 20:01:40.169 14871 15130 I art     : Starting a blocking GC Explicit
