--------- beginning of main
08-03 21:10:53.967  3784  3784 D CarrierServiceBindHelper: Receive action: android.intent.action.PACKAGE_REMOVED
08-03 21:10:53.998 10331 10331 W System  : ClassLoader referenced unknown path: /system/app/KeyChain/lib/arm64
08-03 21:10:53.999   918   930 W ResourceType: ResTable_typeSpec entry count inconsistent: given 37, previously 42
08-03 21:10:53.999   918   930 W ResourceType: ResTable_typeSpec entry count inconsistent: given 2527, previously 2530
08-03 21:10:54.000   918   930 W ResourceType: ResTable_typeSpec entry count inconsistent: given 2542, previously 2545
08-03 21:10:54.000   918   930 W ResourceType: ResTable_typeSpec entry count inconsistent: given 303, previously 1691
--------- beginning of system
08-03 21:10:54.001 10331 10331 W ContextImpl: Calling a method in the system process without a qualified user: android.app.ContextImpl.startService:1221 android.content.ContextWrapper.startService:581 android.content.ContextWrapper.startService:581 com.android.keychain.KeyChainBroadcastReceiver.onReceive:12 android.app.ActivityThread.handleReceiver:2725 
08-03 21:10:54.001  3784  3784 D CarrierServiceBindHelper: Receive action: android.intent.action.PACKAGE_ADDED
08-03 21:10:54.002  3784  3784 D CarrierServiceBindHelper: Receive action: android.intent.action.PACKAGE_REPLACED
08-03 21:10:54.002  3784  3784 D CarrierServiceBindHelper: mHandler: 3
08-03 21:10:54.002  3784  3784 D CarrierServiceBindHelper: mHandler: 3
08-03 21:10:54.002  3784  3784 D CarrierServiceBindHelper: mHandler: 3
08-03 21:10:54.002  3784  3784 D CarrierConfigLoader: mHandler: 9 phoneId: 0
08-03 21:10:54.008   918  6111 I AccountManagerService: getTypesVisibleToCaller: isPermitted? true
08-03 21:10:54.049 18789 18789 I Finsky  : [1] uah.a(18): PackageMonitorReceiverImpl - Received: android.intent.action.PACKAGE_REMOVED, [ocpw8ddNLhG67i_cxGNvtEQwqY1k5QNC_my-vN553D4]
08-03 21:10:54.049 24365 10352 I Fitness : FitCleanupIntentOperation received Intent android.intent.action.PACKAGE_REMOVED [CONTEXT service_id=17 ]
08-03 21:10:54.049 18789 18789 I Finsky  : [1] ubi.d(9): Invalidating cached PackageState for baseline.org.quantumbadger.redreader
08-03 21:10:54.058 18789 18789 I Finsky  : [1] lzi.c(2): Frosting ID looked up on UI thread. Caller should move to a background thread.
08-03 21:10:54.074  7841  7841 W Atfwd_Sendcmd: AtCmdFwd service not published, waiting... retryCnt : 1
08-03 21:10:54.082 18789 18789 I Finsky  : [1] nqb.c(3): Installer: package baseline.org.quantumbadger.redreader was removed. replacing: true
08-03 21:10:54.083 18789 18789 I Finsky  : [1] nra.a(188): Installer: Notifying status update. package=baseline.org.quantumbadger.redreader, status=UNINSTALLED
08-03 21:10:54.104   918  3359 I AccountManagerService: getTypesVisibleToCaller: isPermitted? true
08-03 21:10:54.141 18789 18789 I Finsky  : [1] lzi.c(2): Frosting ID looked up on UI thread. Caller should move to a background thread.
08-03 21:10:54.148 18789 10367 I Finsky  : [5868] ejf.a(-1): Cancelled 0 ongoing asset module downloads for package baseline.org.quantumbadger.redreader due to a concurrent app update.
08-03 21:10:54.156 18789 18789 I Finsky  : [1] nra.a(220): Installer: found apps to install. isMultiUserMode=false, apps=[]
08-03 21:10:54.211 24577 10361 I Auth    : [SupervisedAccountIntentOperation] onHandleIntent(): android.intent.action.PACKAGE_ADDED
08-03 21:10:54.213 24577 10360 I ChromeSync: [Sync,SyncIntentOperation] Handling the intent: Intent { act=android.intent.action.PACKAGE_ADDED dat=package:baseline.org.quantumbadger.redreader flg=0x4000010 cmp=com.google.android.gms/.chimera.GmsIntentOperationService (has extras) }.
08-03 21:10:54.221   918  3696 W ActivityManager: Unable to start service Intent { act=com.google.android.gms.auth.key.retrieval.service.START pkg=com.google.android.gms } U=0: not found
08-03 21:10:54.224 18789 18789 I Finsky  : [1] uah.a(18): PackageMonitorReceiverImpl - Received: android.intent.action.PACKAGE_ADDED, [ocpw8ddNLhG67i_cxGNvtEQwqY1k5QNC_my-vN553D4]
08-03 21:10:54.224 18789 18789 I Finsky  : [1] ubi.d(9): Invalidating cached PackageState for baseline.org.quantumbadger.redreader
08-03 21:10:54.273 18789 18789 I Finsky  : [1] lzi.c(2): Frosting ID looked up on UI thread. Caller should move to a background thread.
08-03 21:10:54.305 18789 18981 I Finsky  : [5590] odj.b(52): IQ: Notifying installation update. package=baseline.org.quantumbadger.redreader, status=UNINSTALLED
08-03 21:10:54.310 18789 18789 I Finsky  : [1] agsx.a(4): Do not start WearSupportService due to Wear service optimization
08-03 21:10:54.324   918  5132 W ActivityManager: Unbind failed: could not find connection for android.os.BinderProxy@997d890
08-03 21:10:54.326 18789 10367 I Finsky  : [5868] ejc.a(-1): Asset module broadcast after update successful for package baseline.org.quantumbadger.redreader. 0 sessions broadcast.
08-03 21:10:54.327 18789 10355 I Finsky  : [5866] lyv.run(-1): Wrote row to frosting DB: 2060
08-03 21:10:54.335 24577 24621 E GmsClient: unable to connect to service: com.google.android.gms.auth.key.retrieval.service.START on com.google.android.gms
08-03 21:10:54.336   918  6029 I AccountManagerService: getTypesVisibleToCaller: isPermitted? true
08-03 21:10:54.338 24577 10360 I ChromeSync: [Persistence,AffiliationManager] One of affiliation or grouping data for android://bz0hZa4nAJEtd0n5sRlXG7KAqctUMWVefv7Ki4mh1p6slZ9YO-n9gS9j8m9YCrsIyI2wIxrDHraumF9Y6pBLTA==@baseline.org.quantumbadger.redreader/ was not found. Marking affiliation data as stale...
08-03 21:10:54.342 18789 18789 I Finsky  : [1] lzi.c(2): Frosting ID looked up on UI thread. Caller should move to a background thread.
08-03 21:10:54.425   918  6110 I AccountManagerService: getTypesVisibleToCaller: isPermitted? true
08-03 21:10:54.430 18789 10366 I Finsky  : [5867] gzn.a(-1): [ContentSync] finished, scheduled=false
08-03 21:10:54.441 18789 10355 I Finsky  : [5866] lyv.run(-1): Wrote row to frosting DB: 2061
08-03 21:10:54.453 18789 18981 I Finsky  : [5590] odj.b(40): IQ: No matching installs to run for jobs: []
08-03 21:10:54.457 24577 13316 I Icing   : IndexChimeraService.getServiceInterface callingPackage=com.google.android.gms componentName=AppsCorpus serviceId=36
08-03 21:10:54.473 18789 10355 I Finsky  : [5866] lyv.run(-1): Wrote row to frosting DB: 2062
08-03 21:10:54.498 18789 10355 I Finsky  : [5866] lyv.run(-1): Wrote row to frosting DB: 2063
08-03 21:10:54.515 10378 10378 D AndroidRuntime: >>>>>> START com.android.internal.os.RuntimeInit uid 2000 <<<<<<
08-03 21:10:54.519 10378 10378 D AndroidRuntime: CheckJNI is OFF
08-03 21:10:54.520   918  6110 I AccountManagerService: getTypesVisibleToCaller: isPermitted? true
08-03 21:10:54.530 18789 18789 I Finsky  : [1] xmu.a(8): SCH: Jobs in database: 1-1337 3-181 3-182 12-1 26-1414141414 
08-03 21:10:54.532 18789 18789 I Finsky  : [1] xio.a(57): SCH: ConstraintMapping: 1-1337, 12-1,  -> L: 14559ms, D: 46498374ms, C: false, I: false, N: 1
08-03 21:10:54.532 18789 18789 I Finsky  : [1] xio.a(57): SCH: ConstraintMapping: 3-181,  -> L: 0ms, D: 77754682ms, C: false, I: true, N: 2
08-03 21:10:54.533 18789 18789 I Finsky  : [1] xio.a(57): SCH: ConstraintMapping: 3-182,  -> L: 0ms, D: 77754755ms, C: true, I: true, N: 2
08-03 21:10:54.533 18789 18789 I Finsky  : [1] xio.a(57): SCH: ConstraintMapping: 26-1414141414,  -> L: 7370623ms, D: 8270623ms, C: false, I: false, N: 0
08-03 21:10:54.534 18789 10366 I Finsky  : [5867] gzn.a(-1): [ContentSync] finished, scheduled=true
08-03 21:10:54.541 10378 10378 D ICU     : No timezone override file found: /data/misc/zoneinfo/current/icu/icu_tzdata.dat
08-03 21:10:54.544 18789 18789 I Finsky  : [1] xle.a(34): Cancelling existing jobscheduler jobs: 9015 9011 9001 9014 9016 9006 9012 9013 
08-03 21:10:54.544 18789 18789 I Finsky  : [1] xle.a(27): Scheduling job Id: 9000, L: 14559, D: 46498374, C: false, I: false, N: 1
08-03 21:10:54.547 18789 18789 I Finsky  : [1] xle.a(27): Scheduling job Id: 9002, L: 0, D: 77754682, C: false, I: true, N: 2
08-03 21:10:54.549 18789 18789 I Finsky  : [1] xle.a(27): Scheduling job Id: 9003, L: 0, D: 77754755, C: true, I: true, N: 2
08-03 21:10:54.557 18789 18789 I Finsky  : [1] xle.a(27): Scheduling job Id: 9004, L: 7370623, D: 8270623, C: false, I: false, N: 0
08-03 21:10:54.558 18789 18789 I Finsky  : [1] xle.a(27): Scheduling job Id: 9005, L: 14559, D: 46498374, C: false, I: false, N: 1
08-03 21:10:54.561 18789 18789 I Finsky  : [1] xle.a(27): Scheduling job Id: 9007, L: 0, D: 77754682, C: false, I: true, N: 2
08-03 21:10:54.563 18789 18789 I Finsky  : [1] xle.a(27): Scheduling job Id: 9008, L: 0, D: 77754755, C: true, I: true, N: 2
08-03 21:10:54.565 18789 18789 I Finsky  : [1] xle.a(27): Scheduling job Id: 9009, L: 7370623, D: 8270623, C: false, I: false, N: 0
08-03 21:10:54.567 10378 10378 I Radio-JNI: register_android_hardware_Radio DONE
08-03 21:10:54.576 24577 15624 W Icing   : No valid account for uploading user actions
08-03 21:10:54.582 10378 10378 D AndroidRuntime: Calling main entry com.android.commands.monkey.Monkey
08-03 21:10:54.598   918   931 W BroadcastQueue: Skipping deliver [background] BroadcastRecord{f0b8dab u-1 android.net.conn.CONNECTIVITY_CHANGE} to ReceiverList{a579c08 10378 (unknown name)/2000/u-1 remote:e953625}: process crashing
08-03 21:10:54.610   918  3670 I ActivityManager: START u0 {act=android.intent.action.MAIN cat=[android.intent.category.LAUNCHER] flg=0x10200000 cmp=baseline.org.quantumbadger.redreader/.activities.MainActivity} from uid 2000 on display 0
08-03 21:10:54.613 24577 13293 I Icing   : IndexChimeraService.getServiceInterface callingPackage=com.google.android.gms componentName=null serviceId=30
08-03 21:10:54.637   918   932 I sensors : batch
08-03 21:10:54.646   918  3188 I hubconnection: sensorhub said: 'batch 31 flags:0, sampling_rate_Hz:15.00, max_report_latency_us:0'
08-03 21:10:54.664 10394 10394 I art     : Late-enabling -Xcheck:jni
08-03 21:10:54.665   918  4413 I ActivityManager: Start proc 10394:baseline.org.quantumbadger.redreader/u0a634 for activity baseline.org.quantumbadger.redreader/.activities.MainActivity
08-03 21:10:54.670 24577 15624 I Icing   : Usage reports ok 2, Failed Usage reports 0, indexed 0, rejected 0
08-03 21:10:54.672   918   932 I sensors : flush
08-03 21:10:54.676 24577 15624 W Icing   : No valid account for uploading user actions
08-03 21:10:54.677 10378 10378 I art     : System.exit called, status: 0
08-03 21:10:54.678 10378 10378 I AndroidRuntime: VM exiting with result code 0.
08-03 21:10:54.681   918  3188 I hubconnection: sensorhub said: 'flush 31'
08-03 21:10:54.682   918  3188 I hubconnection: saw sensor 31 flushed
08-03 21:10:54.682 24577 13293 I Icing   : IndexChimeraService.getServiceInterface callingPackage=com.google.android.gms componentName=null serviceId=36
08-03 21:10:54.697 24577 15624 I Icing   : Usage reports ok 0, Failed Usage reports 0, indexed 0, rejected 0
08-03 21:10:54.698 24577 15624 I Icing   : Indexing com.google.android.gms-internal.3p:MobileApplication from com.google.android.gms using seqno 763
08-03 21:10:54.701 24577 15624 I Icing   : Indexing com.google.android.gms-internal.3p:MobileApplication from com.google.android.gms using seqno 763
08-03 21:10:54.711 10394 10394 W System  : ClassLoader referenced unknown path: /data/app/baseline.org.quantumbadger.redreader-1/lib/arm64
08-03 21:10:54.717  6202  6095 I PBSessionCacheImpl: Deleted sessionId[27278280657311515] from persistence.
08-03 21:10:54.722  6202  6241 W SearchServiceCore: Abort, client detached.
08-03 21:10:54.722  6202  6241 I MicroDetectionState: Should stop hotword detection immediately - true
08-03 21:10:54.729 10394 10394 I RedReader: Application created.
08-03 21:10:54.734 24577 15624 W Icing   : No valid account for uploading user actions
08-03 21:10:54.738 10394 10416 I RedditChangeDataIO: Running initial read...
08-03 21:10:54.739 10394 10394 I RedReader: Checking for new messages.
08-03 21:10:54.741 10394 10416 I RedditChangeDataIO: Data file at '/data/user/0/baseline.org.quantumbadger.redreader/files/rr_change_data.dat'
08-03 21:10:54.741 10394 10416 I RedditChangeDataIO: Data file does not exist. Aborting read.
08-03 21:10:54.742 10394 10416 I RedditChangeDataManager: Pruning for all users...
08-03 21:10:54.742 10394 10416 I RedditChangeDataManager: Pruning complete.
08-03 21:10:54.779 24577 15624 I Icing   : Usage reports ok 1, Failed Usage reports 0, indexed 0, rejected 0
08-03 21:10:54.811 10394 10394 W art     : Before Android 4.1, method android.graphics.PorterDuffColorFilter androidx.vectordrawable.graphics.drawable.VectorDrawableCompat.updateTintFilter(android.graphics.PorterDuffColorFilter, android.content.res.ColorStateList, android.graphics.PorterDuff$Mode) would have incorrectly overridden the package-private method in android.graphics.drawable.Drawable
08-03 21:10:54.829 10394 10394 I art     : Rejecting re-init on previously-failed class java.lang.Class<androidx.core.view.ViewCompat$2>
08-03 21:10:54.829 10394 10394 I art     : Rejecting re-init on previously-failed class java.lang.Class<androidx.core.view.ViewCompat$2>
08-03 21:10:54.838 10394 10394 I AppCompatViewInflater: app:theme is now deprecated. Please move to using android:theme instead.
08-03 21:10:54.848 10394 10415 I CacheManager: Pruning 108 files
08-03 21:10:55.032 10394 10394 I RawObjectDB query string: CREATE TABLE objects(RawObjectDB_id TEXT PRIMARY KEY ON CONFLICT REPLACE,RawObjectDB_timestamp INTEGER,serialised TEXT)
08-03 21:10:55.087 10394 10394 I RawObjectDB query string: CREATE TABLE objects(RawObjectDB_id TEXT PRIMARY KEY ON CONFLICT REPLACE,RawObjectDB_timestamp INTEGER,serialised TEXT)
08-03 21:10:55.162 10394 10418 D OpenGLRenderer: Use EGL_SWAP_BEHAVIOR_PRESERVED: true
08-03 21:10:55.199 10394 10418 I Adreno  : QUALCOMM build                   : fcf4852, I1af360237c
08-03 21:10:55.199 10394 10418 I Adreno  : Build Date                       : 09/23/15
08-03 21:10:55.199 10394 10418 I Adreno  : OpenGL ES Shader Compiler Version: XE031.05.13.02
08-03 21:10:55.199 10394 10418 I Adreno  : Local Branch                     : mybranch14465806
08-03 21:10:55.199 10394 10418 I Adreno  : Remote Branch                    : quic/LA.BF64.1.2.9_v2
08-03 21:10:55.199 10394 10418 I Adreno  : Remote Branch                    : NONE
08-03 21:10:55.199 10394 10418 I Adreno  : Reconstruct Branch               : NOTHING
08-03 21:10:55.202 10394 10418 I OpenGLRenderer: Initialized EGL, version 1.4
08-03 21:10:55.471   918   936 I ActivityManager: Displayed baseline.org.quantumbadger.redreader/.activities.MainActivity: +821ms
08-03 21:10:55.677 24577 15624 I Icing   : Indexing com.google.android.gms-apps from com.google.android.gms
08-03 21:10:55.769 24577 15624 I Icing   : Indexing done com.google.android.gms-apps
08-03 21:10:55.781 24577 15624 I Icing   : Indexing com.google.android.gms-apps from com.google.android.gms
08-03 21:10:55.783 24577 15624 I Icing   : Indexing done com.google.android.gms-apps
08-03 21:10:56.161 10435 10435 D AndroidRuntime: >>>>>> START com.android.internal.os.RuntimeInit uid 2000 <<<<<<
08-03 21:10:56.164 10435 10435 D AndroidRuntime: CheckJNI is OFF
08-03 21:10:56.189 10435 10435 D ICU     : No timezone override file found: /data/misc/zoneinfo/current/icu/icu_tzdata.dat
08-03 21:10:56.220 10435 10435 I Radio-JNI: register_android_hardware_Radio DONE
08-03 21:10:56.236 10435 10435 D AndroidRuntime: Calling main entry com.android.commands.am.Am
08-03 21:10:56.247 29687 29687 I Trepn   : Trepn 6.2s: Received intent: com.quicinc.trepn.start_profiling
08-03 21:10:56.364 29687 29687 W FileUtils: Failed to chmod(/storage/emulated/0/trepn/Trepn_2020.08.03_211056.db): android.system.ErrnoException: chmod failed: EPERM (Operation not permitted)
08-03 21:10:56.532 29687 29687 I Trepn   : Trepn 6.2s: Trepn has Started Profiling.
08-03 21:10:56.534 10435 10435 D AndroidRuntime: Shutting down VM
08-03 21:10:57.033 10394 10423 I art     : Starting a blocking GC Explicit
08-03 21:10:57.058 10394 10423 I art     : Explicit concurrent mark sweep GC freed 10779(1344KB) AllocSpace objects, 8(216KB) LOS objects, 40% free, 20MB/34MB, paused 120us total 24.381ms
08-03 21:10:57.069 10394 10423 I art     : Starting a blocking GC Explicit
08-03 21:10:57.082 10394 10423 I art     : Explicit concurrent mark sweep GC freed 1530(73KB) AllocSpace objects, 0(0B) LOS objects, 40% free, 20MB/34MB, paused 122us total 12.936ms
08-03 21:10:57.090 10394 10423 I art     : Starting a blocking GC Explicit
08-03 21:10:57.102 10394 10423 I art     : Explicit concurrent mark sweep GC freed 3(96B) AllocSpace objects, 0(0B) LOS objects, 40% free, 20MB/34MB, paused 105us total 11.903ms
08-03 21:10:57.111 10394 10423 I art     : Starting a blocking GC Explicit
08-03 21:10:57.122 10394 10423 I art     : Explicit concurrent mark sweep GC freed 3(96B) AllocSpace objects, 0(0B) LOS objects, 40% free, 20MB/34MB, paused 117us total 10.814ms
08-03 21:10:57.130 10394 10423 I art     : Starting a blocking GC Explicit
08-03 21:10:57.140 10394 10423 I art     : Explicit concurrent mark sweep GC freed 3(96B) AllocSpace objects, 0(0B) LOS objects, 40% free, 20MB/34MB, paused 111us total 9.881ms
08-03 21:10:57.444 10394 10407 I art     : Starting a blocking GC Explicit
08-03 21:10:57.464 10394 10407 I art     : Explicit concurrent mark sweep GC freed 1334(78KB) AllocSpace objects, 1(20KB) LOS objects, 40% free, 20MB/34MB, paused 164us total 19.693ms
08-03 21:10:57.479 10394 10407 I art     : Starting a blocking GC Explicit
08-03 21:10:57.490 10394 10407 I art     : Explicit concurrent mark sweep GC freed 20(704B) AllocSpace objects, 0(0B) LOS objects, 40% free, 20MB/34MB, paused 130us total 10.550ms
08-03 21:10:57.498 10394 10407 I art     : Starting a blocking GC Explicit
08-03 21:10:57.508 10394 10407 I art     : Explicit concurrent mark sweep GC freed 3(96B) AllocSpace objects, 0(0B) LOS objects, 40% free, 20MB/34MB, paused 106us total 10.167ms
08-03 21:10:57.516 10394 10407 I art     : Starting a blocking GC Explicit
08-03 21:10:57.526 10394 10407 I art     : Explicit concurrent mark sweep GC freed 3(96B) AllocSpace objects, 0(0B) LOS objects, 40% free, 20MB/34MB, paused 112us total 9.978ms
08-03 21:10:57.533 10394 10407 I art     : Starting a blocking GC Explicit
08-03 21:10:57.543 10394 10407 I art     : Explicit concurrent mark sweep GC freed 3(96B) AllocSpace objects, 0(0B) LOS objects, 40% free, 20MB/34MB, paused 118us total 9.191ms
08-03 21:10:57.777 10394 10406 I art     : Starting a blocking GC Explicit
08-03 21:10:57.789 10394 10406 I art     : Explicit concurrent mark sweep GC freed 1332(78KB) AllocSpace objects, 1(20KB) LOS objects, 40% free, 20MB/34MB, paused 119us total 11.408ms
08-03 21:10:57.797 10394 10406 I art     : Starting a blocking GC Explicit
08-03 21:10:57.808 10394 10406 I art     : Explicit concurrent mark sweep GC freed 20(704B) AllocSpace objects, 0(0B) LOS objects, 40% free, 20MB/34MB, paused 120us total 10.864ms
08-03 21:10:57.816 10394 10406 I art     : Starting a blocking GC Explicit
08-03 21:10:57.827 10394 10406 I art     : Explicit concurrent mark sweep GC freed 3(96B) AllocSpace objects, 0(0B) LOS objects, 40% free, 20MB/34MB, paused 113us total 10.762ms
08-03 21:10:57.835 10394 10406 I art     : Starting a blocking GC Explicit
08-03 21:10:57.846 10394 10406 I art     : Explicit concurrent mark sweep GC freed 3(96B) AllocSpace objects, 0(0B) LOS objects, 40% free, 20MB/34MB, paused 112us total 10.664ms
08-03 21:10:57.854 10394 10406 I art     : Starting a blocking GC Explicit
08-03 21:10:57.865 10394 10406 I art     : Explicit concurrent mark sweep GC freed 3(96B) AllocSpace objects, 0(0B) LOS objects, 40% free, 20MB/34MB, paused 118us total 10.793ms
08-03 21:10:58.169 10394 10423 I art     : Starting a blocking GC Explicit
08-03 21:10:58.189 10394 10423 I art     : Explicit concurrent mark sweep GC freed 1332(78KB) AllocSpace objects, 1(20KB) LOS objects, 40% free, 20MB/34MB, paused 154us total 19.381ms
08-03 21:10:58.203 10394 10423 I art     : Starting a blocking GC Explicit
08-03 21:10:58.218 10394 10423 I art     : Explicit concurrent mark sweep GC freed 20(704B) AllocSpace objects, 0(0B) LOS objects, 40% free, 20MB/34MB, paused 138us total 13.887ms
08-03 21:10:58.227 10394 10423 I art     : Starting a blocking GC Explicit
08-03 21:10:58.238 10394 10423 I art     : Explicit concurrent mark sweep GC freed 3(96B) AllocSpace objects, 0(0B) LOS objects, 40% free, 20MB/34MB, paused 114us total 10.623ms
08-03 21:10:58.246 10394 10423 I art     : Starting a blocking GC Explicit
08-03 21:10:58.257 10394 10423 I art     : Explicit concurrent mark sweep GC freed 3(96B) AllocSpace objects, 0(0B) LOS objects, 40% free, 20MB/34MB, paused 118us total 10.502ms
08-03 21:10:58.265 10394 10423 I art     : Starting a blocking GC Explicit
08-03 21:10:58.276 10394 10423 I art     : Explicit concurrent mark sweep GC freed 3(96B) AllocSpace objects, 0(0B) LOS objects, 40% free, 20MB/34MB, paused 116us total 10.756ms
08-03 21:10:58.588 10394 10407 I art     : Starting a blocking GC Explicit
08-03 21:10:58.603 10394 10407 I art     : Explicit concurrent mark sweep GC freed 1332(78KB) AllocSpace objects, 1(20KB) LOS objects, 40% free, 20MB/34MB, paused 159us total 14.591ms
08-03 21:10:58.617 10394 10407 I art     : Starting a blocking GC Explicit
08-03 21:10:58.629 10394 10407 I art     : Explicit concurrent mark sweep GC freed 20(704B) AllocSpace objects, 0(0B) LOS objects, 40% free, 20MB/34MB, paused 124us total 11.170ms
08-03 21:10:58.637 10394 10407 I art     : Starting a blocking GC Explicit
08-03 21:10:58.647 10394 10407 I art     : Explicit concurrent mark sweep GC freed 3(96B) AllocSpace objects, 0(0B) LOS objects, 40% free, 20MB/34MB, paused 116us total 10.395ms
08-03 21:10:58.655 10394 10407 I art     : Starting a blocking GC Explicit
08-03 21:10:58.665 10394 10407 I art     : Explicit concurrent mark sweep GC freed 3(96B) AllocSpace objects, 0(0B) LOS objects, 40% free, 20MB/34MB, paused 117us total 10.449ms
08-03 21:10:58.673 10394 10407 I art     : Starting a blocking GC Explicit
08-03 21:10:58.684 10394 10407 I art     : Explicit concurrent mark sweep GC freed 3(96B) AllocSpace objects, 0(0B) LOS objects, 40% free, 20MB/34MB, paused 112us total 10.362ms
08-03 21:10:59.005 10394 10406 I art     : Starting a blocking GC Explicit
08-03 21:10:59.021 10394 10406 I art     : Explicit concurrent mark sweep GC freed 1333(78KB) AllocSpace objects, 1(20KB) LOS objects, 40% free, 20MB/34MB, paused 178us total 15.775ms
08-03 21:10:59.031 10394 10406 I art     : Starting a blocking GC Explicit
08-03 21:10:59.043 10394 10406 I art     : Explicit concurrent mark sweep GC freed 20(704B) AllocSpace objects, 0(0B) LOS objects, 40% free, 20MB/34MB, paused 145us total 12.085ms
08-03 21:10:59.052 10394 10406 I art     : Starting a blocking GC Explicit
08-03 21:10:59.063 10394 10406 I art     : Explicit concurrent mark sweep GC freed 3(96B) AllocSpace objects, 0(0B) LOS objects, 40% free, 20MB/34MB, paused 136us total 11.043ms
08-03 21:10:59.071 10394 10406 I art     : Starting a blocking GC Explicit
08-03 21:10:59.075  7841  7841 I ServiceManager: Waiting for service AtCmdFwd...
08-03 21:10:59.081 10394 10406 I art     : Explicit concurrent mark sweep GC freed 3(96B) AllocSpace objects, 0(0B) LOS objects, 40% free, 20MB/34MB, paused 145us total 10.210ms
08-03 21:10:59.089 10394 10406 I art     : Starting a blocking GC Explicit
08-03 21:10:59.100 10394 10406 I art     : Explicit concurrent mark sweep GC freed 3(96B) AllocSpace objects, 0(0B) LOS objects, 40% free, 20MB/34MB, paused 134us total 10.671ms
08-03 21:10:59.397 10394 10423 I art     : Starting a blocking GC Explicit
08-03 21:10:59.410 10394 10423 I art     : Explicit concurrent mark sweep GC freed 1333(78KB) AllocSpace objects, 1(20KB) LOS objects, 40% free, 20MB/34MB, paused 144us total 12.962ms
08-03 21:10:59.420 10394 10423 I art     : Starting a blocking GC Explicit
08-03 21:10:59.434 10394 10423 I art     : Explicit concurrent mark sweep GC freed 20(704B) AllocSpace objects, 0(0B) LOS objects, 40% free, 20MB/34MB, paused 133us total 13.274ms
08-03 21:10:59.446 10394 10423 I art     : Starting a blocking GC Explicit
08-03 21:10:59.458 10394 10423 I art     : Explicit concurrent mark sweep GC freed 3(96B) AllocSpace objects, 0(0B) LOS objects, 40% free, 20MB/34MB, paused 120us total 11.731ms
08-03 21:10:59.466 10394 10423 I art     : Starting a blocking GC Explicit
08-03 21:10:59.477 10394 10423 I art     : Explicit concurrent mark sweep GC freed 3(96B) AllocSpace objects, 0(0B) LOS objects, 40% free, 20MB/34MB, paused 123us total 10.858ms
08-03 21:10:59.485 10394 10423 I art     : Starting a blocking GC Explicit
08-03 21:10:59.497 10394 10423 I art     : Explicit concurrent mark sweep GC freed 3(96B) AllocSpace objects, 0(0B) LOS objects, 40% free, 20MB/34MB, paused 182us total 10.944ms
08-03 21:10:59.816 10394 10407 I art     : Starting a blocking GC Explicit
08-03 21:10:59.833 10394 10407 I art     : Explicit concurrent mark sweep GC freed 1332(78KB) AllocSpace objects, 1(20KB) LOS objects, 40% free, 20MB/34MB, paused 164us total 15.826ms
08-03 21:10:59.844 10394 10407 I art     : Starting a blocking GC Explicit
08-03 21:10:59.858 10394 10407 I art     : Explicit concurrent mark sweep GC freed 20(704B) AllocSpace objects, 0(0B) LOS objects, 40% free, 20MB/34MB, paused 130us total 13.766ms
08-03 21:10:59.870 10394 10407 I art     : Starting a blocking GC Explicit
08-03 21:10:59.882 10394 10407 I art     : Explicit concurrent mark sweep GC freed 3(96B) AllocSpace objects, 0(0B) LOS objects, 40% free, 20MB/34MB, paused 119us total 11.774ms
08-03 21:10:59.890 10394 10407 I art     : Starting a blocking GC Explicit
08-03 21:10:59.901 10394 10407 I art     : Explicit concurrent mark sweep GC freed 3(96B) AllocSpace objects, 0(0B) LOS objects, 40% free, 20MB/34MB, paused 117us total 10.851ms
08-03 21:10:59.909 10394 10407 I art     : Starting a blocking GC Explicit
08-03 21:10:59.920 10394 10407 I art     : Explicit concurrent mark sweep GC freed 3(96B) AllocSpace objects, 0(0B) LOS objects, 40% free, 20MB/34MB, paused 111us total 10.649ms
08-03 21:11:00.075  7841  7841 I ServiceManager: Waiting for service AtCmdFwd...
08-03 21:11:00.226 10394 10406 I art     : Starting a blocking GC Explicit
08-03 21:11:00.244 10394 10406 I art     : Explicit concurrent mark sweep GC freed 1332(78KB) AllocSpace objects, 1(20KB) LOS objects, 40% free, 20MB/34MB, paused 197us total 17.211ms
08-03 21:11:00.257 10394 10406 I art     : Starting a blocking GC Explicit
08-03 21:11:00.271 10394 10406 I art     : Explicit concurrent mark sweep GC freed 20(704B) AllocSpace objects, 0(0B) LOS objects, 40% free, 20MB/34MB, paused 177us total 13.634ms
08-03 21:11:00.282 10394 10406 I art     : Starting a blocking GC Explicit
08-03 21:11:00.295 10394 10406 I art     : Explicit concurrent mark sweep GC freed 3(96B) AllocSpace objects, 0(0B) LOS objects, 40% free, 20MB/34MB, paused 137us total 12.245ms
08-03 21:11:00.303 10394 10406 I art     : Starting a blocking GC Explicit
08-03 21:11:00.314 10394 10406 I art     : Explicit concurrent mark sweep GC freed 3(96B) AllocSpace objects, 0(0B) LOS objects, 40% free, 20MB/34MB, paused 143us total 10.568ms
08-03 21:11:00.322 10394 10406 I art     : Starting a blocking GC Explicit
08-03 21:11:00.332 10394 10406 I art     : Explicit concurrent mark sweep GC freed 3(96B) AllocSpace objects, 0(0B) LOS objects, 40% free, 20MB/34MB, paused 135us total 9.914ms
08-03 21:11:00.635 10394 10423 I art     : Starting a blocking GC Explicit
08-03 21:11:00.647 10394 10423 I art     : Explicit concurrent mark sweep GC freed 1332(78KB) AllocSpace objects, 1(20KB) LOS objects, 40% free, 20MB/34MB, paused 121us total 11.165ms
08-03 21:11:00.656 10394 10423 I art     : Starting a blocking GC Explicit
08-03 21:11:00.666 10394 10423 I art     : Explicit concurrent mark sweep GC freed 20(704B) AllocSpace objects, 0(0B) LOS objects, 40% free, 20MB/34MB, paused 105us total 9.990ms
08-03 21:11:00.674 10394 10423 I art     : Starting a blocking GC Explicit
08-03 21:11:00.684 10394 10423 I art     : Explicit concurrent mark sweep GC freed 3(96B) AllocSpace objects, 0(0B) LOS objects, 40% free, 20MB/34MB, paused 106us total 9.850ms
08-03 21:11:00.692 10394 10423 I art     : Starting a blocking GC Explicit
08-03 21:11:00.701 10394 10423 I art     : Explicit concurrent mark sweep GC freed 3(96B) AllocSpace objects, 0(0B) LOS objects, 40% free, 20MB/34MB, paused 104us total 9.104ms
08-03 21:11:00.709 10394 10423 I art     : Starting a blocking GC Explicit
08-03 21:11:00.718 10394 10423 I art     : Explicit concurrent mark sweep GC freed 3(96B) AllocSpace objects, 0(0B) LOS objects, 40% free, 20MB/34MB, paused 100us total 9.267ms
08-03 21:11:01.011 10394 10407 I art     : Starting a blocking GC Explicit
08-03 21:11:01.027 10394 10407 I art     : Explicit concurrent mark sweep GC freed 1332(78KB) AllocSpace objects, 1(20KB) LOS objects, 40% free, 20MB/34MB, paused 171us total 16.025ms
08-03 21:11:01.036 10394 10407 I art     : Starting a blocking GC Explicit
08-03 21:11:01.048 10394 10407 I art     : Explicit concurrent mark sweep GC freed 20(704B) AllocSpace objects, 0(0B) LOS objects, 40% free, 20MB/34MB, paused 121us total 11.345ms
08-03 21:11:01.056 10394 10407 I art     : Starting a blocking GC Explicit
08-03 21:11:01.067 10394 10407 I art     : Explicit concurrent mark sweep GC freed 3(96B) AllocSpace objects, 0(0B) LOS objects, 40% free, 20MB/34MB, paused 133us total 10.573ms
08-03 21:11:01.075 10394 10407 I art     : Starting a blocking GC Explicit
08-03 21:11:01.076  7841  7841 I ServiceManager: Waiting for service AtCmdFwd...
08-03 21:11:01.085 10394 10407 I art     : Explicit concurrent mark sweep GC freed 3(96B) AllocSpace objects, 0(0B) LOS objects, 40% free, 20MB/34MB, paused 123us total 10.365ms
08-03 21:11:01.093 10394 10407 I art     : Starting a blocking GC Explicit
08-03 21:11:01.104 10394 10407 I art     : Explicit concurrent mark sweep GC freed 3(96B) AllocSpace objects, 0(0B) LOS objects, 40% free, 20MB/34MB, paused 112us total 10.488ms
08-03 21:11:01.400 10394 10406 I art     : Starting a blocking GC Explicit
08-03 21:11:01.414 10394 10406 I art     : Explicit concurrent mark sweep GC freed 1332(78KB) AllocSpace objects, 1(20KB) LOS objects, 40% free, 20MB/34MB, paused 172us total 12.913ms
08-03 21:11:01.422 10394 10406 I art     : Starting a blocking GC Explicit
08-03 21:11:01.433 10394 10406 I art     : Explicit concurrent mark sweep GC freed 20(704B) AllocSpace objects, 0(0B) LOS objects, 40% free, 20MB/34MB, paused 158us total 10.677ms
08-03 21:11:01.441 10394 10406 I art     : Starting a blocking GC Explicit
08-03 21:11:01.452 10394 10406 I art     : Explicit concurrent mark sweep GC freed 3(96B) AllocSpace objects, 0(0B) LOS objects, 40% free, 20MB/34MB, paused 138us total 10.482ms
08-03 21:11:01.460 10394 10406 I art     : Starting a blocking GC Explicit
08-03 21:11:01.470 10394 10406 I art     : Explicit concurrent mark sweep GC freed 3(96B) AllocSpace objects, 0(0B) LOS objects, 40% free, 20MB/34MB, paused 137us total 10.088ms
08-03 21:11:01.478 10394 10406 I art     : Starting a blocking GC Explicit
08-03 21:11:01.488 10394 10406 I art     : Explicit concurrent mark sweep GC freed 3(96B) AllocSpace objects, 0(0B) LOS objects, 40% free, 20MB/34MB, paused 143us total 9.824ms
08-03 21:11:01.715 10394 10423 I art     : Starting a blocking GC Explicit
08-03 21:11:01.726 10394 10423 I art     : Explicit concurrent mark sweep GC freed 1332(78KB) AllocSpace objects, 1(20KB) LOS objects, 40% free, 20MB/34MB, paused 121us total 10.864ms
08-03 21:11:01.734 10394 10423 I art     : Starting a blocking GC Explicit
08-03 21:11:01.744 10394 10423 I art     : Explicit concurrent mark sweep GC freed 20(704B) AllocSpace objects, 0(0B) LOS objects, 40% free, 20MB/34MB, paused 117us total 10.327ms
08-03 21:11:01.752 10394 10423 I art     : Starting a blocking GC Explicit
08-03 21:11:01.763 10394 10423 I art     : Explicit concurrent mark sweep GC freed 3(96B) AllocSpace objects, 0(0B) LOS objects, 40% free, 20MB/34MB, paused 115us total 10.773ms
08-03 21:11:01.771 10394 10423 I art     : Starting a blocking GC Explicit
08-03 21:11:01.781 10394 10423 I art     : Explicit concurrent mark sweep GC freed 3(96B) AllocSpace objects, 0(0B) LOS objects, 40% free, 20MB/34MB, paused 108us total 9.988ms
08-03 21:11:01.789 10394 10423 I art     : Starting a blocking GC Explicit
08-03 21:11:01.799 10394 10423 I art     : Explicit concurrent mark sweep GC freed 3(96B) AllocSpace objects, 0(0B) LOS objects, 40% free, 20MB/34MB, paused 108us total 10.167ms
08-03 21:11:01.921 10594 10594 D AndroidRuntime: >>>>>> START com.android.internal.os.RuntimeInit uid 2000 <<<<<<
08-03 21:11:01.929 10594 10594 D AndroidRuntime: CheckJNI is OFF
08-03 21:11:01.954 10594 10594 D ICU     : No timezone override file found: /data/misc/zoneinfo/current/icu/icu_tzdata.dat
08-03 21:11:01.978 10594 10594 I Radio-JNI: register_android_hardware_Radio DONE
08-03 21:11:01.994 10594 10594 D AndroidRuntime: Calling main entry com.android.commands.input.Input
08-03 21:11:01.995 10594 10594 I Input   : injectMotionEvent: MotionEvent { action=ACTION_DOWN, actionButton=0, id[0]=0, x[0]=720.0, y[0]=1440.0, toolType[0]=TOOL_TYPE_UNKNOWN, buttonState=0, metaState=0, flags=0x0, edgeFlags=0x0, pointerCount=1, historySize=0, eventTime=652278408, downTime=652278408, deviceId=0, source=0x1002 }
08-03 21:11:02.000 10594 10594 I Input   : injectMotionEvent: MotionEvent { action=ACTION_UP, actionButton=0, id[0]=0, x[0]=720.0, y[0]=1440.0, toolType[0]=TOOL_TYPE_UNKNOWN, buttonState=0, metaState=0, flags=0x0, edgeFlags=0x0, pointerCount=1, historySize=0, eventTime=652278408, downTime=652278408, deviceId=0, source=0x1002 }
08-03 21:11:02.001 10594 10594 D AndroidRuntime: Shutting down VM
08-03 21:11:02.005   512  2967 D audio_hw_primary: out_set_parameters: enter: usecase(1: low-latency-playback) kvpairs: routing=2
08-03 21:11:02.013 13866 13866 I GoogleInputMethodServic: GoogleInputMethodService.onFinishInput():3138 
08-03 21:11:02.015 13866 13866 I GoogleInputMethodServic: GoogleInputMethodService.onStartInput():1808 
08-03 21:11:02.018   512  2967 D audio_hw_primary: select_devices: out_snd_device(2: speaker) in_snd_device(0: none)
08-03 21:11:02.019   512  2967 D msm8974_platform: platform_send_audio_calibration: sending audio calibration for snd_device(2) acdb_id(15)
08-03 21:11:02.019   512  2967 I soundtrigger: audio_extn_sound_trigger_update_device_status: device 0x2 of type 0 for Event 1
08-03 21:11:02.030   512  2967 D audio_hw_primary: enable_snd_device: snd_device(2: speaker)
08-03 21:11:02.032   512  2967 D audio_hw_primary: enable_audio_route: apply and update mixer path: low-latency-playback speaker
08-03 21:11:02.057 10394 10406 I art     : Starting a blocking GC Explicit
08-03 21:11:02.069 10394 10406 I art     : Explicit concurrent mark sweep GC freed 1447(82KB) AllocSpace objects, 1(20KB) LOS objects, 40% free, 20MB/34MB, paused 139us total 11.665ms
08-03 21:11:02.076  7841  7841 I ServiceManager: Waiting for service AtCmdFwd...
08-03 21:11:02.078 10394 10406 I art     : Starting a blocking GC Explicit
08-03 21:11:02.088 10394 10406 I art     : Explicit concurrent mark sweep GC freed 991(69KB) AllocSpace objects, 1(76KB) LOS objects, 40% free, 20MB/34MB, paused 104us total 9.502ms
08-03 21:11:02.095 10394 10406 I art     : Starting a blocking GC Explicit
08-03 21:11:02.105 10394 10406 I art     : Explicit concurrent mark sweep GC freed 3(96B) AllocSpace objects, 0(0B) LOS objects, 40% free, 20MB/34MB, paused 108us total 9.300ms
08-03 21:11:02.112 10394 10406 I art     : Starting a blocking GC Explicit
08-03 21:11:02.122 10394 10406 I art     : Explicit concurrent mark sweep GC freed 3(96B) AllocSpace objects, 0(0B) LOS objects, 40% free, 20MB/34MB, paused 111us total 9.110ms
08-03 21:11:02.129 10394 10406 I art     : Starting a blocking GC Explicit
08-03 21:11:02.138 10394 10406 I art     : Explicit concurrent mark sweep GC freed 3(96B) AllocSpace objects, 0(0B) LOS objects, 40% free, 20MB/34MB, paused 104us total 9.239ms
08-03 21:11:02.199   380   380 W SurfaceFlinger: couldn't log to binary event log: overflow.
08-03 21:11:02.337 10394 10407 I art     : Starting a blocking GC Explicit
08-03 21:11:02.347 10394 10407 I art     : Explicit concurrent mark sweep GC freed 1332(78KB) AllocSpace objects, 1(20KB) LOS objects, 40% free, 20MB/34MB, paused 121us total 9.862ms
08-03 21:11:02.355 10394 10407 I art     : Starting a blocking GC Explicit
08-03 21:11:02.364 10394 10407 I art     : Explicit concurrent mark sweep GC freed 20(704B) AllocSpace objects, 0(0B) LOS objects, 40% free, 20MB/34MB, paused 118us total 9.289ms
08-03 21:11:02.372 10394 10407 I art     : Starting a blocking GC Explicit
08-03 21:11:02.381 10394 10407 I art     : Explicit concurrent mark sweep GC freed 3(96B) AllocSpace objects, 0(0B) LOS objects, 40% free, 20MB/34MB, paused 124us total 9.673ms
08-03 21:11:02.389 10394 10407 I art     : Starting a blocking GC Explicit
08-03 21:11:02.399 10394 10407 I art     : Explicit concurrent mark sweep GC freed 3(96B) AllocSpace objects, 0(0B) LOS objects, 40% free, 20MB/34MB, paused 117us total 9.628ms
08-03 21:11:02.407 10394 10407 I art     : Starting a blocking GC Explicit
08-03 21:11:02.416 10394 10407 I art     : Explicit concurrent mark sweep GC freed 3(96B) AllocSpace objects, 0(0B) LOS objects, 40% free, 20MB/34MB, paused 121us total 9.656ms
08-03 21:11:02.533 10629 10629 D AndroidRuntime: >>>>>> START com.android.internal.os.RuntimeInit uid 2000 <<<<<<
08-03 21:11:02.538 10629 10629 D AndroidRuntime: CheckJNI is OFF
08-03 21:11:02.561 10629 10629 D ICU     : No timezone override file found: /data/misc/zoneinfo/current/icu/icu_tzdata.dat
08-03 21:11:02.569   512  2967 D audio_hw_primary: disable_audio_route: reset and update mixer path: low-latency-playback speaker
08-03 21:11:02.570   512  2967 D audio_hw_primary: disable_snd_device: snd_device(2: speaker)
08-03 21:11:02.578   512  2967 I soundtrigger: audio_extn_sound_trigger_update_device_status: device 0x2 of type 0 for Event 0
08-03 21:11:02.586 10629 10629 I Radio-JNI: register_android_hardware_Radio DONE
08-03 21:11:02.602 10629 10629 D AndroidRuntime: Calling main entry com.android.commands.input.Input
08-03 21:11:02.603 10629 10629 I Input   : injectMotionEvent: MotionEvent { action=ACTION_DOWN, actionButton=0, id[0]=0, x[0]=1345.0, y[0]=165.0, toolType[0]=TOOL_TYPE_UNKNOWN, buttonState=0, metaState=0, flags=0x0, edgeFlags=0x0, pointerCount=1, historySize=0, eventTime=652279016, downTime=652279016, deviceId=0, source=0x1002 }
08-03 21:11:02.608 10629 10629 I Input   : injectMotionEvent: MotionEvent { action=ACTION_UP, actionButton=0, id[0]=0, x[0]=1345.0, y[0]=165.0, toolType[0]=TOOL_TYPE_UNKNOWN, buttonState=0, metaState=0, flags=0x0, edgeFlags=0x0, pointerCount=1, historySize=0, eventTime=652279016, downTime=652279016, deviceId=0, source=0x1002 }
08-03 21:11:02.609 10629 10629 D AndroidRuntime: Shutting down VM
08-03 21:11:02.623   512  2967 D audio_hw_primary: out_set_parameters: enter: usecase(1: low-latency-playback) kvpairs: routing=2
08-03 21:11:02.628 10394 10394 W art     : Before Android 4.1, method int androidx.appcompat.widget.DropDownListView.lookForSelectablePosition(int, boolean) would have incorrectly overridden the package-private method in android.widget.ListView
08-03 21:11:02.633 10394 10394 W art     : Before Android 4.1, method int androidx.appcompat.widget.MenuPopupWindow$MenuDropDownListView.lookForSelectablePosition(int, boolean) would have incorrectly overridden the package-private method in android.widget.ListView
08-03 21:11:02.634 10394 10394 I ListPopupWindow: Could not find method setEpicenterBounds(Rect) on PopupWindow. Oh well.
08-03 21:11:02.636   512  2967 D audio_hw_primary: select_devices: out_snd_device(2: speaker) in_snd_device(0: none)
08-03 21:11:02.636   512  2967 D msm8974_platform: platform_send_audio_calibration: sending audio calibration for snd_device(2) acdb_id(15)
08-03 21:11:02.636   512  2967 I soundtrigger: audio_extn_sound_trigger_update_device_status: device 0x2 of type 0 for Event 1
08-03 21:11:02.645   512  2967 D audio_hw_primary: enable_snd_device: snd_device(2: speaker)
08-03 21:11:02.647   512  2967 D audio_hw_primary: enable_audio_route: apply and update mixer path: low-latency-playback speaker
08-03 21:11:02.661 10394 10407 I art     : Starting a blocking GC Explicit
08-03 21:11:02.672 10394 10407 I art     : Explicit concurrent mark sweep GC freed 1854(205KB) AllocSpace objects, 1(20KB) LOS objects, 40% free, 20MB/34MB, paused 163us total 11.330ms
08-03 21:11:02.680 10394 10407 I art     : Starting a blocking GC Explicit
08-03 21:11:02.689   512  2967 D AudioFlinger: mixer(0xf4740000) throttle end: throttle time(12)
08-03 21:11:02.691 10394 10407 I art     : Explicit concurrent mark sweep GC freed 447(22KB) AllocSpace objects, 0(0B) LOS objects, 40% free, 20MB/34MB, paused 135us total 10.601ms
08-03 21:11:02.699 10394 10407 I art     : Starting a blocking GC Explicit
08-03 21:11:02.710 10394 10407 I art     : Explicit concurrent mark sweep GC freed 81(7KB) AllocSpace objects, 0(0B) LOS objects, 40% free, 20MB/34MB, paused 131us total 11.111ms
08-03 21:11:02.719 10394 10407 I art     : Starting a blocking GC Explicit
08-03 21:11:02.729 10394 10407 I art     : Explicit concurrent mark sweep GC freed 87(3KB) AllocSpace objects, 0(0B) LOS objects, 40% free, 20MB/34MB, paused 122us total 10.385ms
08-03 21:11:02.738 10394 10407 I art     : Starting a blocking GC Explicit
08-03 21:11:02.748 10394 10407 I art     : Explicit concurrent mark sweep GC freed 390(29KB) AllocSpace objects, 0(0B) LOS objects, 40% free, 20MB/34MB, paused 150us total 10.103ms
08-03 21:11:02.942   518   646 I ThermalEngine: ACTION: GPU - Setting GPU[0] to 510000000
08-03 21:11:02.987 10394 10423 I art     : Starting a blocking GC Explicit
08-03 21:11:03.000 10394 10423 I art     : Explicit concurrent mark sweep GC freed 1953(108KB) AllocSpace objects, 1(20KB) LOS objects, 40% free, 20MB/34MB, paused 154us total 12.795ms
08-03 21:11:03.011 10394 10423 I art     : Starting a blocking GC Explicit
08-03 21:11:03.023 10394 10423 I art     : Explicit concurrent mark sweep GC freed 28(1200B) AllocSpace objects, 0(0B) LOS objects, 40% free, 20MB/34MB, paused 140us total 12.075ms
08-03 21:11:03.033 10394 10423 I art     : Starting a blocking GC Explicit
08-03 21:11:03.045 10394 10423 I art     : Explicit concurrent mark sweep GC freed 9(288B) AllocSpace objects, 0(0B) LOS objects, 40% free, 20MB/34MB, paused 144us total 12.290ms
08-03 21:11:03.055 10394 10423 I art     : Starting a blocking GC Explicit
08-03 21:11:03.068 10394 10423 I art     : Explicit concurrent mark sweep GC freed 3(96B) AllocSpace objects, 0(0B) LOS objects, 40% free, 20MB/34MB, paused 138us total 12.493ms
08-03 21:11:03.076  7841  7841 I ServiceManager: Waiting for service AtCmdFwd...
08-03 21:11:03.077 10394 10423 I art     : Starting a blocking GC Explicit
08-03 21:11:03.090 10394 10423 I art     : Explicit concurrent mark sweep GC freed 5(192B) AllocSpace objects, 0(0B) LOS objects, 40% free, 20MB/34MB, paused 134us total 12.242ms
08-03 21:11:03.178   512  2967 D audio_hw_primary: disable_audio_route: reset and update mixer path: low-latency-playback speaker
08-03 21:11:03.179   512  2967 D audio_hw_primary: disable_snd_device: snd_device(2: speaker)
08-03 21:11:03.188   512  2967 I soundtrigger: audio_extn_sound_trigger_update_device_status: device 0x2 of type 0 for Event 0
08-03 21:11:03.196 10662 10662 D AndroidRuntime: >>>>>> START com.android.internal.os.RuntimeInit uid 2000 <<<<<<
08-03 21:11:03.201 10662 10662 D AndroidRuntime: CheckJNI is OFF
08-03 21:11:03.233 10662 10662 D ICU     : No timezone override file found: /data/misc/zoneinfo/current/icu/icu_tzdata.dat
08-03 21:11:03.264 10662 10662 I Radio-JNI: register_android_hardware_Radio DONE
08-03 21:11:03.285 10662 10662 D AndroidRuntime: Calling main entry com.android.commands.input.Input
08-03 21:11:03.286 10662 10662 I Input   : injectMotionEvent: MotionEvent { action=ACTION_DOWN, actionButton=0, id[0]=0, x[0]=940.0, y[0]=501.0, toolType[0]=TOOL_TYPE_UNKNOWN, buttonState=0, metaState=0, flags=0x0, edgeFlags=0x0, pointerCount=1, historySize=0, eventTime=652279699, downTime=652279699, deviceId=0, source=0x1002 }
08-03 21:11:03.292 10662 10662 I Input   : injectMotionEvent: MotionEvent { action=ACTION_UP, actionButton=0, id[0]=0, x[0]=940.0, y[0]=501.0, toolType[0]=TOOL_TYPE_UNKNOWN, buttonState=0, metaState=0, flags=0x0, edgeFlags=0x0, pointerCount=1, historySize=0, eventTime=652279699, downTime=652279699, deviceId=0, source=0x1002 }
08-03 21:11:03.294 10662 10662 D AndroidRuntime: Shutting down VM
08-03 21:11:03.344 10394 10406 I art     : Starting a blocking GC Explicit
08-03 21:11:03.358 10394 10406 I art     : Explicit concurrent mark sweep GC freed 1352(78KB) AllocSpace objects, 1(20KB) LOS objects, 40% free, 20MB/34MB, paused 150us total 12.983ms
08-03 21:11:03.360   512  2967 D audio_hw_primary: out_set_parameters: enter: usecase(1: low-latency-playback) kvpairs: routing=2
08-03 21:11:03.361   918  3359 I ActivityManager: START u0 {cmp=baseline.org.quantumbadger.redreader/.settings.SettingsActivity} from uid 10634 on display 0
08-03 21:11:03.367 10394 10406 I art     : Starting a blocking GC Explicit
08-03 21:11:03.373   512  2967 D audio_hw_primary: select_devices: out_snd_device(2: speaker) in_snd_device(0: none)
08-03 21:11:03.373   512  2967 D msm8974_platform: platform_send_audio_calibration: sending audio calibration for snd_device(2) acdb_id(15)
08-03 21:11:03.373   512  2967 I soundtrigger: audio_extn_sound_trigger_update_device_status: device 0x2 of type 0 for Event 1
08-03 21:11:03.374 13866 13866 I GoogleInputMethodServic: GoogleInputMethodService.onFinishInput():3138 
08-03 21:11:03.376 13866 13866 I GoogleInputMethodServic: GoogleInputMethodService.onStartInput():1808 
08-03 21:11:03.381 10394 10406 I art     : Explicit concurrent mark sweep GC freed 399(33KB) AllocSpace objects, 0(0B) LOS objects, 40% free, 20MB/34MB, paused 165us total 13.601ms
08-03 21:11:03.386   512  2967 D audio_hw_primary: enable_snd_device: snd_device(2: speaker)
08-03 21:11:03.388   512  2967 D audio_hw_primary: enable_audio_route: apply and update mixer path: low-latency-playback speaker
08-03 21:11:03.391 10394 10406 I art     : Starting a blocking GC Explicit
08-03 21:11:03.406 10394 10406 I art     : Explicit concurrent mark sweep GC freed 383(67KB) AllocSpace objects, 0(0B) LOS objects, 40% free, 21MB/35MB, paused 355us total 14.778ms
08-03 21:11:03.416 10394 10406 I art     : Starting a blocking GC Explicit
08-03 21:11:03.429   512  2967 D AudioFlinger: mixer(0xf4740000) throttle end: throttle time(12)
08-03 21:11:03.432 10394 10406 I art     : Explicit concurrent mark sweep GC freed 489(73KB) AllocSpace objects, 0(0B) LOS objects, 40% free, 21MB/35MB, paused 194us total 15.377ms
08-03 21:11:03.443 10394 10406 I art     : Starting a blocking GC Explicit
08-03 21:11:03.457 10394 10406 I art     : Explicit concurrent mark sweep GC freed 102(4KB) AllocSpace objects, 0(0B) LOS objects, 40% free, 21MB/35MB, paused 160us total 13.669ms
08-03 21:11:03.503   918   936 I ActivityManager: Displayed baseline.org.quantumbadger.redreader/.settings.SettingsActivity: +126ms
08-03 21:11:03.503 13866 13866 I GoogleInputMethodServic: GoogleInputMethodService.onFinishInput():3138 
08-03 21:11:03.506 13866 13866 I GoogleInputMethodServic: GoogleInputMethodService.onStartInput():1808 
08-03 21:11:03.544 10394 10418 D OpenGLRenderer: endAllStagingAnimators on 0x7f94989000 (MenuPopupWindow$MenuDropDownListView) with handle 0x7f8031f060
08-03 21:11:03.687 10394 10423 I art     : Starting a blocking GC Explicit
08-03 21:11:03.701 10394 10423 I art     : Explicit concurrent mark sweep GC freed 1928(105KB) AllocSpace objects, 1(20KB) LOS objects, 40% free, 21MB/35MB, paused 152us total 13.974ms
08-03 21:11:03.712 10394 10423 I art     : Starting a blocking GC Explicit
08-03 21:11:03.725 10394 10423 I art     : Explicit concurrent mark sweep GC freed 186(7KB) AllocSpace objects, 0(0B) LOS objects, 40% free, 21MB/35MB, paused 146us total 13.482ms
08-03 21:11:03.735 10394 10423 I art     : Starting a blocking GC Explicit
08-03 21:11:03.749 10394 10423 I art     : Explicit concurrent mark sweep GC freed 3(96B) AllocSpace objects, 0(0B) LOS objects, 40% free, 21MB/35MB, paused 152us total 13.823ms
08-03 21:11:03.752   380   380 W SurfaceFlinger: couldn't log to binary event log: overflow.
08-03 21:11:03.760 10394 10423 I art     : Starting a blocking GC Explicit
08-03 21:11:03.773 10394 10423 I art     : Explicit concurrent mark sweep GC freed 3(96B) AllocSpace objects, 0(0B) LOS objects, 40% free, 21MB/35MB, paused 142us total 13.109ms
08-03 21:11:03.783 10394 10423 I art     : Starting a blocking GC Explicit
08-03 21:11:03.796 10394 10423 I art     : Explicit concurrent mark sweep GC freed 3(96B) AllocSpace objects, 0(0B) LOS objects, 40% free, 21MB/35MB, paused 141us total 12.936ms
08-03 21:11:03.910 10696 10696 D AndroidRuntime: >>>>>> START com.android.internal.os.RuntimeInit uid 2000 <<<<<<
08-03 21:11:03.914 10696 10696 D AndroidRuntime: CheckJNI is OFF
08-03 21:11:03.919   512  2967 D audio_hw_primary: disable_audio_route: reset and update mixer path: low-latency-playback speaker
08-03 21:11:03.919   512  2967 D audio_hw_primary: disable_snd_device: snd_device(2: speaker)
08-03 21:11:03.927   512  2967 I soundtrigger: audio_extn_sound_trigger_update_device_status: device 0x2 of type 0 for Event 0
08-03 21:11:03.944 10696 10696 D ICU     : No timezone override file found: /data/misc/zoneinfo/current/icu/icu_tzdata.dat
08-03 21:11:03.975 10696 10696 I Radio-JNI: register_android_hardware_Radio DONE
08-03 21:11:03.996 10696 10696 D AndroidRuntime: Calling main entry com.android.commands.input.Input
08-03 21:11:03.998 10696 10696 I Input   : injectMotionEvent: MotionEvent { action=ACTION_DOWN, actionButton=0, id[0]=0, x[0]=216.0, y[0]=853.0, toolType[0]=TOOL_TYPE_UNKNOWN, buttonState=0, metaState=0, flags=0x0, edgeFlags=0x0, pointerCount=1, historySize=0, eventTime=652280411, downTime=652280411, deviceId=0, source=0x1002 }
08-03 21:11:04.002 10696 10696 I Input   : injectMotionEvent: MotionEvent { action=ACTION_UP, actionButton=0, id[0]=0, x[0]=216.0, y[0]=853.0, toolType[0]=TOOL_TYPE_UNKNOWN, buttonState=0, metaState=0, flags=0x0, edgeFlags=0x0, pointerCount=1, historySize=0, eventTime=652280411, downTime=652280411, deviceId=0, source=0x1002 }
08-03 21:11:04.004 10696 10696 D AndroidRuntime: Shutting down VM
08-03 21:11:04.046 10394 10407 I art     : Starting a blocking GC Explicit
08-03 21:11:04.061 10394 10407 I art     : Explicit concurrent mark sweep GC freed 1465(85KB) AllocSpace objects, 1(20KB) LOS objects, 40% free, 21MB/35MB, paused 152us total 15.243ms
08-03 21:11:04.070   918   929 I ActivityManager: START u0 {act=android.intent.action.MAIN cmp=baseline.org.quantumbadger.redreader/.settings.SettingsActivity (has extras)} from uid 10634 on display 0
08-03 21:11:04.071   512  2967 D audio_hw_primary: out_set_parameters: enter: usecase(1: low-latency-playback) kvpairs: routing=2
08-03 21:11:04.072 10394 10407 I art     : Starting a blocking GC Explicit
08-03 21:11:04.077  7841  7841 W Atfwd_Sendcmd: AtCmdFwd service not published, waiting... retryCnt : 2
08-03 21:11:04.084   512  2967 D audio_hw_primary: select_devices: out_snd_device(2: speaker) in_snd_device(0: none)
08-03 21:11:04.084   512  2967 D msm8974_platform: platform_send_audio_calibration: sending audio calibration for snd_device(2) acdb_id(15)
08-03 21:11:04.084   512  2967 I soundtrigger: audio_extn_sound_trigger_update_device_status: device 0x2 of type 0 for Event 1
08-03 21:11:04.087 10394 10407 I art     : Explicit concurrent mark sweep GC freed 334(17KB) AllocSpace objects, 0(0B) LOS objects, 40% free, 21MB/35MB, paused 235us total 14.664ms
08-03 21:11:04.097   512  2967 D audio_hw_primary: enable_snd_device: snd_device(2: speaker)
08-03 21:11:04.098 10394 10407 I art     : Starting a blocking GC Explicit
08-03 21:11:04.099   512  2967 D audio_hw_primary: enable_audio_route: apply and update mixer path: low-latency-playback speaker
08-03 21:11:04.121 10394 10407 I art     : Explicit concurrent mark sweep GC freed 401(48KB) AllocSpace objects, 0(0B) LOS objects, 40% free, 21MB/35MB, paused 7.444ms total 22.481ms
08-03 21:11:04.131 10394 10407 I art     : Starting a blocking GC Explicit
08-03 21:11:04.140   512  2967 D AudioFlinger: mixer(0xf4740000) throttle end: throttle time(12)
08-03 21:11:04.149 10394 10407 I art     : Explicit concurrent mark sweep GC freed 649(74KB) AllocSpace objects, 1(20KB) LOS objects, 40% free, 21MB/35MB, paused 290us total 17.043ms
08-03 21:11:04.159 10394 10407 I art     : Starting a blocking GC Explicit
08-03 21:11:04.174 10394 10407 I art     : Explicit concurrent mark sweep GC freed 103(5KB) AllocSpace objects, 0(0B) LOS objects, 40% free, 21MB/35MB, paused 202us total 15.037ms
08-03 21:11:04.411 10394 10406 I art     : Starting a blocking GC Explicit
08-03 21:11:04.421 13866 13866 I GoogleInputMethodServic: GoogleInputMethodService.onFinishInput():3138 
08-03 21:11:04.423 13866 13866 I GoogleInputMethodServic: GoogleInputMethodService.onStartInput():1808 
08-03 21:11:04.423   918   936 I ActivityManager: Displayed baseline.org.quantumbadger.redreader/.settings.SettingsActivity: +337ms
08-03 21:11:04.441 10394 10406 I art     : Explicit concurrent mark sweep GC freed 78731(3MB) AllocSpace objects, 1(20KB) LOS objects, 40% free, 22MB/37MB, paused 269us total 29.707ms
08-03 21:11:04.453 10394 10406 I art     : Starting a blocking GC Explicit
08-03 21:11:04.460 10394 10418 D OpenGLRenderer: endAllStagingAnimators on 0x7f8061d000 (ListView) with handle 0x7f8047b940
08-03 21:11:04.472 10394 10406 I art     : Explicit concurrent mark sweep GC freed 2708(232KB) AllocSpace objects, 0(0B) LOS objects, 40% free, 22MB/36MB, paused 163us total 19.410ms
08-03 21:11:04.484 10394 10406 I art     : Starting a blocking GC Explicit
08-03 21:11:04.500 10394 10406 I art     : Explicit concurrent mark sweep GC freed 75(3056B) AllocSpace objects, 0(0B) LOS objects, 40% free, 22MB/36MB, paused 163us total 16.515ms
08-03 21:11:04.512 10394 10406 I art     : Starting a blocking GC Explicit
08-03 21:11:04.530 10394 10406 I art     : Explicit concurrent mark sweep GC freed 3(96B) AllocSpace objects, 0(0B) LOS objects, 40% free, 22MB/36MB, paused 152us total 17.186ms
08-03 21:11:04.541 10394 10406 I art     : Starting a blocking GC Explicit
08-03 21:11:04.558 10394 10406 I art     : Explicit concurrent mark sweep GC freed 3(96B) AllocSpace objects, 0(0B) LOS objects, 40% free, 22MB/36MB, paused 153us total 17.016ms
08-03 21:11:04.629   512  2967 D audio_hw_primary: disable_audio_route: reset and update mixer path: low-latency-playback speaker
08-03 21:11:04.630   512  2967 D audio_hw_primary: disable_snd_device: snd_device(2: speaker)
08-03 21:11:04.641   512  2967 I soundtrigger: audio_extn_sound_trigger_update_device_status: device 0x2 of type 0 for Event 0
08-03 21:11:04.643 10729 10729 D AndroidRuntime: >>>>>> START com.android.internal.os.RuntimeInit uid 2000 <<<<<<
08-03 21:11:04.650 10729 10729 D AndroidRuntime: CheckJNI is OFF
08-03 21:11:04.670   380   380 W SurfaceFlinger: couldn't log to binary event log: overflow.
08-03 21:11:04.689 10729 10729 D ICU     : No timezone override file found: /data/misc/zoneinfo/current/icu/icu_tzdata.dat
08-03 21:11:04.718 10729 10729 I Radio-JNI: register_android_hardware_Radio DONE
08-03 21:11:04.739 10729 10729 D AndroidRuntime: Calling main entry com.android.commands.input.Input
08-03 21:11:04.740 10729 10729 I Input   : injectMotionEvent: MotionEvent { action=ACTION_DOWN, actionButton=0, id[0]=0, x[0]=1318.0, y[0]=1194.0, toolType[0]=TOOL_TYPE_UNKNOWN, buttonState=0, metaState=0, flags=0x0, edgeFlags=0x0, pointerCount=1, historySize=0, eventTime=652281153, downTime=652281153, deviceId=0, source=0x1002 }
08-03 21:11:04.744 10729 10729 I Input   : injectMotionEvent: MotionEvent { action=ACTION_UP, actionButton=0, id[0]=0, x[0]=1318.0, y[0]=1194.0, toolType[0]=TOOL_TYPE_UNKNOWN, buttonState=0, metaState=0, flags=0x0, edgeFlags=0x0, pointerCount=1, historySize=0, eventTime=652281153, downTime=652281153, deviceId=0, source=0x1002 }
08-03 21:11:04.746 10729 10729 D AndroidRuntime: Shutting down VM
08-03 21:11:04.806 10394 10741 I art     : Starting a blocking GC Explicit
08-03 21:11:04.811   512  2967 D audio_hw_primary: out_set_parameters: enter: usecase(1: low-latency-playback) kvpairs: routing=2
08-03 21:11:04.824   512  2967 D audio_hw_primary: select_devices: out_snd_device(2: speaker) in_snd_device(0: none)
08-03 21:11:04.824   512  2967 D msm8974_platform: platform_send_audio_calibration: sending audio calibration for snd_device(2) acdb_id(15)
08-03 21:11:04.825   512  2967 I soundtrigger: audio_extn_sound_trigger_update_device_status: device 0x2 of type 0 for Event 1
08-03 21:11:04.825 10394 10741 I art     : Explicit concurrent mark sweep GC freed 1710(106KB) AllocSpace objects, 2(40KB) LOS objects, 40% free, 22MB/36MB, paused 432us total 18.128ms
08-03 21:11:04.834   512  2967 D audio_hw_primary: enable_snd_device: snd_device(2: speaker)
08-03 21:11:04.836 10394 10741 I art     : Starting a blocking GC Explicit
08-03 21:11:04.836   512  2967 D audio_hw_primary: enable_audio_route: apply and update mixer path: low-latency-playback speaker
08-03 21:11:04.854 10394 10741 I art     : Explicit concurrent mark sweep GC freed 381(19KB) AllocSpace objects, 0(0B) LOS objects, 40% free, 22MB/36MB, paused 164us total 17.947ms
08-03 21:11:04.855 10394 10405 I art     : WaitForGcToComplete blocked for 18.166ms for cause HeapTrim
08-03 21:11:04.865 10394 10741 I art     : Starting a blocking GC Explicit
08-03 21:11:04.877   512  2967 D AudioFlinger: mixer(0xf4740000) throttle end: throttle time(12)
08-03 21:11:04.882 10394 10741 I art     : Explicit concurrent mark sweep GC freed 26(1072B) AllocSpace objects, 0(0B) LOS objects, 40% free, 22MB/36MB, paused 164us total 16.744ms
08-03 21:11:04.893 10394 10741 I art     : Starting a blocking GC Explicit
08-03 21:11:04.910 10394 10741 I art     : Explicit concurrent mark sweep GC freed 16(608B) AllocSpace objects, 0(0B) LOS objects, 40% free, 22MB/36MB, paused 164us total 16.940ms
08-03 21:11:04.922 10394 10741 I art     : Starting a blocking GC Explicit
08-03 21:11:04.939 10394 10741 I art     : Explicit concurrent mark sweep GC freed 21(768B) AllocSpace objects, 0(0B) LOS objects, 40% free, 22MB/36MB, paused 187us total 17.182ms
08-03 21:11:04.947   518   646 I ThermalEngine: ACTION: GPU - Setting GPU[0] to 450000000
08-03 21:11:05.212 10394 10423 I art     : Starting a blocking GC Explicit
08-03 21:11:05.236 10394 10423 I art     : Explicit concurrent mark sweep GC freed 1509(85KB) AllocSpace objects, 1(20KB) LOS objects, 40% free, 22MB/36MB, paused 212us total 23.619ms
08-03 21:11:05.251 10394 10423 I art     : Starting a blocking GC Explicit
08-03 21:11:05.274 10394 10423 I art     : Explicit concurrent mark sweep GC freed 77(2672B) AllocSpace objects, 0(0B) LOS objects, 40% free, 22MB/36MB, paused 208us total 22.504ms
08-03 21:11:05.289 10394 10423 I art     : Starting a blocking GC Explicit
08-03 21:11:05.310 10394 10423 I art     : Explicit concurrent mark sweep GC freed 21(768B) AllocSpace objects, 0(0B) LOS objects, 40% free, 22MB/36MB, paused 203us total 21.192ms
08-03 21:11:05.325 10394 10423 I art     : Starting a blocking GC Explicit
08-03 21:11:05.347 10394 10423 I art     : Explicit concurrent mark sweep GC freed 19(704B) AllocSpace objects, 0(0B) LOS objects, 40% free, 22MB/36MB, paused 227us total 22.544ms
08-03 21:11:05.362 10394 10423 I art     : Starting a blocking GC Explicit
08-03 21:11:05.369   512  2967 D audio_hw_primary: disable_audio_route: reset and update mixer path: low-latency-playback speaker
08-03 21:11:05.370   512  2967 D audio_hw_primary: disable_snd_device: snd_device(2: speaker)
08-03 21:11:05.378   512  2967 I soundtrigger: audio_extn_sound_trigger_update_device_status: device 0x2 of type 0 for Event 0
08-03 21:11:05.385 10394 10423 I art     : Explicit concurrent mark sweep GC freed 45(2000B) AllocSpace objects, 0(0B) LOS objects, 40% free, 22MB/36MB, paused 224us total 22.457ms
08-03 21:11:05.501 10762 10762 D AndroidRuntime: >>>>>> START com.android.internal.os.RuntimeInit uid 2000 <<<<<<
08-03 21:11:05.507 10762 10762 D AndroidRuntime: CheckJNI is OFF
08-03 21:11:05.549 10762 10762 D ICU     : No timezone override file found: /data/misc/zoneinfo/current/icu/icu_tzdata.dat
08-03 21:11:05.591 10762 10762 I Radio-JNI: register_android_hardware_Radio DONE
08-03 21:11:05.620 10762 10762 D AndroidRuntime: Calling main entry com.android.commands.input.Input
08-03 21:11:05.622 10762 10762 I Input   : injectMotionEvent: MotionEvent { action=ACTION_DOWN, actionButton=0, id[0]=0, x[0]=1309.0, y[0]=1701.0, toolType[0]=TOOL_TYPE_UNKNOWN, buttonState=0, metaState=0, flags=0x0, edgeFlags=0x0, pointerCount=1, historySize=0, eventTime=652282034, downTime=652282034, deviceId=0, source=0x1002 }
08-03 21:11:05.626 10762 10762 I Input   : injectMotionEvent: MotionEvent { action=ACTION_UP, actionButton=0, id[0]=0, x[0]=1309.0, y[0]=1701.0, toolType[0]=TOOL_TYPE_UNKNOWN, buttonState=0, metaState=0, flags=0x0, edgeFlags=0x0, pointerCount=1, historySize=0, eventTime=652282034, downTime=652282034, deviceId=0, source=0x1002 }
08-03 21:11:05.628 10762 10762 D AndroidRuntime: Shutting down VM
08-03 21:11:05.673 10394 10406 I art     : Starting a blocking GC Explicit
08-03 21:11:05.694   512  2967 D audio_hw_primary: out_set_parameters: enter: usecase(1: low-latency-playback) kvpairs: routing=2
08-03 21:11:05.697 10394 10406 I art     : Explicit concurrent mark sweep GC freed 1416(93KB) AllocSpace objects, 2(40KB) LOS objects, 40% free, 22MB/36MB, paused 331us total 23.480ms
08-03 21:11:05.708   512  2967 D audio_hw_primary: select_devices: out_snd_device(2: speaker) in_snd_device(0: none)
08-03 21:11:05.708   512  2967 D msm8974_platform: platform_send_audio_calibration: sending audio calibration for snd_device(2) acdb_id(15)
08-03 21:11:05.708   512  2967 I soundtrigger: audio_extn_sound_trigger_update_device_status: device 0x2 of type 0 for Event 1
08-03 21:11:05.713 10394 10406 I art     : Starting a blocking GC Explicit
08-03 21:11:05.718   512  2967 D audio_hw_primary: enable_snd_device: snd_device(2: speaker)
08-03 21:11:05.720   512  2967 D audio_hw_primary: enable_audio_route: apply and update mixer path: low-latency-playback speaker
08-03 21:11:05.739 10394 10406 I art     : Explicit concurrent mark sweep GC freed 639(31KB) AllocSpace objects, 0(0B) LOS objects, 40% free, 22MB/37MB, paused 309us total 24.948ms
08-03 21:11:05.753 10394 10406 I art     : Starting a blocking GC Explicit
08-03 21:11:05.763   512  2967 D AudioFlinger: mixer(0xf4740000) throttle end: throttle time(12)
08-03 21:11:05.776 10394 10406 I art     : Explicit concurrent mark sweep GC freed 34(1360B) AllocSpace objects, 0(0B) LOS objects, 40% free, 22MB/37MB, paused 213us total 22.417ms
08-03 21:11:05.790 10394 10406 I art     : Starting a blocking GC Explicit
08-03 21:11:05.812 10394 10406 I art     : Explicit concurrent mark sweep GC freed 21(784B) AllocSpace objects, 0(0B) LOS objects, 40% free, 22MB/37MB, paused 216us total 21.873ms
08-03 21:11:05.827 10394 10406 I art     : Starting a blocking GC Explicit
08-03 21:11:05.850 10394 10406 I art     : Explicit concurrent mark sweep GC freed 28(992B) AllocSpace objects, 0(0B) LOS objects, 40% free, 22MB/37MB, paused 249us total 22.995ms
08-03 21:11:06.125 10394 10741 I art     : Starting a blocking GC Explicit
08-03 21:11:06.150 10394 10741 I art     : Explicit concurrent mark sweep GC freed 1533(86KB) AllocSpace objects, 1(20KB) LOS objects, 40% free, 22MB/37MB, paused 279us total 24.266ms
08-03 21:11:06.165 10394 10741 I art     : Starting a blocking GC Explicit
08-03 21:11:06.189 10394 10741 I art     : Explicit concurrent mark sweep GC freed 75(2560B) AllocSpace objects, 0(0B) LOS objects, 40% free, 22MB/37MB, paused 823us total 23.935ms
08-03 21:11:06.203 10394 10741 I art     : Starting a blocking GC Explicit
08-03 21:11:06.227 10394 10741 I art     : Explicit concurrent mark sweep GC freed 23(848B) AllocSpace objects, 0(0B) LOS objects, 40% free, 22MB/37MB, paused 303us total 23.287ms
08-03 21:11:06.242 10394 10741 I art     : Starting a blocking GC Explicit
08-03 21:11:06.249   512  2967 D audio_hw_primary: disable_audio_route: reset and update mixer path: low-latency-playback speaker
08-03 21:11:06.250   512  2967 D audio_hw_primary: disable_snd_device: snd_device(2: speaker)
08-03 21:11:06.258   512  2967 I soundtrigger: audio_extn_sound_trigger_update_device_status: device 0x2 of type 0 for Event 0
08-03 21:11:06.264 10394 10741 I art     : Explicit concurrent mark sweep GC freed 46(2064B) AllocSpace objects, 0(0B) LOS objects, 40% free, 22MB/37MB, paused 235us total 22.084ms
08-03 21:11:06.280 10394 10741 I art     : Starting a blocking GC Explicit
08-03 21:11:06.302 10394 10741 I art     : Explicit concurrent mark sweep GC freed 9(288B) AllocSpace objects, 0(0B) LOS objects, 40% free, 22MB/37MB, paused 230us total 22.551ms
08-03 21:11:06.397 10794 10794 D AndroidRuntime: >>>>>> START com.android.internal.os.RuntimeInit uid 2000 <<<<<<
08-03 21:11:06.403 10794 10794 D AndroidRuntime: CheckJNI is OFF
08-03 21:11:06.444 10794 10794 D ICU     : No timezone override file found: /data/misc/zoneinfo/current/icu/icu_tzdata.dat
08-03 21:11:06.487 10794 10794 I Radio-JNI: register_android_hardware_Radio DONE
08-03 21:11:06.514 10794 10794 D AndroidRuntime: Calling main entry com.android.commands.input.Input
08-03 21:11:06.516 10794 10794 I Input   : injectMotionEvent: MotionEvent { action=ACTION_DOWN, actionButton=0, id[0]=0, x[0]=477.0, y[0]=805.0, toolType[0]=TOOL_TYPE_UNKNOWN, buttonState=0, metaState=0, flags=0x0, edgeFlags=0x0, pointerCount=1, historySize=0, eventTime=652282929, downTime=652282929, deviceId=0, source=0x1002 }
08-03 21:11:06.521 10794 10794 I Input   : injectMotionEvent: MotionEvent { action=ACTION_UP, actionButton=0, id[0]=0, x[0]=477.0, y[0]=805.0, toolType[0]=TOOL_TYPE_UNKNOWN, buttonState=0, metaState=0, flags=0x0, edgeFlags=0x0, pointerCount=1, historySize=0, eventTime=652282929, downTime=652282929, deviceId=0, source=0x1002 }
08-03 21:11:06.524 10794 10794 D AndroidRuntime: Shutting down VM
08-03 21:11:06.590   512  2967 D audio_hw_primary: out_set_parameters: enter: usecase(1: low-latency-playback) kvpairs: routing=2
08-03 21:11:06.591 10394 10406 I art     : Starting a blocking GC Explicit
08-03 21:11:06.603   512  2967 D audio_hw_primary: select_devices: out_snd_device(2: speaker) in_snd_device(0: none)
08-03 21:11:06.603   512  2967 D msm8974_platform: platform_send_audio_calibration: sending audio calibration for snd_device(2) acdb_id(15)
08-03 21:11:06.603   512  2967 I soundtrigger: audio_extn_sound_trigger_update_device_status: device 0x2 of type 0 for Event 1
08-03 21:11:06.614   512  2967 D audio_hw_primary: enable_snd_device: snd_device(2: speaker)
08-03 21:11:06.617   512  2967 D audio_hw_primary: enable_audio_route: apply and update mixer path: low-latency-playback speaker
08-03 21:11:06.618 10394 10406 I art     : Explicit concurrent mark sweep GC freed 1851(138KB) AllocSpace objects, 1(20KB) LOS objects, 40% free, 22MB/37MB, paused 994us total 26.513ms
08-03 21:11:06.633 10394 10406 I art     : Starting a blocking GC Explicit
08-03 21:11:06.656 10394 10406 I art     : Explicit concurrent mark sweep GC freed 393(53KB) AllocSpace objects, 0(0B) LOS objects, 40% free, 22MB/37MB, paused 219us total 23.349ms
08-03 21:11:06.660   512  2967 D AudioFlinger: mixer(0xf4740000) throttle end: throttle time(12)
08-03 21:11:06.671 10394 10406 I art     : Starting a blocking GC Explicit
08-03 21:11:06.694 10394 10406 I art     : Explicit concurrent mark sweep GC freed 435(18KB) AllocSpace objects, 0(0B) LOS objects, 40% free, 22MB/37MB, paused 266us total 22.984ms
08-03 21:11:06.709 10394 10406 I art     : Starting a blocking GC Explicit
08-03 21:11:06.733 10394 10406 I art     : Explicit concurrent mark sweep GC freed 217(9KB) AllocSpace objects, 0(0B) LOS objects, 40% free, 22MB/37MB, paused 317us total 24.131ms
08-03 21:11:06.751 10394 10406 I art     : Starting a blocking GC Explicit
08-03 21:11:06.774 10394 10406 I art     : Explicit concurrent mark sweep GC freed 71(2144B) AllocSpace objects, 0(0B) LOS objects, 40% free, 22MB/37MB, paused 218us total 22.588ms
08-03 21:11:07.056 10394 10407 I art     : Starting a blocking GC Explicit
08-03 21:11:07.080 10394 10407 I art     : Explicit concurrent mark sweep GC freed 1353(78KB) AllocSpace objects, 1(20KB) LOS objects, 40% free, 22MB/37MB, paused 223us total 24.591ms
08-03 21:11:07.096 10394 10407 I art     : Starting a blocking GC Explicit
08-03 21:11:07.121 10394 10407 I art     : Explicit concurrent mark sweep GC freed 26(896B) AllocSpace objects, 0(0B) LOS objects, 40% free, 22MB/37MB, paused 234us total 24.238ms
08-03 21:11:07.136 10394 10407 I art     : Starting a blocking GC Explicit
08-03 21:11:07.149   512  2967 D audio_hw_primary: disable_audio_route: reset and update mixer path: low-latency-playback speaker
08-03 21:11:07.151   512  2967 D audio_hw_primary: disable_snd_device: snd_device(2: speaker)
08-03 21:11:07.159 10394 10407 I art     : Explicit concurrent mark sweep GC freed 3(96B) AllocSpace objects, 0(0B) LOS objects, 40% free, 22MB/37MB, paused 218us total 23.392ms
08-03 21:11:07.160   512  2967 I soundtrigger: audio_extn_sound_trigger_update_device_status: device 0x2 of type 0 for Event 0
08-03 21:11:07.174 10394 10407 I art     : Starting a blocking GC Explicit
08-03 21:11:07.198 10394 10407 I art     : Explicit concurrent mark sweep GC freed 5(160B) AllocSpace objects, 0(0B) LOS objects, 40% free, 22MB/37MB, paused 212us total 23.563ms
08-03 21:11:07.214 10394 10407 I art     : Starting a blocking GC Explicit
08-03 21:11:07.238 10394 10407 I art     : Explicit concurrent mark sweep GC freed 3(96B) AllocSpace objects, 0(0B) LOS objects, 40% free, 22MB/37MB, paused 250us total 23.980ms
08-03 21:11:07.303 10826 10826 D AndroidRuntime: >>>>>> START com.android.internal.os.RuntimeInit uid 2000 <<<<<<
08-03 21:11:07.309 10826 10826 D AndroidRuntime: CheckJNI is OFF
08-03 21:11:07.349 10826 10826 D ICU     : No timezone override file found: /data/misc/zoneinfo/current/icu/icu_tzdata.dat
08-03 21:11:07.391 10826 10826 I Radio-JNI: register_android_hardware_Radio DONE
08-03 21:11:07.419 10826 10826 D AndroidRuntime: Calling main entry com.android.commands.input.Input
08-03 21:11:07.422 10826 10826 I Input   : injectMotionEvent: MotionEvent { action=ACTION_DOWN, actionButton=0, id[0]=0, x[0]=463.0, y[0]=464.0, toolType[0]=TOOL_TYPE_UNKNOWN, buttonState=0, metaState=0, flags=0x0, edgeFlags=0x0, pointerCount=1, historySize=0, eventTime=652283835, downTime=652283835, deviceId=0, source=0x1002 }
08-03 21:11:07.428 10826 10826 I Input   : injectMotionEvent: MotionEvent { action=ACTION_UP, actionButton=0, id[0]=0, x[0]=463.0, y[0]=464.0, toolType[0]=TOOL_TYPE_UNKNOWN, buttonState=0, metaState=0, flags=0x0, edgeFlags=0x0, pointerCount=1, historySize=0, eventTime=652283835, downTime=652283835, deviceId=0, source=0x1002 }
08-03 21:11:07.430 10826 10826 D AndroidRuntime: Shutting down VM
08-03 21:11:07.497   512  2967 D audio_hw_primary: out_set_parameters: enter: usecase(1: low-latency-playback) kvpairs: routing=2
08-03 21:11:07.509   918  3961 W InputMethodManagerService: Window already focused, ignoring focus gain of: com.android.internal.view.IInputMethodClient$Stub$Proxy@616547 attribute=null, token = android.os.BinderProxy@db582f3
08-03 21:11:07.511   512  2967 D audio_hw_primary: select_devices: out_snd_device(2: speaker) in_snd_device(0: none)
08-03 21:11:07.511   512  2967 D msm8974_platform: platform_send_audio_calibration: sending audio calibration for snd_device(2) acdb_id(15)
08-03 21:11:07.511   512  2967 I soundtrigger: audio_extn_sound_trigger_update_device_status: device 0x2 of type 0 for Event 1
08-03 21:11:07.523 10394 10406 I art     : Starting a blocking GC Explicit
08-03 21:11:07.524   512  2967 D audio_hw_primary: enable_snd_device: snd_device(2: speaker)
08-03 21:11:07.526   512  2967 D audio_hw_primary: enable_audio_route: apply and update mixer path: low-latency-playback speaker
08-03 21:11:07.548 10394 10406 I art     : Explicit concurrent mark sweep GC freed 1655(105KB) AllocSpace objects, 2(40KB) LOS objects, 40% free, 22MB/37MB, paused 258us total 24.208ms
08-03 21:11:07.562 10394 10406 I art     : Starting a blocking GC Explicit
08-03 21:11:07.568   512  2967 D AudioFlinger: mixer(0xf4740000) throttle end: throttle time(12)
08-03 21:11:07.585 10394 10406 I art     : Explicit concurrent mark sweep GC freed 133(6KB) AllocSpace objects, 0(0B) LOS objects, 40% free, 22MB/37MB, paused 210us total 23.084ms
08-03 21:11:07.600 10394 10406 I art     : Starting a blocking GC Explicit
08-03 21:11:07.623 10394 10406 I art     : Explicit concurrent mark sweep GC freed 6(192B) AllocSpace objects, 0(0B) LOS objects, 40% free, 22MB/37MB, paused 212us total 22.957ms
08-03 21:11:07.639 10394 10406 I art     : Starting a blocking GC Explicit
08-03 21:11:07.664 10394 10406 I art     : Explicit concurrent mark sweep GC freed 3(96B) AllocSpace objects, 0(0B) LOS objects, 40% free, 22MB/37MB, paused 255us total 24.794ms
08-03 21:11:07.679 10394 10406 I art     : Starting a blocking GC Explicit
08-03 21:11:07.703 10394 10406 I art     : Explicit concurrent mark sweep GC freed 3(96B) AllocSpace objects, 0(0B) LOS objects, 40% free, 22MB/37MB, paused 216us total 23.659ms
08-03 21:11:07.720   380   380 W SurfaceFlinger: couldn't log to binary event log: overflow.
08-03 21:11:07.978 10394 10407 I art     : Starting a blocking GC Explicit
08-03 21:11:08.008 10394 10407 I art     : Explicit concurrent mark sweep GC freed 1337(78KB) AllocSpace objects, 1(20KB) LOS objects, 40% free, 22MB/37MB, paused 298us total 29.782ms
08-03 21:11:08.024 10394 10407 I art     : Starting a blocking GC Explicit
08-03 21:11:08.050 10394 10407 I art     : Explicit concurrent mark sweep GC freed 20(704B) AllocSpace objects, 0(0B) LOS objects, 40% free, 22MB/37MB, paused 246us total 25.599ms
08-03 21:11:08.059   512  2967 D audio_hw_primary: disable_audio_route: reset and update mixer path: low-latency-playback speaker
08-03 21:11:08.060   512  2967 D audio_hw_primary: disable_snd_device: snd_device(2: speaker)
08-03 21:11:08.065 10394 10407 I art     : Starting a blocking GC Explicit
08-03 21:11:08.068   512  2967 I soundtrigger: audio_extn_sound_trigger_update_device_status: device 0x2 of type 0 for Event 0
08-03 21:11:08.091 10394 10407 I art     : Explicit concurrent mark sweep GC freed 3(96B) AllocSpace objects, 0(0B) LOS objects, 40% free, 22MB/37MB, paused 247us total 25.481ms
08-03 21:11:08.106 10394 10407 I art     : Starting a blocking GC Explicit
08-03 21:11:08.131 10394 10407 I art     : Explicit concurrent mark sweep GC freed 3(96B) AllocSpace objects, 0(0B) LOS objects, 40% free, 22MB/37MB, paused 246us total 24.631ms
08-03 21:11:08.146 10394 10407 I art     : Starting a blocking GC Explicit
08-03 21:11:08.171 10394 10407 I art     : Explicit concurrent mark sweep GC freed 3(96B) AllocSpace objects, 0(0B) LOS objects, 40% free, 22MB/37MB, paused 240us total 24.796ms
08-03 21:11:08.222 10861 10861 D AndroidRuntime: >>>>>> START com.android.internal.os.RuntimeInit uid 2000 <<<<<<
08-03 21:11:08.228 10861 10861 D AndroidRuntime: CheckJNI is OFF
08-03 21:11:08.274 10861 10861 D ICU     : No timezone override file found: /data/misc/zoneinfo/current/icu/icu_tzdata.dat
08-03 21:11:08.323 10861 10861 I Radio-JNI: register_android_hardware_Radio DONE
08-03 21:11:08.351 10861 10861 D AndroidRuntime: Calling main entry com.android.commands.input.Input
08-03 21:11:08.353 10861 10861 I Input   : injectKeyEvent: KeyEvent { action=ACTION_DOWN, keyCode=KEYCODE_BACK, scanCode=0, metaState=0, flags=0x0, repeatCount=0, eventTime=652284766, downTime=652284766, deviceId=-1, source=0x101 }
08-03 21:11:08.359 10861 10861 I Input   : injectKeyEvent: KeyEvent { action=ACTION_UP, keyCode=KEYCODE_BACK, scanCode=0, metaState=0, flags=0x0, repeatCount=0, eventTime=652284766, downTime=652284766, deviceId=-1, source=0x101 }
08-03 21:11:08.365 10861 10861 D AndroidRuntime: Shutting down VM
08-03 21:11:08.385   918   937 W ProcessCpuTracker: Skipping unknown process pid 10881
08-03 21:11:08.405 13866 13866 I GoogleInputMethodServic: GoogleInputMethodService.onFinishInput():3138 
08-03 21:11:08.406 13866 13866 I GoogleInputMethodServic: GoogleInputMethodService.onStartInput():1808 
08-03 21:11:08.423   918   931 I ProcessStatsService: Prepared write state in 3ms
08-03 21:11:08.455 10394 10741 I art     : Starting a blocking GC Explicit
08-03 21:11:08.477 10394 10741 I art     : Explicit concurrent mark sweep GC freed 1544(89KB) AllocSpace objects, 1(20KB) LOS objects, 40% free, 22MB/37MB, paused 212us total 22.048ms
08-03 21:11:08.491 10394 10741 I art     : Starting a blocking GC Explicit
08-03 21:11:08.513 10394 10741 I art     : Explicit concurrent mark sweep GC freed 1785(119KB) AllocSpace objects, 0(0B) LOS objects, 40% free, 22MB/37MB, paused 224us total 21.482ms
08-03 21:11:08.528 10394 10741 I art     : Starting a blocking GC Explicit
08-03 21:11:08.550 10394 10741 I art     : Explicit concurrent mark sweep GC freed 3(96B) AllocSpace objects, 0(0B) LOS objects, 40% free, 22MB/37MB, paused 207us total 21.643ms
08-03 21:11:08.565 10394 10741 I art     : Starting a blocking GC Explicit
08-03 21:11:08.588 10394 10741 I art     : Explicit concurrent mark sweep GC freed 3(96B) AllocSpace objects, 0(0B) LOS objects, 40% free, 22MB/37MB, paused 230us total 22.652ms
08-03 21:11:08.603 10394 10741 I art     : Starting a blocking GC Explicit
08-03 21:11:08.627 10394 10741 I art     : Explicit concurrent mark sweep GC freed 3(96B) AllocSpace objects, 0(0B) LOS objects, 40% free, 22MB/37MB, paused 247us total 23.311ms
08-03 21:11:08.706   380   380 W SurfaceFlinger: couldn't log to binary event log: overflow.
08-03 21:11:08.891 10394 10406 I art     : Starting a blocking GC Explicit
08-03 21:11:08.920 10394 10406 I art     : Explicit concurrent mark sweep GC freed 1385(80KB) AllocSpace objects, 1(20KB) LOS objects, 40% free, 22MB/37MB, paused 281us total 28.890ms
08-03 21:11:08.939 10394 10406 I art     : Starting a blocking GC Explicit
08-03 21:11:08.961 10394 10406 I art     : Explicit concurrent mark sweep GC freed 11984(575KB) AllocSpace objects, 7(340KB) LOS objects, 40% free, 21MB/35MB, paused 218us total 21.718ms
08-03 21:11:08.975 10394 10406 I art     : Starting a blocking GC Explicit
08-03 21:11:08.994 10394 10406 I art     : Explicit concurrent mark sweep GC freed 3(96B) AllocSpace objects, 0(0B) LOS objects, 40% free, 21MB/35MB, paused 219us total 19.135ms
08-03 21:11:09.008 10394 10406 I art     : Starting a blocking GC Explicit
08-03 21:11:09.027 10394 10406 I art     : Explicit concurrent mark sweep GC freed 3(96B) AllocSpace objects, 0(0B) LOS objects, 40% free, 21MB/35MB, paused 240us total 18.651ms
08-03 21:11:09.041 10394 10406 I art     : Starting a blocking GC Explicit
08-03 21:11:09.060 10394 10406 I art     : Explicit concurrent mark sweep GC freed 3(96B) AllocSpace objects, 0(0B) LOS objects, 40% free, 21MB/35MB, paused 217us total 18.713ms
08-03 21:11:09.106 10394 10394 I RegularCachePruner: Pruning cache...
08-03 21:11:09.107 10394 10905 I RedditChangeDataManager: Pruning for all users...
08-03 21:11:09.107 10394 10905 I RedditChangeDataManager: Pruning complete.
08-03 21:11:09.108 10394 10394 I RedReader: Checking for new messages.
08-03 21:11:09.110 10394 10905 I CacheManager: Pruning 0 files
08-03 21:11:09.127 10906 10906 I art     : Late-enabling -Xcheck:jni
08-03 21:11:09.128   918   918 I ActivityManager: Start proc 10906:nappagreedy.com.newsblur/u0a628 for service nappagreedy.com.newsblur/.service.NBSyncService
08-03 21:11:09.136 18789 18789 I Finsky  : [1] xow.onStartJob(3): SCH: onJobSchedulerWakeup with jobId 9000
08-03 21:11:09.143 18789 18789 I Finsky  : [1] xjw.a(9): Scheduling fallback in 43199998 (absolute: 1678873016)
08-03 21:11:09.146 18789 18789 I Finsky  : [1] xjw.a(9): Scheduling fallback in 64799998 (absolute: 1700473019)
08-03 21:11:09.150 10893 10893 D AndroidRuntime: >>>>>> START com.android.internal.os.RuntimeInit uid 2000 <<<<<<
08-03 21:11:09.156 10893 10893 D AndroidRuntime: CheckJNI is OFF
08-03 21:11:09.167 10906 10906 W System  : ClassLoader referenced unknown path: /data/app/nappagreedy.com.newsblur-1/lib/arm64
08-03 21:11:09.195 10893 10893 D ICU     : No timezone override file found: /data/misc/zoneinfo/current/icu/icu_tzdata.dat
08-03 21:11:09.236 10893 10893 I Radio-JNI: register_android_hardware_Radio DONE
08-03 21:11:09.263 10893 10893 D AndroidRuntime: Calling main entry com.android.commands.input.Input
08-03 21:11:09.265 10893 10893 I Input   : injectKeyEvent: KeyEvent { action=ACTION_DOWN, keyCode=KEYCODE_BACK, scanCode=0, metaState=0, flags=0x0, repeatCount=0, eventTime=652285677, downTime=652285677, deviceId=-1, source=0x101 }
08-03 21:11:09.272 10893 10893 I Input   : injectKeyEvent: KeyEvent { action=ACTION_UP, keyCode=KEYCODE_BACK, scanCode=0, metaState=0, flags=0x0, repeatCount=0, eventTime=652285677, downTime=652285677, deviceId=-1, source=0x101 }
08-03 21:11:09.281 10893 10893 D AndroidRuntime: Shutting down VM
08-03 21:11:09.284 18789 18789 I Finsky  : [1] xkf.handleMessage(8): SCH: DeviceState: DeviceState{currentTime=1596481869272, isCharging=false, isIdle=false, netAny=true, netNotRoaming=true, netUnmetered=true, batteryPercent=100.0}
08-03 21:11:09.288 18789 10366 I Finsky  : [5867] xmu.a(8): SCH: Jobs in database: 1-1337 3-181 3-182 12-1 26-1414141414 
08-03 21:11:09.292 18789 18789 I Finsky  : [1] xkg.a(16): SCH: Running job: 12-1
08-03 21:11:09.293 18789 18789 I Finsky  : [1] ContentSyncJob.a(16): [ContentSync] job started
08-03 21:11:09.294 18789 18789 I Finsky  : [1] xkf.handleMessage(61): SCH: RunningQueue size: 1, PendingQueue size: 0
08-03 21:11:09.294 18789 18789 I Finsky  : [1] xkf.handleMessage(64): SCH: Running queue: 12-1 
08-03 21:11:09.312 13866 13866 I GoogleInputMethodServic: GoogleInputMethodService.onFinishInput():3138 
08-03 21:11:09.313 13866 13866 I GoogleInputMethodServic: GoogleInputMethodService.onStartInput():1808 
08-03 21:11:09.327 10394 10407 I art     : Starting a blocking GC Explicit
08-03 21:11:09.345 10394 10407 I art     : Explicit concurrent mark sweep GC freed 1646(96KB) AllocSpace objects, 1(20KB) LOS objects, 40% free, 21MB/35MB, paused 213us total 17.897ms
08-03 21:11:09.359 10394 10407 I art     : Starting a blocking GC Explicit
08-03 21:11:09.377 10394 10407 I art     : Explicit concurrent mark sweep GC freed 55(1968B) AllocSpace objects, 0(0B) LOS objects, 40% free, 21MB/35MB, paused 222us total 17.803ms
08-03 21:11:09.383 18789 10384 I Finsky  : [5872] dzn.a(22): Completed 0 account content syncs with 0 successful.
08-03 21:11:09.384 18789 18789 I Finsky  : [1] ContentSyncJob.a(1): [ContentSync] Installation state replication succeeded.
08-03 21:11:09.384 18789 18789 I Finsky  : [1] xlr.a(13): SCH: jobFinished: 12-1. TimeElapsed: 91ms.
08-03 21:11:09.385 18789 18789 I Finsky  : [1] xkg.a(36): SCH: Job 12-1 finished. Not rescheduling.
08-03 21:11:09.385 18789 18789 I Finsky  : [1] xkf.handleMessage(61): SCH: RunningQueue size: 0, PendingQueue size: 0
08-03 21:11:09.385 18789 18789 I Finsky  : [1] xkf.handleMessage(25): Executor finished
08-03 21:11:09.390 10394 10407 I art     : Starting a blocking GC Explicit
08-03 21:11:09.399 18789 18789 I Finsky  : [1] xmu.a(8): SCH: Jobs in database: 1-1337 3-181 3-182 26-1414141414 
08-03 21:11:09.401 18789 18789 I Finsky  : [1] xio.a(57): SCH: ConstraintMapping: 1-1337,  -> L: 3283505ms, D: 46483505ms, C: false, I: false, N: 1
08-03 21:11:09.401 18789 18789 I Finsky  : [1] xio.a(57): SCH: ConstraintMapping: 3-181,  -> L: 0ms, D: 77739813ms, C: false, I: true, N: 2
08-03 21:11:09.402 18789 18789 I Finsky  : [1] xio.a(57): SCH: ConstraintMapping: 3-182,  -> L: 0ms, D: 77739886ms, C: true, I: true, N: 2
08-03 21:11:09.402 18789 18789 I Finsky  : [1] xio.a(57): SCH: ConstraintMapping: 26-1414141414,  -> L: 7355754ms, D: 8255754ms, C: false, I: false, N: 0
08-03 21:11:09.407 10394 10407 I art     : Explicit concurrent mark sweep GC freed 3(96B) AllocSpace objects, 0(0B) LOS objects, 40% free, 21MB/35MB, paused 227us total 16.319ms
08-03 21:11:09.414 18789 18789 I Finsky  : [1] xle.a(34): Cancelling existing jobscheduler jobs: 9008 9002 9007 9003 9009 9004 9005 
08-03 21:11:09.415 18789 18789 I Finsky  : [1] xle.a(27): Scheduling job Id: 9001, L: 3283505, D: 46483505, C: false, I: false, N: 1
08-03 21:11:09.416 18789 18789 I Finsky  : [1] xle.a(10): Throttling wakeup for job 9006 (expected to run in 0 ms) due to recent wakeup
08-03 21:11:09.416 18789 18789 I Finsky  : [1] xle.a(27): Scheduling job Id: 9006, L: 30000, D: 77739813, C: false, I: true, N: 2
08-03 21:11:09.417 18789 18789 I Finsky  : [1] xle.a(10): Throttling wakeup for job 9010 (expected to run in 0 ms) due to recent wakeup
08-03 21:11:09.418 18789 18789 I Finsky  : [1] xle.a(27): Scheduling job Id: 9010, L: 30000, D: 77739886, C: true, I: true, N: 2
08-03 21:11:09.419 18789 18789 I Finsky  : [1] xle.a(27): Scheduling job Id: 9011, L: 7355754, D: 8255754, C: false, I: false, N: 0
08-03 21:11:09.420 18789 18789 I Finsky  : [1] xle.a(27): Scheduling job Id: 9012, L: 3283505, D: 46483505, C: false, I: false, N: 1
08-03 21:11:09.420 10394 10407 I art     : Starting a blocking GC Explicit
08-03 21:11:09.421 18789 18789 I Finsky  : [1] xle.a(10): Throttling wakeup for job 9013 (expected to run in 0 ms) due to recent wakeup
08-03 21:11:09.421 18789 18789 I Finsky  : [1] xle.a(27): Scheduling job Id: 9013, L: 30000, D: 77739813, C: false, I: true, N: 2
08-03 21:11:09.423 18789 18789 I Finsky  : [1] xle.a(10): Throttling wakeup for job 9014 (expected to run in 0 ms) due to recent wakeup
08-03 21:11:09.423 18789 18789 I Finsky  : [1] xle.a(27): Scheduling job Id: 9014, L: 30000, D: 77739886, C: true, I: true, N: 2
08-03 21:11:09.424 18789 18789 I Finsky  : [1] xle.a(27): Scheduling job Id: 9015, L: 7355754, D: 8255754, C: false, I: false, N: 0
08-03 21:11:09.437 10394 10407 I art     : Explicit concurrent mark sweep GC freed 3(96B) AllocSpace objects, 0(0B) LOS objects, 40% free, 21MB/35MB, paused 228us total 16.557ms
08-03 21:11:09.450 10394 10407 I art     : Starting a blocking GC Explicit
08-03 21:11:09.469 10394 10407 I art     : Explicit concurrent mark sweep GC freed 3(96B) AllocSpace objects, 0(0B) LOS objects, 40% free, 21MB/35MB, paused 215us total 18.028ms
08-03 21:11:09.630   918  3961 I ActivityManager: Killing 32570:com.android.chrome/u0a39 (adj 15): empty #17
08-03 21:11:09.737 10394 10407 I art     : Starting a blocking GC Explicit
08-03 21:11:09.757 10394 10407 I art     : Explicit concurrent mark sweep GC freed 1362(79KB) AllocSpace objects, 1(20KB) LOS objects, 40% free, 21MB/35MB, paused 251us total 19.784ms
08-03 21:11:09.771 10394 10407 I art     : Starting a blocking GC Explicit
08-03 21:11:09.791 10394 10407 I art     : Explicit concurrent mark sweep GC freed 143(10KB) AllocSpace objects, 0(0B) LOS objects, 40% free, 21MB/35MB, paused 238us total 19.373ms
08-03 21:11:09.804 10394 10407 I art     : Starting a blocking GC Explicit
08-03 21:11:09.824 10394 10407 I art     : Explicit concurrent mark sweep GC freed 3(96B) AllocSpace objects, 0(0B) LOS objects, 40% free, 21MB/35MB, paused 244us total 19.094ms
08-03 21:11:09.838 10394 10407 I art     : Starting a blocking GC Explicit
08-03 21:11:09.858 10394 10407 I art     : Explicit concurrent mark sweep GC freed 3(96B) AllocSpace objects, 0(0B) LOS objects, 40% free, 21MB/35MB, paused 262us total 19.465ms
08-03 21:11:09.871 10394 10407 I art     : Starting a blocking GC Explicit
08-03 21:11:09.891 10394 10407 I art     : Explicit concurrent mark sweep GC freed 3(96B) AllocSpace objects, 0(0B) LOS objects, 40% free, 21MB/35MB, paused 229us total 19.430ms
08-03 21:11:09.891 10394 10405 I art     : WaitForGcToComplete blocked for 8.848ms for cause HeapTrim
08-03 21:11:10.064 10941 10941 D AndroidRuntime: >>>>>> START com.android.internal.os.RuntimeInit uid 2000 <<<<<<
08-03 21:11:10.072 10941 10941 D AndroidRuntime: CheckJNI is OFF
08-03 21:11:10.113 10941 10941 D ICU     : No timezone override file found: /data/misc/zoneinfo/current/icu/icu_tzdata.dat
08-03 21:11:10.155 10941 10941 I Radio-JNI: register_android_hardware_Radio DONE
08-03 21:11:10.180 10394 10406 I art     : Starting a blocking GC Explicit
08-03 21:11:10.184 10941 10941 D AndroidRuntime: Calling main entry com.android.commands.input.Input
08-03 21:11:10.186 10941 10941 I Input   : injectMotionEvent: MotionEvent { action=ACTION_DOWN, actionButton=0, id[0]=0, x[0]=600.0, y[0]=1536.0, toolType[0]=TOOL_TYPE_UNKNOWN, buttonState=0, metaState=0, flags=0x0, edgeFlags=0x0, pointerCount=1, historySize=0, eventTime=652286599, downTime=652286599, deviceId=0, source=0x1002 }
08-03 21:11:10.190 10941 10941 I Input   : injectMotionEvent: MotionEvent { action=ACTION_UP, actionButton=0, id[0]=0, x[0]=600.0, y[0]=1536.0, toolType[0]=TOOL_TYPE_UNKNOWN, buttonState=0, metaState=0, flags=0x0, edgeFlags=0x0, pointerCount=1, historySize=0, eventTime=652286599, downTime=652286599, deviceId=0, source=0x1002 }
08-03 21:11:10.192 10941 10941 D AndroidRuntime: Shutting down VM
08-03 21:11:10.201 10394 10406 I art     : Explicit concurrent mark sweep GC freed 1443(83KB) AllocSpace objects, 1(20KB) LOS objects, 40% free, 21MB/35MB, paused 252us total 19.914ms
08-03 21:11:10.210   512  2967 D audio_hw_primary: out_set_parameters: enter: usecase(1: low-latency-playback) kvpairs: routing=2
08-03 21:11:10.217   918  4400 I ActivityManager: START u0 {dat=https://oauth.reddit.com/... cmp=baseline.org.quantumbadger.redreader/.activities.PostListingActivity} from uid 10634 on display 0
08-03 21:11:10.220 10394 10406 I art     : Starting a blocking GC Explicit
08-03 21:11:10.224   512  2967 D audio_hw_primary: select_devices: out_snd_device(2: speaker) in_snd_device(0: none)
08-03 21:11:10.224   512  2967 D msm8974_platform: platform_send_audio_calibration: sending audio calibration for snd_device(2) acdb_id(15)
08-03 21:11:10.224   512  2967 I soundtrigger: audio_extn_sound_trigger_update_device_status: device 0x2 of type 0 for Event 1
08-03 21:11:10.236   512  2967 D audio_hw_primary: enable_snd_device: snd_device(2: speaker)
08-03 21:11:10.238   512  2967 D audio_hw_primary: enable_audio_route: apply and update mixer path: low-latency-playback speaker
08-03 21:11:10.239 10394 10406 I art     : Explicit concurrent mark sweep GC freed 2962(204KB) AllocSpace objects, 1(28KB) LOS objects, 40% free, 21MB/35MB, paused 366us total 19.669ms
08-03 21:11:10.245 10394 10394 I AppCompatViewInflater: app:theme is now deprecated. Please move to using android:theme instead.
08-03 21:11:10.255 10394 10406 I art     : Starting a blocking GC Explicit
08-03 21:11:10.274 10394 10406 I art     : Explicit concurrent mark sweep GC freed 3621(242KB) AllocSpace objects, 0(0B) LOS objects, 40% free, 21MB/35MB, paused 530us total 18.995ms
08-03 21:11:10.290 10394 10406 I art     : Starting a blocking GC Explicit
08-03 21:11:10.298 10394 10972 I RawObjectDB query string: CREATE TABLE objects(RawObjectDB_id TEXT PRIMARY KEY ON CONFLICT REPLACE,RawObjectDB_timestamp INTEGER,accounts_active INTEGER,created INTEGER,created_utc INTEGER,description TEXT,description_html TEXT,display_name TEXT,header_img TEXT,header_title TEXT,id TEXT,name TEXT,over18 INTEGER,public_description TEXT,subscribers INTEGER,title TEXT,url TEXT)
08-03 21:11:10.307 10394 10406 I art     : Explicit concurrent mark sweep GC freed 673(43KB) AllocSpace objects, 0(0B) LOS objects, 40% free, 21MB/35MB, paused 249us total 16.795ms
08-03 21:11:10.321 10394 10406 I art     : Starting a blocking GC Explicit
08-03 21:11:10.344 10394 10406 I art     : Explicit concurrent mark sweep GC freed 1532(105KB) AllocSpace objects, 0(0B) LOS objects, 40% free, 21MB/36MB, paused 1.154ms total 23.155ms
08-03 21:11:10.345 10394 10973 D OK      : calling: https://www.reddit.com/api/v1/access_token
08-03 21:11:10.349 13866 13866 I GoogleInputMethodServic: GoogleInputMethodService.onFinishInput():3138 
08-03 21:11:10.349   918   936 I ActivityManager: Displayed baseline.org.quantumbadger.redreader/.activities.PostListingActivity: +119ms
08-03 21:11:10.353 13866 13866 I GoogleInputMethodServic: GoogleInputMethodService.onStartInput():1808 
08-03 21:11:10.575   380   380 W SurfaceFlinger: couldn't log to binary event log: overflow.
08-03 21:11:10.626 10394 10423 I art     : Starting a blocking GC Explicit
08-03 21:11:10.649 10394 10423 I art     : Explicit concurrent mark sweep GC freed 7430(413KB) AllocSpace objects, 4(220KB) LOS objects, 40% free, 21MB/36MB, paused 361us total 22.633ms
08-03 21:11:10.662 10394 10423 I art     : Starting a blocking GC Explicit
08-03 21:11:10.683 10394 10423 I art     : Explicit concurrent mark sweep GC freed 1102(126KB) AllocSpace objects, 0(0B) LOS objects, 40% free, 21MB/36MB, paused 329us total 19.947ms
08-03 21:11:10.698 10394 10423 I art     : Starting a blocking GC Explicit
08-03 21:11:10.726 10394 10423 I art     : Explicit concurrent mark sweep GC freed 7531(524KB) AllocSpace objects, 0(0B) LOS objects, 40% free, 22MB/37MB, paused 924us total 27.780ms
08-03 21:11:10.743 10394 10423 I art     : Starting a blocking GC Explicit
08-03 21:11:10.769 10394 10423 I art     : Explicit concurrent mark sweep GC freed 8151(600KB) AllocSpace objects, 10(992KB) LOS objects, 40% free, 23MB/38MB, paused 818us total 26.415ms
08-03 21:11:10.770   512  2967 D audio_hw_primary: disable_audio_route: reset and update mixer path: low-latency-playback speaker
08-03 21:11:10.772   512  2967 D audio_hw_primary: disable_snd_device: snd_device(2: speaker)
08-03 21:11:10.779   512  2967 I soundtrigger: audio_extn_sound_trigger_update_device_status: device 0x2 of type 0 for Event 0
08-03 21:11:10.784 10394 10423 I art     : Starting a blocking GC Explicit
08-03 21:11:10.813 10394 10423 I art     : Explicit concurrent mark sweep GC freed 7921(494KB) AllocSpace objects, 2(180KB) LOS objects, 40% free, 23MB/39MB, paused 636us total 29.267ms
08-03 21:11:10.851 10394 10973 D OK      : request got status: 200
08-03 21:11:10.859 10394 10973 D OK      : calling: https://oauth.reddit.com/r/askscience/about.json
08-03 21:11:11.082   918  3261 D WifiStateMachine: starting scan for "H369AA63323"WPA_PSK with 2412,5180
08-03 21:11:11.094 10394 10406 I art     : Starting a blocking GC Explicit
08-03 21:11:11.130 10394 10406 I art     : Explicit concurrent mark sweep GC freed 14635(881KB) AllocSpace objects, 3(340KB) LOS objects, 40% free, 23MB/39MB, paused 377us total 36.303ms
08-03 21:11:11.139 10394 10973 I NAPPA_EXPERIMENTATION: MetricNetworkRequestExecutionTime: REQUEST_DURATION_SYSTEM='278',REQUEST_DURATION_OKHTTP='154',REQUEST_SYNCHRONOUS='TRUE',RESPONSE_CODE='200',RESPONSE_METHOD='GET',RESPONSE_LENGTH_OKHTTP='-1',RESPONSE_LENGTH_HEADER='4700',REQUEST_PROTOCOL='h2',REQUEST_URL='https://oauth.reddit.com/r/askscience/about.json',
08-03 21:11:11.139 10394 10973 D OK      : request got status: 200
08-03 21:11:11.147 10394 10406 I art     : Starting a blocking GC Explicit
08-03 21:11:11.184 10394 10406 I art     : Explicit concurrent mark sweep GC freed 850(137KB) AllocSpace objects, 2(88KB) LOS objects, 39% free, 24MB/40MB, paused 2.838ms total 36.481ms
08-03 21:11:11.201 10394 10406 I art     : Starting a blocking GC Explicit
08-03 21:11:11.234 10394 10406 I art     : Explicit concurrent mark sweep GC freed 1172(118KB) AllocSpace objects, 1(68KB) LOS objects, 39% free, 24MB/40MB, paused 331us total 32.593ms
08-03 21:11:11.250 10394 10406 I art     : Starting a blocking GC Explicit
08-03 21:11:11.281 10394 10406 I art     : Explicit concurrent mark sweep GC freed 231(12KB) AllocSpace objects, 0(0B) LOS objects, 39% free, 24MB/40MB, paused 322us total 31.060ms
08-03 21:11:11.297 10394 10406 I art     : Starting a blocking GC Explicit
08-03 21:11:11.330 10394 10406 I art     : Explicit concurrent mark sweep GC freed 3(96B) AllocSpace objects, 0(0B) LOS objects, 39% free, 24MB/40MB, paused 324us total 32.150ms
08-03 21:11:11.539 10394 11009 D OK      : calling: https://oauth.reddit.com/r/askscience/hot/.json
08-03 21:11:11.632 10394 10406 I art     : Starting a blocking GC Explicit
08-03 21:11:11.668 10394 10406 I art     : Explicit concurrent mark sweep GC freed 1505(85KB) AllocSpace objects, 1(20KB) LOS objects, 39% free, 24MB/40MB, paused 398us total 35.528ms
08-03 21:11:11.685 10394 10406 I art     : Starting a blocking GC Explicit
08-03 21:11:11.717 10394 10406 I art     : Explicit concurrent mark sweep GC freed 26(960B) AllocSpace objects, 0(0B) LOS objects, 39% free, 24MB/40MB, paused 499us total 32.111ms
08-03 21:11:11.733 10394 10406 I art     : Starting a blocking GC Explicit
08-03 21:11:11.735 10394 11009 I NAPPA_EXPERIMENTATION: MetricNetworkRequestExecutionTime: REQUEST_DURATION_SYSTEM='196',REQUEST_DURATION_OKHTTP='192',REQUEST_SYNCHRONOUS='TRUE',RESPONSE_CODE='200',RESPONSE_METHOD='GET',RESPONSE_LENGTH_OKHTTP='-1',RESPONSE_LENGTH_HEADER='21282',REQUEST_PROTOCOL='h2',REQUEST_URL='https://oauth.reddit.com/r/askscience/hot/.json',
08-03 21:11:11.735 10394 11009 D OK      : request got status: 200
08-03 21:11:11.757 10394 11001 I PostListingFragment: Precaching images: OFF
08-03 21:11:11.757 10394 11001 I PostListingFragment: Precaching comments: OFF
08-03 21:11:11.766 10394 10406 I art     : Explicit concurrent mark sweep GC freed 464(111KB) AllocSpace objects, 0(0B) LOS objects, 39% free, 24MB/40MB, paused 588us total 32.667ms
08-03 21:11:11.782 10394 10406 I art     : Starting a blocking GC Explicit
08-03 21:11:11.819 10394 10406 I art     : Explicit concurrent mark sweep GC freed 1889(123KB) AllocSpace objects, 0(0B) LOS objects, 39% free, 24MB/40MB, paused 765us total 36.776ms
08-03 21:11:11.836 10394 10406 I art     : Starting a blocking GC Explicit
08-03 21:11:11.873 10394 10406 I art     : Explicit concurrent mark sweep GC freed 2396(134KB) AllocSpace objects, 1(68KB) LOS objects, 39% free, 24MB/40MB, paused 1.335ms total 37.613ms
08-03 21:11:12.180 10394 10741 I art     : Starting a blocking GC Explicit
08-03 21:11:12.221 10394 10741 I art     : Explicit concurrent mark sweep GC freed 18861(742KB) AllocSpace objects, 2(88KB) LOS objects, 39% free, 24MB/40MB, paused 369us total 41.175ms
08-03 21:11:12.239 10394 10741 I art     : Starting a blocking GC Explicit
08-03 21:11:12.275 10394 10741 I art     : Explicit concurrent mark sweep GC freed 13851(660KB) AllocSpace objects, 0(0B) LOS objects, 39% free, 24MB/40MB, paused 819us total 35.930ms
08-03 21:11:12.291 10394 10741 I art     : Starting a blocking GC Explicit
08-03 21:11:12.327 10394 10741 I art     : Explicit concurrent mark sweep GC freed 765(47KB) AllocSpace objects, 0(0B) LOS objects, 39% free, 24MB/40MB, paused 592us total 35.204ms
08-03 21:11:12.343 10394 10741 I art     : Starting a blocking GC Explicit
08-03 21:11:12.380 10394 10741 I art     : Explicit concurrent mark sweep GC freed 746(33KB) AllocSpace objects, 0(0B) LOS objects, 39% free, 24MB/40MB, paused 409us total 36.951ms
08-03 21:11:12.399 10394 10741 I art     : Starting a blocking GC Explicit
08-03 21:11:12.438 10394 10741 I art     : Explicit concurrent mark sweep GC freed 28(1600B) AllocSpace objects, 0(0B) LOS objects, 39% free, 24MB/40MB, paused 357us total 38.485ms
08-03 21:11:12.739 10394 10423 I art     : Starting a blocking GC Explicit
08-03 21:11:12.778 10394 10423 I art     : Explicit concurrent mark sweep GC freed 1691(95KB) AllocSpace objects, 1(20KB) LOS objects, 39% free, 24MB/40MB, paused 446us total 38.623ms
08-03 21:11:12.797 10394 10423 I art     : Starting a blocking GC Explicit
08-03 21:11:12.833 10394 10423 I art     : Explicit concurrent mark sweep GC freed 83(4KB) AllocSpace objects, 0(0B) LOS objects, 39% free, 24MB/40MB, paused 335us total 36.043ms
08-03 21:11:12.850 10394 10423 I art     : Starting a blocking GC Explicit
08-03 21:11:12.886 10394 10423 I art     : Explicit concurrent mark sweep GC freed 3(96B) AllocSpace objects, 0(0B) LOS objects, 39% free, 24MB/40MB, paused 322us total 36.347ms
08-03 21:11:12.904 10394 10423 I art     : Starting a blocking GC Explicit
08-03 21:11:12.943 10394 10423 I art     : Explicit concurrent mark sweep GC freed 3(96B) AllocSpace objects, 0(0B) LOS objects, 39% free, 24MB/40MB, paused 406us total 39.050ms
08-03 21:11:12.960 10394 10423 I art     : Starting a blocking GC Explicit
08-03 21:11:13.000 10394 10423 I art     : Explicit concurrent mark sweep GC freed 3(96B) AllocSpace objects, 0(0B) LOS objects, 39% free, 24MB/40MB, paused 351us total 39.846ms
08-03 21:11:13.328 10394 10407 I art     : Starting a blocking GC Explicit
08-03 21:11:13.379 10394 10407 I art     : Explicit concurrent mark sweep GC freed 1346(78KB) AllocSpace objects, 1(20KB) LOS objects, 39% free, 24MB/40MB, paused 415us total 50.162ms
08-03 21:11:13.401 10394 10407 I art     : Starting a blocking GC Explicit
08-03 21:11:13.440 10394 10407 I art     : Explicit concurrent mark sweep GC freed 20(704B) AllocSpace objects, 0(0B) LOS objects, 39% free, 24MB/40MB, paused 367us total 39.394ms
08-03 21:11:13.458 10394 10407 I art     : Starting a blocking GC Explicit
08-03 21:11:13.498 10394 10407 I art     : Explicit concurrent mark sweep GC freed 3(96B) AllocSpace objects, 0(0B) LOS objects, 39% free, 24MB/40MB, paused 365us total 39.740ms
08-03 21:11:13.515 10394 10407 I art     : Starting a blocking GC Explicit
08-03 21:11:13.554 10394 10407 I art     : Explicit concurrent mark sweep GC freed 3(96B) AllocSpace objects, 0(0B) LOS objects, 39% free, 24MB/40MB, paused 345us total 38.301ms
08-03 21:11:13.571 10394 10407 I art     : Starting a blocking GC Explicit
08-03 21:11:13.612 10394 10407 I art     : Explicit concurrent mark sweep GC freed 3(96B) AllocSpace objects, 0(0B) LOS objects, 39% free, 24MB/40MB, paused 365us total 40.342ms
08-03 21:11:13.955 10394 10406 I art     : Starting a blocking GC Explicit
08-03 21:11:14.003 10394 10406 I art     : Explicit concurrent mark sweep GC freed 1343(78KB) AllocSpace objects, 1(20KB) LOS objects, 39% free, 24MB/40MB, paused 356us total 47.414ms
08-03 21:11:14.022 10394 10406 I art     : Starting a blocking GC Explicit
08-03 21:11:14.062 10394 10406 I art     : Explicit concurrent mark sweep GC freed 20(704B) AllocSpace objects, 0(0B) LOS objects, 39% free, 24MB/40MB, paused 353us total 39.702ms
08-03 21:11:14.077  7841  7841 I ServiceManager: Waiting for service AtCmdFwd...
08-03 21:11:14.079 10394 10406 I art     : Starting a blocking GC Explicit
08-03 21:11:14.121 10394 10406 I art     : Explicit concurrent mark sweep GC freed 3(96B) AllocSpace objects, 0(0B) LOS objects, 39% free, 24MB/40MB, paused 330us total 41.198ms
08-03 21:11:14.138 10394 10406 I art     : Starting a blocking GC Explicit
08-03 21:11:14.176 10394 10406 I art     : Explicit concurrent mark sweep GC freed 3(96B) AllocSpace objects, 0(0B) LOS objects, 39% free, 24MB/40MB, paused 303us total 37.917ms
08-03 21:11:14.193 10394 10406 I art     : Starting a blocking GC Explicit
08-03 21:11:14.228 10394 10406 I art     : Explicit concurrent mark sweep GC freed 3(96B) AllocSpace objects, 0(0B) LOS objects, 39% free, 24MB/40MB, paused 326us total 34.625ms
08-03 21:11:14.560 10394 10741 I art     : Starting a blocking GC Explicit
08-03 21:11:14.615 10394 10741 I art     : Explicit concurrent mark sweep GC freed 1343(78KB) AllocSpace objects, 1(20KB) LOS objects, 39% free, 24MB/40MB, paused 395us total 54.474ms
08-03 21:11:14.637 10394 10741 I art     : Starting a blocking GC Explicit
08-03 21:11:14.676 10394 10741 I art     : Explicit concurrent mark sweep GC freed 20(704B) AllocSpace objects, 0(0B) LOS objects, 39% free, 24MB/40MB, paused 328us total 37.823ms
08-03 21:11:14.692 10394 10741 I art     : Starting a blocking GC Explicit
08-03 21:11:14.723 10394 10741 I art     : Explicit concurrent mark sweep GC freed 3(96B) AllocSpace objects, 0(0B) LOS objects, 39% free, 24MB/40MB, paused 310us total 30.626ms
08-03 21:11:14.739 10394 10741 I art     : Starting a blocking GC Explicit
08-03 21:11:14.769 10394 10741 I art     : Explicit concurrent mark sweep GC freed 3(96B) AllocSpace objects, 0(0B) LOS objects, 39% free, 24MB/40MB, paused 294us total 30.427ms
08-03 21:11:14.785 10394 10741 I art     : Starting a blocking GC Explicit
08-03 21:11:14.816 10394 10741 I art     : Explicit concurrent mark sweep GC freed 3(96B) AllocSpace objects, 0(0B) LOS objects, 39% free, 24MB/40MB, paused 320us total 31.095ms
08-03 21:11:15.078  7841  7841 I ServiceManager: Waiting for service AtCmdFwd...
08-03 21:11:15.122 10394 10423 I art     : Starting a blocking GC Explicit
08-03 21:11:15.170 10394 10423 I art     : Explicit concurrent mark sweep GC freed 1347(78KB) AllocSpace objects, 1(20KB) LOS objects, 39% free, 24MB/40MB, paused 362us total 47.762ms
08-03 21:11:15.188 10394 10423 I art     : Starting a blocking GC Explicit
08-03 21:11:15.226 10394 10423 I art     : Explicit concurrent mark sweep GC freed 20(704B) AllocSpace objects, 0(0B) LOS objects, 39% free, 24MB/40MB, paused 320us total 37.360ms
08-03 21:11:15.226 10394 10405 I art     : WaitForGcToComplete blocked for 25.566ms for cause HeapTrim
08-03 21:11:15.243 10394 10423 I art     : Starting a blocking GC Explicit
08-03 21:11:15.283 10394 10423 I art     : Explicit concurrent mark sweep GC freed 3(96B) AllocSpace objects, 0(0B) LOS objects, 39% free, 24MB/40MB, paused 316us total 39.650ms
08-03 21:11:15.300 10394 10423 I art     : Starting a blocking GC Explicit
08-03 21:11:15.341 10394 10423 I art     : Explicit concurrent mark sweep GC freed 3(96B) AllocSpace objects, 0(0B) LOS objects, 39% free, 24MB/40MB, paused 318us total 40.601ms
08-03 21:11:15.358 10394 10423 I art     : Starting a blocking GC Explicit
08-03 21:11:15.399 10394 10423 I art     : Explicit concurrent mark sweep GC freed 3(96B) AllocSpace objects, 0(0B) LOS objects, 39% free, 24MB/40MB, paused 336us total 40.014ms
08-03 21:11:15.721 10394 10407 I art     : Starting a blocking GC Explicit
08-03 21:11:15.765 10394 10407 I art     : Explicit concurrent mark sweep GC freed 1344(78KB) AllocSpace objects, 1(20KB) LOS objects, 39% free, 24MB/40MB, paused 377us total 43.597ms
08-03 21:11:15.785 10394 10407 I art     : Starting a blocking GC Explicit
08-03 21:11:15.824 10394 10407 I art     : Explicit concurrent mark sweep GC freed 20(704B) AllocSpace objects, 0(0B) LOS objects, 39% free, 24MB/40MB, paused 354us total 38.889ms
08-03 21:11:15.841 10394 10407 I art     : Starting a blocking GC Explicit
08-03 21:11:15.881 10394 10407 I art     : Explicit concurrent mark sweep GC freed 3(96B) AllocSpace objects, 0(0B) LOS objects, 39% free, 24MB/40MB, paused 346us total 39.492ms
08-03 21:11:15.898 10394 10407 I art     : Starting a blocking GC Explicit
08-03 21:11:15.937 10394 10407 I art     : Explicit concurrent mark sweep GC freed 3(96B) AllocSpace objects, 0(0B) LOS objects, 39% free, 24MB/40MB, paused 434us total 38.739ms
08-03 21:11:15.954 10394 10407 I art     : Starting a blocking GC Explicit
08-03 21:11:15.992 10394 10407 I art     : Explicit concurrent mark sweep GC freed 3(96B) AllocSpace objects, 0(0B) LOS objects, 39% free, 24MB/40MB, paused 348us total 37.246ms
08-03 21:11:16.004 11076 11076 D AndroidRuntime: >>>>>> START com.android.internal.os.RuntimeInit uid 2000 <<<<<<
08-03 21:11:16.010 11076 11076 D AndroidRuntime: CheckJNI is OFF
08-03 21:11:16.055 11076 11076 D ICU     : No timezone override file found: /data/misc/zoneinfo/current/icu/icu_tzdata.dat
08-03 21:11:16.079  7841  7841 I ServiceManager: Waiting for service AtCmdFwd...
08-03 21:11:16.102 11076 11076 I Radio-JNI: register_android_hardware_Radio DONE
08-03 21:11:16.131 11076 11076 D AndroidRuntime: Calling main entry com.android.commands.input.Input
08-03 21:11:16.133 11076 11076 I Input   : injectMotionEvent: MotionEvent { action=ACTION_DOWN, actionButton=0, id[0]=0, x[0]=600.0, y[0]=700.0, toolType[0]=TOOL_TYPE_UNKNOWN, buttonState=0, metaState=0, flags=0x0, edgeFlags=0x0, pointerCount=1, historySize=0, eventTime=652292546, downTime=652292546, deviceId=0, source=0x1002 }
08-03 21:11:16.141 11076 11076 I Input   : injectMotionEvent: MotionEvent { action=ACTION_UP, actionButton=0, id[0]=0, x[0]=600.0, y[0]=700.0, toolType[0]=TOOL_TYPE_UNKNOWN, buttonState=0, metaState=0, flags=0x0, edgeFlags=0x0, pointerCount=1, historySize=0, eventTime=652292546, downTime=652292546, deviceId=0, source=0x1002 }
08-03 21:11:16.143 10394 10394 I RRChoreographer: Using modern Choreographer
08-03 21:11:16.145 11076 11076 D AndroidRuntime: Shutting down VM
08-03 21:11:16.155   512  2967 D audio_hw_primary: out_set_parameters: enter: usecase(1: low-latency-playback) kvpairs: routing=2
08-03 21:11:16.160   918  6029 I ActivityManager: START u0 {dat=https://oauth.reddit.com/... cmp=baseline.org.quantumbadger.redreader/.activities.CommentListingActivity} from uid 10634 on display 0
08-03 21:11:16.170   512  2967 D audio_hw_primary: select_devices: out_snd_device(2: speaker) in_snd_device(0: none)
08-03 21:11:16.170   512  2967 D msm8974_platform: platform_send_audio_calibration: sending audio calibration for snd_device(2) acdb_id(15)
08-03 21:11:16.170   512  2967 I soundtrigger: audio_extn_sound_trigger_update_device_status: device 0x2 of type 0 for Event 1
08-03 21:11:16.180   512  2967 D audio_hw_primary: enable_snd_device: snd_device(2: speaker)
08-03 21:11:16.182 10394 10394 I AppCompatViewInflater: app:theme is now deprecated. Please move to using android:theme instead.
08-03 21:11:16.182   512  2967 D audio_hw_primary: enable_audio_route: apply and update mixer path: low-latency-playback speaker
08-03 21:11:16.206 10394 11109 D OK      : calling: https://oauth.reddit.com/comments/gvc7k9/.json?sort=confidence
08-03 21:11:16.288 10394 10407 I art     : Starting a blocking GC Explicit
08-03 21:11:16.300 13866 13866 I GoogleInputMethodServic: GoogleInputMethodService.onFinishInput():3138 
08-03 21:11:16.301 13866 13866 I GoogleInputMethodServic: GoogleInputMethodService.onStartInput():1808 
08-03 21:11:16.302   918   936 I ActivityManager: Displayed baseline.org.quantumbadger.redreader/.activities.CommentListingActivity: +134ms
08-03 21:11:16.328 10394 10407 I art     : Explicit concurrent mark sweep GC freed 4176(268KB) AllocSpace objects, 1(20KB) LOS objects, 39% free, 24MB/40MB, paused 518us total 39.673ms
08-03 21:11:16.346 10394 10407 I art     : Starting a blocking GC Explicit
08-03 21:11:16.379 10394 10407 I art     : Explicit concurrent mark sweep GC freed 444(21KB) AllocSpace objects, 0(0B) LOS objects, 39% free, 24MB/40MB, paused 371us total 32.923ms
08-03 21:11:16.395 10394 10407 I art     : Starting a blocking GC Explicit
08-03 21:11:16.428 10394 10407 I art     : Explicit concurrent mark sweep GC freed 7(256B) AllocSpace objects, 0(0B) LOS objects, 39% free, 24MB/40MB, paused 352us total 32.547ms
08-03 21:11:16.444 10394 10407 I art     : Starting a blocking GC Explicit
08-03 21:11:16.450 10394 11109 I NAPPA_EXPERIMENTATION: MetricNetworkRequestExecutionTime: REQUEST_DURATION_SYSTEM='244',REQUEST_DURATION_OKHTTP='240',REQUEST_SYNCHRONOUS='TRUE',RESPONSE_CODE='200',RESPONSE_METHOD='GET',RESPONSE_LENGTH_OKHTTP='-1',RESPONSE_LENGTH_HEADER='90132',REQUEST_PROTOCOL='h2',REQUEST_URL='https://oauth.reddit.com/comments/gvc7k9/.json?sort=confidence',
08-03 21:11:16.450 10394 11109 D OK      : request got status: 200
08-03 21:11:16.458 10394 11001 I CommentListingActivity: COMMENTS session changed to f1a01693-0ceb-48df-9909-7507370540bc
08-03 21:11:16.478 10394 10407 I art     : Explicit concurrent mark sweep GC freed 594(119KB) AllocSpace objects, 0(0B) LOS objects, 38% free, 25MB/41MB, paused 540us total 33.565ms
08-03 21:11:16.494 10394 10407 I art     : Starting a blocking GC Explicit
08-03 21:11:16.535 10394 10407 I art     : Explicit concurrent mark sweep GC freed 5907(386KB) AllocSpace objects, 1(20KB) LOS objects, 37% free, 26MB/42MB, paused 1.066ms total 40.433ms
08-03 21:11:16.548   380   380 W SurfaceFlinger: couldn't log to binary event log: overflow.
08-03 21:11:16.728   512  2967 D audio_hw_primary: disable_audio_route: reset and update mixer path: low-latency-playback speaker
08-03 21:11:16.729   512  2967 D audio_hw_primary: disable_snd_device: snd_device(2: speaker)
08-03 21:11:16.738   512  2967 I soundtrigger: audio_extn_sound_trigger_update_device_status: device 0x2 of type 0 for Event 0
08-03 21:11:16.809 10394 10407 I art     : Starting a blocking GC Explicit
08-03 21:11:16.865 10394 10407 I art     : Explicit concurrent mark sweep GC freed 56791(3MB) AllocSpace objects, 5(188KB) LOS objects, 36% free, 27MB/43MB, paused 329us total 55.614ms
08-03 21:11:16.884 10394 10407 I art     : Starting a blocking GC Explicit
08-03 21:11:16.932 10394 10407 I art     : Explicit concurrent mark sweep GC freed 48(2080B) AllocSpace objects, 0(0B) LOS objects, 36% free, 27MB/43MB, paused 522us total 47.293ms
08-03 21:11:16.951 10394 10407 I art     : Starting a blocking GC Explicit
08-03 21:11:16.998 10394 10407 I art     : Explicit concurrent mark sweep GC freed 3(96B) AllocSpace objects, 0(0B) LOS objects, 36% free, 27MB/43MB, paused 391us total 47.575ms
08-03 21:11:17.017 10394 10407 I art     : Starting a blocking GC Explicit
08-03 21:11:17.067 10394 10407 I art     : Explicit concurrent mark sweep GC freed 3(96B) AllocSpace objects, 0(0B) LOS objects, 36% free, 27MB/43MB, paused 405us total 49.528ms
08-03 21:11:17.080  7841  7841 I ServiceManager: Waiting for service AtCmdFwd...
08-03 21:11:17.087 10394 10407 I art     : Starting a blocking GC Explicit
08-03 21:11:17.138 10394 10407 I art     : Explicit concurrent mark sweep GC freed 3(96B) AllocSpace objects, 0(0B) LOS objects, 36% free, 27MB/43MB, paused 347us total 50.714ms
08-03 21:11:17.442 10394 10741 I art     : Starting a blocking GC Explicit
08-03 21:11:17.504 10394 10741 I art     : Explicit concurrent mark sweep GC freed 1343(78KB) AllocSpace objects, 1(20KB) LOS objects, 36% free, 27MB/43MB, paused 367us total 61.629ms
08-03 21:11:17.527 10394 10741 I art     : Starting a blocking GC Explicit
08-03 21:11:17.585 10394 10741 I art     : Explicit concurrent mark sweep GC freed 66(2528B) AllocSpace objects, 0(0B) LOS objects, 36% free, 27MB/43MB, paused 340us total 57.436ms
08-03 21:11:17.605 10394 10741 I art     : Starting a blocking GC Explicit
08-03 21:11:17.663 10394 10741 I art     : Explicit concurrent mark sweep GC freed 3(96B) AllocSpace objects, 0(0B) LOS objects, 36% free, 27MB/43MB, paused 381us total 58.484ms
08-03 21:11:17.686 10394 10741 I art     : Starting a blocking GC Explicit
08-03 21:11:17.740 10394 10741 I art     : Explicit concurrent mark sweep GC freed 3(96B) AllocSpace objects, 0(0B) LOS objects, 36% free, 27MB/43MB, paused 348us total 53.722ms
08-03 21:11:17.760 10394 10741 I art     : Starting a blocking GC Explicit
08-03 21:11:17.815 10394 10741 I art     : Explicit concurrent mark sweep GC freed 3(96B) AllocSpace objects, 0(0B) LOS objects, 36% free, 27MB/43MB, paused 345us total 55.185ms
08-03 21:11:18.080  7841  7841 I ServiceManager: Waiting for service AtCmdFwd...
08-03 21:11:18.153 10394 10406 I art     : Starting a blocking GC Explicit
08-03 21:11:18.217 10394 10406 I art     : Explicit concurrent mark sweep GC freed 1343(78KB) AllocSpace objects, 1(20KB) LOS objects, 36% free, 27MB/43MB, paused 371us total 63.919ms
08-03 21:11:18.240 10394 10406 I art     : Starting a blocking GC Explicit
08-03 21:11:18.300 10394 10406 I art     : Explicit concurrent mark sweep GC freed 20(704B) AllocSpace objects, 0(0B) LOS objects, 36% free, 27MB/43MB, paused 346us total 59.842ms
08-03 21:11:18.324 10394 10406 I art     : Starting a blocking GC Explicit
08-03 21:11:18.386 10394 10406 I art     : Explicit concurrent mark sweep GC freed 3(96B) AllocSpace objects, 0(0B) LOS objects, 36% free, 27MB/43MB, paused 371us total 62.083ms
08-03 21:11:18.409 10394 10406 I art     : Starting a blocking GC Explicit
08-03 21:11:18.467 10394 10406 I art     : Explicit concurrent mark sweep GC freed 3(96B) AllocSpace objects, 0(0B) LOS objects, 36% free, 27MB/43MB, paused 442us total 57.828ms
08-03 21:11:18.487 10394 10406 I art     : Starting a blocking GC Explicit
08-03 21:11:18.548 10394 10406 I art     : Explicit concurrent mark sweep GC freed 3(96B) AllocSpace objects, 0(0B) LOS objects, 36% free, 27MB/43MB, paused 341us total 60.401ms
08-03 21:11:18.892 10394 10407 I art     : Starting a blocking GC Explicit
08-03 21:11:18.968 10394 10407 I art     : Explicit concurrent mark sweep GC freed 1343(78KB) AllocSpace objects, 1(20KB) LOS objects, 36% free, 27MB/43MB, paused 361us total 75.206ms
08-03 21:11:18.989 10394 10407 I art     : Starting a blocking GC Explicit
08-03 21:11:19.049 10394 10407 I art     : Explicit concurrent mark sweep GC freed 20(704B) AllocSpace objects, 0(0B) LOS objects, 36% free, 27MB/43MB, paused 353us total 58.946ms
08-03 21:11:19.069 10394 10407 I art     : Starting a blocking GC Explicit
08-03 21:11:19.080  7841  7841 W Atfwd_Sendcmd: AtCmdFwd service not published, waiting... retryCnt : 3
08-03 21:11:19.129 10394 10407 I art     : Explicit concurrent mark sweep GC freed 3(96B) AllocSpace objects, 0(0B) LOS objects, 36% free, 27MB/43MB, paused 377us total 59.797ms
08-03 21:11:19.152 10394 10407 I art     : Starting a blocking GC Explicit
08-03 21:11:19.207 10394 10407 I art     : Explicit concurrent mark sweep GC freed 3(96B) AllocSpace objects, 0(0B) LOS objects, 36% free, 27MB/43MB, paused 347us total 55.027ms
08-03 21:11:19.227 10394 10407 I art     : Starting a blocking GC Explicit
08-03 21:11:19.289 10394 10407 I art     : Explicit concurrent mark sweep GC freed 3(96B) AllocSpace objects, 0(0B) LOS objects, 36% free, 27MB/43MB, paused 392us total 61.801ms
08-03 21:11:19.632 10394 10423 I art     : Starting a blocking GC Explicit
08-03 21:11:19.706 10394 10423 I art     : Explicit concurrent mark sweep GC freed 1343(78KB) AllocSpace objects, 1(20KB) LOS objects, 36% free, 27MB/43MB, paused 378us total 73.279ms
08-03 21:11:19.730 10394 10423 I art     : Starting a blocking GC Explicit
08-03 21:11:19.788 10394 10423 I art     : Explicit concurrent mark sweep GC freed 20(704B) AllocSpace objects, 0(0B) LOS objects, 36% free, 27MB/43MB, paused 364us total 57.851ms
08-03 21:11:19.808 10394 10423 I art     : Starting a blocking GC Explicit
08-03 21:11:19.866 10394 10423 I art     : Explicit concurrent mark sweep GC freed 3(96B) AllocSpace objects, 0(0B) LOS objects, 36% free, 27MB/43MB, paused 346us total 57.886ms
08-03 21:11:19.890 10394 10423 I art     : Starting a blocking GC Explicit
08-03 21:11:19.952 10394 10423 I art     : Explicit concurrent mark sweep GC freed 3(96B) AllocSpace objects, 0(0B) LOS objects, 36% free, 27MB/43MB, paused 380us total 62.207ms
08-03 21:11:19.976 10394 10423 I art     : Starting a blocking GC Explicit
08-03 21:11:20.034 10394 10423 I art     : Explicit concurrent mark sweep GC freed 3(96B) AllocSpace objects, 0(0B) LOS objects, 36% free, 27MB/43MB, paused 349us total 57.269ms
08-03 21:11:20.365 10394 10741 I art     : Starting a blocking GC Explicit
08-03 21:11:20.427 10394 10741 I art     : Explicit concurrent mark sweep GC freed 1344(79KB) AllocSpace objects, 1(20KB) LOS objects, 36% free, 27MB/43MB, paused 347us total 61.552ms
08-03 21:11:20.446 10394 10741 I art     : Starting a blocking GC Explicit
08-03 21:11:20.497 10394 10741 I art     : Explicit concurrent mark sweep GC freed 20(704B) AllocSpace objects, 0(0B) LOS objects, 36% free, 27MB/43MB, paused 361us total 50.981ms
08-03 21:11:20.517 10394 10741 I art     : Starting a blocking GC Explicit
08-03 21:11:20.570 10394 10741 I art     : Explicit concurrent mark sweep GC freed 3(96B) AllocSpace objects, 0(0B) LOS objects, 36% free, 27MB/43MB, paused 335us total 53.104ms
08-03 21:11:20.590 10394 10741 I art     : Starting a blocking GC Explicit
08-03 21:11:20.646 10394 10741 I art     : Explicit concurrent mark sweep GC freed 3(96B) AllocSpace objects, 0(0B) LOS objects, 36% free, 27MB/43MB, paused 355us total 56.225ms
08-03 21:11:20.666 10394 10741 I art     : Starting a blocking GC Explicit
08-03 21:11:20.721 10394 10741 I art     : Explicit concurrent mark sweep GC freed 3(96B) AllocSpace objects, 0(0B) LOS objects, 36% free, 27MB/43MB, paused 365us total 55.304ms
08-03 21:11:20.941 11174 11174 D AndroidRuntime: >>>>>> START com.android.internal.os.RuntimeInit uid 2000 <<<<<<
08-03 21:11:20.947 11174 11174 D AndroidRuntime: CheckJNI is OFF
08-03 21:11:20.987 11174 11174 D ICU     : No timezone override file found: /data/misc/zoneinfo/current/icu/icu_tzdata.dat
08-03 21:11:21.029 11174 11174 I Radio-JNI: register_android_hardware_Radio DONE
08-03 21:11:21.056 10394 10406 I art     : Starting a blocking GC Explicit
08-03 21:11:21.058 11174 11174 D AndroidRuntime: Calling main entry com.android.commands.input.Input
08-03 21:11:21.060 11174 11174 I Input   : injectKeyEvent: KeyEvent { action=ACTION_DOWN, keyCode=KEYCODE_BACK, scanCode=0, metaState=0, flags=0x0, repeatCount=0, eventTime=652297473, downTime=652297473, deviceId=-1, source=0x101 }
08-03 21:11:21.066 11174 11174 I Input   : injectKeyEvent: KeyEvent { action=ACTION_UP, keyCode=KEYCODE_BACK, scanCode=0, metaState=0, flags=0x0, repeatCount=0, eventTime=652297473, downTime=652297473, deviceId=-1, source=0x101 }
08-03 21:11:21.073 11174 11174 D AndroidRuntime: Shutting down VM
08-03 21:11:21.107 10394 10406 I art     : Explicit concurrent mark sweep GC freed 1464(83KB) AllocSpace objects, 1(20KB) LOS objects, 36% free, 27MB/43MB, paused 358us total 50.566ms
08-03 21:11:21.113 13866 13866 I GoogleInputMethodServic: GoogleInputMethodService.onFinishInput():3138 
08-03 21:11:21.113 13866 13866 I GoogleInputMethodServic: GoogleInputMethodService.onStartInput():1808 
08-03 21:11:21.127 10394 10406 I art     : Starting a blocking GC Explicit
08-03 21:11:21.168 10394 11104 I RedditChangeDataIO: Writing tmp data file at '/data/user/0/baseline.org.quantumbadger.redreader/files/rr_change_data_tmp.dat'
08-03 21:11:21.169 10394 11104 I RedditChangeDataManager: Taking snapshot...
08-03 21:11:21.169 10394 11104 I RedditChangeDataManager: Writing to stream...
08-03 21:11:21.170 10394 11104 I RedditChangeDataManager: Wrote 1 entries for user ''
08-03 21:11:21.170 10394 11104 I RedditChangeDataManager: All entries written to stream.
08-03 21:11:21.170 10394 11104 I RedditChangeDataIO: Write successful. Atomically replacing data file...
08-03 21:11:21.170 10394 11104 I RedditChangeDataIO: Write complete.
08-03 21:11:21.170 10394 11104 I RedditChangeDataIO: 38 bytes written in 2 ms
08-03 21:11:21.175 10394 10406 I art     : Explicit concurrent mark sweep GC freed 213(9KB) AllocSpace objects, 1(68KB) LOS objects, 36% free, 27MB/43MB, paused 356us total 48.535ms
08-03 21:11:21.194 10394 10406 I art     : Starting a blocking GC Explicit
08-03 21:11:21.241 10394 10406 I art     : Explicit concurrent mark sweep GC freed 21(1232B) AllocSpace objects, 0(0B) LOS objects, 36% free, 27MB/43MB, paused 309us total 47.420ms
08-03 21:11:21.261 10394 10406 I art     : Starting a blocking GC Explicit
08-03 21:11:21.324 10394 10406 I art     : Explicit concurrent mark sweep GC freed 3(96B) AllocSpace objects, 0(0B) LOS objects, 36% free, 27MB/43MB, paused 360us total 62.492ms
08-03 21:11:21.347 10394 10406 I art     : Starting a blocking GC Explicit
08-03 21:11:21.410 10394 10406 I art     : Explicit concurrent mark sweep GC freed 3(96B) AllocSpace objects, 0(0B) LOS objects, 36% free, 27MB/43MB, paused 386us total 62.789ms
08-03 21:11:21.435   380   380 W SurfaceFlinger: couldn't log to binary event log: overflow.
08-03 21:11:21.696 10394 10741 I art     : Starting a blocking GC Explicit
08-03 21:11:21.759 10394 10741 I art     : Explicit concurrent mark sweep GC freed 1431(82KB) AllocSpace objects, 1(20KB) LOS objects, 36% free, 27MB/43MB, paused 364us total 62.854ms
08-03 21:11:21.784 10394 10741 I art     : Starting a blocking GC Explicit
08-03 21:11:21.825 10394 10741 I art     : Explicit concurrent mark sweep GC freed 47028(2MB) AllocSpace objects, 5(140KB) LOS objects, 39% free, 24MB/40MB, paused 311us total 41.394ms
08-03 21:11:21.843 10394 10741 I art     : Starting a blocking GC Explicit
08-03 21:11:21.876 10394 10741 I art     : Explicit concurrent mark sweep GC freed 68(2272B) AllocSpace objects, 0(0B) LOS objects, 39% free, 24MB/40MB, paused 293us total 33.061ms
08-03 21:11:21.893 10394 10741 I art     : Starting a blocking GC Explicit
08-03 21:11:21.930 10394 10741 I art     : Explicit concurrent mark sweep GC freed 3(96B) AllocSpace objects, 0(0B) LOS objects, 39% free, 24MB/40MB, paused 277us total 37.200ms
08-03 21:11:21.948 10394 10741 I art     : Starting a blocking GC Explicit
08-03 21:11:21.985 10394 10741 I art     : Explicit concurrent mark sweep GC freed 3(96B) AllocSpace objects, 0(0B) LOS objects, 39% free, 24MB/40MB, paused 290us total 36.765ms
08-03 21:11:22.292 10394 10423 I art     : Starting a blocking GC Explicit
08-03 21:11:22.333 10394 10423 I art     : Explicit concurrent mark sweep GC freed 1343(78KB) AllocSpace objects, 1(20KB) LOS objects, 39% free, 24MB/40MB, paused 286us total 40.603ms
08-03 21:11:22.350 10394 10423 I art     : Starting a blocking GC Explicit
08-03 21:11:22.386 10394 10423 I art     : Explicit concurrent mark sweep GC freed 20(704B) AllocSpace objects, 0(0B) LOS objects, 39% free, 24MB/40MB, paused 320us total 35.706ms
08-03 21:11:22.402 10394 10423 I art     : Starting a blocking GC Explicit
08-03 21:11:22.437 10394 10423 I art     : Explicit concurrent mark sweep GC freed 3(96B) AllocSpace objects, 0(0B) LOS objects, 39% free, 24MB/40MB, paused 311us total 35.079ms
08-03 21:11:22.454 10394 10423 I art     : Starting a blocking GC Explicit
08-03 21:11:22.490 10394 10423 I art     : Explicit concurrent mark sweep GC freed 3(96B) AllocSpace objects, 0(0B) LOS objects, 39% free, 24MB/40MB, paused 308us total 35.909ms
08-03 21:11:22.507 10394 10423 I art     : Starting a blocking GC Explicit
08-03 21:11:22.544 10394 10423 I art     : Explicit concurrent mark sweep GC freed 3(96B) AllocSpace objects, 0(0B) LOS objects, 39% free, 24MB/40MB, paused 307us total 36.170ms
08-03 21:11:22.830 10394 10407 I art     : Starting a blocking GC Explicit
08-03 21:11:22.849 11217 11217 D AndroidRuntime: >>>>>> START com.android.internal.os.RuntimeInit uid 2000 <<<<<<
08-03 21:11:22.855 11217 11217 D AndroidRuntime: CheckJNI is OFF
08-03 21:11:22.873 10394 10407 I art     : Explicit concurrent mark sweep GC freed 1343(78KB) AllocSpace objects, 1(20KB) LOS objects, 39% free, 24MB/40MB, paused 324us total 42.020ms
08-03 21:11:22.890 10394 10407 I art     : Starting a blocking GC Explicit
08-03 21:11:22.906 11217 11217 D ICU     : No timezone override file found: /data/misc/zoneinfo/current/icu/icu_tzdata.dat
08-03 21:11:22.927 10394 10407 I art     : Explicit concurrent mark sweep GC freed 20(704B) AllocSpace objects, 0(0B) LOS objects, 39% free, 24MB/40MB, paused 330us total 37.483ms
08-03 21:11:22.944 10394 10407 I art     : Starting a blocking GC Explicit
08-03 21:11:22.953 11217 11217 I Radio-JNI: register_android_hardware_Radio DONE
08-03 21:11:22.978   518   646 I ThermalEngine: ACTION: GPU - Setting GPU[0] to 510000000
08-03 21:11:22.981 10394 10407 I art     : Explicit concurrent mark sweep GC freed 3(96B) AllocSpace objects, 0(0B) LOS objects, 39% free, 24MB/40MB, paused 298us total 36.523ms
08-03 21:11:22.983 11217 11217 D AndroidRuntime: Calling main entry com.android.commands.input.Input
08-03 21:11:22.985 11217 11217 I Input   : injectMotionEvent: MotionEvent { action=ACTION_DOWN, actionButton=0, id[0]=0, x[0]=600.0, y[0]=950.0, toolType[0]=TOOL_TYPE_UNKNOWN, buttonState=0, metaState=0, flags=0x0, edgeFlags=0x0, pointerCount=1, historySize=0, eventTime=652299398, downTime=652299398, deviceId=0, source=0x1002 }
08-03 21:11:22.992 11217 11217 I Input   : injectMotionEvent: MotionEvent { action=ACTION_UP, actionButton=0, id[0]=0, x[0]=600.0, y[0]=950.0, toolType[0]=TOOL_TYPE_UNKNOWN, buttonState=0, metaState=0, flags=0x0, edgeFlags=0x0, pointerCount=1, historySize=0, eventTime=652299398, downTime=652299398, deviceId=0, source=0x1002 }
08-03 21:11:22.994 11217 11217 D AndroidRuntime: Shutting down VM
08-03 21:11:22.997 10394 10407 I art     : Starting a blocking GC Explicit
08-03 21:11:23.009   512  2967 D audio_hw_primary: out_set_parameters: enter: usecase(1: low-latency-playback) kvpairs: routing=2
08-03 21:11:23.014   918  5952 I ActivityManager: START u0 {dat=https://oauth.reddit.com/... cmp=baseline.org.quantumbadger.redreader/.activities.CommentListingActivity} from uid 10634 on display 0
08-03 21:11:23.021   512  2967 D audio_hw_primary: select_devices: out_snd_device(2: speaker) in_snd_device(0: none)
08-03 21:11:23.022   512  2967 D msm8974_platform: platform_send_audio_calibration: sending audio calibration for snd_device(2) acdb_id(15)
08-03 21:11:23.022   512  2967 I soundtrigger: audio_extn_sound_trigger_update_device_status: device 0x2 of type 0 for Event 1
08-03 21:11:23.033 10394 10407 I art     : Explicit concurrent mark sweep GC freed 728(27KB) AllocSpace objects, 0(0B) LOS objects, 39% free, 24MB/40MB, paused 546us total 35.786ms
08-03 21:11:23.034   512  2967 D audio_hw_primary: enable_snd_device: snd_device(2: speaker)
08-03 21:11:23.037   512  2967 D audio_hw_primary: enable_audio_route: apply and update mixer path: low-latency-playback speaker
08-03 21:11:23.044 10394 10394 I AppCompatViewInflater: app:theme is now deprecated. Please move to using android:theme instead.
08-03 21:11:23.046 10394 10407 I art     : Starting a blocking GC Explicit
08-03 21:11:23.060 10394 11242 D OK      : calling: https://oauth.reddit.com/comments/hwnhe2/.json?sort=confidence
08-03 21:11:23.074 10394 10407 I art     : Explicit concurrent mark sweep GC freed 1377(88KB) AllocSpace objects, 0(0B) LOS objects, 39% free, 25MB/41MB, paused 310us total 27.986ms
08-03 21:11:23.129   918   936 I ActivityManager: Displayed baseline.org.quantumbadger.redreader/.activities.CommentListingActivity: +106ms
08-03 21:11:23.130 13866 13866 I GoogleInputMethodServic: GoogleInputMethodService.onFinishInput():3138 
08-03 21:11:23.130 13866 13866 I GoogleInputMethodServic: GoogleInputMethodService.onStartInput():1808 
08-03 21:11:23.342 10394 10423 I art     : Starting a blocking GC Explicit
08-03 21:11:23.371   380   380 W SurfaceFlinger: couldn't log to binary event log: overflow.
08-03 21:11:23.383 10394 10423 I art     : Explicit concurrent mark sweep GC freed 4327(198KB) AllocSpace objects, 1(20KB) LOS objects, 38% free, 25MB/41MB, paused 315us total 41.440ms
08-03 21:11:23.397 10394 10423 I art     : Starting a blocking GC Explicit
08-03 21:11:23.423 10394 10423 I art     : Explicit concurrent mark sweep GC freed 206(10KB) AllocSpace objects, 0(0B) LOS objects, 38% free, 25MB/41MB, paused 252us total 25.350ms
08-03 21:11:23.435 10394 10423 I art     : Starting a blocking GC Explicit
08-03 21:11:23.450 10394 11242 I NAPPA_EXPERIMENTATION: MetricNetworkRequestExecutionTime: REQUEST_DURATION_SYSTEM='390',REQUEST_DURATION_OKHTTP='152',REQUEST_SYNCHRONOUS='TRUE',RESPONSE_CODE='200',RESPONSE_METHOD='GET',RESPONSE_LENGTH_OKHTTP='-1',RESPONSE_LENGTH_HEADER='3930',REQUEST_PROTOCOL='h2',REQUEST_URL='https://oauth.reddit.com/comments/hwnhe2/.json?sort=confidence',
08-03 21:11:23.450 10394 11242 D OK      : request got status: 200
08-03 21:11:23.462 10394 10423 I art     : Explicit concurrent mark sweep GC freed 485(35KB) AllocSpace objects, 0(0B) LOS objects, 38% free, 25MB/41MB, paused 314us total 26.637ms
08-03 21:11:23.462 10394 11001 I CommentListingActivity: COMMENTS session changed to 817792f4-815c-4310-b17c-3533b8ad7852
08-03 21:11:23.474 10394 10423 I art     : Starting a blocking GC Explicit
08-03 21:11:23.507 10394 10423 I art     : Explicit concurrent mark sweep GC freed 2833(281KB) AllocSpace objects, 3(100KB) LOS objects, 38% free, 25MB/41MB, paused 426us total 32.826ms
08-03 21:11:23.521 10394 10423 I art     : Starting a blocking GC Explicit
08-03 21:11:23.549 10394 10423 I art     : Explicit concurrent mark sweep GC freed 1294(78KB) AllocSpace objects, 1(68KB) LOS objects, 38% free, 25MB/41MB, paused 488us total 27.768ms
08-03 21:11:23.578   512  2967 D audio_hw_primary: disable_audio_route: reset and update mixer path: low-latency-playback speaker
08-03 21:11:23.579   512  2967 D audio_hw_primary: disable_snd_device: snd_device(2: speaker)
08-03 21:11:23.588   512  2967 I soundtrigger: audio_extn_sound_trigger_update_device_status: device 0x2 of type 0 for Event 0
08-03 21:11:23.822 10394 10406 I art     : Starting a blocking GC Explicit
08-03 21:11:23.857 10394 10406 I art     : Explicit concurrent mark sweep GC freed 1469(84KB) AllocSpace objects, 1(20KB) LOS objects, 38% free, 25MB/41MB, paused 269us total 34.518ms
08-03 21:11:23.871 10394 10406 I art     : Starting a blocking GC Explicit
08-03 21:11:23.902 10394 10406 I art     : Explicit concurrent mark sweep GC freed 24(832B) AllocSpace objects, 0(0B) LOS objects, 38% free, 25MB/41MB, paused 251us total 31.052ms
08-03 21:11:23.916 10394 10406 I art     : Starting a blocking GC Explicit
08-03 21:11:23.946 10394 10406 I art     : Explicit concurrent mark sweep GC freed 3(96B) AllocSpace objects, 0(0B) LOS objects, 38% free, 25MB/41MB, paused 231us total 29.931ms
08-03 21:11:23.959 10394 10406 I art     : Starting a blocking GC Explicit
08-03 21:11:23.979   518   646 I ThermalEngine: ACTION: GPU - Setting GPU[0] to 450000000
08-03 21:11:23.994 10394 10406 I art     : Explicit concurrent mark sweep GC freed 3(96B) AllocSpace objects, 0(0B) LOS objects, 38% free, 25MB/41MB, paused 308us total 34.628ms
08-03 21:11:24.012 10394 10406 I art     : Starting a blocking GC Explicit
08-03 21:11:24.049 10394 10406 I art     : Explicit concurrent mark sweep GC freed 3(96B) AllocSpace objects, 0(0B) LOS objects, 38% free, 25MB/41MB, paused 368us total 37.413ms
08-03 21:11:24.355 10394 10423 I art     : Starting a blocking GC Explicit
08-03 21:11:24.404 10394 10423 I art     : Explicit concurrent mark sweep GC freed 1389(81KB) AllocSpace objects, 1(20KB) LOS objects, 38% free, 25MB/41MB, paused 363us total 48.282ms
08-03 21:11:24.422 10394 10423 I art     : Starting a blocking GC Explicit
08-03 21:11:24.463 10394 10423 I art     : Explicit concurrent mark sweep GC freed 20(704B) AllocSpace objects, 0(0B) LOS objects, 38% free, 25MB/41MB, paused 340us total 39.812ms
08-03 21:11:24.480 10394 10423 I art     : Starting a blocking GC Explicit
08-03 21:11:24.520 10394 10423 I art     : Explicit concurrent mark sweep GC freed 3(96B) AllocSpace objects, 0(0B) LOS objects, 38% free, 25MB/41MB, paused 333us total 39.889ms
08-03 21:11:24.538 10394 10423 I art     : Starting a blocking GC Explicit
08-03 21:11:24.581 10394 10423 I art     : Explicit concurrent mark sweep GC freed 3(96B) AllocSpace objects, 0(0B) LOS objects, 38% free, 25MB/41MB, paused 355us total 42.969ms
08-03 21:11:24.599 10394 10423 I art     : Starting a blocking GC Explicit
08-03 21:11:24.642 10394 10423 I art     : Explicit concurrent mark sweep GC freed 3(96B) AllocSpace objects, 0(0B) LOS objects, 38% free, 25MB/41MB, paused 349us total 42.986ms
08-03 21:11:24.953 10394 10407 I art     : Starting a blocking GC Explicit
08-03 21:11:24.997 10394 10407 I art     : Explicit concurrent mark sweep GC freed 1343(79KB) AllocSpace objects, 1(20KB) LOS objects, 38% free, 25MB/41MB, paused 355us total 43.391ms
08-03 21:11:25.014 10394 10407 I art     : Starting a blocking GC Explicit
08-03 21:11:25.061 10394 10407 I art     : Explicit concurrent mark sweep GC freed 20(704B) AllocSpace objects, 0(0B) LOS objects, 38% free, 25MB/41MB, paused 360us total 45.962ms
08-03 21:11:25.083 10394 10407 I art     : Starting a blocking GC Explicit
08-03 21:11:25.126 10394 10407 I art     : Explicit concurrent mark sweep GC freed 3(96B) AllocSpace objects, 0(0B) LOS objects, 38% free, 25MB/41MB, paused 344us total 42.763ms
08-03 21:11:25.143 10394 10407 I art     : Starting a blocking GC Explicit
08-03 21:11:25.187 10394 10407 I art     : Explicit concurrent mark sweep GC freed 3(96B) AllocSpace objects, 0(0B) LOS objects, 38% free, 25MB/41MB, paused 352us total 43.377ms
08-03 21:11:25.205 10394 10407 I art     : Starting a blocking GC Explicit
08-03 21:11:25.248 10394 10407 I art     : Explicit concurrent mark sweep GC freed 3(96B) AllocSpace objects, 0(0B) LOS objects, 38% free, 25MB/41MB, paused 363us total 42.927ms
08-03 21:11:25.584 10394 10406 I art     : Starting a blocking GC Explicit
08-03 21:11:25.634 10394 10406 I art     : Explicit concurrent mark sweep GC freed 1343(79KB) AllocSpace objects, 1(20KB) LOS objects, 38% free, 25MB/41MB, paused 359us total 48.943ms
08-03 21:11:25.654 10394 10406 I art     : Starting a blocking GC Explicit
08-03 21:11:25.698 10394 10406 I art     : Explicit concurrent mark sweep GC freed 20(704B) AllocSpace objects, 0(0B) LOS objects, 38% free, 25MB/41MB, paused 385us total 44.112ms
08-03 21:11:25.719 10394 10406 I art     : Starting a blocking GC Explicit
08-03 21:11:25.763 10394 10406 I art     : Explicit concurrent mark sweep GC freed 3(96B) AllocSpace objects, 0(0B) LOS objects, 38% free, 25MB/41MB, paused 352us total 43.430ms
08-03 21:11:25.781 10394 10406 I art     : Starting a blocking GC Explicit
08-03 21:11:25.825 10394 10406 I art     : Explicit concurrent mark sweep GC freed 3(96B) AllocSpace objects, 0(0B) LOS objects, 38% free, 25MB/41MB, paused 349us total 44.168ms
08-03 21:11:25.843 10394 10406 I art     : Starting a blocking GC Explicit
08-03 21:11:25.884 10394 10406 I art     : Explicit concurrent mark sweep GC freed 3(96B) AllocSpace objects, 0(0B) LOS objects, 38% free, 25MB/41MB, paused 369us total 41.199ms
08-03 21:11:26.213 10394 10741 I art     : Starting a blocking GC Explicit
08-03 21:11:26.266 10394 10741 I art     : Explicit concurrent mark sweep GC freed 1344(79KB) AllocSpace objects, 1(20KB) LOS objects, 38% free, 25MB/41MB, paused 382us total 52.143ms
08-03 21:11:26.286 10394 10741 I art     : Starting a blocking GC Explicit
08-03 21:11:26.331 10394 10741 I art     : Explicit concurrent mark sweep GC freed 20(704B) AllocSpace objects, 0(0B) LOS objects, 38% free, 25MB/41MB, paused 368us total 44.387ms
08-03 21:11:26.351 10394 10741 I art     : Starting a blocking GC Explicit
08-03 21:11:26.393 10394 10741 I art     : Explicit concurrent mark sweep GC freed 3(96B) AllocSpace objects, 0(0B) LOS objects, 38% free, 25MB/41MB, paused 364us total 41.759ms
08-03 21:11:26.411 10394 10741 I art     : Starting a blocking GC Explicit
08-03 21:11:26.457 10394 10741 I art     : Explicit concurrent mark sweep GC freed 3(96B) AllocSpace objects, 0(0B) LOS objects, 38% free, 25MB/41MB, paused 366us total 45.851ms
08-03 21:11:26.478 10394 10741 I art     : Starting a blocking GC Explicit
08-03 21:11:26.520 10394 10741 I art     : Explicit concurrent mark sweep GC freed 3(96B) AllocSpace objects, 0(0B) LOS objects, 38% free, 25MB/41MB, paused 357us total 42.363ms
08-03 21:11:26.843 10394 10423 I art     : Starting a blocking GC Explicit
08-03 21:11:26.895 10394 10423 I art     : Explicit concurrent mark sweep GC freed 1347(79KB) AllocSpace objects, 1(20KB) LOS objects, 38% free, 25MB/41MB, paused 378us total 51.709ms
08-03 21:11:26.915 10394 10423 I art     : Starting a blocking GC Explicit
08-03 21:11:26.961 10394 10423 I art     : Explicit concurrent mark sweep GC freed 20(704B) AllocSpace objects, 0(0B) LOS objects, 38% free, 25MB/41MB, paused 372us total 45.380ms
08-03 21:11:26.982 10394 10423 I art     : Starting a blocking GC Explicit
08-03 21:11:27.026 10394 10423 I art     : Explicit concurrent mark sweep GC freed 3(96B) AllocSpace objects, 0(0B) LOS objects, 38% free, 25MB/41MB, paused 345us total 43.535ms
08-03 21:11:27.043 10394 10423 I art     : Starting a blocking GC Explicit
08-03 21:11:27.087 10394 10423 I art     : Explicit concurrent mark sweep GC freed 3(96B) AllocSpace objects, 0(0B) LOS objects, 38% free, 25MB/41MB, paused 375us total 43.753ms
08-03 21:11:27.105 10394 10423 I art     : Starting a blocking GC Explicit
08-03 21:11:27.145 10394 10423 I art     : Explicit concurrent mark sweep GC freed 3(96B) AllocSpace objects, 0(0B) LOS objects, 38% free, 25MB/41MB, paused 344us total 40.131ms
08-03 21:11:27.396   918  3188 I hubconnection: sensorhub said: 'set_bias 3: -5.2800, 0.0000, 0.0000'
08-03 21:11:27.418 10394 10407 I art     : Starting a blocking GC Explicit
08-03 21:11:27.461 10394 10407 I art     : Explicit concurrent mark sweep GC freed 1344(79KB) AllocSpace objects, 1(20KB) LOS objects, 38% free, 25MB/41MB, paused 374us total 43.073ms
08-03 21:11:27.483 10394 10407 I art     : Starting a blocking GC Explicit
08-03 21:11:27.523 10394 10407 I art     : Explicit concurrent mark sweep GC freed 20(704B) AllocSpace objects, 0(0B) LOS objects, 38% free, 25MB/41MB, paused 347us total 39.780ms
08-03 21:11:27.540 10394 10407 I art     : Starting a blocking GC Explicit
08-03 21:11:27.582 10394 10407 I art     : Explicit concurrent mark sweep GC freed 3(96B) AllocSpace objects, 0(0B) LOS objects, 38% free, 25MB/41MB, paused 345us total 41.196ms
08-03 21:11:27.599 10394 10407 I art     : Starting a blocking GC Explicit
08-03 21:11:27.638 10394 10407 I art     : Explicit concurrent mark sweep GC freed 3(96B) AllocSpace objects, 0(0B) LOS objects, 38% free, 25MB/41MB, paused 342us total 39.221ms
08-03 21:11:27.656 10394 10407 I art     : Starting a blocking GC Explicit
08-03 21:11:27.697 10394 10407 I art     : Explicit concurrent mark sweep GC freed 3(96B) AllocSpace objects, 0(0B) LOS objects, 38% free, 25MB/41MB, paused 324us total 40.996ms
08-03 21:11:27.814 11316 11316 D AndroidRuntime: >>>>>> START com.android.internal.os.RuntimeInit uid 2000 <<<<<<
08-03 21:11:27.821 11316 11316 D AndroidRuntime: CheckJNI is OFF
08-03 21:11:27.869 11316 11316 D ICU     : No timezone override file found: /data/misc/zoneinfo/current/icu/icu_tzdata.dat
08-03 21:11:27.914 11316 11316 I Radio-JNI: register_android_hardware_Radio DONE
08-03 21:11:27.942 11316 11316 D AndroidRuntime: Calling main entry com.android.commands.input.Input
08-03 21:11:27.944 11316 11316 I Input   : injectKeyEvent: KeyEvent { action=ACTION_DOWN, keyCode=KEYCODE_BACK, scanCode=0, metaState=0, flags=0x0, repeatCount=0, eventTime=652304357, downTime=652304357, deviceId=-1, source=0x101 }
08-03 21:11:27.949 11316 11316 I Input   : injectKeyEvent: KeyEvent { action=ACTION_UP, keyCode=KEYCODE_BACK, scanCode=0, metaState=0, flags=0x0, repeatCount=0, eventTime=652304357, downTime=652304357, deviceId=-1, source=0x101 }
08-03 21:11:27.955 11316 11316 D AndroidRuntime: Shutting down VM
08-03 21:11:27.986   518   646 I ThermalEngine: ACTION: GPU - Setting GPU[0] to 510000000
08-03 21:11:28.000 13866 13866 I GoogleInputMethodServic: GoogleInputMethodService.onFinishInput():3138 
08-03 21:11:28.001 13866 13866 I GoogleInputMethodServic: GoogleInputMethodService.onStartInput():1808 
08-03 21:11:28.013 10394 10406 I art     : Starting a blocking GC Explicit
08-03 21:11:28.025 10394 11241 I RedditChangeDataIO: Writing tmp data file at '/data/user/0/baseline.org.quantumbadger.redreader/files/rr_change_data_tmp.dat'
08-03 21:11:28.025 10394 11241 I RedditChangeDataManager: Taking snapshot...
08-03 21:11:28.025 10394 11241 I RedditChangeDataManager: Writing to stream...
08-03 21:11:28.025 10394 11241 I RedditChangeDataManager: Wrote 2 entries for user ''
08-03 21:11:28.025 10394 11241 I RedditChangeDataManager: All entries written to stream.
08-03 21:11:28.025 10394 11241 I RedditChangeDataIO: Write successful. Atomically replacing data file...
08-03 21:11:28.026 10394 11241 I RedditChangeDataIO: Write complete.
08-03 21:11:28.026 10394 11241 I RedditChangeDataIO: 62 bytes written in 2 ms
08-03 21:11:28.046 10394 10406 I art     : Explicit concurrent mark sweep GC freed 1654(92KB) AllocSpace objects, 2(88KB) LOS objects, 38% free, 25MB/41MB, paused 371us total 33.332ms
08-03 21:11:28.061 10394 10406 I art     : Starting a blocking GC Explicit
08-03 21:11:28.086 10394 10406 I art     : Explicit concurrent mark sweep GC freed 35(1408B) AllocSpace objects, 0(0B) LOS objects, 38% free, 25MB/41MB, paused 219us total 25.344ms
08-03 21:11:28.099 10394 10406 I art     : Starting a blocking GC Explicit
08-03 21:11:28.127 10394 10406 I art     : Explicit concurrent mark sweep GC freed 3(96B) AllocSpace objects, 0(0B) LOS objects, 38% free, 25MB/41MB, paused 241us total 28.169ms
08-03 21:11:28.141 10394 10406 I art     : Starting a blocking GC Explicit
08-03 21:11:28.175 10394 10406 I art     : Explicit concurrent mark sweep GC freed 3(96B) AllocSpace objects, 0(0B) LOS objects, 38% free, 25MB/41MB, paused 277us total 34.373ms
08-03 21:11:28.193 10394 10406 I art     : Starting a blocking GC Explicit
08-03 21:11:28.234 10394 10406 I art     : Explicit concurrent mark sweep GC freed 3(96B) AllocSpace objects, 0(0B) LOS objects, 38% free, 25MB/41MB, paused 292us total 40.833ms
08-03 21:11:28.309   380   380 W SurfaceFlinger: couldn't log to binary event log: overflow.
08-03 21:11:28.480 10394 10407 I art     : Starting a blocking GC Explicit
08-03 21:11:28.514 10394 10407 I art     : Explicit concurrent mark sweep GC freed 1630(117KB) AllocSpace objects, 1(20KB) LOS objects, 38% free, 25MB/41MB, paused 246us total 33.718ms
08-03 21:11:28.528 10394 10407 I art     : Starting a blocking GC Explicit
08-03 21:11:28.560 10394 10407 I art     : Explicit concurrent mark sweep GC freed 3919(312KB) AllocSpace objects, 5(140KB) LOS objects, 39% free, 24MB/40MB, paused 230us total 32.024ms
08-03 21:11:28.573 10394 10407 I art     : Starting a blocking GC Explicit
08-03 21:11:28.605 10394 10407 I art     : Explicit concurrent mark sweep GC freed 3(96B) AllocSpace objects, 0(0B) LOS objects, 39% free, 24MB/40MB, paused 237us total 30.975ms
08-03 21:11:28.618 10394 10407 I art     : Starting a blocking GC Explicit
08-03 21:11:28.649 10394 10407 I art     : Explicit concurrent mark sweep GC freed 3(96B) AllocSpace objects, 0(0B) LOS objects, 39% free, 24MB/40MB, paused 235us total 30.426ms
08-03 21:11:28.662 10394 10407 I art     : Starting a blocking GC Explicit
08-03 21:11:28.693 10394 10407 I art     : Explicit concurrent mark sweep GC freed 3(96B) AllocSpace objects, 0(0B) LOS objects, 39% free, 24MB/40MB, paused 234us total 30.146ms
08-03 21:11:28.981 10394 10741 I art     : Starting a blocking GC Explicit
08-03 21:11:29.020 10394 10741 I art     : Explicit concurrent mark sweep GC freed 1343(79KB) AllocSpace objects, 1(20KB) LOS objects, 39% free, 24MB/40MB, paused 261us total 38.355ms
08-03 21:11:29.034 10394 10741 I art     : Starting a blocking GC Explicit
08-03 21:11:29.065 10394 10741 I art     : Explicit concurrent mark sweep GC freed 20(704B) AllocSpace objects, 0(0B) LOS objects, 39% free, 24MB/40MB, paused 231us total 30.492ms
08-03 21:11:29.078 10394 10741 I art     : Starting a blocking GC Explicit
08-03 21:11:29.110 10394 10741 I art     : Explicit concurrent mark sweep GC freed 3(96B) AllocSpace objects, 0(0B) LOS objects, 39% free, 24MB/40MB, paused 231us total 31.133ms
08-03 21:11:29.123 10394 10741 I art     : Starting a blocking GC Explicit
08-03 21:11:29.154 10394 10741 I art     : Explicit concurrent mark sweep GC freed 3(96B) AllocSpace objects, 0(0B) LOS objects, 39% free, 24MB/40MB, paused 232us total 30.827ms
08-03 21:11:29.167 10394 10741 I art     : Starting a blocking GC Explicit
08-03 21:11:29.198 10394 10741 I art     : Explicit concurrent mark sweep GC freed 3(96B) AllocSpace objects, 0(0B) LOS objects, 39% free, 24MB/40MB, paused 320us total 30.040ms
08-03 21:11:29.461 10394 10423 I art     : Starting a blocking GC Explicit
08-03 21:11:29.492 10394 10423 I art     : Explicit concurrent mark sweep GC freed 1343(79KB) AllocSpace objects, 1(20KB) LOS objects, 39% free, 24MB/40MB, paused 237us total 30.819ms
08-03 21:11:29.505 10394 10423 I art     : Starting a blocking GC Explicit
08-03 21:11:29.535 10394 10423 I art     : Explicit concurrent mark sweep GC freed 20(704B) AllocSpace objects, 0(0B) LOS objects, 39% free, 24MB/40MB, paused 265us total 30.117ms
08-03 21:11:29.549 10394 10423 I art     : Starting a blocking GC Explicit
08-03 21:11:29.578 10394 10423 I art     : Explicit concurrent mark sweep GC freed 3(96B) AllocSpace objects, 0(0B) LOS objects, 39% free, 24MB/40MB, paused 264us total 28.537ms
08-03 21:11:29.591 10394 10423 I art     : Starting a blocking GC Explicit
08-03 21:11:29.616 11371 11371 D AndroidRuntime: >>>>>> START com.android.internal.os.RuntimeInit uid 2000 <<<<<<
08-03 21:11:29.620 10394 10423 I art     : Explicit concurrent mark sweep GC freed 3(96B) AllocSpace objects, 0(0B) LOS objects, 39% free, 24MB/40MB, paused 229us total 28.796ms
08-03 21:11:29.621 11371 11371 D AndroidRuntime: CheckJNI is OFF
08-03 21:11:29.632 10394 10423 I art     : Starting a blocking GC Explicit
08-03 21:11:29.655 11371 11371 D ICU     : No timezone override file found: /data/misc/zoneinfo/current/icu/icu_tzdata.dat
08-03 21:11:29.661 10394 10423 I art     : Explicit concurrent mark sweep GC freed 3(96B) AllocSpace objects, 0(0B) LOS objects, 39% free, 24MB/40MB, paused 229us total 28.585ms
08-03 21:11:29.690 11371 11371 I Radio-JNI: register_android_hardware_Radio DONE
08-03 21:11:29.711 11371 11371 D AndroidRuntime: Calling main entry com.android.commands.input.Input
08-03 21:11:29.713 11371 11371 I Input   : injectMotionEvent: MotionEvent { action=ACTION_DOWN, actionButton=0, id[0]=0, x[0]=600.0, y[0]=1200.0, toolType[0]=TOOL_TYPE_UNKNOWN, buttonState=0, metaState=0, flags=0x0, edgeFlags=0x0, pointerCount=1, historySize=0, eventTime=652306126, downTime=652306126, deviceId=0, source=0x1002 }
08-03 21:11:29.718 11371 11371 I Input   : injectMotionEvent: MotionEvent { action=ACTION_UP, actionButton=0, id[0]=0, x[0]=600.0, y[0]=1200.0, toolType[0]=TOOL_TYPE_UNKNOWN, buttonState=0, metaState=0, flags=0x0, edgeFlags=0x0, pointerCount=1, historySize=0, eventTime=652306126, downTime=652306126, deviceId=0, source=0x1002 }
08-03 21:11:29.720 11371 11371 D AndroidRuntime: Shutting down VM
08-03 21:11:29.734   512  2967 D audio_hw_primary: out_set_parameters: enter: usecase(1: low-latency-playback) kvpairs: routing=2
08-03 21:11:29.737   918   928 I ActivityManager: START u0 {dat=https://oauth.reddit.com/... cmp=baseline.org.quantumbadger.redreader/.activities.CommentListingActivity} from uid 10634 on display 0
08-03 21:11:29.747   512  2967 D audio_hw_primary: select_devices: out_snd_device(2: speaker) in_snd_device(0: none)
08-03 21:11:29.747   512  2967 D msm8974_platform: platform_send_audio_calibration: sending audio calibration for snd_device(2) acdb_id(15)
08-03 21:11:29.747   512  2967 I soundtrigger: audio_extn_sound_trigger_update_device_status: device 0x2 of type 0 for Event 1
08-03 21:11:29.758   512  2967 D audio_hw_primary: enable_snd_device: snd_device(2: speaker)
08-03 21:11:29.761   512  2967 D audio_hw_primary: enable_audio_route: apply and update mixer path: low-latency-playback speaker
08-03 21:11:29.764 10394 10394 I AppCompatViewInflater: app:theme is now deprecated. Please move to using android:theme instead.
08-03 21:11:29.780 10394 11396 D OK      : calling: https://oauth.reddit.com/comments/hza888/.json?sort=confidence
08-03 21:11:29.841 13866 13866 I GoogleInputMethodServic: GoogleInputMethodService.onFinishInput():3138 
08-03 21:11:29.842 13866 13866 I GoogleInputMethodServic: GoogleInputMethodService.onStartInput():1808 
08-03 21:11:29.842   918   936 I ActivityManager: Displayed baseline.org.quantumbadger.redreader/.activities.CommentListingActivity: +92ms
08-03 21:11:29.901 10394 10423 I art     : Starting a blocking GC Explicit
08-03 21:11:29.931 10394 10423 I art     : Explicit concurrent mark sweep GC freed 5919(291KB) AllocSpace objects, 1(20KB) LOS objects, 38% free, 25MB/41MB, paused 322us total 29.915ms
08-03 21:11:29.946 10394 10423 I art     : Starting a blocking GC Explicit
08-03 21:11:29.975 10394 10423 I art     : Explicit concurrent mark sweep GC freed 635(29KB) AllocSpace objects, 0(0B) LOS objects, 39% free, 25MB/41MB, paused 274us total 29.502ms
08-03 21:11:29.989 10394 10423 I art     : Starting a blocking GC Explicit
08-03 21:11:30.027 10394 10423 I art     : Explicit concurrent mark sweep GC freed 34(1552B) AllocSpace objects, 0(0B) LOS objects, 39% free, 25MB/41MB, paused 322us total 37.166ms
08-03 21:11:30.043 10394 10423 I art     : Starting a blocking GC Explicit
08-03 21:11:30.079 10394 10423 I art     : Explicit concurrent mark sweep GC freed 3(96B) AllocSpace objects, 0(0B) LOS objects, 39% free, 25MB/41MB, paused 425us total 36.461ms
08-03 21:11:30.089 10394 11396 I NAPPA_EXPERIMENTATION: MetricNetworkRequestExecutionTime: REQUEST_DURATION_SYSTEM='309',REQUEST_DURATION_OKHTTP='146',REQUEST_SYNCHRONOUS='TRUE',RESPONSE_CODE='200',RESPONSE_METHOD='GET',RESPONSE_LENGTH_OKHTTP='-1',RESPONSE_LENGTH_HEADER='21928',REQUEST_PROTOCOL='h2',REQUEST_URL='https://oauth.reddit.com/comments/hza888/.json?sort=confidence',
08-03 21:11:30.089 10394 11396 D OK      : request got status: 200
08-03 21:11:30.095 10394 10423 I art     : Starting a blocking GC Explicit
08-03 21:11:30.096   380   380 W SurfaceFlinger: couldn't log to binary event log: overflow.
08-03 21:11:30.112 10394 11001 I CommentListingActivity: COMMENTS session changed to e6e46b5a-923a-409f-ab80-829d602b5316
08-03 21:11:30.128 10394 10423 I art     : Explicit concurrent mark sweep GC freed 1598(115KB) AllocSpace objects, 0(0B) LOS objects, 38% free, 25MB/41MB, paused 525us total 33.275ms
08-03 21:11:30.298   512  2967 D audio_hw_primary: disable_audio_route: reset and update mixer path: low-latency-playback speaker
08-03 21:11:30.300   512  2967 D audio_hw_primary: disable_snd_device: snd_device(2: speaker)
08-03 21:11:30.308   512  2967 I soundtrigger: audio_extn_sound_trigger_update_device_status: device 0x2 of type 0 for Event 0
08-03 21:11:30.380 10394 10407 I art     : Starting a blocking GC Explicit
08-03 21:11:30.419 10394 10407 I art     : Explicit concurrent mark sweep GC freed 17889(1042KB) AllocSpace objects, 3(156KB) LOS objects, 37% free, 26MB/42MB, paused 255us total 39.310ms
08-03 21:11:30.434 10394 10407 I art     : Starting a blocking GC Explicit
08-03 21:11:30.470 10394 10407 I art     : Explicit concurrent mark sweep GC freed 84(4KB) AllocSpace objects, 0(0B) LOS objects, 37% free, 26MB/42MB, paused 230us total 35.254ms
08-03 21:11:30.484 10394 10407 I art     : Starting a blocking GC Explicit
08-03 21:11:30.520 10394 10407 I art     : Explicit concurrent mark sweep GC freed 3(96B) AllocSpace objects, 0(0B) LOS objects, 37% free, 26MB/42MB, paused 228us total 35.259ms
08-03 21:11:30.534 10394 10407 I art     : Starting a blocking GC Explicit
08-03 21:11:30.569 10394 10407 I art     : Explicit concurrent mark sweep GC freed 3(96B) AllocSpace objects, 0(0B) LOS objects, 37% free, 26MB/42MB, paused 223us total 35.303ms
08-03 21:11:30.584 10394 10407 I art     : Starting a blocking GC Explicit
08-03 21:11:30.619 10394 10407 I art     : Explicit concurrent mark sweep GC freed 3(96B) AllocSpace objects, 0(0B) LOS objects, 37% free, 26MB/42MB, paused 227us total 35.331ms
08-03 21:11:30.892 10394 10423 I art     : Starting a blocking GC Explicit
08-03 21:11:30.926 10394 10423 I art     : Explicit concurrent mark sweep GC freed 1343(80KB) AllocSpace objects, 1(20KB) LOS objects, 37% free, 26MB/42MB, paused 249us total 33.122ms
08-03 21:11:30.940 10394 10423 I art     : Starting a blocking GC Explicit
08-03 21:11:30.976 10394 10423 I art     : Explicit concurrent mark sweep GC freed 69(2640B) AllocSpace objects, 0(0B) LOS objects, 37% free, 26MB/42MB, paused 259us total 36.004ms
08-03 21:11:30.990 10394 10423 I art     : Starting a blocking GC Explicit
08-03 21:11:30.996   518   646 I ThermalEngine: ACTION: GPU - Setting GPU[0] to 450000000
08-03 21:11:31.036 10394 10423 I art     : Explicit concurrent mark sweep GC freed 15(544B) AllocSpace objects, 0(0B) LOS objects, 37% free, 26MB/42MB, paused 315us total 45.236ms
08-03 21:11:31.054 10394 10423 I art     : Starting a blocking GC Explicit
08-03 21:11:31.085   918  3261 D WifiStateMachine: starting scan for "H369AA63323"WPA_PSK with 2412,5180
08-03 21:11:31.100 10394 10423 I art     : Explicit concurrent mark sweep GC freed 3(96B) AllocSpace objects, 0(0B) LOS objects, 37% free, 26MB/42MB, paused 341us total 45.816ms
08-03 21:11:31.118 10394 10423 I art     : Starting a blocking GC Explicit
08-03 21:11:31.164 10394 10423 I art     : Explicit concurrent mark sweep GC freed 3(96B) AllocSpace objects, 0(0B) LOS objects, 37% free, 26MB/42MB, paused 327us total 45.076ms
08-03 21:11:31.462 10394 10741 I art     : Starting a blocking GC Explicit
08-03 21:11:31.526 10394 10741 I art     : Explicit concurrent mark sweep GC freed 1343(80KB) AllocSpace objects, 1(20KB) LOS objects, 37% free, 26MB/42MB, paused 365us total 63.255ms
08-03 21:11:31.547 10394 10741 I art     : Starting a blocking GC Explicit
08-03 21:11:31.586 10394 10741 I art     : Explicit concurrent mark sweep GC freed 20(704B) AllocSpace objects, 0(0B) LOS objects, 37% free, 26MB/42MB, paused 332us total 39.447ms
08-03 21:11:31.605 10394 10741 I art     : Starting a blocking GC Explicit
08-03 21:11:31.651 10394 10741 I art     : Explicit concurrent mark sweep GC freed 3(96B) AllocSpace objects, 0(0B) LOS objects, 37% free, 26MB/42MB, paused 346us total 46.430ms
08-03 21:11:31.670 10394 10741 I art     : Starting a blocking GC Explicit
08-03 21:11:31.721 10394 10741 I art     : Explicit concurrent mark sweep GC freed 3(96B) AllocSpace objects, 0(0B) LOS objects, 37% free, 26MB/42MB, paused 359us total 49.921ms
08-03 21:11:31.739 10394 10741 I art     : Starting a blocking GC Explicit
08-03 21:11:31.792 10394 10741 I art     : Explicit concurrent mark sweep GC freed 3(96B) AllocSpace objects, 0(0B) LOS objects, 37% free, 26MB/42MB, paused 355us total 52.641ms
08-03 21:11:32.094 10394 10406 I art     : Starting a blocking GC Explicit
08-03 21:11:32.140 10394 10406 I art     : Explicit concurrent mark sweep GC freed 1343(80KB) AllocSpace objects, 1(20KB) LOS objects, 37% free, 26MB/42MB, paused 341us total 45.611ms
08-03 21:11:32.158 10394 10406 I art     : Starting a blocking GC Explicit
08-03 21:11:32.205 10394 10406 I art     : Explicit concurrent mark sweep GC freed 20(704B) AllocSpace objects, 0(0B) LOS objects, 37% free, 26MB/42MB, paused 353us total 46.767ms
08-03 21:11:32.223 10394 10406 I art     : Starting a blocking GC Explicit
08-03 21:11:32.272 10394 10406 I art     : Explicit concurrent mark sweep GC freed 3(96B) AllocSpace objects, 0(0B) LOS objects, 37% free, 26MB/42MB, paused 357us total 48.823ms
08-03 21:11:32.291 10394 10406 I art     : Starting a blocking GC Explicit
08-03 21:11:32.338 10394 10406 I art     : Explicit concurrent mark sweep GC freed 3(96B) AllocSpace objects, 0(0B) LOS objects, 37% free, 26MB/42MB, paused 350us total 47.370ms
08-03 21:11:32.357 10394 10406 I art     : Starting a blocking GC Explicit
08-03 21:11:32.406 10394 10406 I art     : Explicit concurrent mark sweep GC freed 3(96B) AllocSpace objects, 0(0B) LOS objects, 37% free, 26MB/42MB, paused 348us total 48.553ms
08-03 21:11:32.506 11441 11441 D AndroidRuntime: >>>>>> START com.android.internal.os.RuntimeInit uid 2000 <<<<<<
08-03 21:11:32.513 11441 11441 D AndroidRuntime: CheckJNI is OFF
08-03 21:11:32.561 11441 11441 D ICU     : No timezone override file found: /data/misc/zoneinfo/current/icu/icu_tzdata.dat
08-03 21:11:32.608 11441 11441 I Radio-JNI: register_android_hardware_Radio DONE
08-03 21:11:32.636 11441 11441 D AndroidRuntime: Calling main entry com.android.commands.input.Input
08-03 21:11:32.638 11441 11441 I Input   : injectKeyEvent: KeyEvent { action=ACTION_DOWN, keyCode=KEYCODE_BACK, scanCode=0, metaState=0, flags=0x0, repeatCount=0, eventTime=652309051, downTime=652309051, deviceId=-1, source=0x101 }
08-03 21:11:32.643 11441 11441 I Input   : injectKeyEvent: KeyEvent { action=ACTION_UP, keyCode=KEYCODE_BACK, scanCode=0, metaState=0, flags=0x0, repeatCount=0, eventTime=652309051, downTime=652309051, deviceId=-1, source=0x101 }
08-03 21:11:32.651 11441 11441 D AndroidRuntime: Shutting down VM
08-03 21:11:32.698 13866 13866 I GoogleInputMethodServic: GoogleInputMethodService.onFinishInput():3138 
08-03 21:11:32.699 13866 13866 I GoogleInputMethodServic: GoogleInputMethodService.onStartInput():1808 
08-03 21:11:32.732 10394 10407 I art     : Starting a blocking GC Explicit
08-03 21:11:32.778 10394 10407 I art     : Explicit concurrent mark sweep GC freed 1584(88KB) AllocSpace objects, 1(20KB) LOS objects, 37% free, 26MB/42MB, paused 450us total 45.905ms
08-03 21:11:32.796 10394 10407 I art     : Starting a blocking GC Explicit
08-03 21:11:32.838 10394 10407 I art     : Explicit concurrent mark sweep GC freed 38(1328B) AllocSpace objects, 0(0B) LOS objects, 37% free, 26MB/42MB, paused 428us total 42.183ms
08-03 21:11:32.857 10394 10407 I art     : Starting a blocking GC Explicit
08-03 21:11:32.910 10394 10407 I art     : Explicit concurrent mark sweep GC freed 3(96B) AllocSpace objects, 0(0B) LOS objects, 37% free, 26MB/42MB, paused 339us total 53.046ms
08-03 21:11:32.932 10394 10407 I art     : Starting a blocking GC Explicit
08-03 21:11:32.986 10394 10407 I art     : Explicit concurrent mark sweep GC freed 3(96B) AllocSpace objects, 0(0B) LOS objects, 37% free, 26MB/42MB, paused 374us total 53.393ms
08-03 21:11:33.006 10394 10407 I art     : Starting a blocking GC Explicit
08-03 21:11:33.014   380   380 W SurfaceFlinger: couldn't log to binary event log: overflow.
08-03 21:11:33.049 10394 10407 I art     : Explicit concurrent mark sweep GC freed 54(2032B) AllocSpace objects, 0(0B) LOS objects, 37% free, 26MB/42MB, paused 334us total 42.507ms
08-03 21:11:33.341 10394 10406 I art     : Starting a blocking GC Explicit
08-03 21:11:33.402 10394 10406 I art     : Explicit concurrent mark sweep GC freed 1349(80KB) AllocSpace objects, 1(20KB) LOS objects, 37% free, 26MB/42MB, paused 383us total 60.448ms
08-03 21:11:33.423 10394 10406 I art     : Starting a blocking GC Explicit
08-03 21:11:33.467 10394 10406 I art     : Explicit concurrent mark sweep GC freed 22989(1247KB) AllocSpace objects, 5(164KB) LOS objects, 39% free, 24MB/40MB, paused 347us total 43.280ms
08-03 21:11:33.488 10394 10406 I art     : Starting a blocking GC Explicit
08-03 21:11:33.525 10394 10406 I art     : Explicit concurrent mark sweep GC freed 3(96B) AllocSpace objects, 0(0B) LOS objects, 39% free, 24MB/40MB, paused 358us total 36.171ms
08-03 21:11:33.542 10394 10406 I art     : Starting a blocking GC Explicit
08-03 21:11:33.580 10394 10406 I art     : Explicit concurrent mark sweep GC freed 3(96B) AllocSpace objects, 0(0B) LOS objects, 39% free, 24MB/40MB, paused 343us total 37.670ms
08-03 21:11:33.597 10394 10406 I art     : Starting a blocking GC Explicit
08-03 21:11:33.635 10394 10406 I art     : Explicit concurrent mark sweep GC freed 3(96B) AllocSpace objects, 0(0B) LOS objects, 39% free, 24MB/40MB, paused 343us total 37.806ms
08-03 21:11:33.930 10394 10423 I art     : Starting a blocking GC Explicit
08-03 21:11:33.968 10394 10423 I art     : Explicit concurrent mark sweep GC freed 1347(80KB) AllocSpace objects, 1(20KB) LOS objects, 39% free, 24MB/40MB, paused 421us total 37.901ms
08-03 21:11:33.985 10394 10423 I art     : Starting a blocking GC Explicit
08-03 21:11:34.022 10394 10423 I art     : Explicit concurrent mark sweep GC freed 20(704B) AllocSpace objects, 0(0B) LOS objects, 39% free, 24MB/40MB, paused 347us total 36.848ms
08-03 21:11:34.039 10394 10423 I art     : Starting a blocking GC Explicit
08-03 21:11:34.075 10394 10423 I art     : Explicit concurrent mark sweep GC freed 3(96B) AllocSpace objects, 0(0B) LOS objects, 39% free, 24MB/40MB, paused 345us total 36.300ms
08-03 21:11:34.081  7841  7841 I ServiceManager: Waiting for service AtCmdFwd...
08-03 21:11:34.092 10394 10423 I art     : Starting a blocking GC Explicit
08-03 21:11:34.129 10394 10423 I art     : Explicit concurrent mark sweep GC freed 3(96B) AllocSpace objects, 0(0B) LOS objects, 39% free, 24MB/40MB, paused 349us total 36.458ms
08-03 21:11:34.146 10394 10423 I art     : Starting a blocking GC Explicit
08-03 21:11:34.182 10394 10423 I art     : Explicit concurrent mark sweep GC freed 3(96B) AllocSpace objects, 0(0B) LOS objects, 39% free, 24MB/40MB, paused 336us total 36.185ms
08-03 21:11:34.429 11493 11493 D AndroidRuntime: >>>>>> START com.android.internal.os.RuntimeInit uid 2000 <<<<<<
08-03 21:11:34.436 11493 11493 D AndroidRuntime: CheckJNI is OFF
08-03 21:11:34.479 11493 11493 D ICU     : No timezone override file found: /data/misc/zoneinfo/current/icu/icu_tzdata.dat
08-03 21:11:34.493 10394 10741 I art     : Starting a blocking GC Explicit
08-03 21:11:34.525 11493 11493 I Radio-JNI: register_android_hardware_Radio DONE
08-03 21:11:34.533 10394 10741 I art     : Explicit concurrent mark sweep GC freed 1344(80KB) AllocSpace objects, 1(20KB) LOS objects, 39% free, 24MB/40MB, paused 412us total 39.668ms
08-03 21:11:34.550 10394 10741 I art     : Starting a blocking GC Explicit
08-03 21:11:34.555 11493 11493 D AndroidRuntime: Calling main entry com.android.commands.input.Input
08-03 21:11:34.557 11493 11493 I Input   : injectMotionEvent: MotionEvent { action=ACTION_DOWN, actionButton=0, id[0]=0, x[0]=600.0, y[0]=950.0, toolType[0]=TOOL_TYPE_UNKNOWN, buttonState=0, metaState=0, flags=0x0, edgeFlags=0x0, pointerCount=1, historySize=0, eventTime=652310969, downTime=652310969, deviceId=0, source=0x1002 }
08-03 21:11:34.565 11493 11493 I Input   : injectMotionEvent: MotionEvent { action=ACTION_UP, actionButton=0, id[0]=0, x[0]=600.0, y[0]=950.0, toolType[0]=TOOL_TYPE_UNKNOWN, buttonState=0, metaState=0, flags=0x0, edgeFlags=0x0, pointerCount=1, historySize=0, eventTime=652310969, downTime=652310969, deviceId=0, source=0x1002 }
08-03 21:11:34.568 11493 11493 D AndroidRuntime: Shutting down VM
08-03 21:11:34.578   512  2967 D audio_hw_primary: out_set_parameters: enter: usecase(1: low-latency-playback) kvpairs: routing=2
08-03 21:11:34.583   918  3670 I ActivityManager: START u0 {dat=https://oauth.reddit.com/... cmp=baseline.org.quantumbadger.redreader/.activities.CommentListingActivity} from uid 10634 on display 0
08-03 21:11:34.588 10394 10741 I art     : Explicit concurrent mark sweep GC freed 220(9KB) AllocSpace objects, 0(0B) LOS objects, 39% free, 24MB/40MB, paused 476us total 37.569ms
08-03 21:11:34.591   512  2967 D audio_hw_primary: select_devices: out_snd_device(2: speaker) in_snd_device(0: none)
08-03 21:11:34.591   512  2967 D msm8974_platform: platform_send_audio_calibration: sending audio calibration for snd_device(2) acdb_id(15)
08-03 21:11:34.592   512  2967 I soundtrigger: audio_extn_sound_trigger_update_device_status: device 0x2 of type 0 for Event 1
08-03 21:11:34.604   512  2967 D audio_hw_primary: enable_snd_device: snd_device(2: speaker)
08-03 21:11:34.605 10394 10741 I art     : Starting a blocking GC Explicit
08-03 21:11:34.606   512  2967 D audio_hw_primary: enable_audio_route: apply and update mixer path: low-latency-playback speaker
08-03 21:11:34.608 10394 10394 I AppCompatViewInflater: app:theme is now deprecated. Please move to using android:theme instead.
08-03 21:11:34.629 10394 11001 I CommentListingActivity: COMMENTS session changed to 817792f4-815c-4310-b17c-3533b8ad7852
08-03 21:11:34.640 10394 10741 I art     : Explicit concurrent mark sweep GC freed 2162(230KB) AllocSpace objects, 0(0B) LOS objects, 38% free, 25MB/41MB, paused 499us total 35.002ms
08-03 21:11:34.657 10394 10741 I art     : Starting a blocking GC Explicit
08-03 21:11:34.692 10394 10741 I art     : Explicit concurrent mark sweep GC freed 3153(203KB) AllocSpace objects, 2(32KB) LOS objects, 38% free, 25MB/41MB, paused 548us total 34.457ms
08-03 21:11:34.695   918   936 I ActivityManager: Displayed baseline.org.quantumbadger.redreader/.activities.CommentListingActivity: +103ms
08-03 21:11:34.708 10394 10741 I art     : Starting a blocking GC Explicit
08-03 21:11:34.719 13866 13866 I GoogleInputMethodServic: GoogleInputMethodService.onFinishInput():3138 
08-03 21:11:34.720 13866 13866 I GoogleInputMethodServic: GoogleInputMethodService.onStartInput():1808 
08-03 21:11:34.747 10394 10741 I art     : Explicit concurrent mark sweep GC freed 1483(61KB) AllocSpace objects, 0(0B) LOS objects, 38% free, 25MB/41MB, paused 468us total 38.824ms
08-03 21:11:34.753 10394 11395 I RedditChangeDataIO: Writing tmp data file at '/data/user/0/baseline.org.quantumbadger.redreader/files/rr_change_data_tmp.dat'
08-03 21:11:34.753 10394 11395 I RedditChangeDataManager: Taking snapshot...
08-03 21:11:34.753 10394 11395 I RedditChangeDataManager: Writing to stream...
08-03 21:11:34.753 10394 11395 I RedditChangeDataManager: Wrote 3 entries for user ''
08-03 21:11:34.754 10394 11395 I RedditChangeDataManager: All entries written to stream.
08-03 21:11:34.754 10394 11395 I RedditChangeDataIO: Write successful. Atomically replacing data file...
08-03 21:11:34.754 10394 11395 I RedditChangeDataIO: Write complete.
08-03 21:11:34.754 10394 11395 I RedditChangeDataIO: 86 bytes written in 2 ms
08-03 21:11:34.951   380   380 W SurfaceFlinger: couldn't log to binary event log: overflow.
08-03 21:11:35.043 10394 10423 I art     : Starting a blocking GC Explicit
08-03 21:11:35.081  7841  7841 I ServiceManager: Waiting for service AtCmdFwd...
08-03 21:11:35.084 10394 10423 I art     : Explicit concurrent mark sweep GC freed 1564(90KB) AllocSpace objects, 2(88KB) LOS objects, 38% free, 25MB/41MB, paused 717us total 40.626ms
08-03 21:11:35.102 10394 10423 I art     : Starting a blocking GC Explicit
08-03 21:11:35.137 10394 10423 I art     : Explicit concurrent mark sweep GC freed 29(1040B) AllocSpace objects, 0(0B) LOS objects, 38% free, 25MB/41MB, paused 310us total 34.319ms
08-03 21:11:35.139   512  2967 D audio_hw_primary: disable_audio_route: reset and update mixer path: low-latency-playback speaker
08-03 21:11:35.141   512  2967 D audio_hw_primary: disable_snd_device: snd_device(2: speaker)
08-03 21:11:35.149   512  2967 I soundtrigger: audio_extn_sound_trigger_update_device_status: device 0x2 of type 0 for Event 0
08-03 21:11:35.154 10394 10423 I art     : Starting a blocking GC Explicit
08-03 21:11:35.191 10394 10423 I art     : Explicit concurrent mark sweep GC freed 30(1504B) AllocSpace objects, 0(0B) LOS objects, 38% free, 25MB/41MB, paused 280us total 36.182ms
08-03 21:11:35.208 10394 10423 I art     : Starting a blocking GC Explicit
08-03 21:11:35.245 10394 10423 I art     : Explicit concurrent mark sweep GC freed 211(35KB) AllocSpace objects, 0(0B) LOS objects, 38% free, 25MB/41MB, paused 333us total 36.613ms
08-03 21:11:35.262 10394 10423 I art     : Starting a blocking GC Explicit
08-03 21:11:35.299 10394 10423 I art     : Explicit concurrent mark sweep GC freed 68(2272B) AllocSpace objects, 0(0B) LOS objects, 38% free, 25MB/41MB, paused 286us total 36.985ms
08-03 21:11:35.603 10394 10741 I art     : Starting a blocking GC Explicit
08-03 21:11:35.652 10394 10741 I art     : Explicit concurrent mark sweep GC freed 1389(82KB) AllocSpace objects, 1(20KB) LOS objects, 38% free, 25MB/41MB, paused 310us total 48.636ms
08-03 21:11:35.669 10394 10741 I art     : Starting a blocking GC Explicit
08-03 21:11:35.709 10394 10741 I art     : Explicit concurrent mark sweep GC freed 20(704B) AllocSpace objects, 0(0B) LOS objects, 38% free, 25MB/41MB, paused 317us total 39.336ms
08-03 21:11:35.726 10394 10741 I art     : Starting a blocking GC Explicit
08-03 21:11:35.765 10394 10741 I art     : Explicit concurrent mark sweep GC freed 3(96B) AllocSpace objects, 0(0B) LOS objects, 38% free, 25MB/41MB, paused 319us total 38.757ms
08-03 21:11:35.783 10394 10741 I art     : Starting a blocking GC Explicit
08-03 21:11:35.822 10394 10741 I art     : Explicit concurrent mark sweep GC freed 3(96B) AllocSpace objects, 0(0B) LOS objects, 38% free, 25MB/41MB, paused 317us total 39.283ms
08-03 21:11:35.840 10394 10741 I art     : Starting a blocking GC Explicit
08-03 21:11:35.879 10394 10741 I art     : Explicit concurrent mark sweep GC freed 3(96B) AllocSpace objects, 0(0B) LOS objects, 38% free, 25MB/41MB, paused 312us total 38.749ms
08-03 21:11:36.082  7841  7841 I ServiceManager: Waiting for service AtCmdFwd...
08-03 21:11:36.172 10394 10406 I art     : Starting a blocking GC Explicit
08-03 21:11:36.224 10394 10406 I art     : Explicit concurrent mark sweep GC freed 1343(80KB) AllocSpace objects, 1(20KB) LOS objects, 38% free, 25MB/41MB, paused 328us total 51.328ms
08-03 21:11:36.245 10394 10406 I art     : Starting a blocking GC Explicit
08-03 21:11:36.288 10394 10406 I art     : Explicit concurrent mark sweep GC freed 20(704B) AllocSpace objects, 0(0B) LOS objects, 38% free, 25MB/41MB, paused 366us total 43.136ms
08-03 21:11:36.308 10394 10406 I art     : Starting a blocking GC Explicit
08-03 21:11:36.351 10394 10406 I art     : Explicit concurrent mark sweep GC freed 3(96B) AllocSpace objects, 0(0B) LOS objects, 38% free, 25MB/41MB, paused 318us total 42.183ms
08-03 21:11:36.369 10394 10406 I art     : Starting a blocking GC Explicit
08-03 21:11:36.412 10394 10406 I art     : Explicit concurrent mark sweep GC freed 3(96B) AllocSpace objects, 0(0B) LOS objects, 38% free, 25MB/41MB, paused 340us total 43.476ms
08-03 21:11:36.433 10394 10406 I art     : Starting a blocking GC Explicit
08-03 21:11:36.476 10394 10406 I art     : Explicit concurrent mark sweep GC freed 3(96B) AllocSpace objects, 0(0B) LOS objects, 38% free, 25MB/41MB, paused 314us total 42.143ms
08-03 21:11:36.800 10394 10407 I art     : Starting a blocking GC Explicit
08-03 21:11:36.851 10394 10407 I art     : Explicit concurrent mark sweep GC freed 1343(80KB) AllocSpace objects, 1(20KB) LOS objects, 38% free, 25MB/41MB, paused 354us total 50.585ms
08-03 21:11:36.871 10394 10407 I art     : Starting a blocking GC Explicit
08-03 21:11:36.916 10394 10407 I art     : Explicit concurrent mark sweep GC freed 20(704B) AllocSpace objects, 0(0B) LOS objects, 38% free, 25MB/41MB, paused 328us total 44.428ms
08-03 21:11:36.934 10394 10407 I art     : Starting a blocking GC Explicit
08-03 21:11:36.978 10394 10407 I art     : Explicit concurrent mark sweep GC freed 3(96B) AllocSpace objects, 0(0B) LOS objects, 38% free, 25MB/41MB, paused 332us total 44.230ms
08-03 21:11:36.999 10394 10407 I art     : Starting a blocking GC Explicit
08-03 21:11:37.042 10394 10407 I art     : Explicit concurrent mark sweep GC freed 3(96B) AllocSpace objects, 0(0B) LOS objects, 38% free, 25MB/41MB, paused 321us total 43.051ms
08-03 21:11:37.060 10394 10407 I art     : Starting a blocking GC Explicit
08-03 21:11:37.083  7841  7841 I ServiceManager: Waiting for service AtCmdFwd...
08-03 21:11:37.102 10394 10407 I art     : Explicit concurrent mark sweep GC freed 3(96B) AllocSpace objects, 0(0B) LOS objects, 38% free, 25MB/41MB, paused 314us total 41.851ms
08-03 21:11:37.452 10394 10423 I art     : Starting a blocking GC Explicit
08-03 21:11:37.509 10394 10423 I art     : Explicit concurrent mark sweep GC freed 1343(80KB) AllocSpace objects, 1(20KB) LOS objects, 38% free, 25MB/41MB, paused 670us total 56.041ms
08-03 21:11:37.529 10394 10423 I art     : Starting a blocking GC Explicit
08-03 21:11:37.569 10394 10423 I art     : Explicit concurrent mark sweep GC freed 20(704B) AllocSpace objects, 0(0B) LOS objects, 38% free, 25MB/41MB, paused 302us total 39.876ms
08-03 21:11:37.587 10394 10423 I art     : Starting a blocking GC Explicit
08-03 21:11:37.631 10394 10423 I art     : Explicit concurrent mark sweep GC freed 3(96B) AllocSpace objects, 0(0B) LOS objects, 38% free, 25MB/41MB, paused 336us total 43.784ms
08-03 21:11:37.653 10394 10423 I art     : Starting a blocking GC Explicit
08-03 21:11:37.693 10394 10423 I art     : Explicit concurrent mark sweep GC freed 3(96B) AllocSpace objects, 0(0B) LOS objects, 38% free, 25MB/41MB, paused 286us total 40.311ms
08-03 21:11:37.711 10394 10423 I art     : Starting a blocking GC Explicit
08-03 21:11:37.754 10394 10423 I art     : Explicit concurrent mark sweep GC freed 3(96B) AllocSpace objects, 0(0B) LOS objects, 38% free, 25MB/41MB, paused 326us total 42.585ms
08-03 21:11:38.068 10394 10741 I art     : Starting a blocking GC Explicit
08-03 21:11:38.083  7841  7841 I ServiceManager: Waiting for service AtCmdFwd...
08-03 21:11:38.116 10394 10741 I art     : Explicit concurrent mark sweep GC freed 1343(80KB) AllocSpace objects, 1(20KB) LOS objects, 38% free, 25MB/41MB, paused 340us total 47.287ms
08-03 21:11:38.136 10394 10741 I art     : Starting a blocking GC Explicit
08-03 21:11:38.175 10394 10741 I art     : Explicit concurrent mark sweep GC freed 20(704B) AllocSpace objects, 0(0B) LOS objects, 38% free, 25MB/41MB, paused 318us total 39.034ms
08-03 21:11:38.192 10394 10741 I art     : Starting a blocking GC Explicit
08-03 21:11:38.236 10394 10741 I art     : Explicit concurrent mark sweep GC freed 3(96B) AllocSpace objects, 0(0B) LOS objects, 38% free, 25MB/41MB, paused 323us total 43.281ms
08-03 21:11:38.253 10394 10741 I art     : Starting a blocking GC Explicit
08-03 21:11:38.295 10394 10741 I art     : Explicit concurrent mark sweep GC freed 3(96B) AllocSpace objects, 0(0B) LOS objects, 38% free, 25MB/41MB, paused 321us total 41.421ms
08-03 21:11:38.313 10394 10741 I art     : Starting a blocking GC Explicit
08-03 21:11:38.356 10394 10741 I art     : Explicit concurrent mark sweep GC freed 3(96B) AllocSpace objects, 0(0B) LOS objects, 38% free, 25MB/41MB, paused 320us total 42.869ms
08-03 21:11:38.679 10394 10406 I art     : Starting a blocking GC Explicit
08-03 21:11:38.733 10394 10406 I art     : Explicit concurrent mark sweep GC freed 1345(80KB) AllocSpace objects, 1(20KB) LOS objects, 38% free, 25MB/41MB, paused 325us total 53.521ms
08-03 21:11:38.753 10394 10406 I art     : Starting a blocking GC Explicit
08-03 21:11:38.795 10394 10406 I art     : Explicit concurrent mark sweep GC freed 20(704B) AllocSpace objects, 0(0B) LOS objects, 38% free, 25MB/41MB, paused 315us total 41.078ms
08-03 21:11:38.813 10394 10406 I art     : Starting a blocking GC Explicit
08-03 21:11:38.852 10394 10406 I art     : Explicit concurrent mark sweep GC freed 3(96B) AllocSpace objects, 0(0B) LOS objects, 38% free, 25MB/41MB, paused 312us total 39.222ms
08-03 21:11:38.869 10394 10406 I art     : Starting a blocking GC Explicit
08-03 21:11:38.905 10394 10406 I art     : Explicit concurrent mark sweep GC freed 3(96B) AllocSpace objects, 0(0B) LOS objects, 38% free, 25MB/41MB, paused 305us total 35.855ms
08-03 21:11:38.922 10394 10406 I art     : Starting a blocking GC Explicit
08-03 21:11:38.960 10394 10406 I art     : Explicit concurrent mark sweep GC freed 3(96B) AllocSpace objects, 0(0B) LOS objects, 38% free, 25MB/41MB, paused 309us total 37.373ms
08-03 21:11:39.083  7841  7841 W Atfwd_Sendcmd: AtCmdFwd service not published, waiting... retryCnt : 4
08-03 21:11:39.281 10394 10407 I art     : Starting a blocking GC Explicit
08-03 21:11:39.326 10394 10407 I art     : Explicit concurrent mark sweep GC freed 1343(80KB) AllocSpace objects, 1(20KB) LOS objects, 38% free, 25MB/41MB, paused 320us total 44.122ms
08-03 21:11:39.343 10394 10407 I art     : Starting a blocking GC Explicit
08-03 21:11:39.372 11589 11589 D AndroidRuntime: >>>>>> START com.android.internal.os.RuntimeInit uid 2000 <<<<<<
08-03 21:11:39.378 11589 11589 D AndroidRuntime: CheckJNI is OFF
08-03 21:11:39.382 10394 10407 I art     : Explicit concurrent mark sweep GC freed 20(704B) AllocSpace objects, 0(0B) LOS objects, 38% free, 25MB/41MB, paused 309us total 38.624ms
08-03 21:11:39.400 10394 10407 I art     : Starting a blocking GC Explicit
08-03 21:11:39.424 11589 11589 D ICU     : No timezone override file found: /data/misc/zoneinfo/current/icu/icu_tzdata.dat
08-03 21:11:39.437 10394 10407 I art     : Explicit concurrent mark sweep GC freed 3(96B) AllocSpace objects, 0(0B) LOS objects, 38% free, 25MB/41MB, paused 340us total 36.889ms
08-03 21:11:39.454 10394 10407 I art     : Starting a blocking GC Explicit
08-03 21:11:39.476 11589 11589 I Radio-JNI: register_android_hardware_Radio DONE
08-03 21:11:39.490 10394 10407 I art     : Explicit concurrent mark sweep GC freed 3(96B) AllocSpace objects, 0(0B) LOS objects, 38% free, 25MB/41MB, paused 276us total 35.336ms
08-03 21:11:39.503 24365 31829 I NetworkScheduler.Stats: Task com.google.android.gms/com.google.android.gms.icing.service.IcingGcmTaskService started execution. cause:4 exec_start_elapsed_seconds: 1635703 [CONTEXT service_id=218 ]
08-03 21:11:39.504 11589 11589 D AndroidRuntime: Calling main entry com.android.commands.input.Input
08-03 21:11:39.505 11589 11589 I Input   : injectKeyEvent: KeyEvent { action=ACTION_DOWN, keyCode=KEYCODE_BACK, scanCode=0, metaState=0, flags=0x0, repeatCount=0, eventTime=652315918, downTime=652315918, deviceId=-1, source=0x101 }
08-03 21:11:39.506 10394 10407 I art     : Starting a blocking GC Explicit
08-03 21:11:39.507 24365 25567 I NetworkScheduler.Stats: Task com.google.android.gms/com.google.android.gms.icing.service.IcingGcmTaskService finished executing. cause:4 result: 1 elapsed_millis: 37 uptime_millis: 37 exec_start_elapsed_seconds: 1635703 [CONTEXT service_id=218 ]
08-03 21:11:39.511 11589 11589 I Input   : injectKeyEvent: KeyEvent { action=ACTION_UP, keyCode=KEYCODE_BACK, scanCode=0, metaState=0, flags=0x0, repeatCount=0, eventTime=652315918, downTime=652315918, deviceId=-1, source=0x101 }
08-03 21:11:39.518 11589 11589 D AndroidRuntime: Shutting down VM
08-03 21:11:39.540 10394 10407 I art     : Explicit concurrent mark sweep GC freed 126(4KB) AllocSpace objects, 0(0B) LOS objects, 38% free, 25MB/41MB, paused 321us total 33.497ms
08-03 21:11:39.556 13866 13866 I GoogleInputMethodServic: GoogleInputMethodService.onFinishInput():3138 
08-03 21:11:39.557 13866 13866 I GoogleInputMethodServic: GoogleInputMethodService.onStartInput():1808 
08-03 21:11:39.833 10394 10741 I art     : Starting a blocking GC Explicit
08-03 21:11:39.878 10394 10741 I art     : Explicit concurrent mark sweep GC freed 1464(84KB) AllocSpace objects, 1(20KB) LOS objects, 38% free, 25MB/41MB, paused 339us total 44.923ms
08-03 21:11:39.889   380   380 W SurfaceFlinger: couldn't log to binary event log: overflow.
08-03 21:11:39.896 10394 10741 I art     : Starting a blocking GC Explicit
08-03 21:11:39.934 10394 10741 I art     : Explicit concurrent mark sweep GC freed 76(2832B) AllocSpace objects, 0(0B) LOS objects, 38% free, 25MB/41MB, paused 315us total 37.686ms
08-03 21:11:39.952 10394 10741 I art     : Starting a blocking GC Explicit
08-03 21:11:39.988 10394 10741 I art     : Explicit concurrent mark sweep GC freed 3838(310KB) AllocSpace objects, 5(140KB) LOS objects, 39% free, 24MB/40MB, paused 317us total 35.955ms
08-03 21:11:40.005 10394 10741 I art     : Starting a blocking GC Explicit
08-03 21:11:40.007   518   646 I ThermalEngine: ACTION: GPU - Setting GPU[0] to 510000000
08-03 21:11:40.042 10394 10741 I art     : Explicit concurrent mark sweep GC freed 3(96B) AllocSpace objects, 0(0B) LOS objects, 39% free, 24MB/40MB, paused 326us total 36.673ms
08-03 21:11:40.057 10394 10741 I art     : Starting a blocking GC Explicit
08-03 21:11:40.088 10394 10741 I art     : Explicit concurrent mark sweep GC freed 3(96B) AllocSpace objects, 0(0B) LOS objects, 39% free, 24MB/40MB, paused 232us total 30.853ms
08-03 21:11:40.373 10394 10406 I art     : Starting a blocking GC Explicit
08-03 21:11:40.412 10394 10406 I art     : Explicit concurrent mark sweep GC freed 1343(80KB) AllocSpace objects, 1(20KB) LOS objects, 39% free, 24MB/40MB, paused 266us total 38.137ms
08-03 21:11:40.431 10394 10406 I art     : Starting a blocking GC Explicit
08-03 21:11:40.465 10394 10406 I art     : Explicit concurrent mark sweep GC freed 20(704B) AllocSpace objects, 0(0B) LOS objects, 39% free, 24MB/40MB, paused 235us total 33.178ms
08-03 21:11:40.478 10394 10406 I art     : Starting a blocking GC Explicit
08-03 21:11:40.509 10394 10406 I art     : Explicit concurrent mark sweep GC freed 3(96B) AllocSpace objects, 0(0B) LOS objects, 39% free, 24MB/40MB, paused 239us total 30.834ms
08-03 21:11:40.523 10394 10406 I art     : Starting a blocking GC Explicit
08-03 21:11:40.553 10394 10406 I art     : Explicit concurrent mark sweep GC freed 3(96B) AllocSpace objects, 0(0B) LOS objects, 39% free, 24MB/40MB, paused 274us total 29.990ms
08-03 21:11:40.566 10394 10406 I art     : Starting a blocking GC Explicit
08-03 21:11:40.597 10394 10406 I art     : Explicit concurrent mark sweep GC freed 3(96B) AllocSpace objects, 0(0B) LOS objects, 39% free, 24MB/40MB, paused 254us total 30.759ms
08-03 21:11:40.859 10394 10423 I art     : Starting a blocking GC Explicit
08-03 21:11:40.889 10394 10423 I art     : Explicit concurrent mark sweep GC freed 1343(80KB) AllocSpace objects, 1(20KB) LOS objects, 39% free, 24MB/40MB, paused 237us total 30.395ms
08-03 21:11:40.903 10394 10423 I art     : Starting a blocking GC Explicit
08-03 21:11:40.932 10394 10423 I art     : Explicit concurrent mark sweep GC freed 20(704B) AllocSpace objects, 0(0B) LOS objects, 39% free, 24MB/40MB, paused 225us total 28.954ms
08-03 21:11:40.945 10394 10423 I art     : Starting a blocking GC Explicit
08-03 21:11:40.974 10394 10423 I art     : Explicit concurrent mark sweep GC freed 3(96B) AllocSpace objects, 0(0B) LOS objects, 39% free, 24MB/40MB, paused 240us total 29.241ms
08-03 21:11:40.987 10394 10423 I art     : Starting a blocking GC Explicit
08-03 21:11:41.016 10394 10423 I art     : Explicit concurrent mark sweep GC freed 3(96B) AllocSpace objects, 0(0B) LOS objects, 39% free, 24MB/40MB, paused 223us total 28.225ms
08-03 21:11:41.028 10394 10423 I art     : Starting a blocking GC Explicit
08-03 21:11:41.057 10394 10423 I art     : Explicit concurrent mark sweep GC freed 3(96B) AllocSpace objects, 0(0B) LOS objects, 39% free, 24MB/40MB, paused 236us total 28.782ms
08-03 21:11:41.184 11635 11635 D AndroidRuntime: >>>>>> START com.android.internal.os.RuntimeInit uid 2000 <<<<<<
08-03 21:11:41.190 11635 11635 D AndroidRuntime: CheckJNI is OFF
08-03 21:11:41.225 11635 11635 D ICU     : No timezone override file found: /data/misc/zoneinfo/current/icu/icu_tzdata.dat
08-03 21:11:41.258 11635 11635 I Radio-JNI: register_android_hardware_Radio DONE
08-03 21:11:41.280 11635 11635 D AndroidRuntime: Calling main entry com.android.commands.input.Input
08-03 21:11:41.281 11635 11635 I Input   : injectMotionEvent: MotionEvent { action=ACTION_DOWN, actionButton=0, id[0]=0, x[0]=600.0, y[0]=700.0, toolType[0]=TOOL_TYPE_UNKNOWN, buttonState=0, metaState=0, flags=0x0, edgeFlags=0x0, pointerCount=1, historySize=0, eventTime=652317694, downTime=652317694, deviceId=0, source=0x1002 }
08-03 21:11:41.287 11635 11635 I Input   : injectMotionEvent: MotionEvent { action=ACTION_UP, actionButton=0, id[0]=0, x[0]=600.0, y[0]=700.0, toolType[0]=TOOL_TYPE_UNKNOWN, buttonState=0, metaState=0, flags=0x0, edgeFlags=0x0, pointerCount=1, historySize=0, eventTime=652317694, downTime=652317694, deviceId=0, source=0x1002 }
08-03 21:11:41.289 11635 11635 D AndroidRuntime: Shutting down VM
08-03 21:11:41.296   512  2967 D audio_hw_primary: out_set_parameters: enter: usecase(1: low-latency-playback) kvpairs: routing=2
08-03 21:11:41.300   918  6029 I ActivityManager: START u0 {dat=https://oauth.reddit.com/... cmp=baseline.org.quantumbadger.redreader/.activities.CommentListingActivity} from uid 10634 on display 0
08-03 21:11:41.309   512  2967 D audio_hw_primary: select_devices: out_snd_device(2: speaker) in_snd_device(0: none)
08-03 21:11:41.310   512  2967 D msm8974_platform: platform_send_audio_calibration: sending audio calibration for snd_device(2) acdb_id(15)
08-03 21:11:41.310   512  2967 I soundtrigger: audio_extn_sound_trigger_update_device_status: device 0x2 of type 0 for Event 1
08-03 21:11:41.320 10394 10394 I AppCompatViewInflater: app:theme is now deprecated. Please move to using android:theme instead.
08-03 21:11:41.322   512  2967 D audio_hw_primary: enable_snd_device: snd_device(2: speaker)
08-03 21:11:41.324   512  2967 D audio_hw_primary: enable_audio_route: apply and update mixer path: low-latency-playback speaker
08-03 21:11:41.336 10394 11001 I CommentListingActivity: COMMENTS session changed to f1a01693-0ceb-48df-9909-7507370540bc
08-03 21:11:41.359 10394 10423 I art     : Starting a blocking GC Explicit
08-03 21:11:41.396 10394 10423 I art     : Explicit concurrent mark sweep GC freed 12720(899KB) AllocSpace objects, 3(56KB) LOS objects, 37% free, 26MB/42MB, paused 828us total 35.379ms
08-03 21:11:41.407   918   936 I ActivityManager: Displayed baseline.org.quantumbadger.redreader/.activities.CommentListingActivity: +100ms
08-03 21:11:41.408 13866 13866 I GoogleInputMethodServic: GoogleInputMethodService.onFinishInput():3138 
08-03 21:11:41.410 13866 13866 I GoogleInputMethodServic: GoogleInputMethodService.onStartInput():1808 
08-03 21:11:41.416 10394 10423 I art     : Starting a blocking GC Explicit
08-03 21:11:41.476 10394 10423 I art     : Explicit concurrent mark sweep GC freed 16774(1107KB) AllocSpace objects, 0(0B) LOS objects, 36% free, 28MB/44MB, paused 947us total 59.808ms
08-03 21:11:41.491 10394 10423 I art     : Starting a blocking GC Explicit
08-03 21:11:41.535 10394 10423 I art     : Explicit concurrent mark sweep GC freed 12562(842KB) AllocSpace objects, 1(16KB) LOS objects, 35% free, 28MB/44MB, paused 341us total 43.248ms
08-03 21:11:41.549 10394 10423 I art     : Starting a blocking GC Explicit
08-03 21:11:41.590 10394 10423 I art     : Explicit concurrent mark sweep GC freed 4459(323KB) AllocSpace objects, 0(0B) LOS objects, 35% free, 28MB/44MB, paused 223us total 40.818ms
08-03 21:11:41.605 10394 10423 I art     : Starting a blocking GC Explicit
08-03 21:11:41.643 10394 10423 I art     : Explicit concurrent mark sweep GC freed 19179(852KB) AllocSpace objects, 0(0B) LOS objects, 36% free, 27MB/43MB, paused 206us total 38.635ms
08-03 21:11:41.656   380   380 W SurfaceFlinger: couldn't log to binary event log: overflow.
08-03 21:11:41.869   512  2967 D audio_hw_primary: disable_audio_route: reset and update mixer path: low-latency-playback speaker
08-03 21:11:41.870   512  2967 D audio_hw_primary: disable_snd_device: snd_device(2: speaker)
08-03 21:11:41.878   512  2967 I soundtrigger: audio_extn_sound_trigger_update_device_status: device 0x2 of type 0 for Event 0
08-03 21:11:41.927 10394 10741 I art     : Starting a blocking GC Explicit
08-03 21:11:41.970 10394 10741 I art     : Explicit concurrent mark sweep GC freed 1436(83KB) AllocSpace objects, 1(20KB) LOS objects, 36% free, 27MB/43MB, paused 243us total 42.630ms
08-03 21:11:41.985 10394 10741 I art     : Starting a blocking GC Explicit
08-03 21:11:42.015   518   646 I ThermalEngine: ACTION: GPU - Setting GPU[0] to 450000000
08-03 21:11:42.032 10394 10741 I art     : Explicit concurrent mark sweep GC freed 24(832B) AllocSpace objects, 0(0B) LOS objects, 36% free, 27MB/43MB, paused 327us total 46.381ms
08-03 21:11:42.051 10394 10741 I art     : Starting a blocking GC Explicit
08-03 21:11:42.104 10394 10741 I art     : Explicit concurrent mark sweep GC freed 3(96B) AllocSpace objects, 0(0B) LOS objects, 36% free, 27MB/43MB, paused 332us total 53.194ms
08-03 21:11:42.126 10394 10741 I art     : Starting a blocking GC Explicit
08-03 21:11:42.177 10394 10741 I art     : Explicit concurrent mark sweep GC freed 3(96B) AllocSpace objects, 0(0B) LOS objects, 36% free, 27MB/43MB, paused 292us total 50.938ms
08-03 21:11:42.199 10394 10741 I art     : Starting a blocking GC Explicit
08-03 21:11:42.254 10394 10741 I art     : Explicit concurrent mark sweep GC freed 3(96B) AllocSpace objects, 0(0B) LOS objects, 36% free, 27MB/43MB, paused 306us total 54.425ms
08-03 21:11:42.557 10394 10406 I art     : Starting a blocking GC Explicit
08-03 21:11:42.623 10394 10406 I art     : Explicit concurrent mark sweep GC freed 1343(80KB) AllocSpace objects, 1(20KB) LOS objects, 36% free, 27MB/43MB, paused 342us total 65.016ms
08-03 21:11:42.645 10394 10406 I art     : Starting a blocking GC Explicit
08-03 21:11:42.698 10394 10406 I art     : Explicit concurrent mark sweep GC freed 66(2528B) AllocSpace objects, 0(0B) LOS objects, 36% free, 27MB/43MB, paused 342us total 51.849ms
08-03 21:11:42.717 10394 10406 I art     : Starting a blocking GC Explicit
08-03 21:11:42.772 10394 10406 I art     : Explicit concurrent mark sweep GC freed 3(96B) AllocSpace objects, 0(0B) LOS objects, 36% free, 27MB/43MB, paused 365us total 54.651ms
08-03 21:11:42.798 10394 10406 I art     : Starting a blocking GC Explicit
08-03 21:11:42.851 10394 10406 I art     : Explicit concurrent mark sweep GC freed 3(96B) AllocSpace objects, 0(0B) LOS objects, 36% free, 27MB/43MB, paused 319us total 51.950ms
08-03 21:11:42.870 10394 10406 I art     : Starting a blocking GC Explicit
08-03 21:11:42.925 10394 10406 I art     : Explicit concurrent mark sweep GC freed 3(96B) AllocSpace objects, 0(0B) LOS objects, 36% free, 27MB/43MB, paused 322us total 54.332ms
08-03 21:11:43.257 10394 10407 I art     : Starting a blocking GC Explicit
08-03 21:11:43.323 10394 10407 I art     : Explicit concurrent mark sweep GC freed 1343(80KB) AllocSpace objects, 1(20KB) LOS objects, 36% free, 27MB/43MB, paused 348us total 65.337ms
08-03 21:11:43.346 10394 10407 I art     : Starting a blocking GC Explicit
08-03 21:11:43.408 10394 10407 I art     : Explicit concurrent mark sweep GC freed 20(704B) AllocSpace objects, 0(0B) LOS objects, 36% free, 27MB/43MB, paused 386us total 61.456ms
08-03 21:11:43.430 10394 10407 I art     : Starting a blocking GC Explicit
08-03 21:11:43.490 10394 10407 I art     : Explicit concurrent mark sweep GC freed 3(96B) AllocSpace objects, 0(0B) LOS objects, 36% free, 27MB/43MB, paused 327us total 60.208ms
08-03 21:11:43.511 10394 10407 I art     : Starting a blocking GC Explicit
08-03 21:11:43.567 10394 10407 I art     : Explicit concurrent mark sweep GC freed 3(96B) AllocSpace objects, 0(0B) LOS objects, 36% free, 27MB/43MB, paused 355us total 56.557ms
08-03 21:11:43.587 10394 10407 I art     : Starting a blocking GC Explicit
08-03 21:11:43.647 10394 10407 I art     : Explicit concurrent mark sweep GC freed 3(96B) AllocSpace objects, 0(0B) LOS objects, 36% free, 27MB/43MB, paused 324us total 59.010ms
08-03 21:11:43.992 10394 10423 I art     : Starting a blocking GC Explicit
08-03 21:11:44.062 10394 10423 I art     : Explicit concurrent mark sweep GC freed 1343(80KB) AllocSpace objects, 1(20KB) LOS objects, 36% free, 27MB/43MB, paused 345us total 69.656ms
08-03 21:11:44.085 10394 10423 I art     : Starting a blocking GC Explicit
08-03 21:11:44.143 10394 10423 I art     : Explicit concurrent mark sweep GC freed 20(704B) AllocSpace objects, 0(0B) LOS objects, 36% free, 27MB/43MB, paused 355us total 57.877ms
08-03 21:11:44.166 10394 10423 I art     : Starting a blocking GC Explicit
08-03 21:11:44.229 10394 10423 I art     : Explicit concurrent mark sweep GC freed 3(96B) AllocSpace objects, 0(0B) LOS objects, 36% free, 27MB/43MB, paused 347us total 62.605ms
08-03 21:11:44.251 10394 10423 I art     : Starting a blocking GC Explicit
08-03 21:11:44.310 10394 10423 I art     : Explicit concurrent mark sweep GC freed 3(96B) AllocSpace objects, 0(0B) LOS objects, 36% free, 27MB/43MB, paused 328us total 58.158ms
08-03 21:11:44.330 10394 10423 I art     : Starting a blocking GC Explicit
08-03 21:11:44.394 10394 10423 I art     : Explicit concurrent mark sweep GC freed 3(96B) AllocSpace objects, 0(0B) LOS objects, 36% free, 27MB/43MB, paused 340us total 63.811ms
08-03 21:11:44.722 10394 10741 I art     : Starting a blocking GC Explicit
08-03 21:11:44.791 10394 10741 I art     : Explicit concurrent mark sweep GC freed 1343(80KB) AllocSpace objects, 1(20KB) LOS objects, 36% free, 27MB/43MB, paused 331us total 68.672ms
08-03 21:11:44.813 10394 10741 I art     : Starting a blocking GC Explicit
08-03 21:11:44.872 10394 10741 I art     : Explicit concurrent mark sweep GC freed 20(704B) AllocSpace objects, 0(0B) LOS objects, 36% free, 27MB/43MB, paused 333us total 59.321ms
08-03 21:11:44.893 10394 10741 I art     : Starting a blocking GC Explicit
08-03 21:11:44.954 10394 10741 I art     : Explicit concurrent mark sweep GC freed 3(96B) AllocSpace objects, 0(0B) LOS objects, 36% free, 27MB/43MB, paused 329us total 60.466ms
08-03 21:11:44.974 10394 10741 I art     : Starting a blocking GC Explicit
08-03 21:11:45.035 10394 10741 I art     : Explicit concurrent mark sweep GC freed 3(96B) AllocSpace objects, 0(0B) LOS objects, 36% free, 27MB/43MB, paused 327us total 60.655ms
08-03 21:11:45.057 10394 10741 I art     : Starting a blocking GC Explicit
08-03 21:11:45.117 10394 10741 I art     : Explicit concurrent mark sweep GC freed 3(96B) AllocSpace objects, 0(0B) LOS objects, 36% free, 27MB/43MB, paused 337us total 59.379ms
08-03 21:11:45.449 10394 10406 I art     : Starting a blocking GC Explicit
08-03 21:11:45.526 10394 10406 I art     : Explicit concurrent mark sweep GC freed 1343(80KB) AllocSpace objects, 1(20KB) LOS objects, 36% free, 27MB/43MB, paused 325us total 76.688ms
08-03 21:11:45.552 10394 10406 I art     : Starting a blocking GC Explicit
08-03 21:11:45.601 10394 10406 I art     : Explicit concurrent mark sweep GC freed 20(704B) AllocSpace objects, 0(0B) LOS objects, 36% free, 27MB/43MB, paused 317us total 48.717ms
08-03 21:11:45.620 10394 10406 I art     : Starting a blocking GC Explicit
08-03 21:11:45.671 10394 10406 I art     : Explicit concurrent mark sweep GC freed 3(96B) AllocSpace objects, 0(0B) LOS objects, 36% free, 27MB/43MB, paused 315us total 50.602ms
08-03 21:11:45.690 10394 10406 I art     : Starting a blocking GC Explicit
08-03 21:11:45.743 10394 10406 I art     : Explicit concurrent mark sweep GC freed 3(96B) AllocSpace objects, 0(0B) LOS objects, 36% free, 27MB/43MB, paused 329us total 52.929ms
08-03 21:11:45.763 10394 10406 I art     : Starting a blocking GC Explicit
08-03 21:11:45.818 10394 10406 I art     : Explicit concurrent mark sweep GC freed 3(96B) AllocSpace objects, 0(0B) LOS objects, 36% free, 27MB/43MB, paused 350us total 54.388ms
08-03 21:11:46.073 11728 11728 D AndroidRuntime: >>>>>> START com.android.internal.os.RuntimeInit uid 2000 <<<<<<
08-03 21:11:46.080 11728 11728 D AndroidRuntime: CheckJNI is OFF
08-03 21:11:46.123 11728 11728 D ICU     : No timezone override file found: /data/misc/zoneinfo/current/icu/icu_tzdata.dat
08-03 21:11:46.140 10394 10407 I art     : Starting a blocking GC Explicit
08-03 21:11:46.165 11728 11728 I Radio-JNI: register_android_hardware_Radio DONE
08-03 21:11:46.193 10394 10407 I art     : Explicit concurrent mark sweep GC freed 1345(80KB) AllocSpace objects, 1(20KB) LOS objects, 36% free, 27MB/43MB, paused 329us total 53.118ms
08-03 21:11:46.195 11728 11728 D AndroidRuntime: Calling main entry com.android.commands.input.Input
08-03 21:11:46.197 11728 11728 I Input   : injectKeyEvent: KeyEvent { action=ACTION_DOWN, keyCode=KEYCODE_BACK, scanCode=0, metaState=0, flags=0x0, repeatCount=0, eventTime=652322610, downTime=652322610, deviceId=-1, source=0x101 }
08-03 21:11:46.202 11728 11728 I Input   : injectKeyEvent: KeyEvent { action=ACTION_UP, keyCode=KEYCODE_BACK, scanCode=0, metaState=0, flags=0x0, repeatCount=0, eventTime=652322610, downTime=652322610, deviceId=-1, source=0x101 }
08-03 21:11:46.208 11728 11728 D AndroidRuntime: Shutting down VM
08-03 21:11:46.212 10394 10407 I art     : Starting a blocking GC Explicit
08-03 21:11:46.248 13866 13866 I GoogleInputMethodServic: GoogleInputMethodService.onFinishInput():3138 
08-03 21:11:46.248 13866 13866 I GoogleInputMethodServic: GoogleInputMethodService.onStartInput():1808 
08-03 21:11:46.260 10394 10407 I art     : Explicit concurrent mark sweep GC freed 152(5KB) AllocSpace objects, 0(0B) LOS objects, 36% free, 27MB/43MB, paused 344us total 46.919ms
08-03 21:11:46.279 10394 10407 I art     : Starting a blocking GC Explicit
08-03 21:11:46.307 10394 11667 I RedditChangeDataIO: Writing tmp data file at '/data/user/0/baseline.org.quantumbadger.redreader/files/rr_change_data_tmp.dat'
08-03 21:11:46.308 10394 11667 I RedditChangeDataManager: Taking snapshot...
08-03 21:11:46.308 10394 11667 I RedditChangeDataManager: Writing to stream...
08-03 21:11:46.308 10394 11667 I RedditChangeDataManager: Wrote 3 entries for user ''
08-03 21:11:46.308 10394 11667 I RedditChangeDataManager: All entries written to stream.
08-03 21:11:46.309 10394 11667 I RedditChangeDataIO: Write successful. Atomically replacing data file...
08-03 21:11:46.310 10394 11667 I RedditChangeDataIO: Write complete.
08-03 21:11:46.310 10394 11667 I RedditChangeDataIO: 86 bytes written in 3 ms
08-03 21:11:46.326 10394 10407 I art     : Explicit concurrent mark sweep GC freed 189(8KB) AllocSpace objects, 1(68KB) LOS objects, 36% free, 27MB/43MB, paused 304us total 46.094ms
08-03 21:11:46.344 10394 10407 I art     : Starting a blocking GC Explicit
08-03 21:11:46.389 10394 10407 I art     : Explicit concurrent mark sweep GC freed 14(640B) AllocSpace objects, 0(0B) LOS objects, 36% free, 27MB/43MB, paused 286us total 45.180ms
08-03 21:11:46.408 10394 10407 I art     : Starting a blocking GC Explicit
08-03 21:11:46.465 10394 10407 I art     : Explicit concurrent mark sweep GC freed 3(96B) AllocSpace objects, 0(0B) LOS objects, 36% free, 27MB/43MB, paused 326us total 56.424ms
08-03 21:11:46.465 10394 10405 I art     : WaitForGcToComplete blocked for 57.238ms for cause HeapTrim
08-03 21:11:46.577   380   380 W SurfaceFlinger: couldn't log to binary event log: overflow.
08-03 21:11:46.748 10394 10406 I art     : Starting a blocking GC Explicit
08-03 21:11:46.809 10394 10406 I art     : Explicit concurrent mark sweep GC freed 1395(82KB) AllocSpace objects, 1(20KB) LOS objects, 36% free, 27MB/43MB, paused 350us total 61.216ms
08-03 21:11:46.832 10394 10406 I art     : Starting a blocking GC Explicit
08-03 21:11:46.875 10394 10406 I art     : Explicit concurrent mark sweep GC freed 46779(2MB) AllocSpace objects, 5(140KB) LOS objects, 39% free, 24MB/40MB, paused 309us total 42.858ms
08-03 21:11:46.892 10394 10406 I art     : Starting a blocking GC Explicit
08-03 21:11:46.928 10394 10406 I art     : Explicit concurrent mark sweep GC freed 3(96B) AllocSpace objects, 0(0B) LOS objects, 39% free, 24MB/40MB, paused 303us total 36.155ms
08-03 21:11:46.945 10394 10406 I art     : Starting a blocking GC Explicit
08-03 21:11:46.983 10394 10406 I art     : Explicit concurrent mark sweep GC freed 3(96B) AllocSpace objects, 0(0B) LOS objects, 39% free, 24MB/40MB, paused 306us total 37.499ms
08-03 21:11:47.000 10394 10406 I art     : Starting a blocking GC Explicit
08-03 21:11:47.037 10394 10406 I art     : Explicit concurrent mark sweep GC freed 3(96B) AllocSpace objects, 0(0B) LOS objects, 39% free, 24MB/40MB, paused 377us total 36.979ms
08-03 21:11:47.340 10394 10407 I art     : Starting a blocking GC Explicit
08-03 21:11:47.390 10394 10407 I art     : Explicit concurrent mark sweep GC freed 1343(80KB) AllocSpace objects, 1(20KB) LOS objects, 39% free, 24MB/40MB, paused 334us total 48.897ms
08-03 21:11:47.408 10394 10407 I art     : Starting a blocking GC Explicit
08-03 21:11:47.445 10394 10407 I art     : Explicit concurrent mark sweep GC freed 20(704B) AllocSpace objects, 0(0B) LOS objects, 39% free, 24MB/40MB, paused 313us total 36.562ms
08-03 21:11:47.462 10394 10407 I art     : Starting a blocking GC Explicit
08-03 21:11:47.497 10394 10407 I art     : Explicit concurrent mark sweep GC freed 3(96B) AllocSpace objects, 0(0B) LOS objects, 39% free, 24MB/40MB, paused 382us total 34.693ms
08-03 21:11:47.513 10394 10407 I art     : Starting a blocking GC Explicit
08-03 21:11:47.549 10394 10407 I art     : Explicit concurrent mark sweep GC freed 3(96B) AllocSpace objects, 0(0B) LOS objects, 39% free, 24MB/40MB, paused 322us total 35.692ms
08-03 21:11:47.566 10394 10407 I art     : Starting a blocking GC Explicit
08-03 21:11:47.602 10394 10407 I art     : Explicit concurrent mark sweep GC freed 3(96B) AllocSpace objects, 0(0B) LOS objects, 39% free, 24MB/40MB, paused 310us total 35.653ms
08-03 21:11:47.891 10394 10423 I art     : Starting a blocking GC Explicit
08-03 21:11:47.931 10394 10423 I art     : Explicit concurrent mark sweep GC freed 1343(80KB) AllocSpace objects, 1(20KB) LOS objects, 39% free, 24MB/40MB, paused 347us total 39.629ms
08-03 21:11:47.951 10394 10423 I art     : Starting a blocking GC Explicit
08-03 21:11:47.987 10394 10423 I art     : Explicit concurrent mark sweep GC freed 20(704B) AllocSpace objects, 0(0B) LOS objects, 39% free, 24MB/40MB, paused 325us total 36.068ms
08-03 21:11:48.002 11773 11773 D AndroidRuntime: >>>>>> START com.android.internal.os.RuntimeInit uid 2000 <<<<<<
08-03 21:11:48.005 10394 10423 I art     : Starting a blocking GC Explicit
08-03 21:11:48.008 11773 11773 D AndroidRuntime: CheckJNI is OFF
08-03 21:11:48.043 10394 10423 I art     : Explicit concurrent mark sweep GC freed 3(96B) AllocSpace objects, 0(0B) LOS objects, 39% free, 24MB/40MB, paused 303us total 37.345ms
08-03 21:11:48.054 11773 11773 D ICU     : No timezone override file found: /data/misc/zoneinfo/current/icu/icu_tzdata.dat
08-03 21:11:48.059 10394 10423 I art     : Starting a blocking GC Explicit
08-03 21:11:48.097 10394 10423 I art     : Explicit concurrent mark sweep GC freed 3(96B) AllocSpace objects, 0(0B) LOS objects, 39% free, 24MB/40MB, paused 311us total 37.301ms
08-03 21:11:48.100 11773 11773 I Radio-JNI: register_android_hardware_Radio DONE
08-03 21:11:48.113 10394 10423 I art     : Starting a blocking GC Explicit
08-03 21:11:48.132 11773 11773 D AndroidRuntime: Calling main entry com.android.commands.input.Input
08-03 21:11:48.134 11773 11773 I Input   : injectKeyEvent: KeyEvent { action=ACTION_DOWN, keyCode=KEYCODE_BACK, scanCode=0, metaState=0, flags=0x0, repeatCount=0, eventTime=652324547, downTime=652324547, deviceId=-1, source=0x101 }
08-03 21:11:48.140 11773 11773 I Input   : injectKeyEvent: KeyEvent { action=ACTION_UP, keyCode=KEYCODE_BACK, scanCode=0, metaState=0, flags=0x0, repeatCount=0, eventTime=652324547, downTime=652324547, deviceId=-1, source=0x101 }
08-03 21:11:48.147 11773 11773 D AndroidRuntime: Shutting down VM
08-03 21:11:48.150 10394 10423 I art     : Explicit concurrent mark sweep GC freed 14(496B) AllocSpace objects, 0(0B) LOS objects, 39% free, 24MB/40MB, paused 320us total 36.690ms
08-03 21:11:48.192 13866 13866 I GoogleInputMethodServic: GoogleInputMethodService.onFinishInput():3138 
08-03 21:11:48.193 13866 13866 I GoogleInputMethodServic: GoogleInputMethodService.onStartInput():1808 
08-03 21:11:48.442 10394 10407 I art     : Starting a blocking GC Explicit
08-03 21:11:48.485 10394 10407 I art     : Explicit concurrent mark sweep GC freed 1511(86KB) AllocSpace objects, 1(20KB) LOS objects, 39% free, 24MB/40MB, paused 278us total 42.821ms
08-03 21:11:48.503 10394 10407 I art     : Starting a blocking GC Explicit
08-03 21:11:48.538 10394 10407 I art     : Explicit concurrent mark sweep GC freed 85(3KB) AllocSpace objects, 0(0B) LOS objects, 39% free, 24MB/40MB, paused 348us total 34.527ms
08-03 21:11:48.554 10394 10407 I art     : Starting a blocking GC Explicit
08-03 21:11:48.590 10394 10407 I art     : Explicit concurrent mark sweep GC freed 133(6KB) AllocSpace objects, 0(0B) LOS objects, 39% free, 24MB/40MB, paused 328us total 35.960ms
08-03 21:11:48.606 10394 10407 I art     : Starting a blocking GC Explicit
08-03 21:11:48.644 10394 10407 I art     : Explicit concurrent mark sweep GC freed 3(96B) AllocSpace objects, 0(0B) LOS objects, 39% free, 24MB/40MB, paused 389us total 37.442ms
08-03 21:11:48.661 10394 10407 I art     : Starting a blocking GC Explicit
08-03 21:11:48.700 10394 10407 I art     : Explicit concurrent mark sweep GC freed 3(96B) AllocSpace objects, 0(0B) LOS objects, 39% free, 24MB/40MB, paused 357us total 38.353ms
08-03 21:11:49.012 10394 10406 I art     : Starting a blocking GC Explicit
08-03 21:11:49.064 10394 10406 I art     : Explicit concurrent mark sweep GC freed 1343(80KB) AllocSpace objects, 1(20KB) LOS objects, 39% free, 24MB/40MB, paused 378us total 51.428ms
08-03 21:11:49.084 10394 10406 I art     : Starting a blocking GC Explicit
08-03 21:11:49.122 10394 10406 I art     : Explicit concurrent mark sweep GC freed 20(704B) AllocSpace objects, 0(0B) LOS objects, 39% free, 24MB/40MB, paused 327us total 37.534ms
08-03 21:11:49.139 10394 10406 I art     : Starting a blocking GC Explicit
08-03 21:11:49.177 10394 10406 I art     : Explicit concurrent mark sweep GC freed 3(96B) AllocSpace objects, 0(0B) LOS objects, 39% free, 24MB/40MB, paused 411us total 37.828ms
08-03 21:11:49.194 10394 10406 I art     : Starting a blocking GC Explicit
08-03 21:11:49.232 10394 10406 I art     : Explicit concurrent mark sweep GC freed 3(96B) AllocSpace objects, 0(0B) LOS objects, 39% free, 24MB/40MB, paused 322us total 38.022ms
08-03 21:11:49.249 10394 10406 I art     : Starting a blocking GC Explicit
08-03 21:11:49.288 10394 10406 I art     : Explicit concurrent mark sweep GC freed 3(96B) AllocSpace objects, 0(0B) LOS objects, 39% free, 24MB/40MB, paused 359us total 38.198ms
08-03 21:11:49.564 10394 10741 I art     : Starting a blocking GC Explicit
08-03 21:11:49.602 10394 10741 I art     : Explicit concurrent mark sweep GC freed 1343(80KB) AllocSpace objects, 1(20KB) LOS objects, 39% free, 24MB/40MB, paused 344us total 37.734ms
08-03 21:11:49.619 10394 10741 I art     : Starting a blocking GC Explicit
08-03 21:11:49.655 10394 10741 I art     : Explicit concurrent mark sweep GC freed 20(704B) AllocSpace objects, 0(0B) LOS objects, 39% free, 24MB/40MB, paused 347us total 35.594ms
08-03 21:11:49.671 10394 10741 I art     : Starting a blocking GC Explicit
08-03 21:11:49.708 10394 10741 I art     : Explicit concurrent mark sweep GC freed 3(96B) AllocSpace objects, 0(0B) LOS objects, 39% free, 24MB/40MB, paused 359us total 36.699ms
08-03 21:11:49.725 10394 10741 I art     : Starting a blocking GC Explicit
08-03 21:11:49.763 10394 10741 I art     : Explicit concurrent mark sweep GC freed 3(96B) AllocSpace objects, 0(0B) LOS objects, 39% free, 24MB/40MB, paused 340us total 37.128ms
08-03 21:11:49.780 10394 10741 I art     : Starting a blocking GC Explicit
08-03 21:11:49.817 10394 10741 I art     : Explicit concurrent mark sweep GC freed 3(96B) AllocSpace objects, 0(0B) LOS objects, 39% free, 24MB/40MB, paused 339us total 37.067ms
08-03 21:11:49.952 11817 11817 D AndroidRuntime: >>>>>> START com.android.internal.os.RuntimeInit uid 2000 <<<<<<
08-03 21:11:49.961 11817 11817 D AndroidRuntime: CheckJNI is OFF
08-03 21:11:50.002 11817 11817 D ICU     : No timezone override file found: /data/misc/zoneinfo/current/icu/icu_tzdata.dat
08-03 21:11:50.043 11817 11817 I Radio-JNI: register_android_hardware_Radio DONE
08-03 21:11:50.072 11817 11817 D AndroidRuntime: Calling main entry com.android.commands.input.Input
08-03 21:11:50.074 11817 11817 I Input   : injectMotionEvent: MotionEvent { action=ACTION_DOWN, actionButton=0, id[0]=0, x[0]=600.0, y[0]=1536.0, toolType[0]=TOOL_TYPE_UNKNOWN, buttonState=0, metaState=0, flags=0x0, edgeFlags=0x0, pointerCount=1, historySize=0, eventTime=652326487, downTime=652326487, deviceId=0, source=0x1002 }
08-03 21:11:50.079 11817 11817 I Input   : injectMotionEvent: MotionEvent { action=ACTION_UP, actionButton=0, id[0]=0, x[0]=600.0, y[0]=1536.0, toolType[0]=TOOL_TYPE_UNKNOWN, buttonState=0, metaState=0, flags=0x0, edgeFlags=0x0, pointerCount=1, historySize=0, eventTime=652326487, downTime=652326487, deviceId=0, source=0x1002 }
08-03 21:11:50.080 11817 11817 D AndroidRuntime: Shutting down VM
08-03 21:11:50.083   918  5132 I ActivityManager: START u0 {dat=https://oauth.reddit.com/... cmp=baseline.org.quantumbadger.redreader/.activities.PostListingActivity} from uid 10634 on display 0
08-03 21:11:50.086   512  2967 D audio_hw_primary: out_set_parameters: enter: usecase(1: low-latency-playback) kvpairs: routing=2
08-03 21:11:50.099   512  2967 D audio_hw_primary: select_devices: out_snd_device(2: speaker) in_snd_device(0: none)
08-03 21:11:50.099   512  2967 D msm8974_platform: platform_send_audio_calibration: sending audio calibration for snd_device(2) acdb_id(15)
08-03 21:11:50.100   512  2967 I soundtrigger: audio_extn_sound_trigger_update_device_status: device 0x2 of type 0 for Event 1
08-03 21:11:50.110   512  2967 D audio_hw_primary: enable_snd_device: snd_device(2: speaker)
08-03 21:11:50.111 10394 10394 I AppCompatViewInflater: app:theme is now deprecated. Please move to using android:theme instead.
08-03 21:11:50.112   512  2967 D audio_hw_primary: enable_audio_route: apply and update mixer path: low-latency-playback speaker
08-03 21:11:50.112 10394 10741 I art     : Starting a blocking GC Explicit
08-03 21:11:50.140 10394 11851 D OK      : calling: https://oauth.reddit.com/r/askscience/about.json
08-03 21:11:50.151 10394 10741 I art     : Explicit concurrent mark sweep GC freed 2224(152KB) AllocSpace objects, 1(20KB) LOS objects, 39% free, 24MB/40MB, paused 499us total 38.481ms
08-03 21:11:50.167 10394 10741 I art     : Starting a blocking GC Explicit
08-03 21:11:50.196   918   936 I ActivityManager: Displayed baseline.org.quantumbadger.redreader/.activities.PostListingActivity: +100ms
08-03 21:11:50.197 13866 13866 I GoogleInputMethodServic: GoogleInputMethodService.onFinishInput():3138 
08-03 21:11:50.198 13866 13866 I GoogleInputMethodServic: GoogleInputMethodService.onStartInput():1808 
08-03 21:11:50.203 10394 10741 I art     : Explicit concurrent mark sweep GC freed 997(45KB) AllocSpace objects, 0(0B) LOS objects, 39% free, 25MB/41MB, paused 478us total 35.639ms
08-03 21:11:50.222 10394 10741 I art     : Starting a blocking GC Explicit
08-03 21:11:50.258 10394 10741 I art     : Explicit concurrent mark sweep GC freed 235(14KB) AllocSpace objects, 0(0B) LOS objects, 39% free, 25MB/41MB, paused 383us total 34.891ms
08-03 21:11:50.274 10394 10741 I art     : Starting a blocking GC Explicit
08-03 21:11:50.310 10394 10741 I art     : Explicit concurrent mark sweep GC freed 1917(74KB) AllocSpace objects, 0(0B) LOS objects, 38% free, 25MB/41MB, paused 494us total 35.981ms
08-03 21:11:50.327 10394 10741 I art     : Starting a blocking GC Explicit
08-03 21:11:50.370 10394 10741 I art     : Explicit concurrent mark sweep GC freed 103(4KB) AllocSpace objects, 0(0B) LOS objects, 39% free, 25MB/41MB, paused 421us total 42.361ms
08-03 21:11:50.449   380   380 W SurfaceFlinger: couldn't log to binary event log: overflow.
08-03 21:11:50.462 10394 11851 I NAPPA_EXPERIMENTATION: MetricNetworkRequestExecutionTime: REQUEST_DURATION_SYSTEM='322',REQUEST_DURATION_OKHTTP='150',REQUEST_SYNCHRONOUS='TRUE',RESPONSE_CODE='200',RESPONSE_METHOD='GET',RESPONSE_LENGTH_OKHTTP='-1',RESPONSE_LENGTH_HEADER='4700',REQUEST_PROTOCOL='h2',REQUEST_URL='https://oauth.reddit.com/r/askscience/about.json',
08-03 21:11:50.462 10394 11851 D OK      : request got status: 200
08-03 21:11:50.655 10394 11806 I art     : Starting a blocking GC Explicit
08-03 21:11:50.660   512  2967 D audio_hw_primary: disable_audio_route: reset and update mixer path: low-latency-playback speaker
08-03 21:11:50.661   512  2967 D audio_hw_primary: disable_snd_device: snd_device(2: speaker)
08-03 21:11:50.670   512  2967 I soundtrigger: audio_extn_sound_trigger_update_device_status: device 0x2 of type 0 for Event 0
08-03 21:11:50.693 10394 11806 I art     : Explicit concurrent mark sweep GC freed 3084(274KB) AllocSpace objects, 4(176KB) LOS objects, 38% free, 25MB/41MB, paused 349us total 38.002ms
08-03 21:11:50.710 10394 11806 I art     : Starting a blocking GC Explicit
08-03 21:11:50.749 10394 11806 I art     : Explicit concurrent mark sweep GC freed 201(10KB) AllocSpace objects, 0(0B) LOS objects, 38% free, 25MB/41MB, paused 386us total 38.749ms
08-03 21:11:50.766 10394 11806 I art     : Starting a blocking GC Explicit
08-03 21:11:50.803 10394 11806 I art     : Explicit concurrent mark sweep GC freed 16(640B) AllocSpace objects, 0(0B) LOS objects, 38% free, 25MB/41MB, paused 328us total 36.736ms
08-03 21:11:50.820 10394 11806 I art     : Starting a blocking GC Explicit
08-03 21:11:50.861 10394 11806 I art     : Explicit concurrent mark sweep GC freed 25(1024B) AllocSpace objects, 0(0B) LOS objects, 38% free, 25MB/41MB, paused 375us total 40.389ms
08-03 21:11:50.878 10394 11806 I art     : Starting a blocking GC Explicit
08-03 21:11:50.915 10394 11806 I art     : Explicit concurrent mark sweep GC freed 3(96B) AllocSpace objects, 0(0B) LOS objects, 38% free, 25MB/41MB, paused 325us total 37.201ms
08-03 21:11:51.219 10394 10741 I art     : Starting a blocking GC Explicit
08-03 21:11:51.258 10394 10741 I art     : Explicit concurrent mark sweep GC freed 1367(81KB) AllocSpace objects, 1(20KB) LOS objects, 38% free, 25MB/41MB, paused 382us total 38.881ms
08-03 21:11:51.275 10394 10741 I art     : Starting a blocking GC Explicit
08-03 21:11:51.310 10394 10741 I art     : Explicit concurrent mark sweep GC freed 20(704B) AllocSpace objects, 0(0B) LOS objects, 38% free, 25MB/41MB, paused 363us total 34.502ms
08-03 21:11:51.327 10394 10741 I art     : Starting a blocking GC Explicit
08-03 21:11:51.336 10394 11875 D OK      : calling: https://oauth.reddit.com/r/askscience/hot/.json
08-03 21:11:51.364 10394 10741 I art     : Explicit concurrent mark sweep GC freed 95(3KB) AllocSpace objects, 0(0B) LOS objects, 38% free, 25MB/41MB, paused 436us total 37.008ms
08-03 21:11:51.381 10394 10741 I art     : Starting a blocking GC Explicit
08-03 21:11:51.419 10394 10741 I art     : Explicit concurrent mark sweep GC freed 9(352B) AllocSpace objects, 0(0B) LOS objects, 38% free, 25MB/41MB, paused 403us total 37.407ms
08-03 21:11:51.435 10394 10741 I art     : Starting a blocking GC Explicit
08-03 21:11:51.473 10394 10741 I art     : Explicit concurrent mark sweep GC freed 3(96B) AllocSpace objects, 0(0B) LOS objects, 38% free, 25MB/41MB, paused 430us total 37.224ms
08-03 21:11:51.570 10394 11875 I NAPPA_EXPERIMENTATION: MetricNetworkRequestExecutionTime: REQUEST_DURATION_SYSTEM='234',REQUEST_DURATION_OKHTTP='230',REQUEST_SYNCHRONOUS='TRUE',RESPONSE_CODE='200',RESPONSE_METHOD='GET',RESPONSE_LENGTH_OKHTTP='-1',RESPONSE_LENGTH_HEADER='21282',REQUEST_PROTOCOL='h2',REQUEST_URL='https://oauth.reddit.com/r/askscience/hot/.json',
08-03 21:11:51.571 10394 11875 D OK      : request got status: 200
08-03 21:11:51.696 10394 11001 I PostListingFragment: Precaching images: OFF
08-03 21:11:51.696 10394 11001 I PostListingFragment: Precaching comments: OFF
08-03 21:11:51.758 10394 10407 I art     : Starting a blocking GC Explicit
08-03 21:11:51.801 10394 10407 I art     : Explicit concurrent mark sweep GC freed 6953(432KB) AllocSpace objects, 2(88KB) LOS objects, 38% free, 25MB/41MB, paused 491us total 42.649ms
08-03 21:11:51.818 10394 10407 I art     : Starting a blocking GC Explicit
08-03 21:11:51.860 10394 10407 I art     : Explicit concurrent mark sweep GC freed 3228(175KB) AllocSpace objects, 1(68KB) LOS objects, 38% free, 25MB/41MB, paused 512us total 41.901ms
08-03 21:11:51.860 10394 10405 I art     : WaitForGcToComplete blocked for 42.092ms for cause HeapTrim
08-03 21:11:51.877 10394 10407 I art     : Starting a blocking GC Explicit
08-03 21:11:51.923 10394 10407 I art     : Explicit concurrent mark sweep GC freed 3401(127KB) AllocSpace objects, 0(0B) LOS objects, 38% free, 25MB/41MB, paused 487us total 44.776ms
08-03 21:11:51.940 10394 10407 I art     : Starting a blocking GC Explicit
08-03 21:11:51.985 10394 10407 I art     : Explicit concurrent mark sweep GC freed 3110(115KB) AllocSpace objects, 0(0B) LOS objects, 38% free, 25MB/41MB, paused 925us total 44.673ms
08-03 21:11:52.003 10394 10407 I art     : Starting a blocking GC Explicit
08-03 21:11:52.047 10394 10407 I art     : Explicit concurrent mark sweep GC freed 3602(133KB) AllocSpace objects, 0(0B) LOS objects, 38% free, 25MB/41MB, paused 502us total 44.445ms
08-03 21:11:52.345 10394 10407 I art     : Starting a blocking GC Explicit
08-03 21:11:52.388 10394 10407 I art     : Explicit concurrent mark sweep GC freed 16380(764KB) AllocSpace objects, 1(20KB) LOS objects, 38% free, 25MB/41MB, paused 372us total 43.424ms
08-03 21:11:52.406 10394 10407 I art     : Starting a blocking GC Explicit
08-03 21:11:52.445 10394 10407 I art     : Explicit concurrent mark sweep GC freed 360(16KB) AllocSpace objects, 0(0B) LOS objects, 38% free, 25MB/41MB, paused 372us total 39.198ms
08-03 21:11:52.462 10394 10407 I art     : Starting a blocking GC Explicit
08-03 21:11:52.500 10394 10407 I art     : Explicit concurrent mark sweep GC freed 3(96B) AllocSpace objects, 0(0B) LOS objects, 38% free, 25MB/41MB, paused 347us total 36.985ms
08-03 21:11:52.516 10394 10407 I art     : Starting a blocking GC Explicit
08-03 21:11:52.558 10394 10407 I art     : Explicit concurrent mark sweep GC freed 19(832B) AllocSpace objects, 0(0B) LOS objects, 38% free, 25MB/41MB, paused 376us total 41.725ms
08-03 21:11:52.576 10394 10407 I art     : Starting a blocking GC Explicit
08-03 21:11:52.619 10394 10407 I art     : Explicit concurrent mark sweep GC freed 155(6KB) AllocSpace objects, 0(0B) LOS objects, 38% free, 25MB/41MB, paused 356us total 42.767ms
08-03 21:11:52.959 10394 10741 I art     : Starting a blocking GC Explicit
08-03 21:11:53.002 10394 10741 I art     : Explicit concurrent mark sweep GC freed 1347(80KB) AllocSpace objects, 1(20KB) LOS objects, 38% free, 25MB/41MB, paused 398us total 43.006ms
08-03 21:11:53.020 10394 10741 I art     : Starting a blocking GC Explicit
08-03 21:11:53.065 10394 10741 I art     : Explicit concurrent mark sweep GC freed 20(704B) AllocSpace objects, 0(0B) LOS objects, 38% free, 25MB/41MB, paused 365us total 44.521ms
08-03 21:11:53.083 10394 10741 I art     : Starting a blocking GC Explicit
08-03 21:11:53.128 10394 10741 I art     : Explicit concurrent mark sweep GC freed 3(96B) AllocSpace objects, 0(0B) LOS objects, 38% free, 25MB/41MB, paused 396us total 45.022ms
08-03 21:11:53.145 10394 10741 I art     : Starting a blocking GC Explicit
08-03 21:11:53.191 10394 10741 I art     : Explicit concurrent mark sweep GC freed 3(96B) AllocSpace objects, 0(0B) LOS objects, 38% free, 25MB/41MB, paused 414us total 45.224ms
08-03 21:11:53.212 10394 10741 I art     : Starting a blocking GC Explicit
08-03 21:11:53.258 10394 10741 I art     : Explicit concurrent mark sweep GC freed 3(96B) AllocSpace objects, 0(0B) LOS objects, 38% free, 25MB/41MB, paused 387us total 45.484ms
08-03 21:11:53.592 10394 10406 I art     : Starting a blocking GC Explicit
08-03 21:11:53.651 10394 10406 I art     : Explicit concurrent mark sweep GC freed 1344(80KB) AllocSpace objects, 1(20KB) LOS objects, 38% free, 25MB/41MB, paused 435us total 58.709ms
08-03 21:11:53.674 10394 10406 I art     : Starting a blocking GC Explicit
08-03 21:11:53.720 10394 10406 I art     : Explicit concurrent mark sweep GC freed 20(704B) AllocSpace objects, 0(0B) LOS objects, 38% free, 25MB/41MB, paused 389us total 45.704ms
08-03 21:11:53.738 10394 10406 I art     : Starting a blocking GC Explicit
08-03 21:11:53.782 10394 10406 I art     : Explicit concurrent mark sweep GC freed 3(96B) AllocSpace objects, 0(0B) LOS objects, 38% free, 25MB/41MB, paused 344us total 43.780ms
08-03 21:11:53.799 10394 10406 I art     : Starting a blocking GC Explicit
08-03 21:11:53.845 10394 10406 I art     : Explicit concurrent mark sweep GC freed 3(96B) AllocSpace objects, 0(0B) LOS objects, 38% free, 25MB/41MB, paused 391us total 44.874ms
08-03 21:11:53.863 10394 10406 I art     : Starting a blocking GC Explicit
08-03 21:11:53.908 10394 10406 I art     : Explicit concurrent mark sweep GC freed 3(96B) AllocSpace objects, 0(0B) LOS objects, 38% free, 25MB/41MB, paused 425us total 45.207ms
08-03 21:11:54.242 10394 10423 I art     : Starting a blocking GC Explicit
08-03 21:11:54.299 10394 10423 I art     : Explicit concurrent mark sweep GC freed 1344(80KB) AllocSpace objects, 1(20KB) LOS objects, 38% free, 25MB/41MB, paused 453us total 56.585ms
08-03 21:11:54.320 10394 10423 I art     : Starting a blocking GC Explicit
08-03 21:11:54.366 10394 10423 I art     : Explicit concurrent mark sweep GC freed 20(704B) AllocSpace objects, 0(0B) LOS objects, 38% free, 25MB/41MB, paused 387us total 46.085ms
08-03 21:11:54.384 10394 10423 I art     : Starting a blocking GC Explicit
08-03 21:11:54.428 10394 10423 I art     : Explicit concurrent mark sweep GC freed 3(96B) AllocSpace objects, 0(0B) LOS objects, 38% free, 25MB/41MB, paused 462us total 43.734ms
08-03 21:11:54.449 10394 10423 I art     : Starting a blocking GC Explicit
08-03 21:11:54.496 10394 10423 I art     : Explicit concurrent mark sweep GC freed 3(96B) AllocSpace objects, 0(0B) LOS objects, 38% free, 25MB/41MB, paused 389us total 46.727ms
08-03 21:11:54.514 10394 10423 I art     : Starting a blocking GC Explicit
08-03 21:11:54.555 10394 10423 I art     : Explicit concurrent mark sweep GC freed 3(96B) AllocSpace objects, 0(0B) LOS objects, 38% free, 25MB/41MB, paused 367us total 40.812ms
08-03 21:11:54.884 10394 11806 I art     : Starting a blocking GC Explicit
08-03 21:11:54.934 10394 11806 I art     : Explicit concurrent mark sweep GC freed 1343(80KB) AllocSpace objects, 1(20KB) LOS objects, 38% free, 25MB/41MB, paused 410us total 49.500ms
08-03 21:11:54.954 10394 11806 I art     : Starting a blocking GC Explicit
08-03 21:11:55.002 10394 11806 I art     : Explicit concurrent mark sweep GC freed 20(704B) AllocSpace objects, 0(0B) LOS objects, 38% free, 25MB/41MB, paused 390us total 47.206ms
08-03 21:11:55.020 10394 11806 I art     : Starting a blocking GC Explicit
08-03 21:11:55.065 10394 11806 I art     : Explicit concurrent mark sweep GC freed 3(96B) AllocSpace objects, 0(0B) LOS objects, 38% free, 25MB/41MB, paused 392us total 45.421ms
08-03 21:11:55.086 10394 11806 I art     : Starting a blocking GC Explicit
08-03 21:11:55.132 10394 11806 I art     : Explicit concurrent mark sweep GC freed 3(96B) AllocSpace objects, 0(0B) LOS objects, 38% free, 25MB/41MB, paused 350us total 45.398ms
08-03 21:11:55.149 10394 11806 I art     : Starting a blocking GC Explicit
08-03 21:11:55.195 10394 11806 I art     : Explicit concurrent mark sweep GC freed 3(96B) AllocSpace objects, 0(0B) LOS objects, 38% free, 25MB/41MB, paused 384us total 44.864ms
08-03 21:11:55.503 10394 10407 I art     : Starting a blocking GC Explicit
08-03 21:11:55.552 10394 10407 I art     : Explicit concurrent mark sweep GC freed 1347(80KB) AllocSpace objects, 1(20KB) LOS objects, 38% free, 25MB/41MB, paused 432us total 48.364ms
08-03 21:11:55.573 10394 10407 I art     : Starting a blocking GC Explicit
08-03 21:11:55.614 10394 10407 I art     : Explicit concurrent mark sweep GC freed 20(704B) AllocSpace objects, 0(0B) LOS objects, 38% free, 25MB/41MB, paused 385us total 40.840ms
08-03 21:11:55.632 10394 10407 I art     : Starting a blocking GC Explicit
08-03 21:11:55.674 10394 10407 I art     : Explicit concurrent mark sweep GC freed 3(96B) AllocSpace objects, 0(0B) LOS objects, 38% free, 25MB/41MB, paused 368us total 42.176ms
08-03 21:11:55.692 10394 10407 I art     : Starting a blocking GC Explicit
08-03 21:11:55.734 10394 10407 I art     : Explicit concurrent mark sweep GC freed 3(96B) AllocSpace objects, 0(0B) LOS objects, 38% free, 25MB/41MB, paused 375us total 41.870ms
08-03 21:11:55.751 10394 10407 I art     : Starting a blocking GC Explicit
08-03 21:11:55.795 10394 10407 I art     : Explicit concurrent mark sweep GC freed 3(96B) AllocSpace objects, 0(0B) LOS objects, 38% free, 25MB/41MB, paused 397us total 43.878ms
08-03 21:11:55.933 11939 11939 D AndroidRuntime: >>>>>> START com.android.internal.os.RuntimeInit uid 2000 <<<<<<
08-03 21:11:55.941 11939 11939 D AndroidRuntime: CheckJNI is OFF
08-03 21:11:55.986 11939 11939 D ICU     : No timezone override file found: /data/misc/zoneinfo/current/icu/icu_tzdata.dat
08-03 21:11:56.027 11939 11939 I Radio-JNI: register_android_hardware_Radio DONE
08-03 21:11:56.057 11939 11939 D AndroidRuntime: Calling main entry com.android.commands.input.Input
08-03 21:11:56.058 11939 11939 I Input   : injectMotionEvent: MotionEvent { action=ACTION_DOWN, actionButton=0, id[0]=0, x[0]=600.0, y[0]=700.0, toolType[0]=TOOL_TYPE_UNKNOWN, buttonState=0, metaState=0, flags=0x0, edgeFlags=0x0, pointerCount=1, historySize=0, eventTime=652332471, downTime=652332471, deviceId=0, source=0x1002 }
08-03 21:11:56.063 11939 11939 I Input   : injectMotionEvent: MotionEvent { action=ACTION_UP, actionButton=0, id[0]=0, x[0]=600.0, y[0]=700.0, toolType[0]=TOOL_TYPE_UNKNOWN, buttonState=0, metaState=0, flags=0x0, edgeFlags=0x0, pointerCount=1, historySize=0, eventTime=652332471, downTime=652332471, deviceId=0, source=0x1002 }
08-03 21:11:56.064 11939 11939 D AndroidRuntime: Shutting down VM
08-03 21:11:56.076   512  2967 D audio_hw_primary: out_set_parameters: enter: usecase(1: low-latency-playback) kvpairs: routing=2
08-03 21:11:56.080   918  5952 I ActivityManager: START u0 {dat=https://oauth.reddit.com/... cmp=baseline.org.quantumbadger.redreader/.activities.CommentListingActivity} from uid 10634 on display 0
08-03 21:11:56.089   512  2967 D audio_hw_primary: select_devices: out_snd_device(2: speaker) in_snd_device(0: none)
08-03 21:11:56.089   512  2967 D msm8974_platform: platform_send_audio_calibration: sending audio calibration for snd_device(2) acdb_id(15)
08-03 21:11:56.089   512  2967 I soundtrigger: audio_extn_sound_trigger_update_device_status: device 0x2 of type 0 for Event 1
08-03 21:11:56.100   512  2967 D audio_hw_primary: enable_snd_device: snd_device(2: speaker)
08-03 21:11:56.102   512  2967 D audio_hw_primary: enable_audio_route: apply and update mixer path: low-latency-playback speaker
08-03 21:11:56.108 10394 10394 I AppCompatViewInflater: app:theme is now deprecated. Please move to using android:theme instead.
08-03 21:11:56.117 10394 10407 I art     : Starting a blocking GC Explicit
08-03 21:11:56.130 10394 11001 I CommentListingActivity: COMMENTS session changed to f1a01693-0ceb-48df-9909-7507370540bc
08-03 21:11:56.161 10394 10407 I art     : Explicit concurrent mark sweep GC freed 4148(337KB) AllocSpace objects, 1(20KB) LOS objects, 38% free, 26MB/42MB, paused 857us total 43.455ms
08-03 21:11:56.178 10394 10407 I art     : Starting a blocking GC Explicit
08-03 21:11:56.212   918   936 I ActivityManager: Displayed baseline.org.quantumbadger.redreader/.activities.CommentListingActivity: +121ms
08-03 21:11:56.213 13866 13866 I GoogleInputMethodServic: GoogleInputMethodService.onFinishInput():3138 
08-03 21:11:56.213 13866 13866 I GoogleInputMethodServic: GoogleInputMethodService.onStartInput():1808 
08-03 21:11:56.224 10394 10407 I art     : Explicit concurrent mark sweep GC freed 9525(604KB) AllocSpace objects, 2(36KB) LOS objects, 37% free, 27MB/43MB, paused 916us total 45.891ms
08-03 21:11:56.241 10394 10407 I art     : Starting a blocking GC Explicit
08-03 21:11:56.300 10394 10407 I art     : Explicit concurrent mark sweep GC freed 9738(623KB) AllocSpace objects, 0(0B) LOS objects, 36% free, 28MB/44MB, paused 1.406ms total 58.091ms
08-03 21:11:56.322 10394 10407 I art     : Starting a blocking GC Explicit
08-03 21:11:56.389 10394 10407 I art     : Explicit concurrent mark sweep GC freed 12013(854KB) AllocSpace objects, 0(0B) LOS objects, 35% free, 29MB/45MB, paused 421us total 66.970ms
08-03 21:11:56.410 10394 10407 I art     : Starting a blocking GC Explicit
08-03 21:11:56.471   380   380 W SurfaceFlinger: couldn't log to binary event log: overflow.
08-03 21:11:56.476 10394 10407 I art     : Explicit concurrent mark sweep GC freed 11043(752KB) AllocSpace objects, 1(16KB) LOS objects, 35% free, 29MB/45MB, paused 491us total 65.329ms
08-03 21:11:56.639   512  2967 D audio_hw_primary: disable_audio_route: reset and update mixer path: low-latency-playback speaker
08-03 21:11:56.641   512  2967 D audio_hw_primary: disable_snd_device: snd_device(2: speaker)
08-03 21:11:56.649   512  2967 I soundtrigger: audio_extn_sound_trigger_update_device_status: device 0x2 of type 0 for Event 0
08-03 21:11:56.737 10394 11886 I RedditChangeDataIO: Writing tmp data file at '/data/user/0/baseline.org.quantumbadger.redreader/files/rr_change_data_tmp.dat'
08-03 21:11:56.738 10394 11886 I RedditChangeDataManager: Taking snapshot...
08-03 21:11:56.738 10394 11886 I RedditChangeDataManager: Writing to stream...
08-03 21:11:56.738 10394 11886 I RedditChangeDataManager: Wrote 3 entries for user ''
08-03 21:11:56.738 10394 11886 I RedditChangeDataManager: All entries written to stream.
08-03 21:11:56.739 10394 11886 I RedditChangeDataIO: Write successful. Atomically replacing data file...
08-03 21:11:56.739 10394 11886 I RedditChangeDataIO: Write complete.
08-03 21:11:56.739 10394 11886 I RedditChangeDataIO: 86 bytes written in 2 ms
08-03 21:11:56.778 10394 10407 I art     : Starting a blocking GC Explicit
08-03 21:11:56.835 10394 10407 I art     : Explicit concurrent mark sweep GC freed 20963(978KB) AllocSpace objects, 2(88KB) LOS objects, 36% free, 28MB/44MB, paused 384us total 56.598ms
08-03 21:11:56.854 10394 10407 I art     : Starting a blocking GC Explicit
08-03 21:11:56.908 10394 10407 I art     : Explicit concurrent mark sweep GC freed 98(3KB) AllocSpace objects, 0(0B) LOS objects, 36% free, 28MB/44MB, paused 304us total 54.042ms
08-03 21:11:56.928 10394 10407 I art     : Starting a blocking GC Explicit
08-03 21:11:56.981 10394 10407 I art     : Explicit concurrent mark sweep GC freed 3(96B) AllocSpace objects, 0(0B) LOS objects, 36% free, 28MB/44MB, paused 334us total 52.378ms
08-03 21:11:56.981 10394 10405 I art     : WaitForGcToComplete blocked for 52.752ms for cause HeapTrim
08-03 21:11:57.001 10394 10407 I art     : Starting a blocking GC Explicit
08-03 21:11:57.056 10394 10407 I art     : Explicit concurrent mark sweep GC freed 3(96B) AllocSpace objects, 0(0B) LOS objects, 36% free, 28MB/44MB, paused 459us total 54.280ms
08-03 21:11:57.076 10394 10407 I art     : Starting a blocking GC Explicit
08-03 21:11:57.129 10394 10407 I art     : Explicit concurrent mark sweep GC freed 3(96B) AllocSpace objects, 0(0B) LOS objects, 36% free, 28MB/44MB, paused 304us total 52.611ms
08-03 21:11:57.432 10394 10423 I art     : Starting a blocking GC Explicit
08-03 21:11:57.506 10394 10423 I art     : Explicit concurrent mark sweep GC freed 1343(80KB) AllocSpace objects, 1(20KB) LOS objects, 36% free, 28MB/44MB, paused 366us total 73.592ms
08-03 21:11:57.527 10394 10423 I art     : Starting a blocking GC Explicit
08-03 21:11:57.584 10394 10423 I art     : Explicit concurrent mark sweep GC freed 66(2528B) AllocSpace objects, 0(0B) LOS objects, 36% free, 28MB/44MB, paused 316us total 56.655ms
08-03 21:11:57.604 10394 10423 I art     : Starting a blocking GC Explicit
08-03 21:11:57.660 10394 10423 I art     : Explicit concurrent mark sweep GC freed 3(96B) AllocSpace objects, 0(0B) LOS objects, 36% free, 28MB/44MB, paused 327us total 56.310ms
08-03 21:11:57.680 10394 10423 I art     : Starting a blocking GC Explicit
08-03 21:11:57.738 10394 10423 I art     : Explicit concurrent mark sweep GC freed 3(96B) AllocSpace objects, 0(0B) LOS objects, 36% free, 28MB/44MB, paused 354us total 57.271ms
08-03 21:11:57.758 10394 10423 I art     : Starting a blocking GC Explicit
08-03 21:11:57.825 10394 10423 I art     : Explicit concurrent mark sweep GC freed 3(96B) AllocSpace objects, 0(0B) LOS objects, 36% free, 28MB/44MB, paused 435us total 66.969ms
08-03 21:11:58.155 10394 10741 I art     : Starting a blocking GC Explicit
08-03 21:11:58.229 10394 10741 I art     : Explicit concurrent mark sweep GC freed 1343(80KB) AllocSpace objects, 1(20KB) LOS objects, 36% free, 28MB/44MB, paused 420us total 72.713ms
08-03 21:11:58.252 10394 10741 I art     : Starting a blocking GC Explicit
08-03 21:11:58.313 10394 10741 I art     : Explicit concurrent mark sweep GC freed 20(704B) AllocSpace objects, 0(0B) LOS objects, 36% free, 28MB/44MB, paused 355us total 60.680ms
08-03 21:11:58.333 10394 10741 I art     : Starting a blocking GC Explicit
08-03 21:11:58.395 10394 10741 I art     : Explicit concurrent mark sweep GC freed 3(96B) AllocSpace objects, 0(0B) LOS objects, 36% free, 28MB/44MB, paused 359us total 62.464ms
08-03 21:11:58.416 10394 10741 I art     : Starting a blocking GC Explicit
08-03 21:11:58.483 10394 10741 I art     : Explicit concurrent mark sweep GC freed 3(96B) AllocSpace objects, 0(0B) LOS objects, 36% free, 28MB/44MB, paused 380us total 66.851ms
08-03 21:11:58.507 10394 10741 I art     : Starting a blocking GC Explicit
08-03 21:11:58.528   918  3188 I hubconnection: sensorhub said: 'set_bias 3: -5.9328, 0.0000, 0.0000'
08-03 21:11:58.574 10394 10741 I art     : Explicit concurrent mark sweep GC freed 3(96B) AllocSpace objects, 0(0B) LOS objects, 36% free, 28MB/44MB, paused 371us total 66.356ms
08-03 21:11:58.895 10394 10407 I art     : Starting a blocking GC Explicit
08-03 21:11:58.972 10394 10407 I art     : Explicit concurrent mark sweep GC freed 1343(80KB) AllocSpace objects, 1(20KB) LOS objects, 36% free, 28MB/44MB, paused 427us total 76.464ms
08-03 21:11:59.000 10394 10407 I art     : Starting a blocking GC Explicit
08-03 21:11:59.064 10394 10407 I art     : Explicit concurrent mark sweep GC freed 20(704B) AllocSpace objects, 0(0B) LOS objects, 36% free, 28MB/44MB, paused 362us total 63.701ms
08-03 21:11:59.084 10394 10407 I art     : Starting a blocking GC Explicit
08-03 21:11:59.084  7841  7841 I ServiceManager: Waiting for service AtCmdFwd...
08-03 21:11:59.148 10394 10407 I art     : Explicit concurrent mark sweep GC freed 3(96B) AllocSpace objects, 0(0B) LOS objects, 36% free, 28MB/44MB, paused 423us total 63.519ms
08-03 21:11:59.171 10394 10407 I art     : Starting a blocking GC Explicit
08-03 21:11:59.238 10394 10407 I art     : Explicit concurrent mark sweep GC freed 3(96B) AllocSpace objects, 0(0B) LOS objects, 36% free, 28MB/44MB, paused 382us total 65.818ms
08-03 21:11:59.260 10394 10407 I art     : Starting a blocking GC Explicit
08-03 21:11:59.324 10394 10407 I art     : Explicit concurrent mark sweep GC freed 3(96B) AllocSpace objects, 0(0B) LOS objects, 36% free, 28MB/44MB, paused 348us total 63.345ms
08-03 21:11:59.648 10394 11806 I art     : Starting a blocking GC Explicit
08-03 21:11:59.724 10394 11806 I art     : Explicit concurrent mark sweep GC freed 1343(80KB) AllocSpace objects, 1(20KB) LOS objects, 36% free, 28MB/44MB, paused 370us total 75.441ms
08-03 21:11:59.747 10394 11806 I art     : Starting a blocking GC Explicit
08-03 21:11:59.814 10394 11806 I art     : Explicit concurrent mark sweep GC freed 20(704B) AllocSpace objects, 0(0B) LOS objects, 36% free, 28MB/44MB, paused 378us total 66.122ms
08-03 21:11:59.836 10394 11806 I art     : Starting a blocking GC Explicit
08-03 21:11:59.900 10394 11806 I art     : Explicit concurrent mark sweep GC freed 3(96B) AllocSpace objects, 0(0B) LOS objects, 36% free, 28MB/44MB, paused 314us total 63.320ms
08-03 21:11:59.920 10394 11806 I art     : Starting a blocking GC Explicit
08-03 21:11:59.989 10394 11806 I art     : Explicit concurrent mark sweep GC freed 3(96B) AllocSpace objects, 0(0B) LOS objects, 36% free, 28MB/44MB, paused 380us total 68.283ms
08-03 21:12:00.012 10394 11806 I art     : Starting a blocking GC Explicit
08-03 21:12:00.066 10394 11806 I art     : Explicit concurrent mark sweep GC freed 3(96B) AllocSpace objects, 0(0B) LOS objects, 36% free, 28MB/44MB, paused 296us total 53.962ms
08-03 21:12:00.085  7841  7841 I ServiceManager: Waiting for service AtCmdFwd...
08-03 21:12:00.391 10394 10406 I art     : Starting a blocking GC Explicit
08-03 21:12:00.447 10394 10406 I art     : Explicit concurrent mark sweep GC freed 1343(80KB) AllocSpace objects, 1(20KB) LOS objects, 36% free, 28MB/44MB, paused 331us total 55.086ms
08-03 21:12:00.466 10394 10406 I art     : Starting a blocking GC Explicit
08-03 21:12:00.523 10394 10406 I art     : Explicit concurrent mark sweep GC freed 20(704B) AllocSpace objects, 0(0B) LOS objects, 36% free, 28MB/44MB, paused 318us total 56.744ms
08-03 21:12:00.543 10394 10406 I art     : Starting a blocking GC Explicit
08-03 21:12:00.602 10394 10406 I art     : Explicit concurrent mark sweep GC freed 3(96B) AllocSpace objects, 0(0B) LOS objects, 36% free, 28MB/44MB, paused 327us total 59.031ms
08-03 21:12:00.622 10394 10406 I art     : Starting a blocking GC Explicit
08-03 21:12:00.681 10394 10406 I art     : Explicit concurrent mark sweep GC freed 3(96B) AllocSpace objects, 0(0B) LOS objects, 36% free, 28MB/44MB, paused 360us total 58.103ms
08-03 21:12:00.701 10394 10406 I art     : Starting a blocking GC Explicit
08-03 21:12:00.762 10394 10406 I art     : Explicit concurrent mark sweep GC freed 3(96B) AllocSpace objects, 0(0B) LOS objects, 36% free, 28MB/44MB, paused 331us total 60.908ms
08-03 21:12:00.885 12031 12031 D AndroidRuntime: >>>>>> START com.android.internal.os.RuntimeInit uid 2000 <<<<<<
08-03 21:12:00.892 12031 12031 D AndroidRuntime: CheckJNI is OFF
08-03 21:12:00.935 12031 12031 D ICU     : No timezone override file found: /data/misc/zoneinfo/current/icu/icu_tzdata.dat
08-03 21:12:00.978 12031 12031 I Radio-JNI: register_android_hardware_Radio DONE
08-03 21:12:01.007 12031 12031 D AndroidRuntime: Calling main entry com.android.commands.input.Input
08-03 21:12:01.009 12031 12031 I Input   : injectKeyEvent: KeyEvent { action=ACTION_DOWN, keyCode=KEYCODE_BACK, scanCode=0, metaState=0, flags=0x0, repeatCount=0, eventTime=652337422, downTime=652337422, deviceId=-1, source=0x101 }
08-03 21:12:01.017 12031 12031 I Input   : injectKeyEvent: KeyEvent { action=ACTION_UP, keyCode=KEYCODE_BACK, scanCode=0, metaState=0, flags=0x0, repeatCount=0, eventTime=652337422, downTime=652337422, deviceId=-1, source=0x101 }
08-03 21:12:01.029 12031 12031 D AndroidRuntime: Shutting down VM
08-03 21:12:01.064 13866 13866 I GoogleInputMethodServic: GoogleInputMethodService.onFinishInput():3138 
08-03 21:12:01.065 13866 13866 I GoogleInputMethodServic: GoogleInputMethodService.onStartInput():1808 
08-03 21:12:01.085  7841  7841 I ServiceManager: Waiting for service AtCmdFwd...
08-03 21:12:01.089 10394 10423 I art     : Starting a blocking GC Explicit
08-03 21:12:01.143 10394 10423 I art     : Explicit concurrent mark sweep GC freed 1585(89KB) AllocSpace objects, 1(20KB) LOS objects, 36% free, 28MB/44MB, paused 364us total 53.944ms
08-03 21:12:01.162 10394 10423 I art     : Starting a blocking GC Explicit
08-03 21:12:01.212 10394 10423 I art     : Explicit concurrent mark sweep GC freed 26(944B) AllocSpace objects, 0(0B) LOS objects, 36% free, 28MB/44MB, paused 293us total 49.369ms
08-03 21:12:01.233 10394 10423 I art     : Starting a blocking GC Explicit
08-03 21:12:01.286 10394 10423 I art     : Explicit concurrent mark sweep GC freed 3(96B) AllocSpace objects, 0(0B) LOS objects, 36% free, 28MB/44MB, paused 287us total 52.144ms
08-03 21:12:01.305 10394 10423 I art     : Starting a blocking GC Explicit
08-03 21:12:01.366 10394 10423 I art     : Explicit concurrent mark sweep GC freed 3(96B) AllocSpace objects, 0(0B) LOS objects, 36% free, 28MB/44MB, paused 302us total 60.874ms
08-03 21:12:01.376   380   380 W SurfaceFlinger: couldn't log to binary event log: overflow.
08-03 21:12:01.386 10394 10423 I art     : Starting a blocking GC Explicit
08-03 21:12:01.437 10394 10423 I art     : Explicit concurrent mark sweep GC freed 64(2352B) AllocSpace objects, 0(0B) LOS objects, 36% free, 28MB/44MB, paused 346us total 50.062ms
08-03 21:12:01.726 10394 10741 I art     : Starting a blocking GC Explicit
08-03 21:12:01.784 10394 10741 I art     : Explicit concurrent mark sweep GC freed 48102(2MB) AllocSpace objects, 6(160KB) LOS objects, 38% free, 25MB/41MB, paused 369us total 57.540ms
08-03 21:12:01.804 10394 10741 I art     : Starting a blocking GC Explicit
08-03 21:12:01.843 10394 10741 I art     : Explicit concurrent mark sweep GC freed 24(864B) AllocSpace objects, 0(0B) LOS objects, 38% free, 25MB/41MB, paused 336us total 38.255ms
08-03 21:12:01.860 10394 10741 I art     : Starting a blocking GC Explicit
08-03 21:12:01.901 10394 10741 I art     : Explicit concurrent mark sweep GC freed 3(96B) AllocSpace objects, 0(0B) LOS objects, 38% free, 25MB/41MB, paused 336us total 41.004ms
08-03 21:12:01.919 10394 10741 I art     : Starting a blocking GC Explicit
08-03 21:12:01.960 10394 10741 I art     : Explicit concurrent mark sweep GC freed 3(96B) AllocSpace objects, 0(0B) LOS objects, 38% free, 25MB/41MB, paused 342us total 40.345ms
08-03 21:12:01.977 10394 10741 I art     : Starting a blocking GC Explicit
08-03 21:12:02.018 10394 10741 I art     : Explicit concurrent mark sweep GC freed 3(96B) AllocSpace objects, 0(0B) LOS objects, 38% free, 25MB/41MB, paused 349us total 40.681ms
08-03 21:12:02.086  7841  7841 I ServiceManager: Waiting for service AtCmdFwd...
08-03 21:12:02.310 10394 11806 I art     : Starting a blocking GC Explicit
08-03 21:12:02.351 10394 11806 I art     : Explicit concurrent mark sweep GC freed 1343(80KB) AllocSpace objects, 1(20KB) LOS objects, 38% free, 25MB/41MB, paused 330us total 41.007ms
08-03 21:12:02.369 10394 11806 I art     : Starting a blocking GC Explicit
08-03 21:12:02.407 10394 11806 I art     : Explicit concurrent mark sweep GC freed 20(704B) AllocSpace objects, 0(0B) LOS objects, 38% free, 25MB/41MB, paused 333us total 38.401ms
08-03 21:12:02.424 10394 11806 I art     : Starting a blocking GC Explicit
08-03 21:12:02.464 10394 11806 I art     : Explicit concurrent mark sweep GC freed 3(96B) AllocSpace objects, 0(0B) LOS objects, 38% free, 25MB/41MB, paused 325us total 39.473ms
08-03 21:12:02.481 10394 11806 I art     : Starting a blocking GC Explicit
08-03 21:12:02.521 10394 11806 I art     : Explicit concurrent mark sweep GC freed 3(96B) AllocSpace objects, 0(0B) LOS objects, 38% free, 25MB/41MB, paused 335us total 39.315ms
08-03 21:12:02.538 10394 11806 I art     : Starting a blocking GC Explicit
08-03 21:12:02.578 10394 11806 I art     : Explicit concurrent mark sweep GC freed 3(96B) AllocSpace objects, 0(0B) LOS objects, 38% free, 25MB/41MB, paused 355us total 39.226ms
08-03 21:12:02.807 12078 12078 D AndroidRuntime: >>>>>> START com.android.internal.os.RuntimeInit uid 2000 <<<<<<
08-03 21:12:02.813 12078 12078 D AndroidRuntime: CheckJNI is OFF
08-03 21:12:02.853 12078 12078 D ICU     : No timezone override file found: /data/misc/zoneinfo/current/icu/icu_tzdata.dat
08-03 21:12:02.885 10394 10407 I art     : Starting a blocking GC Explicit
08-03 21:12:02.896 12078 12078 I Radio-JNI: register_android_hardware_Radio DONE
08-03 21:12:02.925 12078 12078 D AndroidRuntime: Calling main entry com.android.commands.input.Input
08-03 21:12:02.926 10394 10407 I art     : Explicit concurrent mark sweep GC freed 1343(80KB) AllocSpace objects, 1(20KB) LOS objects, 38% free, 25MB/41MB, paused 344us total 40.767ms
08-03 21:12:02.927 12078 12078 I Input   : injectKeyEvent: KeyEvent { action=ACTION_DOWN, keyCode=KEYCODE_BACK, scanCode=0, metaState=0, flags=0x0, repeatCount=0, eventTime=652339340, downTime=652339340, deviceId=-1, source=0x101 }
08-03 21:12:02.932 12078 12078 I Input   : injectKeyEvent: KeyEvent { action=ACTION_UP, keyCode=KEYCODE_BACK, scanCode=0, metaState=0, flags=0x0, repeatCount=0, eventTime=652339340, downTime=652339340, deviceId=-1, source=0x101 }
08-03 21:12:02.937 12078 12078 D AndroidRuntime: Shutting down VM
08-03 21:12:02.943 10394 10407 I art     : Starting a blocking GC Explicit
08-03 21:12:02.970 13866 13866 I GoogleInputMethodServic: GoogleInputMethodService.onFinishInput():3138 
08-03 21:12:02.970 13866 13866 I GoogleInputMethodServic: GoogleInputMethodService.onStartInput():1808 
08-03 21:12:02.978 10394 10407 I art     : Explicit concurrent mark sweep GC freed 135(4KB) AllocSpace objects, 0(0B) LOS objects, 38% free, 25MB/41MB, paused 443us total 34.964ms
08-03 21:12:02.996 10394 10407 I art     : Starting a blocking GC Explicit
08-03 21:12:03.031 10394 10407 I art     : Explicit concurrent mark sweep GC freed 50(1760B) AllocSpace objects, 0(0B) LOS objects, 38% free, 25MB/41MB, paused 337us total 35.032ms
08-03 21:12:03.047 10394 10407 I art     : Starting a blocking GC Explicit
08-03 21:12:03.083 10394 10407 I art     : Explicit concurrent mark sweep GC freed 22(752B) AllocSpace objects, 0(0B) LOS objects, 38% free, 25MB/41MB, paused 298us total 35.416ms
08-03 21:12:03.086  7841  7841 I ServiceManager: Waiting for service AtCmdFwd...
08-03 21:12:03.101 10394 10407 I art     : Starting a blocking GC Explicit
08-03 21:12:03.144 10394 10407 I art     : Explicit concurrent mark sweep GC freed 3(96B) AllocSpace objects, 0(0B) LOS objects, 38% free, 25MB/41MB, paused 325us total 42.052ms
08-03 21:12:03.439 10394 10741 I art     : Starting a blocking GC Explicit
08-03 21:12:03.482 10394 10741 I art     : Explicit concurrent mark sweep GC freed 1398(82KB) AllocSpace objects, 1(20KB) LOS objects, 38% free, 25MB/41MB, paused 351us total 42.533ms
08-03 21:12:03.501 10394 10741 I art     : Starting a blocking GC Explicit
08-03 21:12:03.542 10394 10741 I art     : Explicit concurrent mark sweep GC freed 150(7KB) AllocSpace objects, 0(0B) LOS objects, 38% free, 25MB/41MB, paused 355us total 41.309ms
08-03 21:12:03.560 10394 10741 I art     : Starting a blocking GC Explicit
08-03 21:12:03.602 10394 10741 I art     : Explicit concurrent mark sweep GC freed 3(96B) AllocSpace objects, 0(0B) LOS objects, 38% free, 25MB/41MB, paused 365us total 41.789ms
08-03 21:12:03.619 10394 10741 I art     : Starting a blocking GC Explicit
08-03 21:12:03.661 10394 10741 I art     : Explicit concurrent mark sweep GC freed 3(96B) AllocSpace objects, 0(0B) LOS objects, 38% free, 25MB/41MB, paused 384us total 41.339ms
08-03 21:12:03.678 10394 10741 I art     : Starting a blocking GC Explicit
08-03 21:12:03.720 10394 10741 I art     : Explicit concurrent mark sweep GC freed 3(96B) AllocSpace objects, 0(0B) LOS objects, 38% free, 25MB/41MB, paused 354us total 41.766ms
08-03 21:12:04.011 10394 10406 I art     : Starting a blocking GC Explicit
08-03 21:12:04.066 10394 10406 I art     : Explicit concurrent mark sweep GC freed 1343(80KB) AllocSpace objects, 1(20KB) LOS objects, 38% free, 25MB/41MB, paused 458us total 54.569ms
08-03 21:12:04.085 10394 10406 I art     : Starting a blocking GC Explicit
08-03 21:12:04.087  7841  7841 W Atfwd_Sendcmd: AtCmdFwd service not published, waiting... retryCnt : 5
08-03 21:12:04.127 10394 10406 I art     : Explicit concurrent mark sweep GC freed 20(704B) AllocSpace objects, 0(0B) LOS objects, 38% free, 25MB/41MB, paused 347us total 41.769ms
08-03 21:12:04.144 10394 10406 I art     : Starting a blocking GC Explicit
08-03 21:12:04.185 10394 10406 I art     : Explicit concurrent mark sweep GC freed 3(96B) AllocSpace objects, 0(0B) LOS objects, 38% free, 25MB/41MB, paused 326us total 40.288ms
08-03 21:12:04.202 10394 10406 I art     : Starting a blocking GC Explicit
08-03 21:12:04.241 10394 10406 I art     : Explicit concurrent mark sweep GC freed 3(96B) AllocSpace objects, 0(0B) LOS objects, 38% free, 25MB/41MB, paused 347us total 38.521ms
08-03 21:12:04.258 10394 10406 I art     : Starting a blocking GC Explicit
08-03 21:12:04.299 10394 10406 I art     : Explicit concurrent mark sweep GC freed 3(96B) AllocSpace objects, 0(0B) LOS objects, 38% free, 25MB/41MB, paused 368us total 40.216ms
08-03 21:12:04.582 10394 10423 I art     : Starting a blocking GC Explicit
08-03 21:12:04.632 10394 10423 I art     : Explicit concurrent mark sweep GC freed 1343(80KB) AllocSpace objects, 1(20KB) LOS objects, 38% free, 25MB/41MB, paused 425us total 49.423ms
08-03 21:12:04.654 10394 10423 I art     : Starting a blocking GC Explicit
08-03 21:12:04.694 10394 10423 I art     : Explicit concurrent mark sweep GC freed 20(704B) AllocSpace objects, 0(0B) LOS objects, 38% free, 25MB/41MB, paused 360us total 40.317ms
08-03 21:12:04.711 12122 12122 D AndroidRuntime: >>>>>> START com.android.internal.os.RuntimeInit uid 2000 <<<<<<
08-03 21:12:04.712 10394 10423 I art     : Starting a blocking GC Explicit
08-03 21:12:04.718 12122 12122 D AndroidRuntime: CheckJNI is OFF
08-03 21:12:04.754 10394 10423 I art     : Explicit concurrent mark sweep GC freed 3(96B) AllocSpace objects, 0(0B) LOS objects, 38% free, 25MB/41MB, paused 368us total 42.181ms
08-03 21:12:04.764 12122 12122 D ICU     : No timezone override file found: /data/misc/zoneinfo/current/icu/icu_tzdata.dat
08-03 21:12:04.772 10394 10423 I art     : Starting a blocking GC Explicit
08-03 21:12:04.811 12122 12122 I Radio-JNI: register_android_hardware_Radio DONE
08-03 21:12:04.814 10394 10423 I art     : Explicit concurrent mark sweep GC freed 3(96B) AllocSpace objects, 0(0B) LOS objects, 38% free, 25MB/41MB, paused 374us total 41.694ms
08-03 21:12:04.831 10394 10423 I art     : Starting a blocking GC Explicit
08-03 21:12:04.841 12122 12122 D AndroidRuntime: Calling main entry com.android.commands.input.Input
08-03 21:12:04.843 12122 12122 I Input   : injectMotionEvent: MotionEvent { action=ACTION_DOWN, actionButton=0, id[0]=0, x[0]=600.0, y[0]=1000.0, toolType[0]=TOOL_TYPE_UNKNOWN, buttonState=0, metaState=0, flags=0x0, edgeFlags=0x0, pointerCount=1, historySize=0, eventTime=652341256, downTime=652341256, deviceId=0, source=0x1002 }
08-03 21:12:04.851 12122 12122 I Input   : injectMotionEvent: MotionEvent { action=ACTION_UP, actionButton=0, id[0]=0, x[0]=600.0, y[0]=1000.0, toolType[0]=TOOL_TYPE_UNKNOWN, buttonState=0, metaState=0, flags=0x0, edgeFlags=0x0, pointerCount=1, historySize=0, eventTime=652341256, downTime=652341256, deviceId=0, source=0x1002 }
08-03 21:12:04.853 12122 12122 D AndroidRuntime: Shutting down VM
08-03 21:12:04.860   918  3696 I ActivityManager: START u0 {dat=https://oauth.reddit.com/... cmp=baseline.org.quantumbadger.redreader/.activities.PostListingActivity} from uid 10634 on display 0
08-03 21:12:04.861   512  2967 D audio_hw_primary: out_set_parameters: enter: usecase(1: low-latency-playback) kvpairs: routing=2
08-03 21:12:04.874   512  2967 D audio_hw_primary: select_devices: out_snd_device(2: speaker) in_snd_device(0: none)
08-03 21:12:04.874   512  2967 D msm8974_platform: platform_send_audio_calibration: sending audio calibration for snd_device(2) acdb_id(15)
08-03 21:12:04.874   512  2967 I soundtrigger: audio_extn_sound_trigger_update_device_status: device 0x2 of type 0 for Event 1
08-03 21:12:04.878 10394 10423 I art     : Explicit concurrent mark sweep GC freed 74(2640B) AllocSpace objects, 0(0B) LOS objects, 38% free, 25MB/41MB, paused 401us total 46.937ms
08-03 21:12:04.885   512  2967 D audio_hw_primary: enable_snd_device: snd_device(2: speaker)
08-03 21:12:04.887 10394 10394 I AppCompatViewInflater: app:theme is now deprecated. Please move to using android:theme instead.
08-03 21:12:04.889   512  2967 D audio_hw_primary: enable_audio_route: apply and update mixer path: low-latency-playback speaker
08-03 21:12:04.910 10394 12146 D OK      : calling: https://oauth.reddit.com/r/announcements/about.json
08-03 21:12:04.970   918   936 I ActivityManager: Displayed baseline.org.quantumbadger.redreader/.activities.PostListingActivity: +99ms
08-03 21:12:04.970 13866 13866 I GoogleInputMethodServic: GoogleInputMethodService.onFinishInput():3138 
08-03 21:12:04.970 13866 13866 I GoogleInputMethodServic: GoogleInputMethodService.onStartInput():1808 
08-03 21:12:05.080   918   937 W ProcessCpuTracker: Skipping unknown process pid 12122
08-03 21:12:05.149 10394 10423 I art     : Starting a blocking GC Explicit
08-03 21:12:05.213 10394 10423 I art     : Explicit concurrent mark sweep GC freed 5109(278KB) AllocSpace objects, 1(20KB) LOS objects, 38% free, 25MB/41MB, paused 622us total 63.307ms
08-03 21:12:05.213   380   380 W SurfaceFlinger: couldn't log to binary event log: overflow.
08-03 21:12:05.214 10394 12146 I NAPPA_EXPERIMENTATION: MetricNetworkRequestExecutionTime: REQUEST_DURATION_SYSTEM='304',REQUEST_DURATION_OKHTTP='157',REQUEST_SYNCHRONOUS='TRUE',RESPONSE_CODE='200',RESPONSE_METHOD='GET',RESPONSE_LENGTH_OKHTTP='-1',RESPONSE_LENGTH_HEADER='1564',REQUEST_PROTOCOL='h2',REQUEST_URL='https://oauth.reddit.com/r/announcements/about.json',
08-03 21:12:05.215 10394 12146 D OK      : request got status: 200
08-03 21:12:05.241 10394 10423 I art     : Starting a blocking GC Explicit
08-03 21:12:05.280 10394 10423 I art     : Explicit concurrent mark sweep GC freed 1483(137KB) AllocSpace objects, 1(68KB) LOS objects, 38% free, 25MB/41MB, paused 378us total 38.786ms
08-03 21:12:05.296 10394 10423 I art     : Starting a blocking GC Explicit
08-03 21:12:05.333 10394 10423 I art     : Explicit concurrent mark sweep GC freed 615(40KB) AllocSpace objects, 1(68KB) LOS objects, 38% free, 25MB/41MB, paused 675us total 36.780ms
08-03 21:12:05.351 10394 10423 I art     : Starting a blocking GC Explicit
08-03 21:12:05.389 10394 10423 I art     : Explicit concurrent mark sweep GC freed 84(2752B) AllocSpace objects, 0(0B) LOS objects, 38% free, 25MB/41MB, paused 353us total 38.573ms
08-03 21:12:05.406 10394 10423 I art     : Starting a blocking GC Explicit
08-03 21:12:05.418   512  2967 D audio_hw_primary: disable_audio_route: reset and update mixer path: low-latency-playback speaker
08-03 21:12:05.419   512  2967 D audio_hw_primary: disable_snd_device: snd_device(2: speaker)
08-03 21:12:05.428   512  2967 I soundtrigger: audio_extn_sound_trigger_update_device_status: device 0x2 of type 0 for Event 0
08-03 21:12:05.445 10394 10423 I art     : Explicit concurrent mark sweep GC freed 4(128B) AllocSpace objects, 0(0B) LOS objects, 38% free, 25MB/41MB, paused 372us total 38.040ms
08-03 21:12:05.744 10394 11806 I art     : Starting a blocking GC Explicit
08-03 21:12:05.786 10394 11806 I art     : Explicit concurrent mark sweep GC freed 1402(84KB) AllocSpace objects, 1(20KB) LOS objects, 38% free, 25MB/41MB, paused 399us total 42.355ms
08-03 21:12:05.804 10394 11806 I art     : Starting a blocking GC Explicit
08-03 21:12:05.845 10394 11806 I art     : Explicit concurrent mark sweep GC freed 20(704B) AllocSpace objects, 0(0B) LOS objects, 38% free, 25MB/41MB, paused 386us total 40.347ms
08-03 21:12:05.862 10394 11806 I art     : Starting a blocking GC Explicit
08-03 21:12:05.902 10394 11806 I art     : Explicit concurrent mark sweep GC freed 3(96B) AllocSpace objects, 0(0B) LOS objects, 38% free, 25MB/41MB, paused 344us total 39.519ms
08-03 21:12:05.919 10394 11806 I art     : Starting a blocking GC Explicit
08-03 21:12:05.959 10394 11806 I art     : Explicit concurrent mark sweep GC freed 3(96B) AllocSpace objects, 0(0B) LOS objects, 38% free, 25MB/41MB, paused 375us total 39.834ms
08-03 21:12:05.977 10394 11806 I art     : Starting a blocking GC Explicit
08-03 21:12:06.018 10394 11806 I art     : Explicit concurrent mark sweep GC freed 3(96B) AllocSpace objects, 0(0B) LOS objects, 38% free, 25MB/41MB, paused 358us total 41.039ms
08-03 21:12:06.111 10394 12171 D OK      : calling: https://oauth.reddit.com/r/announcements/hot/.json
08-03 21:12:06.307 10394 10406 I art     : Starting a blocking GC Explicit
08-03 21:12:06.320 10394 12171 I NAPPA_EXPERIMENTATION: MetricNetworkRequestExecutionTime: REQUEST_DURATION_SYSTEM='208',REQUEST_DURATION_OKHTTP='205',REQUEST_SYNCHRONOUS='TRUE',RESPONSE_CODE='200',RESPONSE_METHOD='GET',RESPONSE_LENGTH_OKHTTP='-1',RESPONSE_LENGTH_HEADER='142016',REQUEST_PROTOCOL='h2',REQUEST_URL='https://oauth.reddit.com/r/announcements/hot/.json',
08-03 21:12:06.320 10394 12171 D OK      : request got status: 200
08-03 21:12:06.347 10394 11001 I PostListingFragment: Precaching images: OFF
08-03 21:12:06.348 10394 11001 I PostListingFragment: Precaching comments: OFF
08-03 21:12:06.350 10394 10406 I art     : Explicit concurrent mark sweep GC freed 1852(123KB) AllocSpace objects, 1(20KB) LOS objects, 38% free, 25MB/41MB, paused 798us total 43.210ms
08-03 21:12:06.368 10394 10406 I art     : Starting a blocking GC Explicit
08-03 21:12:06.410 10394 10406 I art     : Explicit concurrent mark sweep GC freed 1255(126KB) AllocSpace objects, 1(16KB) LOS objects, 37% free, 26MB/42MB, paused 696us total 42.192ms
08-03 21:12:06.427 10394 10406 I art     : Starting a blocking GC Explicit
08-03 21:12:06.473 10394 10406 I art     : Explicit concurrent mark sweep GC freed 993(45KB) AllocSpace objects, 3(56KB) LOS objects, 37% free, 27MB/43MB, paused 617us total 46.007ms
08-03 21:12:06.491 10394 10406 I art     : Starting a blocking GC Explicit
08-03 21:12:06.522 10394 12182 D OK      : calling: https://b.thumbs.redditmedia.com/RROcLjDSUc0QV1UeQ1txXdyl1C_7233mmsMgtYXxQzo.jpg
08-03 21:12:06.540 10394 10406 I art     : Explicit concurrent mark sweep GC freed 3091(140KB) AllocSpace objects, 0(0B) LOS objects, 36% free, 27MB/43MB, paused 859us total 48.770ms
08-03 21:12:06.555 10394 12183 D OK      : calling: https://a.thumbs.redditmedia.com/N-frnMqRYp_XiaGds7kPbHf82a876RNKSQ1iw0LzHR0.jpg
08-03 21:12:06.559 10394 10406 I art     : Starting a blocking GC Explicit
08-03 21:12:06.571 10394 12184 D OK      : calling: https://b.thumbs.redditmedia.com/KH2o_q4MXufUdRChsfwLtl6gnEnT8MJtZn3Tyj5ZmBU.jpg
08-03 21:12:06.610 10394 10406 I art     : Explicit concurrent mark sweep GC freed 3420(163KB) AllocSpace objects, 0(0B) LOS objects, 36% free, 28MB/44MB, paused 939us total 50.999ms
08-03 21:12:06.625 10394 12185 D OK      : calling: https://b.thumbs.redditmedia.com/MGaOJeZl7UsmdtroJopYU_36HUNvQ9LUV5WFH_FJ2vI.jpg
08-03 21:12:06.694 10394 12186 D OK      : calling: https://a.thumbs.redditmedia.com/-D0hxchgus9EyzvGqvnabK_3Obl93tMfG9G58V1QwW8.jpg
08-03 21:12:06.717 10394 12191 D OK      : calling: https://b.thumbs.redditmedia.com/zCaV9kuSMZxmMvdmErGyUsYNdPrmX8LP9_Ee4QTT16g.jpg
08-03 21:12:06.737 10394 12193 D OK      : calling: https://b.thumbs.redditmedia.com/4EGkxZNzrzt-RCtd035cWyO0BipdbDVuPwi4W2v4TyM.jpg
08-03 21:12:06.778 10394 12200 D OK      : calling: https://a.thumbs.redditmedia.com/aVhMBmGX07uX0KhK0rKdhMvQ4UsOJIHN4KeTaa36EF4.jpg
08-03 21:12:06.880 10394 10406 I art     : Starting a blocking GC Explicit
08-03 21:12:06.922 10394 10394 W RecyclerView: Cannot call this method in a scroll callback. Scroll callbacks mightbe run during a measure & layout pass where you cannot change theRecyclerView data. Any method call that might change the structureof the RecyclerView or the adapter contents should be postponed tothe next frame.
08-03 21:12:06.922 10394 10394 W RecyclerView: java.lang.IllegalStateException:  androidx.recyclerview.widget.RecyclerView{4fab349 VFED..... .F....ID 0,0-1440,2140 #7f0900ef app:id/scrollbar_recyclerview_recyclerview}, adapter:baseline.org.quantumbadger.redreader.adapters.GroupedRecyclerViewAdapter@4d4c44e, layout:androidx.recyclerview.widget.LinearLayoutManager@4bb896f, context:baseline.org.quantumbadger.redreader.activities.PostListingActivity@ec4c270
08-03 21:12:06.922 10394 10394 W RecyclerView: 	at androidx.recyclerview.widget.RecyclerView.assertNotInLayoutOrScroll(RecyclerView.java:3061)
08-03 21:12:06.922 10394 10394 W RecyclerView: 	at androidx.recyclerview.widget.RecyclerView$RecyclerViewDataObserver.onItemRangeInserted(RecyclerView.java:5555)
08-03 21:12:06.922 10394 10394 W RecyclerView: 	at androidx.recyclerview.widget.RecyclerView$AdapterDataObservable.notifyItemRangeInserted(RecyclerView.java:12278)
08-03 21:12:06.922 10394 10394 W RecyclerView: 	at androidx.recyclerview.widget.RecyclerView$Adapter.notifyItemInserted(RecyclerView.java:7464)
08-03 21:12:06.922 10394 10394 W RecyclerView: 	at baseline.org.quantumbadger.redreader.adapters.GroupedRecyclerViewAdapter.updateHiddenStatus(GroupedRecyclerViewAdapter.java:279)
08-03 21:12:06.922 10394 10394 W RecyclerView: 	at baseline.org.quantumbadger.redreader.adapters.RedditListingManager.setLoadingVisible(RedditListingManager.java:125)
08-03 21:12:06.922 10394 10394 W RecyclerView: 	at baseline.org.quantumbadger.redreader.fragments.PostListingFragment.onLoadMoreItemsCheck(PostListingFragment.java:465)
08-03 21:12:06.922 10394 10394 W RecyclerView: 	at baseline.org.quantumbadger.redreader.fragments.PostListingFragment.access$000(PostListingFragment.java:98)
08-03 21:12:06.922 10394 10394 W RecyclerView: 	at baseline.org.quantumbadger.redreader.fragments.PostListingFragment$2.onScrolled(PostListingFragment.java:215)
08-03 21:12:06.922 10394 10394 W RecyclerView: 	at androidx.recyclerview.widget.RecyclerView.dispatchOnScrolled(RecyclerView.java:5173)
08-03 21:12:06.922 10394 10394 W RecyclerView: 	at androidx.recyclerview.widget.RecyclerView.dispatchLayoutStep3(RecyclerView.java:4231)
08-03 21:12:06.922 10394 10394 W RecyclerView: 	at androidx.recyclerview.widget.RecyclerView.dispatchLayout(RecyclerView.java:3862)
08-03 21:12:06.922 10394 10394 W RecyclerView: 	at androidx.recyclerview.widget.RecyclerView.consumePendingUpdateOperations(RecyclerView.java:1897)
08-03 21:12:06.922 10394 10394 W RecyclerView: 	at androidx.recyclerview.widget.RecyclerView$1.run(RecyclerView.java:414)
08-03 21:12:06.922 10394 10394 W RecyclerView: 	at android.view.Choreographer$CallbackRecord.run(Choreographer.java:858)
08-03 21:12:06.922 10394 10394 W RecyclerView: 	at android.view.Choreographer.doCallbacks(Choreographer.java:670)
08-03 21:12:06.922 10394 10394 W RecyclerView: 	at android.view.Choreographer.doFrame(Choreographer.java:603)
08-03 21:12:06.922 10394 10394 W RecyclerView: 	at android.view.Choreographer$FrameDisplayEventReceiver.run(Choreographer.java:844)
08-03 21:12:06.922 10394 10394 W RecyclerView: 	at android.os.Handler.handleCallback(Handler.java:739)
08-03 21:12:06.922 10394 10394 W RecyclerView: 	at android.os.Handler.dispatchMessage(Handler.java:95)
08-03 21:12:06.922 10394 10394 W RecyclerView: 	at android.os.Looper.loop(Looper.java:148)
08-03 21:12:06.922 10394 10394 W RecyclerView: 	at android.app.ActivityThread.main(ActivityThread.java:5417)
08-03 21:12:06.922 10394 10394 W RecyclerView: 	at java.lang.reflect.Method.invoke(Native Method)
08-03 21:12:06.922 10394 10394 W RecyclerView: 	at com.android.internal.os.ZygoteInit$MethodAndArgsCaller.run(ZygoteInit.java:726)
08-03 21:12:06.922 10394 10394 W RecyclerView: 	at com.android.internal.os.ZygoteInit.main(ZygoteInit.java:616)
08-03 21:12:06.937 10394 10406 I art     : Explicit concurrent mark sweep GC freed 83835(4MB) AllocSpace objects, 14(392KB) LOS objects, 37% free, 26MB/42MB, paused 1.343ms total 56.636ms
08-03 21:12:06.956 10394 10406 I art     : Starting a blocking GC Explicit
08-03 21:12:06.988 10394 12184 I NAPPA_EXPERIMENTATION: MetricNetworkRequestExecutionTime: REQUEST_DURATION_SYSTEM='417',REQUEST_DURATION_OKHTTP='290',REQUEST_SYNCHRONOUS='TRUE',RESPONSE_CODE='200',RESPONSE_METHOD='GET',RESPONSE_LENGTH_OKHTTP='2613',RESPONSE_LENGTH_HEADER='2613',REQUEST_PROTOCOL='h2',REQUEST_URL='https://b.thumbs.redditmedia.com/KH2o_q4MXufUdRChsfwLtl6gnEnT8MJtZn3Tyj5ZmBU.jpg',
08-03 21:12:06.988 10394 12184 D OK      : request got status: 200
08-03 21:12:06.989 10394 12191 I NAPPA_EXPERIMENTATION: MetricNetworkRequestExecutionTime: REQUEST_DURATION_SYSTEM='271',REQUEST_DURATION_OKHTTP='270',REQUEST_SYNCHRONOUS='TRUE',RESPONSE_CODE='200',RESPONSE_METHOD='GET',RESPONSE_LENGTH_OKHTTP='6132',RESPONSE_LENGTH_HEADER='6132',REQUEST_PROTOCOL='h2',REQUEST_URL='https://b.thumbs.redditmedia.com/zCaV9kuSMZxmMvdmErGyUsYNdPrmX8LP9_Ee4QTT16g.jpg',
08-03 21:12:06.989 10394 12191 D OK      : request got status: 200
08-03 21:12:06.989 10394 12183 I NAPPA_EXPERIMENTATION: MetricNetworkRequestExecutionTime: REQUEST_DURATION_SYSTEM='434',REQUEST_DURATION_OKHTTP='276',REQUEST_SYNCHRONOUS='TRUE',RESPONSE_CODE='200',RESPONSE_METHOD='GET',RESPONSE_LENGTH_OKHTTP='3750',RESPONSE_LENGTH_HEADER='3750',REQUEST_PROTOCOL='h2',REQUEST_URL='https://a.thumbs.redditmedia.com/N-frnMqRYp_XiaGds7kPbHf82a876RNKSQ1iw0LzHR0.jpg',
08-03 21:12:06.989 10394 12183 D OK      : request got status: 200
08-03 21:12:06.991 10394 12182 I NAPPA_EXPERIMENTATION: MetricNetworkRequestExecutionTime: REQUEST_DURATION_SYSTEM='469',REQUEST_DURATION_OKHTTP='291',REQUEST_SYNCHRONOUS='TRUE',RESPONSE_CODE='200',RESPONSE_METHOD='GET',RESPONSE_LENGTH_OKHTTP='2558',RESPONSE_LENGTH_HEADER='2558',REQUEST_PROTOCOL='h2',REQUEST_URL='https://b.thumbs.redditmedia.com/RROcLjDSUc0QV1UeQ1txXdyl1C_7233mmsMgtYXxQzo.jpg',
08-03 21:12:06.991 10394 12182 D OK      : request got status: 200
08-03 21:12:06.997 10394 10406 I art     : Explicit concurrent mark sweep GC freed 2738(140KB) AllocSpace objects, 1(68KB) LOS objects, 37% free, 26MB/42MB, paused 768us total 40.073ms
08-03 21:12:06.999 10394 12200 I NAPPA_EXPERIMENTATION: MetricNetworkRequestExecutionTime: REQUEST_DURATION_SYSTEM='220',REQUEST_DURATION_OKHTTP='219',REQUEST_SYNCHRONOUS='TRUE',RESPONSE_CODE='200',RESPONSE_METHOD='GET',RESPONSE_LENGTH_OKHTTP='6940',RESPONSE_LENGTH_HEADER='6940',REQUEST_PROTOCOL='h2',REQUEST_URL='https://a.thumbs.redditmedia.com/aVhMBmGX07uX0KhK0rKdhMvQ4UsOJIHN4KeTaa36EF4.jpg',
08-03 21:12:06.999 10394 12200 D OK      : request got status: 200
08-03 21:12:07.015 10394 10406 I art     : Starting a blocking GC Explicit
08-03 21:12:07.017 10394 12185 I NAPPA_EXPERIMENTATION: MetricNetworkRequestExecutionTime: REQUEST_DURATION_SYSTEM='392',REQUEST_DURATION_OKHTTP='235',REQUEST_SYNCHRONOUS='TRUE',RESPONSE_CODE='200',RESPONSE_METHOD='GET',RESPONSE_LENGTH_OKHTTP='4804',RESPONSE_LENGTH_HEADER='4804',REQUEST_PROTOCOL='h2',REQUEST_URL='https://b.thumbs.redditmedia.com/MGaOJeZl7UsmdtroJopYU_36HUNvQ9LUV5WFH_FJ2vI.jpg',
08-03 21:12:07.017 10394 12185 D OK      : request got status: 200
08-03 21:12:07.018 10394 12193 I NAPPA_EXPERIMENTATION: MetricNetworkRequestExecutionTime: REQUEST_DURATION_SYSTEM='281',REQUEST_DURATION_OKHTTP='280',REQUEST_SYNCHRONOUS='TRUE',RESPONSE_CODE='200',RESPONSE_METHOD='GET',RESPONSE_LENGTH_OKHTTP='4987',RESPONSE_LENGTH_HEADER='4987',REQUEST_PROTOCOL='h2',REQUEST_URL='https://b.thumbs.redditmedia.com/4EGkxZNzrzt-RCtd035cWyO0BipdbDVuPwi4W2v4TyM.jpg',
08-03 21:12:07.018 10394 12193 D OK      : request got status: 200
08-03 21:12:07.056 10394 10406 I art     : Explicit concurrent mark sweep GC freed 787(74KB) AllocSpace objects, 6(360KB) LOS objects, 37% free, 27MB/43MB, paused 693us total 40.960ms
08-03 21:12:07.060 10394 12186 I NAPPA_EXPERIMENTATION: MetricNetworkRequestExecutionTime: REQUEST_DURATION_SYSTEM='366',REQUEST_DURATION_OKHTTP='216',REQUEST_SYNCHRONOUS='TRUE',RESPONSE_CODE='200',RESPONSE_METHOD='GET',RESPONSE_LENGTH_OKHTTP='4818',RESPONSE_LENGTH_HEADER='4818',REQUEST_PROTOCOL='h2',REQUEST_URL='https://a.thumbs.redditmedia.com/-D0hxchgus9EyzvGqvnabK_3Obl93tMfG9G58V1QwW8.jpg',
08-03 21:12:07.060 10394 12186 D OK      : request got status: 200
08-03 21:12:07.064 10394 12193 W System.err: okhttp3.internal.http2.StreamResetException: stream was reset: CANCEL
08-03 21:12:07.071 10394 12193 W System.err: 	at okhttp3.internal.http2.Http2Stream$FramingSource.read(Http2Stream.java:384)
08-03 21:12:07.071 10394 12193 W System.err: 	at okhttp3.internal.connection.Exchange$ResponseBodySource.read(Exchange.java:286)
08-03 21:12:07.071 10394 12193 W System.err: 	at okio.RealBufferedSource$1.read(RealBufferedSource.java:447)
08-03 21:12:07.071 10394 12193 W System.err: 	at java.io.InputStream.read(InputStream.java:162)
08-03 21:12:07.071 10394 12193 W System.err: 	at baseline.org.quantumbadger.redreader.cache.CacheDownload$2.onSuccess(CacheDownload.java:239)
08-03 21:12:07.071 10394 12193 W System.err: 	at baseline.org.quantumbadger.redreader.http.okhttp.OKHTTPBackend$2.executeInThisThread(OKHTTPBackend.java:189)
08-03 21:12:07.072 10394 12193 W System.err: 	at baseline.org.quantumbadger.redreader.cache.CacheDownload.performDownload(CacheDownload.java:140)
08-03 21:12:07.072 10394 12193 W System.err: 	at baseline.org.quantumbadger.redreader.cache.CacheDownload.doDownload(CacheDownload.java:87)
08-03 21:12:07.072 10394 12193 W System.err: 	at baseline.org.quantumbadger.redreader.cache.CacheDownloadThread.run(CacheDownloadThread.java:36)
08-03 21:12:07.074 10394 10406 I art     : Starting a blocking GC Explicit
08-03 21:12:07.113 10394 10406 I art     : Explicit concurrent mark sweep GC freed 1487(227KB) AllocSpace objects, 21(1180KB) LOS objects, 36% free, 27MB/43MB, paused 403us total 39.047ms
08-03 21:12:07.132 10394 10406 I art     : Starting a blocking GC Explicit
08-03 21:12:07.171 10394 10406 I art     : Explicit concurrent mark sweep GC freed 801(87KB) AllocSpace objects, 12(1032KB) LOS objects, 36% free, 27MB/43MB, paused 323us total 38.324ms
08-03 21:12:07.312 10394 12209 D OK      : calling: https://oauth.reddit.com/r/announcements/hot/.json?after=t3_9jf8nh
08-03 21:12:07.521 10394 10406 I art     : Starting a blocking GC Explicit
08-03 21:12:07.576 10394 10406 I art     : Explicit concurrent mark sweep GC freed 3892(209KB) AllocSpace objects, 1(20KB) LOS objects, 36% free, 27MB/43MB, paused 544us total 54.642ms
08-03 21:12:07.595 10394 10406 I art     : Starting a blocking GC Explicit
08-03 21:12:07.646 10394 10406 I art     : Explicit concurrent mark sweep GC freed 148(5KB) AllocSpace objects, 0(0B) LOS objects, 36% free, 27MB/43MB, paused 502us total 50.699ms
08-03 21:12:07.659 10394 12209 I NAPPA_EXPERIMENTATION: MetricNetworkRequestExecutionTime: REQUEST_DURATION_SYSTEM='345',REQUEST_DURATION_OKHTTP='158',REQUEST_SYNCHRONOUS='TRUE',RESPONSE_CODE='200',RESPONSE_METHOD='GET',RESPONSE_LENGTH_OKHTTP='-1',RESPONSE_LENGTH_HEADER='65685',REQUEST_PROTOCOL='h2',REQUEST_URL='https://oauth.reddit.com/r/announcements/hot/.json?after=t3_9jf8nh',
08-03 21:12:07.659 10394 12209 D OK      : request got status: 200
08-03 21:12:07.665 10394 10406 I art     : Starting a blocking GC Explicit
08-03 21:12:07.673 10394 11001 I PostListingFragment: Precaching images: OFF
08-03 21:12:07.673 10394 11001 I PostListingFragment: Precaching comments: OFF
08-03 21:12:07.711 10394 10406 I art     : Explicit concurrent mark sweep GC freed 1350(174KB) AllocSpace objects, 0(0B) LOS objects, 36% free, 27MB/43MB, paused 666us total 45.337ms
08-03 21:12:07.723 10394 12220 D OK      : calling: https://a.thumbs.redditmedia.com/8P7BG-empihRDWkNYE_LZ8tekikmQtEiymWkwv7obo0.jpg
08-03 21:12:07.730 10394 10406 I art     : Starting a blocking GC Explicit
08-03 21:12:07.766 10394 12221 D OK      : calling: https://b.thumbs.redditmedia.com/PCxvz6Ma5pyTglQOwhW4LZZOY0qIwyWW5pD83dYmMgc.jpg
08-03 21:12:07.779 10394 10406 I art     : Explicit concurrent mark sweep GC freed 3544(179KB) AllocSpace objects, 0(0B) LOS objects, 36% free, 28MB/44MB, paused 980us total 48.576ms
08-03 21:12:07.797 10394 10406 I art     : Starting a blocking GC Explicit
08-03 21:12:07.846 10394 10406 I art     : Explicit concurrent mark sweep GC freed 4179(187KB) AllocSpace objects, 2(32KB) LOS objects, 35% free, 28MB/44MB, paused 739us total 49.105ms
08-03 21:12:07.880 10394 12220 I NAPPA_EXPERIMENTATION: MetricNetworkRequestExecutionTime: REQUEST_DURATION_SYSTEM='157',REQUEST_DURATION_OKHTTP='156',REQUEST_SYNCHRONOUS='TRUE',RESPONSE_CODE='200',RESPONSE_METHOD='GET',RESPONSE_LENGTH_OKHTTP='3039',RESPONSE_LENGTH_HEADER='3039',REQUEST_PROTOCOL='h2',REQUEST_URL='https://a.thumbs.redditmedia.com/8P7BG-empihRDWkNYE_LZ8tekikmQtEiymWkwv7obo0.jpg',
08-03 21:12:07.880 10394 12220 D OK      : request got status: 200
08-03 21:12:08.046 10394 12221 I NAPPA_EXPERIMENTATION: MetricNetworkRequestExecutionTime: REQUEST_DURATION_SYSTEM='279',REQUEST_DURATION_OKHTTP='144',REQUEST_SYNCHRONOUS='TRUE',RESPONSE_CODE='200',RESPONSE_METHOD='GET',RESPONSE_LENGTH_OKHTTP='9233',RESPONSE_LENGTH_HEADER='9233',REQUEST_PROTOCOL='h2',REQUEST_URL='https://b.thumbs.redditmedia.com/PCxvz6Ma5pyTglQOwhW4LZZOY0qIwyWW5pD83dYmMgc.jpg',
08-03 21:12:08.047 10394 12221 D OK      : request got status: 200
08-03 21:12:08.135 10394 10423 I art     : Starting a blocking GC Explicit
08-03 21:12:08.194 10394 10423 I art     : Explicit concurrent mark sweep GC freed 31322(1600KB) AllocSpace objects, 21(1140KB) LOS objects, 36% free, 28MB/44MB, paused 488us total 58.356ms
08-03 21:12:08.217 10394 10423 I art     : Starting a blocking GC Explicit
08-03 21:12:08.265 10394 10423 I art     : Explicit concurrent mark sweep GC freed 1393(56KB) AllocSpace objects, 0(0B) LOS objects, 36% free, 28MB/44MB, paused 400us total 47.297ms
08-03 21:12:08.283 10394 10423 I art     : Starting a blocking GC Explicit
08-03 21:12:08.333 10394 10423 I art     : Explicit concurrent mark sweep GC freed 3(96B) AllocSpace objects, 0(0B) LOS objects, 36% free, 28MB/44MB, paused 433us total 49.346ms
08-03 21:12:08.354 10394 10423 I art     : Starting a blocking GC Explicit
08-03 21:12:08.402 10394 10423 I art     : Explicit concurrent mark sweep GC freed 3(96B) AllocSpace objects, 0(0B) LOS objects, 36% free, 28MB/44MB, paused 381us total 46.957ms
08-03 21:12:08.420 10394 10423 I art     : Starting a blocking GC Explicit
08-03 21:12:08.473 10394 10423 I art     : Explicit concurrent mark sweep GC freed 3(96B) AllocSpace objects, 0(0B) LOS objects, 36% free, 28MB/44MB, paused 424us total 52.623ms
08-03 21:12:08.813 10394 11806 I art     : Starting a blocking GC Explicit
08-03 21:12:08.879 10394 11806 I art     : Explicit concurrent mark sweep GC freed 1344(82KB) AllocSpace objects, 1(20KB) LOS objects, 36% free, 28MB/44MB, paused 471us total 65.043ms
08-03 21:12:08.904 10394 11806 I art     : Starting a blocking GC Explicit
08-03 21:12:08.953 10394 11806 I art     : Explicit concurrent mark sweep GC freed 20(704B) AllocSpace objects, 0(0B) LOS objects, 36% free, 28MB/44MB, paused 406us total 48.709ms
08-03 21:12:08.972 10394 11806 I art     : Starting a blocking GC Explicit
08-03 21:12:09.021 10394 11806 I art     : Explicit concurrent mark sweep GC freed 3(96B) AllocSpace objects, 0(0B) LOS objects, 36% free, 28MB/44MB, paused 390us total 48.684ms
08-03 21:12:09.039 10394 11806 I art     : Starting a blocking GC Explicit
08-03 21:12:09.089 10394 11806 I art     : Explicit concurrent mark sweep GC freed 3(96B) AllocSpace objects, 0(0B) LOS objects, 36% free, 28MB/44MB, paused 412us total 49.420ms
08-03 21:12:09.111 10394 11806 I art     : Starting a blocking GC Explicit
08-03 21:12:09.159 10394 11806 I art     : Explicit concurrent mark sweep GC freed 3(96B) AllocSpace objects, 0(0B) LOS objects, 36% free, 28MB/44MB, paused 424us total 47.278ms
08-03 21:12:09.507 10394 10741 I art     : Starting a blocking GC Explicit
08-03 21:12:09.565 10394 10741 I art     : Explicit concurrent mark sweep GC freed 1344(82KB) AllocSpace objects, 1(20KB) LOS objects, 36% free, 28MB/44MB, paused 445us total 57.405ms
08-03 21:12:09.587 10394 10741 I art     : Starting a blocking GC Explicit
08-03 21:12:09.637 10394 10741 I art     : Explicit concurrent mark sweep GC freed 20(704B) AllocSpace objects, 0(0B) LOS objects, 36% free, 28MB/44MB, paused 419us total 49.749ms
08-03 21:12:09.659 10394 10741 I art     : Starting a blocking GC Explicit
08-03 21:12:09.708 10394 10741 I art     : Explicit concurrent mark sweep GC freed 3(96B) AllocSpace objects, 0(0B) LOS objects, 36% free, 28MB/44MB, paused 433us total 49.567ms
08-03 21:12:09.730 10394 10741 I art     : Starting a blocking GC Explicit
08-03 21:12:09.779 10394 10741 I art     : Explicit concurrent mark sweep GC freed 3(96B) AllocSpace objects, 0(0B) LOS objects, 36% free, 28MB/44MB, paused 418us total 48.912ms
08-03 21:12:09.798 10394 10741 I art     : Starting a blocking GC Explicit
08-03 21:12:09.850 10394 10741 I art     : Explicit concurrent mark sweep GC freed 3(96B) AllocSpace objects, 0(0B) LOS objects, 36% free, 28MB/44MB, paused 462us total 52.125ms
08-03 21:12:10.186 10394 10407 I art     : Starting a blocking GC Explicit
08-03 21:12:10.239 10394 10407 I art     : Explicit concurrent mark sweep GC freed 1349(82KB) AllocSpace objects, 1(20KB) LOS objects, 36% free, 28MB/44MB, paused 469us total 52.315ms
08-03 21:12:10.258 10394 10407 I art     : Starting a blocking GC Explicit
08-03 21:12:10.304 10394 10407 I art     : Explicit concurrent mark sweep GC freed 20(704B) AllocSpace objects, 0(0B) LOS objects, 36% free, 28MB/44MB, paused 415us total 46.308ms
08-03 21:12:10.323 10394 10407 I art     : Starting a blocking GC Explicit
08-03 21:12:10.370 10394 10407 I art     : Explicit concurrent mark sweep GC freed 3(96B) AllocSpace objects, 0(0B) LOS objects, 36% free, 28MB/44MB, paused 375us total 46.993ms
08-03 21:12:10.389 10394 10407 I art     : Starting a blocking GC Explicit
08-03 21:12:10.434 10394 10407 I art     : Explicit concurrent mark sweep GC freed 3(96B) AllocSpace objects, 0(0B) LOS objects, 36% free, 28MB/44MB, paused 372us total 45.669ms
08-03 21:12:10.453 10394 10407 I art     : Starting a blocking GC Explicit
08-03 21:12:10.500 10394 10407 I art     : Explicit concurrent mark sweep GC freed 3(96B) AllocSpace objects, 0(0B) LOS objects, 36% free, 28MB/44MB, paused 375us total 46.777ms
08-03 21:12:10.655 12261 12261 D AndroidRuntime: >>>>>> START com.android.internal.os.RuntimeInit uid 2000 <<<<<<
08-03 21:12:10.661 12261 12261 D AndroidRuntime: CheckJNI is OFF
08-03 21:12:10.706 12261 12261 D ICU     : No timezone override file found: /data/misc/zoneinfo/current/icu/icu_tzdata.dat
08-03 21:12:10.748 12261 12261 I Radio-JNI: register_android_hardware_Radio DONE
08-03 21:12:10.776 12261 12261 D AndroidRuntime: Calling main entry com.android.commands.input.Input
08-03 21:12:10.778 12261 12261 I Input   : injectMotionEvent: MotionEvent { action=ACTION_DOWN, actionButton=0, id[0]=0, x[0]=600.0, y[0]=580.0, toolType[0]=TOOL_TYPE_UNKNOWN, buttonState=0, metaState=0, flags=0x0, edgeFlags=0x0, pointerCount=1, historySize=0, eventTime=652347190, downTime=652347190, deviceId=0, source=0x1002 }
08-03 21:12:10.783 12261 12261 I Input   : injectMotionEvent: MotionEvent { action=ACTION_UP, actionButton=0, id[0]=0, x[0]=600.0, y[0]=580.0, toolType[0]=TOOL_TYPE_UNKNOWN, buttonState=0, metaState=0, flags=0x0, edgeFlags=0x0, pointerCount=1, historySize=0, eventTime=652347190, downTime=652347190, deviceId=0, source=0x1002 }
08-03 21:12:10.785 12261 12261 D AndroidRuntime: Shutting down VM
08-03 21:12:10.794   512  2967 D audio_hw_primary: out_set_parameters: enter: usecase(1: low-latency-playback) kvpairs: routing=2
08-03 21:12:10.795   918   929 I ActivityManager: START u0 {cmp=baseline.org.quantumbadger.redreader/.activities.WebViewActivity (has extras)} from uid 10634 on display 0
08-03 21:12:10.807   512  2967 D audio_hw_primary: select_devices: out_snd_device(2: speaker) in_snd_device(0: none)
08-03 21:12:10.807   512  2967 D msm8974_platform: platform_send_audio_calibration: sending audio calibration for snd_device(2) acdb_id(15)
08-03 21:12:10.807   512  2967 I soundtrigger: audio_extn_sound_trigger_update_device_status: device 0x2 of type 0 for Event 1
08-03 21:12:10.816   512  2967 D audio_hw_primary: enable_snd_device: snd_device(2: speaker)
08-03 21:12:10.820   512  2967 D audio_hw_primary: enable_audio_route: apply and update mixer path: low-latency-playback speaker
08-03 21:12:10.825 10394 10394 I AppCompatViewInflater: app:theme is now deprecated. Please move to using android:theme instead.
08-03 21:12:10.838 10394 10407 I art     : Starting a blocking GC Explicit
08-03 21:12:10.846 10394 10394 I WebViewFactory: Loading com.google.android.webview version 84.0.4147.89 (code 414708953)
08-03 21:12:10.881 10394 10407 I art     : Explicit concurrent mark sweep GC freed 2601(189KB) AllocSpace objects, 1(20KB) LOS objects, 36% free, 28MB/44MB, paused 617us total 42.903ms
08-03 21:12:10.899 10394 10407 I art     : Starting a blocking GC Explicit
08-03 21:12:10.934 10394 10394 I cr_LibraryLoader: Loaded native library version number "84.0.4147.89"
08-03 21:12:10.935 10394 10394 I cr_CachingUmaRecorder: Flushed 5 samples from 5 histograms.
08-03 21:12:10.942 10394 10407 I art     : Explicit concurrent mark sweep GC freed 9370(788KB) AllocSpace objects, 5(116KB) LOS objects, 36% free, 28MB/44MB, paused 998us total 43.075ms
08-03 21:12:10.959 10394 10407 I art     : Starting a blocking GC Explicit
08-03 21:12:10.980 10394 10394 E chromium: [ERROR:filesystem_posix.cc(62)] mkdir /data/user/0/baseline.org.quantumbadger.redreader/cache/WebView/Crashpad: No such file or directory (2)
08-03 21:12:11.008 10394 10407 I art     : Explicit concurrent mark sweep GC freed 1239(158KB) AllocSpace objects, 0(0B) LOS objects, 35% free, 28MB/44MB, paused 630us total 48.880ms
08-03 21:12:11.036 10394 10407 I art     : Starting a blocking GC Explicit
08-03 21:12:11.078   918  6112 D ConnectivityService: listenForNetwork for Listen from uid/pid:10634/10394 for NetworkRequest [ id=2370, legacyType=-1, [ Capabilities: INTERNET&NOT_RESTRICTED&TRUSTED] ]
08-03 21:12:11.080 10394 10407 I art     : Explicit concurrent mark sweep GC freed 1214(87KB) AllocSpace objects, 0(0B) LOS objects, 35% free, 28MB/44MB, paused 972us total 44.182ms
08-03 21:12:11.097 10394 10407 I art     : Starting a blocking GC Explicit
08-03 21:12:11.132 10394 12303 W cr_media: Requires BLUETOOTH permission
08-03 21:12:11.145 10394 10407 I art     : Explicit concurrent mark sweep GC freed 2384(162KB) AllocSpace objects, 0(0B) LOS objects, 35% free, 28MB/44MB, paused 711us total 46.468ms
08-03 21:12:11.152 10394 12315 E libEGL  : validate_display:255 error 3008 (EGL_BAD_DISPLAY)
08-03 21:12:11.279   918   936 I ActivityManager: Displayed baseline.org.quantumbadger.redreader/.activities.WebViewActivity: +472ms
08-03 21:12:11.279 13866 13866 I GoogleInputMethodServic: GoogleInputMethodService.onFinishInput():3138 
08-03 21:12:11.280 13866 13866 I GoogleInputMethodServic: GoogleInputMethodService.onStartInput():1808 
08-03 21:12:11.359   512  2967 D audio_hw_primary: disable_audio_route: reset and update mixer path: low-latency-playback speaker
08-03 21:12:11.360   512  2967 D audio_hw_primary: disable_snd_device: snd_device(2: speaker)
08-03 21:12:11.368   512  2967 I soundtrigger: audio_extn_sound_trigger_update_device_status: device 0x2 of type 0 for Event 0
08-03 21:12:11.465 10394 10406 I art     : Starting a blocking GC Explicit
08-03 21:12:11.513 10394 10406 I art     : Explicit concurrent mark sweep GC freed 5835(339KB) AllocSpace objects, 4(220KB) LOS objects, 35% free, 29MB/45MB, paused 464us total 47.150ms
08-03 21:12:11.519   380   380 W SurfaceFlinger: couldn't log to binary event log: overflow.
08-03 21:12:11.534 10394 10406 I art     : Starting a blocking GC Explicit
08-03 21:12:11.575 10394 10406 I art     : Explicit concurrent mark sweep GC freed 1037(121KB) AllocSpace objects, 0(0B) LOS objects, 35% free, 29MB/45MB, paused 435us total 40.300ms
08-03 21:12:11.592 10394 10406 I art     : Starting a blocking GC Explicit
08-03 21:12:11.636 10394 10406 I art     : Explicit concurrent mark sweep GC freed 11(480B) AllocSpace objects, 0(0B) LOS objects, 35% free, 29MB/45MB, paused 543us total 43.507ms
08-03 21:12:11.656 10394 10406 I art     : Starting a blocking GC Explicit
08-03 21:12:11.700 10394 10406 I art     : Explicit concurrent mark sweep GC freed 219(12KB) AllocSpace objects, 0(0B) LOS objects, 35% free, 29MB/45MB, paused 1.215ms total 43.836ms
08-03 21:12:11.719 10394 10406 I art     : Starting a blocking GC Explicit
08-03 21:12:11.762 10394 10406 I art     : Explicit concurrent mark sweep GC freed 796(60KB) AllocSpace objects, 0(0B) LOS objects, 35% free, 29MB/45MB, paused 608us total 41.855ms
08-03 21:12:12.057 10394 10423 I art     : Starting a blocking GC Explicit
08-03 21:12:12.107 10394 10423 I art     : Explicit concurrent mark sweep GC freed 5513(263KB) AllocSpace objects, 1(20KB) LOS objects, 35% free, 29MB/45MB, paused 758us total 49.574ms
08-03 21:12:12.128 10394 10423 I art     : Starting a blocking GC Explicit
08-03 21:12:12.176 10394 10423 I art     : Explicit concurrent mark sweep GC freed 112(3KB) AllocSpace objects, 0(0B) LOS objects, 35% free, 29MB/45MB, paused 654us total 47.685ms
08-03 21:12:12.197 10394 10423 I art     : Starting a blocking GC Explicit
08-03 21:12:12.244 10394 10423 I art     : Explicit concurrent mark sweep GC freed 3(96B) AllocSpace objects, 0(0B) LOS objects, 35% free, 29MB/45MB, paused 547us total 46.653ms
08-03 21:12:12.262 10394 10423 I art     : Starting a blocking GC Explicit
08-03 21:12:12.304 10394 10423 I art     : Explicit concurrent mark sweep GC freed 3(96B) AllocSpace objects, 0(0B) LOS objects, 35% free, 29MB/45MB, paused 526us total 42.211ms
08-03 21:12:12.324 10394 10423 I art     : Starting a blocking GC Explicit
08-03 21:12:12.372 10394 10423 I art     : Explicit concurrent mark sweep GC freed 3(96B) AllocSpace objects, 0(0B) LOS objects, 35% free, 29MB/45MB, paused 791us total 48.128ms
08-03 21:12:12.693 10394 11806 I art     : Starting a blocking GC Explicit
08-03 21:12:12.743 10394 11806 I art     : Explicit concurrent mark sweep GC freed 1578(94KB) AllocSpace objects, 1(20KB) LOS objects, 35% free, 29MB/45MB, paused 533us total 49.647ms
08-03 21:12:12.767 10394 10394 I Choreographer: Skipped 52 frames!  The application may be doing too much work on its main thread.
08-03 21:12:12.772 10394 11806 I art     : Starting a blocking GC Explicit
08-03 21:12:12.825 10394 11806 I art     : Explicit concurrent mark sweep GC freed 33(1456B) AllocSpace objects, 0(0B) LOS objects, 35% free, 29MB/45MB, paused 1.080ms total 52.581ms
08-03 21:12:12.845 10394 11806 I art     : Starting a blocking GC Explicit
08-03 21:12:12.893 10394 11806 I art     : Explicit concurrent mark sweep GC freed 26(816B) AllocSpace objects, 0(0B) LOS objects, 35% free, 29MB/45MB, paused 560us total 48.106ms
08-03 21:12:12.910 10394 11806 I art     : Starting a blocking GC Explicit
08-03 21:12:12.959 10394 11806 I art     : Explicit concurrent mark sweep GC freed 12(368B) AllocSpace objects, 0(0B) LOS objects, 35% free, 29MB/45MB, paused 776us total 47.936ms
08-03 21:12:12.978 10394 11806 I art     : Starting a blocking GC Explicit
08-03 21:12:13.024 10394 11806 I art     : Explicit concurrent mark sweep GC freed 18(560B) AllocSpace objects, 0(0B) LOS objects, 35% free, 29MB/45MB, paused 750us total 45.517ms
08-03 21:12:13.392 10394 10407 I art     : Starting a blocking GC Explicit
08-03 21:12:13.441 10394 10407 I art     : Explicit concurrent mark sweep GC freed 1525(113KB) AllocSpace objects, 1(20KB) LOS objects, 35% free, 29MB/45MB, paused 582us total 48.828ms
08-03 21:12:13.459 10394 10407 I art     : Starting a blocking GC Explicit
08-03 21:12:13.505 10394 10407 I art     : Explicit concurrent mark sweep GC freed 85(2912B) AllocSpace objects, 0(0B) LOS objects, 35% free, 29MB/45MB, paused 546us total 45.642ms
08-03 21:12:13.523 10394 10407 I art     : Starting a blocking GC Explicit
08-03 21:12:13.571 10394 10407 I art     : Explicit concurrent mark sweep GC freed 3(96B) AllocSpace objects, 0(0B) LOS objects, 35% free, 29MB/45MB, paused 535us total 47.312ms
08-03 21:12:13.589 10394 10407 I art     : Starting a blocking GC Explicit
08-03 21:12:13.635 10394 10407 I art     : Explicit concurrent mark sweep GC freed 3(96B) AllocSpace objects, 0(0B) LOS objects, 35% free, 29MB/45MB, paused 557us total 46.266ms
08-03 21:12:13.652 10394 10394 I chromium: [INFO:CONSOLE(1)] "
08-03 21:12:13.652 10394 10394 I chromium:                   ,d"=,.,qOp,
08-03 21:12:13.652 10394 10394 I chromium:                  ,7'  ''$(  )
08-03 21:12:13.652 10394 10394 I chromium:                 ,7'      '?q$7'
08-03 21:12:13.652 10394 10394 I chromium:              ..,$$,.
08-03 21:12:13.652 10394 10394 I chromium:    ,.  .,,--***""***--,,.  .,
08-03 21:12:13.652 10394 10394 I chromium:     ,p''              ''q,   
08-03 21:12:13.652 10394 10394 I chromium: :  ,7'                      '7,  :
08-03 21:12:13.652 10394 10394 I chromium:  ' $      ,db,      ,db,      $ '
08-03 21:12:13.652 10394 10394 I chromium:   '$      $$      $$      $'    Using Reddit at work? Work for Reddit.
08-03 21:12:13.652 10394 10394 I chromium:   '$                          $'        https://www.reddit.com/jobs
08-03 21:12:13.652 10394 10394 I chromium:    '$.     .,        ,.     .$'
08-03 21:12:13.652 10394 10394 I chromium:     'b,     ''     ,d'
08-03 21:12:13.652 10394 10394 I chromium:      '?bn,,          ,,nd?'
08-03 21:12:13.652 10394 10394 I chromium:        ,7$ '''' $7,
08-03 21:12:13.652 10394 10394 I chromium:      , $              $ ,
08-03 21:12:13.652 10394 10394 I chromium:      $  :$              $:  $
08-03 21:12:13.652 10394 10394 I chromium:      $   $              $   $
08-03 21:12:13.652 10394 10394 I chromium:      'b  q:            :p  d'
08-03 21:12:13.652 10394 10394 I chromium:       '?$.          .$?'
08-03 21:12:13.652 10394 10394 I chromium:          'b            d'
08-03 21:12:13.652 10394 10394 I chromium:        ,'?,.      .,?',
08-03 21:12:13.652 10394 10394 I chromium:       ==--==--==--==
08-03 21:12:13.652 10394 10394 I chromium: ", source: https://www.redditstatic.com/desktop2x/Chat~Governance~Reddit.2ea93b134a9b2e5b1d9a.js (1)
08-03 21:12:13.654 10394 10407 I art     : Starting a blocking GC Explicit
08-03 21:12:13.701 10394 10407 I art     : Explicit concurrent mark sweep GC freed 12(2912B) AllocSpace objects, 0(0B) LOS objects, 35% free, 29MB/45MB, paused 524us total 46.724ms
08-03 21:12:14.078   518   646 I ThermalEngine: ACTION: GPU - Setting GPU[0] to 390000000
08-03 21:12:14.103 10394 10406 I art     : Starting a blocking GC Explicit
08-03 21:12:14.168 10394 10406 I art     : Explicit concurrent mark sweep GC freed 1365(83KB) AllocSpace objects, 1(20KB) LOS objects, 35% free, 29MB/45MB, paused 1.030ms total 65.025ms
08-03 21:12:14.192 10394 10406 I art     : Starting a blocking GC Explicit
08-03 21:12:14.248 10394 10406 I art     : Explicit concurrent mark sweep GC freed 24(1072B) AllocSpace objects, 0(0B) LOS objects, 35% free, 29MB/45MB, paused 1.049ms total 55.211ms
08-03 21:12:14.272 10394 10406 I art     : Starting a blocking GC Explicit
08-03 21:12:14.329 10394 10406 I art     : Explicit concurrent mark sweep GC freed 3(96B) AllocSpace objects, 0(0B) LOS objects, 35% free, 29MB/45MB, paused 902us total 56.642ms
08-03 21:12:14.353 10394 10406 I art     : Starting a blocking GC Explicit
08-03 21:12:14.410 10394 10406 I art     : Explicit concurrent mark sweep GC freed 3(96B) AllocSpace objects, 0(0B) LOS objects, 35% free, 29MB/45MB, paused 881us total 55.867ms
08-03 21:12:14.434 10394 10406 I art     : Starting a blocking GC Explicit
08-03 21:12:14.488 10394 10406 I art     : Explicit concurrent mark sweep GC freed 3(96B) AllocSpace objects, 0(0B) LOS objects, 35% free, 29MB/45MB, paused 905us total 54.211ms
08-03 21:12:14.867 10394 10423 I art     : Starting a blocking GC Explicit
08-03 21:12:14.926 10394 10423 I art     : Explicit concurrent mark sweep GC freed 1355(82KB) AllocSpace objects, 1(20KB) LOS objects, 35% free, 29MB/45MB, paused 899us total 58.622ms
08-03 21:12:14.950 10394 10423 I art     : Starting a blocking GC Explicit
08-03 21:12:15.005 10394 10423 I art     : Explicit concurrent mark sweep GC freed 20(704B) AllocSpace objects, 0(0B) LOS objects, 35% free, 29MB/45MB, paused 810us total 54.164ms
08-03 21:12:15.029 10394 10423 I art     : Starting a blocking GC Explicit
08-03 21:12:15.081 10394 10423 I art     : Explicit concurrent mark sweep GC freed 59(3KB) AllocSpace objects, 0(0B) LOS objects, 35% free, 29MB/45MB, paused 780us total 51.862ms
08-03 21:12:15.124 10394 10423 I art     : Starting a blocking GC Explicit
08-03 21:12:15.176 10394 10423 I art     : Explicit concurrent mark sweep GC freed 162(9KB) AllocSpace objects, 0(0B) LOS objects, 35% free, 29MB/45MB, paused 803us total 51.137ms
08-03 21:12:15.198 10394 10423 I art     : Starting a blocking GC Explicit
08-03 21:12:15.218   918   929 I AccountManagerService: getTypesVisibleToCaller: isPermitted? true
08-03 21:12:15.252 10394 10423 I art     : Explicit concurrent mark sweep GC freed 14(2784B) AllocSpace objects, 0(0B) LOS objects, 35% free, 29MB/45MB, paused 637us total 53.588ms
08-03 21:12:15.594 24577 24587 I art     : Background sticky concurrent mark sweep GC freed 4346(338KB) AllocSpace objects, 2(40KB) LOS objects, 0% free, 49MB/49MB, paused 9.163ms total 71.675ms
08-03 21:12:15.637 10394 10741 I art     : Starting a blocking GC Explicit
08-03 21:12:15.691 10394 10741 I art     : Explicit concurrent mark sweep GC freed 1355(82KB) AllocSpace objects, 1(20KB) LOS objects, 35% free, 29MB/45MB, paused 788us total 52.494ms
08-03 21:12:15.714 10394 10741 I art     : Starting a blocking GC Explicit
08-03 21:12:15.771 10394 10741 I art     : Explicit concurrent mark sweep GC freed 59(2560B) AllocSpace objects, 0(0B) LOS objects, 35% free, 29MB/45MB, paused 798us total 56.486ms
08-03 21:12:15.780 24577 24587 I art     : Background partial concurrent mark sweep GC freed 305267(6MB) AllocSpace objects, 1(132KB) LOS objects, 26% free, 43MB/59MB, paused 6.676ms total 185.121ms
08-03 21:12:15.806 10394 10741 I art     : Starting a blocking GC Explicit
08-03 21:12:15.812 10394 12289 I RedditChangeDataIO: Writing tmp data file at '/data/user/0/baseline.org.quantumbadger.redreader/files/rr_change_data_tmp.dat'
08-03 21:12:15.812 10394 12289 I RedditChangeDataManager: Taking snapshot...
08-03 21:12:15.813 10394 12289 I RedditChangeDataManager: Writing to stream...
08-03 21:12:15.813 10394 12289 I RedditChangeDataManager: Wrote 4 entries for user ''
08-03 21:12:15.813 10394 12289 I RedditChangeDataManager: All entries written to stream.
08-03 21:12:15.813 10394 12289 I RedditChangeDataIO: Write successful. Atomically replacing data file...
08-03 21:12:15.813 10394 12289 I RedditChangeDataIO: Write complete.
08-03 21:12:15.814 10394 12289 I RedditChangeDataIO: 110 bytes written in 2 ms
08-03 21:12:15.867 10394 10741 I art     : Explicit concurrent mark sweep GC freed 123(7KB) AllocSpace objects, 1(68KB) LOS objects, 35% free, 29MB/45MB, paused 799us total 60.339ms
08-03 21:12:15.890 10394 10741 I art     : Starting a blocking GC Explicit
08-03 21:12:15.953 10394 10741 I art     : Explicit concurrent mark sweep GC freed 26(1200B) AllocSpace objects, 0(0B) LOS objects, 35% free, 29MB/45MB, paused 740us total 63.185ms
08-03 21:12:15.977 10394 10741 I art     : Starting a blocking GC Explicit
08-03 21:12:16.040 10394 10741 I art     : Explicit concurrent mark sweep GC freed 3(96B) AllocSpace objects, 0(0B) LOS objects, 35% free, 29MB/45MB, paused 824us total 63.519ms
08-03 21:12:16.434 10394 10407 I art     : Starting a blocking GC Explicit
08-03 21:12:16.491 10394 10407 I art     : Explicit concurrent mark sweep GC freed 1355(82KB) AllocSpace objects, 1(20KB) LOS objects, 35% free, 29MB/45MB, paused 769us total 56.551ms
08-03 21:12:16.515 10394 10407 I art     : Starting a blocking GC Explicit
08-03 21:12:16.575 10394 10407 I art     : Explicit concurrent mark sweep GC freed 22(784B) AllocSpace objects, 0(0B) LOS objects, 35% free, 29MB/45MB, paused 839us total 59.295ms
08-03 21:12:16.600 10394 10407 I art     : Starting a blocking GC Explicit
08-03 21:12:16.661 10394 10407 I art     : Explicit concurrent mark sweep GC freed 3(96B) AllocSpace objects, 0(0B) LOS objects, 35% free, 29MB/45MB, paused 798us total 60.819ms
08-03 21:12:16.685 10394 10407 I art     : Starting a blocking GC Explicit
08-03 21:12:16.750 10394 10407 I art     : Explicit concurrent mark sweep GC freed 3(96B) AllocSpace objects, 0(0B) LOS objects, 35% free, 29MB/45MB, paused 846us total 64.506ms
08-03 21:12:16.774 10394 10407 I art     : Starting a blocking GC Explicit
08-03 21:12:16.838 10394 10407 I art     : Explicit concurrent mark sweep GC freed 3(96B) AllocSpace objects, 0(0B) LOS objects, 35% free, 29MB/45MB, paused 934us total 64.215ms
08-03 21:12:17.254 10394 10407 I art     : Starting a blocking GC Explicit
08-03 21:12:17.315 10394 10407 I art     : Explicit concurrent mark sweep GC freed 1355(82KB) AllocSpace objects, 1(20KB) LOS objects, 35% free, 29MB/45MB, paused 841us total 60.045ms
08-03 21:12:17.351 10394 10407 I art     : Starting a blocking GC Explicit
08-03 21:12:17.409 10394 10407 I art     : Explicit concurrent mark sweep GC freed 20(704B) AllocSpace objects, 0(0B) LOS objects, 35% free, 29MB/45MB, paused 951us total 58.503ms
08-03 21:12:17.443 10394 10407 I art     : Starting a blocking GC Explicit
08-03 21:12:17.500 10394 10407 I art     : Explicit concurrent mark sweep GC freed 3(96B) AllocSpace objects, 0(0B) LOS objects, 35% free, 29MB/45MB, paused 710us total 56.754ms
08-03 21:12:17.529 10394 10407 I art     : Starting a blocking GC Explicit
08-03 21:12:17.590 10394 10407 I art     : Explicit concurrent mark sweep GC freed 3(96B) AllocSpace objects, 0(0B) LOS objects, 35% free, 29MB/45MB, paused 811us total 60.629ms
08-03 21:12:17.617 10394 10407 I art     : Starting a blocking GC Explicit
08-03 21:12:17.678 10394 10407 I art     : Explicit concurrent mark sweep GC freed 3(96B) AllocSpace objects, 0(0B) LOS objects, 35% free, 29MB/45MB, paused 862us total 60.741ms
08-03 21:12:18.083 10394 10407 I art     : Starting a blocking GC Explicit
08-03 21:12:18.150 10394 10407 I art     : Explicit concurrent mark sweep GC freed 1355(82KB) AllocSpace objects, 1(20KB) LOS objects, 35% free, 29MB/45MB, paused 768us total 66.547ms
08-03 21:12:18.175 10394 10407 I art     : Starting a blocking GC Explicit
08-03 21:12:18.243 10394 10407 I art     : Explicit concurrent mark sweep GC freed 20(704B) AllocSpace objects, 0(0B) LOS objects, 35% free, 29MB/45MB, paused 959us total 68.449ms
08-03 21:12:18.269 10394 10407 I art     : Starting a blocking GC Explicit
08-03 21:12:18.337 10394 10407 I art     : Explicit concurrent mark sweep GC freed 3(96B) AllocSpace objects, 0(0B) LOS objects, 35% free, 29MB/45MB, paused 1.314ms total 68.218ms
08-03 21:12:18.362 10394 10407 I art     : Starting a blocking GC Explicit
08-03 21:12:18.425 10394 10407 I art     : Explicit concurrent mark sweep GC freed 3(96B) AllocSpace objects, 0(0B) LOS objects, 35% free, 29MB/45MB, paused 1.519ms total 62.088ms
08-03 21:12:18.453 10394 10407 I art     : Starting a blocking GC Explicit
08-03 21:12:18.511 10394 10407 I art     : Explicit concurrent mark sweep GC freed 3(96B) AllocSpace objects, 0(0B) LOS objects, 35% free, 29MB/45MB, paused 895us total 57.690ms
08-03 21:12:18.917 10394 11806 I art     : Starting a blocking GC Explicit
08-03 21:12:18.987 10394 11806 I art     : Explicit concurrent mark sweep GC freed 1355(82KB) AllocSpace objects, 1(20KB) LOS objects, 35% free, 29MB/45MB, paused 712us total 68.882ms
08-03 21:12:19.012 10394 11806 I art     : Starting a blocking GC Explicit
08-03 21:12:19.075   518   646 I ThermalEngine: ACTION: GPU - Setting GPU[0] to 450000000
08-03 21:12:19.076 10394 11806 I art     : Explicit concurrent mark sweep GC freed 20(704B) AllocSpace objects, 0(0B) LOS objects, 35% free, 29MB/45MB, paused 913us total 63.591ms
08-03 21:12:19.098 10394 11806 I art     : Starting a blocking GC Explicit
08-03 21:12:19.149 10394 11806 I art     : Explicit concurrent mark sweep GC freed 3(96B) AllocSpace objects, 0(0B) LOS objects, 35% free, 29MB/45MB, paused 534us total 49.824ms
08-03 21:12:19.167 10394 11806 I art     : Starting a blocking GC Explicit
08-03 21:12:19.211 10394 11806 I art     : Explicit concurrent mark sweep GC freed 3(96B) AllocSpace objects, 0(0B) LOS objects, 35% free, 29MB/45MB, paused 560us total 43.220ms
08-03 21:12:19.229 10394 11806 I art     : Starting a blocking GC Explicit
08-03 21:12:19.270 10394 11806 I art     : Explicit concurrent mark sweep GC freed 3(96B) AllocSpace objects, 0(0B) LOS objects, 35% free, 29MB/45MB, paused 482us total 39.839ms
08-03 21:12:19.545 12448 12448 D AndroidRuntime: >>>>>> START com.android.internal.os.RuntimeInit uid 2000 <<<<<<
08-03 21:12:19.550 12448 12448 D AndroidRuntime: CheckJNI is OFF
08-03 21:12:19.590 12448 12448 D ICU     : No timezone override file found: /data/misc/zoneinfo/current/icu/icu_tzdata.dat
08-03 21:12:19.633 12448 12448 I Radio-JNI: register_android_hardware_Radio DONE
08-03 21:12:19.654 10394 11806 I art     : Starting a blocking GC Explicit
08-03 21:12:19.661 12448 12448 D AndroidRuntime: Calling main entry com.android.commands.input.Input
08-03 21:12:19.663 12448 12448 I Input   : injectKeyEvent: KeyEvent { action=ACTION_DOWN, keyCode=KEYCODE_BACK, scanCode=0, metaState=0, flags=0x0, repeatCount=0, eventTime=652356076, downTime=652356076, deviceId=-1, source=0x101 }
08-03 21:12:19.669 12448 12448 I Input   : injectKeyEvent: KeyEvent { action=ACTION_UP, keyCode=KEYCODE_BACK, scanCode=0, metaState=0, flags=0x0, repeatCount=0, eventTime=652356076, downTime=652356076, deviceId=-1, source=0x101 }
08-03 21:12:19.676 12448 12448 D AndroidRuntime: Shutting down VM
08-03 21:12:19.699 10394 11806 I art     : Explicit concurrent mark sweep GC freed 1488(87KB) AllocSpace objects, 1(20KB) LOS objects, 35% free, 29MB/45MB, paused 636us total 44.828ms
08-03 21:12:19.718 10394 11806 I art     : Starting a blocking GC Explicit
08-03 21:12:19.724 13866 13866 I GoogleInputMethodServic: GoogleInputMethodService.onFinishInput():3138 
08-03 21:12:19.725 13866 13866 I GoogleInputMethodServic: GoogleInputMethodService.onStartInput():1808 
08-03 21:12:19.763 10394 11806 I art     : Explicit concurrent mark sweep GC freed 149(6KB) AllocSpace objects, 0(0B) LOS objects, 35% free, 29MB/45MB, paused 580us total 44.332ms
08-03 21:12:19.780 10394 11806 I art     : Starting a blocking GC Explicit
08-03 21:12:19.819 10394 11806 I art     : Explicit concurrent mark sweep GC freed 23(768B) AllocSpace objects, 0(0B) LOS objects, 35% free, 29MB/45MB, paused 461us total 38.600ms
08-03 21:12:19.836 10394 11806 I art     : Starting a blocking GC Explicit
08-03 21:12:19.885 10394 11806 I art     : Explicit concurrent mark sweep GC freed 3(96B) AllocSpace objects, 0(0B) LOS objects, 35% free, 29MB/45MB, paused 578us total 48.706ms
08-03 21:12:19.905 10394 11806 I art     : Starting a blocking GC Explicit
08-03 21:12:19.961 10394 11806 I art     : Explicit concurrent mark sweep GC freed 3(96B) AllocSpace objects, 0(0B) LOS objects, 35% free, 29MB/45MB, paused 475us total 55.038ms
08-03 21:12:20.027   380   380 W SurfaceFlinger: couldn't log to binary event log: overflow.
08-03 21:12:20.060   918  3263 D ConnectivityService: releasing NetworkRequest NetworkRequest [ id=2370, legacyType=-1, [ Capabilities: INTERNET&NOT_RESTRICTED&TRUSTED] ]
08-03 21:12:20.309 10394 11806 I art     : Starting a blocking GC Explicit
08-03 21:12:20.317   918 13198 D NetlinkSocketObserver: NeighborEvent{elapsedMs=1635744192, 192.168.2.254, [7C3953A63323], RTM_NEWNEIGH, NUD_REACHABLE}
08-03 21:12:20.369 10394 11806 I art     : Explicit concurrent mark sweep GC freed 2271(128KB) AllocSpace objects, 1(20KB) LOS objects, 35% free, 29MB/45MB, paused 586us total 59.455ms
08-03 21:12:20.392 10394 11806 I art     : Starting a blocking GC Explicit
08-03 21:12:20.438 10394 11806 I art     : Explicit concurrent mark sweep GC freed 2114(124KB) AllocSpace objects, 1(28KB) LOS objects, 35% free, 28MB/44MB, paused 506us total 46.057ms
08-03 21:12:20.457 10394 11806 I art     : Starting a blocking GC Explicit
08-03 21:12:20.501 10394 11806 I art     : Explicit concurrent mark sweep GC freed 3(96B) AllocSpace objects, 0(0B) LOS objects, 35% free, 28MB/44MB, paused 503us total 43.778ms
08-03 21:12:20.519 10394 11806 I art     : Starting a blocking GC Explicit
08-03 21:12:20.565 10394 11806 I art     : Explicit concurrent mark sweep GC freed 3(96B) AllocSpace objects, 0(0B) LOS objects, 35% free, 28MB/44MB, paused 498us total 45.122ms
08-03 21:12:20.583 10394 11806 I art     : Starting a blocking GC Explicit
08-03 21:12:20.630 10394 11806 I art     : Explicit concurrent mark sweep GC freed 3(96B) AllocSpace objects, 0(0B) LOS objects, 35% free, 28MB/44MB, paused 513us total 46.553ms
08-03 21:12:20.989 10394 10423 I art     : Starting a blocking GC Explicit
08-03 21:12:21.041 10394 10423 I art     : Explicit concurrent mark sweep GC freed 1354(82KB) AllocSpace objects, 1(20KB) LOS objects, 35% free, 28MB/44MB, paused 524us total 51.555ms
08-03 21:12:21.059 10394 10423 I art     : Starting a blocking GC Explicit
08-03 21:12:21.082   518   646 I ThermalEngine: ACTION: GPU - Setting GPU[0] to 390000000
08-03 21:12:21.120 10394 10423 I art     : Explicit concurrent mark sweep GC freed 20(704B) AllocSpace objects, 0(0B) LOS objects, 35% free, 28MB/44MB, paused 935us total 59.951ms
08-03 21:12:21.144 10394 10423 I art     : Starting a blocking GC Explicit
08-03 21:12:21.200 10394 10423 I art     : Explicit concurrent mark sweep GC freed 3(96B) AllocSpace objects, 0(0B) LOS objects, 35% free, 28MB/44MB, paused 872us total 55.101ms
08-03 21:12:21.225 10394 10423 I art     : Starting a blocking GC Explicit
08-03 21:12:21.282 10394 10423 I art     : Explicit concurrent mark sweep GC freed 3(96B) AllocSpace objects, 0(0B) LOS objects, 35% free, 28MB/44MB, paused 835us total 56.552ms
08-03 21:12:21.307 10394 10423 I art     : Starting a blocking GC Explicit
08-03 21:12:21.365 10394 10423 I art     : Explicit concurrent mark sweep GC freed 22(1104B) AllocSpace objects, 0(0B) LOS objects, 35% free, 28MB/44MB, paused 717us total 57.638ms
08-03 21:12:21.580 12491 12491 D AndroidRuntime: >>>>>> START com.android.internal.os.RuntimeInit uid 2000 <<<<<<
08-03 21:12:21.586 12491 12491 D AndroidRuntime: CheckJNI is OFF
08-03 21:12:21.638 12491 12491 D ICU     : No timezone override file found: /data/misc/zoneinfo/current/icu/icu_tzdata.dat
08-03 21:12:21.683 12491 12491 I Radio-JNI: register_android_hardware_Radio DONE
08-03 21:12:21.716 12491 12491 D AndroidRuntime: Calling main entry com.android.commands.input.Input
08-03 21:12:21.719 12491 12491 I Input   : injectMotionEvent: MotionEvent { action=ACTION_DOWN, actionButton=0, id[0]=0, x[0]=600.0, y[0]=820.0, toolType[0]=TOOL_TYPE_UNKNOWN, buttonState=0, metaState=0, flags=0x0, edgeFlags=0x0, pointerCount=1, historySize=0, eventTime=652358131, downTime=652358131, deviceId=0, source=0x1002 }
08-03 21:12:21.724 12491 12491 I Input   : injectMotionEvent: MotionEvent { action=ACTION_UP, actionButton=0, id[0]=0, x[0]=600.0, y[0]=820.0, toolType[0]=TOOL_TYPE_UNKNOWN, buttonState=0, metaState=0, flags=0x0, edgeFlags=0x0, pointerCount=1, historySize=0, eventTime=652358131, downTime=652358131, deviceId=0, source=0x1002 }
08-03 21:12:21.727 12491 12491 D AndroidRuntime: Shutting down VM
08-03 21:12:21.737   512  2967 D audio_hw_primary: out_set_parameters: enter: usecase(1: low-latency-playback) kvpairs: routing=2
08-03 21:12:21.743 10394 10406 I art     : Starting a blocking GC Explicit
08-03 21:12:21.747   918  6110 I ActivityManager: START u0 {dat=https://oauth.reddit.com/... cmp=baseline.org.quantumbadger.redreader/.activities.CommentListingActivity} from uid 10634 on display 0
08-03 21:12:21.752   512  2967 D audio_hw_primary: select_devices: out_snd_device(2: speaker) in_snd_device(0: none)
08-03 21:12:21.752   512  2967 D msm8974_platform: platform_send_audio_calibration: sending audio calibration for snd_device(2) acdb_id(15)
08-03 21:12:21.752   512  2967 I soundtrigger: audio_extn_sound_trigger_update_device_status: device 0x2 of type 0 for Event 1
08-03 21:12:21.769   512  2967 D audio_hw_primary: enable_snd_device: snd_device(2: speaker)
08-03 21:12:21.772   512  2967 D audio_hw_primary: enable_audio_route: apply and update mixer path: low-latency-playback speaker
08-03 21:12:21.782 10394 10394 I AppCompatViewInflater: app:theme is now deprecated. Please move to using android:theme instead.
08-03 21:12:21.809 10394 10406 I art     : Explicit concurrent mark sweep GC freed 3067(157KB) AllocSpace objects, 1(20KB) LOS objects, 35% free, 29MB/45MB, paused 1.310ms total 65.593ms
08-03 21:12:21.815 10394 12516 D OK      : calling: https://oauth.reddit.com/comments/hi3oht/.json?sort=confidence
08-03 21:12:21.832 10394 10406 I art     : Starting a blocking GC Explicit
08-03 21:12:21.888 10394 10406 I art     : Explicit concurrent mark sweep GC freed 889(59KB) AllocSpace objects, 0(0B) LOS objects, 35% free, 29MB/45MB, paused 1.284ms total 56.262ms
08-03 21:12:21.912 10394 10406 I art     : Starting a blocking GC Explicit
08-03 21:12:21.924 13866 13866 I GoogleInputMethodServic: GoogleInputMethodService.onFinishInput():3138 
08-03 21:12:21.924 13866 13866 I GoogleInputMethodServic: GoogleInputMethodService.onStartInput():1808 
08-03 21:12:21.926   918   936 I ActivityManager: Displayed baseline.org.quantumbadger.redreader/.activities.CommentListingActivity: +165ms
08-03 21:12:21.975 10394 10406 I art     : Explicit concurrent mark sweep GC freed 721(29KB) AllocSpace objects, 0(0B) LOS objects, 35% free, 29MB/45MB, paused 1.555ms total 62.190ms
08-03 21:12:21.998 10394 10406 I art     : Starting a blocking GC Explicit
08-03 21:12:22.051 10394 10406 I art     : Explicit concurrent mark sweep GC freed 1912(77KB) AllocSpace objects, 0(0B) LOS objects, 35% free, 29MB/45MB, paused 891us total 52.997ms
08-03 21:12:22.074 10394 10406 I art     : Starting a blocking GC Explicit
08-03 21:12:22.086   518   646 I ThermalEngine: ACTION: GPU - Setting GPU[0] to 450000000
08-03 21:12:22.117 10394 10406 I art     : Explicit concurrent mark sweep GC freed 64(2480B) AllocSpace objects, 0(0B) LOS objects, 35% free, 29MB/45MB, paused 544us total 43.005ms
08-03 21:12:22.145 10394 12516 I NAPPA_EXPERIMENTATION: MetricNetworkRequestExecutionTime: REQUEST_DURATION_SYSTEM='330',REQUEST_DURATION_OKHTTP='153',REQUEST_SYNCHRONOUS='TRUE',RESPONSE_CODE='200',RESPONSE_METHOD='GET',RESPONSE_LENGTH_OKHTTP='-1',RESPONSE_LENGTH_HEADER='167875',REQUEST_PROTOCOL='h2',REQUEST_URL='https://oauth.reddit.com/comments/hi3oht/.json?sort=confidence',
08-03 21:12:22.145 10394 12516 D OK      : request got status: 200
08-03 21:12:22.160 10394 11001 I CommentListingActivity: COMMENTS session changed to 37a1abed-6e4c-489d-b051-c807d50e0a4b
08-03 21:12:22.179   380   380 W SurfaceFlinger: couldn't log to binary event log: overflow.
08-03 21:12:22.311   512  2967 D audio_hw_primary: disable_audio_route: reset and update mixer path: low-latency-playback speaker
08-03 21:12:22.313   512  2967 D audio_hw_primary: disable_snd_device: snd_device(2: speaker)
08-03 21:12:22.322   512  2967 I soundtrigger: audio_extn_sound_trigger_update_device_status: device 0x2 of type 0 for Event 0
08-03 21:12:22.430 10394 10741 I art     : Starting a blocking GC Explicit
08-03 21:12:22.500 10394 10741 I art     : Explicit concurrent mark sweep GC freed 43137(2MB) AllocSpace objects, 5(104KB) LOS objects, 32% free, 33MB/49MB, paused 1.081ms total 70.699ms
08-03 21:12:22.521 10394 10741 I art     : Starting a blocking GC Explicit
08-03 21:12:22.599 10394 10741 I art     : Explicit concurrent mark sweep GC freed 11752(863KB) AllocSpace objects, 0(0B) LOS objects, 31% free, 34MB/50MB, paused 1.254ms total 77.202ms
08-03 21:12:22.621 10394 10741 I art     : Starting a blocking GC Explicit
08-03 21:12:22.701 10394 10741 I art     : Explicit concurrent mark sweep GC freed 5198(515KB) AllocSpace objects, 1(68KB) LOS objects, 31% free, 35MB/51MB, paused 1.014ms total 79.727ms
08-03 21:12:22.725 10394 10741 I art     : Starting a blocking GC Explicit
08-03 21:12:22.792 10394 10741 I art     : Explicit concurrent mark sweep GC freed 36804(1737KB) AllocSpace objects, 4(116KB) LOS objects, 32% free, 33MB/49MB, paused 739us total 66.595ms
08-03 21:12:22.814 10394 10741 I art     : Starting a blocking GC Explicit
08-03 21:12:22.881 10394 10741 I art     : Explicit concurrent mark sweep GC freed 18(752B) AllocSpace objects, 0(0B) LOS objects, 32% free, 33MB/49MB, paused 513us total 65.809ms
08-03 21:12:23.090   518   646 I ThermalEngine: ACTION: GPU - Setting GPU[0] to 390000000
08-03 21:12:23.271 10394 11806 I art     : Starting a blocking GC Explicit
08-03 21:12:23.357 10394 11806 I art     : Explicit concurrent mark sweep GC freed 1354(82KB) AllocSpace objects, 1(20KB) LOS objects, 32% free, 33MB/49MB, paused 865us total 85.582ms
08-03 21:12:23.390 10394 11806 I art     : Starting a blocking GC Explicit
08-03 21:12:23.487 10394 11806 I art     : Explicit concurrent mark sweep GC freed 66(2528B) AllocSpace objects, 0(0B) LOS objects, 32% free, 33MB/49MB, paused 917us total 96.533ms
08-03 21:12:23.524 10394 11806 I art     : Starting a blocking GC Explicit
08-03 21:12:23.611 10394 11806 I art     : Explicit concurrent mark sweep GC freed 3(96B) AllocSpace objects, 0(0B) LOS objects, 32% free, 33MB/49MB, paused 1.184ms total 86.609ms
08-03 21:12:23.648 10394 11806 I art     : Starting a blocking GC Explicit
08-03 21:12:23.737 10394 11806 I art     : Explicit concurrent mark sweep GC freed 3(96B) AllocSpace objects, 0(0B) LOS objects, 32% free, 33MB/49MB, paused 1.209ms total 88.411ms
08-03 21:12:23.773 10394 11806 I art     : Starting a blocking GC Explicit
08-03 21:12:23.861 10394 11806 I art     : Explicit concurrent mark sweep GC freed 3(96B) AllocSpace objects, 0(0B) LOS objects, 32% free, 33MB/49MB, paused 1.188ms total 86.728ms
08-03 21:12:24.277 10394 10741 I art     : Starting a blocking GC Explicit
08-03 21:12:24.379 10394 10741 I art     : Explicit concurrent mark sweep GC freed 1354(82KB) AllocSpace objects, 1(20KB) LOS objects, 32% free, 33MB/49MB, paused 907us total 101.542ms
08-03 21:12:24.416 10394 10741 I art     : Starting a blocking GC Explicit
08-03 21:12:24.511 10394 10741 I art     : Explicit concurrent mark sweep GC freed 20(704B) AllocSpace objects, 0(0B) LOS objects, 32% free, 33MB/49MB, paused 1.018ms total 94.695ms
08-03 21:12:24.548 10394 10741 I art     : Starting a blocking GC Explicit
08-03 21:12:24.642 10394 10741 I art     : Explicit concurrent mark sweep GC freed 3(96B) AllocSpace objects, 0(0B) LOS objects, 32% free, 33MB/49MB, paused 990us total 93.998ms
08-03 21:12:24.679 10394 10741 I art     : Starting a blocking GC Explicit
08-03 21:12:24.764 10394 10741 I art     : Explicit concurrent mark sweep GC freed 3(96B) AllocSpace objects, 0(0B) LOS objects, 32% free, 33MB/49MB, paused 768us total 84.433ms
08-03 21:12:24.801 10394 10741 I art     : Starting a blocking GC Explicit
08-03 21:12:24.894 10394 10741 I art     : Explicit concurrent mark sweep GC freed 3(96B) AllocSpace objects, 0(0B) LOS objects, 32% free, 33MB/49MB, paused 931us total 92.577ms
08-03 21:12:25.092   518   646 I ThermalEngine: ACTION: GPU - Setting GPU[0] to 450000000
08-03 21:12:25.274 10394 10423 I art     : Starting a blocking GC Explicit
08-03 21:12:25.361 10394 10423 I art     : Explicit concurrent mark sweep GC freed 1354(82KB) AllocSpace objects, 1(20KB) LOS objects, 32% free, 33MB/49MB, paused 640us total 86.354ms
08-03 21:12:25.386 10394 10423 I art     : Starting a blocking GC Explicit
08-03 21:12:25.462 10394 10423 I art     : Explicit concurrent mark sweep GC freed 20(704B) AllocSpace objects, 0(0B) LOS objects, 32% free, 33MB/49MB, paused 594us total 75.904ms
08-03 21:12:25.485 10394 10423 I art     : Starting a blocking GC Explicit
08-03 21:12:25.559 10394 10423 I art     : Explicit concurrent mark sweep GC freed 3(96B) AllocSpace objects, 0(0B) LOS objects, 32% free, 33MB/49MB, paused 621us total 73.839ms
08-03 21:12:25.581 10394 10423 I art     : Starting a blocking GC Explicit
08-03 21:12:25.659 10394 10423 I art     : Explicit concurrent mark sweep GC freed 3(96B) AllocSpace objects, 0(0B) LOS objects, 32% free, 33MB/49MB, paused 613us total 77.360ms
08-03 21:12:25.686 10394 10423 I art     : Starting a blocking GC Explicit
08-03 21:12:25.762 10394 10423 I art     : Explicit concurrent mark sweep GC freed 3(96B) AllocSpace objects, 0(0B) LOS objects, 32% free, 33MB/49MB, paused 592us total 75.908ms
08-03 21:12:26.113 10394 10407 I art     : Starting a blocking GC Explicit
08-03 21:12:26.190 10394 10407 I art     : Explicit concurrent mark sweep GC freed 1354(82KB) AllocSpace objects, 1(20KB) LOS objects, 32% free, 33MB/49MB, paused 596us total 75.801ms
08-03 21:12:26.212 10394 10407 I art     : Starting a blocking GC Explicit
08-03 21:12:26.283 10394 10407 I art     : Explicit concurrent mark sweep GC freed 20(704B) AllocSpace objects, 0(0B) LOS objects, 32% free, 33MB/49MB, paused 574us total 70.047ms
08-03 21:12:26.305 10394 10407 I art     : Starting a blocking GC Explicit
08-03 21:12:26.315 24577 24577 E ActivityThread: Service com.google.android.gms.chimera.GmsBoundBrokerService has leaked IntentReceiver com.google.android.gms.security.odad.WifiStateChangedReceiver@7033bf1 that was originally registered here. Are you missing a call to unregisterReceiver()?
08-03 21:12:26.315 24577 24577 E ActivityThread: android.app.IntentReceiverLeaked: Service com.google.android.gms.chimera.GmsBoundBrokerService has leaked IntentReceiver com.google.android.gms.security.odad.WifiStateChangedReceiver@7033bf1 that was originally registered here. Are you missing a call to unregisterReceiver()?
08-03 21:12:26.315 24577 24577 E ActivityThread: 	at android.app.LoadedApk$ReceiverDispatcher.<init>(LoadedApk.java:918)
08-03 21:12:26.315 24577 24577 E ActivityThread: 	at android.app.LoadedApk.getReceiverDispatcher(LoadedApk.java:719)
08-03 21:12:26.315 24577 24577 E ActivityThread: 	at android.app.ContextImpl.registerReceiverInternal(ContextImpl.java:1172)
08-03 21:12:26.315 24577 24577 E ActivityThread: 	at android.app.ContextImpl.registerReceiver(ContextImpl.java:1152)
08-03 21:12:26.315 24577 24577 E ActivityThread: 	at android.content.ContextWrapper.registerReceiver(ContextWrapper.java:561)
08-03 21:12:26.315 24577 24577 E ActivityThread: 	at android.content.ContextWrapper.registerReceiver(ContextWrapper.java:561)
08-03 21:12:26.315 24577 24577 E ActivityThread: 	at android.content.ContextWrapper.registerReceiver(ContextWrapper.java:561)
08-03 21:12:26.315 24577 24577 E ActivityThread: 	at android.content.ContextWrapper.registerReceiver(ContextWrapper.java:561)
08-03 21:12:26.315 24577 24577 E ActivityThread: 	at android.content.ContextWrapper.registerReceiver(ContextWrapper.java:561)
08-03 21:12:26.315 24577 24577 E ActivityThread: 	at android.content.ContextWrapper.registerReceiver(ContextWrapper.java:561)
08-03 21:12:26.315 24577 24577 E ActivityThread: 	at android.content.ContextWrapper.registerReceiver(ContextWrapper.java:561)
08-03 21:12:26.315 24577 24577 E ActivityThread: 	at android.content.ContextWrapper.registerReceiver(ContextWrapper.java:561)
08-03 21:12:26.315 24577 24577 E ActivityThread: 	at aqwy.a(:com.google.android.gms@202614019@20.26.14 (040400-320008519):3)
08-03 21:12:26.315 24577 24577 E ActivityThread: 	at aqxq.a(:com.google.android.gms@202614019@20.26.14 (040400-320008519):42)
08-03 21:12:26.315 24577 24577 E ActivityThread: 	at zwo.run(:com.google.android.gms@202614019@20.26.14 (040400-320008519):9)
08-03 21:12:26.315 24577 24577 E ActivityThread: 	at bmvl.run(:com.google.android.gms@202614019@20.26.14 (040400-320008519):2)
08-03 21:12:26.315 24577 24577 E ActivityThread: 	at skp.b(:com.google.android.gms@202614019@20.26.14 (040400-320008519):12)
08-03 21:12:26.315 24577 24577 E ActivityThread: 	at skp.run(:com.google.android.gms@202614019@20.26.14 (040400-320008519):7)
08-03 21:12:26.315 24577 24577 E ActivityThread: 	at java.util.concurrent.ThreadPoolExecutor.runWorker(ThreadPoolExecutor.java:1113)
08-03 21:12:26.315 24577 24577 E ActivityThread: 	at java.util.concurrent.ThreadPoolExecutor$Worker.run(ThreadPoolExecutor.java:588)
08-03 21:12:26.315 24577 24577 E ActivityThread: 	at sql.run(:com.google.android.gms@202614019@20.26.14 (040400-320008519):0)
08-03 21:12:26.315 24577 24577 E ActivityThread: 	at java.lang.Thread.run(Thread.java:818)
08-03 21:12:26.377 10394 10407 I art     : Explicit concurrent mark sweep GC freed 25(976B) AllocSpace objects, 0(0B) LOS objects, 32% free, 33MB/49MB, paused 552us total 71.642ms
08-03 21:12:26.399 10394 10407 I art     : Starting a blocking GC Explicit
08-03 21:12:26.472 10394 10407 I art     : Explicit concurrent mark sweep GC freed 32(1760B) AllocSpace objects, 0(0B) LOS objects, 32% free, 33MB/49MB, paused 584us total 72.927ms
08-03 21:12:26.494 10394 10407 I art     : Starting a blocking GC Explicit
08-03 21:12:26.542 12566 12566 D AndroidRuntime: >>>>>> START com.android.internal.os.RuntimeInit uid 2000 <<<<<<
08-03 21:12:26.548 12566 12566 D AndroidRuntime: CheckJNI is OFF
08-03 21:12:26.565 10394 10407 I art     : Explicit concurrent mark sweep GC freed 9(320B) AllocSpace objects, 0(0B) LOS objects, 32% free, 33MB/49MB, paused 614us total 70.976ms
08-03 21:12:26.598 12566 12566 D ICU     : No timezone override file found: /data/misc/zoneinfo/current/icu/icu_tzdata.dat
08-03 21:12:26.643 12566 12566 I Radio-JNI: register_android_hardware_Radio DONE
08-03 21:12:26.672 12566 12566 D AndroidRuntime: Calling main entry com.android.commands.input.Input
08-03 21:12:26.674 12566 12566 I Input   : injectKeyEvent: KeyEvent { action=ACTION_DOWN, keyCode=KEYCODE_BACK, scanCode=0, metaState=0, flags=0x0, repeatCount=0, eventTime=652363087, downTime=652363087, deviceId=-1, source=0x101 }
08-03 21:12:26.680 12566 12566 I Input   : injectKeyEvent: KeyEvent { action=ACTION_UP, keyCode=KEYCODE_BACK, scanCode=0, metaState=0, flags=0x0, repeatCount=0, eventTime=652363087, downTime=652363087, deviceId=-1, source=0x101 }
08-03 21:12:26.687 12566 12566 D AndroidRuntime: Shutting down VM
08-03 21:12:26.729 13866 13866 I GoogleInputMethodServic: GoogleInputMethodService.onFinishInput():3138 
08-03 21:12:26.729 13866 13866 I GoogleInputMethodServic: GoogleInputMethodService.onStartInput():1808 
08-03 21:12:26.765 10394 12515 I RedditChangeDataIO: Writing tmp data file at '/data/user/0/baseline.org.quantumbadger.redreader/files/rr_change_data_tmp.dat'
08-03 21:12:26.766 10394 12515 I RedditChangeDataManager: Taking snapshot...
08-03 21:12:26.766 10394 12515 I RedditChangeDataManager: Writing to stream...
08-03 21:12:26.766 10394 12515 I RedditChangeDataManager: Wrote 5 entries for user ''
08-03 21:12:26.766 10394 12515 I RedditChangeDataManager: All entries written to stream.
08-03 21:12:26.767 10394 12515 I RedditChangeDataIO: Write successful. Atomically replacing data file...
08-03 21:12:26.767 10394 12515 I RedditChangeDataIO: Write complete.
08-03 21:12:26.767 10394 12515 I RedditChangeDataIO: 134 bytes written in 2 ms
08-03 21:12:26.877 10394 11806 I art     : Starting a blocking GC Explicit
08-03 21:12:26.946 10394 11806 I art     : Explicit concurrent mark sweep GC freed 1698(96KB) AllocSpace objects, 2(88KB) LOS objects, 32% free, 33MB/49MB, paused 470us total 68.439ms
08-03 21:12:26.967 10394 11806 I art     : Starting a blocking GC Explicit
08-03 21:12:27.030 10394 11806 I art     : Explicit concurrent mark sweep GC freed 27(960B) AllocSpace objects, 0(0B) LOS objects, 32% free, 33MB/49MB, paused 497us total 62.182ms
08-03 21:12:27.034   380   380 W SurfaceFlinger: couldn't log to binary event log: overflow.
08-03 21:12:27.053 10394 11806 I art     : Starting a blocking GC Explicit
08-03 21:12:27.115 10394 11806 I art     : Explicit concurrent mark sweep GC freed 65(2384B) AllocSpace objects, 0(0B) LOS objects, 32% free, 33MB/49MB, paused 535us total 61.061ms
08-03 21:12:27.136 10394 11806 I art     : Starting a blocking GC Explicit
08-03 21:12:27.185 10394 11806 I art     : Explicit concurrent mark sweep GC freed 76491(4MB) AllocSpace objects, 5(140KB) LOS objects, 35% free, 29MB/45MB, paused 488us total 49.252ms
08-03 21:12:27.202 10394 11806 I art     : Starting a blocking GC Explicit
08-03 21:12:27.247 10394 11806 I art     : Explicit concurrent mark sweep GC freed 3(96B) AllocSpace objects, 0(0B) LOS objects, 35% free, 29MB/45MB, paused 641us total 43.891ms
08-03 21:12:27.580 10394 10423 I art     : Starting a blocking GC Explicit
08-03 21:12:27.647 10394 10423 I art     : Explicit concurrent mark sweep GC freed 1358(83KB) AllocSpace objects, 1(20KB) LOS objects, 35% free, 29MB/45MB, paused 615us total 66.437ms
08-03 21:12:27.668 10394 10423 I art     : Starting a blocking GC Explicit
08-03 21:12:27.714 10394 10423 I art     : Explicit concurrent mark sweep GC freed 49(2176B) AllocSpace objects, 0(0B) LOS objects, 35% free, 29MB/45MB, paused 520us total 45.519ms
08-03 21:12:27.733 10394 10423 I art     : Starting a blocking GC Explicit
08-03 21:12:27.780 10394 10423 I art     : Explicit concurrent mark sweep GC freed 209(35KB) AllocSpace objects, 0(0B) LOS objects, 35% free, 29MB/45MB, paused 510us total 46.727ms
08-03 21:12:27.799 10394 10423 I art     : Starting a blocking GC Explicit
08-03 21:12:27.845 10394 10423 I art     : Explicit concurrent mark sweep GC freed 68(2272B) AllocSpace objects, 0(0B) LOS objects, 35% free, 29MB/45MB, paused 525us total 46.313ms
08-03 21:12:27.864 10394 10423 I art     : Starting a blocking GC Explicit
08-03 21:12:27.910 10394 10423 I art     : Explicit concurrent mark sweep GC freed 3(96B) AllocSpace objects, 0(0B) LOS objects, 35% free, 29MB/45MB, paused 502us total 45.902ms
08-03 21:12:28.230 10394 10407 I art     : Starting a blocking GC Explicit
08-03 21:12:28.278 10394 10407 I art     : Explicit concurrent mark sweep GC freed 1357(82KB) AllocSpace objects, 1(20KB) LOS objects, 35% free, 29MB/45MB, paused 504us total 48.073ms
08-03 21:12:28.296 10394 10407 I art     : Starting a blocking GC Explicit
08-03 21:12:28.339 10394 10407 I art     : Explicit concurrent mark sweep GC freed 20(704B) AllocSpace objects, 0(0B) LOS objects, 35% free, 29MB/45MB, paused 521us total 43.247ms
08-03 21:12:28.357 10394 10407 I art     : Starting a blocking GC Explicit
08-03 21:12:28.401 10394 10407 I art     : Explicit concurrent mark sweep GC freed 3(96B) AllocSpace objects, 0(0B) LOS objects, 35% free, 29MB/45MB, paused 536us total 43.713ms
08-03 21:12:28.401 10394 10405 I art     : WaitForGcToComplete blocked for 43.990ms for cause HeapTrim
08-03 21:12:28.419 10394 10407 I art     : Starting a blocking GC Explicit
08-03 21:12:28.464 10394 10407 I art     : Explicit concurrent mark sweep GC freed 3(96B) AllocSpace objects, 0(0B) LOS objects, 35% free, 29MB/45MB, paused 527us total 44.383ms
08-03 21:12:28.482 10394 10407 I art     : Starting a blocking GC Explicit
08-03 21:12:28.489 12603 12603 D AndroidRuntime: >>>>>> START com.android.internal.os.RuntimeInit uid 2000 <<<<<<
08-03 21:12:28.495 12603 12603 D AndroidRuntime: CheckJNI is OFF
08-03 21:12:28.530 10394 10407 I art     : Explicit concurrent mark sweep GC freed 3(96B) AllocSpace objects, 0(0B) LOS objects, 35% free, 29MB/45MB, paused 535us total 47.042ms
08-03 21:12:28.542 12603 12603 D ICU     : No timezone override file found: /data/misc/zoneinfo/current/icu/icu_tzdata.dat
08-03 21:12:28.586 12603 12603 I Radio-JNI: register_android_hardware_Radio DONE
08-03 21:12:28.617 12603 12603 D AndroidRuntime: Calling main entry com.android.commands.input.Input
08-03 21:12:28.620 12603 12603 I Input   : injectMotionEvent: MotionEvent { action=ACTION_DOWN, actionButton=0, id[0]=0, x[0]=600.0, y[0]=580.0, toolType[0]=TOOL_TYPE_UNKNOWN, buttonState=0, metaState=0, flags=0x0, edgeFlags=0x0, pointerCount=1, historySize=0, eventTime=652365032, downTime=652365032, deviceId=0, source=0x1002 }
08-03 21:12:28.629 12603 12603 I Input   : injectMotionEvent: MotionEvent { action=ACTION_UP, actionButton=0, id[0]=0, x[0]=600.0, y[0]=580.0, toolType[0]=TOOL_TYPE_UNKNOWN, buttonState=0, metaState=0, flags=0x0, edgeFlags=0x0, pointerCount=1, historySize=0, eventTime=652365032, downTime=652365032, deviceId=0, source=0x1002 }
08-03 21:12:28.632 12603 12603 D AndroidRuntime: Shutting down VM
08-03 21:12:28.642   512  2967 D audio_hw_primary: out_set_parameters: enter: usecase(1: low-latency-playback) kvpairs: routing=2
08-03 21:12:28.644   918  3359 I ActivityManager: START u0 {cmp=baseline.org.quantumbadger.redreader/.activities.WebViewActivity (has extras)} from uid 10634 on display 0
08-03 21:12:28.655   512  2967 D audio_hw_primary: select_devices: out_snd_device(2: speaker) in_snd_device(0: none)
08-03 21:12:28.655   512  2967 D msm8974_platform: platform_send_audio_calibration: sending audio calibration for snd_device(2) acdb_id(15)
08-03 21:12:28.655   512  2967 I soundtrigger: audio_extn_sound_trigger_update_device_status: device 0x2 of type 0 for Event 1
08-03 21:12:28.665   512  2967 D audio_hw_primary: enable_snd_device: snd_device(2: speaker)
08-03 21:12:28.667   512  2967 D audio_hw_primary: enable_audio_route: apply and update mixer path: low-latency-playback speaker
08-03 21:12:28.668 10394 10394 I AppCompatViewInflater: app:theme is now deprecated. Please move to using android:theme instead.
08-03 21:12:28.689   918  3714 D ConnectivityService: listenForNetwork for Listen from uid/pid:10634/10394 for NetworkRequest [ id=2371, legacyType=-1, [ Capabilities: INTERNET&NOT_RESTRICTED&TRUSTED] ]
08-03 21:12:28.799 13866 13866 I GoogleInputMethodServic: GoogleInputMethodService.onFinishInput():3138 
08-03 21:12:28.800 13866 13866 I GoogleInputMethodServic: GoogleInputMethodService.onStartInput():1808 
08-03 21:12:28.805   918   936 I ActivityManager: Displayed baseline.org.quantumbadger.redreader/.activities.WebViewActivity: +152ms
08-03 21:12:28.851 10394 10407 I art     : Starting a blocking GC Explicit
08-03 21:12:28.894 10394 10407 I art     : Explicit concurrent mark sweep GC freed 5926(312KB) AllocSpace objects, 1(20KB) LOS objects, 35% free, 29MB/45MB, paused 479us total 42.983ms
08-03 21:12:28.913 10394 10407 I art     : Starting a blocking GC Explicit
08-03 21:12:28.960 10394 10407 I art     : Explicit concurrent mark sweep GC freed 545(29KB) AllocSpace objects, 0(0B) LOS objects, 35% free, 29MB/45MB, paused 580us total 46.586ms
08-03 21:12:28.979 10394 10407 I art     : Starting a blocking GC Explicit
08-03 21:12:29.030 10394 10407 I art     : Explicit concurrent mark sweep GC freed 3(96B) AllocSpace objects, 0(0B) LOS objects, 35% free, 29MB/45MB, paused 471us total 50.789ms
08-03 21:12:29.055   380   380 W SurfaceFlinger: couldn't log to binary event log: overflow.
08-03 21:12:29.056 10394 10407 I art     : Starting a blocking GC Explicit
08-03 21:12:29.061 24365 25567 I NetworkScheduler.Stats: Task com.google.android.apps.gcs/ started execution. cause:4 exec_start_elapsed_seconds: 1635752 [CONTEXT service_id=218 ]
08-03 21:12:29.062  7786 12642 W Gcs.WfaEliRefreshTask: [22376] afk.b: NULL eligibility response.
08-03 21:12:29.075 24365 25567 I NetworkScheduler.Stats: Task com.google.android.apps.gcs/ finished executing. cause:4 result: 3 elapsed_millis: 22 uptime_millis: 23 exec_start_elapsed_seconds: 1635752 [CONTEXT service_id=218 ]
08-03 21:12:29.087  7841  7841 I Atfwd_Sendcmd: AtCmdFwd service not ready - Exhausted retry attempts - :6
08-03 21:12:29.087  7841  7841 I Atfwd_Daemon: result : -1 	 ,Init step :2 	 ,qmiErrorCode: 0
08-03 21:12:29.105 10394 10407 I art     : Explicit concurrent mark sweep GC freed 12(464B) AllocSpace objects, 0(0B) LOS objects, 35% free, 29MB/45MB, paused 487us total 48.254ms
08-03 21:12:29.122 10394 10407 I art     : Starting a blocking GC Explicit
08-03 21:12:29.161 10394 10407 I art     : Explicit concurrent mark sweep GC freed 174(10KB) AllocSpace objects, 0(0B) LOS objects, 35% free, 29MB/45MB, paused 495us total 38.410ms
08-03 21:12:29.200   512  2967 D audio_hw_primary: disable_audio_route: reset and update mixer path: low-latency-playback speaker
08-03 21:12:29.202   512  2967 D audio_hw_primary: disable_snd_device: snd_device(2: speaker)
08-03 21:12:29.211   512  2967 I soundtrigger: audio_extn_sound_trigger_update_device_status: device 0x2 of type 0 for Event 0
08-03 21:12:29.632 10394 10423 I art     : Starting a blocking GC Explicit
08-03 21:12:29.668   918  3188 I hubconnection: sensorhub said: 'set_bias 3: -6.2400, 0.0000, 0.0000'
08-03 21:12:29.684 10394 10423 I art     : Explicit concurrent mark sweep GC freed 2120(124KB) AllocSpace objects, 1(20KB) LOS objects, 35% free, 29MB/45MB, paused 565us total 51.612ms
08-03 21:12:29.704 10394 10423 I art     : Starting a blocking GC Explicit
08-03 21:12:29.753 10394 10423 I art     : Explicit concurrent mark sweep GC freed 252(12KB) AllocSpace objects, 0(0B) LOS objects, 35% free, 29MB/45MB, paused 595us total 48.594ms
08-03 21:12:29.779 10394 10423 I art     : Starting a blocking GC Explicit
08-03 21:12:29.830 10394 10423 I art     : Explicit concurrent mark sweep GC freed 16(480B) AllocSpace objects, 0(0B) LOS objects, 35% free, 29MB/45MB, paused 506us total 50.966ms
08-03 21:12:29.850 10394 10423 I art     : Starting a blocking GC Explicit
08-03 21:12:29.899 10394 10423 I art     : Explicit concurrent mark sweep GC freed 10(320B) AllocSpace objects, 0(0B) LOS objects, 35% free, 29MB/45MB, paused 741us total 48.535ms
08-03 21:12:29.918 10394 10423 I art     : Starting a blocking GC Explicit
08-03 21:12:29.962 10394 10423 I art     : Explicit concurrent mark sweep GC freed 10(320B) AllocSpace objects, 0(0B) LOS objects, 35% free, 29MB/45MB, paused 485us total 43.520ms
08-03 21:12:30.343 10394 11806 I art     : Starting a blocking GC Explicit
08-03 21:12:30.394 10394 11806 I art     : Explicit concurrent mark sweep GC freed 1451(86KB) AllocSpace objects, 1(20KB) LOS objects, 35% free, 29MB/45MB, paused 572us total 50.122ms
08-03 21:12:30.414 10394 11806 I art     : Starting a blocking GC Explicit
08-03 21:12:30.462 10394 11806 I art     : Explicit concurrent mark sweep GC freed 36(1216B) AllocSpace objects, 0(0B) LOS objects, 35% free, 29MB/45MB, paused 479us total 48.458ms
08-03 21:12:30.483 10394 11806 I art     : Starting a blocking GC Explicit
08-03 21:12:30.529 10394 11806 I art     : Explicit concurrent mark sweep GC freed 19(608B) AllocSpace objects, 0(0B) LOS objects, 35% free, 29MB/45MB, paused 490us total 45.840ms
08-03 21:12:30.550 10394 11806 I art     : Starting a blocking GC Explicit
08-03 21:12:30.604 10394 11806 I art     : Explicit concurrent mark sweep GC freed 19(608B) AllocSpace objects, 0(0B) LOS objects, 35% free, 29MB/45MB, paused 611us total 53.146ms
08-03 21:12:30.626 10394 11806 I art     : Starting a blocking GC Explicit
08-03 21:12:30.657 10394 10394 I chromium: [INFO:CONSOLE(1)] "
08-03 21:12:30.657 10394 10394 I chromium:                   ,d"=,.,qOp,
08-03 21:12:30.657 10394 10394 I chromium:                  ,7'  ''$(  )
08-03 21:12:30.657 10394 10394 I chromium:                 ,7'      '?q$7'
08-03 21:12:30.657 10394 10394 I chromium:              ..,$$,.
08-03 21:12:30.657 10394 10394 I chromium:    ,.  .,,--***""***--,,.  .,
08-03 21:12:30.657 10394 10394 I chromium:     ,p''              ''q,   
08-03 21:12:30.657 10394 10394 I chromium: :  ,7'                      '7,  :
08-03 21:12:30.657 10394 10394 I chromium:  ' $      ,db,      ,db,      $ '
08-03 21:12:30.657 10394 10394 I chromium:   '$      $$      $$      $'    Using Reddit at work? Work for Reddit.
08-03 21:12:30.657 10394 10394 I chromium:   '$                          $'        https://www.reddit.com/jobs
08-03 21:12:30.657 10394 10394 I chromium:    '$.     .,        ,.     .$'
08-03 21:12:30.657 10394 10394 I chromium:     'b,     ''     ,d'
08-03 21:12:30.657 10394 10394 I chromium:      '?bn,,          ,,nd?'
08-03 21:12:30.657 10394 10394 I chromium:        ,7$ '''' $7,
08-03 21:12:30.657 10394 10394 I chromium:      , $              $ ,
08-03 21:12:30.657 10394 10394 I chromium:      $  :$              $:  $
08-03 21:12:30.657 10394 10394 I chromium:      $   $              $   $
08-03 21:12:30.657 10394 10394 I chromium:      'b  q:            :p  d'
08-03 21:12:30.657 10394 10394 I chromium:       '?$.          .$?'
08-03 21:12:30.657 10394 10394 I chromium:          'b            d'
08-03 21:12:30.657 10394 10394 I chromium:        ,'?,.      .,?',
08-03 21:12:30.657 10394 10394 I chromium:       ==--==--==--==
08-03 21:12:30.657 10394 10394 I chromium: ", source: https://www.redditstatic.com/desktop2x/Chat~Governance~Reddit.2ea93b134a9b2e5b1d9a.js (1)
08-03 21:12:30.672 10394 11806 I art     : Explicit concurrent mark sweep GC freed 9(2464B) AllocSpace objects, 0(0B) LOS objects, 35% free, 29MB/45MB, paused 517us total 45.809ms
08-03 21:12:31.045 10394 10423 I art     : Starting a blocking GC Explicit
08-03 21:12:31.091   918  3261 D WifiStateMachine: starting scan for "H369AA63323"WPA_PSK with 2412,5180
08-03 21:12:31.096 10394 10423 I art     : Explicit concurrent mark sweep GC freed 1355(82KB) AllocSpace objects, 1(20KB) LOS objects, 35% free, 29MB/45MB, paused 553us total 50.438ms
08-03 21:12:31.107   518   646 I ThermalEngine: ACTION: GPU - Setting GPU[0] to 390000000
08-03 21:12:31.151 10394 10423 I art     : Starting a blocking GC Explicit
08-03 21:12:31.214 10394 10423 I art     : Explicit concurrent mark sweep GC freed 29(1072B) AllocSpace objects, 0(0B) LOS objects, 35% free, 29MB/45MB, paused 826us total 62.456ms
08-03 21:12:31.238 10394 10423 I art     : Starting a blocking GC Explicit
08-03 21:12:31.294 10394 10423 I art     : Explicit concurrent mark sweep GC freed 5(160B) AllocSpace objects, 0(0B) LOS objects, 35% free, 29MB/45MB, paused 850us total 56.110ms
08-03 21:12:31.319 10394 10423 I art     : Starting a blocking GC Explicit
08-03 21:12:31.376 10394 10423 I art     : Explicit concurrent mark sweep GC freed 3(96B) AllocSpace objects, 0(0B) LOS objects, 35% free, 29MB/45MB, paused 831us total 56.167ms
08-03 21:12:31.398 10394 10423 I art     : Starting a blocking GC Explicit
08-03 21:12:31.449 10394 10423 I art     : Explicit concurrent mark sweep GC freed 3(96B) AllocSpace objects, 0(0B) LOS objects, 35% free, 29MB/45MB, paused 852us total 51.224ms
08-03 21:12:31.840 10394 10406 I art     : Starting a blocking GC Explicit
08-03 21:12:31.901 10394 10406 I art     : Explicit concurrent mark sweep GC freed 1355(82KB) AllocSpace objects, 1(20KB) LOS objects, 35% free, 29MB/45MB, paused 879us total 60.103ms
08-03 21:12:31.924 10394 10406 I art     : Starting a blocking GC Explicit
08-03 21:12:31.984 10394 10406 I art     : Explicit concurrent mark sweep GC freed 77(4KB) AllocSpace objects, 0(0B) LOS objects, 35% free, 29MB/45MB, paused 868us total 59.189ms
08-03 21:12:32.007 10394 10406 I art     : Starting a blocking GC Explicit
08-03 21:12:32.065 10394 10406 I art     : Explicit concurrent mark sweep GC freed 152(8KB) AllocSpace objects, 0(0B) LOS objects, 35% free, 29MB/45MB, paused 842us total 58.441ms
08-03 21:12:32.088 10394 10406 I art     : Starting a blocking GC Explicit
08-03 21:12:32.139 10394 10406 I art     : Explicit concurrent mark sweep GC freed 21(896B) AllocSpace objects, 0(0B) LOS objects, 35% free, 29MB/45MB, paused 927us total 51.289ms
08-03 21:12:32.169 10394 10406 I art     : Starting a blocking GC Explicit
08-03 21:12:32.223 10394 10406 I art     : Explicit concurrent mark sweep GC freed 16(2640B) AllocSpace objects, 0(0B) LOS objects, 35% free, 29MB/45MB, paused 798us total 53.880ms
08-03 21:12:32.599 10394 10423 I art     : Starting a blocking GC Explicit
08-03 21:12:32.657 10394 10423 I art     : Explicit concurrent mark sweep GC freed 1355(82KB) AllocSpace objects, 1(20KB) LOS objects, 35% free, 29MB/45MB, paused 775us total 57.667ms
08-03 21:12:32.688 10394 10423 I art     : Starting a blocking GC Explicit
08-03 21:12:32.742 10394 10423 I art     : Explicit concurrent mark sweep GC freed 20(704B) AllocSpace objects, 0(0B) LOS objects, 35% free, 29MB/45MB, paused 1.023ms total 53.231ms
08-03 21:12:32.768 10394 10423 I art     : Starting a blocking GC Explicit
08-03 21:12:32.822 10394 10423 I art     : Explicit concurrent mark sweep GC freed 48(2608B) AllocSpace objects, 0(0B) LOS objects, 35% free, 29MB/45MB, paused 723us total 53.745ms
08-03 21:12:32.846 10394 10423 I art     : Starting a blocking GC Explicit
08-03 21:12:32.910 10394 10423 I art     : Explicit concurrent mark sweep GC freed 4(144B) AllocSpace objects, 0(0B) LOS objects, 35% free, 29MB/45MB, paused 859us total 63.874ms
08-03 21:12:32.933 10394 10423 I art     : Starting a blocking GC Explicit
08-03 21:12:32.996 10394 10423 I art     : Explicit concurrent mark sweep GC freed 3(96B) AllocSpace objects, 0(0B) LOS objects, 35% free, 29MB/45MB, paused 926us total 62.103ms
08-03 21:12:33.396 10394 10406 I art     : Starting a blocking GC Explicit
08-03 21:12:33.455 10394 10406 I art     : Explicit concurrent mark sweep GC freed 1355(82KB) AllocSpace objects, 1(20KB) LOS objects, 35% free, 29MB/45MB, paused 837us total 57.805ms
08-03 21:12:33.480 10394 10406 I art     : Starting a blocking GC Explicit
08-03 21:12:33.534 10394 10406 I art     : Explicit concurrent mark sweep GC freed 20(704B) AllocSpace objects, 0(0B) LOS objects, 35% free, 29MB/45MB, paused 804us total 52.813ms
08-03 21:12:33.534 10394 10405 I art     : WaitForGcToComplete blocked for 53.116ms for cause HeapTrim
08-03 21:12:33.558 10394 10406 I art     : Starting a blocking GC Explicit
08-03 21:12:33.567 12694 12694 D AndroidRuntime: >>>>>> START com.android.internal.os.RuntimeInit uid 2000 <<<<<<
08-03 21:12:33.577 12694 12694 D AndroidRuntime: CheckJNI is OFF
08-03 21:12:33.621 10394 10406 I art     : Explicit concurrent mark sweep GC freed 3(96B) AllocSpace objects, 0(0B) LOS objects, 35% free, 29MB/45MB, paused 787us total 62.603ms
08-03 21:12:33.630 12694 12694 D ICU     : No timezone override file found: /data/misc/zoneinfo/current/icu/icu_tzdata.dat
08-03 21:12:33.645 10394 10406 I art     : Starting a blocking GC Explicit
08-03 21:12:33.654 10394 12629 I RedditChangeDataIO: Writing tmp data file at '/data/user/0/baseline.org.quantumbadger.redreader/files/rr_change_data_tmp.dat'
08-03 21:12:33.655 10394 12629 I RedditChangeDataManager: Taking snapshot...
08-03 21:12:33.655 10394 12629 I RedditChangeDataManager: Writing to stream...
08-03 21:12:33.655 10394 12629 I RedditChangeDataManager: Wrote 5 entries for user ''
08-03 21:12:33.655 10394 12629 I RedditChangeDataManager: All entries written to stream.
08-03 21:12:33.656 10394 12629 I RedditChangeDataIO: Write successful. Atomically replacing data file...
08-03 21:12:33.656 10394 12629 I RedditChangeDataIO: Write complete.
08-03 21:12:33.656 10394 12629 I RedditChangeDataIO: 134 bytes written in 2 ms
08-03 21:12:33.680 12694 12694 I Radio-JNI: register_android_hardware_Radio DONE
08-03 21:12:33.706 10394 10406 I art     : Explicit concurrent mark sweep GC freed 80(4KB) AllocSpace objects, 1(68KB) LOS objects, 35% free, 29MB/45MB, paused 883us total 60.666ms
08-03 21:12:33.713 12694 12694 D AndroidRuntime: Calling main entry com.android.commands.input.Input
08-03 21:12:33.715 12694 12694 I Input   : injectKeyEvent: KeyEvent { action=ACTION_DOWN, keyCode=KEYCODE_BACK, scanCode=0, metaState=0, flags=0x0, repeatCount=0, eventTime=652370128, downTime=652370128, deviceId=-1, source=0x101 }
08-03 21:12:33.721 12694 12694 I Input   : injectKeyEvent: KeyEvent { action=ACTION_UP, keyCode=KEYCODE_BACK, scanCode=0, metaState=0, flags=0x0, repeatCount=0, eventTime=652370128, downTime=652370128, deviceId=-1, source=0x101 }
08-03 21:12:33.729 10394 10406 I art     : Starting a blocking GC Explicit
08-03 21:12:33.742 12694 12694 D AndroidRuntime: Shutting down VM
08-03 21:12:33.810 13866 13866 I GoogleInputMethodServic: GoogleInputMethodService.onFinishInput():3138 
08-03 21:12:33.810 13866 13866 I GoogleInputMethodServic: GoogleInputMethodService.onStartInput():1808 
08-03 21:12:33.851 10394 10406 I art     : Explicit concurrent mark sweep GC freed 207(7KB) AllocSpace objects, 0(0B) LOS objects, 35% free, 29MB/45MB, paused 850us total 121.503ms
08-03 21:12:34.141   380   380 W SurfaceFlinger: couldn't log to binary event log: overflow.
08-03 21:12:34.205   918  3263 D ConnectivityService: releasing NetworkRequest NetworkRequest [ id=2371, legacyType=-1, [ Capabilities: INTERNET&NOT_RESTRICTED&TRUSTED] ]
08-03 21:12:34.292 10394 10407 I art     : Starting a blocking GC Explicit
08-03 21:12:34.353 10394 10407 I art     : Explicit concurrent mark sweep GC freed 2315(126KB) AllocSpace objects, 1(20KB) LOS objects, 35% free, 29MB/45MB, paused 738us total 58.989ms
08-03 21:12:34.376 10394 10407 I art     : Starting a blocking GC Explicit
08-03 21:12:34.433 10394 10407 I art     : Explicit concurrent mark sweep GC freed 2114(124KB) AllocSpace objects, 1(28KB) LOS objects, 35% free, 29MB/45MB, paused 745us total 56.053ms
08-03 21:12:34.455 10394 10407 I art     : Starting a blocking GC Explicit
08-03 21:12:34.511 10394 10407 I art     : Explicit concurrent mark sweep GC freed 3(96B) AllocSpace objects, 0(0B) LOS objects, 35% free, 29MB/45MB, paused 722us total 55.311ms
08-03 21:12:34.536 10394 10407 I art     : Starting a blocking GC Explicit
08-03 21:12:34.595 10394 10407 I art     : Explicit concurrent mark sweep GC freed 3(96B) AllocSpace objects, 0(0B) LOS objects, 35% free, 29MB/45MB, paused 697us total 58.551ms
08-03 21:12:34.621 10394 10407 I art     : Starting a blocking GC Explicit
08-03 21:12:34.684 10394 10407 I art     : Explicit concurrent mark sweep GC freed 3(96B) AllocSpace objects, 0(0B) LOS objects, 35% free, 29MB/45MB, paused 912us total 62.959ms
08-03 21:12:35.069 10394 10741 I art     : Starting a blocking GC Explicit
08-03 21:12:35.127 10394 10741 I art     : Explicit concurrent mark sweep GC freed 1355(82KB) AllocSpace objects, 1(20KB) LOS objects, 35% free, 29MB/45MB, paused 922us total 57.450ms
08-03 21:12:35.137   918 13198 D NetlinkSocketObserver: NeighborEvent{elapsedMs=1635759011, 192.168.2.254, [7C3953A63323], RTM_NEWNEIGH, NUD_STALE}
08-03 21:12:35.152 10394 10741 I art     : Starting a blocking GC Explicit
08-03 21:12:35.208 10394 10741 I art     : Explicit concurrent mark sweep GC freed 20(704B) AllocSpace objects, 0(0B) LOS objects, 35% free, 29MB/45MB, paused 779us total 56.440ms
08-03 21:12:35.233 10394 10741 I art     : Starting a blocking GC Explicit
08-03 21:12:35.291 10394 10741 I art     : Explicit concurrent mark sweep GC freed 3(96B) AllocSpace objects, 0(0B) LOS objects, 35% free, 29MB/45MB, paused 759us total 57.025ms
08-03 21:12:35.315 10394 10741 I art     : Starting a blocking GC Explicit
08-03 21:12:35.373 10394 10741 I art     : Explicit concurrent mark sweep GC freed 3(96B) AllocSpace objects, 0(0B) LOS objects, 35% free, 29MB/45MB, paused 921us total 57.557ms
08-03 21:12:35.398 10394 10741 I art     : Starting a blocking GC Explicit
08-03 21:12:35.456 10394 10741 I art     : Explicit concurrent mark sweep GC freed 3(96B) AllocSpace objects, 0(0B) LOS objects, 35% free, 29MB/45MB, paused 944us total 57.699ms
08-03 21:12:35.645 12738 12738 D AndroidRuntime: >>>>>> START com.android.internal.os.RuntimeInit uid 2000 <<<<<<
08-03 21:12:35.651 12738 12738 D AndroidRuntime: CheckJNI is OFF
08-03 21:12:35.710 12738 12738 D ICU     : No timezone override file found: /data/misc/zoneinfo/current/icu/icu_tzdata.dat
08-03 21:12:35.754 12738 12738 I Radio-JNI: register_android_hardware_Radio DONE
08-03 21:12:35.787 12738 12738 D AndroidRuntime: Calling main entry com.android.commands.input.Input
08-03 21:12:35.790 12738 12738 I Input   : injectKeyEvent: KeyEvent { action=ACTION_DOWN, keyCode=KEYCODE_BACK, scanCode=0, metaState=0, flags=0x0, repeatCount=0, eventTime=652372203, downTime=652372203, deviceId=-1, source=0x101 }
08-03 21:12:35.796 12738 12738 I Input   : injectKeyEvent: KeyEvent { action=ACTION_UP, keyCode=KEYCODE_BACK, scanCode=0, metaState=0, flags=0x0, repeatCount=0, eventTime=652372203, downTime=652372203, deviceId=-1, source=0x101 }
08-03 21:12:35.803 12738 12738 D AndroidRuntime: Shutting down VM
08-03 21:12:35.828 10394 10741 I art     : Starting a blocking GC Explicit
08-03 21:12:35.848 13866 13866 I GoogleInputMethodServic: GoogleInputMethodService.onFinishInput():3138 
08-03 21:12:35.849 13866 13866 I GoogleInputMethodServic: GoogleInputMethodService.onStartInput():1808 
08-03 21:12:35.889 10394 10741 I art     : Explicit concurrent mark sweep GC freed 1485(87KB) AllocSpace objects, 1(20KB) LOS objects, 35% free, 29MB/45MB, paused 1.099ms total 60.089ms
08-03 21:12:35.916 10394 10741 I art     : Starting a blocking GC Explicit
08-03 21:12:35.964 10394 10741 I art     : Explicit concurrent mark sweep GC freed 73(2464B) AllocSpace objects, 0(0B) LOS objects, 35% free, 29MB/45MB, paused 704us total 47.375ms
08-03 21:12:35.988 10394 10741 I art     : Starting a blocking GC Explicit
08-03 21:12:36.045 10394 10741 I art     : Explicit concurrent mark sweep GC freed 3(96B) AllocSpace objects, 0(0B) LOS objects, 35% free, 29MB/45MB, paused 789us total 57.081ms
08-03 21:12:36.069 10394 10741 I art     : Starting a blocking GC Explicit
08-03 21:12:36.133 10394 10741 I art     : Explicit concurrent mark sweep GC freed 3(96B) AllocSpace objects, 0(0B) LOS objects, 35% free, 29MB/45MB, paused 1.565ms total 63.232ms
08-03 21:12:36.163 10394 10741 I art     : Starting a blocking GC Explicit
08-03 21:12:36.240 10394 10741 I art     : Explicit concurrent mark sweep GC freed 57(2112B) AllocSpace objects, 0(0B) LOS objects, 35% free, 29MB/45MB, paused 1.101ms total 76.635ms
08-03 21:12:36.685 10394 10423 I art     : Starting a blocking GC Explicit
08-03 21:12:36.745 10394 10423 I art     : Explicit concurrent mark sweep GC freed 1362(83KB) AllocSpace objects, 1(20KB) LOS objects, 35% free, 29MB/45MB, paused 797us total 60.219ms
08-03 21:12:36.776 10394 10423 I art     : Starting a blocking GC Explicit
08-03 21:12:36.846 10394 10423 I art     : Explicit concurrent mark sweep GC freed 146(7KB) AllocSpace objects, 0(0B) LOS objects, 35% free, 29MB/45MB, paused 911us total 69.975ms
08-03 21:12:36.876 10394 10423 I art     : Starting a blocking GC Explicit
08-03 21:12:36.943 10394 10423 I art     : Explicit concurrent mark sweep GC freed 3(96B) AllocSpace objects, 0(0B) LOS objects, 35% free, 29MB/45MB, paused 934us total 66.113ms
08-03 21:12:36.973 10394 10423 I art     : Starting a blocking GC Explicit
08-03 21:12:37.037 10394 10423 I art     : Explicit concurrent mark sweep GC freed 3(96B) AllocSpace objects, 0(0B) LOS objects, 35% free, 29MB/45MB, paused 925us total 63.281ms
08-03 21:12:37.063 10394 10423 I art     : Starting a blocking GC Explicit
08-03 21:12:37.119 10394 10423 I art     : Explicit concurrent mark sweep GC freed 3(96B) AllocSpace objects, 0(0B) LOS objects, 35% free, 29MB/45MB, paused 794us total 55.371ms
08-03 21:12:37.469 10394 10406 I art     : Starting a blocking GC Explicit
08-03 21:12:37.542 10394 10406 I art     : Explicit concurrent mark sweep GC freed 1354(82KB) AllocSpace objects, 1(20KB) LOS objects, 35% free, 29MB/45MB, paused 1.149ms total 72.118ms
08-03 21:12:37.571 10394 10406 I art     : Starting a blocking GC Explicit
08-03 21:12:37.629 10394 10406 I art     : Explicit concurrent mark sweep GC freed 20(704B) AllocSpace objects, 0(0B) LOS objects, 35% free, 29MB/45MB, paused 886us total 57.364ms
08-03 21:12:37.654 10394 10406 I art     : Starting a blocking GC Explicit
08-03 21:12:37.703 12772 12772 D AndroidRuntime: >>>>>> START com.android.internal.os.RuntimeInit uid 2000 <<<<<<
08-03 21:12:37.709 12772 12772 D AndroidRuntime: CheckJNI is OFF
08-03 21:12:37.712 10394 10406 I art     : Explicit concurrent mark sweep GC freed 3(96B) AllocSpace objects, 0(0B) LOS objects, 35% free, 29MB/45MB, paused 857us total 57.634ms
08-03 21:12:37.736 10394 10406 I art     : Starting a blocking GC Explicit
08-03 21:12:37.762 12772 12772 D ICU     : No timezone override file found: /data/misc/zoneinfo/current/icu/icu_tzdata.dat
08-03 21:12:37.793 10394 10406 I art     : Explicit concurrent mark sweep GC freed 3(96B) AllocSpace objects, 0(0B) LOS objects, 35% free, 29MB/45MB, paused 833us total 56.374ms
08-03 21:12:37.808 12772 12772 I Radio-JNI: register_android_hardware_Radio DONE
08-03 21:12:37.817 10394 10406 I art     : Starting a blocking GC Explicit
08-03 21:12:37.840 12772 12772 D AndroidRuntime: Calling main entry com.android.commands.input.Input
08-03 21:12:37.842 12772 12772 I Input   : injectMotionEvent: MotionEvent { action=ACTION_DOWN, actionButton=0, id[0]=0, x[0]=600.0, y[0]=1000.0, toolType[0]=TOOL_TYPE_UNKNOWN, buttonState=0, metaState=0, flags=0x0, edgeFlags=0x0, pointerCount=1, historySize=0, eventTime=652374255, downTime=652374255, deviceId=0, source=0x1002 }
08-03 21:12:37.848 12772 12772 I Input   : injectMotionEvent: MotionEvent { action=ACTION_UP, actionButton=0, id[0]=0, x[0]=600.0, y[0]=1000.0, toolType[0]=TOOL_TYPE_UNKNOWN, buttonState=0, metaState=0, flags=0x0, edgeFlags=0x0, pointerCount=1, historySize=0, eventTime=652374255, downTime=652374255, deviceId=0, source=0x1002 }
08-03 21:12:37.850 12772 12772 D AndroidRuntime: Shutting down VM
08-03 21:12:37.864   918  5952 I ActivityManager: START u0 {dat=https://oauth.reddit.com/... cmp=baseline.org.quantumbadger.redreader/.activities.PostListingActivity} from uid 10634 on display 0
08-03 21:12:37.865   512  2967 D audio_hw_primary: out_set_parameters: enter: usecase(1: low-latency-playback) kvpairs: routing=2
08-03 21:12:37.879   512  2967 D audio_hw_primary: select_devices: out_snd_device(2: speaker) in_snd_device(0: none)
08-03 21:12:37.879   512  2967 D msm8974_platform: platform_send_audio_calibration: sending audio calibration for snd_device(2) acdb_id(15)
08-03 21:12:37.879   512  2967 I soundtrigger: audio_extn_sound_trigger_update_device_status: device 0x2 of type 0 for Event 1
08-03 21:12:37.879 10394 10406 I art     : Explicit concurrent mark sweep GC freed 67(2368B) AllocSpace objects, 0(0B) LOS objects, 35% free, 29MB/45MB, paused 1.659ms total 62.151ms
08-03 21:12:37.895   512  2967 D audio_hw_primary: enable_snd_device: snd_device(2: speaker)
08-03 21:12:37.898   512  2967 D audio_hw_primary: enable_audio_route: apply and update mixer path: low-latency-playback speaker
08-03 21:12:37.901 10394 10394 I AppCompatViewInflater: app:theme is now deprecated. Please move to using android:theme instead.
08-03 21:12:37.934 10394 12796 D OK      : calling: https://oauth.reddit.com/r/announcements/about.json
08-03 21:12:38.021   918   936 I ActivityManager: Displayed baseline.org.quantumbadger.redreader/.activities.PostListingActivity: +140ms
08-03 21:12:38.022 13866 13866 I GoogleInputMethodServic: GoogleInputMethodService.onFinishInput():3138 
08-03 21:12:38.028 13866 13866 I GoogleInputMethodServic: GoogleInputMethodService.onStartInput():1808 
08-03 21:12:38.114   518   646 I ThermalEngine: ACTION: GPU - Setting GPU[0] to 450000000
08-03 21:12:38.234 10394 10423 I art     : Starting a blocking GC Explicit
08-03 21:12:38.273 10394 12796 I NAPPA_EXPERIMENTATION: MetricNetworkRequestExecutionTime: REQUEST_DURATION_SYSTEM='338',REQUEST_DURATION_OKHTTP='149',REQUEST_SYNCHRONOUS='TRUE',RESPONSE_CODE='200',RESPONSE_METHOD='GET',RESPONSE_LENGTH_OKHTTP='-1',RESPONSE_LENGTH_HEADER='1564',REQUEST_PROTOCOL='h2',REQUEST_URL='https://oauth.reddit.com/r/announcements/about.json',
08-03 21:12:38.273 10394 12796 D OK      : request got status: 200
08-03 21:12:38.279   380   380 W SurfaceFlinger: couldn't log to binary event log: overflow.
08-03 21:12:38.301 10394 10423 I art     : Explicit concurrent mark sweep GC freed 5560(387KB) AllocSpace objects, 1(20KB) LOS objects, 35% free, 29MB/45MB, paused 1.904ms total 66.686ms
08-03 21:12:38.319 10394 10423 I art     : Starting a blocking GC Explicit
08-03 21:12:38.360 10394 10423 I art     : Explicit concurrent mark sweep GC freed 949(49KB) AllocSpace objects, 1(68KB) LOS objects, 35% free, 29MB/45MB, paused 546us total 40.490ms
08-03 21:12:38.377 10394 10423 I art     : Starting a blocking GC Explicit
08-03 21:12:38.422 10394 10423 I art     : Explicit concurrent mark sweep GC freed 549(36KB) AllocSpace objects, 1(68KB) LOS objects, 35% free, 29MB/45MB, paused 527us total 45.064ms
08-03 21:12:38.438   512  2967 D audio_hw_primary: disable_audio_route: reset and update mixer path: low-latency-playback speaker
08-03 21:12:38.439   512  2967 D audio_hw_primary: disable_snd_device: snd_device(2: speaker)
08-03 21:12:38.440 10394 10423 I art     : Starting a blocking GC Explicit
08-03 21:12:38.447   512  2967 I soundtrigger: audio_extn_sound_trigger_update_device_status: device 0x2 of type 0 for Event 0
08-03 21:12:38.483 10394 10423 I art     : Explicit concurrent mark sweep GC freed 14(512B) AllocSpace objects, 0(0B) LOS objects, 35% free, 29MB/45MB, paused 514us total 42.794ms
08-03 21:12:38.500 10394 10423 I art     : Starting a blocking GC Explicit
08-03 21:12:38.546 10394 10423 I art     : Explicit concurrent mark sweep GC freed 3(96B) AllocSpace objects, 0(0B) LOS objects, 35% free, 29MB/45MB, paused 558us total 44.902ms
08-03 21:12:38.884 10394 11806 I art     : Starting a blocking GC Explicit
08-03 21:12:38.932 10394 11806 I art     : Explicit concurrent mark sweep GC freed 1413(85KB) AllocSpace objects, 1(20KB) LOS objects, 35% free, 29MB/45MB, paused 651us total 47.492ms
08-03 21:12:38.950 10394 11806 I art     : Starting a blocking GC Explicit
08-03 21:12:38.997 10394 11806 I art     : Explicit concurrent mark sweep GC freed 20(704B) AllocSpace objects, 0(0B) LOS objects, 35% free, 29MB/45MB, paused 952us total 46.508ms
08-03 21:12:39.015 10394 11806 I art     : Starting a blocking GC Explicit
08-03 21:12:39.061 10394 11806 I art     : Explicit concurrent mark sweep GC freed 3(96B) AllocSpace objects, 0(0B) LOS objects, 35% free, 29MB/45MB, paused 589us total 45.832ms
08-03 21:12:39.079 10394 11806 I art     : Starting a blocking GC Explicit
08-03 21:12:39.119   518   646 I ThermalEngine: ACTION: GPU - Setting GPU[0] to 390000000
08-03 21:12:39.135 10394 12820 D OK      : calling: https://oauth.reddit.com/r/announcements/hot/.json
08-03 21:12:39.140 10394 11806 I art     : Explicit concurrent mark sweep GC freed 94(3KB) AllocSpace objects, 0(0B) LOS objects, 35% free, 29MB/45MB, paused 1.295ms total 60.151ms
08-03 21:12:39.167 10394 11806 I art     : Starting a blocking GC Explicit
08-03 21:12:39.234 10394 11806 I art     : Explicit concurrent mark sweep GC freed 15(512B) AllocSpace objects, 0(0B) LOS objects, 35% free, 29MB/45MB, paused 1.139ms total 66.672ms
08-03 21:12:39.270 24577 24577 E ActivityThread: Service com.google.android.gms.chimera.GmsBoundBrokerService has leaked IntentReceiver com.google.android.gms.security.odad.WifiStateChangedReceiver@7033bf1 that was originally registered here. Are you missing a call to unregisterReceiver()?
08-03 21:12:39.270 24577 24577 E ActivityThread: android.app.IntentReceiverLeaked: Service com.google.android.gms.chimera.GmsBoundBrokerService has leaked IntentReceiver com.google.android.gms.security.odad.WifiStateChangedReceiver@7033bf1 that was originally registered here. Are you missing a call to unregisterReceiver()?
08-03 21:12:39.270 24577 24577 E ActivityThread: 	at android.app.LoadedApk$ReceiverDispatcher.<init>(LoadedApk.java:918)
08-03 21:12:39.270 24577 24577 E ActivityThread: 	at android.app.LoadedApk.getReceiverDispatcher(LoadedApk.java:719)
08-03 21:12:39.270 24577 24577 E ActivityThread: 	at android.app.ContextImpl.registerReceiverInternal(ContextImpl.java:1172)
08-03 21:12:39.270 24577 24577 E ActivityThread: 	at android.app.ContextImpl.registerReceiver(ContextImpl.java:1152)
08-03 21:12:39.270 24577 24577 E ActivityThread: 	at android.content.ContextWrapper.registerReceiver(ContextWrapper.java:561)
08-03 21:12:39.270 24577 24577 E ActivityThread: 	at android.content.ContextWrapper.registerReceiver(ContextWrapper.java:561)
08-03 21:12:39.270 24577 24577 E ActivityThread: 	at android.content.ContextWrapper.registerReceiver(ContextWrapper.java:561)
08-03 21:12:39.270 24577 24577 E ActivityThread: 	at android.content.ContextWrapper.registerReceiver(ContextWrapper.java:561)
08-03 21:12:39.270 24577 24577 E ActivityThread: 	at android.content.ContextWrapper.registerReceiver(ContextWrapper.java:561)
08-03 21:12:39.270 24577 24577 E ActivityThread: 	at android.content.ContextWrapper.registerReceiver(ContextWrapper.java:561)
08-03 21:12:39.270 24577 24577 E ActivityThread: 	at android.content.ContextWrapper.registerReceiver(ContextWrapper.java:561)
08-03 21:12:39.270 24577 24577 E ActivityThread: 	at android.content.ContextWrapper.registerReceiver(ContextWrapper.java:561)
08-03 21:12:39.270 24577 24577 E ActivityThread: 	at aqwy.a(:com.google.android.gms@202614019@20.26.14 (040400-320008519):3)
08-03 21:12:39.270 24577 24577 E ActivityThread: 	at aqxq.a(:com.google.android.gms@202614019@20.26.14 (040400-320008519):42)
08-03 21:12:39.270 24577 24577 E ActivityThread: 	at zwo.run(:com.google.android.gms@202614019@20.26.14 (040400-320008519):9)
08-03 21:12:39.270 24577 24577 E ActivityThread: 	at bmvl.run(:com.google.android.gms@202614019@20.26.14 (040400-320008519):2)
08-03 21:12:39.270 24577 24577 E ActivityThread: 	at skp.b(:com.google.android.gms@202614019@20.26.14 (040400-320008519):12)
08-03 21:12:39.270 24577 24577 E ActivityThread: 	at skp.run(:com.google.android.gms@202614019@20.26.14 (040400-320008519):7)
08-03 21:12:39.270 24577 24577 E ActivityThread: 	at java.util.concurrent.ThreadPoolExecutor.runWorker(ThreadPoolExecutor.java:1113)
08-03 21:12:39.270 24577 24577 E ActivityThread: 	at java.util.concurrent.ThreadPoolExecutor$Worker.run(ThreadPoolExecutor.java:588)
08-03 21:12:39.270 24577 24577 E ActivityThread: 	at sql.run(:com.google.android.gms@202614019@20.26.14 (040400-320008519):0)
08-03 21:12:39.270 24577 24577 E ActivityThread: 	at java.lang.Thread.run(Thread.java:818)
08-03 21:12:39.403 10394 12820 I NAPPA_EXPERIMENTATION: MetricNetworkRequestExecutionTime: REQUEST_DURATION_SYSTEM='268',REQUEST_DURATION_OKHTTP='265',REQUEST_SYNCHRONOUS='TRUE',RESPONSE_CODE='200',RESPONSE_METHOD='GET',RESPONSE_LENGTH_OKHTTP='-1',RESPONSE_LENGTH_HEADER='142016',REQUEST_PROTOCOL='h2',REQUEST_URL='https://oauth.reddit.com/r/announcements/hot/.json',
08-03 21:12:39.404 10394 12820 D OK      : request got status: 200
08-03 21:12:39.420 10394 11001 I PostListingFragment: Precaching images: OFF
08-03 21:12:39.420 10394 11001 I PostListingFragment: Precaching comments: OFF
08-03 21:12:39.605 10394 10406 I art     : Starting a blocking GC Explicit
08-03 21:12:39.682 10394 10406 I art     : Explicit concurrent mark sweep GC freed 6977(467KB) AllocSpace objects, 8(152KB) LOS objects, 33% free, 31MB/47MB, paused 1.617ms total 76.477ms
08-03 21:12:39.708 10394 10406 I art     : Starting a blocking GC Explicit
08-03 21:12:39.779 10394 10406 I art     : Explicit concurrent mark sweep GC freed 4086(248KB) AllocSpace objects, 9(540KB) LOS objects, 32% free, 32MB/48MB, paused 1.316ms total 70.410ms
08-03 21:12:39.806 10394 10406 I art     : Starting a blocking GC Explicit
08-03 21:12:39.885 10394 10406 I art     : Explicit concurrent mark sweep GC freed 4174(284KB) AllocSpace objects, 4(324KB) LOS objects, 32% free, 33MB/49MB, paused 1.498ms total 78.669ms
08-03 21:12:39.912 10394 10406 I art     : Starting a blocking GC Explicit
08-03 21:12:39.968 10394 12833 D OK      : calling: https://b.thumbs.redditmedia.com/4EGkxZNzrzt-RCtd035cWyO0BipdbDVuPwi4W2v4TyM.jpg
08-03 21:12:39.989 10394 10406 I art     : Explicit concurrent mark sweep GC freed 4856(282KB) AllocSpace objects, 9(660KB) LOS objects, 32% free, 33MB/49MB, paused 1.274ms total 76.126ms
08-03 21:12:40.017 10394 10406 I art     : Starting a blocking GC Explicit
08-03 21:12:40.096 10394 10406 I art     : Explicit concurrent mark sweep GC freed 4085(194KB) AllocSpace objects, 4(188KB) LOS objects, 32% free, 33MB/49MB, paused 1.048ms total 78.421ms
08-03 21:12:40.228 10394 10394 W RecyclerView: Cannot call this method in a scroll callback. Scroll callbacks mightbe run during a measure & layout pass where you cannot change theRecyclerView data. Any method call that might change the structureof the RecyclerView or the adapter contents should be postponed tothe next frame.
08-03 21:12:40.228 10394 10394 W RecyclerView: java.lang.IllegalStateException:  androidx.recyclerview.widget.RecyclerView{d9962d5 VFED..... .F....ID 0,0-1440,2140 #7f0900ef app:id/scrollbar_recyclerview_recyclerview}, adapter:baseline.org.quantumbadger.redreader.adapters.GroupedRecyclerViewAdapter@c2a2aea, layout:androidx.recyclerview.widget.LinearLayoutManager@203c1db, context:baseline.org.quantumbadger.redreader.activities.PostListingActivity@63d8b75
08-03 21:12:40.228 10394 10394 W RecyclerView: 	at androidx.recyclerview.widget.RecyclerView.assertNotInLayoutOrScroll(RecyclerView.java:3061)
08-03 21:12:40.228 10394 10394 W RecyclerView: 	at androidx.recyclerview.widget.RecyclerView$RecyclerViewDataObserver.onItemRangeInserted(RecyclerView.java:5555)
08-03 21:12:40.228 10394 10394 W RecyclerView: 	at androidx.recyclerview.widget.RecyclerView$AdapterDataObservable.notifyItemRangeInserted(RecyclerView.java:12278)
08-03 21:12:40.228 10394 10394 W RecyclerView: 	at androidx.recyclerview.widget.RecyclerView$Adapter.notifyItemInserted(RecyclerView.java:7464)
08-03 21:12:40.228 10394 10394 W RecyclerView: 	at baseline.org.quantumbadger.redreader.adapters.GroupedRecyclerViewAdapter.updateHiddenStatus(GroupedRecyclerViewAdapter.java:279)
08-03 21:12:40.228 10394 10394 W RecyclerView: 	at baseline.org.quantumbadger.redreader.adapters.RedditListingManager.setLoadingVisible(RedditListingManager.java:125)
08-03 21:12:40.228 10394 10394 W RecyclerView: 	at baseline.org.quantumbadger.redreader.fragments.PostListingFragment.onLoadMoreItemsCheck(PostListingFragment.java:465)
08-03 21:12:40.228 10394 10394 W RecyclerView: 	at baseline.org.quantumbadger.redreader.fragments.PostListingFragment.access$000(PostListingFragment.java:98)
08-03 21:12:40.228 10394 10394 W RecyclerView: 	at baseline.org.quantumbadger.redreader.fragments.PostListingFragment$2.onScrolled(PostListingFragment.java:215)
08-03 21:12:40.228 10394 10394 W RecyclerView: 	at androidx.recyclerview.widget.RecyclerView.dispatchOnScrolled(RecyclerView.java:5173)
08-03 21:12:40.228 10394 10394 W RecyclerView: 	at androidx.recyclerview.widget.RecyclerView.dispatchLayoutStep3(RecyclerView.java:4231)
08-03 21:12:40.228 10394 10394 W RecyclerView: 	at androidx.recyclerview.widget.RecyclerView.dispatchLayout(RecyclerView.java:3862)
08-03 21:12:40.228 10394 10394 W RecyclerView: 	at androidx.recyclerview.widget.RecyclerView.consumePendingUpdateOperations(RecyclerView.java:1897)
08-03 21:12:40.228 10394 10394 W RecyclerView: 	at androidx.recyclerview.widget.RecyclerView$1.run(RecyclerView.java:414)
08-03 21:12:40.228 10394 10394 W RecyclerView: 	at android.view.Choreographer$CallbackRecord.run(Choreographer.java:858)
08-03 21:12:40.228 10394 10394 W RecyclerView: 	at android.view.Choreographer.doCallbacks(Choreographer.java:670)
08-03 21:12:40.228 10394 10394 W RecyclerView: 	at android.view.Choreographer.doFrame(Choreographer.java:603)
08-03 21:12:40.228 10394 10394 W RecyclerView: 	at android.view.Choreographer$FrameDisplayEventReceiver.run(Choreographer.java:844)
08-03 21:12:40.228 10394 10394 W RecyclerView: 	at android.os.Handler.handleCallback(Handler.java:739)
08-03 21:12:40.228 10394 10394 W RecyclerView: 	at android.os.Handler.dispatchMessage(Handler.java:95)
08-03 21:12:40.228 10394 10394 W RecyclerView: 	at android.os.Looper.loop(Looper.java:148)
08-03 21:12:40.228 10394 10394 W RecyclerView: 	at android.app.ActivityThread.main(ActivityThread.java:5417)
08-03 21:12:40.228 10394 10394 W RecyclerView: 	at java.lang.reflect.Method.invoke(Native Method)
08-03 21:12:40.228 10394 10394 W RecyclerView: 	at com.android.internal.os.ZygoteInit$MethodAndArgsCaller.run(ZygoteInit.java:726)
08-03 21:12:40.228 10394 10394 W RecyclerView: 	at com.android.internal.os.ZygoteInit.main(ZygoteInit.java:616)
08-03 21:12:40.308 10394 12833 I NAPPA_EXPERIMENTATION: MetricNetworkRequestExecutionTime: REQUEST_DURATION_SYSTEM='338',REQUEST_DURATION_OKHTTP='146',REQUEST_SYNCHRONOUS='TRUE',RESPONSE_CODE='200',RESPONSE_METHOD='GET',RESPONSE_LENGTH_OKHTTP='4987',RESPONSE_LENGTH_HEADER='4987',REQUEST_PROTOCOL='h2',REQUEST_URL='https://b.thumbs.redditmedia.com/4EGkxZNzrzt-RCtd035cWyO0BipdbDVuPwi4W2v4TyM.jpg',
08-03 21:12:40.308 10394 12833 D OK      : request got status: 200
08-03 21:12:40.335 10394 12846 D OK      : calling: https://oauth.reddit.com/r/announcements/hot/.json?after=t3_9jf8nh
08-03 21:12:40.491 10394 10406 I art     : Starting a blocking GC Explicit
08-03 21:12:40.567 10394 10406 I art     : Explicit concurrent mark sweep GC freed 66649(3MB) AllocSpace objects, 14(428KB) LOS objects, 33% free, 31MB/47MB, paused 1.230ms total 75.250ms
08-03 21:12:40.591 10394 10406 I art     : Starting a blocking GC Explicit
08-03 21:12:40.611 10394 12846 I NAPPA_EXPERIMENTATION: MetricNetworkRequestExecutionTime: REQUEST_DURATION_SYSTEM='276',REQUEST_DURATION_OKHTTP='146',REQUEST_SYNCHRONOUS='TRUE',RESPONSE_CODE='200',RESPONSE_METHOD='GET',RESPONSE_LENGTH_OKHTTP='-1',RESPONSE_LENGTH_HEADER='65685',REQUEST_PROTOCOL='h2',REQUEST_URL='https://oauth.reddit.com/r/announcements/hot/.json?after=t3_9jf8nh',
08-03 21:12:40.612 10394 12846 D OK      : request got status: 200
08-03 21:12:40.621 10394 11001 I PostListingFragment: Precaching images: OFF
08-03 21:12:40.621 10394 11001 I PostListingFragment: Precaching comments: OFF
08-03 21:12:40.672 10394 10406 I art     : Explicit concurrent mark sweep GC freed 2616(256KB) AllocSpace objects, 0(0B) LOS objects, 33% free, 31MB/47MB, paused 1.788ms total 80.223ms
08-03 21:12:40.699 10394 10406 I art     : Starting a blocking GC Explicit
08-03 21:12:40.769 10394 10406 I art     : Explicit concurrent mark sweep GC freed 3870(224KB) AllocSpace objects, 9(612KB) LOS objects, 32% free, 33MB/49MB, paused 1.452ms total 69.617ms
08-03 21:12:40.795 10394 10406 I art     : Starting a blocking GC Explicit
08-03 21:12:40.864 10394 10406 I art     : Explicit concurrent mark sweep GC freed 4002(219KB) AllocSpace objects, 2(92KB) LOS objects, 32% free, 32MB/48MB, paused 968us total 68.489ms
08-03 21:12:40.892 10394 10406 I art     : Starting a blocking GC Explicit
08-03 21:12:40.963 10394 10406 I art     : Explicit concurrent mark sweep GC freed 3757(149KB) AllocSpace objects, 1(68KB) LOS objects, 32% free, 32MB/48MB, paused 1.076ms total 71.169ms
08-03 21:12:41.345 10394 10423 I art     : Starting a blocking GC Explicit
08-03 21:12:41.432 10394 10423 I art     : Explicit concurrent mark sweep GC freed 24112(1150KB) AllocSpace objects, 7(128KB) LOS objects, 33% free, 31MB/47MB, paused 971us total 85.709ms
08-03 21:12:41.463 10394 10423 I art     : Starting a blocking GC Explicit
08-03 21:12:41.527 10394 10423 I art     : Explicit concurrent mark sweep GC freed 725(30KB) AllocSpace objects, 0(0B) LOS objects, 33% free, 31MB/47MB, paused 804us total 63.822ms
08-03 21:12:41.553 10394 10423 I art     : Starting a blocking GC Explicit
08-03 21:12:41.625 10394 10423 I art     : Explicit concurrent mark sweep GC freed 3(96B) AllocSpace objects, 0(0B) LOS objects, 33% free, 31MB/47MB, paused 987us total 71.119ms
08-03 21:12:41.653 10394 10423 I art     : Starting a blocking GC Explicit
08-03 21:12:41.726 10394 10423 I art     : Explicit concurrent mark sweep GC freed 3(96B) AllocSpace objects, 0(0B) LOS objects, 33% free, 31MB/47MB, paused 960us total 72.888ms
08-03 21:12:41.753 10394 10423 I art     : Starting a blocking GC Explicit
08-03 21:12:41.817 10394 10423 I art     : Explicit concurrent mark sweep GC freed 3(96B) AllocSpace objects, 0(0B) LOS objects, 33% free, 31MB/47MB, paused 997us total 63.752ms
08-03 21:12:42.124   518   646 I ThermalEngine: ACTION: GPU - Setting GPU[0] to 450000000
08-03 21:12:42.193 10394 11806 I art     : Starting a blocking GC Explicit
08-03 21:12:42.261 10394 11806 I art     : Explicit concurrent mark sweep GC freed 1354(82KB) AllocSpace objects, 1(20KB) LOS objects, 33% free, 31MB/47MB, paused 636us total 66.841ms
08-03 21:12:42.283 10394 11806 I art     : Starting a blocking GC Explicit
08-03 21:12:42.336 10394 11806 I art     : Explicit concurrent mark sweep GC freed 20(704B) AllocSpace objects, 0(0B) LOS objects, 33% free, 31MB/47MB, paused 588us total 52.225ms
08-03 21:12:42.355 10394 11806 I art     : Starting a blocking GC Explicit
08-03 21:12:42.412 10394 11806 I art     : Explicit concurrent mark sweep GC freed 3(96B) AllocSpace objects, 0(0B) LOS objects, 33% free, 31MB/47MB, paused 580us total 56.807ms
08-03 21:12:42.438 10394 11806 I art     : Starting a blocking GC Explicit
08-03 21:12:42.489 10394 11806 I art     : Explicit concurrent mark sweep GC freed 3(96B) AllocSpace objects, 0(0B) LOS objects, 33% free, 31MB/47MB, paused 566us total 51.566ms
08-03 21:12:42.508 10394 11806 I art     : Starting a blocking GC Explicit
08-03 21:12:42.564 10394 11806 I art     : Explicit concurrent mark sweep GC freed 3(96B) AllocSpace objects, 0(0B) LOS objects, 33% free, 31MB/47MB, paused 541us total 55.194ms
08-03 21:12:42.949 10394 10741 I art     : Starting a blocking GC Explicit
08-03 21:12:43.009 10394 10741 I art     : Explicit concurrent mark sweep GC freed 1356(83KB) AllocSpace objects, 1(20KB) LOS objects, 33% free, 31MB/47MB, paused 723us total 59.467ms
08-03 21:12:43.029 10394 10741 I art     : Starting a blocking GC Explicit
08-03 21:12:43.080 10394 10741 I art     : Explicit concurrent mark sweep GC freed 20(704B) AllocSpace objects, 0(0B) LOS objects, 33% free, 31MB/47MB, paused 512us total 50.045ms
08-03 21:12:43.099 10394 10741 I art     : Starting a blocking GC Explicit
08-03 21:12:43.147 10394 10741 I art     : Explicit concurrent mark sweep GC freed 3(96B) AllocSpace objects, 0(0B) LOS objects, 33% free, 31MB/47MB, paused 554us total 47.229ms
08-03 21:12:43.165 10394 10741 I art     : Starting a blocking GC Explicit
08-03 21:12:43.214 10394 10741 I art     : Explicit concurrent mark sweep GC freed 3(96B) AllocSpace objects, 0(0B) LOS objects, 33% free, 31MB/47MB, paused 540us total 48.699ms
08-03 21:12:43.233 10394 10741 I art     : Starting a blocking GC Explicit
08-03 21:12:43.286 10394 10741 I art     : Explicit concurrent mark sweep GC freed 3(96B) AllocSpace objects, 0(0B) LOS objects, 33% free, 31MB/47MB, paused 569us total 52.184ms
08-03 21:12:43.624 12882 12882 D AndroidRuntime: >>>>>> START com.android.internal.os.RuntimeInit uid 2000 <<<<<<
08-03 21:12:43.630 12882 12882 D AndroidRuntime: CheckJNI is OFF
08-03 21:12:43.653 10394 10407 I art     : Starting a blocking GC Explicit
08-03 21:12:43.681 12882 12882 D ICU     : No timezone override file found: /data/misc/zoneinfo/current/icu/icu_tzdata.dat
08-03 21:12:43.708 10394 10407 I art     : Explicit concurrent mark sweep GC freed 1360(83KB) AllocSpace objects, 1(20KB) LOS objects, 33% free, 31MB/47MB, paused 651us total 54.684ms
08-03 21:12:43.727 10394 10407 I art     : Starting a blocking GC Explicit
08-03 21:12:43.727 12882 12882 I Radio-JNI: register_android_hardware_Radio DONE
08-03 21:12:43.756 12882 12882 D AndroidRuntime: Calling main entry com.android.commands.input.Input
08-03 21:12:43.758 12882 12882 I Input   : injectMotionEvent: MotionEvent { action=ACTION_DOWN, actionButton=0, id[0]=0, x[0]=600.0, y[0]=580.0, toolType[0]=TOOL_TYPE_UNKNOWN, buttonState=0, metaState=0, flags=0x0, edgeFlags=0x0, pointerCount=1, historySize=0, eventTime=652380170, downTime=652380170, deviceId=0, source=0x1002 }
08-03 21:12:43.764 12882 12882 I Input   : injectMotionEvent: MotionEvent { action=ACTION_UP, actionButton=0, id[0]=0, x[0]=600.0, y[0]=580.0, toolType[0]=TOOL_TYPE_UNKNOWN, buttonState=0, metaState=0, flags=0x0, edgeFlags=0x0, pointerCount=1, historySize=0, eventTime=652380170, downTime=652380170, deviceId=0, source=0x1002 }
08-03 21:12:43.769 12882 12882 D AndroidRuntime: Shutting down VM
08-03 21:12:43.776   512  2967 D audio_hw_primary: out_set_parameters: enter: usecase(1: low-latency-playback) kvpairs: routing=2
08-03 21:12:43.778 10394 10407 I art     : Explicit concurrent mark sweep GC freed 36(1632B) AllocSpace objects, 0(0B) LOS objects, 33% free, 31MB/47MB, paused 608us total 50.953ms
08-03 21:12:43.778   918  3670 I ActivityManager: START u0 {cmp=baseline.org.quantumbadger.redreader/.activities.WebViewActivity (has extras)} from uid 10634 on display 0
08-03 21:12:43.789   512  2967 D audio_hw_primary: select_devices: out_snd_device(2: speaker) in_snd_device(0: none)
08-03 21:12:43.789   512  2967 D msm8974_platform: platform_send_audio_calibration: sending audio calibration for snd_device(2) acdb_id(15)
08-03 21:12:43.789   512  2967 I soundtrigger: audio_extn_sound_trigger_update_device_status: device 0x2 of type 0 for Event 1
08-03 21:12:43.797 10394 10407 I art     : Starting a blocking GC Explicit
08-03 21:12:43.800   512  2967 D audio_hw_primary: enable_snd_device: snd_device(2: speaker)
08-03 21:12:43.803   512  2967 D audio_hw_primary: enable_audio_route: apply and update mixer path: low-latency-playback speaker
08-03 21:12:43.804 10394 10394 I AppCompatViewInflater: app:theme is now deprecated. Please move to using android:theme instead.
08-03 21:12:43.825   918  5481 D ConnectivityService: listenForNetwork for Listen from uid/pid:10634/10394 for NetworkRequest [ id=2372, legacyType=-1, [ Capabilities: INTERNET&NOT_RESTRICTED&TRUSTED] ]
08-03 21:12:43.846 10394 10407 I art     : Explicit concurrent mark sweep GC freed 1635(82KB) AllocSpace objects, 0(0B) LOS objects, 33% free, 32MB/48MB, paused 870us total 49.259ms
08-03 21:12:43.864 10394 10407 I art     : Starting a blocking GC Explicit
08-03 21:12:43.912 10394 10407 I art     : Explicit concurrent mark sweep GC freed 9337(937KB) AllocSpace objects, 16(1940KB) LOS objects, 35% free, 29MB/45MB, paused 566us total 47.877ms
08-03 21:12:43.929 10394 10407 I art     : Starting a blocking GC Explicit
08-03 21:12:43.966 13866 13866 I GoogleInputMethodServic: GoogleInputMethodService.onFinishInput():3138 
08-03 21:12:43.966   918   936 I ActivityManager: Displayed baseline.org.quantumbadger.redreader/.activities.WebViewActivity: +178ms
08-03 21:12:43.967 13866 13866 I GoogleInputMethodServic: GoogleInputMethodService.onStartInput():1808 
08-03 21:12:43.977 10394 10407 I art     : Explicit concurrent mark sweep GC freed 743(29KB) AllocSpace objects, 0(0B) LOS objects, 35% free, 29MB/45MB, paused 607us total 47.753ms
08-03 21:12:43.978 10394 10405 I art     : WaitForGcToComplete blocked for 45.562ms for cause HeapTrim
08-03 21:12:44.088  7841  7841 I ServiceManager: Waiting for service AtCmdFwd...
08-03 21:12:44.225   380   380 W SurfaceFlinger: couldn't log to binary event log: overflow.
08-03 21:12:44.323 10394 10406 I art     : Starting a blocking GC Explicit
08-03 21:12:44.348   512  2967 D audio_hw_primary: disable_audio_route: reset and update mixer path: low-latency-playback speaker
08-03 21:12:44.349   512  2967 D audio_hw_primary: disable_snd_device: snd_device(2: speaker)
08-03 21:12:44.364   512  2967 I soundtrigger: audio_extn_sound_trigger_update_device_status: device 0x2 of type 0 for Event 0
08-03 21:12:44.386 10394 10406 I art     : Explicit concurrent mark sweep GC freed 2333(136KB) AllocSpace objects, 1(20KB) LOS objects, 35% free, 29MB/45MB, paused 472us total 63.293ms
08-03 21:12:44.404 10394 10406 I art     : Starting a blocking GC Explicit
08-03 21:12:44.451 10394 10406 I art     : Explicit concurrent mark sweep GC freed 82(3KB) AllocSpace objects, 0(0B) LOS objects, 35% free, 29MB/45MB, paused 494us total 46.882ms
08-03 21:12:44.468 10394 10406 I art     : Starting a blocking GC Explicit
08-03 21:12:44.479 10394 12831 I RedditChangeDataIO: Writing tmp data file at '/data/user/0/baseline.org.quantumbadger.redreader/files/rr_change_data_tmp.dat'
08-03 21:12:44.480 10394 12831 I RedditChangeDataManager: Taking snapshot...
08-03 21:12:44.480 10394 12831 I RedditChangeDataManager: Writing to stream...
08-03 21:12:44.480 10394 12831 I RedditChangeDataManager: Wrote 5 entries for user ''
08-03 21:12:44.480 10394 12831 I RedditChangeDataManager: All entries written to stream.
08-03 21:12:44.480 10394 12831 I RedditChangeDataIO: Write successful. Atomically replacing data file...
08-03 21:12:44.481 10394 12831 I RedditChangeDataIO: Write complete.
08-03 21:12:44.481 10394 12831 I RedditChangeDataIO: 134 bytes written in 2 ms
08-03 21:12:44.511 10394 10406 I art     : Explicit concurrent mark sweep GC freed 87(5KB) AllocSpace objects, 1(68KB) LOS objects, 35% free, 29MB/45MB, paused 524us total 42.659ms
08-03 21:12:44.545 10394 10406 I art     : Starting a blocking GC Explicit
08-03 21:12:44.593 10394 10406 I art     : Explicit concurrent mark sweep GC freed 13(624B) AllocSpace objects, 0(0B) LOS objects, 35% free, 29MB/45MB, paused 1.088ms total 48.217ms
08-03 21:12:44.621 10394 10406 I art     : Starting a blocking GC Explicit
08-03 21:12:44.677 10394 10406 I art     : Explicit concurrent mark sweep GC freed 15(464B) AllocSpace objects, 0(0B) LOS objects, 35% free, 29MB/45MB, paused 555us total 55.467ms
08-03 21:12:45.069 10394 10407 I art     : Starting a blocking GC Explicit
08-03 21:12:45.088  7841  7841 I ServiceManager: Waiting for service AtCmdFwd...
08-03 21:12:45.120 10394 10407 I art     : Explicit concurrent mark sweep GC freed 1519(91KB) AllocSpace objects, 1(20KB) LOS objects, 35% free, 29MB/45MB, paused 738us total 50.401ms
08-03 21:12:45.138 10394 10407 I art     : Starting a blocking GC Explicit
08-03 21:12:45.187 10394 10407 I art     : Explicit concurrent mark sweep GC freed 198(8KB) AllocSpace objects, 0(0B) LOS objects, 35% free, 29MB/45MB, paused 714us total 48.833ms
08-03 21:12:45.205 10394 10407 I art     : Starting a blocking GC Explicit
08-03 21:12:45.253 10394 10407 I art     : Explicit concurrent mark sweep GC freed 11(352B) AllocSpace objects, 0(0B) LOS objects, 35% free, 29MB/45MB, paused 642us total 47.728ms
08-03 21:12:45.273 10394 10407 I art     : Starting a blocking GC Explicit
08-03 21:12:45.326 10394 10407 I art     : Explicit concurrent mark sweep GC freed 13(416B) AllocSpace objects, 0(0B) LOS objects, 35% free, 29MB/45MB, paused 512us total 53.152ms
08-03 21:12:45.348 10394 10407 I art     : Starting a blocking GC Explicit
08-03 21:12:45.390 10394 10394 I chromium: [INFO:CONSOLE(1)] "
08-03 21:12:45.390 10394 10394 I chromium:                   ,d"=,.,qOp,
08-03 21:12:45.390 10394 10394 I chromium:                  ,7'  ''$(  )
08-03 21:12:45.390 10394 10394 I chromium:                 ,7'      '?q$7'
08-03 21:12:45.390 10394 10394 I chromium:              ..,$$,.
08-03 21:12:45.390 10394 10394 I chromium:    ,.  .,,--***""***--,,.  .,
08-03 21:12:45.390 10394 10394 I chromium:     ,p''              ''q,   
08-03 21:12:45.390 10394 10394 I chromium: :  ,7'                      '7,  :
08-03 21:12:45.390 10394 10394 I chromium:  ' $      ,db,      ,db,      $ '
08-03 21:12:45.390 10394 10394 I chromium:   '$      $$      $$      $'    Using Reddit at work? Work for Reddit.
08-03 21:12:45.390 10394 10394 I chromium:   '$                          $'        https://www.reddit.com/jobs
08-03 21:12:45.390 10394 10394 I chromium:    '$.     .,        ,.     .$'
08-03 21:12:45.390 10394 10394 I chromium:     'b,     ''     ,d'
08-03 21:12:45.390 10394 10394 I chromium:      '?bn,,          ,,nd?'
08-03 21:12:45.390 10394 10394 I chromium:        ,7$ '''' $7,
08-03 21:12:45.390 10394 10394 I chromium:      , $              $ ,
08-03 21:12:45.390 10394 10394 I chromium:      $  :$              $:  $
08-03 21:12:45.390 10394 10394 I chromium:      $   $              $   $
08-03 21:12:45.390 10394 10394 I chromium:      'b  q:            :p  d'
08-03 21:12:45.390 10394 10394 I chromium:       '?$.          .$?'
08-03 21:12:45.390 10394 10394 I chromium:          'b            d'
08-03 21:12:45.390 10394 10394 I chromium:        ,'?,.      .,?',
08-03 21:12:45.390 10394 10394 I chromium:       ==--==--==--==
08-03 21:12:45.390 10394 10394 I chromium: ", source: https://www.redditstatic.com/desktop2x/Chat~Governance~Reddit.2ea93b134a9b2e5b1d9a.js (1)
08-03 21:12:45.401 10394 10407 I art     : Explicit concurrent mark sweep GC freed 14(2624B) AllocSpace objects, 0(0B) LOS objects, 35% free, 29MB/45MB, paused 695us total 52.276ms
08-03 21:12:45.770 10394 11806 I art     : Starting a blocking GC Explicit
08-03 21:12:45.835 10394 11806 I art     : Explicit concurrent mark sweep GC freed 1469(86KB) AllocSpace objects, 1(20KB) LOS objects, 35% free, 29MB/45MB, paused 699us total 64.350ms
08-03 21:12:45.857 10394 11806 I art     : Starting a blocking GC Explicit
08-03 21:12:45.898 10394 11806 I art     : Explicit concurrent mark sweep GC freed 228(35KB) AllocSpace objects, 0(0B) LOS objects, 35% free, 29MB/45MB, paused 491us total 40.790ms
08-03 21:12:45.915 10394 11806 I art     : Starting a blocking GC Explicit
08-03 21:12:45.958 10394 11806 I art     : Explicit concurrent mark sweep GC freed 68(2272B) AllocSpace objects, 0(0B) LOS objects, 35% free, 29MB/45MB, paused 527us total 43.036ms
08-03 21:12:45.976 10394 11806 I art     : Starting a blocking GC Explicit
08-03 21:12:46.020 10394 11806 I art     : Explicit concurrent mark sweep GC freed 3(96B) AllocSpace objects, 0(0B) LOS objects, 35% free, 29MB/45MB, paused 493us total 44.025ms
08-03 21:12:46.038 10394 11806 I art     : Starting a blocking GC Explicit
08-03 21:12:46.083 10394 11806 I art     : Explicit concurrent mark sweep GC freed 3(96B) AllocSpace objects, 0(0B) LOS objects, 35% free, 29MB/45MB, paused 487us total 45.299ms
08-03 21:12:46.089  7841  7841 I ServiceManager: Waiting for service AtCmdFwd...
08-03 21:12:46.138   518   646 I ThermalEngine: ACTION: GPU - Setting GPU[0] to 390000000
08-03 21:12:46.524 10394 10741 I art     : Starting a blocking GC Explicit
08-03 21:12:46.594 10394 10741 I art     : Explicit concurrent mark sweep GC freed 1566(94KB) AllocSpace objects, 1(20KB) LOS objects, 35% free, 29MB/45MB, paused 1.121ms total 69.298ms
08-03 21:12:46.619 10394 10741 I art     : Starting a blocking GC Explicit
08-03 21:12:46.684 10394 10741 I art     : Explicit concurrent mark sweep GC freed 46(3KB) AllocSpace objects, 0(0B) LOS objects, 35% free, 29MB/45MB, paused 1.271ms total 64.375ms
08-03 21:12:46.711 10394 10741 I art     : Starting a blocking GC Explicit
08-03 21:12:46.772 10394 10741 I art     : Explicit concurrent mark sweep GC freed 3(96B) AllocSpace objects, 0(0B) LOS objects, 35% free, 29MB/45MB, paused 865us total 60.732ms
08-03 21:12:46.803 10394 10741 I art     : Starting a blocking GC Explicit
08-03 21:12:46.865 10394 10741 I art     : Explicit concurrent mark sweep GC freed 3(96B) AllocSpace objects, 0(0B) LOS objects, 35% free, 29MB/45MB, paused 799us total 62.056ms
08-03 21:12:46.895 10394 10741 I art     : Starting a blocking GC Explicit
08-03 21:12:46.955 10394 10741 I art     : Explicit concurrent mark sweep GC freed 3(96B) AllocSpace objects, 0(0B) LOS objects, 35% free, 29MB/45MB, paused 826us total 59.928ms
08-03 21:12:47.089  7841  7841 I ServiceManager: Waiting for service AtCmdFwd...
08-03 21:12:47.373 10394 10741 I art     : Starting a blocking GC Explicit
08-03 21:12:47.449 10394 10741 I art     : Explicit concurrent mark sweep GC freed 1401(85KB) AllocSpace objects, 1(20KB) LOS objects, 35% free, 29MB/45MB, paused 1.454ms total 76.255ms
08-03 21:12:47.476 10394 10741 I art     : Starting a blocking GC Explicit
08-03 21:12:47.551 10394 10741 I art     : Explicit concurrent mark sweep GC freed 20(704B) AllocSpace objects, 0(0B) LOS objects, 35% free, 29MB/45MB, paused 1.239ms total 74.033ms
08-03 21:12:47.576 10394 10741 I art     : Starting a blocking GC Explicit
08-03 21:12:47.640 10394 10741 I art     : Explicit concurrent mark sweep GC freed 3(96B) AllocSpace objects, 0(0B) LOS objects, 35% free, 29MB/45MB, paused 1.075ms total 63.263ms
08-03 21:12:47.676 10394 10741 I art     : Starting a blocking GC Explicit
08-03 21:12:47.750 10394 10741 I art     : Explicit concurrent mark sweep GC freed 3(96B) AllocSpace objects, 0(0B) LOS objects, 35% free, 29MB/45MB, paused 1.729ms total 72.974ms
08-03 21:12:47.777 10394 10741 I art     : Starting a blocking GC Explicit
08-03 21:12:47.852 10394 10741 I art     : Explicit concurrent mark sweep GC freed 3(96B) AllocSpace objects, 0(0B) LOS objects, 35% free, 29MB/45MB, paused 1.181ms total 73.900ms
08-03 21:12:48.090  7841  7841 I ServiceManager: Waiting for service AtCmdFwd...
08-03 21:12:48.272 10394 10741 I art     : Starting a blocking GC Explicit
08-03 21:12:48.332 10394 10741 I art     : Explicit concurrent mark sweep GC freed 1355(82KB) AllocSpace objects, 1(20KB) LOS objects, 35% free, 29MB/45MB, paused 801us total 59.960ms
08-03 21:12:48.373 10394 10741 I art     : Starting a blocking GC Explicit
08-03 21:12:48.431 10394 10741 I art     : Explicit concurrent mark sweep GC freed 20(704B) AllocSpace objects, 0(0B) LOS objects, 35% free, 29MB/45MB, paused 1.202ms total 56.978ms
08-03 21:12:48.457 10394 10741 I art     : Starting a blocking GC Explicit
08-03 21:12:48.512 10394 10741 I art     : Explicit concurrent mark sweep GC freed 3(96B) AllocSpace objects, 0(0B) LOS objects, 35% free, 29MB/45MB, paused 1.049ms total 54.200ms
08-03 21:12:48.535 10394 10741 I art     : Starting a blocking GC Explicit
08-03 21:12:48.592 10394 10741 I art     : Explicit concurrent mark sweep GC freed 3(96B) AllocSpace objects, 0(0B) LOS objects, 35% free, 29MB/45MB, paused 911us total 56.101ms
08-03 21:12:48.622 10394 10741 I art     : Starting a blocking GC Explicit
08-03 21:12:48.678 10394 10741 I art     : Explicit concurrent mark sweep GC freed 3(96B) AllocSpace objects, 0(0B) LOS objects, 35% free, 29MB/45MB, paused 931us total 55.487ms
08-03 21:12:48.719 12963 12963 D AndroidRuntime: >>>>>> START com.android.internal.os.RuntimeInit uid 2000 <<<<<<
08-03 21:12:48.725 12963 12963 D AndroidRuntime: CheckJNI is OFF
08-03 21:12:48.776 12963 12963 D ICU     : No timezone override file found: /data/misc/zoneinfo/current/icu/icu_tzdata.dat
08-03 21:12:48.825 12963 12963 I Radio-JNI: register_android_hardware_Radio DONE
08-03 21:12:48.864 12963 12963 D AndroidRuntime: Calling main entry com.android.commands.input.Input
08-03 21:12:48.866 12963 12963 I Input   : injectKeyEvent: KeyEvent { action=ACTION_DOWN, keyCode=KEYCODE_BACK, scanCode=0, metaState=0, flags=0x0, repeatCount=0, eventTime=652385279, downTime=652385279, deviceId=-1, source=0x101 }
08-03 21:12:48.878 12963 12963 I Input   : injectKeyEvent: KeyEvent { action=ACTION_UP, keyCode=KEYCODE_BACK, scanCode=0, metaState=0, flags=0x0, repeatCount=0, eventTime=652385279, downTime=652385279, deviceId=-1, source=0x101 }
08-03 21:12:48.890 12963 12963 D AndroidRuntime: Shutting down VM
08-03 21:12:48.965 13866 13866 I GoogleInputMethodServic: GoogleInputMethodService.onFinishInput():3138 
08-03 21:12:48.974 13866 13866 I GoogleInputMethodServic: GoogleInputMethodService.onStartInput():1808 
08-03 21:12:49.094  7841  7841 W Atfwd_Sendcmd: AtCmdFwd service not published, waiting... retryCnt : 1
08-03 21:12:49.179 10394 10423 I art     : Starting a blocking GC Explicit
08-03 21:12:49.252 10394 10423 I art     : Explicit concurrent mark sweep GC freed 1618(91KB) AllocSpace objects, 1(20KB) LOS objects, 35% free, 29MB/45MB, paused 782us total 72.705ms
08-03 21:12:49.272   380   380 W SurfaceFlinger: couldn't log to binary event log: overflow.
08-03 21:12:49.278 10394 10423 I art     : Starting a blocking GC Explicit
08-03 21:12:49.320   918  3263 D ConnectivityService: releasing NetworkRequest NetworkRequest [ id=2372, legacyType=-1, [ Capabilities: INTERNET&NOT_RESTRICTED&TRUSTED] ]
08-03 21:12:49.340 10394 10423 I art     : Explicit concurrent mark sweep GC freed 827(38KB) AllocSpace objects, 0(0B) LOS objects, 35% free, 29MB/45MB, paused 709us total 61.337ms
08-03 21:12:49.384 10394 10423 I art     : Starting a blocking GC Explicit
08-03 21:12:49.439 10394 10423 I art     : Explicit concurrent mark sweep GC freed 87(3KB) AllocSpace objects, 0(0B) LOS objects, 35% free, 29MB/45MB, paused 730us total 55.438ms
08-03 21:12:49.439 10394 10405 I art     : WaitForGcToComplete blocked for 52.180ms for cause HeapTrim
08-03 21:12:49.472 10394 10423 I art     : Starting a blocking GC Explicit
08-03 21:12:49.534 10394 10423 I art     : Explicit concurrent mark sweep GC freed 2089(123KB) AllocSpace objects, 1(28KB) LOS objects, 35% free, 29MB/45MB, paused 676us total 61.763ms
08-03 21:12:49.559 10394 10423 I art     : Starting a blocking GC Explicit
08-03 21:12:49.621 10394 10423 I art     : Explicit concurrent mark sweep GC freed 3(96B) AllocSpace objects, 0(0B) LOS objects, 35% free, 29MB/45MB, paused 933us total 61.777ms
08-03 21:12:50.011 10394 10741 I art     : Starting a blocking GC Explicit
08-03 21:12:50.083 10394 10741 I art     : Explicit concurrent mark sweep GC freed 1355(82KB) AllocSpace objects, 1(20KB) LOS objects, 35% free, 29MB/45MB, paused 765us total 71.229ms
08-03 21:12:50.113 10394 10741 I art     : Starting a blocking GC Explicit
08-03 21:12:50.172 10394 10741 I art     : Explicit concurrent mark sweep GC freed 20(704B) AllocSpace objects, 0(0B) LOS objects, 35% free, 29MB/45MB, paused 797us total 58.533ms
08-03 21:12:50.198 10394 10741 I art     : Starting a blocking GC Explicit
08-03 21:12:50.255 10394 10741 I art     : Explicit concurrent mark sweep GC freed 3(96B) AllocSpace objects, 0(0B) LOS objects, 35% free, 29MB/45MB, paused 730us total 56.401ms
08-03 21:12:50.280 10394 10741 I art     : Starting a blocking GC Explicit
08-03 21:12:50.337 10394 10741 I art     : Explicit concurrent mark sweep GC freed 3(96B) AllocSpace objects, 0(0B) LOS objects, 35% free, 29MB/45MB, paused 696us total 57.100ms
08-03 21:12:50.371 10394 10741 I art     : Starting a blocking GC Explicit
08-03 21:12:50.428 10394 10741 I art     : Explicit concurrent mark sweep GC freed 3(96B) AllocSpace objects, 0(0B) LOS objects, 35% free, 29MB/45MB, paused 917us total 56.420ms
08-03 21:12:50.807 10394 11806 I art     : Starting a blocking GC Explicit
08-03 21:12:50.821 13006 13006 D AndroidRuntime: >>>>>> START com.android.internal.os.RuntimeInit uid 2000 <<<<<<
08-03 21:12:50.827 13006 13006 D AndroidRuntime: CheckJNI is OFF
08-03 21:12:50.864 10394 11806 I art     : Explicit concurrent mark sweep GC freed 1354(82KB) AllocSpace objects, 1(20KB) LOS objects, 35% free, 29MB/45MB, paused 779us total 56.969ms
08-03 21:12:50.881 13006 13006 D ICU     : No timezone override file found: /data/misc/zoneinfo/current/icu/icu_tzdata.dat
08-03 21:12:50.888 10394 11806 I art     : Starting a blocking GC Explicit
08-03 21:12:50.926 13006 13006 I Radio-JNI: register_android_hardware_Radio DONE
08-03 21:12:50.944 10394 11806 I art     : Explicit concurrent mark sweep GC freed 20(704B) AllocSpace objects, 0(0B) LOS objects, 35% free, 29MB/45MB, paused 680us total 55.773ms
08-03 21:12:50.960 13006 13006 D AndroidRuntime: Calling main entry com.android.commands.input.Input
08-03 21:12:50.962 13006 13006 I Input   : injectKeyEvent: KeyEvent { action=ACTION_DOWN, keyCode=KEYCODE_BACK, scanCode=0, metaState=0, flags=0x0, repeatCount=0, eventTime=652387375, downTime=652387375, deviceId=-1, source=0x101 }
08-03 21:12:50.967 13006 13006 I Input   : injectKeyEvent: KeyEvent { action=ACTION_UP, keyCode=KEYCODE_BACK, scanCode=0, metaState=0, flags=0x0, repeatCount=0, eventTime=652387375, downTime=652387375, deviceId=-1, source=0x101 }
08-03 21:12:50.968 10394 11806 I art     : Starting a blocking GC Explicit
08-03 21:12:50.974 13006 13006 D AndroidRuntime: Shutting down VM
08-03 21:12:51.024 10394 11806 I art     : Explicit concurrent mark sweep GC freed 114(3KB) AllocSpace objects, 0(0B) LOS objects, 35% free, 29MB/45MB, paused 1.278ms total 55.230ms
08-03 21:12:51.025 13866 13866 I GoogleInputMethodServic: GoogleInputMethodService.onFinishInput():3138 
08-03 21:12:51.026 13866 13866 I GoogleInputMethodServic: GoogleInputMethodService.onStartInput():1808 
08-03 21:12:51.048 10394 11806 I art     : Starting a blocking GC Explicit
08-03 21:12:51.093   918  3261 D WifiStateMachine: starting scan for "H369AA63323"WPA_PSK with 2412,5180
08-03 21:12:51.099 10394 11806 I art     : Explicit concurrent mark sweep GC freed 54(1952B) AllocSpace objects, 0(0B) LOS objects, 35% free, 29MB/45MB, paused 637us total 50.746ms
08-03 21:12:51.121 10394 11806 I art     : Starting a blocking GC Explicit
08-03 21:12:51.174 10394 11806 I art     : Explicit concurrent mark sweep GC freed 24(816B) AllocSpace objects, 0(0B) LOS objects, 35% free, 29MB/45MB, paused 842us total 52.743ms
08-03 21:12:51.520 10394 10407 I art     : Starting a blocking GC Explicit
08-03 21:12:51.572 10394 10407 I art     : Explicit concurrent mark sweep GC freed 1419(85KB) AllocSpace objects, 1(20KB) LOS objects, 35% free, 29MB/45MB, paused 640us total 51.782ms
08-03 21:12:51.595 10394 10407 I art     : Starting a blocking GC Explicit
08-03 21:12:51.646 10394 10407 I art     : Explicit concurrent mark sweep GC freed 150(7KB) AllocSpace objects, 0(0B) LOS objects, 35% free, 29MB/45MB, paused 617us total 51.109ms
08-03 21:12:51.669 10394 10407 I art     : Starting a blocking GC Explicit
08-03 21:12:51.721 10394 10407 I art     : Explicit concurrent mark sweep GC freed 3(96B) AllocSpace objects, 0(0B) LOS objects, 35% free, 29MB/45MB, paused 731us total 51.485ms
08-03 21:12:51.744 10394 10407 I art     : Starting a blocking GC Explicit
08-03 21:12:51.800 10394 10407 I art     : Explicit concurrent mark sweep GC freed 3(96B) AllocSpace objects, 0(0B) LOS objects, 35% free, 29MB/45MB, paused 755us total 55.891ms
08-03 21:12:51.824 10394 10407 I art     : Starting a blocking GC Explicit
08-03 21:12:51.882 10394 10407 I art     : Explicit concurrent mark sweep GC freed 3(96B) AllocSpace objects, 0(0B) LOS objects, 35% free, 29MB/45MB, paused 691us total 57.785ms
08-03 21:12:52.254 10394 10741 I art     : Starting a blocking GC Explicit
08-03 21:12:52.313 10394 10741 I art     : Explicit concurrent mark sweep GC freed 1354(82KB) AllocSpace objects, 1(20KB) LOS objects, 35% free, 29MB/45MB, paused 900us total 58.218ms
08-03 21:12:52.337 10394 10741 I art     : Starting a blocking GC Explicit
08-03 21:12:52.443 10394 10741 I art     : Explicit concurrent mark sweep GC freed 20(704B) AllocSpace objects, 0(0B) LOS objects, 35% free, 29MB/45MB, paused 876us total 106.092ms
08-03 21:12:52.467 10394 10741 I art     : Starting a blocking GC Explicit
08-03 21:12:52.523 10394 10741 I art     : Explicit concurrent mark sweep GC freed 3(96B) AllocSpace objects, 0(0B) LOS objects, 35% free, 29MB/45MB, paused 827us total 55.850ms
08-03 21:12:52.566 10394 10741 I art     : Starting a blocking GC Explicit
08-03 21:12:52.649 10394 10741 I art     : Explicit concurrent mark sweep GC freed 3(96B) AllocSpace objects, 0(0B) LOS objects, 35% free, 29MB/45MB, paused 1.010ms total 81.779ms
08-03 21:12:52.675 10394 10741 I art     : Starting a blocking GC Explicit
08-03 21:12:52.738 10394 10741 I art     : Explicit concurrent mark sweep GC freed 3(96B) AllocSpace objects, 0(0B) LOS objects, 35% free, 29MB/45MB, paused 828us total 62.510ms
08-03 21:12:52.971 13053 13053 D AndroidRuntime: >>>>>> START com.android.internal.os.RuntimeInit uid 2000 <<<<<<
08-03 21:12:52.977 13053 13053 D AndroidRuntime: CheckJNI is OFF
08-03 21:12:53.033 13053 13053 D ICU     : No timezone override file found: /data/misc/zoneinfo/current/icu/icu_tzdata.dat
08-03 21:12:53.079 13053 13053 I Radio-JNI: register_android_hardware_Radio DONE
08-03 21:12:53.093 10394 10406 I art     : Starting a blocking GC Explicit
08-03 21:12:53.112 13053 13053 D AndroidRuntime: Calling main entry com.android.commands.input.Input
08-03 21:12:53.114 13053 13053 I Input   : injectMotionEvent: MotionEvent { action=ACTION_DOWN, actionButton=0, id[0]=0, x[0]=600.0, y[0]=1733.0, toolType[0]=TOOL_TYPE_UNKNOWN, buttonState=0, metaState=0, flags=0x0, edgeFlags=0x0, pointerCount=1, historySize=0, eventTime=652389527, downTime=652389527, deviceId=0, source=0x1002 }
08-03 21:12:53.120 13053 13053 I Input   : injectMotionEvent: MotionEvent { action=ACTION_UP, actionButton=0, id[0]=0, x[0]=600.0, y[0]=1733.0, toolType[0]=TOOL_TYPE_UNKNOWN, buttonState=0, metaState=0, flags=0x0, edgeFlags=0x0, pointerCount=1, historySize=0, eventTime=652389527, downTime=652389527, deviceId=0, source=0x1002 }
08-03 21:12:53.123 13053 13053 D AndroidRuntime: Shutting down VM
08-03 21:12:53.133   918  5132 I ActivityManager: START u0 {dat=https://oauth.reddit.com/... cmp=baseline.org.quantumbadger.redreader/.activities.PostListingActivity} from uid 10634 on display 0
08-03 21:12:53.136   512  2967 D audio_hw_primary: out_set_parameters: enter: usecase(1: low-latency-playback) kvpairs: routing=2
08-03 21:12:53.149   512  2967 D audio_hw_primary: select_devices: out_snd_device(2: speaker) in_snd_device(0: none)
08-03 21:12:53.149   512  2967 D msm8974_platform: platform_send_audio_calibration: sending audio calibration for snd_device(2) acdb_id(15)
08-03 21:12:53.149   512  2967 I soundtrigger: audio_extn_sound_trigger_update_device_status: device 0x2 of type 0 for Event 1
08-03 21:12:53.158 10394 10406 I art     : Explicit concurrent mark sweep GC freed 1433(85KB) AllocSpace objects, 1(20KB) LOS objects, 35% free, 29MB/45MB, paused 1.436ms total 64.690ms
08-03 21:12:53.165   512  2967 D audio_hw_primary: enable_snd_device: snd_device(2: speaker)
08-03 21:12:53.167   512  2967 D audio_hw_primary: enable_audio_route: apply and update mixer path: low-latency-playback speaker
08-03 21:12:53.169 10394 10394 I AppCompatViewInflater: app:theme is now deprecated. Please move to using android:theme instead.
08-03 21:12:53.185 10394 10406 I art     : Starting a blocking GC Explicit
08-03 21:12:53.200 10394 13078 D OK      : calling: https://oauth.reddit.com/r/aww/about.json
08-03 21:12:53.240 10394 10406 I art     : Explicit concurrent mark sweep GC freed 896(76KB) AllocSpace objects, 0(0B) LOS objects, 35% free, 29MB/45MB, paused 935us total 54.905ms
08-03 21:12:53.263 10394 10406 I art     : Starting a blocking GC Explicit
08-03 21:12:53.288   918   936 I ActivityManager: Displayed baseline.org.quantumbadger.redreader/.activities.PostListingActivity: +139ms
08-03 21:12:53.288 13866 13866 I GoogleInputMethodServic: GoogleInputMethodService.onFinishInput():3138 
08-03 21:12:53.289 13866 13866 I GoogleInputMethodServic: GoogleInputMethodService.onStartInput():1808 
08-03 21:12:53.324 10394 10406 I art     : Explicit concurrent mark sweep GC freed 1019(43KB) AllocSpace objects, 0(0B) LOS objects, 35% free, 29MB/45MB, paused 1.239ms total 60.651ms
08-03 21:12:53.350 10394 10406 I art     : Starting a blocking GC Explicit
08-03 21:12:53.407 10394 10406 I art     : Explicit concurrent mark sweep GC freed 1943(79KB) AllocSpace objects, 0(0B) LOS objects, 35% free, 29MB/45MB, paused 1.050ms total 56.292ms
08-03 21:12:53.433 10394 10406 I art     : Starting a blocking GC Explicit
08-03 21:12:53.507 10394 10406 I art     : Explicit concurrent mark sweep GC freed 220(8KB) AllocSpace objects, 0(0B) LOS objects, 35% free, 29MB/45MB, paused 1.367ms total 74.389ms
08-03 21:12:53.543   380   380 W SurfaceFlinger: couldn't log to binary event log: overflow.
08-03 21:12:53.563 10394 13078 I NAPPA_EXPERIMENTATION: MetricNetworkRequestExecutionTime: REQUEST_DURATION_SYSTEM='363',REQUEST_DURATION_OKHTTP='150',REQUEST_SYNCHRONOUS='TRUE',RESPONSE_CODE='200',RESPONSE_METHOD='GET',RESPONSE_LENGTH_OKHTTP='-1',RESPONSE_LENGTH_HEADER='3478',REQUEST_PROTOCOL='h2',REQUEST_URL='https://oauth.reddit.com/r/aww/about.json',
08-03 21:12:53.563 10394 13078 D OK      : request got status: 200
08-03 21:12:53.720   512  2967 D audio_hw_primary: disable_audio_route: reset and update mixer path: low-latency-playback speaker
08-03 21:12:53.723   512  2967 D audio_hw_primary: disable_snd_device: snd_device(2: speaker)
08-03 21:12:53.734   512  2967 I soundtrigger: audio_extn_sound_trigger_update_device_status: device 0x2 of type 0 for Event 0
08-03 21:12:53.899 10394 10423 I art     : Starting a blocking GC Explicit
08-03 21:12:53.961 10394 10423 I art     : Explicit concurrent mark sweep GC freed 3151(290KB) AllocSpace objects, 3(156KB) LOS objects, 35% free, 29MB/45MB, paused 1.109ms total 61.282ms
08-03 21:12:53.989 10394 10423 I art     : Starting a blocking GC Explicit
08-03 21:12:54.050 10394 10423 I art     : Explicit concurrent mark sweep GC freed 203(10KB) AllocSpace objects, 0(0B) LOS objects, 35% free, 29MB/45MB, paused 1.713ms total 60.200ms
08-03 21:12:54.076 10394 10423 I art     : Starting a blocking GC Explicit
08-03 21:12:54.094  7841  7841 I ServiceManager: Waiting for service AtCmdFwd...
08-03 21:12:54.135 10394 10423 I art     : Explicit concurrent mark sweep GC freed 25(1024B) AllocSpace objects, 0(0B) LOS objects, 35% free, 29MB/45MB, paused 969us total 58.850ms
08-03 21:12:54.160 10394 10423 I art     : Starting a blocking GC Explicit
08-03 21:12:54.220 10394 10423 I art     : Explicit concurrent mark sweep GC freed 3(96B) AllocSpace objects, 0(0B) LOS objects, 35% free, 29MB/45MB, paused 876us total 59.082ms
08-03 21:12:54.245 10394 10423 I art     : Starting a blocking GC Explicit
08-03 21:12:54.303 10394 10423 I art     : Explicit concurrent mark sweep GC freed 3(96B) AllocSpace objects, 0(0B) LOS objects, 35% free, 29MB/45MB, paused 829us total 58.322ms
08-03 21:12:54.342 24577 24577 E ActivityThread: Service com.google.android.gms.chimera.GmsBoundBrokerService has leaked IntentReceiver com.google.android.gms.security.odad.WifiStateChangedReceiver@7033bf1 that was originally registered here. Are you missing a call to unregisterReceiver()?
08-03 21:12:54.342 24577 24577 E ActivityThread: android.app.IntentReceiverLeaked: Service com.google.android.gms.chimera.GmsBoundBrokerService has leaked IntentReceiver com.google.android.gms.security.odad.WifiStateChangedReceiver@7033bf1 that was originally registered here. Are you missing a call to unregisterReceiver()?
08-03 21:12:54.342 24577 24577 E ActivityThread: 	at android.app.LoadedApk$ReceiverDispatcher.<init>(LoadedApk.java:918)
08-03 21:12:54.342 24577 24577 E ActivityThread: 	at android.app.LoadedApk.getReceiverDispatcher(LoadedApk.java:719)
08-03 21:12:54.342 24577 24577 E ActivityThread: 	at android.app.ContextImpl.registerReceiverInternal(ContextImpl.java:1172)
08-03 21:12:54.342 24577 24577 E ActivityThread: 	at android.app.ContextImpl.registerReceiver(ContextImpl.java:1152)
08-03 21:12:54.342 24577 24577 E ActivityThread: 	at android.content.ContextWrapper.registerReceiver(ContextWrapper.java:561)
08-03 21:12:54.342 24577 24577 E ActivityThread: 	at android.content.ContextWrapper.registerReceiver(ContextWrapper.java:561)
08-03 21:12:54.342 24577 24577 E ActivityThread: 	at android.content.ContextWrapper.registerReceiver(ContextWrapper.java:561)
08-03 21:12:54.342 24577 24577 E ActivityThread: 	at android.content.ContextWrapper.registerReceiver(ContextWrapper.java:561)
08-03 21:12:54.342 24577 24577 E ActivityThread: 	at android.content.ContextWrapper.registerReceiver(ContextWrapper.java:561)
08-03 21:12:54.342 24577 24577 E ActivityThread: 	at android.content.ContextWrapper.registerReceiver(ContextWrapper.java:561)
08-03 21:12:54.342 24577 24577 E ActivityThread: 	at android.content.ContextWrapper.registerReceiver(ContextWrapper.java:561)
08-03 21:12:54.342 24577 24577 E ActivityThread: 	at android.content.ContextWrapper.registerReceiver(ContextWrapper.java:561)
08-03 21:12:54.342 24577 24577 E ActivityThread: 	at aqwy.a(:com.google.android.gms@202614019@20.26.14 (040400-320008519):3)
08-03 21:12:54.342 24577 24577 E ActivityThread: 	at aqxq.a(:com.google.android.gms@202614019@20.26.14 (040400-320008519):42)
08-03 21:12:54.342 24577 24577 E ActivityThread: 	at zwo.run(:com.google.android.gms@202614019@20.26.14 (040400-320008519):9)
08-03 21:12:54.342 24577 24577 E ActivityThread: 	at bmvl.run(:com.google.android.gms@202614019@20.26.14 (040400-320008519):2)
08-03 21:12:54.342 24577 24577 E ActivityThread: 	at skp.b(:com.google.android.gms@202614019@20.26.14 (040400-320008519):12)
08-03 21:12:54.342 24577 24577 E ActivityThread: 	at skp.run(:com.google.android.gms@202614019@20.26.14 (040400-320008519):7)
08-03 21:12:54.342 24577 24577 E ActivityThread: 	at java.util.concurrent.ThreadPoolExecutor.runWorker(ThreadPoolExecutor.java:1113)
08-03 21:12:54.342 24577 24577 E ActivityThread: 	at java.util.concurrent.ThreadPoolExecutor$Worker.run(ThreadPoolExecutor.java:588)
08-03 21:12:54.342 24577 24577 E ActivityThread: 	at sql.run(:com.google.android.gms@202614019@20.26.14 (040400-320008519):0)
08-03 21:12:54.342 24577 24577 E ActivityThread: 	at java.lang.Thread.run(Thread.java:818)
08-03 21:12:54.400 10394 13093 D OK      : calling: https://oauth.reddit.com/r/aww/hot/.json
08-03 21:12:54.646 10394 13093 I NAPPA_EXPERIMENTATION: MetricNetworkRequestExecutionTime: REQUEST_DURATION_SYSTEM='245',REQUEST_DURATION_OKHTTP='242',REQUEST_SYNCHRONOUS='TRUE',RESPONSE_CODE='200',RESPONSE_METHOD='GET',RESPONSE_LENGTH_OKHTTP='-1',RESPONSE_LENGTH_HEADER='33430',REQUEST_PROTOCOL='h2',REQUEST_URL='https://oauth.reddit.com/r/aww/hot/.json',
08-03 21:12:54.647 10394 13093 D OK      : request got status: 200
08-03 21:12:54.653 10394 11001 I PostListingFragment: Precaching images: OFF
08-03 21:12:54.653 10394 11001 I PostListingFragment: Precaching comments: OFF
08-03 21:12:54.667 10394 13104 D OK      : calling: https://b.thumbs.redditmedia.com/CKInrczASoQbNvSBStGz11Tok0uCyQoxmZ02sOE37sQ.jpg
08-03 21:12:54.670 10394 10406 I art     : Starting a blocking GC Explicit
08-03 21:12:54.675 10394 13105 D OK      : calling: https://a.thumbs.redditmedia.com/sKVnLbatvJCZOE2ooe6CgiEftOB3ukgPMdcydbk9CZ4.jpg
08-03 21:12:54.686 10394 11001 I getImgurImageInfo: Image NSO7Npm: trying API v3 with auth
08-03 21:12:54.686 10394 13106 D OK      : calling: https://api.gfycat.com/v1/gfycats/deadlygravecavy
08-03 21:12:54.699 10394 13107 D OK      : calling: https://a.thumbs.redditmedia.com/dFt2-stQJkfZ8O7r7ywG9GQsF08fZXxEJfQtAmiJ-F8.jpg
08-03 21:12:54.705 10394 13108 D OK      : calling: https://b.thumbs.redditmedia.com/1cAaKl6LkrikiRbLsBzzOvufKqRKuPi3wgjUkX8axkI.jpg
08-03 21:12:54.722 10394 13109 D OK      : calling: https://api.imgur.com/3/image/NSO7Npm
08-03 21:12:54.749 10394 10406 I art     : Explicit concurrent mark sweep GC freed 10277(520KB) AllocSpace objects, 1(20KB) LOS objects, 34% free, 30MB/46MB, paused 3.652ms total 79.005ms
08-03 21:12:54.761 10394 13111 D OK      : calling: https://b.thumbs.redditmedia.com/bUY4al781EZ3q7hUlnLebemHCXE3e63_SSxl2uo4Q4A.jpg
08-03 21:12:54.761 10394 13112 D OK      : calling: https://b.thumbs.redditmedia.com/tTmEfIrujbsvZXbhNSQS6Pc7o7ShCaGqZHbYf7nWdfg.jpg
08-03 21:12:54.766 10394 13110 D OK      : calling: https://b.thumbs.redditmedia.com/NUqJWcobH7ToYhCM0w6nnAFZ46ymm9vPD25BC3s7Wco.jpg
08-03 21:12:54.768 10394 13113 D OK      : calling: https://b.thumbs.redditmedia.com/_H8tFMmL5-3GrxYkCtMSHiyNfjbX8pxctOw_vrzyw7o.jpg
08-03 21:12:54.771 10394 13114 D OK      : calling: https://b.thumbs.redditmedia.com/JTSWFy2_tijPk6cA5noKDydEAMkMJcDmKQTSX178zwc.jpg
08-03 21:12:54.774 10394 10406 I art     : Starting a blocking GC Explicit
08-03 21:12:54.784 10394 13115 D OK      : calling: https://b.thumbs.redditmedia.com/N6fiqTp8nJD2l7sUz4nij7j1yHYMTKaflUIrn8E2bAU.jpg
08-03 21:12:54.809 10394 13116 D OK      : calling: https://b.thumbs.redditmedia.com/HkEQtny0bE4H3dMCd_woPsLAXBoPwp_DZ4ioFNIQLKk.jpg
08-03 21:12:54.810 10394 13117 D OK      : calling: https://b.thumbs.redditmedia.com/lVNra-iScxkYcYtSstJ-7J7pRAUDRXIwwJhsen1ZK9g.jpg
08-03 21:12:54.822 10394 13118 D OK      : calling: https://b.thumbs.redditmedia.com/lQKqDneXS8E7ZBD9cUQy4OqOt8PuTneSvVFtnU0pwCE.jpg
08-03 21:12:54.823 10394 13119 D OK      : calling: https://b.thumbs.redditmedia.com/X3yyAViE0gxiHR-kf9Z5xmLa8dKsm8iWJyKdWNVtOhU.jpg
08-03 21:12:54.826 10394 13121 D OK      : calling: https://a.thumbs.redditmedia.com/KpcC72KH04Be3BqxmFbv_Gz7LCy-24GU-70or3KCdJ4.jpg
08-03 21:12:54.828 10394 13120 D OK      : calling: https://b.thumbs.redditmedia.com/Bx9FZp8_w10DfFUf_mqVPMfu4Y0h2lo41Dh4tl2eNeQ.jpg
08-03 21:12:54.853 10394 13122 D OK      : calling: https://a.thumbs.redditmedia.com/cEOtajy3CAQrjwSA3hhSqnPx8bfkRzglo7Lz1SBTmE0.jpg
08-03 21:12:54.855 10394 13123 D OK      : calling: https://b.thumbs.redditmedia.com/RrJbRRjFZWmckrONtkPTloJh52FfqD_XkLMuYuuQvAg.jpg
08-03 21:12:54.872 10394 13124 D OK      : calling: https://b.thumbs.redditmedia.com/chqK3f9u3D7UmfrGP85f4sOQFihMk6q7fFSeMyWs_7E.jpg
08-03 21:12:54.875 10394 10406 I art     : Explicit concurrent mark sweep GC freed 13106(552KB) AllocSpace objects, 0(0B) LOS objects, 33% free, 31MB/47MB, paused 4.934ms total 98.807ms
08-03 21:12:54.881 10394 13126 D OK      : calling: https://b.thumbs.redditmedia.com/iZuzjufMpYUYtQRLjRwce4RDb6JYsId95_iezR2Uc0w.jpg
08-03 21:12:54.882 10394 13125 D OK      : calling: https://b.thumbs.redditmedia.com/B18Vu5Jw71XCkFOFHimnUC42ya8apHsmcCW-HFmtb6w.jpg
08-03 21:12:54.889 10394 13127 D OK      : calling: https://b.thumbs.redditmedia.com/XNb1kfskabGDLMqv661Q22hBtCb8w5oyePDcFaZi9aY.jpg
08-03 21:12:54.901 10394 13128 D OK      : calling: https://b.thumbs.redditmedia.com/lMqJbh1Z40ffemA0TnSfVnovznn4hvJNue60AsJ-ETs.jpg
08-03 21:12:54.904 10394 13129 D OK      : calling: https://b.thumbs.redditmedia.com/x5l4cICw0WNNvslt5FqVjwj89XrGjrXnNbaSyQRAyCo.jpg
08-03 21:12:54.905 10394 10406 I art     : Starting a blocking GC Explicit
08-03 21:12:54.907 10394 13130 D OK      : calling: https://b.thumbs.redditmedia.com/189nmwjW7eGWBD0J-cxzsUac1V1ZWGzMFC66inY4u4Y.jpg
08-03 21:12:54.917 10394 13131 D OK      : calling: https://b.thumbs.redditmedia.com/d_-UsfmKASoIHi4vZyyjvvwFtm1S7-DEi9AQPOnGIgY.jpg
08-03 21:12:54.929 10394 13132 D OK      : calling: https://v.redd.it/fkewv2f65kd51/DASHPlaylist.mpd
08-03 21:12:54.941 10394 13133 D OK      : calling: https://api.gfycat.com/v1/gfycats/altruisticthankfulankolewatusi
08-03 21:12:54.944 10394 13134 D OK      : calling: https://v.redd.it/ak6rer1hskd51/DASHPlaylist.mpd
08-03 21:12:54.950 10394 13137 D OK      : calling: https://v.redd.it/1ewzkieg0jd51/DASHPlaylist.mpd
08-03 21:12:54.951 10394 13135 D OK      : calling: https://api.gfycat.com/v1/gfycats/foolhardysparklinglarva
08-03 21:12:54.954 10394 13136 D OK      : calling: https://v.redd.it/h49fg58ygjd51/DASHPlaylist.mpd
08-03 21:12:54.961 10394 13140 D OK      : calling: https://v.redd.it/b8vazlcb7ld51/DASHPlaylist.mpd
08-03 21:12:54.978 10394 13138 D OK      : calling: https://v.redd.it/ppmhu2r9thd51/DASHPlaylist.mpd
08-03 21:12:54.978 10394 13139 D OK      : calling: https://v.redd.it/s9qqadf3mid51/DASHPlaylist.mpd
08-03 21:12:54.981 10394 13141 D OK      : calling: https://v.redd.it/ty24o02m1hd51/DASHPlaylist.mpd
08-03 21:12:54.983 10394 10406 I art     : Explicit concurrent mark sweep GC freed 26367(1307KB) AllocSpace objects, 2(136KB) LOS objects, 34% free, 30MB/46MB, paused 4.759ms total 78.083ms
08-03 21:12:54.985 10394 13142 D OK      : calling: https://v.redd.it/ar5k8892pid51/DASHPlaylist.mpd
08-03 21:12:55.006 10394 10406 I art     : Starting a blocking GC Explicit
08-03 21:12:55.050 10394 10394 W RecyclerView: Cannot call this method in a scroll callback. Scroll callbacks mightbe run during a measure & layout pass where you cannot change theRecyclerView data. Any method call that might change the structureof the RecyclerView or the adapter contents should be postponed tothe next frame.
08-03 21:12:55.050 10394 10394 W RecyclerView: java.lang.IllegalStateException:  androidx.recyclerview.widget.RecyclerView{984d71f VFED..... .F....ID 0,0-1440,2140 #7f0900ef app:id/scrollbar_recyclerview_recyclerview}, adapter:baseline.org.quantumbadger.redreader.adapters.GroupedRecyclerViewAdapter@8153a6c, layout:androidx.recyclerview.widget.LinearLayoutManager@45ef835, context:baseline.org.quantumbadger.redreader.activities.PostListingActivity@dfb91a8
08-03 21:12:55.050 10394 10394 W RecyclerView: 	at androidx.recyclerview.widget.RecyclerView.assertNotInLayoutOrScroll(RecyclerView.java:3061)
08-03 21:12:55.050 10394 10394 W RecyclerView: 	at androidx.recyclerview.widget.RecyclerView$RecyclerViewDataObserver.onItemRangeInserted(RecyclerView.java:5555)
08-03 21:12:55.050 10394 10394 W RecyclerView: 	at androidx.recyclerview.widget.RecyclerView$AdapterDataObservable.notifyItemRangeInserted(RecyclerView.java:12278)
08-03 21:12:55.050 10394 10394 W RecyclerView: 	at androidx.recyclerview.widget.RecyclerView$Adapter.notifyItemInserted(RecyclerView.java:7464)
08-03 21:12:55.050 10394 10394 W RecyclerView: 	at baseline.org.quantumbadger.redreader.adapters.GroupedRecyclerViewAdapter.updateHiddenStatus(GroupedRecyclerViewAdapter.java:279)
08-03 21:12:55.050 10394 10394 W RecyclerView: 	at baseline.org.quantumbadger.redreader.adapters.RedditListingManager.setLoadingVisible(RedditListingManager.java:125)
08-03 21:12:55.050 10394 10394 W RecyclerView: 	at baseline.org.quantumbadger.redreader.fragments.PostListingFragment.onLoadMoreItemsCheck(PostListingFragment.java:465)
08-03 21:12:55.050 10394 10394 W RecyclerView: 	at baseline.org.quantumbadger.redreader.fragments.PostListingFragment.access$000(PostListingFragment.java:98)
08-03 21:12:55.050 10394 10394 W RecyclerView: 	at baseline.org.quantumbadger.redreader.fragments.PostListingFragment$2.onScrolled(PostListingFragment.java:215)
08-03 21:12:55.050 10394 10394 W RecyclerView: 	at androidx.recyclerview.widget.RecyclerView.dispatchOnScrolled(RecyclerView.java:5173)
08-03 21:12:55.050 10394 10394 W RecyclerView: 	at androidx.recyclerview.widget.RecyclerView.dispatchLayoutStep3(RecyclerView.java:4231)
08-03 21:12:55.050 10394 10394 W RecyclerView: 	at androidx.recyclerview.widget.RecyclerView.dispatchLayout(RecyclerView.java:3862)
08-03 21:12:55.050 10394 10394 W RecyclerView: 	at androidx.recyclerview.widget.RecyclerView.consumePendingUpdateOperations(RecyclerView.java:1897)
08-03 21:12:55.050 10394 10394 W RecyclerView: 	at androidx.recyclerview.widget.RecyclerView$1.run(RecyclerView.java:414)
08-03 21:12:55.050 10394 10394 W RecyclerView: 	at android.view.Choreographer$CallbackRecord.run(Choreographer.java:858)
08-03 21:12:55.050 10394 10394 W RecyclerView: 	at android.view.Choreographer.doCallbacks(Choreographer.java:670)
08-03 21:12:55.050 10394 10394 W RecyclerView: 	at android.view.Choreographer.doFrame(Choreographer.java:603)
08-03 21:12:55.050 10394 10394 W RecyclerView: 	at android.view.Choreographer$FrameDisplayEventReceiver.run(Choreographer.java:844)
08-03 21:12:55.050 10394 10394 W RecyclerView: 	at android.os.Handler.handleCallback(Handler.java:739)
08-03 21:12:55.050 10394 10394 W RecyclerView: 	at android.os.Handler.dispatchMessage(Handler.java:95)
08-03 21:12:55.050 10394 10394 W RecyclerView: 	at android.os.Looper.loop(Looper.java:148)
08-03 21:12:55.050 10394 10394 W RecyclerView: 	at android.app.ActivityThread.main(ActivityThread.java:5417)
08-03 21:12:55.050 10394 10394 W RecyclerView: 	at java.lang.reflect.Method.invoke(Native Method)
08-03 21:12:55.050 10394 10394 W RecyclerView: 	at com.android.internal.os.ZygoteInit$MethodAndArgsCaller.run(ZygoteInit.java:726)
08-03 21:12:55.050 10394 10394 W RecyclerView: 	at com.android.internal.os.ZygoteInit.main(ZygoteInit.java:616)
08-03 21:12:55.075 10394 10406 I art     : Explicit concurrent mark sweep GC freed 6557(355KB) AllocSpace objects, 0(0B) LOS objects, 34% free, 30MB/46MB, paused 4.453ms total 68.565ms
08-03 21:12:55.095  7841  7841 I ServiceManager: Waiting for service AtCmdFwd...
08-03 21:12:55.110 10394 10406 I art     : Starting a blocking GC Explicit
08-03 21:12:55.197 10394 10406 I art     : Explicit concurrent mark sweep GC freed 5654(289KB) AllocSpace objects, 0(0B) LOS objects, 34% free, 30MB/46MB, paused 5.032ms total 87.288ms
08-03 21:12:55.449 10394 13105 I NAPPA_EXPERIMENTATION: MetricNetworkRequestExecutionTime: REQUEST_DURATION_SYSTEM='773',REQUEST_DURATION_OKHTTP='420',REQUEST_SYNCHRONOUS='TRUE',RESPONSE_CODE='200',RESPONSE_METHOD='GET',RESPONSE_LENGTH_OKHTTP='4487',RESPONSE_LENGTH_HEADER='4487',REQUEST_PROTOCOL='h2',REQUEST_URL='https://a.thumbs.redditmedia.com/sKVnLbatvJCZOE2ooe6CgiEftOB3ukgPMdcydbk9CZ4.jpg',
08-03 21:12:55.449 10394 13105 D OK      : request got status: 200
08-03 21:12:55.459 10394 13104 I NAPPA_EXPERIMENTATION: MetricNetworkRequestExecutionTime: REQUEST_DURATION_SYSTEM='792',REQUEST_DURATION_OKHTTP='446',REQUEST_SYNCHRONOUS='TRUE',RESPONSE_CODE='200',RESPONSE_METHOD='GET',RESPONSE_LENGTH_OKHTTP='3891',RESPONSE_LENGTH_HEADER='3891',REQUEST_PROTOCOL='h2',REQUEST_URL='https://b.thumbs.redditmedia.com/CKInrczASoQbNvSBStGz11Tok0uCyQoxmZ02sOE37sQ.jpg',
08-03 21:12:55.459 10394 13104 D OK      : request got status: 200
08-03 21:12:55.560 10394 13107 I NAPPA_EXPERIMENTATION: MetricNetworkRequestExecutionTime: REQUEST_DURATION_SYSTEM='861',REQUEST_DURATION_OKHTTP='448',REQUEST_SYNCHRONOUS='TRUE',RESPONSE_CODE='200',RESPONSE_METHOD='GET',RESPONSE_LENGTH_OKHTTP='6530',RESPONSE_LENGTH_HEADER='6530',REQUEST_PROTOCOL='h2',REQUEST_URL='https://a.thumbs.redditmedia.com/dFt2-stQJkfZ8O7r7ywG9GQsF08fZXxEJfQtAmiJ-F8.jpg',
08-03 21:12:55.560 10394 13107 D OK      : request got status: 200
08-03 21:12:55.578 10394 13108 I NAPPA_EXPERIMENTATION: MetricNetworkRequestExecutionTime: REQUEST_DURATION_SYSTEM='872',REQUEST_DURATION_OKHTTP='382',REQUEST_SYNCHRONOUS='TRUE',RESPONSE_CODE='200',RESPONSE_METHOD='GET',RESPONSE_LENGTH_OKHTTP='5113',RESPONSE_LENGTH_HEADER='5113',REQUEST_PROTOCOL='h2',REQUEST_URL='https://b.thumbs.redditmedia.com/1cAaKl6LkrikiRbLsBzzOvufKqRKuPi3wgjUkX8axkI.jpg',
08-03 21:12:55.578 10394 13108 D OK      : request got status: 200
08-03 21:12:55.599 10394 10741 I art     : Starting a blocking GC Explicit
08-03 21:12:55.604 10394 13185 D OK      : calling: https://oauth.reddit.com/r/aww/hot/.json?after=t3_hz5odc
08-03 21:12:55.694 10394 13114 I NAPPA_EXPERIMENTATION: MetricNetworkRequestExecutionTime: REQUEST_DURATION_SYSTEM='922',REQUEST_DURATION_OKHTTP='461',REQUEST_SYNCHRONOUS='TRUE',RESPONSE_CODE='200',RESPONSE_METHOD='GET',RESPONSE_LENGTH_OKHTTP='6634',RESPONSE_LENGTH_HEADER='6634',REQUEST_PROTOCOL='h2',REQUEST_URL='https://b.thumbs.redditmedia.com/JTSWFy2_tijPk6cA5noKDydEAMkMJcDmKQTSX178zwc.jpg',
08-03 21:12:55.695 10394 13114 D OK      : request got status: 200
08-03 21:12:55.701 10394 10741 I art     : Explicit concurrent mark sweep GC freed 52936(2MB) AllocSpace objects, 15(860KB) LOS objects, 33% free, 31MB/47MB, paused 4.403ms total 101.325ms
08-03 21:12:55.727 10394 10741 I art     : Starting a blocking GC Explicit
08-03 21:12:55.742 10394 13112 I NAPPA_EXPERIMENTATION: MetricNetworkRequestExecutionTime: REQUEST_DURATION_SYSTEM='981',REQUEST_DURATION_OKHTTP='505',REQUEST_SYNCHRONOUS='TRUE',RESPONSE_CODE='200',RESPONSE_METHOD='GET',RESPONSE_LENGTH_OKHTTP='5439',RESPONSE_LENGTH_HEADER='5439',REQUEST_PROTOCOL='h2',REQUEST_URL='https://b.thumbs.redditmedia.com/tTmEfIrujbsvZXbhNSQS6Pc7o7ShCaGqZHbYf7nWdfg.jpg',
08-03 21:12:55.742 10394 13112 D OK      : request got status: 200
08-03 21:12:55.792 10394 13109 I NAPPA_EXPERIMENTATION: MetricNetworkRequestExecutionTime: REQUEST_DURATION_SYSTEM='1070',REQUEST_DURATION_OKHTTP='583',REQUEST_SYNCHRONOUS='TRUE',RESPONSE_CODE='200',RESPONSE_METHOD='GET',RESPONSE_LENGTH_OKHTTP='-1',RESPONSE_LENGTH_HEADER='379',REQUEST_PROTOCOL='h2',REQUEST_URL='https://api.imgur.com/3/image/NSO7Npm',
08-03 21:12:55.793 10394 13109 D OK      : request got status: 200
08-03 21:12:55.796 10394 10741 I art     : Explicit concurrent mark sweep GC freed 16516(791KB) AllocSpace objects, 11(580KB) LOS objects, 33% free, 31MB/47MB, paused 3.584ms total 68.784ms
08-03 21:12:55.820 10394 10741 I art     : Starting a blocking GC Explicit
08-03 21:12:55.830 10394 13111 I NAPPA_EXPERIMENTATION: MetricNetworkRequestExecutionTime: REQUEST_DURATION_SYSTEM='1069',REQUEST_DURATION_OKHTTP='572',REQUEST_SYNCHRONOUS='TRUE',RESPONSE_CODE='200',RESPONSE_METHOD='GET',RESPONSE_LENGTH_OKHTTP='6131',RESPONSE_LENGTH_HEADER='6131',REQUEST_PROTOCOL='h2',REQUEST_URL='https://b.thumbs.redditmedia.com/bUY4al781EZ3q7hUlnLebemHCXE3e63_SSxl2uo4Q4A.jpg',
08-03 21:12:55.830 10394 13111 D OK      : request got status: 200
08-03 21:12:55.839 10394 13119 I NAPPA_EXPERIMENTATION: MetricNetworkRequestExecutionTime: REQUEST_DURATION_SYSTEM='1015',REQUEST_DURATION_OKHTTP='538',REQUEST_SYNCHRONOUS='TRUE',RESPONSE_CODE='200',RESPONSE_METHOD='GET',RESPONSE_LENGTH_OKHTTP='7078',RESPONSE_LENGTH_HEADER='7078',REQUEST_PROTOCOL='h2',REQUEST_URL='https://b.thumbs.redditmedia.com/X3yyAViE0gxiHR-kf9Z5xmLa8dKsm8iWJyKdWNVtOhU.jpg',
08-03 21:12:55.839 10394 13119 D OK      : request got status: 200
08-03 21:12:55.851 10394 13110 I NAPPA_EXPERIMENTATION: MetricNetworkRequestExecutionTime: REQUEST_DURATION_SYSTEM='1084',REQUEST_DURATION_OKHTTP='537',REQUEST_SYNCHRONOUS='TRUE',RESPONSE_CODE='200',RESPONSE_METHOD='GET',RESPONSE_LENGTH_OKHTTP='6242',RESPONSE_LENGTH_HEADER='6242',REQUEST_PROTOCOL='h2',REQUEST_URL='https://b.thumbs.redditmedia.com/NUqJWcobH7ToYhCM0w6nnAFZ46ymm9vPD25BC3s7Wco.jpg',
08-03 21:12:55.852 10394 13110 D OK      : request got status: 200
08-03 21:12:55.888 10394 10741 I art     : Explicit concurrent mark sweep GC freed 5766(414KB) AllocSpace objects, 10(560KB) LOS objects, 33% free, 31MB/47MB, paused 3.144ms total 68.199ms
08-03 21:12:55.911 10394 13121 I NAPPA_EXPERIMENTATION: MetricNetworkRequestExecutionTime: REQUEST_DURATION_SYSTEM='1085',REQUEST_DURATION_OKHTTP='588',REQUEST_SYNCHRONOUS='TRUE',RESPONSE_CODE='200',RESPONSE_METHOD='GET',RESPONSE_LENGTH_OKHTTP='4798',RESPONSE_LENGTH_HEADER='4798',REQUEST_PROTOCOL='h2',REQUEST_URL='https://a.thumbs.redditmedia.com/KpcC72KH04Be3BqxmFbv_Gz7LCy-24GU-70or3KCdJ4.jpg',
08-03 21:12:55.911 10394 13121 D OK      : request got status: 200
08-03 21:12:55.911 10394 10741 I art     : Starting a blocking GC Explicit
08-03 21:12:55.920 10394 13113 I NAPPA_EXPERIMENTATION: MetricNetworkRequestExecutionTime: REQUEST_DURATION_SYSTEM='1152',REQUEST_DURATION_OKHTTP='585',REQUEST_SYNCHRONOUS='TRUE',RESPONSE_CODE='200',RESPONSE_METHOD='GET',RESPONSE_LENGTH_OKHTTP='6434',RESPONSE_LENGTH_HEADER='6434',REQUEST_PROTOCOL='h2',REQUEST_URL='https://b.thumbs.redditmedia.com/_H8tFMmL5-3GrxYkCtMSHiyNfjbX8pxctOw_vrzyw7o.jpg',
08-03 21:12:55.920 10394 13113 D OK      : request got status: 200
08-03 21:12:55.932 10394 13117 I NAPPA_EXPERIMENTATION: MetricNetworkRequestExecutionTime: REQUEST_DURATION_SYSTEM='1121',REQUEST_DURATION_OKHTTP='590',REQUEST_SYNCHRONOUS='TRUE',RESPONSE_CODE='200',RESPONSE_METHOD='GET',RESPONSE_LENGTH_OKHTTP='4018',RESPONSE_LENGTH_HEADER='4018',REQUEST_PROTOCOL='h2',REQUEST_URL='https://b.thumbs.redditmedia.com/lVNra-iScxkYcYtSstJ-7J7pRAUDRXIwwJhsen1ZK9g.jpg',
08-03 21:12:55.933 10394 13117 D OK      : request got status: 200
08-03 21:12:55.956 10394 13106 I NAPPA_EXPERIMENTATION: MetricNetworkRequestExecutionTime: REQUEST_DURATION_SYSTEM='1270',REQUEST_DURATION_OKHTTP='633',REQUEST_SYNCHRONOUS='TRUE',RESPONSE_CODE='200',RESPONSE_METHOD='GET',RESPONSE_LENGTH_OKHTTP='-1',RESPONSE_LENGTH_HEADER='812',REQUEST_PROTOCOL='http/1.1',REQUEST_URL='https://api.gfycat.com/v1/gfycats/deadlygravecavy',
08-03 21:12:55.956 10394 13106 D OK      : request got status: 200
08-03 21:12:55.965 10394 13116 I NAPPA_EXPERIMENTATION: MetricNetworkRequestExecutionTime: REQUEST_DURATION_SYSTEM='1156',REQUEST_DURATION_OKHTTP='601',REQUEST_SYNCHRONOUS='TRUE',RESPONSE_CODE='200',RESPONSE_METHOD='GET',RESPONSE_LENGTH_OKHTTP='8699',RESPONSE_LENGTH_HEADER='8699',REQUEST_PROTOCOL='h2',REQUEST_URL='https://b.thumbs.redditmedia.com/HkEQtny0bE4H3dMCd_woPsLAXBoPwp_DZ4ioFNIQLKk.jpg',
08-03 21:12:55.965 10394 13116 D OK      : request got status: 200
08-03 21:12:55.975 10394 13122 I NAPPA_EXPERIMENTATION: MetricNetworkRequestExecutionTime: REQUEST_DURATION_SYSTEM='1122',REQUEST_DURATION_OKHTTP='613',REQUEST_SYNCHRONOUS='TRUE',RESPONSE_CODE='200',RESPONSE_METHOD='GET',RESPONSE_LENGTH_OKHTTP='5648',RESPONSE_LENGTH_HEADER='5648',REQUEST_PROTOCOL='h2',REQUEST_URL='https://a.thumbs.redditmedia.com/cEOtajy3CAQrjwSA3hhSqnPx8bfkRzglo7Lz1SBTmE0.jpg',
08-03 21:12:55.975 10394 13122 D OK      : request got status: 200
08-03 21:12:55.977 10394 10741 I art     : Explicit concurrent mark sweep GC freed 3611(302KB) AllocSpace objects, 15(816KB) LOS objects, 33% free, 32MB/48MB, paused 2.972ms total 65.344ms
08-03 21:12:55.994 10394 13123 I NAPPA_EXPERIMENTATION: MetricNetworkRequestExecutionTime: REQUEST_DURATION_SYSTEM='1139',REQUEST_DURATION_OKHTTP='606',REQUEST_SYNCHRONOUS='TRUE',RESPONSE_CODE='200',RESPONSE_METHOD='GET',RESPONSE_LENGTH_OKHTTP='5229',RESPONSE_LENGTH_HEADER='5229',REQUEST_PROTOCOL='h2',REQUEST_URL='https://b.thumbs.redditmedia.com/RrJbRRjFZWmckrONtkPTloJh52FfqD_XkLMuYuuQvAg.jpg',
08-03 21:12:55.994 10394 13123 D OK      : request got status: 200
08-03 21:12:56.000 10394 10741 I art     : Starting a blocking GC Explicit
08-03 21:12:56.001 10394 13120 I NAPPA_EXPERIMENTATION: MetricNetworkRequestExecutionTime: REQUEST_DURATION_SYSTEM='1173',REQUEST_DURATION_OKHTTP='661',REQUEST_SYNCHRONOUS='TRUE',RESPONSE_CODE='200',RESPONSE_METHOD='GET',RESPONSE_LENGTH_OKHTTP='5207',RESPONSE_LENGTH_HEADER='5207',REQUEST_PROTOCOL='h2',REQUEST_URL='https://b.thumbs.redditmedia.com/Bx9FZp8_w10DfFUf_mqVPMfu4Y0h2lo41Dh4tl2eNeQ.jpg',
08-03 21:12:56.001 10394 13120 D OK      : request got status: 200
08-03 21:12:56.045 10394 13115 I NAPPA_EXPERIMENTATION: MetricNetworkRequestExecutionTime: REQUEST_DURATION_SYSTEM='1261',REQUEST_DURATION_OKHTTP='680',REQUEST_SYNCHRONOUS='TRUE',RESPONSE_CODE='200',RESPONSE_METHOD='GET',RESPONSE_LENGTH_OKHTTP='7265',RESPONSE_LENGTH_HEADER='7265',REQUEST_PROTOCOL='h2',REQUEST_URL='https://b.thumbs.redditmedia.com/N6fiqTp8nJD2l7sUz4nij7j1yHYMTKaflUIrn8E2bAU.jpg',
08-03 21:12:56.045 10394 13115 D OK      : request got status: 200
08-03 21:12:56.064 10394 10741 I art     : Explicit concurrent mark sweep GC freed 1780(245KB) AllocSpace objects, 16(1084KB) LOS objects, 32% free, 33MB/49MB, paused 2.587ms total 63.207ms
08-03 21:12:56.072 10394 13118 I NAPPA_EXPERIMENTATION: MetricNetworkRequestExecutionTime: REQUEST_DURATION_SYSTEM='1250',REQUEST_DURATION_OKHTTP='674',REQUEST_SYNCHRONOUS='TRUE',RESPONSE_CODE='200',RESPONSE_METHOD='GET',RESPONSE_LENGTH_OKHTTP='6093',RESPONSE_LENGTH_HEADER='6093',REQUEST_PROTOCOL='h2',REQUEST_URL='https://b.thumbs.redditmedia.com/lQKqDneXS8E7ZBD9cUQy4OqOt8PuTneSvVFtnU0pwCE.jpg',
08-03 21:12:56.073 10394 13118 D OK      : request got status: 200
08-03 21:12:56.095  7841  7841 I ServiceManager: Waiting for service AtCmdFwd...
08-03 21:12:56.104 10394 13125 I NAPPA_EXPERIMENTATION: MetricNetworkRequestExecutionTime: REQUEST_DURATION_SYSTEM='1221',REQUEST_DURATION_OKHTTP='702',REQUEST_SYNCHRONOUS='TRUE',RESPONSE_CODE='200',RESPONSE_METHOD='GET',RESPONSE_LENGTH_OKHTTP='8835',RESPONSE_LENGTH_HEADER='8835',REQUEST_PROTOCOL='h2',REQUEST_URL='https://b.thumbs.redditmedia.com/B18Vu5Jw71XCkFOFHimnUC42ya8apHsmcCW-HFmtb6w.jpg',
08-03 21:12:56.104 10394 13125 D OK      : request got status: 200
08-03 21:12:56.148 10394 13124 I NAPPA_EXPERIMENTATION: MetricNetworkRequestExecutionTime: REQUEST_DURATION_SYSTEM='1275',REQUEST_DURATION_OKHTTP='729',REQUEST_SYNCHRONOUS='TRUE',RESPONSE_CODE='200',RESPONSE_METHOD='GET',RESPONSE_LENGTH_OKHTTP='6163',RESPONSE_LENGTH_HEADER='6163',REQUEST_PROTOCOL='h2',REQUEST_URL='https://b.thumbs.redditmedia.com/chqK3f9u3D7UmfrGP85f4sOQFihMk6q7fFSeMyWs_7E.jpg',
08-03 21:12:56.148 10394 13124 D OK      : request got status: 200
08-03 21:12:56.168 10394 13127 I NAPPA_EXPERIMENTATION: MetricNetworkRequestExecutionTime: REQUEST_DURATION_SYSTEM='1278',REQUEST_DURATION_OKHTTP='704',REQUEST_SYNCHRONOUS='TRUE',RESPONSE_CODE='200',RESPONSE_METHOD='GET',RESPONSE_LENGTH_OKHTTP='4067',RESPONSE_LENGTH_HEADER='4067',REQUEST_PROTOCOL='h2',REQUEST_URL='https://b.thumbs.redditmedia.com/XNb1kfskabGDLMqv661Q22hBtCb8w5oyePDcFaZi9aY.jpg',
08-03 21:12:56.168 10394 13127 D OK      : request got status: 200
08-03 21:12:56.176 10394 13126 I NAPPA_EXPERIMENTATION: MetricNetworkRequestExecutionTime: REQUEST_DURATION_SYSTEM='1295',REQUEST_DURATION_OKHTTP='706',REQUEST_SYNCHRONOUS='TRUE',RESPONSE_CODE='200',RESPONSE_METHOD='GET',RESPONSE_LENGTH_OKHTTP='2861',RESPONSE_LENGTH_HEADER='2861',REQUEST_PROTOCOL='h2',REQUEST_URL='https://b.thumbs.redditmedia.com/iZuzjufMpYUYtQRLjRwce4RDb6JYsId95_iezR2Uc0w.jpg',
08-03 21:12:56.177 10394 13126 D OK      : request got status: 200
08-03 21:12:56.179 10394 13185 I NAPPA_EXPERIMENTATION: MetricNetworkRequestExecutionTime: REQUEST_DURATION_SYSTEM='575',REQUEST_DURATION_OKHTTP='570',REQUEST_SYNCHRONOUS='TRUE',RESPONSE_CODE='200',RESPONSE_METHOD='GET',RESPONSE_LENGTH_OKHTTP='-1',RESPONSE_LENGTH_HEADER='30610',REQUEST_PROTOCOL='h2',REQUEST_URL='https://oauth.reddit.com/r/aww/hot/.json?after=t3_hz5odc',
08-03 21:12:56.179 10394 13185 D OK      : request got status: 200
08-03 21:12:56.194 10394 13130 I NAPPA_EXPERIMENTATION: MetricNetworkRequestExecutionTime: REQUEST_DURATION_SYSTEM='1287',REQUEST_DURATION_OKHTTP='714',REQUEST_SYNCHRONOUS='TRUE',RESPONSE_CODE='200',RESPONSE_METHOD='GET',RESPONSE_LENGTH_OKHTTP='6778',RESPONSE_LENGTH_HEADER='6778',REQUEST_PROTOCOL='h2',REQUEST_URL='https://b.thumbs.redditmedia.com/189nmwjW7eGWBD0J-cxzsUac1V1ZWGzMFC66inY4u4Y.jpg',
08-03 21:12:56.194 10394 13130 D OK      : request got status: 200
08-03 21:12:56.196 10394 11001 I PostListingFragment: Precaching images: OFF
08-03 21:12:56.196 10394 11001 I PostListingFragment: Precaching comments: OFF
08-03 21:12:56.219 10394 13129 I NAPPA_EXPERIMENTATION: MetricNetworkRequestExecutionTime: REQUEST_DURATION_SYSTEM='1315',REQUEST_DURATION_OKHTTP='724',REQUEST_SYNCHRONOUS='TRUE',RESPONSE_CODE='200',RESPONSE_METHOD='GET',RESPONSE_LENGTH_OKHTTP='6843',RESPONSE_LENGTH_HEADER='6843',REQUEST_PROTOCOL='h2',REQUEST_URL='https://b.thumbs.redditmedia.com/x5l4cICw0WNNvslt5FqVjwj89XrGjrXnNbaSyQRAyCo.jpg',
08-03 21:12:56.220 10394 13129 D OK      : request got status: 200
08-03 21:12:56.231 10394 13128 I NAPPA_EXPERIMENTATION: MetricNetworkRequestExecutionTime: REQUEST_DURATION_SYSTEM='1330',REQUEST_DURATION_OKHTTP='739',REQUEST_SYNCHRONOUS='TRUE',RESPONSE_CODE='200',RESPONSE_METHOD='GET',RESPONSE_LENGTH_OKHTTP='4249',RESPONSE_LENGTH_HEADER='4249',REQUEST_PROTOCOL='h2',REQUEST_URL='https://b.thumbs.redditmedia.com/lMqJbh1Z40ffemA0TnSfVnovznn4hvJNue60AsJ-ETs.jpg',
08-03 21:12:56.231 10394 13128 D OK      : request got status: 200
08-03 21:12:56.241 10394 13205 D OK      : calling: https://b.thumbs.redditmedia.com/WehZGjN94ALGdO0M7RjPJ2EwcyyWVZ_NUn1Fuf7IYWY.jpg
08-03 21:12:56.260 10394 13135 I NAPPA_EXPERIMENTATION: MetricNetworkRequestExecutionTime: REQUEST_DURATION_SYSTEM='1309',REQUEST_DURATION_OKHTTP='453',REQUEST_SYNCHRONOUS='TRUE',RESPONSE_CODE='200',RESPONSE_METHOD='GET',RESPONSE_LENGTH_OKHTTP='-1',RESPONSE_LENGTH_HEADER='1021',REQUEST_PROTOCOL='http/1.1',REQUEST_URL='https://api.gfycat.com/v1/gfycats/foolhardysparklinglarva',
08-03 21:12:56.260 10394 13135 D OK      : request got status: 200
08-03 21:12:56.275 10394 13208 D OK      : calling: https://b.thumbs.redditmedia.com/Xdo4lcQOwuUNK1yxSlXZ0OI8u23ORAr16_AzfAZ1nvU.jpg
08-03 21:12:56.281 10394 13131 I NAPPA_EXPERIMENTATION: MetricNetworkRequestExecutionTime: REQUEST_DURATION_SYSTEM='1364',REQUEST_DURATION_OKHTTP='595',REQUEST_SYNCHRONOUS='TRUE',RESPONSE_CODE='200',RESPONSE_METHOD='GET',RESPONSE_LENGTH_OKHTTP='6221',RESPONSE_LENGTH_HEADER='6221',REQUEST_PROTOCOL='h2',REQUEST_URL='https://b.thumbs.redditmedia.com/d_-UsfmKASoIHi4vZyyjvvwFtm1S7-DEi9AQPOnGIgY.jpg',
08-03 21:12:56.282 10394 13131 D OK      : request got status: 200
08-03 21:12:56.303 10394 11001 I getImgurImageInfo: Image nLQR2hT: trying API v3 with auth
08-03 21:12:56.333 10394 13214 D OK      : calling: https://b.thumbs.redditmedia.com/2KMYZ5hTlKXSvNO4hDUPyMba8Yz6skyu1SjUhLq1d9s.jpg
08-03 21:12:56.337 10394 13142 I NAPPA_EXPERIMENTATION: MetricNetworkRequestExecutionTime: REQUEST_DURATION_SYSTEM='1351',REQUEST_DURATION_OKHTTP='647',REQUEST_SYNCHRONOUS='TRUE',RESPONSE_CODE='200',RESPONSE_METHOD='GET',RESPONSE_LENGTH_OKHTTP='2342',RESPONSE_LENGTH_HEADER='2342',REQUEST_PROTOCOL='h2',REQUEST_URL='https://v.redd.it/ar5k8892pid51/DASHPlaylist.mpd',
08-03 21:12:56.337 10394 13142 D OK      : request got status: 200
08-03 21:12:56.340 10394 13215 D OK      : calling: https://a.thumbs.redditmedia.com/EFVm-ZqqhARyEaKgtwU74c7tfzEDJvI0uiHXGglFag4.jpg
08-03 21:12:56.343 10394 13134 I NAPPA_EXPERIMENTATION: MetricNetworkRequestExecutionTime: REQUEST_DURATION_SYSTEM='1399',REQUEST_DURATION_OKHTTP='651',REQUEST_SYNCHRONOUS='TRUE',RESPONSE_CODE='200',RESPONSE_METHOD='GET',RESPONSE_LENGTH_OKHTTP='1713',RESPONSE_LENGTH_HEADER='1713',REQUEST_PROTOCOL='h2',REQUEST_URL='https://v.redd.it/ak6rer1hskd51/DASHPlaylist.mpd',
08-03 21:12:56.343 10394 13134 D OK      : request got status: 200
08-03 21:12:56.364 10394 13139 I NAPPA_EXPERIMENTATION: MetricNetworkRequestExecutionTime: REQUEST_DURATION_SYSTEM='1386',REQUEST_DURATION_OKHTTP='645',REQUEST_SYNCHRONOUS='TRUE',RESPONSE_CODE='200',RESPONSE_METHOD='GET',RESPONSE_LENGTH_OKHTTP='2698',RESPONSE_LENGTH_HEADER='2698',REQUEST_PROTOCOL='h2',REQUEST_URL='https://v.redd.it/s9qqadf3mid51/DASHPlaylist.mpd',
08-03 21:12:56.364 10394 13139 D OK      : request got status: 200
08-03 21:12:56.373 10394 13132 I NAPPA_EXPERIMENTATION: MetricNetworkRequestExecutionTime: REQUEST_DURATION_SYSTEM='1444',REQUEST_DURATION_OKHTTP='642',REQUEST_SYNCHRONOUS='TRUE',RESPONSE_CODE='200',RESPONSE_METHOD='GET',RESPONSE_LENGTH_OKHTTP='2700',RESPONSE_LENGTH_HEADER='2700',REQUEST_PROTOCOL='h2',REQUEST_URL='https://v.redd.it/fkewv2f65kd51/DASHPlaylist.mpd',
08-03 21:12:56.373 10394 13132 D OK      : request got status: 200
08-03 21:12:56.379 10394 13136 I NAPPA_EXPERIMENTATION: MetricNetworkRequestExecutionTime: REQUEST_DURATION_SYSTEM='1425',REQUEST_DURATION_OKHTTP='656',REQUEST_SYNCHRONOUS='TRUE',RESPONSE_CODE='200',RESPONSE_METHOD='GET',RESPONSE_LENGTH_OKHTTP='2429',RESPONSE_LENGTH_HEADER='2429',REQUEST_PROTOCOL='h2',REQUEST_URL='https://v.redd.it/h49fg58ygjd51/DASHPlaylist.mpd',
08-03 21:12:56.379 10394 13136 D OK      : request got status: 200
08-03 21:12:56.379 10394 13133 I NAPPA_EXPERIMENTATION: MetricNetworkRequestExecutionTime: REQUEST_DURATION_SYSTEM='1438',REQUEST_DURATION_OKHTTP='425',REQUEST_SYNCHRONOUS='TRUE',RESPONSE_CODE='200',RESPONSE_METHOD='GET',RESPONSE_LENGTH_OKHTTP='-1',RESPONSE_LENGTH_HEADER='955',REQUEST_PROTOCOL='http/1.1',REQUEST_URL='https://api.gfycat.com/v1/gfycats/altruisticthankfulankolewatusi',
08-03 21:12:56.379 10394 13133 D OK      : request got status: 200
08-03 21:12:56.384 10394 13138 I NAPPA_EXPERIMENTATION: MetricNetworkRequestExecutionTime: REQUEST_DURATION_SYSTEM='1406',REQUEST_DURATION_OKHTTP='637',REQUEST_SYNCHRONOUS='TRUE',RESPONSE_CODE='200',RESPONSE_METHOD='GET',RESPONSE_LENGTH_OKHTTP='2787',RESPONSE_LENGTH_HEADER='2787',REQUEST_PROTOCOL='h2',REQUEST_URL='https://v.redd.it/ppmhu2r9thd51/DASHPlaylist.mpd',
08-03 21:12:56.384 10394 13138 D OK      : request got status: 200
08-03 21:12:56.387 10394 13216 D OK      : calling: https://b.thumbs.redditmedia.com/qi4bNDKzoPvaSaSx99K2bAjwaRHh1nuOrcbySp1JHdk.jpg
08-03 21:12:56.409 10394 13137 I NAPPA_EXPERIMENTATION: MetricNetworkRequestExecutionTime: REQUEST_DURATION_SYSTEM='1459',REQUEST_DURATION_OKHTTP='665',REQUEST_SYNCHRONOUS='TRUE',RESPONSE_CODE='200',RESPONSE_METHOD='GET',RESPONSE_LENGTH_OKHTTP='3058',RESPONSE_LENGTH_HEADER='3058',REQUEST_PROTOCOL='h2',REQUEST_URL='https://v.redd.it/1ewzkieg0jd51/DASHPlaylist.mpd',
08-03 21:12:56.409 10394 13137 D OK      : request got status: 200
08-03 21:12:56.417 10394 13141 I NAPPA_EXPERIMENTATION: MetricNetworkRequestExecutionTime: REQUEST_DURATION_SYSTEM='1435',REQUEST_DURATION_OKHTTP='561',REQUEST_SYNCHRONOUS='TRUE',RESPONSE_CODE='200',RESPONSE_METHOD='GET',RESPONSE_LENGTH_OKHTTP='2071',RESPONSE_LENGTH_HEADER='2071',REQUEST_PROTOCOL='h2',REQUEST_URL='https://v.redd.it/ty24o02m1hd51/DASHPlaylist.mpd',
08-03 21:12:56.417 10394 13141 D OK      : request got status: 200
08-03 21:12:56.430 10394 13140 I NAPPA_EXPERIMENTATION: MetricNetworkRequestExecutionTime: REQUEST_DURATION_SYSTEM='1469',REQUEST_DURATION_OKHTTP='654',REQUEST_SYNCHRONOUS='TRUE',RESPONSE_CODE='200',RESPONSE_METHOD='GET',RESPONSE_LENGTH_OKHTTP='3060',RESPONSE_LENGTH_HEADER='3060',REQUEST_PROTOCOL='h2',REQUEST_URL='https://v.redd.it/b8vazlcb7ld51/DASHPlaylist.mpd',
08-03 21:12:56.430 10394 13140 D OK      : request got status: 200
08-03 21:12:56.458 10394 10407 I art     : Starting a blocking GC Explicit
08-03 21:12:56.467 10394 13217 D OK      : calling: https://b.thumbs.redditmedia.com/Ja8yiRMklM2lXd8q60LtBI6CqdmJ5YbWHRiBVFmICJA.jpg
08-03 21:12:56.481 10394 13142 I RedditVideosAPI: For 'https://v.redd.it/ar5k8892pid51/DASHPlaylist.mpd', got video stream 'https://v.redd.it/ar5k8892pid51/DASH_360' and audio stream 'https://v.redd.it/ar5k8892pid51/audio'
08-03 21:12:56.539 10394 13205 I NAPPA_EXPERIMENTATION: MetricNetworkRequestExecutionTime: REQUEST_DURATION_SYSTEM='297',REQUEST_DURATION_OKHTTP='294',REQUEST_SYNCHRONOUS='TRUE',RESPONSE_CODE='200',RESPONSE_METHOD='GET',RESPONSE_LENGTH_OKHTTP='5435',RESPONSE_LENGTH_HEADER='5435',REQUEST_PROTOCOL='h2',REQUEST_URL='https://b.thumbs.redditmedia.com/WehZGjN94ALGdO0M7RjPJ2EwcyyWVZ_NUn1Fuf7IYWY.jpg',
08-03 21:12:56.539 10394 13205 D OK      : request got status: 200
08-03 21:12:56.547 10394 10407 I art     : Explicit concurrent mark sweep GC freed 29416(1989KB) AllocSpace objects, 89(5MB) LOS objects, 30% free, 37MB/53MB, paused 1.971ms total 87.948ms
08-03 21:12:56.552 10394 13134 I RedditVideosAPI: For 'https://v.redd.it/ak6rer1hskd51/DASHPlaylist.mpd', got video stream 'https://v.redd.it/ak6rer1hskd51/DASH_360' and audio stream 'null'
08-03 21:12:56.560 10394 13139 I RedditVideosAPI: For 'https://v.redd.it/s9qqadf3mid51/DASHPlaylist.mpd', got video stream 'https://v.redd.it/s9qqadf3mid51/DASH_480' and audio stream 'https://v.redd.it/s9qqadf3mid51/audio'
08-03 21:12:56.567 10394 13132 I RedditVideosAPI: For 'https://v.redd.it/fkewv2f65kd51/DASHPlaylist.mpd', got video stream 'https://v.redd.it/fkewv2f65kd51/DASH_480' and audio stream 'https://v.redd.it/fkewv2f65kd51/audio'
08-03 21:12:56.570 10394 13218 D OK      : calling: https://b.thumbs.redditmedia.com/o5lSsJ_tCgCQxcdjMGaYxuveNluXB1PQT4PokXDhpvc.jpg
08-03 21:12:56.573 10394 13208 I NAPPA_EXPERIMENTATION: MetricNetworkRequestExecutionTime: REQUEST_DURATION_SYSTEM='296',REQUEST_DURATION_OKHTTP='295',REQUEST_SYNCHRONOUS='TRUE',RESPONSE_CODE='200',RESPONSE_METHOD='GET',RESPONSE_LENGTH_OKHTTP='5191',RESPONSE_LENGTH_HEADER='5191',REQUEST_PROTOCOL='h2',REQUEST_URL='https://b.thumbs.redditmedia.com/Xdo4lcQOwuUNK1yxSlXZ0OI8u23ORAr16_AzfAZ1nvU.jpg',
08-03 21:12:56.573 10394 13208 D OK      : request got status: 200
08-03 21:12:56.573 10394 13214 I NAPPA_EXPERIMENTATION: MetricNetworkRequestExecutionTime: REQUEST_DURATION_SYSTEM='240',REQUEST_DURATION_OKHTTP='239',REQUEST_SYNCHRONOUS='TRUE',RESPONSE_CODE='200',RESPONSE_METHOD='GET',RESPONSE_LENGTH_OKHTTP='5098',RESPONSE_LENGTH_HEADER='5098',REQUEST_PROTOCOL='h2',REQUEST_URL='https://b.thumbs.redditmedia.com/2KMYZ5hTlKXSvNO4hDUPyMba8Yz6skyu1SjUhLq1d9s.jpg',
08-03 21:12:56.573 10394 13214 D OK      : request got status: 200
08-03 21:12:56.576 10394 10407 I art     : Starting a blocking GC Explicit
08-03 21:12:56.580 10394 13136 I RedditVideosAPI: For 'https://v.redd.it/h49fg58ygjd51/DASHPlaylist.mpd', got video stream 'https://v.redd.it/h49fg58ygjd51/DASH_480' and audio stream 'null'
08-03 21:12:56.581 10394 13216 I NAPPA_EXPERIMENTATION: MetricNetworkRequestExecutionTime: REQUEST_DURATION_SYSTEM='194',REQUEST_DURATION_OKHTTP='192',REQUEST_SYNCHRONOUS='TRUE',RESPONSE_CODE='200',RESPONSE_METHOD='GET',RESPONSE_LENGTH_OKHTTP='4475',RESPONSE_LENGTH_HEADER='4475',REQUEST_PROTOCOL='h2',REQUEST_URL='https://b.thumbs.redditmedia.com/qi4bNDKzoPvaSaSx99K2bAjwaRHh1nuOrcbySp1JHdk.jpg',
08-03 21:12:56.581 10394 13216 D OK      : request got status: 200
08-03 21:12:56.591 10394 13138 I RedditVideosAPI: For 'https://v.redd.it/ppmhu2r9thd51/DASHPlaylist.mpd', got video stream 'https://v.redd.it/ppmhu2r9thd51/DASH_480' and audio stream 'null'
08-03 21:12:56.599 10394 13137 I RedditVideosAPI: For 'https://v.redd.it/1ewzkieg0jd51/DASHPlaylist.mpd', got video stream 'https://v.redd.it/1ewzkieg0jd51/DASH_480' and audio stream 'https://v.redd.it/1ewzkieg0jd51/audio'
08-03 21:12:56.607 10394 13141 I RedditVideosAPI: For 'https://v.redd.it/ty24o02m1hd51/DASHPlaylist.mpd', got video stream 'https://v.redd.it/ty24o02m1hd51/DASH_480' and audio stream 'null'
08-03 21:12:56.622 10394 13140 I RedditVideosAPI: For 'https://v.redd.it/b8vazlcb7ld51/DASHPlaylist.mpd', got video stream 'https://v.redd.it/b8vazlcb7ld51/DASH_480' and audio stream 'https://v.redd.it/b8vazlcb7ld51/audio'
08-03 21:12:56.634 10394 13221 D OK      : calling: https://b.thumbs.redditmedia.com/SiCWTmKkQcbiAa7naxAHnw0adTeRkq1dB8QSqzGU7-Q.jpg
08-03 21:12:56.643 10394 10407 I art     : Explicit concurrent mark sweep GC freed 24722(1510KB) AllocSpace objects, 18(1224KB) LOS objects, 30% free, 35MB/51MB, paused 2.287ms total 66.547ms
08-03 21:12:56.652 10394 13217 I NAPPA_EXPERIMENTATION: MetricNetworkRequestExecutionTime: REQUEST_DURATION_SYSTEM='185',REQUEST_DURATION_OKHTTP='184',REQUEST_SYNCHRONOUS='TRUE',RESPONSE_CODE='200',RESPONSE_METHOD='GET',RESPONSE_LENGTH_OKHTTP='5414',RESPONSE_LENGTH_HEADER='5414',REQUEST_PROTOCOL='h2',REQUEST_URL='https://b.thumbs.redditmedia.com/Ja8yiRMklM2lXd8q60LtBI6CqdmJ5YbWHRiBVFmICJA.jpg',
08-03 21:12:56.652 10394 13217 D OK      : request got status: 200
08-03 21:12:56.667 10394 10407 I art     : Starting a blocking GC Explicit
08-03 21:12:56.678 10394 13222 D OK      : calling: https://b.thumbs.redditmedia.com/C9qrVibnNxmzfLDKvEHp2v2Bo-Kqme7PoKC52s2o52M.jpg
08-03 21:12:56.702 10394 13223 D OK      : calling: https://a.thumbs.redditmedia.com/Tfsm0ol-ltlxNSBAkZ_4G4302d0hYeOSODkvXidBBR8.jpg
08-03 21:12:56.715 10394 13224 D OK      : calling: https://a.thumbs.redditmedia.com/Kzag-wH9wKRRg2MnPwgoFgXT_2jN_nkJ1lY1aNRQyT4.jpg
08-03 21:12:56.723 10394 13225 D OK      : calling: https://a.thumbs.redditmedia.com/P4gSGpXpi2wDXthNZ-LiwEs5Jvplm6dQ7W7Isqa7un4.jpg
08-03 21:12:56.729 10394 13226 D OK      : calling: https://b.thumbs.redditmedia.com/XkIhgqugP-9Zcb5I9A8o0r-zQJDh_6kastc0oWiiHkI.jpg
08-03 21:12:56.731 10394 13218 I NAPPA_EXPERIMENTATION: MetricNetworkRequestExecutionTime: REQUEST_DURATION_SYSTEM='161',REQUEST_DURATION_OKHTTP='160',REQUEST_SYNCHRONOUS='TRUE',RESPONSE_CODE='200',RESPONSE_METHOD='GET',RESPONSE_LENGTH_OKHTTP='4921',RESPONSE_LENGTH_HEADER='4921',REQUEST_PROTOCOL='h2',REQUEST_URL='https://b.thumbs.redditmedia.com/o5lSsJ_tCgCQxcdjMGaYxuveNluXB1PQT4PokXDhpvc.jpg',
08-03 21:12:56.731 10394 13218 D OK      : request got status: 200
08-03 21:12:56.733 10394 10407 I art     : Explicit concurrent mark sweep GC freed 2845(275KB) AllocSpace objects, 23(1736KB) LOS objects, 30% free, 36MB/52MB, paused 2.100ms total 65.824ms
08-03 21:12:56.733 10394 13227 D OK      : calling: https://b.thumbs.redditmedia.com/3QPAtixkID9ojpqCAgfspJpruqoq45fM1G-Fx1K2F2A.jpg
08-03 21:12:56.737 10394 13228 D OK      : calling: https://b.thumbs.redditmedia.com/orK4W8Xc99pTzIT6q1waTsppldq24p1qMsHtkNnmu9w.jpg
08-03 21:12:56.740 10394 13229 D OK      : calling: https://b.thumbs.redditmedia.com/B1vXKY_-gTPbs625-RJ1MLIXxzCqfmnCB_0xnGjCECQ.jpg
08-03 21:12:56.745 10394 13231 D OK      : calling: https://a.thumbs.redditmedia.com/ffAKmOqnTuDMNR9MRfCdRtkq_CzN3MVhZxS64ZPYRh4.jpg
08-03 21:12:56.748 10394 13232 D OK      : calling: https://b.thumbs.redditmedia.com/OF1KI_LdSDMMWCy-WgJyRhIcM5fr7kDyu_OnpfRXHfI.jpg
08-03 21:12:56.752 10394 13233 D OK      : calling: https://b.thumbs.redditmedia.com/vuAhA4gGAmYfrTFA4woxZcKgmiDzJ3nAsql2pxcYGFs.jpg
08-03 21:12:56.756 10394 13234 D OK      : calling: https://b.thumbs.redditmedia.com/PtV7mFsO2n0j4YJweZjEqyVJ45hap4hXix9dwj6D0Wg.jpg
08-03 21:12:56.758 10394 13235 D OK      : calling: https://b.thumbs.redditmedia.com/wxTBcOhAgsmbc-TRaGNHpYJYnEOBr2LNsaZ6pCM91Lc.jpg
08-03 21:12:56.760 10394 13236 D OK      : calling: https://b.thumbs.redditmedia.com/Wo7bFIVNZYYuNioRYwZFYxrl6QMk0lT-3W01wrXgHmE.jpg
08-03 21:12:56.761 10394 10407 I art     : Starting a blocking GC Explicit
08-03 21:12:56.762 10394 13237 D OK      : calling: https://b.thumbs.redditmedia.com/NoqMycYTzsyhI0Lq351riEI1mO9p8PvY1QwcZ9Irb9g.jpg
08-03 21:12:56.767 10394 13238 D OK      : calling: https://b.thumbs.redditmedia.com/KrRufqpifph7KM2Le5RdqEYQb24zbB4fizBJpFaH1Pc.jpg
08-03 21:12:56.769 10394 13239 D OK      : calling: https://b.thumbs.redditmedia.com/u2qz17QE3X5G7kkJrgK3HPCdxNQxNkhaWqfIhCuRMvE.jpg
08-03 21:12:56.772 10394 13240 D OK      : calling: https://v.redd.it/syww111dtjd51/DASHPlaylist.mpd
08-03 21:12:56.774 10394 13241 D OK      : calling: https://v.redd.it/pbqrrfb3tkd51/DASHPlaylist.mpd
08-03 21:12:56.776 10394 13242 D OK      : calling: https://v.redd.it/rrygsb8i4ld51/DASHPlaylist.mpd
08-03 21:12:56.778 10394 13215 I NAPPA_EXPERIMENTATION: MetricNetworkRequestExecutionTime: REQUEST_DURATION_SYSTEM='437',REQUEST_DURATION_OKHTTP='174',REQUEST_SYNCHRONOUS='TRUE',RESPONSE_CODE='200',RESPONSE_METHOD='GET',RESPONSE_LENGTH_OKHTTP='5307',RESPONSE_LENGTH_HEADER='5307',REQUEST_PROTOCOL='h2',REQUEST_URL='https://a.thumbs.redditmedia.com/EFVm-ZqqhARyEaKgtwU74c7tfzEDJvI0uiHXGglFag4.jpg',
08-03 21:12:56.778 10394 13215 D OK      : request got status: 200
08-03 21:12:56.780 10394 13243 D OK      : calling: https://v.redd.it/5x6zzipz8ld51/DASHPlaylist.mpd
08-03 21:12:56.781 10394 13244 D OK      : calling: https://v.redd.it/75en73fm5id51/DASHPlaylist.mpd
08-03 21:12:56.784 10394 13245 D OK      : calling: https://api.imgur.com/3/image/nLQR2hT
08-03 21:12:56.786 10394 13246 D OK      : calling: https://v.redd.it/ggz4fyth6hd51/DASHPlaylist.mpd
08-03 21:12:56.789 10394 13247 D OK      : calling: https://v.redd.it/psrknoobrgd51/DASHPlaylist.mpd
08-03 21:12:56.792 10394 13248 D OK      : calling: https://v.redd.it/jk6cwef4wld51/DASHPlaylist.mpd
08-03 21:12:56.794 10394 13249 D OK      : calling: https://v.redd.it/t81s8zfz9ld51/DASHPlaylist.mpd
08-03 21:12:56.807 10394 13250 D OK      : calling: https://v.redd.it/xd6c4yyutgd51/DASHPlaylist.mpd
08-03 21:12:56.814 10394 13251 D OK      : calling: https://v.redd.it/ue0jdgk9zhd51/DASHPlaylist.mpd
08-03 21:12:56.826 10394 10407 I art     : Explicit concurrent mark sweep GC freed 4604(286KB) AllocSpace objects, 9(528KB) LOS objects, 30% free, 37MB/53MB, paused 3.068ms total 65.309ms
08-03 21:12:56.850 10394 10407 I art     : Starting a blocking GC Explicit
08-03 21:12:56.862 10394 13221 I NAPPA_EXPERIMENTATION: MetricNetworkRequestExecutionTime: REQUEST_DURATION_SYSTEM='228',REQUEST_DURATION_OKHTTP='227',REQUEST_SYNCHRONOUS='TRUE',RESPONSE_CODE='200',RESPONSE_METHOD='GET',RESPONSE_LENGTH_OKHTTP='5968',RESPONSE_LENGTH_HEADER='5968',REQUEST_PROTOCOL='h2',REQUEST_URL='https://b.thumbs.redditmedia.com/SiCWTmKkQcbiAa7naxAHnw0adTeRkq1dB8QSqzGU7-Q.jpg',
08-03 21:12:56.863 10394 13221 D OK      : request got status: 200
08-03 21:12:56.918 10394 10407 I art     : Explicit concurrent mark sweep GC freed 1134(95KB) AllocSpace objects, 8(600KB) LOS objects, 30% free, 36MB/52MB, paused 2.757ms total 67.919ms
08-03 21:12:56.924 10394 13222 I NAPPA_EXPERIMENTATION: MetricNetworkRequestExecutionTime: REQUEST_DURATION_SYSTEM='246',REQUEST_DURATION_OKHTTP='245',REQUEST_SYNCHRONOUS='TRUE',RESPONSE_CODE='200',RESPONSE_METHOD='GET',RESPONSE_LENGTH_OKHTTP='5378',RESPONSE_LENGTH_HEADER='5378',REQUEST_PROTOCOL='h2',REQUEST_URL='https://b.thumbs.redditmedia.com/C9qrVibnNxmzfLDKvEHp2v2Bo-Kqme7PoKC52s2o52M.jpg',
08-03 21:12:56.924 10394 13222 D OK      : request got status: 200
08-03 21:12:56.991 10394 13223 I NAPPA_EXPERIMENTATION: MetricNetworkRequestExecutionTime: REQUEST_DURATION_SYSTEM='289',REQUEST_DURATION_OKHTTP='287',REQUEST_SYNCHRONOUS='TRUE',RESPONSE_CODE='200',RESPONSE_METHOD='GET',RESPONSE_LENGTH_OKHTTP='7540',RESPONSE_LENGTH_HEADER='7540',REQUEST_PROTOCOL='h2',REQUEST_URL='https://a.thumbs.redditmedia.com/Tfsm0ol-ltlxNSBAkZ_4G4302d0hYeOSODkvXidBBR8.jpg',
08-03 21:12:56.991 10394 13223 D OK      : request got status: 200
08-03 21:12:57.055 10394 13224 I NAPPA_EXPERIMENTATION: MetricNetworkRequestExecutionTime: REQUEST_DURATION_SYSTEM='340',REQUEST_DURATION_OKHTTP='340',REQUEST_SYNCHRONOUS='TRUE',RESPONSE_CODE='200',RESPONSE_METHOD='GET',RESPONSE_LENGTH_OKHTTP='3635',RESPONSE_LENGTH_HEADER='3635',REQUEST_PROTOCOL='h2',REQUEST_URL='https://a.thumbs.redditmedia.com/Kzag-wH9wKRRg2MnPwgoFgXT_2jN_nkJ1lY1aNRQyT4.jpg',
08-03 21:12:57.055 10394 13224 D OK      : request got status: 200
08-03 21:12:57.082 10394 13226 I NAPPA_EXPERIMENTATION: MetricNetworkRequestExecutionTime: REQUEST_DURATION_SYSTEM='353',REQUEST_DURATION_OKHTTP='352',REQUEST_SYNCHRONOUS='TRUE',RESPONSE_CODE='200',RESPONSE_METHOD='GET',RESPONSE_LENGTH_OKHTTP='4080',RESPONSE_LENGTH_HEADER='4080',REQUEST_PROTOCOL='h2',REQUEST_URL='https://b.thumbs.redditmedia.com/XkIhgqugP-9Zcb5I9A8o0r-zQJDh_6kastc0oWiiHkI.jpg',
08-03 21:12:57.082 10394 13226 D OK      : request got status: 200
08-03 21:12:57.096  7841  7841 I ServiceManager: Waiting for service AtCmdFwd...
08-03 21:12:57.155 10394 13225 I NAPPA_EXPERIMENTATION: MetricNetworkRequestExecutionTime: REQUEST_DURATION_SYSTEM='432',REQUEST_DURATION_OKHTTP='430',REQUEST_SYNCHRONOUS='TRUE',RESPONSE_CODE='200',RESPONSE_METHOD='GET',RESPONSE_LENGTH_OKHTTP='5641',RESPONSE_LENGTH_HEADER='5641',REQUEST_PROTOCOL='h2',REQUEST_URL='https://a.thumbs.redditmedia.com/P4gSGpXpi2wDXthNZ-LiwEs5Jvplm6dQ7W7Isqa7un4.jpg',
08-03 21:12:57.155 10394 13225 D OK      : request got status: 200
08-03 21:12:57.205 10394 13227 I NAPPA_EXPERIMENTATION: MetricNetworkRequestExecutionTime: REQUEST_DURATION_SYSTEM='472',REQUEST_DURATION_OKHTTP='470',REQUEST_SYNCHRONOUS='TRUE',RESPONSE_CODE='200',RESPONSE_METHOD='GET',RESPONSE_LENGTH_OKHTTP='3183',RESPONSE_LENGTH_HEADER='3183',REQUEST_PROTOCOL='h2',REQUEST_URL='https://b.thumbs.redditmedia.com/3QPAtixkID9ojpqCAgfspJpruqoq45fM1G-Fx1K2F2A.jpg',
08-03 21:12:57.205 10394 13227 D OK      : request got status: 200
08-03 21:12:57.215 10394 13240 I NAPPA_EXPERIMENTATION: MetricNetworkRequestExecutionTime: REQUEST_DURATION_SYSTEM='443',REQUEST_DURATION_OKHTTP='443',REQUEST_SYNCHRONOUS='TRUE',RESPONSE_CODE='200',RESPONSE_METHOD='GET',RESPONSE_LENGTH_OKHTTP='2696',RESPONSE_LENGTH_HEADER='2696',REQUEST_PROTOCOL='h2',REQUEST_URL='https://v.redd.it/syww111dtjd51/DASHPlaylist.mpd',
08-03 21:12:57.215 10394 13240 D OK      : request got status: 200
08-03 21:12:57.230 10394 13231 I NAPPA_EXPERIMENTATION: MetricNetworkRequestExecutionTime: REQUEST_DURATION_SYSTEM='485',REQUEST_DURATION_OKHTTP='483',REQUEST_SYNCHRONOUS='TRUE',RESPONSE_CODE='200',RESPONSE_METHOD='GET',RESPONSE_LENGTH_OKHTTP='4470',RESPONSE_LENGTH_HEADER='4470',REQUEST_PROTOCOL='h2',REQUEST_URL='https://a.thumbs.redditmedia.com/ffAKmOqnTuDMNR9MRfCdRtkq_CzN3MVhZxS64ZPYRh4.jpg',
08-03 21:12:57.231 10394 13231 D OK      : request got status: 200
08-03 21:12:57.233 10394 13228 I NAPPA_EXPERIMENTATION: MetricNetworkRequestExecutionTime: REQUEST_DURATION_SYSTEM='496',REQUEST_DURATION_OKHTTP='495',REQUEST_SYNCHRONOUS='TRUE',RESPONSE_CODE='200',RESPONSE_METHOD='GET',RESPONSE_LENGTH_OKHTTP='6654',RESPONSE_LENGTH_HEADER='6654',REQUEST_PROTOCOL='h2',REQUEST_URL='https://b.thumbs.redditmedia.com/orK4W8Xc99pTzIT6q1waTsppldq24p1qMsHtkNnmu9w.jpg',
08-03 21:12:57.233 10394 13228 D OK      : request got status: 200
08-03 21:12:57.248 10394 13229 I NAPPA_EXPERIMENTATION: MetricNetworkRequestExecutionTime: REQUEST_DURATION_SYSTEM='508',REQUEST_DURATION_OKHTTP='508',REQUEST_SYNCHRONOUS='TRUE',RESPONSE_CODE='200',RESPONSE_METHOD='GET',RESPONSE_LENGTH_OKHTTP='3864',RESPONSE_LENGTH_HEADER='3864',REQUEST_PROTOCOL='h2',REQUEST_URL='https://b.thumbs.redditmedia.com/B1vXKY_-gTPbs625-RJ1MLIXxzCqfmnCB_0xnGjCECQ.jpg',
08-03 21:12:57.248 10394 13229 D OK      : request got status: 200
08-03 21:12:57.258 10394 13232 I NAPPA_EXPERIMENTATION: MetricNetworkRequestExecutionTime: REQUEST_DURATION_SYSTEM='510',REQUEST_DURATION_OKHTTP='509',REQUEST_SYNCHRONOUS='TRUE',RESPONSE_CODE='200',RESPONSE_METHOD='GET',RESPONSE_LENGTH_OKHTTP='5125',RESPONSE_LENGTH_HEADER='5125',REQUEST_PROTOCOL='h2',REQUEST_URL='https://b.thumbs.redditmedia.com/OF1KI_LdSDMMWCy-WgJyRhIcM5fr7kDyu_OnpfRXHfI.jpg',
08-03 21:12:57.258 10394 13232 D OK      : request got status: 200
08-03 21:12:57.259 10394 13243 I NAPPA_EXPERIMENTATION: MetricNetworkRequestExecutionTime: REQUEST_DURATION_SYSTEM='479',REQUEST_DURATION_OKHTTP='477',REQUEST_SYNCHRONOUS='TRUE',RESPONSE_CODE='200',RESPONSE_METHOD='GET',RESPONSE_LENGTH_OKHTTP='2789',RESPONSE_LENGTH_HEADER='2789',REQUEST_PROTOCOL='h2',REQUEST_URL='https://v.redd.it/5x6zzipz8ld51/DASHPlaylist.mpd',
08-03 21:12:57.259 10394 13243 D OK      : request got status: 200
08-03 21:12:57.279 10394 13241 I NAPPA_EXPERIMENTATION: MetricNetworkRequestExecutionTime: REQUEST_DURATION_SYSTEM='505',REQUEST_DURATION_OKHTTP='503',REQUEST_SYNCHRONOUS='TRUE',RESPONSE_CODE='200',RESPONSE_METHOD='GET',RESPONSE_LENGTH_OKHTTP='2071',RESPONSE_LENGTH_HEADER='2071',REQUEST_PROTOCOL='h2',REQUEST_URL='https://v.redd.it/pbqrrfb3tkd51/DASHPlaylist.mpd',
08-03 21:12:57.279 10394 13241 D OK      : request got status: 200
08-03 21:12:57.285 10394 13233 I NAPPA_EXPERIMENTATION: MetricNetworkRequestExecutionTime: REQUEST_DURATION_SYSTEM='533',REQUEST_DURATION_OKHTTP='531',REQUEST_SYNCHRONOUS='TRUE',RESPONSE_CODE='200',RESPONSE_METHOD='GET',RESPONSE_LENGTH_OKHTTP='6723',RESPONSE_LENGTH_HEADER='6723',REQUEST_PROTOCOL='h2',REQUEST_URL='https://b.thumbs.redditmedia.com/vuAhA4gGAmYfrTFA4woxZcKgmiDzJ3nAsql2pxcYGFs.jpg',
08-03 21:12:57.285 10394 13233 D OK      : request got status: 200
08-03 21:12:57.287 10394 13242 I NAPPA_EXPERIMENTATION: MetricNetworkRequestExecutionTime: REQUEST_DURATION_SYSTEM='511',REQUEST_DURATION_OKHTTP='510',REQUEST_SYNCHRONOUS='TRUE',RESPONSE_CODE='200',RESPONSE_METHOD='GET',RESPONSE_LENGTH_OKHTTP='3060',RESPONSE_LENGTH_HEADER='3060',REQUEST_PROTOCOL='h2',REQUEST_URL='https://v.redd.it/rrygsb8i4ld51/DASHPlaylist.mpd',
08-03 21:12:57.288 10394 13242 D OK      : request got status: 200
08-03 21:12:57.299 10394 10423 I art     : Starting a blocking GC Explicit
08-03 21:12:57.315 10394 13240 I RedditVideosAPI: For 'https://v.redd.it/syww111dtjd51/DASHPlaylist.mpd', got video stream 'https://v.redd.it/syww111dtjd51/DASH_480' and audio stream 'https://v.redd.it/syww111dtjd51/audio'
08-03 21:12:57.323 10394 13244 I NAPPA_EXPERIMENTATION: MetricNetworkRequestExecutionTime: REQUEST_DURATION_SYSTEM='541',REQUEST_DURATION_OKHTTP='540',REQUEST_SYNCHRONOUS='TRUE',RESPONSE_CODE='200',RESPONSE_METHOD='GET',RESPONSE_LENGTH_OKHTTP='2700',RESPONSE_LENGTH_HEADER='2700',REQUEST_PROTOCOL='h2',REQUEST_URL='https://v.redd.it/75en73fm5id51/DASHPlaylist.mpd',
08-03 21:12:57.323 10394 13244 D OK      : request got status: 200
08-03 21:12:57.334 10394 13243 I RedditVideosAPI: For 'https://v.redd.it/5x6zzipz8ld51/DASHPlaylist.mpd', got video stream 'https://v.redd.it/5x6zzipz8ld51/DASH_480' and audio stream 'null'
08-03 21:12:57.337 10394 13246 I NAPPA_EXPERIMENTATION: MetricNetworkRequestExecutionTime: REQUEST_DURATION_SYSTEM='551',REQUEST_DURATION_OKHTTP='550',REQUEST_SYNCHRONOUS='TRUE',RESPONSE_CODE='200',RESPONSE_METHOD='GET',RESPONSE_LENGTH_OKHTTP='1713',RESPONSE_LENGTH_HEADER='1713',REQUEST_PROTOCOL='h2',REQUEST_URL='https://v.redd.it/ggz4fyth6hd51/DASHPlaylist.mpd',
08-03 21:12:57.337 10394 13246 D OK      : request got status: 200
08-03 21:12:57.339 10394 13247 I NAPPA_EXPERIMENTATION: MetricNetworkRequestExecutionTime: REQUEST_DURATION_SYSTEM='550',REQUEST_DURATION_OKHTTP='549',REQUEST_SYNCHRONOUS='TRUE',RESPONSE_CODE='200',RESPONSE_METHOD='GET',RESPONSE_LENGTH_OKHTTP='2427',RESPONSE_LENGTH_HEADER='2427',REQUEST_PROTOCOL='h2',REQUEST_URL='https://v.redd.it/psrknoobrgd51/DASHPlaylist.mpd',
08-03 21:12:57.339 10394 13247 D OK      : request got status: 200
08-03 21:12:57.341 10394 13234 I NAPPA_EXPERIMENTATION: MetricNetworkRequestExecutionTime: REQUEST_DURATION_SYSTEM='585',REQUEST_DURATION_OKHTTP='583',REQUEST_SYNCHRONOUS='TRUE',RESPONSE_CODE='200',RESPONSE_METHOD='GET',RESPONSE_LENGTH_OKHTTP='5329',RESPONSE_LENGTH_HEADER='5329',REQUEST_PROTOCOL='h2',REQUEST_URL='https://b.thumbs.redditmedia.com/PtV7mFsO2n0j4YJweZjEqyVJ45hap4hXix9dwj6D0Wg.jpg',
08-03 21:12:57.341 10394 13234 D OK      : request got status: 200
08-03 21:12:57.367 10394 13248 I NAPPA_EXPERIMENTATION: MetricNetworkRequestExecutionTime: REQUEST_DURATION_SYSTEM='575',REQUEST_DURATION_OKHTTP='575',REQUEST_SYNCHRONOUS='TRUE',RESPONSE_CODE='200',RESPONSE_METHOD='GET',RESPONSE_LENGTH_OKHTTP='2071',RESPONSE_LENGTH_HEADER='2071',REQUEST_PROTOCOL='h2',REQUEST_URL='https://v.redd.it/jk6cwef4wld51/DASHPlaylist.mpd',
08-03 21:12:57.367 10394 13248 D OK      : request got status: 200
08-03 21:12:57.375 10394 10423 I art     : Explicit concurrent mark sweep GC freed 6706(799KB) AllocSpace objects, 57(3MB) LOS objects, 28% free, 39MB/55MB, paused 2.525ms total 75.879ms
08-03 21:12:57.379 10394 13249 I NAPPA_EXPERIMENTATION: MetricNetworkRequestExecutionTime: REQUEST_DURATION_SYSTEM='585',REQUEST_DURATION_OKHTTP='583',REQUEST_SYNCHRONOUS='TRUE',RESPONSE_CODE='200',RESPONSE_METHOD='GET',RESPONSE_LENGTH_OKHTTP='3058',RESPONSE_LENGTH_HEADER='3058',REQUEST_PROTOCOL='h2',REQUEST_URL='https://v.redd.it/t81s8zfz9ld51/DASHPlaylist.mpd',
08-03 21:12:57.379 10394 13235 I NAPPA_EXPERIMENTATION: MetricNetworkRequestExecutionTime: REQUEST_DURATION_SYSTEM='621',REQUEST_DURATION_OKHTTP='620',REQUEST_SYNCHRONOUS='TRUE',RESPONSE_CODE='200',RESPONSE_METHOD='GET',RESPONSE_LENGTH_OKHTTP='6316',RESPONSE_LENGTH_HEADER='6316',REQUEST_PROTOCOL='h2',REQUEST_URL='https://b.thumbs.redditmedia.com/wxTBcOhAgsmbc-TRaGNHpYJYnEOBr2LNsaZ6pCM91Lc.jpg',
08-03 21:12:57.379 10394 13235 D OK      : request got status: 200
08-03 21:12:57.379 10394 13249 D OK      : request got status: 200
08-03 21:12:57.397 10394 13250 I NAPPA_EXPERIMENTATION: MetricNetworkRequestExecutionTime: REQUEST_DURATION_SYSTEM='590',REQUEST_DURATION_OKHTTP='589',REQUEST_SYNCHRONOUS='TRUE',RESPONSE_CODE='200',RESPONSE_METHOD='GET',RESPONSE_LENGTH_OKHTTP='2071',RESPONSE_LENGTH_HEADER='2071',REQUEST_PROTOCOL='h2',REQUEST_URL='https://v.redd.it/xd6c4yyutgd51/DASHPlaylist.mpd',
08-03 21:12:57.397 10394 13250 D OK      : request got status: 200
08-03 21:12:57.402 10394 10423 I art     : Starting a blocking GC Explicit
08-03 21:12:57.405 10394 13236 I NAPPA_EXPERIMENTATION: MetricNetworkRequestExecutionTime: REQUEST_DURATION_SYSTEM='644',REQUEST_DURATION_OKHTTP='643',REQUEST_SYNCHRONOUS='TRUE',RESPONSE_CODE='200',RESPONSE_METHOD='GET',RESPONSE_LENGTH_OKHTTP='7815',RESPONSE_LENGTH_HEADER='7815',REQUEST_PROTOCOL='h2',REQUEST_URL='https://b.thumbs.redditmedia.com/Wo7bFIVNZYYuNioRYwZFYxrl6QMk0lT-3W01wrXgHmE.jpg',
08-03 21:12:57.406 10394 13236 D OK      : request got status: 200
08-03 21:12:57.406 10394 13251 I NAPPA_EXPERIMENTATION: MetricNetworkRequestExecutionTime: REQUEST_DURATION_SYSTEM='589',REQUEST_DURATION_OKHTTP='588',REQUEST_SYNCHRONOUS='TRUE',RESPONSE_CODE='200',RESPONSE_METHOD='GET',RESPONSE_LENGTH_OKHTTP='2344',RESPONSE_LENGTH_HEADER='2344',REQUEST_PROTOCOL='h2',REQUEST_URL='https://v.redd.it/ue0jdgk9zhd51/DASHPlaylist.mpd',
08-03 21:12:57.406 10394 13251 D OK      : request got status: 200
08-03 21:12:57.413 10394 13238 I NAPPA_EXPERIMENTATION: MetricNetworkRequestExecutionTime: REQUEST_DURATION_SYSTEM='646',REQUEST_DURATION_OKHTTP='645',REQUEST_SYNCHRONOUS='TRUE',RESPONSE_CODE='200',RESPONSE_METHOD='GET',RESPONSE_LENGTH_OKHTTP='5198',RESPONSE_LENGTH_HEADER='5198',REQUEST_PROTOCOL='h2',REQUEST_URL='https://b.thumbs.redditmedia.com/KrRufqpifph7KM2Le5RdqEYQb24zbB4fizBJpFaH1Pc.jpg',
08-03 21:12:57.413 10394 13238 D OK      : request got status: 200
08-03 21:12:57.418 10394 13237 I NAPPA_EXPERIMENTATION: MetricNetworkRequestExecutionTime: REQUEST_DURATION_SYSTEM='655',REQUEST_DURATION_OKHTTP='654',REQUEST_SYNCHRONOUS='TRUE',RESPONSE_CODE='200',RESPONSE_METHOD='GET',RESPONSE_LENGTH_OKHTTP='5648',RESPONSE_LENGTH_HEADER='5648',REQUEST_PROTOCOL='h2',REQUEST_URL='https://b.thumbs.redditmedia.com/NoqMycYTzsyhI0Lq351riEI1mO9p8PvY1QwcZ9Irb9g.jpg',
08-03 21:12:57.418 10394 13237 D OK      : request got status: 200
08-03 21:12:57.441 10394 13239 I NAPPA_EXPERIMENTATION: MetricNetworkRequestExecutionTime: REQUEST_DURATION_SYSTEM='672',REQUEST_DURATION_OKHTTP='671',REQUEST_SYNCHRONOUS='TRUE',RESPONSE_CODE='200',RESPONSE_METHOD='GET',RESPONSE_LENGTH_OKHTTP='5579',RESPONSE_LENGTH_HEADER='5579',REQUEST_PROTOCOL='h2',REQUEST_URL='https://b.thumbs.redditmedia.com/u2qz17QE3X5G7kkJrgK3HPCdxNQxNkhaWqfIhCuRMvE.jpg',
08-03 21:12:57.441 10394 13239 D OK      : request got status: 200
08-03 21:12:57.468 10394 10423 I art     : Explicit concurrent mark sweep GC freed 4450(303KB) AllocSpace objects, 26(1788KB) LOS objects, 28% free, 39MB/55MB, paused 1.648ms total 65.742ms
08-03 21:12:57.484 10394 13241 I RedditVideosAPI: For 'https://v.redd.it/pbqrrfb3tkd51/DASHPlaylist.mpd', got video stream 'https://v.redd.it/pbqrrfb3tkd51/DASH_480' and audio stream 'null'
08-03 21:12:57.494 10394 10423 I art     : Starting a blocking GC Explicit
08-03 21:12:57.525 10394 13249 I RedditVideosAPI: For 'https://v.redd.it/t81s8zfz9ld51/DASHPlaylist.mpd', got video stream 'https://v.redd.it/t81s8zfz9ld51/DASH_480' and audio stream 'https://v.redd.it/t81s8zfz9ld51/audio'
08-03 21:12:57.532 10394 13242 I RedditVideosAPI: For 'https://v.redd.it/rrygsb8i4ld51/DASHPlaylist.mpd', got video stream 'https://v.redd.it/rrygsb8i4ld51/DASH_480' and audio stream 'https://v.redd.it/rrygsb8i4ld51/audio'
08-03 21:12:57.560 10394 10423 I art     : Explicit concurrent mark sweep GC freed 1323(238KB) AllocSpace objects, 8(460KB) LOS objects, 28% free, 39MB/55MB, paused 1.435ms total 65.763ms
08-03 21:12:57.569 10394 13246 I RedditVideosAPI: For 'https://v.redd.it/ggz4fyth6hd51/DASHPlaylist.mpd', got video stream 'https://v.redd.it/ggz4fyth6hd51/DASH_360' and audio stream 'null'
08-03 21:12:57.578 10394 13247 I RedditVideosAPI: For 'https://v.redd.it/psrknoobrgd51/DASHPlaylist.mpd', got video stream 'https://v.redd.it/psrknoobrgd51/DASH_480' and audio stream 'null'
08-03 21:12:57.584 10394 10423 I art     : Starting a blocking GC Explicit
08-03 21:12:57.602 10394 13244 I RedditVideosAPI: For 'https://v.redd.it/75en73fm5id51/DASHPlaylist.mpd', got video stream 'https://v.redd.it/75en73fm5id51/DASH_480' and audio stream 'https://v.redd.it/75en73fm5id51/audio'
08-03 21:12:57.608 10394 13245 I NAPPA_EXPERIMENTATION: MetricNetworkRequestExecutionTime: REQUEST_DURATION_SYSTEM='824',REQUEST_DURATION_OKHTTP='139',REQUEST_SYNCHRONOUS='TRUE',RESPONSE_CODE='200',RESPONSE_METHOD='GET',RESPONSE_LENGTH_OKHTTP='-1',RESPONSE_LENGTH_HEADER='377',REQUEST_PROTOCOL='h2',REQUEST_URL='https://api.imgur.com/3/image/nLQR2hT',
08-03 21:12:57.608 10394 13245 D OK      : request got status: 200
08-03 21:12:57.621 10394 13248 I RedditVideosAPI: For 'https://v.redd.it/jk6cwef4wld51/DASHPlaylist.mpd', got video stream 'https://v.redd.it/jk6cwef4wld51/DASH_480' and audio stream 'null'
08-03 21:12:57.649 10394 10423 I art     : Explicit concurrent mark sweep GC freed 1735(303KB) AllocSpace objects, 16(920KB) LOS objects, 28% free, 39MB/55MB, paused 1.372ms total 63.937ms
08-03 21:12:57.649 10394 13250 I RedditVideosAPI: For 'https://v.redd.it/xd6c4yyutgd51/DASHPlaylist.mpd', got video stream 'https://v.redd.it/xd6c4yyutgd51/DASH_480' and audio stream 'null'
08-03 21:12:57.656 10394 13251 I RedditVideosAPI: For 'https://v.redd.it/ue0jdgk9zhd51/DASHPlaylist.mpd', got video stream 'https://v.redd.it/ue0jdgk9zhd51/DASH_360' and audio stream 'https://v.redd.it/ue0jdgk9zhd51/audio'
08-03 21:12:57.675 10394 10423 I art     : Starting a blocking GC Explicit
08-03 21:12:57.737 10394 10423 I art     : Explicit concurrent mark sweep GC freed 1803(313KB) AllocSpace objects, 20(1012KB) LOS objects, 28% free, 40MB/56MB, paused 778us total 61.329ms
08-03 21:12:58.096  7841  7841 I ServiceManager: Waiting for service AtCmdFwd...
08-03 21:12:58.148 10394 10406 I art     : Starting a blocking GC Explicit
08-03 21:12:58.214 10394 10406 I art     : Explicit concurrent mark sweep GC freed 2459(164KB) AllocSpace objects, 6(372KB) LOS objects, 28% free, 39MB/55MB, paused 836us total 65.958ms
08-03 21:12:58.241 10394 10406 I art     : Starting a blocking GC Explicit
08-03 21:12:58.305 10394 10406 I art     : Explicit concurrent mark sweep GC freed 116(4KB) AllocSpace objects, 0(0B) LOS objects, 28% free, 39MB/55MB, paused 817us total 63.863ms
08-03 21:12:58.331 10394 10406 I art     : Starting a blocking GC Explicit
08-03 21:12:58.397 10394 10406 I art     : Explicit concurrent mark sweep GC freed 3(96B) AllocSpace objects, 0(0B) LOS objects, 28% free, 39MB/55MB, paused 994us total 65.078ms
08-03 21:12:58.423 10394 10406 I art     : Starting a blocking GC Explicit
08-03 21:12:58.485 10394 10406 I art     : Explicit concurrent mark sweep GC freed 3(96B) AllocSpace objects, 0(0B) LOS objects, 28% free, 39MB/55MB, paused 983us total 61.711ms
08-03 21:12:58.510 10394 10406 I art     : Starting a blocking GC Explicit
08-03 21:12:58.572 10394 10406 I art     : Explicit concurrent mark sweep GC freed 3(96B) AllocSpace objects, 0(0B) LOS objects, 28% free, 39MB/55MB, paused 864us total 61.858ms
08-03 21:12:58.952 10394 11806 I art     : Starting a blocking GC Explicit
08-03 21:12:59.021 10394 11806 I art     : Explicit concurrent mark sweep GC freed 1360(83KB) AllocSpace objects, 1(20KB) LOS objects, 28% free, 39MB/55MB, paused 917us total 67.222ms
08-03 21:12:59.030 13274 13274 D AndroidRuntime: >>>>>> START com.android.internal.os.RuntimeInit uid 2000 <<<<<<
08-03 21:12:59.036 13274 13274 D AndroidRuntime: CheckJNI is OFF
08-03 21:12:59.048 10394 11806 I art     : Starting a blocking GC Explicit
08-03 21:12:59.087 13274 13274 D ICU     : No timezone override file found: /data/misc/zoneinfo/current/icu/icu_tzdata.dat
08-03 21:12:59.098  7841  7841 W Atfwd_Sendcmd: AtCmdFwd service not published, waiting... retryCnt : 2
08-03 21:12:59.108 10394 11806 I art     : Explicit concurrent mark sweep GC freed 20(704B) AllocSpace objects, 0(0B) LOS objects, 28% free, 39MB/55MB, paused 1.088ms total 59.451ms
08-03 21:12:59.132 13274 13274 I Radio-JNI: register_android_hardware_Radio DONE
08-03 21:12:59.133 10394 11806 I art     : Starting a blocking GC Explicit
08-03 21:12:59.152   518   646 I ThermalEngine: ACTION: GPU - Setting GPU[0] to 450000000
08-03 21:12:59.166 13274 13274 D AndroidRuntime: Calling main entry com.android.commands.input.Input
08-03 21:12:59.170 13274 13274 I Input   : injectMotionEvent: MotionEvent { action=ACTION_DOWN, actionButton=0, id[0]=0, x[0]=1340.0, y[0]=1100.0, toolType[0]=TOOL_TYPE_UNKNOWN, buttonState=0, metaState=0, flags=0x0, edgeFlags=0x0, pointerCount=1, historySize=0, eventTime=652395582, downTime=652395582, deviceId=0, source=0x1002 }
08-03 21:12:59.177 13274 13274 I Input   : injectMotionEvent: MotionEvent { action=ACTION_UP, actionButton=0, id[0]=0, x[0]=1340.0, y[0]=1100.0, toolType[0]=TOOL_TYPE_UNKNOWN, buttonState=0, metaState=0, flags=0x0, edgeFlags=0x0, pointerCount=1, historySize=0, eventTime=652395582, downTime=652395582, deviceId=0, source=0x1002 }
08-03 21:12:59.179 13274 13274 D AndroidRuntime: Shutting down VM
08-03 21:12:59.191   918  3696 I ActivityManager: START u0 {dat=https://oauth.reddit.com/... cmp=baseline.org.quantumbadger.redreader/.activities.CommentListingActivity} from uid 10634 on display 0
08-03 21:12:59.193   512  2967 D audio_hw_primary: out_set_parameters: enter: usecase(1: low-latency-playback) kvpairs: routing=2
08-03 21:12:59.207   512  2967 D audio_hw_primary: select_devices: out_snd_device(2: speaker) in_snd_device(0: none)
08-03 21:12:59.207   512  2967 D msm8974_platform: platform_send_audio_calibration: sending audio calibration for snd_device(2) acdb_id(15)
08-03 21:12:59.207   512  2967 I soundtrigger: audio_extn_sound_trigger_update_device_status: device 0x2 of type 0 for Event 1
08-03 21:12:59.211 10394 11806 I art     : Explicit concurrent mark sweep GC freed 207(7KB) AllocSpace objects, 0(0B) LOS objects, 28% free, 39MB/55MB, paused 3.966ms total 77.476ms
08-03 21:12:59.221   512  2967 D audio_hw_primary: enable_snd_device: snd_device(2: speaker)
08-03 21:12:59.224   512  2967 D audio_hw_primary: enable_audio_route: apply and update mixer path: low-latency-playback speaker
08-03 21:12:59.232 10394 10394 I AppCompatViewInflater: app:theme is now deprecated. Please move to using android:theme instead.
08-03 21:12:59.237 10394 11806 I art     : Starting a blocking GC Explicit
08-03 21:12:59.260 10394 13302 D OK      : calling: https://oauth.reddit.com/comments/hzejrd/.json?sort=confidence
08-03 21:12:59.298 10394 11806 I art     : Explicit concurrent mark sweep GC freed 1846(102KB) AllocSpace objects, 0(0B) LOS objects, 28% free, 39MB/55MB, paused 1.125ms total 60.358ms
08-03 21:12:59.322 10394 11806 I art     : Starting a blocking GC Explicit
08-03 21:12:59.348   918   936 I ActivityManager: Displayed baseline.org.quantumbadger.redreader/.activities.CommentListingActivity: +143ms
08-03 21:12:59.352 13866 13866 I GoogleInputMethodServic: GoogleInputMethodService.onFinishInput():3138 
08-03 21:12:59.353 13866 13866 I GoogleInputMethodServic: GoogleInputMethodService.onStartInput():1808 
08-03 21:12:59.384 10394 11806 I art     : Explicit concurrent mark sweep GC freed 7695(837KB) AllocSpace objects, 17(2MB) LOS objects, 30% free, 37MB/53MB, paused 1.078ms total 61.771ms
08-03 21:12:59.573 10394 13302 I NAPPA_EXPERIMENTATION: MetricNetworkRequestExecutionTime: REQUEST_DURATION_SYSTEM='312',REQUEST_DURATION_OKHTTP='150',REQUEST_SYNCHRONOUS='TRUE',RESPONSE_CODE='200',RESPONSE_METHOD='GET',RESPONSE_LENGTH_OKHTTP='-1',RESPONSE_LENGTH_HEADER='45890',REQUEST_PROTOCOL='h2',REQUEST_URL='https://oauth.reddit.com/comments/hzejrd/.json?sort=confidence',
08-03 21:12:59.573 10394 13302 D OK      : request got status: 200
08-03 21:12:59.598 10394 11001 I CommentListingActivity: COMMENTS session changed to 9bf84d76-0bab-46aa-befd-d6f5e6c62913
08-03 21:12:59.599   380   380 W SurfaceFlinger: couldn't log to binary event log: overflow.
08-03 21:12:59.760   512  2967 D audio_hw_primary: disable_audio_route: reset and update mixer path: low-latency-playback speaker
08-03 21:12:59.761 10394 10407 I art     : Starting a blocking GC Explicit
08-03 21:12:59.762   512  2967 D audio_hw_primary: disable_snd_device: snd_device(2: speaker)
08-03 21:12:59.771   512  2967 I soundtrigger: audio_extn_sound_trigger_update_device_status: device 0x2 of type 0 for Event 0
08-03 21:12:59.857 10394 10407 I art     : Explicit concurrent mark sweep GC freed 21163(1152KB) AllocSpace objects, 1(20KB) LOS objects, 28% free, 39MB/55MB, paused 1.485ms total 96.115ms
08-03 21:12:59.886 10394 10407 I art     : Starting a blocking GC Explicit
08-03 21:12:59.967 10394 10407 I art     : Explicit concurrent mark sweep GC freed 11355(676KB) AllocSpace objects, 1(68KB) LOS objects, 28% free, 39MB/55MB, paused 1.393ms total 80.338ms
08-03 21:12:59.996 10394 10407 I art     : Starting a blocking GC Explicit
08-03 21:13:00.066 10394 10407 I art     : Explicit concurrent mark sweep GC freed 12342(511KB) AllocSpace objects, 1(68KB) LOS objects, 29% free, 39MB/55MB, paused 850us total 70.063ms
08-03 21:13:00.092 10394 10407 I art     : Starting a blocking GC Explicit
08-03 21:13:00.154   518   646 I ThermalEngine: ACTION: GPU - Setting GPU[0] to 390000000
08-03 21:13:00.164 10394 10407 I art     : Explicit concurrent mark sweep GC freed 89(3KB) AllocSpace objects, 0(0B) LOS objects, 29% free, 39MB/55MB, paused 1.020ms total 72.299ms
08-03 21:13:00.193 10394 10407 I art     : Starting a blocking GC Explicit
08-03 21:13:00.268 10394 10407 I art     : Explicit concurrent mark sweep GC freed 3(96B) AllocSpace objects, 0(0B) LOS objects, 29% free, 39MB/55MB, paused 1.607ms total 74.701ms
08-03 21:13:00.643 10394 10741 I art     : Starting a blocking GC Explicit
08-03 21:13:00.736 10394 10741 I art     : Explicit concurrent mark sweep GC freed 1362(83KB) AllocSpace objects, 1(20KB) LOS objects, 29% free, 39MB/55MB, paused 1.266ms total 92.261ms
08-03 21:13:00.766 10394 10741 I art     : Starting a blocking GC Explicit
08-03 21:13:00.808   918  3188 I hubconnection: sensorhub said: 'set_bias 3: -6.1056, 0.0000, 0.0000'
08-03 21:13:00.844 10394 10741 I art     : Explicit concurrent mark sweep GC freed 66(2528B) AllocSpace objects, 0(0B) LOS objects, 29% free, 39MB/55MB, paused 924us total 78.099ms
08-03 21:13:00.877 10394 10741 I art     : Starting a blocking GC Explicit
08-03 21:13:00.953 10394 10741 I art     : Explicit concurrent mark sweep GC freed 3(96B) AllocSpace objects, 0(0B) LOS objects, 29% free, 39MB/55MB, paused 760us total 75.565ms
08-03 21:13:00.986 10394 10741 I art     : Starting a blocking GC Explicit
08-03 21:13:01.069 10394 10741 I art     : Explicit concurrent mark sweep GC freed 3(96B) AllocSpace objects, 0(0B) LOS objects, 29% free, 39MB/55MB, paused 1.499ms total 82.446ms
08-03 21:13:01.104 10394 10741 I art     : Starting a blocking GC Explicit
08-03 21:13:01.186 10394 10741 I art     : Explicit concurrent mark sweep GC freed 3(96B) AllocSpace objects, 0(0B) LOS objects, 29% free, 39MB/55MB, paused 851us total 81.645ms
08-03 21:13:01.585 10394 10407 I art     : Starting a blocking GC Explicit
08-03 21:13:01.679 10394 10407 I art     : Explicit concurrent mark sweep GC freed 1356(82KB) AllocSpace objects, 1(20KB) LOS objects, 29% free, 39MB/55MB, paused 1.366ms total 93.361ms
08-03 21:13:01.710 10394 10407 I art     : Starting a blocking GC Explicit
08-03 21:13:01.785 10394 10407 I art     : Explicit concurrent mark sweep GC freed 20(704B) AllocSpace objects, 0(0B) LOS objects, 29% free, 39MB/55MB, paused 739us total 74.579ms
08-03 21:13:01.819 10394 10407 I art     : Starting a blocking GC Explicit
08-03 21:13:01.911 10394 10407 I art     : Explicit concurrent mark sweep GC freed 3(96B) AllocSpace objects, 0(0B) LOS objects, 29% free, 39MB/55MB, paused 1.273ms total 91.465ms
08-03 21:13:01.946 10394 10407 I art     : Starting a blocking GC Explicit
08-03 21:13:02.030 10394 10407 I art     : Explicit concurrent mark sweep GC freed 3(96B) AllocSpace objects, 0(0B) LOS objects, 29% free, 39MB/55MB, paused 1.286ms total 83.144ms
08-03 21:13:02.060 10394 10407 I art     : Starting a blocking GC Explicit
08-03 21:13:02.141 10394 10407 I art     : Explicit concurrent mark sweep GC freed 3(96B) AllocSpace objects, 0(0B) LOS objects, 29% free, 39MB/55MB, paused 1.275ms total 80.162ms
08-03 21:13:02.529 10394 10423 I art     : Starting a blocking GC Explicit
08-03 21:13:02.630 10394 10423 I art     : Explicit concurrent mark sweep GC freed 1354(82KB) AllocSpace objects, 1(20KB) LOS objects, 29% free, 39MB/55MB, paused 1.543ms total 100.753ms
08-03 21:13:02.663 10394 10423 I art     : Starting a blocking GC Explicit
08-03 21:13:02.751 10394 10423 I art     : Explicit concurrent mark sweep GC freed 20(704B) AllocSpace objects, 0(0B) LOS objects, 29% free, 39MB/55MB, paused 1.143ms total 87.513ms
08-03 21:13:02.786 10394 10423 I art     : Starting a blocking GC Explicit
08-03 21:13:02.864 10394 10423 I art     : Explicit concurrent mark sweep GC freed 3(96B) AllocSpace objects, 0(0B) LOS objects, 29% free, 39MB/55MB, paused 742us total 77.474ms
08-03 21:13:02.893 10394 10423 I art     : Starting a blocking GC Explicit
08-03 21:13:02.979 10394 10423 I art     : Explicit concurrent mark sweep GC freed 3(96B) AllocSpace objects, 0(0B) LOS objects, 29% free, 39MB/55MB, paused 774us total 85.588ms
08-03 21:13:03.009 10394 10423 I art     : Starting a blocking GC Explicit
08-03 21:13:03.086 10394 10423 I art     : Explicit concurrent mark sweep GC freed 3(96B) AllocSpace objects, 0(0B) LOS objects, 29% free, 39MB/55MB, paused 738us total 76.723ms
08-03 21:13:03.162   518   646 I ThermalEngine: ACTION: GPU - Setting GPU[0] to 450000000
08-03 21:13:03.475 10394 10406 I art     : Starting a blocking GC Explicit
08-03 21:13:03.552 10394 10406 I art     : Explicit concurrent mark sweep GC freed 1354(82KB) AllocSpace objects, 1(20KB) LOS objects, 29% free, 39MB/55MB, paused 568us total 76.120ms
08-03 21:13:03.573 10394 10406 I art     : Starting a blocking GC Explicit
08-03 21:13:03.646 10394 10406 I art     : Explicit concurrent mark sweep GC freed 20(704B) AllocSpace objects, 0(0B) LOS objects, 29% free, 39MB/55MB, paused 616us total 72.320ms
08-03 21:13:03.668 10394 10406 I art     : Starting a blocking GC Explicit
08-03 21:13:03.738 10394 10406 I art     : Explicit concurrent mark sweep GC freed 3(96B) AllocSpace objects, 0(0B) LOS objects, 29% free, 39MB/55MB, paused 712us total 69.079ms
08-03 21:13:03.759 10394 10406 I art     : Starting a blocking GC Explicit
08-03 21:13:03.827 10394 10406 I art     : Explicit concurrent mark sweep GC freed 3(96B) AllocSpace objects, 0(0B) LOS objects, 29% free, 39MB/55MB, paused 632us total 67.900ms
08-03 21:13:03.848 10394 10406 I art     : Starting a blocking GC Explicit
08-03 21:13:03.922 10394 10406 I art     : Explicit concurrent mark sweep GC freed 3(96B) AllocSpace objects, 0(0B) LOS objects, 29% free, 39MB/55MB, paused 629us total 72.997ms
08-03 21:13:04.211 10394 13301 I RedditChangeDataIO: Writing tmp data file at '/data/user/0/baseline.org.quantumbadger.redreader/files/rr_change_data_tmp.dat'
08-03 21:13:04.211 10394 13301 I RedditChangeDataManager: Taking snapshot...
08-03 21:13:04.212 10394 13301 I RedditChangeDataManager: Writing to stream...
08-03 21:13:04.212 10394 13301 I RedditChangeDataManager: Wrote 6 entries for user ''
08-03 21:13:04.212 10394 13301 I RedditChangeDataManager: All entries written to stream.
08-03 21:13:04.212 10394 13301 I RedditChangeDataIO: Write successful. Atomically replacing data file...
08-03 21:13:04.212 10394 13301 I RedditChangeDataIO: Write complete.
08-03 21:13:04.212 10394 13301 I RedditChangeDataIO: 158 bytes written in 2 ms
08-03 21:13:04.292 10394 11806 I art     : Starting a blocking GC Explicit
08-03 21:13:04.375 10394 11806 I art     : Explicit concurrent mark sweep GC freed 1441(88KB) AllocSpace objects, 2(88KB) LOS objects, 29% free, 39MB/55MB, paused 561us total 82.392ms
08-03 21:13:04.400 10394 11806 I art     : Starting a blocking GC Explicit
08-03 21:13:04.468 10394 11806 I art     : Explicit concurrent mark sweep GC freed 23(800B) AllocSpace objects, 0(0B) LOS objects, 29% free, 39MB/55MB, paused 546us total 67.127ms
08-03 21:13:04.489 10394 11806 I art     : Starting a blocking GC Explicit
08-03 21:13:04.557 10394 11806 I art     : Explicit concurrent mark sweep GC freed 3(96B) AllocSpace objects, 0(0B) LOS objects, 29% free, 39MB/55MB, paused 545us total 67.514ms
08-03 21:13:04.578 10394 11806 I art     : Starting a blocking GC Explicit
08-03 21:13:04.652 10394 11806 I art     : Explicit concurrent mark sweep GC freed 3(96B) AllocSpace objects, 0(0B) LOS objects, 29% free, 39MB/55MB, paused 599us total 73.859ms
08-03 21:13:04.675 10394 11806 I art     : Starting a blocking GC Explicit
08-03 21:13:04.743 10394 11806 I art     : Explicit concurrent mark sweep GC freed 3(96B) AllocSpace objects, 0(0B) LOS objects, 29% free, 39MB/55MB, paused 520us total 67.973ms
08-03 21:13:05.145 10394 10741 I art     : Starting a blocking GC Explicit
08-03 21:13:05.229 10394 10741 I art     : Explicit concurrent mark sweep GC freed 1593(119KB) AllocSpace objects, 1(20KB) LOS objects, 29% free, 39MB/55MB, paused 504us total 83.396ms
08-03 21:13:05.251 10394 10741 I art     : Starting a blocking GC Explicit
08-03 21:13:05.318 10394 10741 I art     : Explicit concurrent mark sweep GC freed 85(2880B) AllocSpace objects, 0(0B) LOS objects, 29% free, 39MB/55MB, paused 510us total 66.926ms
08-03 21:13:05.342 10394 10741 I art     : Starting a blocking GC Explicit
08-03 21:13:05.409 10394 10741 I art     : Explicit concurrent mark sweep GC freed 3(96B) AllocSpace objects, 0(0B) LOS objects, 29% free, 39MB/55MB, paused 537us total 65.897ms
08-03 21:13:05.430 10394 10741 I art     : Starting a blocking GC Explicit
08-03 21:13:05.491 10394 10741 I art     : Explicit concurrent mark sweep GC freed 3(96B) AllocSpace objects, 0(0B) LOS objects, 29% free, 39MB/55MB, paused 462us total 60.924ms
08-03 21:13:05.512 10394 10741 I art     : Starting a blocking GC Explicit
08-03 21:13:05.570 10394 10741 I art     : Explicit concurrent mark sweep GC freed 3(96B) AllocSpace objects, 0(0B) LOS objects, 29% free, 39MB/55MB, paused 496us total 57.878ms
08-03 21:13:05.930 10394 10407 I art     : Starting a blocking GC Explicit
08-03 21:13:06.001 10394 10407 I art     : Explicit concurrent mark sweep GC freed 1356(82KB) AllocSpace objects, 1(20KB) LOS objects, 29% free, 39MB/55MB, paused 568us total 70.364ms
08-03 21:13:06.007 13389 13389 D AndroidRuntime: >>>>>> START com.android.internal.os.RuntimeInit uid 2000 <<<<<<
08-03 21:13:06.014 13389 13389 D AndroidRuntime: CheckJNI is OFF
08-03 21:13:06.022 10394 10407 I art     : Starting a blocking GC Explicit
08-03 21:13:06.058 13389 13389 D ICU     : No timezone override file found: /data/misc/zoneinfo/current/icu/icu_tzdata.dat
08-03 21:13:06.083 10394 10407 I art     : Explicit concurrent mark sweep GC freed 20(704B) AllocSpace objects, 0(0B) LOS objects, 29% free, 39MB/55MB, paused 557us total 60.999ms
08-03 21:13:06.105 10394 10407 I art     : Starting a blocking GC Explicit
08-03 21:13:06.107 13389 13389 I Radio-JNI: register_android_hardware_Radio DONE
08-03 21:13:06.135 13389 13389 D AndroidRuntime: Calling main entry com.android.commands.input.Input
08-03 21:13:06.137 13389 13389 I Input   : injectKeyEvent: KeyEvent { action=ACTION_DOWN, keyCode=KEYCODE_BACK, scanCode=0, metaState=0, flags=0x0, repeatCount=0, eventTime=652402550, downTime=652402550, deviceId=-1, source=0x101 }
08-03 21:13:06.144 13389 13389 I Input   : injectKeyEvent: KeyEvent { action=ACTION_UP, keyCode=KEYCODE_BACK, scanCode=0, metaState=0, flags=0x0, repeatCount=0, eventTime=652402550, downTime=652402550, deviceId=-1, source=0x101 }
08-03 21:13:06.150 13389 13389 D AndroidRuntime: Shutting down VM
08-03 21:13:06.164 10394 10407 I art     : Explicit concurrent mark sweep GC freed 109(3KB) AllocSpace objects, 0(0B) LOS objects, 29% free, 39MB/55MB, paused 1.766ms total 59.328ms
08-03 21:13:06.188 10394 10407 I art     : Starting a blocking GC Explicit
08-03 21:13:06.198 13866 13866 I GoogleInputMethodServic: GoogleInputMethodService.onFinishInput():3138 
08-03 21:13:06.198 13866 13866 I GoogleInputMethodServic: GoogleInputMethodService.onStartInput():1808 
08-03 21:13:06.241 10394 10407 I art     : Explicit concurrent mark sweep GC freed 125(4KB) AllocSpace objects, 0(0B) LOS objects, 29% free, 39MB/55MB, paused 553us total 52.483ms
08-03 21:13:06.262 10394 10407 I art     : Starting a blocking GC Explicit
08-03 21:13:06.312 10394 10407 I art     : Explicit concurrent mark sweep GC freed 45(1488B) AllocSpace objects, 0(0B) LOS objects, 29% free, 39MB/55MB, paused 428us total 50.006ms
08-03 21:13:06.505   380   380 W SurfaceFlinger: couldn't log to binary event log: overflow.
08-03 21:13:06.622 10394 10407 I art     : Starting a blocking GC Explicit
08-03 21:13:06.679 10394 10407 I art     : Explicit concurrent mark sweep GC freed 1416(84KB) AllocSpace objects, 1(20KB) LOS objects, 29% free, 39MB/55MB, paused 483us total 56.280ms
08-03 21:13:06.698 10394 10407 I art     : Starting a blocking GC Explicit
08-03 21:13:06.744 10394 10407 I art     : Explicit concurrent mark sweep GC freed 41343(2MB) AllocSpace objects, 5(140KB) LOS objects, 30% free, 36MB/52MB, paused 449us total 46.283ms
08-03 21:13:06.762 10394 10407 I art     : Starting a blocking GC Explicit
08-03 21:13:06.806 10394 10407 I art     : Explicit concurrent mark sweep GC freed 3(96B) AllocSpace objects, 0(0B) LOS objects, 30% free, 36MB/52MB, paused 468us total 44.013ms
08-03 21:13:06.824 10394 10407 I art     : Starting a blocking GC Explicit
08-03 21:13:06.870 10394 10407 I art     : Explicit concurrent mark sweep GC freed 3(96B) AllocSpace objects, 0(0B) LOS objects, 30% free, 36MB/52MB, paused 480us total 45.599ms
08-03 21:13:06.889 10394 10407 I art     : Starting a blocking GC Explicit
08-03 21:13:06.936 10394 10407 I art     : Explicit concurrent mark sweep GC freed 3(96B) AllocSpace objects, 0(0B) LOS objects, 30% free, 36MB/52MB, paused 480us total 46.525ms
08-03 21:13:07.272 10394 10423 I art     : Starting a blocking GC Explicit
08-03 21:13:07.330 10394 10423 I art     : Explicit concurrent mark sweep GC freed 1354(82KB) AllocSpace objects, 1(20KB) LOS objects, 30% free, 36MB/52MB, paused 556us total 57.295ms
08-03 21:13:07.350 10394 10423 I art     : Starting a blocking GC Explicit
08-03 21:13:07.397 10394 10423 I art     : Explicit concurrent mark sweep GC freed 20(704B) AllocSpace objects, 0(0B) LOS objects, 30% free, 36MB/52MB, paused 448us total 46.184ms
08-03 21:13:07.416 10394 10423 I art     : Starting a blocking GC Explicit
08-03 21:13:07.460 10394 10423 I art     : Explicit concurrent mark sweep GC freed 3(96B) AllocSpace objects, 0(0B) LOS objects, 30% free, 36MB/52MB, paused 496us total 44.142ms
08-03 21:13:07.479 10394 10423 I art     : Starting a blocking GC Explicit
08-03 21:13:07.524 10394 10423 I art     : Explicit concurrent mark sweep GC freed 3(96B) AllocSpace objects, 0(0B) LOS objects, 30% free, 36MB/52MB, paused 476us total 45.404ms
08-03 21:13:07.542 10394 10423 I art     : Starting a blocking GC Explicit
08-03 21:13:07.588 10394 10423 I art     : Explicit concurrent mark sweep GC freed 3(96B) AllocSpace objects, 0(0B) LOS objects, 30% free, 36MB/52MB, paused 513us total 44.871ms
08-03 21:13:07.920 10394 11806 I art     : Starting a blocking GC Explicit
08-03 21:13:07.929 13435 13435 D AndroidRuntime: >>>>>> START com.android.internal.os.RuntimeInit uid 2000 <<<<<<
08-03 21:13:07.935 13435 13435 D AndroidRuntime: CheckJNI is OFF
08-03 21:13:07.968 10394 11806 I art     : Explicit concurrent mark sweep GC freed 1354(82KB) AllocSpace objects, 1(20KB) LOS objects, 30% free, 36MB/52MB, paused 571us total 47.413ms
08-03 21:13:07.983 13435 13435 D ICU     : No timezone override file found: /data/misc/zoneinfo/current/icu/icu_tzdata.dat
08-03 21:13:07.986 10394 11806 I art     : Starting a blocking GC Explicit
08-03 21:13:08.030 13435 13435 I Radio-JNI: register_android_hardware_Radio DONE
08-03 21:13:08.034 10394 11806 I art     : Explicit concurrent mark sweep GC freed 20(704B) AllocSpace objects, 0(0B) LOS objects, 30% free, 36MB/52MB, paused 508us total 47.167ms
08-03 21:13:08.052 10394 11806 I art     : Starting a blocking GC Explicit
08-03 21:13:08.061 13435 13435 D AndroidRuntime: Calling main entry com.android.commands.input.Input
08-03 21:13:08.063 13435 13435 I Input   : injectMotionEvent: MotionEvent { action=ACTION_DOWN, actionButton=0, id[0]=0, x[0]=600.0, y[0]=938.0, toolType[0]=TOOL_TYPE_UNKNOWN, buttonState=0, metaState=0, flags=0x0, edgeFlags=0x0, pointerCount=1, historySize=0, eventTime=652404475, downTime=652404475, deviceId=0, source=0x1002 }
08-03 21:13:08.069 13435 13435 I Input   : injectMotionEvent: MotionEvent { action=ACTION_UP, actionButton=0, id[0]=0, x[0]=600.0, y[0]=938.0, toolType[0]=TOOL_TYPE_UNKNOWN, buttonState=0, metaState=0, flags=0x0, edgeFlags=0x0, pointerCount=1, historySize=0, eventTime=652404475, downTime=652404475, deviceId=0, source=0x1002 }
08-03 21:13:08.071 13435 13435 D AndroidRuntime: Shutting down VM
08-03 21:13:08.080   918  5952 I ActivityManager: START u0 {dat=https://gfycat.com/... cmp=baseline.org.quantumbadger.redreader/.activities.ImageViewActivity (has extras)} from uid 10634 on display 0
08-03 21:13:08.080   512  2967 D audio_hw_primary: out_set_parameters: enter: usecase(1: low-latency-playback) kvpairs: routing=2
08-03 21:13:08.094   512  2967 D audio_hw_primary: select_devices: out_snd_device(2: speaker) in_snd_device(0: none)
08-03 21:13:08.094   512  2967 D msm8974_platform: platform_send_audio_calibration: sending audio calibration for snd_device(2) acdb_id(15)
08-03 21:13:08.094   512  2967 I soundtrigger: audio_extn_sound_trigger_update_device_status: device 0x2 of type 0 for Event 1
08-03 21:13:08.100 10394 11806 I art     : Explicit concurrent mark sweep GC freed 97(8KB) AllocSpace objects, 0(0B) LOS objects, 30% free, 36MB/52MB, paused 1.602ms total 47.186ms
08-03 21:13:08.104   512  2967 D audio_hw_primary: enable_snd_device: snd_device(2: speaker)
08-03 21:13:08.107   512  2967 D audio_hw_primary: enable_audio_route: apply and update mixer path: low-latency-playback speaker
08-03 21:13:08.111 10394 10394 I ImageViewActivity: Loading URL https://gfycat.com/deadlygravecavy
08-03 21:13:08.118 10394 11806 I art     : Starting a blocking GC Explicit
08-03 21:13:08.125 10394 11001 I ImageViewActivity: Got image URL: https://giant.gfycat.com/DeadlyGraveCavy.mp4
08-03 21:13:08.125 10394 11001 I ImageViewActivity: Got image Type: video/mp4
08-03 21:13:08.125 10394 11001 I ImageViewActivity: Got media Type: VIDEO
08-03 21:13:08.125 10394 11001 I ImageViewActivity: Media type VIDEO detected
08-03 21:13:08.125 10394 11001 I ImageViewActivity: Proceeding with download
08-03 21:13:08.129 10394 13460 D OK      : calling: https://giant.gfycat.com/DeadlyGraveCavy.mp4
08-03 21:13:08.162 10394 11806 I art     : Explicit concurrent mark sweep GC freed 2075(129KB) AllocSpace objects, 0(0B) LOS objects, 30% free, 37MB/53MB, paused 625us total 42.641ms
08-03 21:13:08.179 10394 11806 I art     : Starting a blocking GC Explicit
08-03 21:13:08.180 13866 13866 I GoogleInputMethodServic: GoogleInputMethodService.onFinishInput():3138 
08-03 21:13:08.180 13866 13866 I GoogleInputMethodServic: GoogleInputMethodService.onStartInput():1808 
08-03 21:13:08.214   918   936 I ActivityManager: Displayed baseline.org.quantumbadger.redreader/.activities.ImageViewActivity: +125ms
08-03 21:13:08.224 10394 11806 I art     : Explicit concurrent mark sweep GC freed 559(58KB) AllocSpace objects, 0(0B) LOS objects, 30% free, 36MB/52MB, paused 510us total 44.894ms
08-03 21:13:08.469   380   380 W SurfaceFlinger: couldn't log to binary event log: overflow.
08-03 21:13:08.514 10394 13460 I NAPPA_EXPERIMENTATION: MetricNetworkRequestExecutionTime: REQUEST_DURATION_SYSTEM='385',REQUEST_DURATION_OKHTTP='159',REQUEST_SYNCHRONOUS='TRUE',RESPONSE_CODE='200',RESPONSE_METHOD='GET',RESPONSE_LENGTH_OKHTTP='1942309',RESPONSE_LENGTH_HEADER='1942309',REQUEST_PROTOCOL='h2',REQUEST_URL='https://giant.gfycat.com/DeadlyGraveCavy.mp4',
08-03 21:13:08.515 10394 13460 D OK      : request got status: 200
08-03 21:13:08.552 10394 10741 I art     : Starting a blocking GC Explicit
08-03 21:13:08.597 10394 10741 I art     : Explicit concurrent mark sweep GC freed 3624(183KB) AllocSpace objects, 1(20KB) LOS objects, 30% free, 37MB/53MB, paused 539us total 45.174ms
08-03 21:13:08.616 10394 10741 I art     : Starting a blocking GC Explicit
08-03 21:13:08.639   512  2967 D audio_hw_primary: disable_audio_route: reset and update mixer path: low-latency-playback speaker
08-03 21:13:08.640   512  2967 D audio_hw_primary: disable_snd_device: snd_device(2: speaker)
08-03 21:13:08.648   512  2967 I soundtrigger: audio_extn_sound_trigger_update_device_status: device 0x2 of type 0 for Event 0
08-03 21:13:08.661 10394 10741 I art     : Explicit concurrent mark sweep GC freed 306(17KB) AllocSpace objects, 0(0B) LOS objects, 30% free, 37MB/53MB, paused 636us total 44.478ms
08-03 21:13:08.679 10394 10741 I art     : Starting a blocking GC Explicit
08-03 21:13:08.720 10394 10741 I art     : Explicit concurrent mark sweep GC freed 296(17KB) AllocSpace objects, 0(0B) LOS objects, 29% free, 37MB/53MB, paused 581us total 41.535ms
08-03 21:13:08.738 10394 10741 I art     : Starting a blocking GC Explicit
08-03 21:13:08.779 10394 10741 I art     : Explicit concurrent mark sweep GC freed 424(25KB) AllocSpace objects, 0(0B) LOS objects, 29% free, 38MB/54MB, paused 545us total 40.242ms
08-03 21:13:08.796 10394 10741 I art     : Starting a blocking GC Explicit
08-03 21:13:08.837 10394 10741 I art     : Explicit concurrent mark sweep GC freed 334(235KB) AllocSpace objects, 0(0B) LOS objects, 29% free, 38MB/54MB, paused 597us total 40.762ms
08-03 21:13:08.963 10394 10394 I ImageViewActivity: Playing video using ExoPlayer
08-03 21:13:08.999 10394 10394 I ExoPlayerImpl: Init 43f61bc [ExoPlayerLib/2.10.8] [angler, Nexus 6P, Huawei, 23]
08-03 21:13:09.098  7841  7841 I ServiceManager: Waiting for service AtCmdFwd...
08-03 21:13:09.150 10394 10406 I art     : Starting a blocking GC Explicit
08-03 21:13:09.186 10394 13478 W VideoCapabilities: Unrecognized profile 2130706433 for video/avc
08-03 21:13:09.202 10394 10406 I art     : Explicit concurrent mark sweep GC freed 8051(1646KB) AllocSpace objects, 7(324KB) LOS objects, 29% free, 38MB/54MB, paused 724us total 52.098ms
08-03 21:13:09.220 10394 10406 I art     : Starting a blocking GC Explicit
08-03 21:13:09.227 10394 13478 I VideoCapabilities: Unsupported profile 4 for video/mp4v-es
08-03 21:13:09.245 10394 13487 I OMXClient: Using client-side OMX mux.
08-03 21:13:09.269 10394 10406 I art     : Explicit concurrent mark sweep GC freed 3583(150KB) AllocSpace objects, 0(0B) LOS objects, 29% free, 38MB/54MB, paused 794us total 48.499ms
08-03 21:13:09.287 10394 10406 I art     : Starting a blocking GC Explicit
08-03 21:13:09.329   512 12931 I OMX-VDEC-1080P: component_init: OMX.qcom.video.decoder.avc : fd=49
08-03 21:13:09.329   512 12931 I OMX-VDEC-1080P: Capabilities: driver_name = msm_vidc_driver, card = msm_vdec_8974, bus_info = , version = 1, capabilities = 4003000
08-03 21:13:09.333 10394 10406 I art     : Explicit concurrent mark sweep GC freed 66(5KB) AllocSpace objects, 0(0B) LOS objects, 28% free, 39MB/55MB, paused 549us total 45.343ms
08-03 21:13:09.334   512 12931 I OMX-VDEC-1080P: Enabling default extradata for OMX.qcom.video.decoder.avc
08-03 21:13:09.337   512 12931 I OMX-VDEC-1080P: omx_vdec::component_init() success : fd=49
08-03 21:13:09.340 10394 13486 I MediaCodec: [OMX.qcom.video.decoder.avc] setting surface generation to 10643457
08-03 21:13:09.342   512  3660 E OMX-VDEC-1080P: Extension: OMX.google.android.index.storeANWBufferInMetadata not implemented
08-03 21:13:09.351 10394 10406 I art     : Starting a blocking GC Explicit
08-03 21:13:09.368 10394 13487 D SurfaceUtils: set up nativeWindow 0x7f79a5d210 for 360x306, color 0x7fa30c04, rotation 0, usage 0x42002900
08-03 21:13:09.399 10394 13487 D SurfaceUtils: set up nativeWindow 0x7f79a5d210 for 368x320, color 0x7fa30c04, rotation 0, usage 0x42002900
08-03 21:13:09.400 10394 10406 I art     : Explicit concurrent mark sweep GC freed 103(40KB) AllocSpace objects, 0(0B) LOS objects, 28% free, 39MB/55MB, paused 684us total 48.889ms
08-03 21:13:09.420 10394 10406 I art     : Starting a blocking GC Explicit
08-03 21:13:09.471 10394 10406 I art     : Explicit concurrent mark sweep GC freed 234(17KB) AllocSpace objects, 1(68KB) LOS objects, 28% free, 40MB/56MB, paused 580us total 50.340ms
08-03 21:13:09.814 10394 10741 I art     : Starting a blocking GC Explicit
08-03 21:13:09.866 10394 10741 I art     : Explicit concurrent mark sweep GC freed 1486(88KB) AllocSpace objects, 1(20KB) LOS objects, 28% free, 40MB/56MB, paused 580us total 51.369ms
08-03 21:13:09.885 10394 10741 I art     : Starting a blocking GC Explicit
08-03 21:13:09.938 10394 10741 I art     : Explicit concurrent mark sweep GC freed 48(1744B) AllocSpace objects, 0(0B) LOS objects, 28% free, 40MB/56MB, paused 627us total 52.393ms
08-03 21:13:09.957 10394 10741 I art     : Starting a blocking GC Explicit
08-03 21:13:10.007 10394 10741 I art     : Explicit concurrent mark sweep GC freed 26(992B) AllocSpace objects, 0(0B) LOS objects, 28% free, 40MB/56MB, paused 584us total 50.263ms
08-03 21:13:10.026 10394 10741 I art     : Starting a blocking GC Explicit
08-03 21:13:10.078 10394 10741 I art     : Explicit concurrent mark sweep GC freed 29(1072B) AllocSpace objects, 0(0B) LOS objects, 28% free, 40MB/56MB, paused 527us total 50.890ms
08-03 21:13:10.097 10394 10741 I art     : Starting a blocking GC Explicit
08-03 21:13:10.098  7841  7841 I ServiceManager: Waiting for service AtCmdFwd...
08-03 21:13:10.148 10394 10741 I art     : Explicit concurrent mark sweep GC freed 21(784B) AllocSpace objects, 0(0B) LOS objects, 28% free, 40MB/56MB, paused 616us total 50.572ms
08-03 21:13:10.530 10394 10423 I art     : Starting a blocking GC Explicit
08-03 21:13:10.584 10394 10423 I art     : Explicit concurrent mark sweep GC freed 1499(88KB) AllocSpace objects, 1(20KB) LOS objects, 28% free, 40MB/56MB, paused 569us total 54.043ms
08-03 21:13:10.603 10394 10423 I art     : Starting a blocking GC Explicit
08-03 21:13:10.653 10394 10423 I art     : Explicit concurrent mark sweep GC freed 44(1632B) AllocSpace objects, 0(0B) LOS objects, 28% free, 40MB/56MB, paused 594us total 49.351ms
08-03 21:13:10.673 10394 10423 I art     : Starting a blocking GC Explicit
08-03 21:13:10.727 10394 10423 I art     : Explicit concurrent mark sweep GC freed 29(1040B) AllocSpace objects, 0(0B) LOS objects, 28% free, 40MB/56MB, paused 555us total 53.654ms
08-03 21:13:10.746 10394 10423 I art     : Starting a blocking GC Explicit
08-03 21:13:10.796 10394 10423 I art     : Explicit concurrent mark sweep GC freed 27(1024B) AllocSpace objects, 0(0B) LOS objects, 28% free, 40MB/56MB, paused 518us total 49.285ms
08-03 21:13:10.815 10394 10423 I art     : Starting a blocking GC Explicit
08-03 21:13:10.867 10394 10423 I art     : Explicit concurrent mark sweep GC freed 25(928B) AllocSpace objects, 0(0B) LOS objects, 28% free, 40MB/56MB, paused 788us total 52.114ms
08-03 21:13:11.099  7841  7841 I ServiceManager: Waiting for service AtCmdFwd...
08-03 21:13:11.231 10394 10407 I art     : Starting a blocking GC Explicit
08-03 21:13:11.282 10394 10407 I art     : Explicit concurrent mark sweep GC freed 1493(88KB) AllocSpace objects, 1(20KB) LOS objects, 28% free, 40MB/56MB, paused 515us total 51.069ms
08-03 21:13:11.301 10394 10407 I art     : Starting a blocking GC Explicit
08-03 21:13:11.353 10394 10407 I art     : Explicit concurrent mark sweep GC freed 42(1536B) AllocSpace objects, 0(0B) LOS objects, 28% free, 40MB/56MB, paused 587us total 51.166ms
08-03 21:13:11.373 10394 10407 I art     : Starting a blocking GC Explicit
08-03 21:13:11.424 10394 10407 I art     : Explicit concurrent mark sweep GC freed 25(928B) AllocSpace objects, 0(0B) LOS objects, 28% free, 40MB/56MB, paused 590us total 50.788ms
08-03 21:13:11.444 10394 10407 I art     : Starting a blocking GC Explicit
08-03 21:13:11.497 10394 10407 I art     : Explicit concurrent mark sweep GC freed 25(928B) AllocSpace objects, 0(0B) LOS objects, 28% free, 40MB/56MB, paused 617us total 52.975ms
08-03 21:13:11.517 10394 10407 I art     : Starting a blocking GC Explicit
08-03 21:13:11.569 10394 10407 I art     : Explicit concurrent mark sweep GC freed 25(928B) AllocSpace objects, 0(0B) LOS objects, 28% free, 40MB/56MB, paused 667us total 51.684ms
08-03 21:13:11.935 10394 10423 I art     : Starting a blocking GC Explicit
08-03 21:13:11.991 10394 10423 I art     : Explicit concurrent mark sweep GC freed 1498(88KB) AllocSpace objects, 1(20KB) LOS objects, 28% free, 40MB/56MB, paused 598us total 55.142ms
08-03 21:13:12.011 10394 10423 I art     : Starting a blocking GC Explicit
08-03 21:13:12.061 10394 10423 I art     : Explicit concurrent mark sweep GC freed 42(1536B) AllocSpace objects, 0(0B) LOS objects, 28% free, 40MB/56MB, paused 552us total 50.235ms
08-03 21:13:12.081 10394 10423 I art     : Starting a blocking GC Explicit
08-03 21:13:12.100  7841  7841 I ServiceManager: Waiting for service AtCmdFwd...
08-03 21:13:12.135 10394 10423 I art     : Explicit concurrent mark sweep GC freed 32(1184B) AllocSpace objects, 0(0B) LOS objects, 28% free, 40MB/56MB, paused 568us total 53.216ms
08-03 21:13:12.153 10394 10423 I art     : Starting a blocking GC Explicit
08-03 21:13:12.206 10394 10423 I art     : Explicit concurrent mark sweep GC freed 30(1136B) AllocSpace objects, 0(0B) LOS objects, 28% free, 40MB/56MB, paused 527us total 52.081ms
08-03 21:13:12.225 10394 10423 I art     : Starting a blocking GC Explicit
08-03 21:13:12.277 10394 10423 I art     : Explicit concurrent mark sweep GC freed 21(784B) AllocSpace objects, 0(0B) LOS objects, 28% free, 40MB/56MB, paused 551us total 51.123ms
08-03 21:13:12.644 10394 11806 I art     : Starting a blocking GC Explicit
08-03 21:13:12.697 10394 11806 I art     : Explicit concurrent mark sweep GC freed 1490(87KB) AllocSpace objects, 1(20KB) LOS objects, 28% free, 40MB/56MB, paused 527us total 51.866ms
08-03 21:13:12.715 10394 11806 I art     : Starting a blocking GC Explicit
08-03 21:13:12.766 10394 11806 I art     : Explicit concurrent mark sweep GC freed 48(1744B) AllocSpace objects, 0(0B) LOS objects, 28% free, 40MB/56MB, paused 555us total 50.596ms
08-03 21:13:12.785 10394 11806 I art     : Starting a blocking GC Explicit
08-03 21:13:12.833 10394 11806 I art     : Explicit concurrent mark sweep GC freed 19(720B) AllocSpace objects, 0(0B) LOS objects, 28% free, 40MB/56MB, paused 508us total 47.734ms
08-03 21:13:12.853 10394 11806 I art     : Starting a blocking GC Explicit
08-03 21:13:12.903 10394 11806 I art     : Explicit concurrent mark sweep GC freed 31(1136B) AllocSpace objects, 0(0B) LOS objects, 28% free, 40MB/56MB, paused 515us total 49.483ms
08-03 21:13:12.922 10394 11806 I art     : Starting a blocking GC Explicit
08-03 21:13:12.973 10394 11806 I art     : Explicit concurrent mark sweep GC freed 27(944B) AllocSpace objects, 0(0B) LOS objects, 28% free, 40MB/56MB, paused 561us total 50.888ms
08-03 21:13:13.090 10394 13459 I RedditChangeDataIO: Writing tmp data file at '/data/user/0/baseline.org.quantumbadger.redreader/files/rr_change_data_tmp.dat'
08-03 21:13:13.090 10394 13459 I RedditChangeDataManager: Taking snapshot...
08-03 21:13:13.090 10394 13459 I RedditChangeDataManager: Writing to stream...
08-03 21:13:13.091 10394 13459 I RedditChangeDataManager: Wrote 6 entries for user ''
08-03 21:13:13.091 10394 13459 I RedditChangeDataManager: All entries written to stream.
08-03 21:13:13.091 10394 13459 I RedditChangeDataIO: Write successful. Atomically replacing data file...
08-03 21:13:13.091 10394 13459 I RedditChangeDataIO: Write complete.
08-03 21:13:13.091 10394 13459 I RedditChangeDataIO: 158 bytes written in 2 ms
08-03 21:13:13.100  7841  7841 I ServiceManager: Waiting for service AtCmdFwd...
08-03 21:13:13.305 10394 10741 I art     : Starting a blocking GC Explicit
08-03 21:13:13.354 10394 10741 I art     : Explicit concurrent mark sweep GC freed 1568(92KB) AllocSpace objects, 2(88KB) LOS objects, 28% free, 40MB/56MB, paused 587us total 49.378ms
08-03 21:13:13.373 10394 10741 I art     : Starting a blocking GC Explicit
08-03 21:13:13.424 10394 10741 I art     : Explicit concurrent mark sweep GC freed 43(1536B) AllocSpace objects, 0(0B) LOS objects, 28% free, 40MB/56MB, paused 549us total 49.928ms
08-03 21:13:13.443 10394 10741 I art     : Starting a blocking GC Explicit
08-03 21:13:13.494 10394 10741 I art     : Explicit concurrent mark sweep GC freed 27(1024B) AllocSpace objects, 0(0B) LOS objects, 28% free, 40MB/56MB, paused 575us total 50.713ms
08-03 21:13:13.513 10394 10741 I art     : Starting a blocking GC Explicit
08-03 21:13:13.565 10394 10741 I art     : Explicit concurrent mark sweep GC freed 30(1088B) AllocSpace objects, 0(0B) LOS objects, 28% free, 40MB/56MB, paused 543us total 51.206ms
08-03 21:13:13.584 10394 10741 I art     : Starting a blocking GC Explicit
08-03 21:13:13.636 10394 10741 I art     : Explicit concurrent mark sweep GC freed 27(1024B) AllocSpace objects, 0(0B) LOS objects, 28% free, 40MB/56MB, paused 559us total 51.509ms
08-03 21:13:13.989 10394 10741 I art     : Starting a blocking GC Explicit
08-03 21:13:14.043 10394 10741 I art     : Explicit concurrent mark sweep GC freed 1676(119KB) AllocSpace objects, 1(20KB) LOS objects, 28% free, 40MB/56MB, paused 486us total 53.872ms
08-03 21:13:14.063 10394 10741 I art     : Starting a blocking GC Explicit
08-03 21:13:14.101  7841  7841 W Atfwd_Sendcmd: AtCmdFwd service not published, waiting... retryCnt : 3
08-03 21:13:14.115 10394 10741 I art     : Explicit concurrent mark sweep GC freed 107(3KB) AllocSpace objects, 0(0B) LOS objects, 28% free, 40MB/56MB, paused 483us total 51.662ms
08-03 21:13:14.134 10394 10741 I art     : Starting a blocking GC Explicit
08-03 21:13:14.185 10394 10741 I art     : Explicit concurrent mark sweep GC freed 29(1072B) AllocSpace objects, 0(0B) LOS objects, 28% free, 40MB/56MB, paused 567us total 50.085ms
08-03 21:13:14.204 10394 10741 I art     : Starting a blocking GC Explicit
08-03 21:13:14.256 10394 10741 I art     : Explicit concurrent mark sweep GC freed 25(928B) AllocSpace objects, 0(0B) LOS objects, 28% free, 40MB/56MB, paused 554us total 51.407ms
08-03 21:13:14.276 10394 10741 I art     : Starting a blocking GC Explicit
08-03 21:13:14.324 10394 10741 I art     : Explicit concurrent mark sweep GC freed 25(928B) AllocSpace objects, 0(0B) LOS objects, 28% free, 40MB/56MB, paused 495us total 47.756ms
08-03 21:13:14.660 10394 10741 I art     : Starting a blocking GC Explicit
08-03 21:13:14.710 10394 10741 I art     : Explicit concurrent mark sweep GC freed 1482(87KB) AllocSpace objects, 1(20KB) LOS objects, 28% free, 40MB/56MB, paused 531us total 49.672ms
08-03 21:13:14.729 10394 10741 I art     : Starting a blocking GC Explicit
08-03 21:13:14.777 10394 10741 I art     : Explicit concurrent mark sweep GC freed 42(1536B) AllocSpace objects, 0(0B) LOS objects, 28% free, 40MB/56MB, paused 603us total 47.937ms
08-03 21:13:14.796 10394 10741 I art     : Starting a blocking GC Explicit
08-03 21:13:14.843 10394 10741 I art     : Explicit concurrent mark sweep GC freed 25(928B) AllocSpace objects, 0(0B) LOS objects, 28% free, 40MB/56MB, paused 581us total 46.455ms
08-03 21:13:14.843 13567 13567 D AndroidRuntime: >>>>>> START com.android.internal.os.RuntimeInit uid 2000 <<<<<<
08-03 21:13:14.849 13567 13567 D AndroidRuntime: CheckJNI is OFF
08-03 21:13:14.862 10394 10741 I art     : Starting a blocking GC Explicit
08-03 21:13:14.891 13567 13567 D ICU     : No timezone override file found: /data/misc/zoneinfo/current/icu/icu_tzdata.dat
08-03 21:13:14.906 10394 10741 I art     : Explicit concurrent mark sweep GC freed 25(928B) AllocSpace objects, 0(0B) LOS objects, 28% free, 40MB/56MB, paused 498us total 43.917ms
08-03 21:13:14.924 10394 10741 I art     : Starting a blocking GC Explicit
08-03 21:13:14.935 13567 13567 I Radio-JNI: register_android_hardware_Radio DONE
08-03 21:13:14.962 13567 13567 D AndroidRuntime: Calling main entry com.android.commands.input.Input
08-03 21:13:14.964 13567 13567 I Input   : injectKeyEvent: KeyEvent { action=ACTION_DOWN, keyCode=KEYCODE_BACK, scanCode=0, metaState=0, flags=0x0, repeatCount=0, eventTime=652411377, downTime=652411377, deviceId=-1, source=0x101 }
08-03 21:13:14.968 10394 10741 I art     : Explicit concurrent mark sweep GC freed 19(704B) AllocSpace objects, 0(0B) LOS objects, 28% free, 40MB/56MB, paused 468us total 43.548ms
08-03 21:13:14.970 13567 13567 I Input   : injectKeyEvent: KeyEvent { action=ACTION_UP, keyCode=KEYCODE_BACK, scanCode=0, metaState=0, flags=0x0, repeatCount=0, eventTime=652411377, downTime=652411377, deviceId=-1, source=0x101 }
08-03 21:13:14.976 13567 13567 D AndroidRuntime: Shutting down VM
08-03 21:13:14.994   918   937 W ProcessCpuTracker: Skipping unknown process pid 13575
08-03 21:13:14.995   918   937 W ProcessCpuTracker: Skipping unknown process pid 13577
08-03 21:13:14.995   918   937 W ProcessCpuTracker: Skipping unknown process pid 13578
08-03 21:13:15.020 13866 13866 I GoogleInputMethodServic: GoogleInputMethodService.onFinishInput():3138 
08-03 21:13:15.020 13866 13866 I GoogleInputMethodServic: GoogleInputMethodService.onStartInput():1808 
08-03 21:13:15.098 10394 13486 I MediaCodec: [OMX.qcom.video.decoder.avc] setting surface generation to 10643458
08-03 21:13:15.100 10394 13487 D SurfaceUtils: set up nativeWindow 0x7f9ad65210 for 368x320, color 0x7fa30c04, rotation 0, usage 0x42002900
08-03 21:13:15.289 10394 10423 I art     : Starting a blocking GC Explicit
08-03 21:13:15.340 10394 10394 I ExoPlayerImpl: Release 43f61bc [ExoPlayerLib/2.10.8] [angler, Nexus 6P, Huawei, 23] [goog.exo.core, goog.exo.ui]
08-03 21:13:15.347 10394 10423 I art     : Explicit concurrent mark sweep GC freed 1775(100KB) AllocSpace objects, 1(20KB) LOS objects, 28% free, 40MB/56MB, paused 592us total 57.874ms
08-03 21:13:15.348   380   380 W SurfaceFlinger: couldn't log to binary event log: overflow.
08-03 21:13:15.360   512 12838 I OMX-VDEC-1080P: omx_vdec::component_deinit() complete
08-03 21:13:15.362   512 12838 I OMX-VDEC-1080P: Exit OMX vdec Destructor: fd=49
08-03 21:13:15.370 10394 10423 I art     : Starting a blocking GC Explicit
08-03 21:13:15.415 10394 10423 I art     : Explicit concurrent mark sweep GC freed 419(101KB) AllocSpace objects, 35(2MB) LOS objects, 29% free, 37MB/53MB, paused 485us total 44.115ms
08-03 21:13:15.432 10394 10423 I art     : Starting a blocking GC Explicit
08-03 21:13:15.479 10394 10423 I art     : Explicit concurrent mark sweep GC freed 2893(161KB) AllocSpace objects, 4(200KB) LOS objects, 29% free, 37MB/53MB, paused 489us total 46.379ms
08-03 21:13:15.497 10394 10423 I art     : Starting a blocking GC Explicit
08-03 21:13:15.545 10394 10423 I art     : Explicit concurrent mark sweep GC freed 3(96B) AllocSpace objects, 0(0B) LOS objects, 29% free, 37MB/53MB, paused 491us total 47.585ms
08-03 21:13:15.564 10394 10423 I art     : Starting a blocking GC Explicit
08-03 21:13:15.613 10394 10423 I art     : Explicit concurrent mark sweep GC freed 3(96B) AllocSpace objects, 0(0B) LOS objects, 29% free, 37MB/53MB, paused 537us total 48.534ms
08-03 21:13:15.613 10394 10405 I art     : WaitForGcToComplete blocked for 28.615ms for cause HeapTrim
08-03 21:13:15.959 10394 10406 I art     : Starting a blocking GC Explicit
08-03 21:13:16.025 10394 10406 I art     : Explicit concurrent mark sweep GC freed 1354(82KB) AllocSpace objects, 1(20KB) LOS objects, 29% free, 37MB/53MB, paused 538us total 65.391ms
08-03 21:13:16.046 10394 10406 I art     : Starting a blocking GC Explicit
08-03 21:13:16.097 10394 10406 I art     : Explicit concurrent mark sweep GC freed 20(704B) AllocSpace objects, 0(0B) LOS objects, 29% free, 37MB/53MB, paused 509us total 49.844ms
08-03 21:13:16.115 10394 10406 I art     : Starting a blocking GC Explicit
08-03 21:13:16.167 10394 10406 I art     : Explicit concurrent mark sweep GC freed 3(96B) AllocSpace objects, 0(0B) LOS objects, 29% free, 37MB/53MB, paused 610us total 51.024ms
08-03 21:13:16.186   518   646 I ThermalEngine: ACTION: GPU - Setting GPU[0] to 390000000
08-03 21:13:16.196 10394 10406 I art     : Starting a blocking GC Explicit
08-03 21:13:16.254 10394 10406 I art     : Explicit concurrent mark sweep GC freed 3(96B) AllocSpace objects, 0(0B) LOS objects, 29% free, 37MB/53MB, paused 750us total 58.025ms
08-03 21:13:16.279 10394 10406 I art     : Starting a blocking GC Explicit
08-03 21:13:16.339 10394 10406 I art     : Explicit concurrent mark sweep GC freed 3(96B) AllocSpace objects, 0(0B) LOS objects, 29% free, 37MB/53MB, paused 824us total 58.961ms
08-03 21:13:16.695 10394 10407 I art     : Starting a blocking GC Explicit
08-03 21:13:16.769 10394 10407 I art     : Explicit concurrent mark sweep GC freed 1354(82KB) AllocSpace objects, 1(20KB) LOS objects, 29% free, 37MB/53MB, paused 1.163ms total 73.664ms
08-03 21:13:16.796 10394 10407 I art     : Starting a blocking GC Explicit
08-03 21:13:16.856 10394 10407 I art     : Explicit concurrent mark sweep GC freed 20(704B) AllocSpace objects, 0(0B) LOS objects, 29% free, 37MB/53MB, paused 884us total 59.706ms
08-03 21:13:16.868 13611 13611 D AndroidRuntime: >>>>>> START com.android.internal.os.RuntimeInit uid 2000 <<<<<<
08-03 21:13:16.874 13611 13611 D AndroidRuntime: CheckJNI is OFF
08-03 21:13:16.882 10394 10407 I art     : Starting a blocking GC Explicit
08-03 21:13:16.926 13611 13611 D ICU     : No timezone override file found: /data/misc/zoneinfo/current/icu/icu_tzdata.dat
08-03 21:13:16.941 10394 10407 I art     : Explicit concurrent mark sweep GC freed 3(96B) AllocSpace objects, 0(0B) LOS objects, 29% free, 37MB/53MB, paused 840us total 58.041ms
08-03 21:13:16.967 10394 10407 I art     : Starting a blocking GC Explicit
08-03 21:13:16.975 13611 13611 I Radio-JNI: register_android_hardware_Radio DONE
08-03 21:13:17.006 13611 13611 D AndroidRuntime: Calling main entry com.android.commands.input.Input
08-03 21:13:17.009 13611 13611 I Input   : injectMotionEvent: MotionEvent { action=ACTION_DOWN, actionButton=0, id[0]=0, x[0]=1340.0, y[0]=1100.0, toolType[0]=TOOL_TYPE_UNKNOWN, buttonState=0, metaState=0, flags=0x0, edgeFlags=0x0, pointerCount=1, historySize=0, eventTime=652413421, downTime=652413421, deviceId=0, source=0x1002 }
08-03 21:13:17.014 13611 13611 I Input   : injectMotionEvent: MotionEvent { action=ACTION_UP, actionButton=0, id[0]=0, x[0]=1340.0, y[0]=1100.0, toolType[0]=TOOL_TYPE_UNKNOWN, buttonState=0, metaState=0, flags=0x0, edgeFlags=0x0, pointerCount=1, historySize=0, eventTime=652413421, downTime=652413421, deviceId=0, source=0x1002 }
08-03 21:13:17.022 13611 13611 D AndroidRuntime: Shutting down VM
08-03 21:13:17.028 10394 10407 I art     : Explicit concurrent mark sweep GC freed 8(288B) AllocSpace objects, 0(0B) LOS objects, 29% free, 37MB/53MB, paused 1.563ms total 61.356ms
08-03 21:13:17.043   918   929 I ActivityManager: START u0 {dat=https://oauth.reddit.com/... cmp=baseline.org.quantumbadger.redreader/.activities.CommentListingActivity} from uid 10634 on display 0
08-03 21:13:17.044   512  2967 D audio_hw_primary: out_set_parameters: enter: usecase(1: low-latency-playback) kvpairs: routing=2
08-03 21:13:17.057   512  2967 D audio_hw_primary: select_devices: out_snd_device(2: speaker) in_snd_device(0: none)
08-03 21:13:17.057   512  2967 D msm8974_platform: platform_send_audio_calibration: sending audio calibration for snd_device(2) acdb_id(15)
08-03 21:13:17.057   512  2967 I soundtrigger: audio_extn_sound_trigger_update_device_status: device 0x2 of type 0 for Event 1
08-03 21:13:17.062 10394 10407 I art     : Starting a blocking GC Explicit
08-03 21:13:17.069   512  2967 D audio_hw_primary: enable_snd_device: snd_device(2: speaker)
08-03 21:13:17.072   512  2967 D audio_hw_primary: enable_audio_route: apply and update mixer path: low-latency-playback speaker
08-03 21:13:17.074 10394 10394 I AppCompatViewInflater: app:theme is now deprecated. Please move to using android:theme instead.
08-03 21:13:17.100 10394 11001 I CommentListingActivity: COMMENTS session changed to 9bf84d76-0bab-46aa-befd-d6f5e6c62913
08-03 21:13:17.121 10394 10407 I art     : Explicit concurrent mark sweep GC freed 2178(158KB) AllocSpace objects, 0(0B) LOS objects, 29% free, 37MB/53MB, paused 1.461ms total 59.024ms
08-03 21:13:17.200   918   936 I ActivityManager: Displayed baseline.org.quantumbadger.redreader/.activities.CommentListingActivity: +145ms
08-03 21:13:17.206 13866 13866 I GoogleInputMethodServic: GoogleInputMethodService.onFinishInput():3138 
08-03 21:13:17.207 13866 13866 I GoogleInputMethodServic: GoogleInputMethodService.onStartInput():1808 
08-03 21:13:17.449   380   380 W SurfaceFlinger: couldn't log to binary event log: overflow.
08-03 21:13:17.485 10394 10423 I art     : Starting a blocking GC Explicit
08-03 21:13:17.555 10394 10423 I art     : Explicit concurrent mark sweep GC freed 42198(2MB) AllocSpace objects, 1(20KB) LOS objects, 28% free, 39MB/55MB, paused 725us total 69.879ms
08-03 21:13:17.583 10394 10423 I art     : Starting a blocking GC Explicit
08-03 21:13:17.609   512  2967 D audio_hw_primary: disable_audio_route: reset and update mixer path: low-latency-playback speaker
08-03 21:13:17.610   512  2967 D audio_hw_primary: disable_snd_device: snd_device(2: speaker)
08-03 21:13:17.620   512  2967 I soundtrigger: audio_extn_sound_trigger_update_device_status: device 0x2 of type 0 for Event 0
08-03 21:13:17.654 10394 10423 I art     : Explicit concurrent mark sweep GC freed 387(17KB) AllocSpace objects, 0(0B) LOS objects, 28% free, 39MB/55MB, paused 739us total 70.919ms
08-03 21:13:17.681 10394 10423 I art     : Starting a blocking GC Explicit
08-03 21:13:17.749 10394 10423 I art     : Explicit concurrent mark sweep GC freed 7(224B) AllocSpace objects, 0(0B) LOS objects, 28% free, 39MB/55MB, paused 749us total 67.312ms
08-03 21:13:17.775 10394 10423 I art     : Starting a blocking GC Explicit
08-03 21:13:17.847 10394 10423 I art     : Explicit concurrent mark sweep GC freed 3(96B) AllocSpace objects, 0(0B) LOS objects, 28% free, 39MB/55MB, paused 718us total 71.432ms
08-03 21:13:17.875 10394 10423 I art     : Starting a blocking GC Explicit
08-03 21:13:17.953 10394 10423 I art     : Explicit concurrent mark sweep GC freed 3(96B) AllocSpace objects, 0(0B) LOS objects, 28% free, 39MB/55MB, paused 978us total 77.341ms
08-03 21:13:18.320 10394 11806 I art     : Starting a blocking GC Explicit
08-03 21:13:18.428 10394 11806 I art     : Explicit concurrent mark sweep GC freed 1354(82KB) AllocSpace objects, 1(20KB) LOS objects, 28% free, 39MB/55MB, paused 813us total 107.172ms
08-03 21:13:18.460 10394 11806 I art     : Starting a blocking GC Explicit
08-03 21:13:18.547 10394 11806 I art     : Explicit concurrent mark sweep GC freed 66(2528B) AllocSpace objects, 0(0B) LOS objects, 28% free, 39MB/55MB, paused 702us total 86.769ms
08-03 21:13:18.577 10394 11806 I art     : Starting a blocking GC Explicit
08-03 21:13:18.664 10394 11806 I art     : Explicit concurrent mark sweep GC freed 3(96B) AllocSpace objects, 0(0B) LOS objects, 28% free, 39MB/55MB, paused 853us total 86.223ms
08-03 21:13:18.696 10394 11806 I art     : Starting a blocking GC Explicit
08-03 21:13:18.777 10394 11806 I art     : Explicit concurrent mark sweep GC freed 3(96B) AllocSpace objects, 0(0B) LOS objects, 28% free, 39MB/55MB, paused 796us total 80.834ms
08-03 21:13:18.812 10394 11806 I art     : Starting a blocking GC Explicit
08-03 21:13:18.901 10394 11806 I art     : Explicit concurrent mark sweep GC freed 3(96B) AllocSpace objects, 0(0B) LOS objects, 28% free, 39MB/55MB, paused 966us total 88.567ms
08-03 21:13:19.327 10394 10406 I art     : Starting a blocking GC Explicit
08-03 21:13:19.422 10394 10406 I art     : Explicit concurrent mark sweep GC freed 1354(82KB) AllocSpace objects, 1(20KB) LOS objects, 28% free, 39MB/55MB, paused 902us total 94.935ms
08-03 21:13:19.456 10394 10406 I art     : Starting a blocking GC Explicit
08-03 21:13:19.535 10394 10406 I art     : Explicit concurrent mark sweep GC freed 20(704B) AllocSpace objects, 0(0B) LOS objects, 28% free, 39MB/55MB, paused 690us total 78.475ms
08-03 21:13:19.569 10394 10406 I art     : Starting a blocking GC Explicit
08-03 21:13:19.656 10394 10406 I art     : Explicit concurrent mark sweep GC freed 3(96B) AllocSpace objects, 0(0B) LOS objects, 28% free, 39MB/55MB, paused 841us total 86.028ms
08-03 21:13:19.691 10394 10406 I art     : Starting a blocking GC Explicit
08-03 21:13:19.777 10394 10406 I art     : Explicit concurrent mark sweep GC freed 3(96B) AllocSpace objects, 0(0B) LOS objects, 28% free, 39MB/55MB, paused 880us total 85.514ms
08-03 21:13:19.809 10394 10406 I art     : Starting a blocking GC Explicit
08-03 21:13:19.890 10394 10406 I art     : Explicit concurrent mark sweep GC freed 3(96B) AllocSpace objects, 0(0B) LOS objects, 28% free, 39MB/55MB, paused 901us total 79.647ms
08-03 21:13:20.193   518   646 I ThermalEngine: ACTION: GPU - Setting GPU[0] to 450000000
08-03 21:13:20.255 10394 10407 I art     : Starting a blocking GC Explicit
08-03 21:13:20.333 10394 10407 I art     : Explicit concurrent mark sweep GC freed 1354(82KB) AllocSpace objects, 1(20KB) LOS objects, 28% free, 39MB/55MB, paused 607us total 77.806ms
08-03 21:13:20.359 10394 10407 I art     : Starting a blocking GC Explicit
08-03 21:13:20.426 10394 10407 I art     : Explicit concurrent mark sweep GC freed 20(704B) AllocSpace objects, 0(0B) LOS objects, 28% free, 39MB/55MB, paused 548us total 67.570ms
08-03 21:13:20.448 10394 10407 I art     : Starting a blocking GC Explicit
08-03 21:13:20.518 10394 10407 I art     : Explicit concurrent mark sweep GC freed 3(96B) AllocSpace objects, 0(0B) LOS objects, 28% free, 39MB/55MB, paused 628us total 69.235ms
08-03 21:13:20.539 10394 10407 I art     : Starting a blocking GC Explicit
08-03 21:13:20.610 10394 10407 I art     : Explicit concurrent mark sweep GC freed 3(96B) AllocSpace objects, 0(0B) LOS objects, 28% free, 39MB/55MB, paused 529us total 70.832ms
08-03 21:13:20.631 10394 10407 I art     : Starting a blocking GC Explicit
08-03 21:13:20.701 10394 10407 I art     : Explicit concurrent mark sweep GC freed 3(96B) AllocSpace objects, 0(0B) LOS objects, 28% free, 39MB/55MB, paused 547us total 69.932ms
08-03 21:13:21.061 10394 10741 I art     : Starting a blocking GC Explicit
08-03 21:13:21.144 10394 10741 I art     : Explicit concurrent mark sweep GC freed 1354(82KB) AllocSpace objects, 1(20KB) LOS objects, 28% free, 39MB/55MB, paused 532us total 82.212ms
08-03 21:13:21.165 10394 10741 I art     : Starting a blocking GC Explicit
08-03 21:13:21.239 10394 10741 I art     : Explicit concurrent mark sweep GC freed 20(704B) AllocSpace objects, 0(0B) LOS objects, 28% free, 39MB/55MB, paused 596us total 73.200ms
08-03 21:13:21.262 10394 10741 I art     : Starting a blocking GC Explicit
08-03 21:13:21.324 10394 10741 I art     : Explicit concurrent mark sweep GC freed 3(96B) AllocSpace objects, 0(0B) LOS objects, 28% free, 39MB/55MB, paused 458us total 61.698ms
08-03 21:13:21.345 10394 10741 I art     : Starting a blocking GC Explicit
08-03 21:13:21.406 10394 10741 I art     : Explicit concurrent mark sweep GC freed 3(96B) AllocSpace objects, 0(0B) LOS objects, 28% free, 39MB/55MB, paused 537us total 60.762ms
08-03 21:13:21.427 10394 10741 I art     : Starting a blocking GC Explicit
08-03 21:13:21.493 10394 10741 I art     : Explicit concurrent mark sweep GC freed 3(96B) AllocSpace objects, 0(0B) LOS objects, 28% free, 39MB/55MB, paused 499us total 66.041ms
08-03 21:13:21.811 13686 13686 D AndroidRuntime: >>>>>> START com.android.internal.os.RuntimeInit uid 2000 <<<<<<
08-03 21:13:21.818 13686 13686 D AndroidRuntime: CheckJNI is OFF
08-03 21:13:21.849 10394 10423 I art     : Starting a blocking GC Explicit
08-03 21:13:21.870 13686 13686 D ICU     : No timezone override file found: /data/misc/zoneinfo/current/icu/icu_tzdata.dat
08-03 21:13:21.915 13686 13686 I Radio-JNI: register_android_hardware_Radio DONE
08-03 21:13:21.918 10394 10423 I art     : Explicit concurrent mark sweep GC freed 1354(82KB) AllocSpace objects, 1(20KB) LOS objects, 28% free, 39MB/55MB, paused 551us total 69.287ms
08-03 21:13:21.939 10394 10423 I art     : Starting a blocking GC Explicit
08-03 21:13:21.945 13686 13686 D AndroidRuntime: Calling main entry com.android.commands.input.Input
08-03 21:13:21.947 13686 13686 I Input   : injectKeyEvent: KeyEvent { action=ACTION_DOWN, keyCode=KEYCODE_BACK, scanCode=0, metaState=0, flags=0x0, repeatCount=0, eventTime=652418360, downTime=652418360, deviceId=-1, source=0x101 }
08-03 21:13:21.956 13686 13686 I Input   : injectKeyEvent: KeyEvent { action=ACTION_UP, keyCode=KEYCODE_BACK, scanCode=0, metaState=0, flags=0x0, repeatCount=0, eventTime=652418360, downTime=652418360, deviceId=-1, source=0x101 }
08-03 21:13:21.962 13686 13686 D AndroidRuntime: Shutting down VM
08-03 21:13:21.996 10394 10423 I art     : Explicit concurrent mark sweep GC freed 161(5KB) AllocSpace objects, 0(0B) LOS objects, 28% free, 39MB/55MB, paused 570us total 57.166ms
08-03 21:13:21.998 13866 13866 I GoogleInputMethodServic: GoogleInputMethodService.onFinishInput():3138 
08-03 21:13:21.998 13866 13866 I GoogleInputMethodServic: GoogleInputMethodService.onStartInput():1808 
08-03 21:13:22.016 10394 10423 I art     : Starting a blocking GC Explicit
08-03 21:13:22.055 10394 13635 I RedditChangeDataIO: Writing tmp data file at '/data/user/0/baseline.org.quantumbadger.redreader/files/rr_change_data_tmp.dat'
08-03 21:13:22.056 10394 13635 I RedditChangeDataManager: Taking snapshot...
08-03 21:13:22.056 10394 13635 I RedditChangeDataManager: Writing to stream...
08-03 21:13:22.056 10394 13635 I RedditChangeDataManager: Wrote 6 entries for user ''
08-03 21:13:22.056 10394 13635 I RedditChangeDataManager: All entries written to stream.
08-03 21:13:22.057 10394 13635 I RedditChangeDataIO: Write successful. Atomically replacing data file...
08-03 21:13:22.057 10394 13635 I RedditChangeDataIO: Write complete.
08-03 21:13:22.057 10394 13635 I RedditChangeDataIO: 158 bytes written in 2 ms
08-03 21:13:22.069 10394 10423 I art     : Explicit concurrent mark sweep GC freed 198(8KB) AllocSpace objects, 1(68KB) LOS objects, 28% free, 39MB/55MB, paused 481us total 52.811ms
08-03 21:13:22.088 10394 10423 I art     : Starting a blocking GC Explicit
08-03 21:13:22.149 10394 10423 I art     : Explicit concurrent mark sweep GC freed 29(1184B) AllocSpace objects, 0(0B) LOS objects, 28% free, 39MB/55MB, paused 477us total 60.501ms
08-03 21:13:22.172 10394 10423 I art     : Starting a blocking GC Explicit
08-03 21:13:22.249 10394 10423 I art     : Explicit concurrent mark sweep GC freed 3(96B) AllocSpace objects, 0(0B) LOS objects, 28% free, 39MB/55MB, paused 470us total 76.882ms
08-03 21:13:22.304   380   380 W SurfaceFlinger: couldn't log to binary event log: overflow.
08-03 21:13:22.582 10394 10423 I art     : Starting a blocking GC Explicit
08-03 21:13:22.651 10394 10423 I art     : Explicit concurrent mark sweep GC freed 1408(85KB) AllocSpace objects, 1(20KB) LOS objects, 28% free, 39MB/55MB, paused 526us total 68.344ms
08-03 21:13:22.679 10394 10423 I art     : Starting a blocking GC Explicit
08-03 21:13:22.732 10394 10423 I art     : Explicit concurrent mark sweep GC freed 41396(2MB) AllocSpace objects, 5(140KB) LOS objects, 29% free, 37MB/53MB, paused 559us total 52.151ms
08-03 21:13:22.751 10394 10423 I art     : Starting a blocking GC Explicit
08-03 21:13:22.796 10394 10423 I art     : Explicit concurrent mark sweep GC freed 3(96B) AllocSpace objects, 0(0B) LOS objects, 29% free, 37MB/53MB, paused 509us total 45.231ms
08-03 21:13:22.815 10394 10423 I art     : Starting a blocking GC Explicit
08-03 21:13:22.865 10394 10423 I art     : Explicit concurrent mark sweep GC freed 3(96B) AllocSpace objects, 0(0B) LOS objects, 29% free, 37MB/53MB, paused 493us total 49.328ms
08-03 21:13:22.884 10394 10423 I art     : Starting a blocking GC Explicit
08-03 21:13:22.934 10394 10423 I art     : Explicit concurrent mark sweep GC freed 3(96B) AllocSpace objects, 0(0B) LOS objects, 29% free, 37MB/53MB, paused 508us total 49.536ms
08-03 21:13:23.278 10394 10407 I art     : Starting a blocking GC Explicit
08-03 21:13:23.333 10394 10407 I art     : Explicit concurrent mark sweep GC freed 1354(82KB) AllocSpace objects, 1(20KB) LOS objects, 29% free, 37MB/53MB, paused 475us total 54.804ms
08-03 21:13:23.352 10394 10407 I art     : Starting a blocking GC Explicit
08-03 21:13:23.399 10394 10407 I art     : Explicit concurrent mark sweep GC freed 20(704B) AllocSpace objects, 0(0B) LOS objects, 29% free, 37MB/53MB, paused 471us total 45.966ms
08-03 21:13:23.417 10394 10407 I art     : Starting a blocking GC Explicit
08-03 21:13:23.464 10394 10407 I art     : Explicit concurrent mark sweep GC freed 3(96B) AllocSpace objects, 0(0B) LOS objects, 29% free, 37MB/53MB, paused 525us total 46.643ms
08-03 21:13:23.483 10394 10407 I art     : Starting a blocking GC Explicit
08-03 21:13:23.530 10394 10407 I art     : Explicit concurrent mark sweep GC freed 3(96B) AllocSpace objects, 0(0B) LOS objects, 29% free, 37MB/53MB, paused 489us total 46.696ms
08-03 21:13:23.549 10394 10407 I art     : Starting a blocking GC Explicit
08-03 21:13:23.597 10394 10407 I art     : Explicit concurrent mark sweep GC freed 3(96B) AllocSpace objects, 0(0B) LOS objects, 29% free, 37MB/53MB, paused 634us total 47.798ms
08-03 21:13:23.757 13729 13729 D AndroidRuntime: >>>>>> START com.android.internal.os.RuntimeInit uid 2000 <<<<<<
08-03 21:13:23.764 13729 13729 D AndroidRuntime: CheckJNI is OFF
08-03 21:13:23.805 13729 13729 D ICU     : No timezone override file found: /data/misc/zoneinfo/current/icu/icu_tzdata.dat
08-03 21:13:23.846 13729 13729 I Radio-JNI: register_android_hardware_Radio DONE
08-03 21:13:23.875 13729 13729 D AndroidRuntime: Calling main entry com.android.commands.input.Input
08-03 21:13:23.877 13729 13729 I Input   : injectKeyEvent: KeyEvent { action=ACTION_DOWN, keyCode=KEYCODE_BACK, scanCode=0, metaState=0, flags=0x0, repeatCount=0, eventTime=652420290, downTime=652420290, deviceId=-1, source=0x101 }
08-03 21:13:23.882 13729 13729 I Input   : injectKeyEvent: KeyEvent { action=ACTION_UP, keyCode=KEYCODE_BACK, scanCode=0, metaState=0, flags=0x0, repeatCount=0, eventTime=652420290, downTime=652420290, deviceId=-1, source=0x101 }
08-03 21:13:23.887 13729 13729 D AndroidRuntime: Shutting down VM
08-03 21:13:23.932 13866 13866 I GoogleInputMethodServic: GoogleInputMethodService.onFinishInput():3138 
08-03 21:13:23.932 13866 13866 I GoogleInputMethodServic: GoogleInputMethodService.onStartInput():1808 
08-03 21:13:23.942 10394 10407 I art     : Starting a blocking GC Explicit
08-03 21:13:23.992 10394 10407 I art     : Explicit concurrent mark sweep GC freed 1517(88KB) AllocSpace objects, 1(20KB) LOS objects, 29% free, 37MB/53MB, paused 467us total 50.033ms
08-03 21:13:24.010 10394 10407 I art     : Starting a blocking GC Explicit
08-03 21:13:24.052 10394 10407 I art     : Explicit concurrent mark sweep GC freed 41(1424B) AllocSpace objects, 0(0B) LOS objects, 29% free, 37MB/53MB, paused 477us total 42.402ms
08-03 21:13:24.072 10394 10407 I art     : Starting a blocking GC Explicit
08-03 21:13:24.113 10394 10407 I art     : Explicit concurrent mark sweep GC freed 3(96B) AllocSpace objects, 0(0B) LOS objects, 29% free, 37MB/53MB, paused 411us total 40.740ms
08-03 21:13:24.130 10394 10407 I art     : Starting a blocking GC Explicit
08-03 21:13:24.171 10394 10407 I art     : Explicit concurrent mark sweep GC freed 3(96B) AllocSpace objects, 0(0B) LOS objects, 29% free, 37MB/53MB, paused 458us total 40.601ms
08-03 21:13:24.188 10394 10407 I art     : Starting a blocking GC Explicit
08-03 21:13:24.229 10394 10407 I art     : Explicit concurrent mark sweep GC freed 3(96B) AllocSpace objects, 0(0B) LOS objects, 29% free, 37MB/53MB, paused 463us total 40.330ms
08-03 21:13:24.539 10394 11806 I art     : Starting a blocking GC Explicit
08-03 21:13:24.589 10394 11806 I art     : Explicit concurrent mark sweep GC freed 1412(84KB) AllocSpace objects, 1(20KB) LOS objects, 29% free, 37MB/53MB, paused 569us total 49.804ms
08-03 21:13:24.607 10394 11806 I art     : Starting a blocking GC Explicit
08-03 21:13:24.657 10394 11806 I art     : Explicit concurrent mark sweep GC freed 150(7KB) AllocSpace objects, 0(0B) LOS objects, 29% free, 37MB/53MB, paused 606us total 49.741ms
08-03 21:13:24.676 10394 11806 I art     : Starting a blocking GC Explicit
08-03 21:13:24.726 10394 11806 I art     : Explicit concurrent mark sweep GC freed 3(96B) AllocSpace objects, 0(0B) LOS objects, 29% free, 37MB/53MB, paused 533us total 49.466ms
08-03 21:13:24.745 10394 11806 I art     : Starting a blocking GC Explicit
08-03 21:13:24.799 10394 11806 I art     : Explicit concurrent mark sweep GC freed 3(96B) AllocSpace objects, 0(0B) LOS objects, 29% free, 37MB/53MB, paused 623us total 54.192ms
08-03 21:13:24.821 10394 11806 I art     : Starting a blocking GC Explicit
08-03 21:13:24.871 10394 11806 I art     : Explicit concurrent mark sweep GC freed 3(96B) AllocSpace objects, 0(0B) LOS objects, 29% free, 37MB/53MB, paused 524us total 50.075ms
08-03 21:13:25.217 10394 10406 I art     : Starting a blocking GC Explicit
08-03 21:13:25.271 10394 10406 I art     : Explicit concurrent mark sweep GC freed 1354(82KB) AllocSpace objects, 1(20KB) LOS objects, 29% free, 37MB/53MB, paused 532us total 52.780ms
08-03 21:13:25.290 10394 10406 I art     : Starting a blocking GC Explicit
08-03 21:13:25.337 10394 10406 I art     : Explicit concurrent mark sweep GC freed 20(704B) AllocSpace objects, 0(0B) LOS objects, 29% free, 37MB/53MB, paused 509us total 46.882ms
08-03 21:13:25.355 10394 10406 I art     : Starting a blocking GC Explicit
08-03 21:13:25.403 10394 10406 I art     : Explicit concurrent mark sweep GC freed 3(96B) AllocSpace objects, 0(0B) LOS objects, 29% free, 37MB/53MB, paused 549us total 47.549ms
08-03 21:13:25.422 10394 10406 I art     : Starting a blocking GC Explicit
08-03 21:13:25.470 10394 10406 I art     : Explicit concurrent mark sweep GC freed 3(96B) AllocSpace objects, 0(0B) LOS objects, 29% free, 37MB/53MB, paused 547us total 47.888ms
08-03 21:13:25.489 10394 10406 I art     : Starting a blocking GC Explicit
08-03 21:13:25.536 10394 10406 I art     : Explicit concurrent mark sweep GC freed 3(96B) AllocSpace objects, 0(0B) LOS objects, 29% free, 37MB/53MB, paused 524us total 47.537ms
08-03 21:13:25.692 13772 13772 D AndroidRuntime: >>>>>> START com.android.internal.os.RuntimeInit uid 2000 <<<<<<
08-03 21:13:25.700 13772 13772 D AndroidRuntime: CheckJNI is OFF
08-03 21:13:25.742 13772 13772 D ICU     : No timezone override file found: /data/misc/zoneinfo/current/icu/icu_tzdata.dat
08-03 21:13:25.784 13772 13772 I Radio-JNI: register_android_hardware_Radio DONE
08-03 21:13:25.813 13772 13772 D AndroidRuntime: Calling main entry com.android.commands.input.Input
08-03 21:13:25.815 13772 13772 I Input   : injectMotionEvent: MotionEvent { action=ACTION_DOWN, actionButton=0, id[0]=0, x[0]=600.0, y[0]=1733.0, toolType[0]=TOOL_TYPE_UNKNOWN, buttonState=0, metaState=0, flags=0x0, edgeFlags=0x0, pointerCount=1, historySize=0, eventTime=652422228, downTime=652422228, deviceId=0, source=0x1002 }
08-03 21:13:25.819 13772 13772 I Input   : injectMotionEvent: MotionEvent { action=ACTION_UP, actionButton=0, id[0]=0, x[0]=600.0, y[0]=1733.0, toolType[0]=TOOL_TYPE_UNKNOWN, buttonState=0, metaState=0, flags=0x0, edgeFlags=0x0, pointerCount=1, historySize=0, eventTime=652422228, downTime=652422228, deviceId=0, source=0x1002 }
08-03 21:13:25.821 13772 13772 D AndroidRuntime: Shutting down VM
08-03 21:13:25.827   512  2967 D audio_hw_primary: out_set_parameters: enter: usecase(1: low-latency-playback) kvpairs: routing=2
08-03 21:13:25.827   918  3961 I ActivityManager: START u0 {dat=https://oauth.reddit.com/... cmp=baseline.org.quantumbadger.redreader/.activities.PostListingActivity} from uid 10634 on display 0
08-03 21:13:25.840   512  2967 D audio_hw_primary: select_devices: out_snd_device(2: speaker) in_snd_device(0: none)
08-03 21:13:25.840   512  2967 D msm8974_platform: platform_send_audio_calibration: sending audio calibration for snd_device(2) acdb_id(15)
08-03 21:13:25.840   512  2967 I soundtrigger: audio_extn_sound_trigger_update_device_status: device 0x2 of type 0 for Event 1
08-03 21:13:25.851 10394 10394 I AppCompatViewInflater: app:theme is now deprecated. Please move to using android:theme instead.
08-03 21:13:25.853   512  2967 D audio_hw_primary: enable_snd_device: snd_device(2: speaker)
08-03 21:13:25.856   512  2967 D audio_hw_primary: enable_audio_route: apply and update mixer path: low-latency-playback speaker
08-03 21:13:25.880 10394 13796 D OK      : calling: https://oauth.reddit.com/r/aww/about.json
08-03 21:13:25.896 10394 10407 I art     : Starting a blocking GC Explicit
08-03 21:13:25.936   918   936 I ActivityManager: Displayed baseline.org.quantumbadger.redreader/.activities.PostListingActivity: +99ms
08-03 21:13:25.936 13866 13866 I GoogleInputMethodServic: GoogleInputMethodService.onFinishInput():3138 
08-03 21:13:25.937 13866 13866 I GoogleInputMethodServic: GoogleInputMethodService.onStartInput():1808 
08-03 21:13:25.940 10394 10407 I art     : Explicit concurrent mark sweep GC freed 2876(181KB) AllocSpace objects, 1(20KB) LOS objects, 29% free, 37MB/53MB, paused 999us total 44.333ms
08-03 21:13:25.960 10394 10407 I art     : Starting a blocking GC Explicit
08-03 21:13:26.005 10394 10407 I art     : Explicit concurrent mark sweep GC freed 577(31KB) AllocSpace objects, 0(0B) LOS objects, 29% free, 37MB/53MB, paused 524us total 44.695ms
08-03 21:13:26.024 10394 10407 I art     : Starting a blocking GC Explicit
08-03 21:13:26.073 10394 10407 I art     : Explicit concurrent mark sweep GC freed 1958(76KB) AllocSpace objects, 0(0B) LOS objects, 29% free, 37MB/53MB, paused 723us total 48.558ms
08-03 21:13:26.093 10394 10407 I art     : Starting a blocking GC Explicit
08-03 21:13:26.141 10394 10407 I art     : Explicit concurrent mark sweep GC freed 90(3KB) AllocSpace objects, 0(0B) LOS objects, 29% free, 37MB/53MB, paused 566us total 47.135ms
08-03 21:13:26.161 10394 10407 I art     : Starting a blocking GC Explicit
08-03 21:13:26.192   380   380 W SurfaceFlinger: couldn't log to binary event log: overflow.
08-03 21:13:26.216 10394 10407 I art     : Explicit concurrent mark sweep GC freed 214(16KB) AllocSpace objects, 0(0B) LOS objects, 29% free, 37MB/53MB, paused 673us total 54.821ms
08-03 21:13:26.216 10394 10405 I art     : WaitForGcToComplete blocked for 55.055ms for cause HeapTrim
08-03 21:13:26.217 10394 13796 I NAPPA_EXPERIMENTATION: MetricNetworkRequestExecutionTime: REQUEST_DURATION_SYSTEM='337',REQUEST_DURATION_OKHTTP='153',REQUEST_SYNCHRONOUS='TRUE',RESPONSE_CODE='200',RESPONSE_METHOD='GET',RESPONSE_LENGTH_OKHTTP='-1',RESPONSE_LENGTH_HEADER='3478',REQUEST_PROTOCOL='h2',REQUEST_URL='https://oauth.reddit.com/r/aww/about.json',
08-03 21:13:26.217 10394 13796 D OK      : request got status: 200
08-03 21:13:26.399   512  2967 D audio_hw_primary: disable_audio_route: reset and update mixer path: low-latency-playback speaker
08-03 21:13:26.400   512  2967 D audio_hw_primary: disable_snd_device: snd_device(2: speaker)
08-03 21:13:26.408   512  2967 I soundtrigger: audio_extn_sound_trigger_update_device_status: device 0x2 of type 0 for Event 0
08-03 21:13:26.538 10394 11806 I art     : Starting a blocking GC Explicit
08-03 21:13:26.589 10394 11806 I art     : Explicit concurrent mark sweep GC freed 2646(262KB) AllocSpace objects, 3(156KB) LOS objects, 29% free, 37MB/53MB, paused 716us total 50.625ms
08-03 21:13:26.608 10394 11806 I art     : Starting a blocking GC Explicit
08-03 21:13:26.658 10394 11806 I art     : Explicit concurrent mark sweep GC freed 199(10KB) AllocSpace objects, 0(0B) LOS objects, 29% free, 37MB/53MB, paused 588us total 49.389ms
08-03 21:13:26.677 10394 11806 I art     : Starting a blocking GC Explicit
08-03 21:13:26.726 10394 11806 I art     : Explicit concurrent mark sweep GC freed 27(1120B) AllocSpace objects, 0(0B) LOS objects, 29% free, 37MB/53MB, paused 642us total 49.239ms
08-03 21:13:26.745 10394 11806 I art     : Starting a blocking GC Explicit
08-03 21:13:26.795 10394 11806 I art     : Explicit concurrent mark sweep GC freed 3(96B) AllocSpace objects, 0(0B) LOS objects, 29% free, 37MB/53MB, paused 908us total 49.345ms
08-03 21:13:26.813 10394 11806 I art     : Starting a blocking GC Explicit
08-03 21:13:26.861 10394 11806 I art     : Explicit concurrent mark sweep GC freed 3(96B) AllocSpace objects, 0(0B) LOS objects, 29% free, 37MB/53MB, paused 561us total 47.790ms
08-03 21:13:27.080 10394 13819 D OK      : calling: https://oauth.reddit.com/r/aww/hot/.json
08-03 21:13:27.200 10394 11806 I art     : Starting a blocking GC Explicit
08-03 21:13:27.251 10394 11806 I art     : Explicit concurrent mark sweep GC freed 1446(86KB) AllocSpace objects, 1(20KB) LOS objects, 29% free, 37MB/53MB, paused 598us total 50.927ms
08-03 21:13:27.270 10394 11806 I art     : Starting a blocking GC Explicit
08-03 21:13:27.317 10394 13819 I NAPPA_EXPERIMENTATION: MetricNetworkRequestExecutionTime: REQUEST_DURATION_SYSTEM='236',REQUEST_DURATION_OKHTTP='233',REQUEST_SYNCHRONOUS='TRUE',RESPONSE_CODE='200',RESPONSE_METHOD='GET',RESPONSE_LENGTH_OKHTTP='-1',RESPONSE_LENGTH_HEADER='33430',REQUEST_PROTOCOL='h2',REQUEST_URL='https://oauth.reddit.com/r/aww/hot/.json',
08-03 21:13:27.317 10394 13819 D OK      : request got status: 200
08-03 21:13:27.319 10394 11806 I art     : Explicit concurrent mark sweep GC freed 335(27KB) AllocSpace objects, 0(0B) LOS objects, 29% free, 37MB/53MB, paused 670us total 49.213ms
08-03 21:13:27.338 10394 11806 I art     : Starting a blocking GC Explicit
08-03 21:13:27.347 10394 11001 I PostListingFragment: Precaching images: OFF
08-03 21:13:27.347 10394 11001 I PostListingFragment: Precaching comments: OFF
08-03 21:13:27.367 10394 11001 I getImgurImageInfo: Image NSO7Npm: trying API v3 with auth
08-03 21:13:27.389 10394 11806 I art     : Explicit concurrent mark sweep GC freed 6776(436KB) AllocSpace objects, 9(500KB) LOS objects, 29% free, 39MB/55MB, paused 1.191ms total 50.069ms
08-03 21:13:27.408 10394 11806 I art     : Starting a blocking GC Explicit
08-03 21:13:27.461 10394 11806 I art     : Explicit concurrent mark sweep GC freed 12251(761KB) AllocSpace objects, 30(1500KB) LOS objects, 27% free, 41MB/57MB, paused 1.115ms total 52.726ms
08-03 21:13:27.479 10394 11806 I art     : Starting a blocking GC Explicit
08-03 21:13:27.530 10394 11806 I art     : Explicit concurrent mark sweep GC freed 6254(538KB) AllocSpace objects, 33(1852KB) LOS objects, 26% free, 44MB/60MB, paused 1.041ms total 50.033ms
08-03 21:13:27.534 10394 12832 I RedditVideosAPI: For 'https://v.redd.it/ppmhu2r9thd51/DASHPlaylist.mpd', got video stream 'https://v.redd.it/ppmhu2r9thd51/DASH_480' and audio stream 'null'
08-03 21:13:27.542 10394 13823 I RedditVideosAPI: For 'https://v.redd.it/fkewv2f65kd51/DASHPlaylist.mpd', got video stream 'https://v.redd.it/fkewv2f65kd51/DASH_480' and audio stream 'https://v.redd.it/fkewv2f65kd51/audio'
08-03 21:13:27.546 10394 12832 I RedditVideosAPI: For 'https://v.redd.it/ak6rer1hskd51/DASHPlaylist.mpd', got video stream 'https://v.redd.it/ak6rer1hskd51/DASH_360' and audio stream 'null'
08-03 21:13:27.547 10394 12832 I RedditVideosAPI: For 'https://v.redd.it/h49fg58ygjd51/DASHPlaylist.mpd', got video stream 'https://v.redd.it/h49fg58ygjd51/DASH_480' and audio stream 'null'
08-03 21:13:27.549 10394 12832 I RedditVideosAPI: For 'https://v.redd.it/1ewzkieg0jd51/DASHPlaylist.mpd', got video stream 'https://v.redd.it/1ewzkieg0jd51/DASH_480' and audio stream 'https://v.redd.it/1ewzkieg0jd51/audio'
08-03 21:13:27.550 10394 12832 I RedditVideosAPI: For 'https://v.redd.it/s9qqadf3mid51/DASHPlaylist.mpd', got video stream 'https://v.redd.it/s9qqadf3mid51/DASH_480' and audio stream 'https://v.redd.it/s9qqadf3mid51/audio'
08-03 21:13:27.551 10394 13823 I RedditVideosAPI: For 'https://v.redd.it/b8vazlcb7ld51/DASHPlaylist.mpd', got video stream 'https://v.redd.it/b8vazlcb7ld51/DASH_480' and audio stream 'https://v.redd.it/b8vazlcb7ld51/audio'
08-03 21:13:27.551 10394 12832 I RedditVideosAPI: For 'https://v.redd.it/ty24o02m1hd51/DASHPlaylist.mpd', got video stream 'https://v.redd.it/ty24o02m1hd51/DASH_480' and audio stream 'null'
08-03 21:13:27.552 10394 13823 I RedditVideosAPI: For 'https://v.redd.it/ar5k8892pid51/DASHPlaylist.mpd', got video stream 'https://v.redd.it/ar5k8892pid51/DASH_360' and audio stream 'https://v.redd.it/ar5k8892pid51/audio'
08-03 21:13:27.592 10394 10394 W RecyclerView: Cannot call this method in a scroll callback. Scroll callbacks mightbe run during a measure & layout pass where you cannot change theRecyclerView data. Any method call that might change the structureof the RecyclerView or the adapter contents should be postponed tothe next frame.
08-03 21:13:27.592 10394 10394 W RecyclerView: java.lang.IllegalStateException:  androidx.recyclerview.widget.RecyclerView{a931cb3 VFED..... .F....ID 0,0-1440,2140 #7f0900ef app:id/scrollbar_recyclerview_recyclerview}, adapter:baseline.org.quantumbadger.redreader.adapters.GroupedRecyclerViewAdapter@8d3f270, layout:androidx.recyclerview.widget.LinearLayoutManager@8bc89e9, context:baseline.org.quantumbadger.redreader.activities.PostListingActivity@4e314ec
08-03 21:13:27.592 10394 10394 W RecyclerView: 	at androidx.recyclerview.widget.RecyclerView.assertNotInLayoutOrScroll(RecyclerView.java:3061)
08-03 21:13:27.592 10394 10394 W RecyclerView: 	at androidx.recyclerview.widget.RecyclerView$RecyclerViewDataObserver.onItemRangeInserted(RecyclerView.java:5555)
08-03 21:13:27.592 10394 10394 W RecyclerView: 	at androidx.recyclerview.widget.RecyclerView$AdapterDataObservable.notifyItemRangeInserted(RecyclerView.java:12278)
08-03 21:13:27.592 10394 10394 W RecyclerView: 	at androidx.recyclerview.widget.RecyclerView$Adapter.notifyItemInserted(RecyclerView.java:7464)
08-03 21:13:27.592 10394 10394 W RecyclerView: 	at baseline.org.quantumbadger.redreader.adapters.GroupedRecyclerViewAdapter.updateHiddenStatus(GroupedRecyclerViewAdapter.java:279)
08-03 21:13:27.592 10394 10394 W RecyclerView: 	at baseline.org.quantumbadger.redreader.adapters.RedditListingManager.setLoadingVisible(RedditListingManager.java:125)
08-03 21:13:27.592 10394 10394 W RecyclerView: 	at baseline.org.quantumbadger.redreader.fragments.PostListingFragment.onLoadMoreItemsCheck(PostListingFragment.java:465)
08-03 21:13:27.592 10394 10394 W RecyclerView: 	at baseline.org.quantumbadger.redreader.fragments.PostListingFragment.access$000(PostListingFragment.java:98)
08-03 21:13:27.592 10394 10394 W RecyclerView: 	at baseline.org.quantumbadger.redreader.fragments.PostListingFragment$2.onScrolled(PostListingFragment.java:215)
08-03 21:13:27.592 10394 10394 W RecyclerView: 	at androidx.recyclerview.widget.RecyclerView.dispatchOnScrolled(RecyclerView.java:5173)
08-03 21:13:27.592 10394 10394 W RecyclerView: 	at androidx.recyclerview.widget.RecyclerView.dispatchLayoutStep3(RecyclerView.java:4231)
08-03 21:13:27.592 10394 10394 W RecyclerView: 	at androidx.recyclerview.widget.RecyclerView.dispatchLayout(RecyclerView.java:3862)
08-03 21:13:27.592 10394 10394 W RecyclerView: 	at androidx.recyclerview.widget.RecyclerView.consumePendingUpdateOperations(RecyclerView.java:1897)
08-03 21:13:27.592 10394 10394 W RecyclerView: 	at androidx.recyclerview.widget.RecyclerView$1.run(RecyclerView.java:414)
08-03 21:13:27.592 10394 10394 W RecyclerView: 	at android.view.Choreographer$CallbackRecord.run(Choreographer.java:858)
08-03 21:13:27.592 10394 10394 W RecyclerView: 	at android.view.Choreographer.doCallbacks(Choreographer.java:670)
08-03 21:13:27.592 10394 10394 W RecyclerView: 	at android.view.Choreographer.doFrame(Choreographer.java:603)
08-03 21:13:27.592 10394 10394 W RecyclerView: 	at android.view.Choreographer$FrameDisplayEventReceiver.run(Choreographer.java:844)
08-03 21:13:27.592 10394 10394 W RecyclerView: 	at android.os.Handler.handleCallback(Handler.java:739)
08-03 21:13:27.592 10394 10394 W RecyclerView: 	at android.os.Handler.dispatchMessage(Handler.java:95)
08-03 21:13:27.592 10394 10394 W RecyclerView: 	at android.os.Looper.loop(Looper.java:148)
08-03 21:13:27.592 10394 10394 W RecyclerView: 	at android.app.ActivityThread.main(ActivityThread.java:5417)
08-03 21:13:27.592 10394 10394 W RecyclerView: 	at java.lang.reflect.Method.invoke(Native Method)
08-03 21:13:27.592 10394 10394 W RecyclerView: 	at com.android.internal.os.ZygoteInit$MethodAndArgsCaller.run(ZygoteInit.java:726)
08-03 21:13:27.592 10394 10394 W RecyclerView: 	at com.android.internal.os.ZygoteInit.main(ZygoteInit.java:616)
08-03 21:13:27.881 10394 10407 I art     : Starting a blocking GC Explicit
08-03 21:13:27.940 10394 10407 I art     : Explicit concurrent mark sweep GC freed 26930(1960KB) AllocSpace objects, 25(1796KB) LOS objects, 27% free, 43MB/59MB, paused 692us total 58.630ms
08-03 21:13:27.961 10394 10407 I art     : Starting a blocking GC Explicit
08-03 21:13:28.019 10394 10407 I art     : Explicit concurrent mark sweep GC freed 308(14KB) AllocSpace objects, 0(0B) LOS objects, 27% free, 43MB/59MB, paused 640us total 57.423ms
08-03 21:13:28.038 10394 10407 I art     : Starting a blocking GC Explicit
08-03 21:13:28.097 10394 10407 I art     : Explicit concurrent mark sweep GC freed 3(96B) AllocSpace objects, 0(0B) LOS objects, 27% free, 43MB/59MB, paused 568us total 57.884ms
08-03 21:13:28.116 10394 10407 I art     : Starting a blocking GC Explicit
08-03 21:13:28.178 10394 10407 I art     : Explicit concurrent mark sweep GC freed 3(96B) AllocSpace objects, 0(0B) LOS objects, 27% free, 43MB/59MB, paused 590us total 60.807ms
08-03 21:13:28.200 10394 10407 I art     : Starting a blocking GC Explicit
08-03 21:13:28.213   518   646 I ThermalEngine: ACTION: GPU - Setting GPU[0] to 390000000
08-03 21:13:28.281 10394 13835 D OK      : calling: https://oauth.reddit.com/r/aww/hot/.json?after=t3_hz5odc
08-03 21:13:28.297 10394 10407 I art     : Explicit concurrent mark sweep GC freed 100(4KB) AllocSpace objects, 0(0B) LOS objects, 27% free, 43MB/59MB, paused 1.369ms total 95.957ms
08-03 21:13:28.544 10394 13835 I NAPPA_EXPERIMENTATION: MetricNetworkRequestExecutionTime: REQUEST_DURATION_SYSTEM='263',REQUEST_DURATION_OKHTTP='259',REQUEST_SYNCHRONOUS='TRUE',RESPONSE_CODE='200',RESPONSE_METHOD='GET',RESPONSE_LENGTH_OKHTTP='-1',RESPONSE_LENGTH_HEADER='30610',REQUEST_PROTOCOL='h2',REQUEST_URL='https://oauth.reddit.com/r/aww/hot/.json?after=t3_hz5odc',
08-03 21:13:28.544 10394 13835 D OK      : request got status: 200
08-03 21:13:28.556 10394 13824 I PostListingFragment: Precaching images: OFF
08-03 21:13:28.556 10394 13824 I PostListingFragment: Precaching comments: OFF
08-03 21:13:28.638 10394 13824 I getImgurImageInfo: Image nLQR2hT: trying API v3 with auth
08-03 21:13:28.696 10394 10741 I art     : Starting a blocking GC Explicit
08-03 21:13:28.730 10394 13847 I RedditVideosAPI: For 'https://v.redd.it/syww111dtjd51/DASHPlaylist.mpd', got video stream 'https://v.redd.it/syww111dtjd51/DASH_480' and audio stream 'https://v.redd.it/syww111dtjd51/audio'
08-03 21:13:28.732 10394 13847 I RedditVideosAPI: For 'https://v.redd.it/pbqrrfb3tkd51/DASHPlaylist.mpd', got video stream 'https://v.redd.it/pbqrrfb3tkd51/DASH_480' and audio stream 'null'
08-03 21:13:28.734 10394 13847 I RedditVideosAPI: For 'https://v.redd.it/rrygsb8i4ld51/DASHPlaylist.mpd', got video stream 'https://v.redd.it/rrygsb8i4ld51/DASH_480' and audio stream 'https://v.redd.it/rrygsb8i4ld51/audio'
08-03 21:13:28.735 10394 13847 I RedditVideosAPI: For 'https://v.redd.it/5x6zzipz8ld51/DASHPlaylist.mpd', got video stream 'https://v.redd.it/5x6zzipz8ld51/DASH_480' and audio stream 'null'
08-03 21:13:28.737 10394 13823 I RedditVideosAPI: For 'https://v.redd.it/75en73fm5id51/DASHPlaylist.mpd', got video stream 'https://v.redd.it/75en73fm5id51/DASH_480' and audio stream 'https://v.redd.it/75en73fm5id51/audio'
08-03 21:13:28.741 10394 13823 I RedditVideosAPI: For 'https://v.redd.it/ggz4fyth6hd51/DASHPlaylist.mpd', got video stream 'https://v.redd.it/ggz4fyth6hd51/DASH_360' and audio stream 'null'
08-03 21:13:28.745 10394 13823 I RedditVideosAPI: For 'https://v.redd.it/psrknoobrgd51/DASHPlaylist.mpd', got video stream 'https://v.redd.it/psrknoobrgd51/DASH_480' and audio stream 'null'
08-03 21:13:28.747 10394 13823 I RedditVideosAPI: For 'https://v.redd.it/jk6cwef4wld51/DASHPlaylist.mpd', got video stream 'https://v.redd.it/jk6cwef4wld51/DASH_480' and audio stream 'null'
08-03 21:13:28.752 10394 13847 I RedditVideosAPI: For 'https://v.redd.it/t81s8zfz9ld51/DASHPlaylist.mpd', got video stream 'https://v.redd.it/t81s8zfz9ld51/DASH_480' and audio stream 'https://v.redd.it/t81s8zfz9ld51/audio'
08-03 21:13:28.757 10394 13823 I RedditVideosAPI: For 'https://v.redd.it/xd6c4yyutgd51/DASHPlaylist.mpd', got video stream 'https://v.redd.it/xd6c4yyutgd51/DASH_480' and audio stream 'null'
08-03 21:13:28.771 10394 10741 I art     : Explicit concurrent mark sweep GC freed 24538(2MB) AllocSpace objects, 81(5MB) LOS objects, 24% free, 48MB/64MB, paused 960us total 74.828ms
08-03 21:13:28.772 10394 13823 I RedditVideosAPI: For 'https://v.redd.it/ue0jdgk9zhd51/DASHPlaylist.mpd', got video stream 'https://v.redd.it/ue0jdgk9zhd51/DASH_360' and audio stream 'https://v.redd.it/ue0jdgk9zhd51/audio'
08-03 21:13:28.795 10394 10741 I art     : Starting a blocking GC Explicit
08-03 21:13:28.859 10394 10741 I art     : Explicit concurrent mark sweep GC freed 21526(1162KB) AllocSpace objects, 17(736KB) LOS objects, 24% free, 48MB/64MB, paused 1.008ms total 63.592ms
08-03 21:13:28.887 10394 10741 I art     : Starting a blocking GC Explicit
08-03 21:13:28.954 10394 10741 I art     : Explicit concurrent mark sweep GC freed 84(3056B) AllocSpace objects, 0(0B) LOS objects, 24% free, 48MB/64MB, paused 848us total 66.591ms
08-03 21:13:28.981 10394 10741 I art     : Starting a blocking GC Explicit
08-03 21:13:29.050 10394 10741 I art     : Explicit concurrent mark sweep GC freed 3(96B) AllocSpace objects, 0(0B) LOS objects, 24% free, 48MB/64MB, paused 902us total 68.025ms
08-03 21:13:29.077 10394 10741 I art     : Starting a blocking GC Explicit
08-03 21:13:29.101  7841  7841 I ServiceManager: Waiting for service AtCmdFwd...
08-03 21:13:29.152 10394 10741 I art     : Explicit concurrent mark sweep GC freed 3(96B) AllocSpace objects, 0(0B) LOS objects, 24% free, 48MB/64MB, paused 1.052ms total 74.560ms
08-03 21:13:29.558 10394 10423 I art     : Starting a blocking GC Explicit
08-03 21:13:29.638 10394 10423 I art     : Explicit concurrent mark sweep GC freed 1356(83KB) AllocSpace objects, 1(20KB) LOS objects, 24% free, 48MB/64MB, paused 852us total 79.565ms
08-03 21:13:29.665 10394 10423 I art     : Starting a blocking GC Explicit
08-03 21:13:29.741 10394 10423 I art     : Explicit concurrent mark sweep GC freed 20(704B) AllocSpace objects, 0(0B) LOS objects, 24% free, 48MB/64MB, paused 956us total 75.498ms
08-03 21:13:29.769 10394 10423 I art     : Starting a blocking GC Explicit
08-03 21:13:29.837 10394 10423 I art     : Explicit concurrent mark sweep GC freed 3(96B) AllocSpace objects, 0(0B) LOS objects, 24% free, 48MB/64MB, paused 1.041ms total 67.659ms
08-03 21:13:29.864 10394 10423 I art     : Starting a blocking GC Explicit
08-03 21:13:29.933 10394 10423 I art     : Explicit concurrent mark sweep GC freed 3(96B) AllocSpace objects, 0(0B) LOS objects, 24% free, 48MB/64MB, paused 858us total 68.026ms
08-03 21:13:29.960 10394 10423 I art     : Starting a blocking GC Explicit
08-03 21:13:30.028 10394 10423 I art     : Explicit concurrent mark sweep GC freed 3(96B) AllocSpace objects, 0(0B) LOS objects, 24% free, 48MB/64MB, paused 991us total 67.920ms
08-03 21:13:30.102  7841  7841 I ServiceManager: Waiting for service AtCmdFwd...
08-03 21:13:30.213   518   646 I ThermalEngine: ACTION: GPU - Setting GPU[0] to 450000000
08-03 21:13:30.422 10394 10406 I art     : Starting a blocking GC Explicit
08-03 21:13:30.484 10394 10406 I art     : Explicit concurrent mark sweep GC freed 1358(83KB) AllocSpace objects, 1(20KB) LOS objects, 24% free, 48MB/64MB, paused 655us total 60.984ms
08-03 21:13:30.507 10394 10406 I art     : Starting a blocking GC Explicit
08-03 21:13:30.564 10394 10406 I art     : Explicit concurrent mark sweep GC freed 20(704B) AllocSpace objects, 0(0B) LOS objects, 24% free, 48MB/64MB, paused 611us total 57.407ms
08-03 21:13:30.584 10394 10406 I art     : Starting a blocking GC Explicit
08-03 21:13:30.643 10394 10406 I art     : Explicit concurrent mark sweep GC freed 3(96B) AllocSpace objects, 0(0B) LOS objects, 24% free, 48MB/64MB, paused 624us total 58.661ms
08-03 21:13:30.663 10394 10406 I art     : Starting a blocking GC Explicit
08-03 21:13:30.722 10394 10406 I art     : Explicit concurrent mark sweep GC freed 3(96B) AllocSpace objects, 0(0B) LOS objects, 24% free, 48MB/64MB, paused 614us total 58.078ms
08-03 21:13:30.742 10394 10406 I art     : Starting a blocking GC Explicit
08-03 21:13:30.804 10394 10406 I art     : Explicit concurrent mark sweep GC freed 3(96B) AllocSpace objects, 0(0B) LOS objects, 24% free, 48MB/64MB, paused 664us total 62.241ms
08-03 21:13:31.099   918  3261 D WifiStateMachine: starting scan for "H369AA63323"WPA_PSK with 2412,5180
08-03 21:13:31.102  7841  7841 I ServiceManager: Waiting for service AtCmdFwd...
08-03 21:13:31.174 10394 11806 I art     : Starting a blocking GC Explicit
08-03 21:13:31.230 10394 11806 I art     : Explicit concurrent mark sweep GC freed 1356(83KB) AllocSpace objects, 1(20KB) LOS objects, 24% free, 48MB/64MB, paused 586us total 55.040ms
08-03 21:13:31.249 10394 11806 I art     : Starting a blocking GC Explicit
08-03 21:13:31.302 10394 11806 I art     : Explicit concurrent mark sweep GC freed 20(704B) AllocSpace objects, 0(0B) LOS objects, 24% free, 48MB/64MB, paused 594us total 52.464ms
08-03 21:13:31.321 10394 11806 I art     : Starting a blocking GC Explicit
08-03 21:13:31.378 10394 11806 I art     : Explicit concurrent mark sweep GC freed 3(96B) AllocSpace objects, 0(0B) LOS objects, 24% free, 48MB/64MB, paused 631us total 56.609ms
08-03 21:13:31.398 10394 11806 I art     : Starting a blocking GC Explicit
08-03 21:13:31.453 10394 11806 I art     : Explicit concurrent mark sweep GC freed 3(96B) AllocSpace objects, 0(0B) LOS objects, 24% free, 48MB/64MB, paused 635us total 54.748ms
08-03 21:13:31.473 10394 11806 I art     : Starting a blocking GC Explicit
08-03 21:13:31.528 10394 11806 I art     : Explicit concurrent mark sweep GC freed 3(96B) AllocSpace objects, 0(0B) LOS objects, 24% free, 48MB/64MB, paused 609us total 55.384ms
08-03 21:13:31.619 13890 13890 D AndroidRuntime: >>>>>> START com.android.internal.os.RuntimeInit uid 2000 <<<<<<
08-03 21:13:31.626 13890 13890 D AndroidRuntime: CheckJNI is OFF
08-03 21:13:31.670 13890 13890 D ICU     : No timezone override file found: /data/misc/zoneinfo/current/icu/icu_tzdata.dat
08-03 21:13:31.711 13890 13890 I Radio-JNI: register_android_hardware_Radio DONE
08-03 21:13:31.739 13890 13890 D AndroidRuntime: Calling main entry com.android.commands.input.Input
08-03 21:13:31.741 13890 13890 I Input   : injectMotionEvent: MotionEvent { action=ACTION_DOWN, actionButton=0, id[0]=0, x[0]=1340.0, y[0]=1100.0, toolType[0]=TOOL_TYPE_UNKNOWN, buttonState=0, metaState=0, flags=0x0, edgeFlags=0x0, pointerCount=1, historySize=0, eventTime=652428153, downTime=652428153, deviceId=0, source=0x1002 }
08-03 21:13:31.746 13890 13890 I Input   : injectMotionEvent: MotionEvent { action=ACTION_UP, actionButton=0, id[0]=0, x[0]=1340.0, y[0]=1100.0, toolType[0]=TOOL_TYPE_UNKNOWN, buttonState=0, metaState=0, flags=0x0, edgeFlags=0x0, pointerCount=1, historySize=0, eventTime=652428153, downTime=652428153, deviceId=0, source=0x1002 }
08-03 21:13:31.748 13890 13890 D AndroidRuntime: Shutting down VM
08-03 21:13:31.756   512  2967 D audio_hw_primary: out_set_parameters: enter: usecase(1: low-latency-playback) kvpairs: routing=2
08-03 21:13:31.759   918  4413 I ActivityManager: START u0 {dat=https://oauth.reddit.com/... cmp=baseline.org.quantumbadger.redreader/.activities.CommentListingActivity} from uid 10634 on display 0
08-03 21:13:31.769   512  2967 D audio_hw_primary: select_devices: out_snd_device(2: speaker) in_snd_device(0: none)
08-03 21:13:31.770   512  2967 D msm8974_platform: platform_send_audio_calibration: sending audio calibration for snd_device(2) acdb_id(15)
08-03 21:13:31.770   512  2967 I soundtrigger: audio_extn_sound_trigger_update_device_status: device 0x2 of type 0 for Event 1
08-03 21:13:31.782   512  2967 D audio_hw_primary: enable_snd_device: snd_device(2: speaker)
08-03 21:13:31.785   512  2967 D audio_hw_primary: enable_audio_route: apply and update mixer path: low-latency-playback speaker
08-03 21:13:31.787 10394 10394 I AppCompatViewInflater: app:theme is now deprecated. Please move to using android:theme instead.
08-03 21:13:31.808 10394 13824 I CommentListingActivity: COMMENTS session changed to 9bf84d76-0bab-46aa-befd-d6f5e6c62913
08-03 21:13:31.866 10394 10423 I art     : Starting a blocking GC Explicit
08-03 21:13:31.939 10394 10423 I art     : Explicit concurrent mark sweep GC freed 16284(873KB) AllocSpace objects, 1(20KB) LOS objects, 24% free, 49MB/65MB, paused 1.623ms total 71.805ms
08-03 21:13:31.950   918  3188 I hubconnection: sensorhub said: 'set_bias 3: -6.2400, 0.0000, 0.0000'
08-03 21:13:31.961 10394 10423 I art     : Starting a blocking GC Explicit
08-03 21:13:31.965   918   936 I ActivityManager: Displayed baseline.org.quantumbadger.redreader/.activities.CommentListingActivity: +193ms
08-03 21:13:31.969 13866 13866 I GoogleInputMethodServic: GoogleInputMethodService.onFinishInput():3138 
08-03 21:13:31.971 13866 13866 I GoogleInputMethodServic: GoogleInputMethodService.onStartInput():1808 
08-03 21:13:32.025 10394 10423 I art     : Explicit concurrent mark sweep GC freed 19674(1275KB) AllocSpace objects, 53(10MB) LOS objects, 28% free, 40MB/56MB, paused 728us total 63.828ms
08-03 21:13:32.045 10394 10423 I art     : Starting a blocking GC Explicit
08-03 21:13:32.103  7841  7841 I ServiceManager: Waiting for service AtCmdFwd...
08-03 21:13:32.105 10394 10423 I art     : Explicit concurrent mark sweep GC freed 15977(707KB) AllocSpace objects, 0(0B) LOS objects, 28% free, 39MB/55MB, paused 717us total 60.320ms
08-03 21:13:32.126 10394 10423 I art     : Starting a blocking GC Explicit
08-03 21:13:32.200 10394 10423 I art     : Explicit concurrent mark sweep GC freed 84(3KB) AllocSpace objects, 0(0B) LOS objects, 28% free, 39MB/55MB, paused 883us total 73.061ms
08-03 21:13:32.215   380   380 W SurfaceFlinger: couldn't log to binary event log: overflow.
08-03 21:13:32.228 10394 10423 I art     : Starting a blocking GC Explicit
08-03 21:13:32.282 10394 10423 I art     : Explicit concurrent mark sweep GC freed 3(96B) AllocSpace objects, 0(0B) LOS objects, 28% free, 39MB/55MB, paused 462us total 54.003ms
08-03 21:13:32.318   512  2967 D audio_hw_primary: disable_audio_route: reset and update mixer path: low-latency-playback speaker
08-03 21:13:32.319   512  2967 D audio_hw_primary: disable_snd_device: snd_device(2: speaker)
08-03 21:13:32.328   512  2967 I soundtrigger: audio_extn_sound_trigger_update_device_status: device 0x2 of type 0 for Event 0
08-03 21:13:32.364 10394 13822 I RedditChangeDataIO: Writing tmp data file at '/data/user/0/baseline.org.quantumbadger.redreader/files/rr_change_data_tmp.dat'
08-03 21:13:32.365 10394 13822 I RedditChangeDataManager: Taking snapshot...
08-03 21:13:32.365 10394 13822 I RedditChangeDataManager: Writing to stream...
08-03 21:13:32.365 10394 13822 I RedditChangeDataManager: Wrote 6 entries for user ''
08-03 21:13:32.365 10394 13822 I RedditChangeDataManager: All entries written to stream.
08-03 21:13:32.366 10394 13822 I RedditChangeDataIO: Write successful. Atomically replacing data file...
08-03 21:13:32.366 10394 13822 I RedditChangeDataIO: Write complete.
08-03 21:13:32.367 10394 13822 I RedditChangeDataIO: 158 bytes written in 2 ms
08-03 21:13:32.632 10394 10407 I art     : Starting a blocking GC Explicit
08-03 21:13:32.698 10394 10407 I art     : Explicit concurrent mark sweep GC freed 1627(94KB) AllocSpace objects, 2(88KB) LOS objects, 28% free, 39MB/55MB, paused 598us total 66.342ms
08-03 21:13:32.720 10394 10407 I art     : Starting a blocking GC Explicit
08-03 21:13:32.781 10394 10407 I art     : Explicit concurrent mark sweep GC freed 27(928B) AllocSpace objects, 0(0B) LOS objects, 28% free, 39MB/55MB, paused 478us total 60.368ms
08-03 21:13:32.802 10394 10407 I art     : Starting a blocking GC Explicit
08-03 21:13:32.862 10394 10407 I art     : Explicit concurrent mark sweep GC freed 3(96B) AllocSpace objects, 0(0B) LOS objects, 28% free, 39MB/55MB, paused 514us total 60.327ms
08-03 21:13:32.884 10394 10407 I art     : Starting a blocking GC Explicit
08-03 21:13:32.943 10394 10407 I art     : Explicit concurrent mark sweep GC freed 3(96B) AllocSpace objects, 0(0B) LOS objects, 28% free, 39MB/55MB, paused 536us total 59.504ms
08-03 21:13:32.964 10394 10407 I art     : Starting a blocking GC Explicit
08-03 21:13:33.028 10394 10407 I art     : Explicit concurrent mark sweep GC freed 49(1920B) AllocSpace objects, 0(0B) LOS objects, 28% free, 39MB/55MB, paused 570us total 63.693ms
08-03 21:13:33.103  7841  7841 I ServiceManager: Waiting for service AtCmdFwd...
08-03 21:13:33.379 10394 10406 I art     : Starting a blocking GC Explicit
08-03 21:13:33.466 10394 10406 I art     : Explicit concurrent mark sweep GC freed 1358(83KB) AllocSpace objects, 1(20KB) LOS objects, 28% free, 39MB/55MB, paused 621us total 86.517ms
08-03 21:13:33.490 10394 10406 I art     : Starting a blocking GC Explicit
08-03 21:13:33.562 10394 10406 I art     : Explicit concurrent mark sweep GC freed 20(704B) AllocSpace objects, 0(0B) LOS objects, 28% free, 39MB/55MB, paused 557us total 71.761ms
08-03 21:13:33.583 10394 10406 I art     : Starting a blocking GC Explicit
08-03 21:13:33.657 10394 10406 I art     : Explicit concurrent mark sweep GC freed 30(1504B) AllocSpace objects, 0(0B) LOS objects, 28% free, 39MB/55MB, paused 521us total 73.797ms
08-03 21:13:33.681 10394 10406 I art     : Starting a blocking GC Explicit
08-03 21:13:33.753 10394 10406 I art     : Explicit concurrent mark sweep GC freed 251(42KB) AllocSpace objects, 0(0B) LOS objects, 28% free, 39MB/55MB, paused 530us total 71.861ms
08-03 21:13:33.774 10394 10406 I art     : Starting a blocking GC Explicit
08-03 21:13:33.846 10394 10406 I art     : Explicit concurrent mark sweep GC freed 68(2272B) AllocSpace objects, 0(0B) LOS objects, 28% free, 39MB/55MB, paused 552us total 71.065ms
08-03 21:13:34.103  7841  7841 W Atfwd_Sendcmd: AtCmdFwd service not published, waiting... retryCnt : 4
08-03 21:13:34.234 10394 10423 I art     : Starting a blocking GC Explicit
08-03 21:13:34.317 10394 10423 I art     : Explicit concurrent mark sweep GC freed 1354(82KB) AllocSpace objects, 1(20KB) LOS objects, 28% free, 39MB/55MB, paused 570us total 82.505ms
08-03 21:13:34.341 10394 10423 I art     : Starting a blocking GC Explicit
08-03 21:13:34.411 10394 10423 I art     : Explicit concurrent mark sweep GC freed 20(704B) AllocSpace objects, 0(0B) LOS objects, 28% free, 39MB/55MB, paused 535us total 70.316ms
08-03 21:13:34.433 10394 10423 I art     : Starting a blocking GC Explicit
08-03 21:13:34.505 10394 10423 I art     : Explicit concurrent mark sweep GC freed 3(96B) AllocSpace objects, 0(0B) LOS objects, 28% free, 39MB/55MB, paused 475us total 72.145ms
08-03 21:13:34.526 10394 10423 I art     : Starting a blocking GC Explicit
08-03 21:13:34.598 10394 10423 I art     : Explicit concurrent mark sweep GC freed 3(96B) AllocSpace objects, 0(0B) LOS objects, 28% free, 39MB/55MB, paused 547us total 71.439ms
08-03 21:13:34.620 10394 10423 I art     : Starting a blocking GC Explicit
08-03 21:13:34.689 10394 10423 I art     : Explicit concurrent mark sweep GC freed 3(96B) AllocSpace objects, 0(0B) LOS objects, 28% free, 39MB/55MB, paused 532us total 68.444ms
08-03 21:13:35.062 10394 11806 I art     : Starting a blocking GC Explicit
08-03 21:13:35.157 10394 11806 I art     : Explicit concurrent mark sweep GC freed 1354(82KB) AllocSpace objects, 1(20KB) LOS objects, 28% free, 39MB/55MB, paused 517us total 94.591ms
08-03 21:13:35.181 10394 11806 I art     : Starting a blocking GC Explicit
08-03 21:13:35.253 10394 11806 I art     : Explicit concurrent mark sweep GC freed 20(704B) AllocSpace objects, 0(0B) LOS objects, 28% free, 39MB/55MB, paused 542us total 72.302ms
08-03 21:13:35.275 10394 11806 I art     : Starting a blocking GC Explicit
08-03 21:13:35.346 10394 11806 I art     : Explicit concurrent mark sweep GC freed 3(96B) AllocSpace objects, 0(0B) LOS objects, 28% free, 39MB/55MB, paused 540us total 71.158ms
08-03 21:13:35.368 10394 11806 I art     : Starting a blocking GC Explicit
08-03 21:13:35.436 10394 11806 I art     : Explicit concurrent mark sweep GC freed 3(96B) AllocSpace objects, 0(0B) LOS objects, 28% free, 39MB/55MB, paused 585us total 68.339ms
08-03 21:13:35.458 10394 11806 I art     : Starting a blocking GC Explicit
08-03 21:13:35.529 10394 11806 I art     : Explicit concurrent mark sweep GC freed 3(96B) AllocSpace objects, 0(0B) LOS objects, 28% free, 39MB/55MB, paused 534us total 70.691ms
08-03 21:13:35.910 10394 10741 I art     : Starting a blocking GC Explicit
08-03 21:13:35.995 10394 10741 I art     : Explicit concurrent mark sweep GC freed 1354(82KB) AllocSpace objects, 1(20KB) LOS objects, 28% free, 39MB/55MB, paused 538us total 84.569ms
08-03 21:13:36.018 10394 10741 I art     : Starting a blocking GC Explicit
08-03 21:13:36.077 10394 10741 I art     : Explicit concurrent mark sweep GC freed 20(704B) AllocSpace objects, 0(0B) LOS objects, 28% free, 39MB/55MB, paused 491us total 58.737ms
08-03 21:13:36.097 10394 10741 I art     : Starting a blocking GC Explicit
08-03 21:13:36.160 10394 10741 I art     : Explicit concurrent mark sweep GC freed 3(96B) AllocSpace objects, 0(0B) LOS objects, 28% free, 39MB/55MB, paused 503us total 62.737ms
08-03 21:13:36.181 10394 10741 I art     : Starting a blocking GC Explicit
08-03 21:13:36.249 10394 10741 I art     : Explicit concurrent mark sweep GC freed 3(96B) AllocSpace objects, 0(0B) LOS objects, 28% free, 39MB/55MB, paused 539us total 67.425ms
08-03 21:13:36.270 10394 10741 I art     : Starting a blocking GC Explicit
08-03 21:13:36.337 10394 10741 I art     : Explicit concurrent mark sweep GC freed 3(96B) AllocSpace objects, 0(0B) LOS objects, 28% free, 39MB/55MB, paused 660us total 67.164ms
08-03 21:13:36.554 13976 13976 D AndroidRuntime: >>>>>> START com.android.internal.os.RuntimeInit uid 2000 <<<<<<
08-03 21:13:36.560 13976 13976 D AndroidRuntime: CheckJNI is OFF
08-03 21:13:36.601 13976 13976 D ICU     : No timezone override file found: /data/misc/zoneinfo/current/icu/icu_tzdata.dat
08-03 21:13:36.642 13976 13976 I Radio-JNI: register_android_hardware_Radio DONE
08-03 21:13:36.672 13976 13976 D AndroidRuntime: Calling main entry com.android.commands.input.Input
08-03 21:13:36.674 13976 13976 I Input   : injectKeyEvent: KeyEvent { action=ACTION_DOWN, keyCode=KEYCODE_BACK, scanCode=0, metaState=0, flags=0x0, repeatCount=0, eventTime=652433087, downTime=652433087, deviceId=-1, source=0x101 }
08-03 21:13:36.680 13976 13976 I Input   : injectKeyEvent: KeyEvent { action=ACTION_UP, keyCode=KEYCODE_BACK, scanCode=0, metaState=0, flags=0x0, repeatCount=0, eventTime=652433087, downTime=652433087, deviceId=-1, source=0x101 }
08-03 21:13:36.686 13976 13976 D AndroidRuntime: Shutting down VM
08-03 21:13:36.701 10394 10741 I art     : Starting a blocking GC Explicit
08-03 21:13:36.729 13866 13866 I GoogleInputMethodServic: GoogleInputMethodService.onFinishInput():3138 
08-03 21:13:36.730 13866 13866 I GoogleInputMethodServic: GoogleInputMethodService.onStartInput():1808 
08-03 21:13:36.764 10394 10741 I art     : Explicit concurrent mark sweep GC freed 1538(89KB) AllocSpace objects, 1(20KB) LOS objects, 28% free, 39MB/55MB, paused 576us total 62.313ms
08-03 21:13:36.785 10394 10741 I art     : Starting a blocking GC Explicit
08-03 21:13:36.841 10394 10741 I art     : Explicit concurrent mark sweep GC freed 107(3KB) AllocSpace objects, 0(0B) LOS objects, 28% free, 39MB/55MB, paused 472us total 54.985ms
08-03 21:13:36.860 10394 10741 I art     : Starting a blocking GC Explicit
08-03 21:13:36.922 10394 10741 I art     : Explicit concurrent mark sweep GC freed 3(96B) AllocSpace objects, 0(0B) LOS objects, 28% free, 39MB/55MB, paused 488us total 61.749ms
08-03 21:13:36.943 10394 10741 I art     : Starting a blocking GC Explicit
08-03 21:13:37.009 10394 10741 I art     : Explicit concurrent mark sweep GC freed 3(96B) AllocSpace objects, 0(0B) LOS objects, 28% free, 39MB/55MB, paused 612us total 65.734ms
08-03 21:13:37.010 10394 10405 I art     : WaitForGcToComplete blocked for 66.332ms for cause HeapTrim
08-03 21:13:37.032 10394 10741 I art     : Starting a blocking GC Explicit
08-03 21:13:37.036   380   380 W SurfaceFlinger: couldn't log to binary event log: overflow.
08-03 21:13:37.093 10394 10741 I art     : Explicit concurrent mark sweep GC freed 64(2352B) AllocSpace objects, 0(0B) LOS objects, 28% free, 39MB/55MB, paused 512us total 61.456ms
08-03 21:13:37.439 10394 10406 I art     : Starting a blocking GC Explicit
08-03 21:13:37.509 10394 10406 I art     : Explicit concurrent mark sweep GC freed 42746(2MB) AllocSpace objects, 6(160KB) LOS objects, 29% free, 37MB/53MB, paused 532us total 69.993ms
08-03 21:13:37.533 10394 10406 I art     : Starting a blocking GC Explicit
08-03 21:13:37.581 10394 10406 I art     : Explicit concurrent mark sweep GC freed 20(704B) AllocSpace objects, 0(0B) LOS objects, 29% free, 37MB/53MB, paused 507us total 47.756ms
08-03 21:13:37.600 10394 10406 I art     : Starting a blocking GC Explicit
08-03 21:13:37.649 10394 10406 I art     : Explicit concurrent mark sweep GC freed 3(96B) AllocSpace objects, 0(0B) LOS objects, 29% free, 37MB/53MB, paused 479us total 48.944ms
08-03 21:13:37.668 10394 10406 I art     : Starting a blocking GC Explicit
08-03 21:13:37.717 10394 10406 I art     : Explicit concurrent mark sweep GC freed 3(96B) AllocSpace objects, 0(0B) LOS objects, 29% free, 37MB/53MB, paused 548us total 48.574ms
08-03 21:13:37.736 10394 10406 I art     : Starting a blocking GC Explicit
08-03 21:13:37.786 10394 10406 I art     : Explicit concurrent mark sweep GC freed 3(96B) AllocSpace objects, 0(0B) LOS objects, 29% free, 37MB/53MB, paused 481us total 49.165ms
08-03 21:13:38.110 10394 10423 I art     : Starting a blocking GC Explicit
08-03 21:13:38.169 10394 10423 I art     : Explicit concurrent mark sweep GC freed 1354(82KB) AllocSpace objects, 1(20KB) LOS objects, 29% free, 37MB/53MB, paused 575us total 58.284ms
08-03 21:13:38.191 10394 10423 I art     : Starting a blocking GC Explicit
08-03 21:13:38.238 10394 10423 I art     : Explicit concurrent mark sweep GC freed 20(704B) AllocSpace objects, 0(0B) LOS objects, 29% free, 37MB/53MB, paused 537us total 46.992ms
08-03 21:13:38.257 10394 10423 I art     : Starting a blocking GC Explicit
08-03 21:13:38.305 10394 10423 I art     : Explicit concurrent mark sweep GC freed 3(96B) AllocSpace objects, 0(0B) LOS objects, 29% free, 37MB/53MB, paused 493us total 47.587ms
08-03 21:13:38.323 10394 10423 I art     : Starting a blocking GC Explicit
08-03 21:13:38.375 10394 10423 I art     : Explicit concurrent mark sweep GC freed 3(96B) AllocSpace objects, 0(0B) LOS objects, 29% free, 37MB/53MB, paused 485us total 51.341ms
08-03 21:13:38.394 10394 10423 I art     : Starting a blocking GC Explicit
08-03 21:13:38.443 10394 10423 I art     : Explicit concurrent mark sweep GC freed 3(96B) AllocSpace objects, 0(0B) LOS objects, 29% free, 37MB/53MB, paused 499us total 48.740ms
08-03 21:13:38.494 14010 14010 D AndroidRuntime: >>>>>> START com.android.internal.os.RuntimeInit uid 2000 <<<<<<
08-03 21:13:38.501 14010 14010 D AndroidRuntime: CheckJNI is OFF
08-03 21:13:38.547 14010 14010 D ICU     : No timezone override file found: /data/misc/zoneinfo/current/icu/icu_tzdata.dat
08-03 21:13:38.593 14010 14010 I Radio-JNI: register_android_hardware_Radio DONE
08-03 21:13:38.623 14010 14010 D AndroidRuntime: Calling main entry com.android.commands.input.Input
08-03 21:13:38.625 14010 14010 I Input   : injectKeyEvent: KeyEvent { action=ACTION_DOWN, keyCode=KEYCODE_BACK, scanCode=0, metaState=0, flags=0x0, repeatCount=0, eventTime=652435038, downTime=652435038, deviceId=-1, source=0x101 }
08-03 21:13:38.637 14010 14010 I Input   : injectKeyEvent: KeyEvent { action=ACTION_UP, keyCode=KEYCODE_BACK, scanCode=0, metaState=0, flags=0x0, repeatCount=0, eventTime=652435038, downTime=652435038, deviceId=-1, source=0x101 }
08-03 21:13:38.651 14010 14010 D AndroidRuntime: Shutting down VM
08-03 21:13:38.695 13866 13866 I GoogleInputMethodServic: GoogleInputMethodService.onFinishInput():3138 
08-03 21:13:38.696 13866 13866 I GoogleInputMethodServic: GoogleInputMethodService.onStartInput():1808 
08-03 21:13:38.806 10394 10406 I art     : Starting a blocking GC Explicit
08-03 21:13:38.863 10394 10406 I art     : Explicit concurrent mark sweep GC freed 1533(88KB) AllocSpace objects, 1(20KB) LOS objects, 29% free, 37MB/53MB, paused 641us total 56.470ms
08-03 21:13:38.884 10394 10406 I art     : Starting a blocking GC Explicit
08-03 21:13:38.931 10394 10406 I art     : Explicit concurrent mark sweep GC freed 24(864B) AllocSpace objects, 0(0B) LOS objects, 29% free, 37MB/53MB, paused 450us total 46.037ms
08-03 21:13:38.949 10394 10406 I art     : Starting a blocking GC Explicit
08-03 21:13:38.994 10394 10406 I art     : Explicit concurrent mark sweep GC freed 3(96B) AllocSpace objects, 0(0B) LOS objects, 29% free, 37MB/53MB, paused 460us total 44.771ms
08-03 21:13:39.012 10394 10406 I art     : Starting a blocking GC Explicit
08-03 21:13:39.058 10394 10406 I art     : Explicit concurrent mark sweep GC freed 57(2128B) AllocSpace objects, 0(0B) LOS objects, 29% free, 37MB/53MB, paused 527us total 46.601ms
08-03 21:13:39.077 10394 10406 I art     : Starting a blocking GC Explicit
08-03 21:13:39.124 10394 10406 I art     : Explicit concurrent mark sweep GC freed 112(5KB) AllocSpace objects, 0(0B) LOS objects, 29% free, 37MB/53MB, paused 496us total 47.064ms
08-03 21:13:39.473 10394 10423 I art     : Starting a blocking GC Explicit
08-03 21:13:39.537 10394 10423 I art     : Explicit concurrent mark sweep GC freed 1376(83KB) AllocSpace objects, 1(20KB) LOS objects, 29% free, 37MB/53MB, paused 596us total 64.236ms
08-03 21:13:39.560 10394 10423 I art     : Starting a blocking GC Explicit
08-03 21:13:39.609 10394 10423 I art     : Explicit concurrent mark sweep GC freed 20(704B) AllocSpace objects, 0(0B) LOS objects, 29% free, 37MB/53MB, paused 664us total 49.319ms
08-03 21:13:39.628 10394 10423 I art     : Starting a blocking GC Explicit
08-03 21:13:39.677 10394 10423 I art     : Explicit concurrent mark sweep GC freed 3(96B) AllocSpace objects, 0(0B) LOS objects, 29% free, 37MB/53MB, paused 531us total 48.077ms
08-03 21:13:39.696 10394 10423 I art     : Starting a blocking GC Explicit
08-03 21:13:39.747 10394 10423 I art     : Explicit concurrent mark sweep GC freed 3(96B) AllocSpace objects, 0(0B) LOS objects, 29% free, 37MB/53MB, paused 543us total 50.613ms
08-03 21:13:39.765 10394 10423 I art     : Starting a blocking GC Explicit
08-03 21:13:39.817 10394 10423 I art     : Explicit concurrent mark sweep GC freed 3(96B) AllocSpace objects, 0(0B) LOS objects, 29% free, 37MB/53MB, paused 587us total 51.027ms
08-03 21:13:40.146 10394 11806 I art     : Starting a blocking GC Explicit
08-03 21:13:40.203 10394 11806 I art     : Explicit concurrent mark sweep GC freed 1354(82KB) AllocSpace objects, 1(20KB) LOS objects, 29% free, 37MB/53MB, paused 542us total 56.372ms
08-03 21:13:40.222 10394 11806 I art     : Starting a blocking GC Explicit
08-03 21:13:40.273 10394 11806 I art     : Explicit concurrent mark sweep GC freed 20(704B) AllocSpace objects, 0(0B) LOS objects, 29% free, 37MB/53MB, paused 559us total 51.047ms
08-03 21:13:40.292 10394 11806 I art     : Starting a blocking GC Explicit
08-03 21:13:40.344 10394 11806 I art     : Explicit concurrent mark sweep GC freed 3(96B) AllocSpace objects, 0(0B) LOS objects, 29% free, 37MB/53MB, paused 575us total 51.088ms
08-03 21:13:40.363 10394 11806 I art     : Starting a blocking GC Explicit
08-03 21:13:40.416 10394 11806 I art     : Explicit concurrent mark sweep GC freed 3(96B) AllocSpace objects, 0(0B) LOS objects, 29% free, 37MB/53MB, paused 546us total 52.259ms
08-03 21:13:40.435 10394 11806 I art     : Starting a blocking GC Explicit
08-03 21:13:40.486 10394 11806 I art     : Explicit concurrent mark sweep GC freed 3(96B) AllocSpace objects, 0(0B) LOS objects, 29% free, 37MB/53MB, paused 560us total 51.053ms
08-03 21:13:40.528 14057 14057 D AndroidRuntime: >>>>>> START com.android.internal.os.RuntimeInit uid 2000 <<<<<<
08-03 21:13:40.534 14057 14057 D AndroidRuntime: CheckJNI is OFF
08-03 21:13:40.578 14057 14057 D ICU     : No timezone override file found: /data/misc/zoneinfo/current/icu/icu_tzdata.dat
08-03 21:13:40.627 14057 14057 I Radio-JNI: register_android_hardware_Radio DONE
08-03 21:13:40.657 14057 14057 D AndroidRuntime: Calling main entry com.android.commands.am.Am
08-03 21:13:40.664 29687 29687 I Trepn   : Trepn 6.2s: Received intent: com.quicinc.trepn.stop_profiling
08-03 21:13:40.709 29687 29687 I Trepn   : Trepn 6.2s: Trepn has Stopped Profiling.
08-03 21:13:40.830 10394 10407 I art     : Starting a blocking GC Explicit
08-03 21:13:40.880 10394 10407 I art     : Explicit concurrent mark sweep GC freed 1354(82KB) AllocSpace objects, 1(20KB) LOS objects, 29% free, 37MB/53MB, paused 520us total 49.932ms
08-03 21:13:40.891 14057 14057 D AndroidRuntime: Shutting down VM
08-03 21:13:40.895   918  4400 W AppOps  : Finishing op nesting under-run: uid 10078 pkg com.quicinc.trepn code 24 time=0 duration=0 nesting=0
08-03 21:13:40.900 10394 10407 I art     : Starting a blocking GC Explicit
08-03 21:13:40.942 10394 10407 I art     : Explicit concurrent mark sweep GC freed 20(704B) AllocSpace objects, 0(0B) LOS objects, 29% free, 37MB/53MB, paused 476us total 41.851ms
08-03 21:13:40.961 10394 10407 I art     : Starting a blocking GC Explicit
08-03 21:13:41.007 10394 10407 I art     : Explicit concurrent mark sweep GC freed 3(96B) AllocSpace objects, 0(0B) LOS objects, 29% free, 37MB/53MB, paused 510us total 45.614ms
08-03 21:13:41.026 10394 10407 I art     : Starting a blocking GC Explicit
08-03 21:13:41.080 10394 10407 I art     : Explicit concurrent mark sweep GC freed 3(96B) AllocSpace objects, 0(0B) LOS objects, 29% free, 37MB/53MB, paused 535us total 53.698ms
08-03 21:13:41.099 10394 10407 I art     : Starting a blocking GC Explicit
08-03 21:13:41.151 10394 10407 I art     : Explicit concurrent mark sweep GC freed 3(96B) AllocSpace objects, 0(0B) LOS objects, 29% free, 37MB/53MB, paused 509us total 51.671ms
08-03 21:13:41.469 10394 10741 I art     : Starting a blocking GC Explicit
08-03 21:13:41.519 10394 10741 I art     : Explicit concurrent mark sweep GC freed 1354(82KB) AllocSpace objects, 1(20KB) LOS objects, 29% free, 37MB/53MB, paused 555us total 49.460ms
08-03 21:13:41.538 10394 10741 I art     : Starting a blocking GC Explicit
08-03 21:13:41.588 10394 10741 I art     : Explicit concurrent mark sweep GC freed 20(704B) AllocSpace objects, 0(0B) LOS objects, 29% free, 37MB/53MB, paused 583us total 49.527ms
08-03 21:13:41.607 10394 10741 I art     : Starting a blocking GC Explicit
08-03 21:13:41.653 10394 10741 I art     : Explicit concurrent mark sweep GC freed 3(96B) AllocSpace objects, 0(0B) LOS objects, 29% free, 37MB/53MB, paused 466us total 45.952ms
08-03 21:13:41.671 10394 10741 I art     : Starting a blocking GC Explicit
08-03 21:13:41.718 10394 10741 I art     : Explicit concurrent mark sweep GC freed 3(96B) AllocSpace objects, 0(0B) LOS objects, 29% free, 37MB/53MB, paused 507us total 46.208ms
08-03 21:13:41.737 10394 10741 I art     : Starting a blocking GC Explicit
08-03 21:13:41.787 10394 10741 I art     : Explicit concurrent mark sweep GC freed 3(96B) AllocSpace objects, 0(0B) LOS objects, 29% free, 37MB/53MB, paused 572us total 50.220ms
