--------- beginning of main
08-03 19:59:26.411  3784  3784 D CarrierServiceBindHelper: Receive action: android.intent.action.PACKAGE_REMOVED
08-03 19:59:26.460   918   930 W ResourceType: ResTable_typeSpec entry count inconsistent: given 37, previously 42
08-03 19:59:26.460   918   930 W ResourceType: ResTable_typeSpec entry count inconsistent: given 2527, previously 2530
08-03 19:59:26.461   918   930 W ResourceType: ResTable_typeSpec entry count inconsistent: given 2542, previously 2545
08-03 19:59:26.461   918   930 W ResourceType: ResTable_typeSpec entry count inconsistent: given 303, previously 1691
08-03 19:59:26.468 18789 18789 I Finsky  : [1] uah.a(18): PackageMonitorReceiverImpl - Received: android.intent.action.PACKAGE_REMOVED, [ocpw8ddNLhG67i_cxGNvtEQwqY1k5QNC_my-vN553D4]
08-03 19:59:26.471 18789 18789 I Finsky  : [1] ubi.d(9): Invalidating cached PackageState for baseline.org.quantumbadger.redreader
08-03 19:59:26.471 24365 14824 I Fitness : FitCleanupIntentOperation received Intent android.intent.action.PACKAGE_REMOVED [CONTEXT service_id=17 ]
08-03 19:59:26.478 18789 18789 I Finsky  : [1] lzi.c(2): Frosting ID looked up on UI thread. Caller should move to a background thread.
08-03 19:59:26.487 18789 18789 I Finsky  : [1] nqb.c(3): Installer: package baseline.org.quantumbadger.redreader was removed. replacing: true
08-03 19:59:26.488 18789 18789 I Finsky  : [1] nra.a(188): Installer: Notifying status update. package=baseline.org.quantumbadger.redreader, status=UNINSTALLED
08-03 19:59:26.511  3784  3784 D CarrierServiceBindHelper: Receive action: android.intent.action.PACKAGE_ADDED
08-03 19:59:26.511  3784  3784 D CarrierServiceBindHelper: Receive action: android.intent.action.PACKAGE_REPLACED
08-03 19:59:26.512  3784  3784 D CarrierServiceBindHelper: mHandler: 3
08-03 19:59:26.512  3784  3784 D CarrierServiceBindHelper: mHandler: 3
08-03 19:59:26.512  3784  3784 D CarrierServiceBindHelper: mHandler: 3
08-03 19:59:26.512  3784  3784 D CarrierConfigLoader: mHandler: 9 phoneId: 0
08-03 19:59:26.538 18789 18789 I Finsky  : [1] lzi.c(2): Frosting ID looked up on UI thread. Caller should move to a background thread.
08-03 19:59:26.539   918  5132 I AccountManagerService: getTypesVisibleToCaller: isPermitted? true
08-03 19:59:26.551 18789 14840 I Finsky  : [5724] ejf.a(-1): Cancelled 0 ongoing asset module downloads for package baseline.org.quantumbadger.redreader due to a concurrent app update.
08-03 19:59:26.560 18789 18789 I Finsky  : [1] nra.a(220): Installer: found apps to install. isMultiUserMode=false, apps=[]
08-03 19:59:26.587 18789 18981 I Finsky  : [5590] odj.b(52): IQ: Notifying installation update. package=baseline.org.quantumbadger.redreader, status=UNINSTALLED
08-03 19:59:26.622 24577 14839 I Auth    : [SupervisedAccountIntentOperation] onHandleIntent(): android.intent.action.PACKAGE_ADDED
08-03 19:59:26.625 24577 14829 I ChromeSync: [Sync,SyncIntentOperation] Handling the intent: Intent { act=android.intent.action.PACKAGE_ADDED dat=package:baseline.org.quantumbadger.redreader flg=0x4000010 cmp=com.google.android.gms/.chimera.GmsIntentOperationService (has extras) }.
--------- beginning of system
08-03 19:59:26.644   918  5481 W ActivityManager: Unable to start service Intent { act=com.google.android.gms.auth.key.retrieval.service.START pkg=com.google.android.gms } U=0: not found
08-03 19:59:26.650 18789 18789 I Finsky  : [1] uah.a(18): PackageMonitorReceiverImpl - Received: android.intent.action.PACKAGE_ADDED, [ocpw8ddNLhG67i_cxGNvtEQwqY1k5QNC_my-vN553D4]
08-03 19:59:26.651 18789 18789 I Finsky  : [1] ubi.d(9): Invalidating cached PackageState for baseline.org.quantumbadger.redreader
08-03 19:59:26.694 18789 18789 I Finsky  : [1] lzi.c(2): Frosting ID looked up on UI thread. Caller should move to a background thread.
08-03 19:59:26.714 18789 18789 I Finsky  : [1] agsx.a(4): Do not start WearSupportService due to Wear service optimization
08-03 19:59:26.715 18789 14828 I Finsky  : [5722] lyv.run(-1): Wrote row to frosting DB: 2040
08-03 19:59:26.717   918  3961 I AccountManagerService: getTypesVisibleToCaller: isPermitted? true
08-03 19:59:26.718 24577 14829 I ChromeSync: [Persistence,AffiliationManager] One of affiliation or grouping data for android://bz0hZa4nAJEtd0n5sRlXG7KAqctUMWVefv7Ki4mh1p6slZ9YO-n9gS9j8m9YCrsIyI2wIxrDHraumF9Y6pBLTA==@baseline.org.quantumbadger.redreader/ was not found. Marking affiliation data as stale...
08-03 19:59:26.721 18789 14840 I Finsky  : [5724] ejc.a(-1): Asset module broadcast after update successful for package baseline.org.quantumbadger.redreader. 0 sessions broadcast.
08-03 19:59:26.735   918  4400 W ActivityManager: Unbind failed: could not find connection for android.os.BinderProxy@7532404
08-03 19:59:26.751 18789 18789 I Finsky  : [1] lzi.c(2): Frosting ID looked up on UI thread. Caller should move to a background thread.
08-03 19:59:26.762 24577 24621 E GmsClient: unable to connect to service: com.google.android.gms.auth.key.retrieval.service.START on com.google.android.gms
08-03 19:59:26.851   918  3961 I AccountManagerService: getTypesVisibleToCaller: isPermitted? true
08-03 19:59:26.869 18789 14837 I Finsky  : [5723] gzn.a(-1): [ContentSync] finished, scheduled=false
08-03 19:59:26.929 18789 18981 I Finsky  : [5590] odj.b(40): IQ: No matching installs to run for jobs: []
08-03 19:59:26.945 14852 14852 D AndroidRuntime: >>>>>> START com.android.internal.os.RuntimeInit uid 2000 <<<<<<
08-03 19:59:26.949 14852 14852 D AndroidRuntime: CheckJNI is OFF
08-03 19:59:26.953 18789 14828 I Finsky  : [5722] lyv.run(-1): Wrote row to frosting DB: 2041
08-03 19:59:26.972 14852 14852 D ICU     : No timezone override file found: /data/misc/zoneinfo/current/icu/icu_tzdata.dat
08-03 19:59:26.999 14852 14852 I Radio-JNI: register_android_hardware_Radio DONE
08-03 19:59:27.015 14852 14852 D AndroidRuntime: Calling main entry com.android.commands.monkey.Monkey
08-03 19:59:27.022 18789 14828 I Finsky  : [5722] lyv.run(-1): Wrote row to frosting DB: 2042
08-03 19:59:27.029   918   931 W BroadcastQueue: Skipping deliver [background] BroadcastRecord{398212b u-1 android.net.conn.CONNECTIVITY_CHANGE} to ReceiverList{4236988 14852 (unknown name)/2000/u-1 remote:597bda5}: process crashing
08-03 19:59:27.043   918  6110 I ActivityManager: START u0 {act=android.intent.action.MAIN cat=[android.intent.category.LAUNCHER] flg=0x10200000 cmp=baseline.org.quantumbadger.redreader/.activities.MainActivity} from uid 2000 on display 0
08-03 19:59:27.058 18789 18789 I Finsky  : [1] xmu.a(8): SCH: Jobs in database: 1-1337 3-181 3-182 12-1 24-77777777 26-1414141414 
08-03 19:59:27.060 18789 18789 I Finsky  : [1] xio.a(57): SCH: ConstraintMapping: 24-77777777,  -> L: 0ms, D: 4002041ms, C: false, I: true, N: 0
08-03 19:59:27.061 18789 18789 I Finsky  : [1] xio.a(57): SCH: ConstraintMapping: 1-1337, 12-1,  -> L: 14473ms, D: 50785846ms, C: false, I: false, N: 1
08-03 19:59:27.061 18789 18789 I Finsky  : [1] xio.a(57): SCH: ConstraintMapping: 3-181,  -> L: 0ms, D: 82042154ms, C: false, I: true, N: 2
08-03 19:59:27.062 18789 18789 I Finsky  : [1] xio.a(57): SCH: ConstraintMapping: 3-182,  -> L: 0ms, D: 82042227ms, C: true, I: true, N: 2
08-03 19:59:27.062 18789 18789 I Finsky  : [1] xio.a(57): SCH: ConstraintMapping: 26-1414141414,  -> L: 11658094ms, D: 12558094ms, C: false, I: false, N: 0
08-03 19:59:27.064 18789 14837 I Finsky  : [5723] gzn.a(-1): [ContentSync] finished, scheduled=true
08-03 19:59:27.066   918  4400 I ActivityManager: Start proc 14871:baseline.org.quantumbadger.redreader/u0a634 for activity baseline.org.quantumbadger.redreader/.activities.MainActivity
08-03 19:59:27.066 14871 14871 I art     : Late-enabling -Xcheck:jni
08-03 19:59:27.073 14852 14852 I art     : System.exit called, status: 0
08-03 19:59:27.073 14852 14852 I AndroidRuntime: VM exiting with result code 0.
08-03 19:59:27.098 18789 18789 I Finsky  : [1] xle.a(34): Cancelling existing jobscheduler jobs: 9006 9008 9014 9011 9003 9007 9005 9000 9002 9004 
08-03 19:59:27.098 18789 18789 I Finsky  : [1] xle.a(27): Scheduling job Id: 9001, L: 0, D: 4002041, C: false, I: true, N: 0
08-03 19:59:27.099 18789 18789 I Finsky  : [1] xle.a(27): Scheduling job Id: 9009, L: 14473, D: 50785846, C: false, I: false, N: 1
08-03 19:59:27.102 18789 18789 I Finsky  : [1] xle.a(27): Scheduling job Id: 9010, L: 0, D: 82042154, C: false, I: true, N: 2
08-03 19:59:27.102 14871 14871 W System  : ClassLoader referenced unknown path: /data/app/baseline.org.quantumbadger.redreader-2/lib/arm64
08-03 19:59:27.103 18789 18789 I Finsky  : [1] xle.a(27): Scheduling job Id: 9012, L: 0, D: 82042227, C: true, I: true, N: 2
08-03 19:59:27.104 18789 18789 I Finsky  : [1] xle.a(27): Scheduling job Id: 9013, L: 11658094, D: 12558094, C: false, I: false, N: 0
08-03 19:59:27.105 18789 18789 I Finsky  : [1] xle.a(27): Scheduling job Id: 9015, L: 0, D: 4002041, C: false, I: true, N: 0
08-03 19:59:27.111 14871 14871 I RedReader: Application created.
08-03 19:59:27.117 18789 18789 I Finsky  : [1] xle.a(27): Scheduling job Id: 9016, L: 14473, D: 50785846, C: false, I: false, N: 1
08-03 19:59:27.119 14871 14890 I RedditChangeDataIO: Running initial read...
08-03 19:59:27.120 14871 14871 I RedReader: Checking for new messages.
08-03 19:59:27.121 18789 18789 I Finsky  : [1] xle.a(27): Scheduling job Id: 9017, L: 0, D: 82042154, C: false, I: true, N: 2
08-03 19:59:27.122 18789 18789 I Finsky  : [1] xle.a(27): Scheduling job Id: 9018, L: 0, D: 82042227, C: true, I: true, N: 2
08-03 19:59:27.124 14871 14890 I RedditChangeDataIO: Data file at '/data/user/0/baseline.org.quantumbadger.redreader/files/rr_change_data.dat'
08-03 19:59:27.124 14871 14890 I RedditChangeDataIO: Data file does not exist. Aborting read.
08-03 19:59:27.125 14871 14890 I RedditChangeDataManager: Pruning for all users...
08-03 19:59:27.125 14871 14890 I RedditChangeDataManager: Pruning complete.
08-03 19:59:27.127 18789 18789 I Finsky  : [1] xle.a(27): Scheduling job Id: 9019, L: 11658094, D: 12558094, C: false, I: false, N: 0
08-03 19:59:27.128 18789 14828 I Finsky  : [5722] lyv.run(-1): Wrote row to frosting DB: 2043
08-03 19:59:27.140 24577 13293 I Icing   : IndexChimeraService.getServiceInterface callingPackage=com.google.android.gms componentName=AppsCorpus serviceId=36
08-03 19:59:27.152  6202 13515 I PBSessionCacheImpl: Deleted sessionId[27278280657311515] from persistence.
08-03 19:59:27.156  6202  6241 W SearchServiceCore: Abort, client detached.
08-03 19:59:27.157  6202  6241 I MicroDetectionState: Should stop hotword detection immediately - true
08-03 19:59:27.166   918  6110 I AccountManagerService: getTypesVisibleToCaller: isPermitted? true
08-03 19:59:27.169 24577  7980 W Icing   : No valid account for uploading user actions
08-03 19:59:27.195 24577 13316 I Icing   : IndexChimeraService.getServiceInterface callingPackage=com.google.android.gms componentName=null serviceId=30
08-03 19:59:27.216 24577  7980 I Icing   : Usage reports ok 1, Failed Usage reports 0, indexed 0, rejected 0
08-03 19:59:27.221 24577  7980 W Icing   : No valid account for uploading user actions
08-03 19:59:27.223 14871 14871 W art     : Before Android 4.1, method android.graphics.PorterDuffColorFilter androidx.vectordrawable.graphics.drawable.VectorDrawableCompat.updateTintFilter(android.graphics.PorterDuffColorFilter, android.content.res.ColorStateList, android.graphics.PorterDuff$Mode) would have incorrectly overridden the package-private method in android.graphics.drawable.Drawable
08-03 19:59:27.244 14871 14889 I CacheManager: Pruning 108 files
08-03 19:59:27.245 24577  7980 I Icing   : Usage reports ok 0, Failed Usage reports 0, indexed 0, rejected 0
08-03 19:59:27.246 24577  7980 I Icing   : Indexing com.google.android.gms-internal.3p:MobileApplication from com.google.android.gms using seqno 763
08-03 19:59:27.254 24577  7980 I Icing   : Indexing com.google.android.gms-internal.3p:MobileApplication from com.google.android.gms using seqno 763
08-03 19:59:27.261 14871 14871 I art     : Rejecting re-init on previously-failed class java.lang.Class<androidx.core.view.ViewCompat$2>
08-03 19:59:27.261 14871 14871 I art     : Rejecting re-init on previously-failed class java.lang.Class<androidx.core.view.ViewCompat$2>
08-03 19:59:27.272 14871 14871 I AppCompatViewInflater: app:theme is now deprecated. Please move to using android:theme instead.
08-03 19:59:27.328 24577 13316 I Icing   : IndexChimeraService.getServiceInterface callingPackage=com.google.android.gms componentName=null serviceId=36
08-03 19:59:27.334 24577  7980 W Icing   : No valid account for uploading user actions
08-03 19:59:27.411 24577  7980 I Icing   : Usage reports ok 0, Failed Usage reports 0, indexed 0, rejected 0
08-03 19:59:27.482 14871 14871 I RawObjectDB query string: CREATE TABLE objects(RawObjectDB_id TEXT PRIMARY KEY ON CONFLICT REPLACE,RawObjectDB_timestamp INTEGER,serialised TEXT)
08-03 19:59:27.540 14871 14871 I RawObjectDB query string: CREATE TABLE objects(RawObjectDB_id TEXT PRIMARY KEY ON CONFLICT REPLACE,RawObjectDB_timestamp INTEGER,serialised TEXT)
08-03 19:59:27.623 14871 14893 D OpenGLRenderer: Use EGL_SWAP_BEHAVIOR_PRESERVED: true
08-03 19:59:27.701 14871 14893 I Adreno  : QUALCOMM build                   : fcf4852, I1af360237c
08-03 19:59:27.701 14871 14893 I Adreno  : Build Date                       : 09/23/15
08-03 19:59:27.701 14871 14893 I Adreno  : OpenGL ES Shader Compiler Version: XE031.05.13.02
08-03 19:59:27.701 14871 14893 I Adreno  : Local Branch                     : mybranch14465806
08-03 19:59:27.701 14871 14893 I Adreno  : Remote Branch                    : quic/LA.BF64.1.2.9_v2
08-03 19:59:27.701 14871 14893 I Adreno  : Remote Branch                    : NONE
08-03 19:59:27.701 14871 14893 I Adreno  : Reconstruct Branch               : NOTHING
08-03 19:59:27.710 14871 14893 I OpenGLRenderer: Initialized EGL, version 1.4
08-03 19:59:28.025   918   936 I ActivityManager: Displayed baseline.org.quantumbadger.redreader/.activities.MainActivity: +973ms
08-03 19:59:28.220 24577  7980 I Icing   : Indexing com.google.android.gms-apps from com.google.android.gms
08-03 19:59:28.313 24577  7980 I Icing   : Indexing done com.google.android.gms-apps
08-03 19:59:28.328 24577  7980 I Icing   : Indexing com.google.android.gms-apps from com.google.android.gms
08-03 19:59:28.330 24577  7980 I Icing   : Indexing done com.google.android.gms-apps
08-03 19:59:28.665 14921 14921 D AndroidRuntime: >>>>>> START com.android.internal.os.RuntimeInit uid 2000 <<<<<<
08-03 19:59:28.672 14921 14921 D AndroidRuntime: CheckJNI is OFF
08-03 19:59:28.698 14921 14921 D ICU     : No timezone override file found: /data/misc/zoneinfo/current/icu/icu_tzdata.dat
08-03 19:59:28.732 14921 14921 I Radio-JNI: register_android_hardware_Radio DONE
08-03 19:59:28.750 14921 14921 D AndroidRuntime: Calling main entry com.android.commands.am.Am
08-03 19:59:28.762 29687 29687 I Trepn   : Trepn 6.2s: Received intent: com.quicinc.trepn.start_profiling
08-03 19:59:28.932 29687 29687 W FileUtils: Failed to chmod(/storage/emulated/0/trepn/Trepn_2020.08.03_195928.db): android.system.ErrnoException: chmod failed: EPERM (Operation not permitted)
08-03 19:59:29.104 29687 29687 I Trepn   : Trepn 6.2s: Trepn has Started Profiling.
08-03 19:59:29.106 14921 14921 D AndroidRuntime: Shutting down VM
08-03 19:59:29.601 14871 14885 I art     : Starting a blocking GC Explicit
08-03 19:59:29.619 14871 14885 I art     : Explicit concurrent mark sweep GC freed 8412(998KB) AllocSpace objects, 8(216KB) LOS objects, 40% free, 20MB/34MB, paused 131us total 17.769ms
08-03 19:59:29.632 14871 14885 I art     : Starting a blocking GC Explicit
08-03 19:59:29.642 14871 14885 I art     : Explicit concurrent mark sweep GC freed 1389(66KB) AllocSpace objects, 0(0B) LOS objects, 40% free, 20MB/34MB, paused 114us total 10.329ms
08-03 19:59:29.650 14871 14885 I art     : Starting a blocking GC Explicit
08-03 19:59:29.660 14871 14885 I art     : Explicit concurrent mark sweep GC freed 3(96B) AllocSpace objects, 0(0B) LOS objects, 40% free, 20MB/34MB, paused 114us total 10.114ms
08-03 19:59:29.668 14871 14885 I art     : Starting a blocking GC Explicit
08-03 19:59:29.678 14871 14885 I art     : Explicit concurrent mark sweep GC freed 3(96B) AllocSpace objects, 0(0B) LOS objects, 40% free, 20MB/34MB, paused 106us total 9.584ms
08-03 19:59:29.686 14871 14885 I art     : Starting a blocking GC Explicit
08-03 19:59:29.696 14871 14885 I art     : Explicit concurrent mark sweep GC freed 3(96B) AllocSpace objects, 0(0B) LOS objects, 40% free, 20MB/34MB, paused 123us total 10.142ms
08-03 19:59:29.968 14871 14905 I art     : Starting a blocking GC Explicit
08-03 19:59:29.987 14871 14905 I art     : Explicit concurrent mark sweep GC freed 1334(78KB) AllocSpace objects, 1(20KB) LOS objects, 40% free, 20MB/34MB, paused 160us total 18.465ms
08-03 19:59:29.999 14871 14905 I art     : Starting a blocking GC Explicit
08-03 19:59:30.013 14871 14905 I art     : Explicit concurrent mark sweep GC freed 20(704B) AllocSpace objects, 0(0B) LOS objects, 40% free, 20MB/34MB, paused 134us total 13.630ms
08-03 19:59:30.022 14871 14905 I art     : Starting a blocking GC Explicit
08-03 19:59:30.033 14871 14905 I art     : Explicit concurrent mark sweep GC freed 3(96B) AllocSpace objects, 0(0B) LOS objects, 40% free, 20MB/34MB, paused 121us total 10.872ms
08-03 19:59:30.041 14871 14905 I art     : Starting a blocking GC Explicit
08-03 19:59:30.052 14871 14905 I art     : Explicit concurrent mark sweep GC freed 3(96B) AllocSpace objects, 0(0B) LOS objects, 40% free, 20MB/34MB, paused 119us total 10.632ms
08-03 19:59:30.061 14871 14905 I art     : Starting a blocking GC Explicit
08-03 19:59:30.072 14871 14905 I art     : Explicit concurrent mark sweep GC freed 3(96B) AllocSpace objects, 0(0B) LOS objects, 40% free, 20MB/34MB, paused 107us total 10.349ms
08-03 19:59:30.349 14871 14884 I art     : Starting a blocking GC Explicit
08-03 19:59:30.365 14871 14884 I art     : Explicit concurrent mark sweep GC freed 1332(78KB) AllocSpace objects, 1(20KB) LOS objects, 40% free, 20MB/34MB, paused 162us total 15.574ms
08-03 19:59:30.377 14871 14884 I art     : Starting a blocking GC Explicit
08-03 19:59:30.388 14871 14884 I art     : Explicit concurrent mark sweep GC freed 20(704B) AllocSpace objects, 0(0B) LOS objects, 40% free, 20MB/34MB, paused 114us total 10.855ms
08-03 19:59:30.396 14871 14884 I art     : Starting a blocking GC Explicit
08-03 19:59:30.408 14871 14884 I art     : Explicit concurrent mark sweep GC freed 3(96B) AllocSpace objects, 0(0B) LOS objects, 40% free, 20MB/34MB, paused 123us total 10.886ms
08-03 19:59:30.416 14871 14884 I art     : Starting a blocking GC Explicit
08-03 19:59:30.426 14871 14884 I art     : Explicit concurrent mark sweep GC freed 3(96B) AllocSpace objects, 0(0B) LOS objects, 40% free, 20MB/34MB, paused 119us total 10.449ms
08-03 19:59:30.434 14871 14884 I art     : Starting a blocking GC Explicit
08-03 19:59:30.437   918  3261 D WifiStateMachine: starting scan for "H369AA63323"WPA_PSK with 2412,5180
08-03 19:59:30.445 14871 14884 I art     : Explicit concurrent mark sweep GC freed 3(96B) AllocSpace objects, 0(0B) LOS objects, 40% free, 20MB/34MB, paused 116us total 10.697ms
08-03 19:59:30.728 14871 14885 I art     : Starting a blocking GC Explicit
08-03 19:59:30.740 14871 14885 I art     : Explicit concurrent mark sweep GC freed 1332(78KB) AllocSpace objects, 1(20KB) LOS objects, 40% free, 20MB/34MB, paused 126us total 11.267ms
08-03 19:59:30.748 14871 14885 I art     : Starting a blocking GC Explicit
08-03 19:59:30.758 14871 14885 I art     : Explicit concurrent mark sweep GC freed 20(704B) AllocSpace objects, 0(0B) LOS objects, 40% free, 20MB/34MB, paused 121us total 10.592ms
08-03 19:59:30.767 14871 14885 I art     : Starting a blocking GC Explicit
08-03 19:59:30.777 14871 14885 I art     : Explicit concurrent mark sweep GC freed 3(96B) AllocSpace objects, 0(0B) LOS objects, 40% free, 20MB/34MB, paused 111us total 10.652ms
08-03 19:59:30.785 14871 14885 I art     : Starting a blocking GC Explicit
08-03 19:59:30.796 14871 14885 I art     : Explicit concurrent mark sweep GC freed 3(96B) AllocSpace objects, 0(0B) LOS objects, 40% free, 20MB/34MB, paused 120us total 10.351ms
08-03 19:59:30.804 14871 14885 I art     : Starting a blocking GC Explicit
08-03 19:59:30.815 14871 14885 I art     : Explicit concurrent mark sweep GC freed 3(96B) AllocSpace objects, 0(0B) LOS objects, 40% free, 20MB/34MB, paused 142us total 10.703ms
08-03 19:59:31.109 14871 14905 I art     : Starting a blocking GC Explicit
08-03 19:59:31.122 14871 14905 I art     : Explicit concurrent mark sweep GC freed 1332(78KB) AllocSpace objects, 1(20KB) LOS objects, 40% free, 20MB/34MB, paused 131us total 12.842ms
08-03 19:59:31.131 14871 14905 I art     : Starting a blocking GC Explicit
08-03 19:59:31.142 14871 14905 I art     : Explicit concurrent mark sweep GC freed 20(704B) AllocSpace objects, 0(0B) LOS objects, 40% free, 20MB/34MB, paused 135us total 11.296ms
08-03 19:59:31.151 14871 14905 I art     : Starting a blocking GC Explicit
08-03 19:59:31.161 14871 14905 I art     : Explicit concurrent mark sweep GC freed 3(96B) AllocSpace objects, 0(0B) LOS objects, 40% free, 20MB/34MB, paused 117us total 10.462ms
08-03 19:59:31.169 14871 14905 I art     : Starting a blocking GC Explicit
08-03 19:59:31.180 14871 14905 I art     : Explicit concurrent mark sweep GC freed 3(96B) AllocSpace objects, 0(0B) LOS objects, 40% free, 20MB/34MB, paused 104us total 10.269ms
08-03 19:59:31.188 14871 14905 I art     : Starting a blocking GC Explicit
08-03 19:59:31.198 14871 14905 I art     : Explicit concurrent mark sweep GC freed 3(96B) AllocSpace objects, 0(0B) LOS objects, 40% free, 20MB/34MB, paused 107us total 10.550ms
08-03 19:59:31.510 14871 14884 I art     : Starting a blocking GC Explicit
08-03 19:59:31.525 14871 14884 I art     : Explicit concurrent mark sweep GC freed 1333(78KB) AllocSpace objects, 1(20KB) LOS objects, 40% free, 20MB/34MB, paused 154us total 14.515ms
08-03 19:59:31.537 14871 14884 I art     : Starting a blocking GC Explicit
08-03 19:59:31.549 14871 14884 I art     : Explicit concurrent mark sweep GC freed 20(704B) AllocSpace objects, 0(0B) LOS objects, 40% free, 20MB/34MB, paused 119us total 11.552ms
08-03 19:59:31.557 14871 14884 I art     : Starting a blocking GC Explicit
08-03 19:59:31.568 14871 14884 I art     : Explicit concurrent mark sweep GC freed 3(96B) AllocSpace objects, 0(0B) LOS objects, 40% free, 20MB/34MB, paused 123us total 10.809ms
08-03 19:59:31.576 14871 14884 I art     : Starting a blocking GC Explicit
08-03 19:59:31.586 14871 14884 I art     : Explicit concurrent mark sweep GC freed 3(96B) AllocSpace objects, 0(0B) LOS objects, 40% free, 20MB/34MB, paused 109us total 10.189ms
08-03 19:59:31.594 14871 14884 I art     : Starting a blocking GC Explicit
08-03 19:59:31.605 14871 14884 I art     : Explicit concurrent mark sweep GC freed 3(96B) AllocSpace objects, 0(0B) LOS objects, 40% free, 20MB/34MB, paused 117us total 10.585ms
08-03 19:59:31.898 14871 14885 I art     : Starting a blocking GC Explicit
08-03 19:59:31.914 14871 14885 I art     : Explicit concurrent mark sweep GC freed 1333(78KB) AllocSpace objects, 1(20KB) LOS objects, 40% free, 20MB/34MB, paused 152us total 15.581ms
08-03 19:59:31.923 14871 14885 I art     : Starting a blocking GC Explicit
08-03 19:59:31.933 14871 14885 I art     : Explicit concurrent mark sweep GC freed 20(704B) AllocSpace objects, 0(0B) LOS objects, 40% free, 20MB/34MB, paused 118us total 9.524ms
08-03 19:59:31.940 14871 14885 I art     : Starting a blocking GC Explicit
08-03 19:59:31.950 14871 14885 I art     : Explicit concurrent mark sweep GC freed 3(96B) AllocSpace objects, 0(0B) LOS objects, 40% free, 20MB/34MB, paused 113us total 9.353ms
08-03 19:59:31.957 14871 14885 I art     : Starting a blocking GC Explicit
08-03 19:59:31.966 14871 14885 I art     : Explicit concurrent mark sweep GC freed 3(96B) AllocSpace objects, 0(0B) LOS objects, 40% free, 20MB/34MB, paused 107us total 9.309ms
08-03 19:59:31.975 14871 14885 I art     : Starting a blocking GC Explicit
08-03 19:59:31.985 14871 14885 I art     : Explicit concurrent mark sweep GC freed 3(96B) AllocSpace objects, 0(0B) LOS objects, 40% free, 20MB/34MB, paused 104us total 9.947ms
08-03 19:59:32.267 14871 14905 I art     : Starting a blocking GC Explicit
08-03 19:59:32.283 14871 14905 I art     : Explicit concurrent mark sweep GC freed 1332(78KB) AllocSpace objects, 1(20KB) LOS objects, 40% free, 20MB/34MB, paused 142us total 15.628ms
08-03 19:59:32.295 14871 14905 I art     : Starting a blocking GC Explicit
08-03 19:59:32.306 14871 14905 I art     : Explicit concurrent mark sweep GC freed 20(704B) AllocSpace objects, 0(0B) LOS objects, 40% free, 20MB/34MB, paused 124us total 11.179ms
08-03 19:59:32.306 14871 14882 I art     : WaitForGcToComplete blocked for 11.456ms for cause HeapTrim
08-03 19:59:32.314 14871 14905 I art     : Starting a blocking GC Explicit
08-03 19:59:32.326 14871 14905 I art     : Explicit concurrent mark sweep GC freed 3(96B) AllocSpace objects, 0(0B) LOS objects, 40% free, 20MB/34MB, paused 115us total 11.040ms
08-03 19:59:32.334 14871 14905 I art     : Starting a blocking GC Explicit
08-03 19:59:32.345 14871 14905 I art     : Explicit concurrent mark sweep GC freed 3(96B) AllocSpace objects, 0(0B) LOS objects, 40% free, 20MB/34MB, paused 114us total 10.711ms
08-03 19:59:32.352 14871 14905 I art     : Starting a blocking GC Explicit
08-03 19:59:32.363 14871 14905 I art     : Explicit concurrent mark sweep GC freed 3(96B) AllocSpace objects, 0(0B) LOS objects, 40% free, 20MB/34MB, paused 116us total 10.645ms
08-03 19:59:32.658 14871 14884 I art     : Starting a blocking GC Explicit
08-03 19:59:32.674 14871 14884 I art     : Explicit concurrent mark sweep GC freed 1332(78KB) AllocSpace objects, 1(20KB) LOS objects, 40% free, 20MB/34MB, paused 150us total 15.765ms
08-03 19:59:32.686 14871 14884 I art     : Starting a blocking GC Explicit
08-03 19:59:32.700 14871 14884 I art     : Explicit concurrent mark sweep GC freed 20(704B) AllocSpace objects, 0(0B) LOS objects, 40% free, 20MB/34MB, paused 135us total 13.338ms
08-03 19:59:32.710 14871 14884 I art     : Starting a blocking GC Explicit
08-03 19:59:32.721 14871 14884 I art     : Explicit concurrent mark sweep GC freed 3(96B) AllocSpace objects, 0(0B) LOS objects, 40% free, 20MB/34MB, paused 114us total 10.646ms
08-03 19:59:32.729 14871 14884 I art     : Starting a blocking GC Explicit
08-03 19:59:32.740 14871 14884 I art     : Explicit concurrent mark sweep GC freed 3(96B) AllocSpace objects, 0(0B) LOS objects, 40% free, 20MB/34MB, paused 118us total 10.684ms
08-03 19:59:32.748 14871 14884 I art     : Starting a blocking GC Explicit
08-03 19:59:32.759 14871 14884 I art     : Explicit concurrent mark sweep GC freed 3(96B) AllocSpace objects, 0(0B) LOS objects, 40% free, 20MB/34MB, paused 113us total 10.223ms
08-03 19:59:33.059 14871 14885 I art     : Starting a blocking GC Explicit
08-03 19:59:33.077 14871 14885 I art     : Explicit concurrent mark sweep GC freed 1332(78KB) AllocSpace objects, 1(20KB) LOS objects, 40% free, 20MB/34MB, paused 160us total 17.602ms
08-03 19:59:33.086 14871 14885 I art     : Starting a blocking GC Explicit
08-03 19:59:33.097 14871 14885 I art     : Explicit concurrent mark sweep GC freed 20(704B) AllocSpace objects, 0(0B) LOS objects, 40% free, 20MB/34MB, paused 142us total 10.478ms
08-03 19:59:33.104 14871 14885 I art     : Starting a blocking GC Explicit
08-03 19:59:33.113 14871 14885 I art     : Explicit concurrent mark sweep GC freed 3(96B) AllocSpace objects, 0(0B) LOS objects, 40% free, 20MB/34MB, paused 105us total 8.917ms
08-03 19:59:33.120 14871 14885 I art     : Starting a blocking GC Explicit
08-03 19:59:33.129 14871 14885 I art     : Explicit concurrent mark sweep GC freed 3(96B) AllocSpace objects, 0(0B) LOS objects, 40% free, 20MB/34MB, paused 104us total 8.624ms
08-03 19:59:33.136 14871 14885 I art     : Starting a blocking GC Explicit
08-03 19:59:33.145 14871 14885 I art     : Explicit concurrent mark sweep GC freed 3(96B) AllocSpace objects, 0(0B) LOS objects, 40% free, 20MB/34MB, paused 103us total 9.049ms
08-03 19:59:33.407 14871 14905 I art     : Starting a blocking GC Explicit
08-03 19:59:33.420 14871 14905 I art     : Explicit concurrent mark sweep GC freed 1332(78KB) AllocSpace objects, 1(20KB) LOS objects, 40% free, 20MB/34MB, paused 143us total 13.399ms
08-03 19:59:33.430 14871 14905 I art     : Starting a blocking GC Explicit
08-03 19:59:33.441 14871 14905 I art     : Explicit concurrent mark sweep GC freed 20(704B) AllocSpace objects, 0(0B) LOS objects, 40% free, 20MB/34MB, paused 124us total 11.451ms
08-03 19:59:33.450 14871 14905 I art     : Starting a blocking GC Explicit
08-03 19:59:33.460 14871 14905 I art     : Explicit concurrent mark sweep GC freed 3(96B) AllocSpace objects, 0(0B) LOS objects, 40% free, 20MB/34MB, paused 109us total 10.307ms
08-03 19:59:33.469 14871 14905 I art     : Starting a blocking GC Explicit
08-03 19:59:33.479 14871 14905 I art     : Explicit concurrent mark sweep GC freed 3(96B) AllocSpace objects, 0(0B) LOS objects, 40% free, 20MB/34MB, paused 115us total 10.439ms
08-03 19:59:33.487 14871 14905 I art     : Starting a blocking GC Explicit
08-03 19:59:33.498 14871 14905 I art     : Explicit concurrent mark sweep GC freed 3(96B) AllocSpace objects, 0(0B) LOS objects, 40% free, 20MB/34MB, paused 118us total 10.072ms
08-03 19:59:33.808 14871 14884 I art     : Starting a blocking GC Explicit
08-03 19:59:33.825 14871 14884 I art     : Explicit concurrent mark sweep GC freed 1332(78KB) AllocSpace objects, 1(20KB) LOS objects, 40% free, 20MB/34MB, paused 143us total 16.945ms
08-03 19:59:33.834 14871 14884 I art     : Starting a blocking GC Explicit
08-03 19:59:33.846 14871 14884 I art     : Explicit concurrent mark sweep GC freed 20(704B) AllocSpace objects, 0(0B) LOS objects, 40% free, 20MB/34MB, paused 119us total 10.964ms
08-03 19:59:33.853 14871 14884 I art     : Starting a blocking GC Explicit
08-03 19:59:33.862 14871 14884 I art     : Explicit concurrent mark sweep GC freed 3(96B) AllocSpace objects, 0(0B) LOS objects, 40% free, 20MB/34MB, paused 107us total 9.067ms
08-03 19:59:33.870 14871 14884 I art     : Starting a blocking GC Explicit
08-03 19:59:33.879 14871 14884 I art     : Explicit concurrent mark sweep GC freed 3(96B) AllocSpace objects, 0(0B) LOS objects, 40% free, 20MB/34MB, paused 109us total 9.535ms
08-03 19:59:33.887 14871 14884 I art     : Starting a blocking GC Explicit
08-03 19:59:33.896 14871 14884 I art     : Explicit concurrent mark sweep GC freed 3(96B) AllocSpace objects, 0(0B) LOS objects, 40% free, 20MB/34MB, paused 104us total 8.986ms
08-03 19:59:34.144 14871 14885 I art     : Starting a blocking GC Explicit
08-03 19:59:34.156 14871 14885 I art     : Explicit concurrent mark sweep GC freed 1332(78KB) AllocSpace objects, 1(20KB) LOS objects, 40% free, 20MB/34MB, paused 147us total 12.274ms
08-03 19:59:34.164 14871 14885 I art     : Starting a blocking GC Explicit
08-03 19:59:34.175 14871 14885 I art     : Explicit concurrent mark sweep GC freed 20(704B) AllocSpace objects, 0(0B) LOS objects, 40% free, 20MB/34MB, paused 127us total 10.536ms
08-03 19:59:34.183 14871 14885 I art     : Starting a blocking GC Explicit
08-03 19:59:34.194 14871 14885 I art     : Explicit concurrent mark sweep GC freed 3(96B) AllocSpace objects, 0(0B) LOS objects, 40% free, 20MB/34MB, paused 117us total 10.391ms
08-03 19:59:34.202 14871 14885 I art     : Starting a blocking GC Explicit
08-03 19:59:34.211 14871 14885 I art     : Explicit concurrent mark sweep GC freed 3(96B) AllocSpace objects, 0(0B) LOS objects, 40% free, 20MB/34MB, paused 119us total 9.368ms
08-03 19:59:34.218 14871 14885 I art     : Starting a blocking GC Explicit
08-03 19:59:34.228 14871 14885 I art     : Explicit concurrent mark sweep GC freed 3(96B) AllocSpace objects, 0(0B) LOS objects, 40% free, 20MB/34MB, paused 109us total 9.164ms
08-03 19:59:34.427 15107 15107 D AndroidRuntime: >>>>>> START com.android.internal.os.RuntimeInit uid 2000 <<<<<<
08-03 19:59:34.431 15107 15107 D AndroidRuntime: CheckJNI is OFF
08-03 19:59:34.457 15107 15107 D ICU     : No timezone override file found: /data/misc/zoneinfo/current/icu/icu_tzdata.dat
08-03 19:59:34.482 15107 15107 I Radio-JNI: register_android_hardware_Radio DONE
08-03 19:59:34.498 15107 15107 D AndroidRuntime: Calling main entry com.android.commands.input.Input
08-03 19:59:34.499 15107 15107 I Input   : injectMotionEvent: MotionEvent { action=ACTION_DOWN, actionButton=0, id[0]=0, x[0]=720.0, y[0]=1440.0, toolType[0]=TOOL_TYPE_UNKNOWN, buttonState=0, metaState=0, flags=0x0, edgeFlags=0x0, pointerCount=1, historySize=0, eventTime=647990912, downTime=647990912, deviceId=0, source=0x1002 }
08-03 19:59:34.504 15107 15107 I Input   : injectMotionEvent: MotionEvent { action=ACTION_UP, actionButton=0, id[0]=0, x[0]=720.0, y[0]=1440.0, toolType[0]=TOOL_TYPE_UNKNOWN, buttonState=0, metaState=0, flags=0x0, edgeFlags=0x0, pointerCount=1, historySize=0, eventTime=647990912, downTime=647990912, deviceId=0, source=0x1002 }
08-03 19:59:34.505 15107 15107 D AndroidRuntime: Shutting down VM
08-03 19:59:34.512 14871 14905 I art     : Starting a blocking GC Explicit
08-03 19:59:34.516   512  2967 D audio_hw_primary: out_set_parameters: enter: usecase(1: low-latency-playback) kvpairs: routing=2
08-03 19:59:34.526 14871 14905 I art     : Explicit concurrent mark sweep GC freed 1440(82KB) AllocSpace objects, 1(20KB) LOS objects, 40% free, 20MB/34MB, paused 149us total 12.779ms
08-03 19:59:34.530 13866 13866 I GoogleInputMethodServic: GoogleInputMethodService.onFinishInput():3138 
08-03 19:59:34.530   512  2967 D audio_hw_primary: select_devices: out_snd_device(2: speaker) in_snd_device(0: none)
08-03 19:59:34.530   512  2967 D msm8974_platform: platform_send_audio_calibration: sending audio calibration for snd_device(2) acdb_id(15)
08-03 19:59:34.530   512  2967 I soundtrigger: audio_extn_sound_trigger_update_device_status: device 0x2 of type 0 for Event 1
08-03 19:59:34.532 13866 13866 I GoogleInputMethodServic: GoogleInputMethodService.onStartInput():1808 
08-03 19:59:34.536 14871 14905 I art     : Starting a blocking GC Explicit
08-03 19:59:34.539   512  2967 D audio_hw_primary: enable_snd_device: snd_device(2: speaker)
08-03 19:59:34.541   512  2967 D audio_hw_primary: enable_audio_route: apply and update mixer path: low-latency-playback speaker
08-03 19:59:34.546 14871 14905 I art     : Explicit concurrent mark sweep GC freed 132(6KB) AllocSpace objects, 0(0B) LOS objects, 40% free, 20MB/34MB, paused 161us total 9.698ms
08-03 19:59:34.554 14871 14905 I art     : Starting a blocking GC Explicit
08-03 19:59:34.563 14871 14905 I art     : Explicit concurrent mark sweep GC freed 869(63KB) AllocSpace objects, 1(76KB) LOS objects, 40% free, 20MB/34MB, paused 102us total 9.140ms
08-03 19:59:34.571 14871 14905 I art     : Starting a blocking GC Explicit
08-03 19:59:34.581 14871 14905 I art     : Explicit concurrent mark sweep GC freed 3(96B) AllocSpace objects, 0(0B) LOS objects, 40% free, 20MB/34MB, paused 108us total 9.760ms
08-03 19:59:34.589 14871 14905 I art     : Starting a blocking GC Explicit
08-03 19:59:34.599 14871 14905 I art     : Explicit concurrent mark sweep GC freed 3(96B) AllocSpace objects, 0(0B) LOS objects, 40% free, 20MB/34MB, paused 121us total 9.510ms
08-03 19:59:34.727   380   380 W SurfaceFlinger: couldn't log to binary event log: overflow.
08-03 19:59:34.817 14871 14884 I art     : Starting a blocking GC Explicit
08-03 19:59:34.827 14871 14884 I art     : Explicit concurrent mark sweep GC freed 1332(78KB) AllocSpace objects, 1(20KB) LOS objects, 40% free, 20MB/34MB, paused 221us total 10.089ms
08-03 19:59:34.835 14871 14884 I art     : Starting a blocking GC Explicit
08-03 19:59:34.846 14871 14884 I art     : Explicit concurrent mark sweep GC freed 20(704B) AllocSpace objects, 0(0B) LOS objects, 40% free, 20MB/34MB, paused 122us total 10.654ms
08-03 19:59:34.854 14871 14884 I art     : Starting a blocking GC Explicit
08-03 19:59:34.864 14871 14884 I art     : Explicit concurrent mark sweep GC freed 3(96B) AllocSpace objects, 0(0B) LOS objects, 40% free, 20MB/34MB, paused 135us total 10.307ms
08-03 19:59:34.872 14871 14884 I art     : Starting a blocking GC Explicit
08-03 19:59:34.883 14871 14884 I art     : Explicit concurrent mark sweep GC freed 3(96B) AllocSpace objects, 0(0B) LOS objects, 40% free, 20MB/34MB, paused 120us total 10.075ms
08-03 19:59:34.891 14871 14884 I art     : Starting a blocking GC Explicit
08-03 19:59:34.901 14871 14884 I art     : Explicit concurrent mark sweep GC freed 3(96B) AllocSpace objects, 0(0B) LOS objects, 40% free, 20MB/34MB, paused 121us total 10.014ms
08-03 19:59:35.058 15136 15136 D AndroidRuntime: >>>>>> START com.android.internal.os.RuntimeInit uid 2000 <<<<<<
08-03 19:59:35.063 15136 15136 D AndroidRuntime: CheckJNI is OFF
08-03 19:59:35.089   512  2967 D audio_hw_primary: disable_audio_route: reset and update mixer path: low-latency-playback speaker
08-03 19:59:35.090   512  2967 D audio_hw_primary: disable_snd_device: snd_device(2: speaker)
08-03 19:59:35.092 15136 15136 D ICU     : No timezone override file found: /data/misc/zoneinfo/current/icu/icu_tzdata.dat
08-03 19:59:35.098   512  2967 I soundtrigger: audio_extn_sound_trigger_update_device_status: device 0x2 of type 0 for Event 0
08-03 19:59:35.117 15136 15136 I Radio-JNI: register_android_hardware_Radio DONE
08-03 19:59:35.132 15136 15136 D AndroidRuntime: Calling main entry com.android.commands.input.Input
08-03 19:59:35.133 15136 15136 I Input   : injectMotionEvent: MotionEvent { action=ACTION_DOWN, actionButton=0, id[0]=0, x[0]=1345.0, y[0]=165.0, toolType[0]=TOOL_TYPE_UNKNOWN, buttonState=0, metaState=0, flags=0x0, edgeFlags=0x0, pointerCount=1, historySize=0, eventTime=647991546, downTime=647991546, deviceId=0, source=0x1002 }
08-03 19:59:35.138 15136 15136 I Input   : injectMotionEvent: MotionEvent { action=ACTION_UP, actionButton=0, id[0]=0, x[0]=1345.0, y[0]=165.0, toolType[0]=TOOL_TYPE_UNKNOWN, buttonState=0, metaState=0, flags=0x0, edgeFlags=0x0, pointerCount=1, historySize=0, eventTime=647991546, downTime=647991546, deviceId=0, source=0x1002 }
08-03 19:59:35.139 15136 15136 D AndroidRuntime: Shutting down VM
08-03 19:59:35.146 14871 14871 W art     : Before Android 4.1, method int androidx.appcompat.widget.DropDownListView.lookForSelectablePosition(int, boolean) would have incorrectly overridden the package-private method in android.widget.ListView
08-03 19:59:35.147   512  2967 D audio_hw_primary: out_set_parameters: enter: usecase(1: low-latency-playback) kvpairs: routing=2
08-03 19:59:35.150 14871 14871 W art     : Before Android 4.1, method int androidx.appcompat.widget.MenuPopupWindow$MenuDropDownListView.lookForSelectablePosition(int, boolean) would have incorrectly overridden the package-private method in android.widget.ListView
08-03 19:59:35.151 14871 14871 I ListPopupWindow: Could not find method setEpicenterBounds(Rect) on PopupWindow. Oh well.
08-03 19:59:35.160   512  2967 D audio_hw_primary: select_devices: out_snd_device(2: speaker) in_snd_device(0: none)
08-03 19:59:35.160   512  2967 D msm8974_platform: platform_send_audio_calibration: sending audio calibration for snd_device(2) acdb_id(15)
08-03 19:59:35.160   512  2967 I soundtrigger: audio_extn_sound_trigger_update_device_status: device 0x2 of type 0 for Event 1
08-03 19:59:35.163 14871 14905 I art     : Starting a blocking GC Explicit
08-03 19:59:35.171   512  2967 D audio_hw_primary: enable_snd_device: snd_device(2: speaker)
08-03 19:59:35.173   512  2967 D audio_hw_primary: enable_audio_route: apply and update mixer path: low-latency-playback speaker
08-03 19:59:35.175 14871 14905 I art     : Explicit concurrent mark sweep GC freed 1835(188KB) AllocSpace objects, 1(20KB) LOS objects, 40% free, 20MB/34MB, paused 249us total 11.635ms
08-03 19:59:35.185 14871 14905 I art     : Starting a blocking GC Explicit
08-03 19:59:35.196 14871 14905 I art     : Explicit concurrent mark sweep GC freed 232(28KB) AllocSpace objects, 0(0B) LOS objects, 40% free, 20MB/34MB, paused 149us total 10.706ms
08-03 19:59:35.206 14871 14905 I art     : Starting a blocking GC Explicit
08-03 19:59:35.214   512  2967 D AudioFlinger: mixer(0xf4740000) throttle end: throttle time(12)
08-03 19:59:35.217 14871 14905 I art     : Explicit concurrent mark sweep GC freed 234(11KB) AllocSpace objects, 0(0B) LOS objects, 40% free, 20MB/34MB, paused 153us total 10.877ms
08-03 19:59:35.225 14871 14905 I art     : Starting a blocking GC Explicit
08-03 19:59:35.236 14871 14905 I art     : Explicit concurrent mark sweep GC freed 87(7KB) AllocSpace objects, 0(0B) LOS objects, 40% free, 20MB/34MB, paused 143us total 10.693ms
08-03 19:59:35.244 14871 14905 I art     : Starting a blocking GC Explicit
08-03 19:59:35.256 14871 14905 I art     : Explicit concurrent mark sweep GC freed 115(4KB) AllocSpace objects, 0(0B) LOS objects, 40% free, 20MB/34MB, paused 150us total 11.784ms
08-03 19:59:35.500 14871 14884 I art     : Starting a blocking GC Explicit
08-03 19:59:35.511 14871 14884 I art     : Explicit concurrent mark sweep GC freed 2309(136KB) AllocSpace objects, 1(20KB) LOS objects, 40% free, 20MB/34MB, paused 116us total 10.848ms
08-03 19:59:35.519 14871 14884 I art     : Starting a blocking GC Explicit
08-03 19:59:35.530 14871 14884 I art     : Explicit concurrent mark sweep GC freed 28(1200B) AllocSpace objects, 0(0B) LOS objects, 40% free, 20MB/34MB, paused 114us total 10.274ms
08-03 19:59:35.537 14871 14884 I art     : Starting a blocking GC Explicit
08-03 19:59:35.548 14871 14884 I art     : Explicit concurrent mark sweep GC freed 9(288B) AllocSpace objects, 0(0B) LOS objects, 40% free, 20MB/34MB, paused 113us total 9.956ms
08-03 19:59:35.555 14871 14884 I art     : Starting a blocking GC Explicit
08-03 19:59:35.565 14871 14884 I art     : Explicit concurrent mark sweep GC freed 3(96B) AllocSpace objects, 0(0B) LOS objects, 40% free, 20MB/34MB, paused 112us total 9.850ms
08-03 19:59:35.573 14871 14884 I art     : Starting a blocking GC Explicit
08-03 19:59:35.583 14871 14884 I art     : Explicit concurrent mark sweep GC freed 3(96B) AllocSpace objects, 0(0B) LOS objects, 40% free, 20MB/34MB, paused 112us total 9.759ms
08-03 19:59:35.639   518   646 I ThermalEngine: ACTION: GPU - Setting GPU[0] to 510000000
08-03 19:59:35.699   512  2967 D audio_hw_primary: disable_audio_route: reset and update mixer path: low-latency-playback speaker
08-03 19:59:35.700   512  2967 D audio_hw_primary: disable_snd_device: snd_device(2: speaker)
08-03 19:59:35.702 15167 15167 D AndroidRuntime: >>>>>> START com.android.internal.os.RuntimeInit uid 2000 <<<<<<
08-03 19:59:35.707 15167 15167 D AndroidRuntime: CheckJNI is OFF
08-03 19:59:35.708   512  2967 I soundtrigger: audio_extn_sound_trigger_update_device_status: device 0x2 of type 0 for Event 0
08-03 19:59:35.738 15167 15167 D ICU     : No timezone override file found: /data/misc/zoneinfo/current/icu/icu_tzdata.dat
08-03 19:59:35.769 15167 15167 I Radio-JNI: register_android_hardware_Radio DONE
08-03 19:59:35.790 15167 15167 D AndroidRuntime: Calling main entry com.android.commands.input.Input
08-03 19:59:35.792 15167 15167 I Input   : injectMotionEvent: MotionEvent { action=ACTION_DOWN, actionButton=0, id[0]=0, x[0]=940.0, y[0]=501.0, toolType[0]=TOOL_TYPE_UNKNOWN, buttonState=0, metaState=0, flags=0x0, edgeFlags=0x0, pointerCount=1, historySize=0, eventTime=647992205, downTime=647992205, deviceId=0, source=0x1002 }
08-03 19:59:35.798 15167 15167 I Input   : injectMotionEvent: MotionEvent { action=ACTION_UP, actionButton=0, id[0]=0, x[0]=940.0, y[0]=501.0, toolType[0]=TOOL_TYPE_UNKNOWN, buttonState=0, metaState=0, flags=0x0, edgeFlags=0x0, pointerCount=1, historySize=0, eventTime=647992205, downTime=647992205, deviceId=0, source=0x1002 }
08-03 19:59:35.800 15167 15167 D AndroidRuntime: Shutting down VM
08-03 19:59:35.837 14871 15130 I art     : Starting a blocking GC Explicit
08-03 19:59:35.851 14871 15130 I art     : Explicit concurrent mark sweep GC freed 1351(78KB) AllocSpace objects, 1(20KB) LOS objects, 40% free, 20MB/34MB, paused 150us total 13.828ms
08-03 19:59:35.861 14871 15130 I art     : Starting a blocking GC Explicit
08-03 19:59:35.866   512  2967 D audio_hw_primary: out_set_parameters: enter: usecase(1: low-latency-playback) kvpairs: routing=2
08-03 19:59:35.867   918  3696 I ActivityManager: START u0 {cmp=baseline.org.quantumbadger.redreader/.settings.SettingsActivity} from uid 10634 on display 0
08-03 19:59:35.875 14871 15130 I art     : Explicit concurrent mark sweep GC freed 84(11KB) AllocSpace objects, 0(0B) LOS objects, 40% free, 20MB/34MB, paused 244us total 13.470ms
08-03 19:59:35.879   512  2967 D audio_hw_primary: select_devices: out_snd_device(2: speaker) in_snd_device(0: none)
08-03 19:59:35.880   512  2967 D msm8974_platform: platform_send_audio_calibration: sending audio calibration for snd_device(2) acdb_id(15)
08-03 19:59:35.880   512  2967 I soundtrigger: audio_extn_sound_trigger_update_device_status: device 0x2 of type 0 for Event 1
08-03 19:59:35.882 13866 13866 I GoogleInputMethodServic: GoogleInputMethodService.onFinishInput():3138 
08-03 19:59:35.884 13866 13866 I GoogleInputMethodServic: GoogleInputMethodService.onStartInput():1808 
08-03 19:59:35.886 14871 15130 I art     : Starting a blocking GC Explicit
08-03 19:59:35.892   512  2967 D audio_hw_primary: enable_snd_device: snd_device(2: speaker)
08-03 19:59:35.896   512  2967 D audio_hw_primary: enable_audio_route: apply and update mixer path: low-latency-playback speaker
08-03 19:59:35.900 14871 15130 I art     : Explicit concurrent mark sweep GC freed 424(35KB) AllocSpace objects, 0(0B) LOS objects, 40% free, 20MB/34MB, paused 231us total 13.582ms
08-03 19:59:35.910 14871 15130 I art     : Starting a blocking GC Explicit
08-03 19:59:35.925 14871 15130 I art     : Explicit concurrent mark sweep GC freed 457(94KB) AllocSpace objects, 0(0B) LOS objects, 40% free, 21MB/35MB, paused 282us total 14.366ms
08-03 19:59:35.936 14871 15130 I art     : Starting a blocking GC Explicit
08-03 19:59:35.937   512  2967 D AudioFlinger: mixer(0xf4740000) throttle end: throttle time(12)
08-03 19:59:35.950 14871 15130 I art     : Explicit concurrent mark sweep GC freed 404(36KB) AllocSpace objects, 0(0B) LOS objects, 40% free, 21MB/35MB, paused 175us total 13.838ms
08-03 19:59:36.006   918   936 I ActivityManager: Displayed baseline.org.quantumbadger.redreader/.settings.SettingsActivity: +121ms
08-03 19:59:36.009 13866 13866 I GoogleInputMethodServic: GoogleInputMethodService.onFinishInput():3138 
08-03 19:59:36.009 13866 13866 I GoogleInputMethodServic: GoogleInputMethodService.onStartInput():1808 
08-03 19:59:36.027 14871 14893 D OpenGLRenderer: endAllStagingAnimators on 0x7f94c11800 (MenuPopupWindow$MenuDropDownListView) with handle 0x7f805690c0
08-03 19:59:36.188 14871 15130 I art     : Starting a blocking GC Explicit
08-03 19:59:36.205 14871 15130 I art     : Explicit concurrent mark sweep GC freed 2069(112KB) AllocSpace objects, 1(20KB) LOS objects, 40% free, 21MB/35MB, paused 191us total 17.036ms
08-03 19:59:36.218 14871 15130 I art     : Starting a blocking GC Explicit
08-03 19:59:36.236 14871 15130 I art     : Explicit concurrent mark sweep GC freed 98(3KB) AllocSpace objects, 0(0B) LOS objects, 40% free, 21MB/35MB, paused 162us total 18.320ms
08-03 19:59:36.248 14871 15130 I art     : Starting a blocking GC Explicit
08-03 19:59:36.262   380   380 W SurfaceFlinger: couldn't log to binary event log: overflow.
08-03 19:59:36.266 14871 15130 I art     : Explicit concurrent mark sweep GC freed 10(416B) AllocSpace objects, 0(0B) LOS objects, 40% free, 21MB/35MB, paused 202us total 17.119ms
08-03 19:59:36.277 14871 15130 I art     : Starting a blocking GC Explicit
08-03 19:59:36.291 14871 15130 I art     : Explicit concurrent mark sweep GC freed 3(96B) AllocSpace objects, 0(0B) LOS objects, 40% free, 21MB/35MB, paused 160us total 13.814ms
08-03 19:59:36.301 14871 15130 I art     : Starting a blocking GC Explicit
08-03 19:59:36.314 14871 15130 I art     : Explicit concurrent mark sweep GC freed 3(96B) AllocSpace objects, 0(0B) LOS objects, 40% free, 21MB/35MB, paused 149us total 13.252ms
08-03 19:59:36.429   512  2967 D audio_hw_primary: disable_audio_route: reset and update mixer path: low-latency-playback speaker
08-03 19:59:36.430   512  2967 D audio_hw_primary: disable_snd_device: snd_device(2: speaker)
08-03 19:59:36.435 15201 15201 D AndroidRuntime: >>>>>> START com.android.internal.os.RuntimeInit uid 2000 <<<<<<
08-03 19:59:36.437   512  2967 I soundtrigger: audio_extn_sound_trigger_update_device_status: device 0x2 of type 0 for Event 0
08-03 19:59:36.439 15201 15201 D AndroidRuntime: CheckJNI is OFF
08-03 19:59:36.469 15201 15201 D ICU     : No timezone override file found: /data/misc/zoneinfo/current/icu/icu_tzdata.dat
08-03 19:59:36.498 15201 15201 I Radio-JNI: register_android_hardware_Radio DONE
08-03 19:59:36.518 15201 15201 D AndroidRuntime: Calling main entry com.android.commands.input.Input
08-03 19:59:36.520 15201 15201 I Input   : injectMotionEvent: MotionEvent { action=ACTION_DOWN, actionButton=0, id[0]=0, x[0]=216.0, y[0]=853.0, toolType[0]=TOOL_TYPE_UNKNOWN, buttonState=0, metaState=0, flags=0x0, edgeFlags=0x0, pointerCount=1, historySize=0, eventTime=647992932, downTime=647992932, deviceId=0, source=0x1002 }
08-03 19:59:36.523 15201 15201 I Input   : injectMotionEvent: MotionEvent { action=ACTION_UP, actionButton=0, id[0]=0, x[0]=216.0, y[0]=853.0, toolType[0]=TOOL_TYPE_UNKNOWN, buttonState=0, metaState=0, flags=0x0, edgeFlags=0x0, pointerCount=1, historySize=0, eventTime=647992932, downTime=647992932, deviceId=0, source=0x1002 }
08-03 19:59:36.525 15201 15201 D AndroidRuntime: Shutting down VM
08-03 19:59:36.565 14871 14905 I art     : Starting a blocking GC Explicit
08-03 19:59:36.580 14871 14905 I art     : Explicit concurrent mark sweep GC freed 1464(85KB) AllocSpace objects, 1(20KB) LOS objects, 40% free, 21MB/35MB, paused 867us total 14.566ms
08-03 19:59:36.590 14871 14905 I art     : Starting a blocking GC Explicit
08-03 19:59:36.590   918  3359 I ActivityManager: START u0 {act=android.intent.action.MAIN cmp=baseline.org.quantumbadger.redreader/.settings.SettingsActivity (has extras)} from uid 10634 on display 0
08-03 19:59:36.591   512  2967 D audio_hw_primary: out_set_parameters: enter: usecase(1: low-latency-playback) kvpairs: routing=2
08-03 19:59:36.603 14871 14905 I art     : Explicit concurrent mark sweep GC freed 354(18KB) AllocSpace objects, 0(0B) LOS objects, 40% free, 21MB/35MB, paused 215us total 13.626ms
08-03 19:59:36.603   512  2967 D audio_hw_primary: select_devices: out_snd_device(2: speaker) in_snd_device(0: none)
08-03 19:59:36.604   512  2967 D msm8974_platform: platform_send_audio_calibration: sending audio calibration for snd_device(2) acdb_id(15)
08-03 19:59:36.604   512  2967 I soundtrigger: audio_extn_sound_trigger_update_device_status: device 0x2 of type 0 for Event 1
08-03 19:59:36.614 14871 14905 I art     : Starting a blocking GC Explicit
08-03 19:59:36.616   512  2967 D audio_hw_primary: enable_snd_device: snd_device(2: speaker)
08-03 19:59:36.618   512  2967 D audio_hw_primary: enable_audio_route: apply and update mixer path: low-latency-playback speaker
08-03 19:59:36.630 14871 14905 I art     : Explicit concurrent mark sweep GC freed 471(73KB) AllocSpace objects, 1(20KB) LOS objects, 40% free, 21MB/35MB, paused 315us total 15.847ms
08-03 19:59:36.640 14871 14905 I art     : Starting a blocking GC Explicit
08-03 19:59:36.655 14871 14905 I art     : Explicit concurrent mark sweep GC freed 609(50KB) AllocSpace objects, 0(0B) LOS objects, 40% free, 21MB/35MB, paused 187us total 15.146ms
08-03 19:59:36.659   512  2967 D AudioFlinger: mixer(0xf4740000) throttle end: throttle time(12)
08-03 19:59:36.666 14871 14905 I art     : Starting a blocking GC Explicit
08-03 19:59:36.681 14871 14905 I art     : Explicit concurrent mark sweep GC freed 69(3KB) AllocSpace objects, 0(0B) LOS objects, 40% free, 21MB/35MB, paused 162us total 14.511ms
08-03 19:59:36.912 14871 14885 I art     : Starting a blocking GC Explicit
08-03 19:59:36.919 13866 13866 I GoogleInputMethodServic: GoogleInputMethodService.onFinishInput():3138 
08-03 19:59:36.919   918   936 I ActivityManager: Displayed baseline.org.quantumbadger.redreader/.settings.SettingsActivity: +322ms
08-03 19:59:36.919 13866 13866 I GoogleInputMethodServic: GoogleInputMethodService.onStartInput():1808 
08-03 19:59:36.939 14871 14885 I art     : Explicit concurrent mark sweep GC freed 78731(3MB) AllocSpace objects, 1(20KB) LOS objects, 40% free, 22MB/37MB, paused 252us total 27.011ms
08-03 19:59:36.951 14871 14885 I art     : Starting a blocking GC Explicit
08-03 19:59:36.954 14871 14893 D OpenGLRenderer: endAllStagingAnimators on 0x7f805f1800 (ListView) with handle 0x7f99e9e2e0
08-03 19:59:36.970 14871 14885 I art     : Explicit concurrent mark sweep GC freed 2700(232KB) AllocSpace objects, 0(0B) LOS objects, 40% free, 22MB/36MB, paused 174us total 18.450ms
08-03 19:59:36.981 14871 14885 I art     : Starting a blocking GC Explicit
08-03 19:59:36.998 14871 14885 I art     : Explicit concurrent mark sweep GC freed 65(2672B) AllocSpace objects, 0(0B) LOS objects, 40% free, 22MB/36MB, paused 164us total 16.376ms
08-03 19:59:37.008 14871 14885 I art     : Starting a blocking GC Explicit
08-03 19:59:37.025 14871 14885 I art     : Explicit concurrent mark sweep GC freed 3(96B) AllocSpace objects, 0(0B) LOS objects, 40% free, 22MB/36MB, paused 190us total 16.482ms
08-03 19:59:37.036 14871 14885 I art     : Starting a blocking GC Explicit
08-03 19:59:37.054 14871 14885 I art     : Explicit concurrent mark sweep GC freed 3(96B) AllocSpace objects, 0(0B) LOS objects, 40% free, 22MB/36MB, paused 158us total 17.364ms
08-03 19:59:37.149   512  2967 D audio_hw_primary: disable_audio_route: reset and update mixer path: low-latency-playback speaker
08-03 19:59:37.150   512  2967 D audio_hw_primary: disable_snd_device: snd_device(2: speaker)
08-03 19:59:37.157 15233 15233 D AndroidRuntime: >>>>>> START com.android.internal.os.RuntimeInit uid 2000 <<<<<<
08-03 19:59:37.158   512  2967 I soundtrigger: audio_extn_sound_trigger_update_device_status: device 0x2 of type 0 for Event 0
08-03 19:59:37.162 15233 15233 D AndroidRuntime: CheckJNI is OFF
08-03 19:59:37.162   380   380 W SurfaceFlinger: couldn't log to binary event log: overflow.
08-03 19:59:37.191 15233 15233 D ICU     : No timezone override file found: /data/misc/zoneinfo/current/icu/icu_tzdata.dat
08-03 19:59:37.220 15233 15233 I Radio-JNI: register_android_hardware_Radio DONE
08-03 19:59:37.241 15233 15233 D AndroidRuntime: Calling main entry com.android.commands.input.Input
08-03 19:59:37.243 15233 15233 I Input   : injectMotionEvent: MotionEvent { action=ACTION_DOWN, actionButton=0, id[0]=0, x[0]=1318.0, y[0]=1194.0, toolType[0]=TOOL_TYPE_UNKNOWN, buttonState=0, metaState=0, flags=0x0, edgeFlags=0x0, pointerCount=1, historySize=0, eventTime=647993656, downTime=647993656, deviceId=0, source=0x1002 }
08-03 19:59:37.248 15233 15233 I Input   : injectMotionEvent: MotionEvent { action=ACTION_UP, actionButton=0, id[0]=0, x[0]=1318.0, y[0]=1194.0, toolType[0]=TOOL_TYPE_UNKNOWN, buttonState=0, metaState=0, flags=0x0, edgeFlags=0x0, pointerCount=1, historySize=0, eventTime=647993656, downTime=647993656, deviceId=0, source=0x1002 }
08-03 19:59:37.249 15233 15233 D AndroidRuntime: Shutting down VM
08-03 19:59:37.305 14871 14905 I art     : Starting a blocking GC Explicit
08-03 19:59:37.316   512  2967 D audio_hw_primary: out_set_parameters: enter: usecase(1: low-latency-playback) kvpairs: routing=2
08-03 19:59:37.322 14871 14905 I art     : Explicit concurrent mark sweep GC freed 1528(98KB) AllocSpace objects, 2(40KB) LOS objects, 40% free, 22MB/36MB, paused 155us total 16.638ms
08-03 19:59:37.328   512  2967 D audio_hw_primary: select_devices: out_snd_device(2: speaker) in_snd_device(0: none)
08-03 19:59:37.329   512  2967 D msm8974_platform: platform_send_audio_calibration: sending audio calibration for snd_device(2) acdb_id(15)
08-03 19:59:37.329   512  2967 I soundtrigger: audio_extn_sound_trigger_update_device_status: device 0x2 of type 0 for Event 1
08-03 19:59:37.333 14871 14905 I art     : Starting a blocking GC Explicit
08-03 19:59:37.339   512  2967 D audio_hw_primary: enable_snd_device: snd_device(2: speaker)
08-03 19:59:37.341   512  2967 D audio_hw_primary: enable_audio_route: apply and update mixer path: low-latency-playback speaker
08-03 19:59:37.351 14871 14905 I art     : Explicit concurrent mark sweep GC freed 582(29KB) AllocSpace objects, 0(0B) LOS objects, 40% free, 22MB/36MB, paused 184us total 17.577ms
08-03 19:59:37.351 14871 14882 I art     : WaitForGcToComplete blocked for 17.877ms for cause HeapTrim
08-03 19:59:37.362 14871 14905 I art     : Starting a blocking GC Explicit
08-03 19:59:37.379 14871 14905 I art     : Explicit concurrent mark sweep GC freed 39(1488B) AllocSpace objects, 0(0B) LOS objects, 40% free, 22MB/36MB, paused 237us total 17.171ms
08-03 19:59:37.383   512  2967 D AudioFlinger: mixer(0xf4740000) throttle end: throttle time(12)
08-03 19:59:37.390 14871 14905 I art     : Starting a blocking GC Explicit
08-03 19:59:37.406 14871 14905 I art     : Explicit concurrent mark sweep GC freed 19(720B) AllocSpace objects, 0(0B) LOS objects, 40% free, 22MB/36MB, paused 155us total 16.249ms
08-03 19:59:37.418 14871 14905 I art     : Starting a blocking GC Explicit
08-03 19:59:37.435 14871 14905 I art     : Explicit concurrent mark sweep GC freed 20(736B) AllocSpace objects, 0(0B) LOS objects, 40% free, 22MB/36MB, paused 146us total 16.487ms
08-03 19:59:37.642   518   646 I ThermalEngine: ACTION: GPU - Setting GPU[0] to 450000000
08-03 19:59:37.677 14871 14885 I art     : Starting a blocking GC Explicit
08-03 19:59:37.699 14871 14885 I art     : Explicit concurrent mark sweep GC freed 1501(85KB) AllocSpace objects, 1(20KB) LOS objects, 40% free, 22MB/36MB, paused 259us total 21.532ms
08-03 19:59:37.713 14871 14885 I art     : Starting a blocking GC Explicit
08-03 19:59:37.736 14871 14885 I art     : Explicit concurrent mark sweep GC freed 69(2400B) AllocSpace objects, 0(0B) LOS objects, 40% free, 22MB/36MB, paused 242us total 23.272ms
08-03 19:59:37.752 14871 14885 I art     : Starting a blocking GC Explicit
08-03 19:59:37.775 14871 14885 I art     : Explicit concurrent mark sweep GC freed 19(720B) AllocSpace objects, 0(0B) LOS objects, 40% free, 22MB/36MB, paused 235us total 22.973ms
08-03 19:59:37.790 14871 14885 I art     : Starting a blocking GC Explicit
08-03 19:59:37.812 14871 14885 I art     : Explicit concurrent mark sweep GC freed 24(864B) AllocSpace objects, 0(0B) LOS objects, 40% free, 22MB/36MB, paused 227us total 21.882ms
08-03 19:59:37.827 14871 14885 I art     : Starting a blocking GC Explicit
08-03 19:59:37.849 14871 14885 I art     : Explicit concurrent mark sweep GC freed 24(912B) AllocSpace objects, 0(0B) LOS objects, 40% free, 22MB/36MB, paused 228us total 22.446ms
08-03 19:59:37.869   512  2967 D audio_hw_primary: disable_audio_route: reset and update mixer path: low-latency-playback speaker
08-03 19:59:37.870   512  2967 D audio_hw_primary: disable_snd_device: snd_device(2: speaker)
08-03 19:59:37.878   512  2967 I soundtrigger: audio_extn_sound_trigger_update_device_status: device 0x2 of type 0 for Event 0
08-03 19:59:37.939 15266 15266 D AndroidRuntime: >>>>>> START com.android.internal.os.RuntimeInit uid 2000 <<<<<<
08-03 19:59:37.945 15266 15266 D AndroidRuntime: CheckJNI is OFF
08-03 19:59:37.986 15266 15266 D ICU     : No timezone override file found: /data/misc/zoneinfo/current/icu/icu_tzdata.dat
08-03 19:59:38.029 15266 15266 I Radio-JNI: register_android_hardware_Radio DONE
08-03 19:59:38.057 15266 15266 D AndroidRuntime: Calling main entry com.android.commands.input.Input
08-03 19:59:38.060 15266 15266 I Input   : injectMotionEvent: MotionEvent { action=ACTION_DOWN, actionButton=0, id[0]=0, x[0]=1309.0, y[0]=1701.0, toolType[0]=TOOL_TYPE_UNKNOWN, buttonState=0, metaState=0, flags=0x0, edgeFlags=0x0, pointerCount=1, historySize=0, eventTime=647994472, downTime=647994472, deviceId=0, source=0x1002 }
08-03 19:59:38.067 15266 15266 I Input   : injectMotionEvent: MotionEvent { action=ACTION_UP, actionButton=0, id[0]=0, x[0]=1309.0, y[0]=1701.0, toolType[0]=TOOL_TYPE_UNKNOWN, buttonState=0, metaState=0, flags=0x0, edgeFlags=0x0, pointerCount=1, historySize=0, eventTime=647994472, downTime=647994472, deviceId=0, source=0x1002 }
08-03 19:59:38.070 15266 15266 D AndroidRuntime: Shutting down VM
08-03 19:59:38.127 14871 15130 I art     : Starting a blocking GC Explicit
08-03 19:59:38.138   512  2967 D audio_hw_primary: out_set_parameters: enter: usecase(1: low-latency-playback) kvpairs: routing=2
08-03 19:59:38.150 14871 15130 I art     : Explicit concurrent mark sweep GC freed 1508(97KB) AllocSpace objects, 2(40KB) LOS objects, 40% free, 22MB/36MB, paused 569us total 23.273ms
08-03 19:59:38.151   512  2967 D audio_hw_primary: select_devices: out_snd_device(2: speaker) in_snd_device(0: none)
08-03 19:59:38.152   512  2967 D msm8974_platform: platform_send_audio_calibration: sending audio calibration for snd_device(2) acdb_id(15)
08-03 19:59:38.152   512  2967 I soundtrigger: audio_extn_sound_trigger_update_device_status: device 0x2 of type 0 for Event 1
08-03 19:59:38.163   512  2967 D audio_hw_primary: enable_snd_device: snd_device(2: speaker)
08-03 19:59:38.165   512  2967 D audio_hw_primary: enable_audio_route: apply and update mixer path: low-latency-playback speaker
08-03 19:59:38.166 14871 15130 I art     : Starting a blocking GC Explicit
08-03 19:59:38.191 14871 15130 I art     : Explicit concurrent mark sweep GC freed 595(29KB) AllocSpace objects, 0(0B) LOS objects, 40% free, 22MB/37MB, paused 216us total 25.302ms
08-03 19:59:38.206 14871 15130 I art     : Starting a blocking GC Explicit
08-03 19:59:38.209   512  2967 D AudioFlinger: mixer(0xf4740000) throttle end: throttle time(12)
08-03 19:59:38.228 14871 15130 I art     : Explicit concurrent mark sweep GC freed 29(1216B) AllocSpace objects, 0(0B) LOS objects, 40% free, 22MB/37MB, paused 370us total 21.721ms
08-03 19:59:38.243 14871 15130 I art     : Starting a blocking GC Explicit
08-03 19:59:38.266 14871 15130 I art     : Explicit concurrent mark sweep GC freed 26(976B) AllocSpace objects, 0(0B) LOS objects, 40% free, 22MB/37MB, paused 253us total 23.094ms
08-03 19:59:38.281 14871 15130 I art     : Starting a blocking GC Explicit
08-03 19:59:38.303 14871 15130 I art     : Explicit concurrent mark sweep GC freed 42(1632B) AllocSpace objects, 0(0B) LOS objects, 40% free, 22MB/37MB, paused 242us total 22.420ms
08-03 19:59:38.575 14871 14905 I art     : Starting a blocking GC Explicit
08-03 19:59:38.598 14871 14905 I art     : Explicit concurrent mark sweep GC freed 1518(85KB) AllocSpace objects, 1(20KB) LOS objects, 40% free, 22MB/37MB, paused 705us total 23.686ms
08-03 19:59:38.613 14871 14905 I art     : Starting a blocking GC Explicit
08-03 19:59:38.638 14871 14905 I art     : Explicit concurrent mark sweep GC freed 78(2704B) AllocSpace objects, 0(0B) LOS objects, 40% free, 22MB/37MB, paused 238us total 24.404ms
08-03 19:59:38.653 14871 14905 I art     : Starting a blocking GC Explicit
08-03 19:59:38.675 14871 14905 I art     : Explicit concurrent mark sweep GC freed 20(736B) AllocSpace objects, 0(0B) LOS objects, 40% free, 22MB/37MB, paused 215us total 21.027ms
08-03 19:59:38.689 14871 14905 I art     : Starting a blocking GC Explicit
08-03 19:59:38.699   512  2967 D audio_hw_primary: disable_audio_route: reset and update mixer path: low-latency-playback speaker
08-03 19:59:38.701   512  2967 D audio_hw_primary: disable_snd_device: snd_device(2: speaker)
08-03 19:59:38.710   512  2967 I soundtrigger: audio_extn_sound_trigger_update_device_status: device 0x2 of type 0 for Event 0
08-03 19:59:38.712 14871 14905 I art     : Explicit concurrent mark sweep GC freed 45(2000B) AllocSpace objects, 0(0B) LOS objects, 40% free, 22MB/37MB, paused 213us total 22.162ms
08-03 19:59:38.727 14871 14905 I art     : Starting a blocking GC Explicit
08-03 19:59:38.750 14871 14905 I art     : Explicit concurrent mark sweep GC freed 7(224B) AllocSpace objects, 0(0B) LOS objects, 40% free, 22MB/37MB, paused 206us total 22.615ms
08-03 19:59:38.828 15298 15298 D AndroidRuntime: >>>>>> START com.android.internal.os.RuntimeInit uid 2000 <<<<<<
08-03 19:59:38.834 15298 15298 D AndroidRuntime: CheckJNI is OFF
08-03 19:59:38.875 15298 15298 D ICU     : No timezone override file found: /data/misc/zoneinfo/current/icu/icu_tzdata.dat
08-03 19:59:38.917 15298 15298 I Radio-JNI: register_android_hardware_Radio DONE
08-03 19:59:38.945 15298 15298 D AndroidRuntime: Calling main entry com.android.commands.input.Input
08-03 19:59:38.948 15298 15298 I Input   : injectMotionEvent: MotionEvent { action=ACTION_DOWN, actionButton=0, id[0]=0, x[0]=477.0, y[0]=805.0, toolType[0]=TOOL_TYPE_UNKNOWN, buttonState=0, metaState=0, flags=0x0, edgeFlags=0x0, pointerCount=1, historySize=0, eventTime=647995361, downTime=647995361, deviceId=0, source=0x1002 }
08-03 19:59:38.954 15298 15298 I Input   : injectMotionEvent: MotionEvent { action=ACTION_UP, actionButton=0, id[0]=0, x[0]=477.0, y[0]=805.0, toolType[0]=TOOL_TYPE_UNKNOWN, buttonState=0, metaState=0, flags=0x0, edgeFlags=0x0, pointerCount=1, historySize=0, eventTime=647995361, downTime=647995361, deviceId=0, source=0x1002 }
08-03 19:59:38.956 15298 15298 D AndroidRuntime: Shutting down VM
08-03 19:59:39.022   512  2967 D audio_hw_primary: out_set_parameters: enter: usecase(1: low-latency-playback) kvpairs: routing=2
08-03 19:59:39.027 14871 14905 I art     : Starting a blocking GC Explicit
08-03 19:59:39.035   512  2967 D audio_hw_primary: select_devices: out_snd_device(2: speaker) in_snd_device(0: none)
08-03 19:59:39.035   512  2967 D msm8974_platform: platform_send_audio_calibration: sending audio calibration for snd_device(2) acdb_id(15)
08-03 19:59:39.035   512  2967 I soundtrigger: audio_extn_sound_trigger_update_device_status: device 0x2 of type 0 for Event 1
08-03 19:59:39.045   512  2967 D audio_hw_primary: enable_snd_device: snd_device(2: speaker)
08-03 19:59:39.048   512  2967 D audio_hw_primary: enable_audio_route: apply and update mixer path: low-latency-playback speaker
08-03 19:59:39.055 14871 14905 I art     : Explicit concurrent mark sweep GC freed 1975(156KB) AllocSpace objects, 1(20KB) LOS objects, 40% free, 22MB/37MB, paused 665us total 27.144ms
08-03 19:59:39.069 14871 14905 I art     : Starting a blocking GC Explicit
08-03 19:59:39.093 14871 14905 I art     : Explicit concurrent mark sweep GC freed 389(40KB) AllocSpace objects, 0(0B) LOS objects, 40% free, 22MB/37MB, paused 526us total 23.329ms
08-03 19:59:39.093   512  2967 D AudioFlinger: mixer(0xf4740000) throttle end: throttle time(12)
08-03 19:59:39.108 14871 14905 I art     : Starting a blocking GC Explicit
08-03 19:59:39.130 14871 14905 I art     : Explicit concurrent mark sweep GC freed 312(13KB) AllocSpace objects, 0(0B) LOS objects, 40% free, 22MB/37MB, paused 238us total 21.948ms
08-03 19:59:39.144 14871 14905 I art     : Starting a blocking GC Explicit
08-03 19:59:39.170 14871 14905 I art     : Explicit concurrent mark sweep GC freed 239(10KB) AllocSpace objects, 0(0B) LOS objects, 40% free, 22MB/37MB, paused 241us total 25.431ms
08-03 19:59:39.185 14871 14905 I art     : Starting a blocking GC Explicit
08-03 19:59:39.208 14871 14905 I art     : Explicit concurrent mark sweep GC freed 52(1600B) AllocSpace objects, 0(0B) LOS objects, 40% free, 22MB/37MB, paused 207us total 22.544ms
08-03 19:59:39.495 14871 15130 I art     : Starting a blocking GC Explicit
08-03 19:59:39.524 14871 15130 I art     : Explicit concurrent mark sweep GC freed 1353(78KB) AllocSpace objects, 1(20KB) LOS objects, 40% free, 22MB/37MB, paused 220us total 28.689ms
08-03 19:59:39.533 13866 13882 I PeriodicStatsRunner: PeriodicStatsRunner.call():175 call()
08-03 19:59:39.534 13866 13882 I PeriodicStatsRunner: PeriodicStatsRunner.call():179 No submit PeriodicStats since input started.
08-03 19:59:39.541 14871 15130 I art     : Starting a blocking GC Explicit
08-03 19:59:39.565 14871 15130 I art     : Explicit concurrent mark sweep GC freed 26(896B) AllocSpace objects, 0(0B) LOS objects, 40% free, 22MB/37MB, paused 235us total 23.945ms
08-03 19:59:39.581 14871 15130 I art     : Starting a blocking GC Explicit
08-03 19:59:39.602   512  2967 D audio_hw_primary: disable_audio_route: reset and update mixer path: low-latency-playback speaker
08-03 19:59:39.603   512  2967 D audio_hw_primary: disable_snd_device: snd_device(2: speaker)
08-03 19:59:39.607 14871 15130 I art     : Explicit concurrent mark sweep GC freed 3(96B) AllocSpace objects, 0(0B) LOS objects, 40% free, 22MB/37MB, paused 337us total 26.039ms
08-03 19:59:39.611   512  2967 I soundtrigger: audio_extn_sound_trigger_update_device_status: device 0x2 of type 0 for Event 0
08-03 19:59:39.623 14871 15130 I art     : Starting a blocking GC Explicit
08-03 19:59:39.653 14871 15130 I art     : Explicit concurrent mark sweep GC freed 5(160B) AllocSpace objects, 0(0B) LOS objects, 40% free, 22MB/37MB, paused 252us total 29.241ms
08-03 19:59:39.670 14871 15130 I art     : Starting a blocking GC Explicit
08-03 19:59:39.699 14871 15130 I art     : Explicit concurrent mark sweep GC freed 3(96B) AllocSpace objects, 0(0B) LOS objects, 40% free, 22MB/37MB, paused 268us total 28.737ms
08-03 19:59:39.761 15331 15331 D AndroidRuntime: >>>>>> START com.android.internal.os.RuntimeInit uid 2000 <<<<<<
08-03 19:59:39.769 15331 15331 D AndroidRuntime: CheckJNI is OFF
08-03 19:59:39.814 15331 15331 D ICU     : No timezone override file found: /data/misc/zoneinfo/current/icu/icu_tzdata.dat
08-03 19:59:39.860 15331 15331 I Radio-JNI: register_android_hardware_Radio DONE
08-03 19:59:39.891 15331 15331 D AndroidRuntime: Calling main entry com.android.commands.input.Input
08-03 19:59:39.893 15331 15331 I Input   : injectMotionEvent: MotionEvent { action=ACTION_DOWN, actionButton=0, id[0]=0, x[0]=463.0, y[0]=464.0, toolType[0]=TOOL_TYPE_UNKNOWN, buttonState=0, metaState=0, flags=0x0, edgeFlags=0x0, pointerCount=1, historySize=0, eventTime=647996306, downTime=647996306, deviceId=0, source=0x1002 }
08-03 19:59:39.897 15331 15331 I Input   : injectMotionEvent: MotionEvent { action=ACTION_UP, actionButton=0, id[0]=0, x[0]=463.0, y[0]=464.0, toolType[0]=TOOL_TYPE_UNKNOWN, buttonState=0, metaState=0, flags=0x0, edgeFlags=0x0, pointerCount=1, historySize=0, eventTime=647996306, downTime=647996306, deviceId=0, source=0x1002 }
08-03 19:59:39.900 15331 15331 D AndroidRuntime: Shutting down VM
08-03 19:59:39.967   512  2967 D audio_hw_primary: out_set_parameters: enter: usecase(1: low-latency-playback) kvpairs: routing=2
08-03 19:59:39.981   512  2967 D audio_hw_primary: select_devices: out_snd_device(2: speaker) in_snd_device(0: none)
08-03 19:59:39.981   512  2967 D msm8974_platform: platform_send_audio_calibration: sending audio calibration for snd_device(2) acdb_id(15)
08-03 19:59:39.982   512  2967 I soundtrigger: audio_extn_sound_trigger_update_device_status: device 0x2 of type 0 for Event 1
08-03 19:59:39.982   918  6111 W InputMethodManagerService: Window already focused, ignoring focus gain of: com.android.internal.view.IInputMethodClient$Stub$Proxy@3309ea7 attribute=null, token = android.os.BinderProxy@d1a5a53
08-03 19:59:39.993   512  2967 D audio_hw_primary: enable_snd_device: snd_device(2: speaker)
08-03 19:59:39.993 14871 14884 I art     : Starting a blocking GC Explicit
08-03 19:59:39.995   512  2967 D audio_hw_primary: enable_audio_route: apply and update mixer path: low-latency-playback speaker
08-03 19:59:40.018 14871 14884 I art     : Explicit concurrent mark sweep GC freed 1673(105KB) AllocSpace objects, 2(40KB) LOS objects, 40% free, 22MB/37MB, paused 227us total 24.544ms
08-03 19:59:40.033 14871 14884 I art     : Starting a blocking GC Explicit
08-03 19:59:40.043   512  2967 D AudioFlinger: mixer(0xf4740000) throttle end: throttle time(12)
08-03 19:59:40.058 14871 14884 I art     : Explicit concurrent mark sweep GC freed 117(6KB) AllocSpace objects, 0(0B) LOS objects, 40% free, 22MB/37MB, paused 235us total 24.523ms
08-03 19:59:40.072 14871 14884 I art     : Starting a blocking GC Explicit
08-03 19:59:40.098 14871 14884 I art     : Explicit concurrent mark sweep GC freed 3(96B) AllocSpace objects, 0(0B) LOS objects, 40% free, 22MB/37MB, paused 220us total 25.241ms
08-03 19:59:40.114 14871 14884 I art     : Starting a blocking GC Explicit
08-03 19:59:40.144 14871 14884 I art     : Explicit concurrent mark sweep GC freed 3(96B) AllocSpace objects, 0(0B) LOS objects, 40% free, 22MB/37MB, paused 259us total 29.501ms
08-03 19:59:40.159 14871 14884 I art     : Starting a blocking GC Explicit
08-03 19:59:40.165   380   380 W SurfaceFlinger: couldn't log to binary event log: overflow.
08-03 19:59:40.184 14871 14884 I art     : Explicit concurrent mark sweep GC freed 3(96B) AllocSpace objects, 0(0B) LOS objects, 40% free, 22MB/37MB, paused 232us total 24.739ms
08-03 19:59:40.457 14871 14885 I art     : Starting a blocking GC Explicit
08-03 19:59:40.483 14871 14885 I art     : Explicit concurrent mark sweep GC freed 1337(78KB) AllocSpace objects, 1(20KB) LOS objects, 40% free, 22MB/37MB, paused 243us total 25.657ms
08-03 19:59:40.498 14871 14885 I art     : Starting a blocking GC Explicit
08-03 19:59:40.523 14871 14885 I art     : Explicit concurrent mark sweep GC freed 20(704B) AllocSpace objects, 0(0B) LOS objects, 40% free, 22MB/37MB, paused 226us total 24.607ms
08-03 19:59:40.538 14871 14885 I art     : Starting a blocking GC Explicit
08-03 19:59:40.538   512  2967 D audio_hw_primary: disable_audio_route: reset and update mixer path: low-latency-playback speaker
08-03 19:59:40.540   512  2967 D audio_hw_primary: disable_snd_device: snd_device(2: speaker)
08-03 19:59:40.548   512  2967 I soundtrigger: audio_extn_sound_trigger_update_device_status: device 0x2 of type 0 for Event 0
08-03 19:59:40.562 14871 14885 I art     : Explicit concurrent mark sweep GC freed 3(96B) AllocSpace objects, 0(0B) LOS objects, 40% free, 22MB/37MB, paused 246us total 24.016ms
08-03 19:59:40.577 14871 14885 I art     : Starting a blocking GC Explicit
08-03 19:59:40.602 14871 14885 I art     : Explicit concurrent mark sweep GC freed 3(96B) AllocSpace objects, 0(0B) LOS objects, 40% free, 22MB/37MB, paused 232us total 24.827ms
08-03 19:59:40.617 14871 14885 I art     : Starting a blocking GC Explicit
08-03 19:59:40.642 14871 14885 I art     : Explicit concurrent mark sweep GC freed 3(96B) AllocSpace objects, 0(0B) LOS objects, 40% free, 22MB/37MB, paused 248us total 24.641ms
08-03 19:59:40.691 15363 15363 D AndroidRuntime: >>>>>> START com.android.internal.os.RuntimeInit uid 2000 <<<<<<
08-03 19:59:40.698 15363 15363 D AndroidRuntime: CheckJNI is OFF
08-03 19:59:40.741 15363 15363 D ICU     : No timezone override file found: /data/misc/zoneinfo/current/icu/icu_tzdata.dat
08-03 19:59:40.787 15363 15363 I Radio-JNI: register_android_hardware_Radio DONE
08-03 19:59:40.816 15363 15363 D AndroidRuntime: Calling main entry com.android.commands.input.Input
08-03 19:59:40.818 15363 15363 I Input   : injectKeyEvent: KeyEvent { action=ACTION_DOWN, keyCode=KEYCODE_BACK, scanCode=0, metaState=0, flags=0x0, repeatCount=0, eventTime=647997231, downTime=647997231, deviceId=-1, source=0x101 }
08-03 19:59:40.823 15363 15363 I Input   : injectKeyEvent: KeyEvent { action=ACTION_UP, keyCode=KEYCODE_BACK, scanCode=0, metaState=0, flags=0x0, repeatCount=0, eventTime=647997231, downTime=647997231, deviceId=-1, source=0x101 }
08-03 19:59:40.828 15363 15363 D AndroidRuntime: Shutting down VM
08-03 19:59:40.870 13866 13866 I GoogleInputMethodServic: GoogleInputMethodService.onFinishInput():3138 
08-03 19:59:40.871 13866 13866 I GoogleInputMethodServic: GoogleInputMethodService.onStartInput():1808 
08-03 19:59:40.884 13866 13882 I PeriodicStatsRunner: PeriodicStatsRunner.call():175 call()
08-03 19:59:40.884 13866 13882 I PeriodicStatsRunner: PeriodicStatsRunner.call():179 No submit PeriodicStats since input started.
08-03 19:59:40.914 14871 15130 I art     : Starting a blocking GC Explicit
08-03 19:59:40.937 14871 15130 I art     : Explicit concurrent mark sweep GC freed 1544(89KB) AllocSpace objects, 1(20KB) LOS objects, 40% free, 22MB/37MB, paused 209us total 22.215ms
08-03 19:59:40.951 14871 15130 I art     : Starting a blocking GC Explicit
08-03 19:59:40.974 14871 15130 I art     : Explicit concurrent mark sweep GC freed 1785(119KB) AllocSpace objects, 0(0B) LOS objects, 40% free, 22MB/37MB, paused 208us total 22.267ms
08-03 19:59:40.989 14871 15130 I art     : Starting a blocking GC Explicit
08-03 19:59:41.009 13866 13882 I PeriodicStatsRunner: PeriodicStatsRunner.call():175 call()
08-03 19:59:41.009 13866 13882 I PeriodicStatsRunner: PeriodicStatsRunner.call():179 No submit PeriodicStats since input started.
08-03 19:59:41.011 14871 15130 I art     : Explicit concurrent mark sweep GC freed 3(96B) AllocSpace objects, 0(0B) LOS objects, 40% free, 22MB/37MB, paused 224us total 21.771ms
08-03 19:59:41.026 14871 15130 I art     : Starting a blocking GC Explicit
08-03 19:59:41.049 14871 15130 I art     : Explicit concurrent mark sweep GC freed 3(96B) AllocSpace objects, 0(0B) LOS objects, 40% free, 22MB/37MB, paused 229us total 22.644ms
08-03 19:59:41.064 14871 15130 I art     : Starting a blocking GC Explicit
08-03 19:59:41.088 14871 15130 I art     : Explicit concurrent mark sweep GC freed 3(96B) AllocSpace objects, 0(0B) LOS objects, 40% free, 22MB/37MB, paused 259us total 22.995ms
08-03 19:59:41.166   380   380 W SurfaceFlinger: couldn't log to binary event log: overflow.
08-03 19:59:41.353 14871 14905 I art     : Starting a blocking GC Explicit
08-03 19:59:41.379 14871 14905 I art     : Explicit concurrent mark sweep GC freed 1385(80KB) AllocSpace objects, 1(20KB) LOS objects, 40% free, 22MB/37MB, paused 247us total 25.473ms
08-03 19:59:41.394 14871 14905 I art     : Starting a blocking GC Explicit
08-03 19:59:41.415 14871 14905 I art     : Explicit concurrent mark sweep GC freed 11984(575KB) AllocSpace objects, 7(340KB) LOS objects, 40% free, 21MB/35MB, paused 233us total 21.250ms
08-03 19:59:41.429 14871 14905 I art     : Starting a blocking GC Explicit
08-03 19:59:41.449 14871 14905 I art     : Explicit concurrent mark sweep GC freed 3(96B) AllocSpace objects, 0(0B) LOS objects, 40% free, 21MB/35MB, paused 222us total 18.931ms
08-03 19:59:41.463 14871 14905 I art     : Starting a blocking GC Explicit
08-03 19:59:41.482 14871 14905 I art     : Explicit concurrent mark sweep GC freed 3(96B) AllocSpace objects, 0(0B) LOS objects, 40% free, 21MB/35MB, paused 218us total 19.045ms
08-03 19:59:41.496 14871 14905 I art     : Starting a blocking GC Explicit
08-03 19:59:41.515 14871 14905 I art     : Explicit concurrent mark sweep GC freed 3(96B) AllocSpace objects, 0(0B) LOS objects, 40% free, 21MB/35MB, paused 219us total 18.679ms
08-03 19:59:41.575 14871 14871 I RegularCachePruner: Pruning cache...
08-03 19:59:41.577 14871 15406 I RedditChangeDataManager: Pruning for all users...
08-03 19:59:41.577 14871 15406 I RedditChangeDataManager: Pruning complete.
08-03 19:59:41.578 14871 14871 I RedReader: Checking for new messages.
08-03 19:59:41.580 14871 15406 I CacheManager: Pruning 0 files
08-03 19:59:41.599 15394 15394 D AndroidRuntime: >>>>>> START com.android.internal.os.RuntimeInit uid 2000 <<<<<<
08-03 19:59:41.605 15394 15394 D AndroidRuntime: CheckJNI is OFF
08-03 19:59:41.653 15394 15394 D ICU     : No timezone override file found: /data/misc/zoneinfo/current/icu/icu_tzdata.dat
08-03 19:59:41.697 15394 15394 I Radio-JNI: register_android_hardware_Radio DONE
08-03 19:59:41.726 15394 15394 D AndroidRuntime: Calling main entry com.android.commands.input.Input
08-03 19:59:41.728 15394 15394 I Input   : injectKeyEvent: KeyEvent { action=ACTION_DOWN, keyCode=KEYCODE_BACK, scanCode=0, metaState=0, flags=0x0, repeatCount=0, eventTime=647998141, downTime=647998141, deviceId=-1, source=0x101 }
08-03 19:59:41.732 15394 15394 I Input   : injectKeyEvent: KeyEvent { action=ACTION_UP, keyCode=KEYCODE_BACK, scanCode=0, metaState=0, flags=0x0, repeatCount=0, eventTime=647998141, downTime=647998141, deviceId=-1, source=0x101 }
08-03 19:59:41.737 15394 15394 D AndroidRuntime: Shutting down VM
08-03 19:59:41.775 13866 13866 I GoogleInputMethodServic: GoogleInputMethodService.onFinishInput():3138 
08-03 19:59:41.776 13866 13866 I GoogleInputMethodServic: GoogleInputMethodService.onStartInput():1808 
08-03 19:59:41.797 14871 14905 I art     : Starting a blocking GC Explicit
08-03 19:59:41.818 14871 14905 I art     : Explicit concurrent mark sweep GC freed 1646(96KB) AllocSpace objects, 1(20KB) LOS objects, 40% free, 21MB/35MB, paused 452us total 20.162ms
08-03 19:59:41.834 14871 14905 I art     : Starting a blocking GC Explicit
08-03 19:59:41.851 14871 14905 I art     : Explicit concurrent mark sweep GC freed 55(1968B) AllocSpace objects, 0(0B) LOS objects, 40% free, 21MB/35MB, paused 196us total 17.028ms
08-03 19:59:41.864 14871 14905 I art     : Starting a blocking GC Explicit
08-03 19:59:41.882 14871 14905 I art     : Explicit concurrent mark sweep GC freed 3(96B) AllocSpace objects, 0(0B) LOS objects, 40% free, 21MB/35MB, paused 212us total 17.585ms
08-03 19:59:41.896 14871 14905 I art     : Starting a blocking GC Explicit
08-03 19:59:41.913 14871 14905 I art     : Explicit concurrent mark sweep GC freed 3(96B) AllocSpace objects, 0(0B) LOS objects, 40% free, 21MB/35MB, paused 230us total 17.581ms
08-03 19:59:41.921 13866 13882 I PeriodicStatsRunner: PeriodicStatsRunner.call():175 call()
08-03 19:59:41.921 13866 13882 I PeriodicStatsRunner: PeriodicStatsRunner.call():179 No submit PeriodicStats since input started.
08-03 19:59:41.927 14871 14905 I art     : Starting a blocking GC Explicit
08-03 19:59:41.945 14871 14905 I art     : Explicit concurrent mark sweep GC freed 3(96B) AllocSpace objects, 0(0B) LOS objects, 40% free, 21MB/35MB, paused 213us total 17.719ms
08-03 19:59:42.205 14871 14885 I art     : Starting a blocking GC Explicit
08-03 19:59:42.225 14871 14885 I art     : Explicit concurrent mark sweep GC freed 1362(79KB) AllocSpace objects, 1(20KB) LOS objects, 40% free, 21MB/35MB, paused 227us total 19.036ms
08-03 19:59:42.238 14871 14885 I art     : Starting a blocking GC Explicit
08-03 19:59:42.258 14871 14885 I art     : Explicit concurrent mark sweep GC freed 143(10KB) AllocSpace objects, 0(0B) LOS objects, 40% free, 21MB/35MB, paused 259us total 18.910ms
08-03 19:59:42.272 14871 14885 I art     : Starting a blocking GC Explicit
08-03 19:59:42.291 14871 14885 I art     : Explicit concurrent mark sweep GC freed 3(96B) AllocSpace objects, 0(0B) LOS objects, 40% free, 21MB/35MB, paused 243us total 18.440ms
08-03 19:59:42.304 14871 14885 I art     : Starting a blocking GC Explicit
08-03 19:59:42.323 14871 14885 I art     : Explicit concurrent mark sweep GC freed 3(96B) AllocSpace objects, 0(0B) LOS objects, 40% free, 21MB/35MB, paused 234us total 18.901ms
08-03 19:59:42.337 14871 14885 I art     : Starting a blocking GC Explicit
08-03 19:59:42.357 14871 14885 I art     : Explicit concurrent mark sweep GC freed 3(96B) AllocSpace objects, 0(0B) LOS objects, 40% free, 21MB/35MB, paused 222us total 19.172ms
08-03 19:59:42.492  8512  8512 I Atfwd_Sendcmd: AtCmdFwd service not ready - Exhausted retry attempts - :6
08-03 19:59:42.492  8512  8512 I Atfwd_Daemon: result : -1 	 ,Init step :2 	 ,qmiErrorCode: 0
08-03 19:59:42.503 15426 15426 D AndroidRuntime: >>>>>> START com.android.internal.os.RuntimeInit uid 2000 <<<<<<
08-03 19:59:42.511 15426 15426 D AndroidRuntime: CheckJNI is OFF
08-03 19:59:42.552 15426 15426 D ICU     : No timezone override file found: /data/misc/zoneinfo/current/icu/icu_tzdata.dat
08-03 19:59:42.594 15426 15426 I Radio-JNI: register_android_hardware_Radio DONE
08-03 19:59:42.624 15426 15426 D AndroidRuntime: Calling main entry com.android.commands.input.Input
08-03 19:59:42.625 15426 15426 I Input   : injectMotionEvent: MotionEvent { action=ACTION_DOWN, actionButton=0, id[0]=0, x[0]=600.0, y[0]=1536.0, toolType[0]=TOOL_TYPE_UNKNOWN, buttonState=0, metaState=0, flags=0x0, edgeFlags=0x0, pointerCount=1, historySize=0, eventTime=647999038, downTime=647999038, deviceId=0, source=0x1002 }
08-03 19:59:42.630 15426 15426 I Input   : injectMotionEvent: MotionEvent { action=ACTION_UP, actionButton=0, id[0]=0, x[0]=600.0, y[0]=1536.0, toolType[0]=TOOL_TYPE_UNKNOWN, buttonState=0, metaState=0, flags=0x0, edgeFlags=0x0, pointerCount=1, historySize=0, eventTime=647999038, downTime=647999038, deviceId=0, source=0x1002 }
08-03 19:59:42.633 15426 15426 D AndroidRuntime: Shutting down VM
08-03 19:59:42.638   512  2967 D audio_hw_primary: out_set_parameters: enter: usecase(1: low-latency-playback) kvpairs: routing=2
08-03 19:59:42.642   918  3670 I ActivityManager: START u0 {dat=https://oauth.reddit.com/... cmp=baseline.org.quantumbadger.redreader/.activities.PostListingActivity} from uid 10634 on display 0
08-03 19:59:42.649 14871 14884 I art     : Starting a blocking GC Explicit
08-03 19:59:42.651   512  2967 D audio_hw_primary: select_devices: out_snd_device(2: speaker) in_snd_device(0: none)
08-03 19:59:42.651   512  2967 D msm8974_platform: platform_send_audio_calibration: sending audio calibration for snd_device(2) acdb_id(15)
08-03 19:59:42.652   512  2967 I soundtrigger: audio_extn_sound_trigger_update_device_status: device 0x2 of type 0 for Event 1
08-03 19:59:42.663   512  2967 D audio_hw_primary: enable_snd_device: snd_device(2: speaker)
08-03 19:59:42.665   512  2967 D audio_hw_primary: enable_audio_route: apply and update mixer path: low-latency-playback speaker
08-03 19:59:42.666 14871 14871 I AppCompatViewInflater: app:theme is now deprecated. Please move to using android:theme instead.
08-03 19:59:42.673 14871 14884 I art     : Explicit concurrent mark sweep GC freed 1814(115KB) AllocSpace objects, 1(20KB) LOS objects, 40% free, 21MB/35MB, paused 427us total 24.296ms
08-03 19:59:42.688 14871 14884 I art     : Starting a blocking GC Explicit
08-03 19:59:42.710 14871 14884 I art     : Explicit concurrent mark sweep GC freed 6418(433KB) AllocSpace objects, 1(28KB) LOS objects, 40% free, 21MB/35MB, paused 623us total 21.675ms
08-03 19:59:42.723 14871 15457 I RawObjectDB query string: CREATE TABLE objects(RawObjectDB_id TEXT PRIMARY KEY ON CONFLICT REPLACE,RawObjectDB_timestamp INTEGER,accounts_active INTEGER,created INTEGER,created_utc INTEGER,description TEXT,description_html TEXT,display_name TEXT,header_img TEXT,header_title TEXT,id TEXT,name TEXT,over18 INTEGER,public_description TEXT,subscribers INTEGER,title TEXT,url TEXT)
08-03 19:59:42.723 14871 14884 I art     : Starting a blocking GC Explicit
08-03 19:59:42.742 14871 14884 I art     : Explicit concurrent mark sweep GC freed 596(43KB) AllocSpace objects, 0(0B) LOS objects, 40% free, 21MB/35MB, paused 530us total 18.603ms
08-03 19:59:42.756 14871 14884 I art     : Starting a blocking GC Explicit
08-03 19:59:42.771 14871 15458 D OK      : calling: https://www.reddit.com/api/v1/access_token
08-03 19:59:42.775   918   936 I ActivityManager: Displayed baseline.org.quantumbadger.redreader/.activities.PostListingActivity: +125ms
08-03 19:59:42.775 13866 13866 I GoogleInputMethodServic: GoogleInputMethodService.onFinishInput():3138 
08-03 19:59:42.775 13866 13866 I GoogleInputMethodServic: GoogleInputMethodService.onStartInput():1808 
08-03 19:59:42.782 14871 14884 I art     : Explicit concurrent mark sweep GC freed 1521(97KB) AllocSpace objects, 0(0B) LOS objects, 40% free, 21MB/36MB, paused 1.298ms total 24.977ms
08-03 19:59:42.797 14871 14884 I art     : Starting a blocking GC Explicit
08-03 19:59:42.818 14871 14884 I art     : Explicit concurrent mark sweep GC freed 352(29KB) AllocSpace objects, 0(0B) LOS objects, 40% free, 21MB/35MB, paused 320us total 20.599ms
08-03 19:59:43.049   380   380 W SurfaceFlinger: couldn't log to binary event log: overflow.
08-03 19:59:43.103 14871 14885 I art     : Starting a blocking GC Explicit
08-03 19:59:43.122 14871 14885 I art     : Explicit concurrent mark sweep GC freed 1524(93KB) AllocSpace objects, 1(20KB) LOS objects, 40% free, 21MB/35MB, paused 272us total 18.296ms
08-03 19:59:43.135 14871 14885 I art     : Starting a blocking GC Explicit
08-03 19:59:43.157 14871 14885 I art     : Explicit concurrent mark sweep GC freed 20(704B) AllocSpace objects, 0(0B) LOS objects, 40% free, 21MB/35MB, paused 282us total 21.071ms
08-03 19:59:43.170 14871 14885 I art     : Starting a blocking GC Explicit
08-03 19:59:43.192 14871 14885 I art     : Explicit concurrent mark sweep GC freed 68(2224B) AllocSpace objects, 0(0B) LOS objects, 40% free, 21MB/35MB, paused 375us total 21.760ms
08-03 19:59:43.199   512  2967 D audio_hw_primary: disable_audio_route: reset and update mixer path: low-latency-playback speaker
08-03 19:59:43.200   512  2967 D audio_hw_primary: disable_snd_device: snd_device(2: speaker)
08-03 19:59:43.206 14871 14885 I art     : Starting a blocking GC Explicit
08-03 19:59:43.208   512  2967 I soundtrigger: audio_extn_sound_trigger_update_device_status: device 0x2 of type 0 for Event 0
08-03 19:59:43.225 14871 14885 I art     : Explicit concurrent mark sweep GC freed 4(128B) AllocSpace objects, 0(0B) LOS objects, 40% free, 21MB/35MB, paused 273us total 18.746ms
08-03 19:59:43.240 14871 14885 I art     : Starting a blocking GC Explicit
08-03 19:59:43.260 14871 14885 I art     : Explicit concurrent mark sweep GC freed 3(96B) AllocSpace objects, 0(0B) LOS objects, 40% free, 21MB/35MB, paused 304us total 19.617ms
08-03 19:59:43.541 14871 14905 I art     : Starting a blocking GC Explicit
08-03 19:59:43.546 14871 15458 D OK      : request got status: 200
08-03 19:59:43.555 14871 15458 D OK      : calling: https://oauth.reddit.com/r/askscience/about.json
08-03 19:59:43.581 14871 14905 I art     : Explicit concurrent mark sweep GC freed 41430(2MB) AllocSpace objects, 18(1712KB) LOS objects, 39% free, 24MB/40MB, paused 459us total 39.889ms
08-03 19:59:43.598 14871 14905 I art     : Starting a blocking GC Explicit
08-03 19:59:43.628 14871 14905 I art     : Explicit concurrent mark sweep GC freed 1293(154KB) AllocSpace objects, 0(0B) LOS objects, 40% free, 23MB/39MB, paused 403us total 29.454ms
08-03 19:59:43.643 14871 14905 I art     : Starting a blocking GC Explicit
08-03 19:59:43.675 14871 14905 I art     : Explicit concurrent mark sweep GC freed 9(304B) AllocSpace objects, 0(0B) LOS objects, 40% free, 23MB/39MB, paused 366us total 30.985ms
08-03 19:59:43.691 14871 14905 I art     : Starting a blocking GC Explicit
08-03 19:59:43.722 14871 14905 I art     : Explicit concurrent mark sweep GC freed 3(96B) AllocSpace objects, 0(0B) LOS objects, 40% free, 23MB/39MB, paused 338us total 30.904ms
08-03 19:59:43.738 14871 14905 I art     : Starting a blocking GC Explicit
08-03 19:59:43.770 14871 14905 I art     : Explicit concurrent mark sweep GC freed 3(96B) AllocSpace objects, 0(0B) LOS objects, 40% free, 23MB/39MB, paused 491us total 31.706ms
08-03 19:59:44.059 14871 14905 I art     : Starting a blocking GC Explicit
08-03 19:59:44.076 14871 15458 I NAPPA_EXPERIMENTATION: MetricNetworkRequestExecutionTime: REQUEST_DURATION_SYSTEM='520',REQUEST_DURATION_OKHTTP='152',REQUEST_SYNCHRONOUS='TRUE',RESPONSE_CODE='200',RESPONSE_METHOD='GET',RESPONSE_LENGTH_OKHTTP='-1',RESPONSE_LENGTH_HEADER='4700',REQUEST_PROTOCOL='h2',REQUEST_URL='https://oauth.reddit.com/r/askscience/about.json',
08-03 19:59:44.076 14871 15458 D OK      : request got status: 200
08-03 19:59:44.096 14871 14905 I art     : Explicit concurrent mark sweep GC freed 4028(253KB) AllocSpace objects, 2(40KB) LOS objects, 39% free, 24MB/40MB, paused 2.208ms total 37.388ms
08-03 19:59:44.113 14871 14905 I art     : Starting a blocking GC Explicit
08-03 19:59:44.128 14871 15502 D OK      : calling: https://oauth.reddit.com/r/askscience/hot/.json
08-03 19:59:44.147 14871 14905 I art     : Explicit concurrent mark sweep GC freed 1327(158KB) AllocSpace objects, 2(136KB) LOS objects, 39% free, 24MB/40MB, paused 467us total 33.887ms
08-03 19:59:44.163 14871 14905 I art     : Starting a blocking GC Explicit
08-03 19:59:44.193 14871 14905 I art     : Explicit concurrent mark sweep GC freed 308(16KB) AllocSpace objects, 0(0B) LOS objects, 39% free, 24MB/40MB, paused 366us total 30.683ms
08-03 19:59:44.210 14871 14905 I art     : Starting a blocking GC Explicit
08-03 19:59:44.243 14871 14905 I art     : Explicit concurrent mark sweep GC freed 16(768B) AllocSpace objects, 0(0B) LOS objects, 39% free, 24MB/40MB, paused 421us total 32.744ms
08-03 19:59:44.259 14871 14905 I art     : Starting a blocking GC Explicit
08-03 19:59:44.281 14871 15502 I NAPPA_EXPERIMENTATION: MetricNetworkRequestExecutionTime: REQUEST_DURATION_SYSTEM='152',REQUEST_DURATION_OKHTTP='148',REQUEST_SYNCHRONOUS='TRUE',RESPONSE_CODE='200',RESPONSE_METHOD='GET',RESPONSE_LENGTH_OKHTTP='-1',RESPONSE_LENGTH_HEADER='21282',REQUEST_PROTOCOL='h2',REQUEST_URL='https://oauth.reddit.com/r/askscience/hot/.json',
08-03 19:59:44.282 14871 15502 D OK      : request got status: 200
08-03 19:59:44.294 14871 14905 I art     : Explicit concurrent mark sweep GC freed 354(30KB) AllocSpace objects, 0(0B) LOS objects, 39% free, 24MB/40MB, paused 667us total 33.891ms
08-03 19:59:44.302 14871 15500 I PostListingFragment: Precaching images: OFF
08-03 19:59:44.303 14871 15500 I PostListingFragment: Precaching comments: OFF
08-03 19:59:44.570 14871 14885 I art     : Starting a blocking GC Explicit
08-03 19:59:44.612 14871 14885 I art     : Explicit concurrent mark sweep GC freed 14297(756KB) AllocSpace objects, 3(156KB) LOS objects, 39% free, 24MB/40MB, paused 416us total 42.014ms
08-03 19:59:44.630 14871 14885 I art     : Starting a blocking GC Explicit
08-03 19:59:44.668 14871 14885 I art     : Explicit concurrent mark sweep GC freed 3659(139KB) AllocSpace objects, 0(0B) LOS objects, 39% free, 24MB/40MB, paused 491us total 37.236ms
08-03 19:59:44.684 14871 14885 I art     : Starting a blocking GC Explicit
08-03 19:59:44.725 14871 14885 I art     : Explicit concurrent mark sweep GC freed 2822(105KB) AllocSpace objects, 0(0B) LOS objects, 39% free, 24MB/40MB, paused 418us total 40.497ms
08-03 19:59:44.743 14871 14885 I art     : Starting a blocking GC Explicit
08-03 19:59:44.783 14871 14885 I art     : Explicit concurrent mark sweep GC freed 3602(129KB) AllocSpace objects, 0(0B) LOS objects, 39% free, 24MB/40MB, paused 586us total 39.599ms
08-03 19:59:44.800 14871 14885 I art     : Starting a blocking GC Explicit
08-03 19:59:44.838 14871 14885 I art     : Explicit concurrent mark sweep GC freed 12470(597KB) AllocSpace objects, 0(0B) LOS objects, 39% free, 24MB/40MB, paused 452us total 37.234ms
08-03 19:59:45.144 14871 14905 I art     : Starting a blocking GC Explicit
08-03 19:59:45.187 14871 14905 I art     : Explicit concurrent mark sweep GC freed 3075(168KB) AllocSpace objects, 1(20KB) LOS objects, 39% free, 24MB/40MB, paused 364us total 43.650ms
08-03 19:59:45.205 14871 14905 I art     : Starting a blocking GC Explicit
08-03 19:59:45.240 14871 14905 I art     : Explicit concurrent mark sweep GC freed 188(9KB) AllocSpace objects, 0(0B) LOS objects, 39% free, 24MB/40MB, paused 320us total 34.194ms
08-03 19:59:45.258 14871 14905 I art     : Starting a blocking GC Explicit
08-03 19:59:45.293 14871 14905 I art     : Explicit concurrent mark sweep GC freed 171(7KB) AllocSpace objects, 0(0B) LOS objects, 39% free, 24MB/40MB, paused 305us total 34.673ms
08-03 19:59:45.310 14871 14905 I art     : Starting a blocking GC Explicit
08-03 19:59:45.348 14871 14905 I art     : Explicit concurrent mark sweep GC freed 3(96B) AllocSpace objects, 0(0B) LOS objects, 39% free, 24MB/40MB, paused 305us total 37.743ms
08-03 19:59:45.365 14871 14905 I art     : Starting a blocking GC Explicit
08-03 19:59:45.407 14871 14905 I art     : Explicit concurrent mark sweep GC freed 3(96B) AllocSpace objects, 0(0B) LOS objects, 39% free, 24MB/40MB, paused 337us total 41.067ms
08-03 19:59:45.730 14871 14885 I art     : Starting a blocking GC Explicit
08-03 19:59:45.772 14871 14885 I art     : Explicit concurrent mark sweep GC freed 1497(87KB) AllocSpace objects, 1(20KB) LOS objects, 39% free, 24MB/40MB, paused 370us total 42.250ms
08-03 19:59:45.791 14871 14885 I art     : Starting a blocking GC Explicit
08-03 19:59:45.831 14871 14885 I art     : Explicit concurrent mark sweep GC freed 83(4KB) AllocSpace objects, 0(0B) LOS objects, 39% free, 24MB/40MB, paused 352us total 39.906ms
08-03 19:59:45.849 14871 14885 I art     : Starting a blocking GC Explicit
08-03 19:59:45.871 13866 13882 I PeriodicStatsRunner: PeriodicStatsRunner.call():175 call()
08-03 19:59:45.871 13866 13882 I PeriodicStatsRunner: PeriodicStatsRunner.call():179 No submit PeriodicStats since input started.
08-03 19:59:45.890 14871 14885 I art     : Explicit concurrent mark sweep GC freed 3(96B) AllocSpace objects, 0(0B) LOS objects, 39% free, 24MB/40MB, paused 349us total 40.441ms
08-03 19:59:45.908 14871 14885 I art     : Starting a blocking GC Explicit
08-03 19:59:45.948 14871 14885 I art     : Explicit concurrent mark sweep GC freed 3(96B) AllocSpace objects, 0(0B) LOS objects, 39% free, 24MB/40MB, paused 354us total 39.648ms
08-03 19:59:45.965 14871 14885 I art     : Starting a blocking GC Explicit
08-03 19:59:46.006 14871 14885 I art     : Explicit concurrent mark sweep GC freed 3(96B) AllocSpace objects, 0(0B) LOS objects, 39% free, 24MB/40MB, paused 341us total 41.159ms
08-03 19:59:46.334 14871 14884 I art     : Starting a blocking GC Explicit
08-03 19:59:46.386 14871 14884 I art     : Explicit concurrent mark sweep GC freed 1346(78KB) AllocSpace objects, 1(20KB) LOS objects, 39% free, 24MB/40MB, paused 360us total 51.249ms
08-03 19:59:46.405 14871 14884 I art     : Starting a blocking GC Explicit
08-03 19:59:46.446 14871 14884 I art     : Explicit concurrent mark sweep GC freed 20(704B) AllocSpace objects, 0(0B) LOS objects, 39% free, 24MB/40MB, paused 313us total 39.850ms
08-03 19:59:46.463 14871 14884 I art     : Starting a blocking GC Explicit
08-03 19:59:46.503 14871 14884 I art     : Explicit concurrent mark sweep GC freed 3(96B) AllocSpace objects, 0(0B) LOS objects, 39% free, 24MB/40MB, paused 333us total 39.207ms
08-03 19:59:46.520 14871 14884 I art     : Starting a blocking GC Explicit
08-03 19:59:46.560 14871 14884 I art     : Explicit concurrent mark sweep GC freed 3(96B) AllocSpace objects, 0(0B) LOS objects, 39% free, 24MB/40MB, paused 344us total 39.771ms
08-03 19:59:46.579 14871 14884 I art     : Starting a blocking GC Explicit
08-03 19:59:46.605 18789 18789 I Finsky  : [1] xow.onStartJob(3): SCH: onJobSchedulerWakeup with jobId 9016
08-03 19:59:46.611 14871 14884 I art     : Explicit concurrent mark sweep GC freed 3(96B) AllocSpace objects, 0(0B) LOS objects, 39% free, 24MB/40MB, paused 294us total 31.775ms
08-03 19:59:46.613 18789 18789 I Finsky  : [1] xjw.a(9): Scheduling fallback in 43199997 (absolute: 1674590485)
08-03 19:59:46.616 18789 18789 I Finsky  : [1] xjw.a(9): Scheduling fallback in 64799999 (absolute: 1696190489)
08-03 19:59:46.623 18789 18789 I Finsky  : [1] xow.onStartJob(3): SCH: onJobSchedulerWakeup with jobId 9009
08-03 19:59:46.631 18789 18789 I Finsky  : [1] xjw.a(9): Scheduling fallback in 43199998 (absolute: 1674590504)
08-03 19:59:46.634 18789 18789 I Finsky  : [1] xjw.a(9): Scheduling fallback in 64799999 (absolute: 1696190507)
08-03 19:59:46.638 18789 18789 W Finsky  : [1] xow.onStartJob(9): SCH: onJobSchedulerWakeup while already running
08-03 19:59:46.702 18789 18789 I Finsky  : [1] xkf.handleMessage(8): SCH: DeviceState: DeviceState{currentTime=1596477586695, isCharging=false, isIdle=false, netAny=true, netNotRoaming=true, netUnmetered=true, batteryPercent=100.0}
08-03 19:59:46.710 18789 14837 I Finsky  : [5723] xmu.a(8): SCH: Jobs in database: 1-1337 3-181 3-182 12-1 24-77777777 26-1414141414 
08-03 19:59:46.715 18789 18789 I Finsky  : [1] xkg.a(16): SCH: Running job: 12-1
08-03 19:59:46.715 18789 18789 I Finsky  : [1] ContentSyncJob.a(16): [ContentSync] job started
08-03 19:59:46.716 18789 18789 I Finsky  : [1] xkf.handleMessage(61): SCH: RunningQueue size: 1, PendingQueue size: 0
08-03 19:59:46.717 18789 18789 I Finsky  : [1] xkf.handleMessage(64): SCH: Running queue: 12-1 
08-03 19:59:46.776 13866 13882 I PeriodicStatsRunner: PeriodicStatsRunner.call():175 call()
08-03 19:59:46.777 13866 13882 I PeriodicStatsRunner: PeriodicStatsRunner.call():179 No submit PeriodicStats since input started.
08-03 19:59:46.803 18789 14860 I Finsky  : [5728] dzn.a(22): Completed 0 account content syncs with 0 successful.
08-03 19:59:46.804 18789 18789 I Finsky  : [1] ContentSyncJob.a(1): [ContentSync] Installation state replication succeeded.
08-03 19:59:46.804 18789 18789 I Finsky  : [1] xlr.a(13): SCH: jobFinished: 12-1. TimeElapsed: 89ms.
08-03 19:59:46.805 18789 18789 I Finsky  : [1] xkg.a(36): SCH: Job 12-1 finished. Not rescheduling.
08-03 19:59:46.806 18789 18789 I Finsky  : [1] xkf.handleMessage(61): SCH: RunningQueue size: 0, PendingQueue size: 0
08-03 19:59:46.808 18789 18789 I Finsky  : [1] xkf.handleMessage(25): Executor finished
08-03 19:59:46.826 18789 18789 I Finsky  : [1] xmu.a(8): SCH: Jobs in database: 1-1337 3-181 3-182 24-77777777 26-1414141414 
08-03 19:59:46.828 18789 18789 I Finsky  : [1] xio.a(57): SCH: ConstraintMapping: 24-77777777,  -> L: 0ms, D: 3982273ms, C: false, I: true, N: 0
08-03 19:59:46.829 18789 18789 I Finsky  : [1] xio.a(57): SCH: ConstraintMapping: 1-1337,  -> L: 7566078ms, D: 50766078ms, C: false, I: false, N: 1
08-03 19:59:46.830 18789 18789 I Finsky  : [1] xio.a(57): SCH: ConstraintMapping: 3-181,  -> L: 0ms, D: 82022386ms, C: false, I: true, N: 2
08-03 19:59:46.830 18789 18789 I Finsky  : [1] xio.a(57): SCH: ConstraintMapping: 3-182,  -> L: 0ms, D: 82022459ms, C: true, I: true, N: 2
08-03 19:59:46.830 18789 18789 I Finsky  : [1] xio.a(57): SCH: ConstraintMapping: 26-1414141414,  -> L: 11638326ms, D: 12538326ms, C: false, I: false, N: 0
08-03 19:59:46.841 18789 18789 I Finsky  : [1] xle.a(34): Cancelling existing jobscheduler jobs: 9019 9001 9013 9010 9018 9017 9012 9015 
08-03 19:59:46.841 18789 18789 I Finsky  : [1] xle.a(10): Throttling wakeup for job 9000 (expected to run in 0 ms) due to recent wakeup
08-03 19:59:46.841 18789 18789 I Finsky  : [1] xle.a(27): Scheduling job Id: 9000, L: 30000, D: 3982273, C: false, I: true, N: 0
08-03 19:59:46.843 18789 18789 I Finsky  : [1] xle.a(27): Scheduling job Id: 9002, L: 7566078, D: 50766078, C: false, I: false, N: 1
08-03 19:59:46.844 18789 18789 I Finsky  : [1] xle.a(10): Throttling wakeup for job 9003 (expected to run in 0 ms) due to recent wakeup
08-03 19:59:46.845 18789 18789 I Finsky  : [1] xle.a(27): Scheduling job Id: 9003, L: 30000, D: 82022386, C: false, I: true, N: 2
08-03 19:59:46.847 18789 18789 I Finsky  : [1] xle.a(10): Throttling wakeup for job 9004 (expected to run in 0 ms) due to recent wakeup
08-03 19:59:46.847 18789 18789 I Finsky  : [1] xle.a(27): Scheduling job Id: 9004, L: 30000, D: 82022459, C: true, I: true, N: 2
08-03 19:59:46.849 18789 18789 I Finsky  : [1] xle.a(27): Scheduling job Id: 9005, L: 11638326, D: 12538326, C: false, I: false, N: 0
08-03 19:59:46.850 18789 18789 I Finsky  : [1] xle.a(10): Throttling wakeup for job 9006 (expected to run in 0 ms) due to recent wakeup
08-03 19:59:46.850 18789 18789 I Finsky  : [1] xle.a(27): Scheduling job Id: 9006, L: 30000, D: 3982273, C: false, I: true, N: 0
08-03 19:59:46.852 18789 18789 I Finsky  : [1] xle.a(27): Scheduling job Id: 9007, L: 7566078, D: 50766078, C: false, I: false, N: 1
08-03 19:59:46.853 18789 18789 I Finsky  : [1] xle.a(10): Throttling wakeup for job 9008 (expected to run in 0 ms) due to recent wakeup
08-03 19:59:46.853 18789 18789 I Finsky  : [1] xle.a(27): Scheduling job Id: 9008, L: 30000, D: 82022386, C: false, I: true, N: 2
08-03 19:59:46.854 18789 18789 I Finsky  : [1] xle.a(10): Throttling wakeup for job 9009 (expected to run in 0 ms) due to recent wakeup
08-03 19:59:46.855 18789 18789 I Finsky  : [1] xle.a(27): Scheduling job Id: 9009, L: 30000, D: 82022459, C: true, I: true, N: 2
08-03 19:59:46.856 18789 18789 I Finsky  : [1] xle.a(27): Scheduling job Id: 9011, L: 11638326, D: 12538326, C: false, I: false, N: 0
08-03 19:59:46.898 14871 15130 I art     : Starting a blocking GC Explicit
08-03 19:59:46.938 14871 15130 I art     : Explicit concurrent mark sweep GC freed 1343(78KB) AllocSpace objects, 1(20KB) LOS objects, 39% free, 24MB/40MB, paused 337us total 39.135ms
08-03 19:59:46.957 14871 15130 I art     : Starting a blocking GC Explicit
08-03 19:59:46.993 14871 15130 I art     : Explicit concurrent mark sweep GC freed 20(704B) AllocSpace objects, 0(0B) LOS objects, 39% free, 24MB/40MB, paused 343us total 36.313ms
08-03 19:59:47.011 14871 15130 I art     : Starting a blocking GC Explicit
08-03 19:59:47.048 14871 15130 I art     : Explicit concurrent mark sweep GC freed 3(96B) AllocSpace objects, 0(0B) LOS objects, 39% free, 24MB/40MB, paused 341us total 37.203ms
08-03 19:59:47.066 14871 15130 I art     : Starting a blocking GC Explicit
08-03 19:59:47.107 14871 15130 I art     : Explicit concurrent mark sweep GC freed 3(96B) AllocSpace objects, 0(0B) LOS objects, 39% free, 24MB/40MB, paused 374us total 41.549ms
08-03 19:59:47.125 14871 15130 I art     : Starting a blocking GC Explicit
08-03 19:59:47.165 14871 15130 I art     : Explicit concurrent mark sweep GC freed 3(96B) AllocSpace objects, 0(0B) LOS objects, 39% free, 24MB/40MB, paused 314us total 39.929ms
08-03 19:59:47.457 14871 14905 I art     : Starting a blocking GC Explicit
08-03 19:59:47.495 14871 14905 I art     : Explicit concurrent mark sweep GC freed 1343(78KB) AllocSpace objects, 1(20KB) LOS objects, 39% free, 24MB/40MB, paused 320us total 37.290ms
08-03 19:59:47.512 14871 14905 I art     : Starting a blocking GC Explicit
08-03 19:59:47.549 14871 14905 I art     : Explicit concurrent mark sweep GC freed 20(704B) AllocSpace objects, 0(0B) LOS objects, 39% free, 24MB/40MB, paused 334us total 36.771ms
08-03 19:59:47.566 14871 14905 I art     : Starting a blocking GC Explicit
08-03 19:59:47.607 14871 14905 I art     : Explicit concurrent mark sweep GC freed 3(96B) AllocSpace objects, 0(0B) LOS objects, 39% free, 24MB/40MB, paused 375us total 40.967ms
08-03 19:59:47.625 14871 14905 I art     : Starting a blocking GC Explicit
08-03 19:59:47.664 14871 14905 I art     : Explicit concurrent mark sweep GC freed 3(96B) AllocSpace objects, 0(0B) LOS objects, 39% free, 24MB/40MB, paused 305us total 38.894ms
08-03 19:59:47.682 14871 14905 I art     : Starting a blocking GC Explicit
08-03 19:59:47.723 14871 14905 I art     : Explicit concurrent mark sweep GC freed 3(96B) AllocSpace objects, 0(0B) LOS objects, 39% free, 24MB/40MB, paused 341us total 40.530ms
08-03 19:59:47.723 14871 14882 I art     : WaitForGcToComplete blocked for 41.012ms for cause HeapTrim
08-03 19:59:47.775 13866 13882 I PeriodicStatsRunner: PeriodicStatsRunner.call():175 call()
08-03 19:59:47.776 13866 13882 I PeriodicStatsRunner: PeriodicStatsRunner.call():179 No submit PeriodicStats since input started.
08-03 19:59:48.018 14871 14885 I art     : Starting a blocking GC Explicit
08-03 19:59:48.057 14871 14885 I art     : Explicit concurrent mark sweep GC freed 1347(78KB) AllocSpace objects, 1(20KB) LOS objects, 39% free, 24MB/40MB, paused 332us total 38.697ms
08-03 19:59:48.074 14871 14885 I art     : Starting a blocking GC Explicit
08-03 19:59:48.110 14871 14885 I art     : Explicit concurrent mark sweep GC freed 20(704B) AllocSpace objects, 0(0B) LOS objects, 39% free, 24MB/40MB, paused 349us total 35.695ms
08-03 19:59:48.127 14871 14885 I art     : Starting a blocking GC Explicit
08-03 19:59:48.166 14871 14885 I art     : Explicit concurrent mark sweep GC freed 3(96B) AllocSpace objects, 0(0B) LOS objects, 39% free, 24MB/40MB, paused 349us total 38.361ms
08-03 19:59:48.184 14871 14885 I art     : Starting a blocking GC Explicit
08-03 19:59:48.223 14871 14885 I art     : Explicit concurrent mark sweep GC freed 3(96B) AllocSpace objects, 0(0B) LOS objects, 39% free, 24MB/40MB, paused 337us total 38.876ms
08-03 19:59:48.241 14871 14885 I art     : Starting a blocking GC Explicit
08-03 19:59:48.279 14871 14885 I art     : Explicit concurrent mark sweep GC freed 3(96B) AllocSpace objects, 0(0B) LOS objects, 39% free, 24MB/40MB, paused 350us total 37.764ms
08-03 19:59:48.429 15567 15567 D AndroidRuntime: >>>>>> START com.android.internal.os.RuntimeInit uid 2000 <<<<<<
08-03 19:59:48.436 15567 15567 D AndroidRuntime: CheckJNI is OFF
08-03 19:59:48.480 15567 15567 D ICU     : No timezone override file found: /data/misc/zoneinfo/current/icu/icu_tzdata.dat
08-03 19:59:48.522 15567 15567 I Radio-JNI: register_android_hardware_Radio DONE
08-03 19:59:48.551 15567 15567 D AndroidRuntime: Calling main entry com.android.commands.input.Input
08-03 19:59:48.553 15567 15567 I Input   : injectMotionEvent: MotionEvent { action=ACTION_DOWN, actionButton=0, id[0]=0, x[0]=600.0, y[0]=700.0, toolType[0]=TOOL_TYPE_UNKNOWN, buttonState=0, metaState=0, flags=0x0, edgeFlags=0x0, pointerCount=1, historySize=0, eventTime=648004965, downTime=648004965, deviceId=0, source=0x1002 }
08-03 19:59:48.558 15567 15567 I Input   : injectMotionEvent: MotionEvent { action=ACTION_UP, actionButton=0, id[0]=0, x[0]=600.0, y[0]=700.0, toolType[0]=TOOL_TYPE_UNKNOWN, buttonState=0, metaState=0, flags=0x0, edgeFlags=0x0, pointerCount=1, historySize=0, eventTime=648004965, downTime=648004965, deviceId=0, source=0x1002 }
08-03 19:59:48.560 14871 14871 I RRChoreographer: Using modern Choreographer
08-03 19:59:48.561 15567 15567 D AndroidRuntime: Shutting down VM
08-03 19:59:48.580   512  2967 D audio_hw_primary: out_set_parameters: enter: usecase(1: low-latency-playback) kvpairs: routing=2
08-03 19:59:48.588   918  6111 I ActivityManager: START u0 {dat=https://oauth.reddit.com/... cmp=baseline.org.quantumbadger.redreader/.activities.CommentListingActivity} from uid 10634 on display 0
08-03 19:59:48.594   512  2967 D audio_hw_primary: select_devices: out_snd_device(2: speaker) in_snd_device(0: none)
08-03 19:59:48.594   512  2967 D msm8974_platform: platform_send_audio_calibration: sending audio calibration for snd_device(2) acdb_id(15)
08-03 19:59:48.594   512  2967 I soundtrigger: audio_extn_sound_trigger_update_device_status: device 0x2 of type 0 for Event 1
08-03 19:59:48.605   512  2967 D audio_hw_primary: enable_snd_device: snd_device(2: speaker)
08-03 19:59:48.607   512  2967 D audio_hw_primary: enable_audio_route: apply and update mixer path: low-latency-playback speaker
08-03 19:59:48.611 14871 14884 I art     : Starting a blocking GC Explicit
08-03 19:59:48.623 14871 14871 I AppCompatViewInflater: app:theme is now deprecated. Please move to using android:theme instead.
08-03 19:59:48.649 14871 14884 I art     : Explicit concurrent mark sweep GC freed 3297(203KB) AllocSpace objects, 1(20KB) LOS objects, 39% free, 24MB/40MB, paused 933us total 37.692ms
08-03 19:59:48.649 14871 15601 D OK      : calling: https://oauth.reddit.com/comments/gvc7k9/.json?sort=confidence
08-03 19:59:48.666 14871 14884 I art     : Starting a blocking GC Explicit
08-03 19:59:48.699 14871 14884 I art     : Explicit concurrent mark sweep GC freed 525(54KB) AllocSpace objects, 0(0B) LOS objects, 39% free, 24MB/40MB, paused 434us total 33.358ms
08-03 19:59:48.717 14871 14884 I art     : Starting a blocking GC Explicit
08-03 19:59:48.737   918   936 I ActivityManager: Displayed baseline.org.quantumbadger.redreader/.activities.CommentListingActivity: +137ms
08-03 19:59:48.738 13866 13866 I GoogleInputMethodServic: GoogleInputMethodService.onFinishInput():3138 
08-03 19:59:48.739 13866 13866 I GoogleInputMethodServic: GoogleInputMethodService.onStartInput():1808 
08-03 19:59:48.754 14871 14884 I art     : Explicit concurrent mark sweep GC freed 694(25KB) AllocSpace objects, 0(0B) LOS objects, 39% free, 24MB/40MB, paused 460us total 37.329ms
08-03 19:59:48.772 14871 14884 I art     : Starting a blocking GC Explicit
08-03 19:59:48.805 14871 14884 I art     : Explicit concurrent mark sweep GC freed 145(8KB) AllocSpace objects, 0(0B) LOS objects, 39% free, 24MB/40MB, paused 369us total 32.603ms
08-03 19:59:48.823 14871 14884 I art     : Starting a blocking GC Explicit
08-03 19:59:48.854 14871 15601 I NAPPA_EXPERIMENTATION: MetricNetworkRequestExecutionTime: REQUEST_DURATION_SYSTEM='205',REQUEST_DURATION_OKHTTP='201',REQUEST_SYNCHRONOUS='TRUE',RESPONSE_CODE='200',RESPONSE_METHOD='GET',RESPONSE_LENGTH_OKHTTP='-1',RESPONSE_LENGTH_HEADER='90132',REQUEST_PROTOCOL='h2',REQUEST_URL='https://oauth.reddit.com/comments/gvc7k9/.json?sort=confidence',
08-03 19:59:48.854 14871 15601 D OK      : request got status: 200
08-03 19:59:48.857 14871 14884 I art     : Explicit concurrent mark sweep GC freed 366(30KB) AllocSpace objects, 0(0B) LOS objects, 39% free, 24MB/40MB, paused 379us total 33.939ms
08-03 19:59:48.877 14871 15500 I CommentListingActivity: COMMENTS session changed to 6e96777f-8807-4157-af90-1ad276439671
08-03 19:59:48.991   380   380 W SurfaceFlinger: couldn't log to binary event log: overflow.
08-03 19:59:49.133 14871 14905 I art     : Starting a blocking GC Explicit
08-03 19:59:49.149   512  2967 D audio_hw_primary: disable_audio_route: reset and update mixer path: low-latency-playback speaker
08-03 19:59:49.151   512  2967 D audio_hw_primary: disable_snd_device: snd_device(2: speaker)
08-03 19:59:49.159   512  2967 I soundtrigger: audio_extn_sound_trigger_update_device_status: device 0x2 of type 0 for Event 0
08-03 19:59:49.199 14871 14905 I art     : Explicit concurrent mark sweep GC freed 42531(2MB) AllocSpace objects, 5(140KB) LOS objects, 35% free, 28MB/44MB, paused 631us total 65.853ms
08-03 19:59:49.220 14871 14905 I art     : Starting a blocking GC Explicit
08-03 19:59:49.272 14871 14905 I art     : Explicit concurrent mark sweep GC freed 20445(985KB) AllocSpace objects, 1(68KB) LOS objects, 36% free, 27MB/43MB, paused 348us total 51.526ms
08-03 19:59:49.292 14871 14905 I art     : Starting a blocking GC Explicit
08-03 19:59:49.340 14871 14905 I art     : Explicit concurrent mark sweep GC freed 20(848B) AllocSpace objects, 0(0B) LOS objects, 36% free, 27MB/43MB, paused 329us total 48.152ms
08-03 19:59:49.360 14871 14905 I art     : Starting a blocking GC Explicit
08-03 19:59:49.413 14871 14905 I art     : Explicit concurrent mark sweep GC freed 3(96B) AllocSpace objects, 0(0B) LOS objects, 36% free, 27MB/43MB, paused 317us total 52.548ms
08-03 19:59:49.434 14871 14905 I art     : Starting a blocking GC Explicit
08-03 19:59:49.487 14871 14905 I art     : Explicit concurrent mark sweep GC freed 3(96B) AllocSpace objects, 0(0B) LOS objects, 36% free, 27MB/43MB, paused 337us total 53.086ms
08-03 19:59:49.794 14871 14885 I art     : Starting a blocking GC Explicit
08-03 19:59:49.847 14871 14885 I art     : Explicit concurrent mark sweep GC freed 1343(78KB) AllocSpace objects, 1(20KB) LOS objects, 36% free, 27MB/43MB, paused 337us total 52.858ms
08-03 19:59:49.867 14871 14885 I art     : Starting a blocking GC Explicit
08-03 19:59:49.921 14871 14885 I art     : Explicit concurrent mark sweep GC freed 66(2528B) AllocSpace objects, 0(0B) LOS objects, 36% free, 27MB/43MB, paused 345us total 53.571ms
08-03 19:59:49.941 14871 14885 I art     : Starting a blocking GC Explicit
08-03 19:59:49.997 14871 14885 I art     : Explicit concurrent mark sweep GC freed 3(96B) AllocSpace objects, 0(0B) LOS objects, 36% free, 27MB/43MB, paused 374us total 55.908ms
08-03 19:59:50.021 14871 14885 I art     : Starting a blocking GC Explicit
08-03 19:59:50.074 14871 14885 I art     : Explicit concurrent mark sweep GC freed 3(96B) AllocSpace objects, 0(0B) LOS objects, 36% free, 27MB/43MB, paused 352us total 52.789ms
08-03 19:59:50.094 14871 14885 I art     : Starting a blocking GC Explicit
08-03 19:59:50.148 14871 14885 I art     : Explicit concurrent mark sweep GC freed 3(96B) AllocSpace objects, 0(0B) LOS objects, 36% free, 27MB/43MB, paused 382us total 53.064ms
08-03 19:59:50.439   918  3261 D WifiStateMachine: starting scan for "H369AA63323"WPA_PSK with 2412,5180
08-03 19:59:50.483 14871 14905 I art     : Starting a blocking GC Explicit
08-03 19:59:50.539 14871 14905 I art     : Explicit concurrent mark sweep GC freed 1343(78KB) AllocSpace objects, 1(20KB) LOS objects, 36% free, 27MB/43MB, paused 350us total 54.991ms
08-03 19:59:50.559 14871 14905 I art     : Starting a blocking GC Explicit
08-03 19:59:50.613 14871 14905 I art     : Explicit concurrent mark sweep GC freed 20(704B) AllocSpace objects, 0(0B) LOS objects, 36% free, 27MB/43MB, paused 351us total 53.601ms
08-03 19:59:50.633 14871 14905 I art     : Starting a blocking GC Explicit
08-03 19:59:50.696 14871 14905 I art     : Explicit concurrent mark sweep GC freed 3(96B) AllocSpace objects, 0(0B) LOS objects, 36% free, 27MB/43MB, paused 389us total 62.655ms
08-03 19:59:50.719 14871 14905 I art     : Starting a blocking GC Explicit
08-03 19:59:50.779 14871 14905 I art     : Explicit concurrent mark sweep GC freed 3(96B) AllocSpace objects, 0(0B) LOS objects, 36% free, 27MB/43MB, paused 327us total 59.620ms
08-03 19:59:50.799 14871 14905 I art     : Starting a blocking GC Explicit
08-03 19:59:50.862 14871 14905 I art     : Explicit concurrent mark sweep GC freed 3(96B) AllocSpace objects, 0(0B) LOS objects, 36% free, 27MB/43MB, paused 381us total 62.521ms
08-03 19:59:51.186 14871 15130 I art     : Starting a blocking GC Explicit
08-03 19:59:51.240 14871 15130 I art     : Explicit concurrent mark sweep GC freed 1343(78KB) AllocSpace objects, 1(20KB) LOS objects, 36% free, 27MB/43MB, paused 352us total 53.635ms
08-03 19:59:51.260 14871 15130 I art     : Starting a blocking GC Explicit
08-03 19:59:51.320 14871 15130 I art     : Explicit concurrent mark sweep GC freed 20(704B) AllocSpace objects, 0(0B) LOS objects, 36% free, 27MB/43MB, paused 374us total 59.693ms
08-03 19:59:51.344 14871 15130 I art     : Starting a blocking GC Explicit
08-03 19:59:51.403 14871 15130 I art     : Explicit concurrent mark sweep GC freed 3(96B) AllocSpace objects, 0(0B) LOS objects, 36% free, 27MB/43MB, paused 362us total 58.788ms
08-03 19:59:51.423 14871 15130 I art     : Starting a blocking GC Explicit
08-03 19:59:51.481 14871 15130 I art     : Explicit concurrent mark sweep GC freed 3(96B) AllocSpace objects, 0(0B) LOS objects, 36% free, 27MB/43MB, paused 370us total 57.120ms
08-03 19:59:51.501 14871 15130 I art     : Starting a blocking GC Explicit
08-03 19:59:51.565 14871 15130 I art     : Explicit concurrent mark sweep GC freed 3(96B) AllocSpace objects, 0(0B) LOS objects, 36% free, 27MB/43MB, paused 377us total 62.918ms
08-03 19:59:51.909 14871 15130 I art     : Starting a blocking GC Explicit
08-03 19:59:51.975 14871 15130 I art     : Explicit concurrent mark sweep GC freed 1343(78KB) AllocSpace objects, 1(20KB) LOS objects, 36% free, 27MB/43MB, paused 384us total 66.118ms
08-03 19:59:51.999 14871 15130 I art     : Starting a blocking GC Explicit
08-03 19:59:52.061 14871 15130 I art     : Explicit concurrent mark sweep GC freed 29(1040B) AllocSpace objects, 0(0B) LOS objects, 36% free, 27MB/43MB, paused 380us total 61.298ms
08-03 19:59:52.085 14871 15130 I art     : Starting a blocking GC Explicit
08-03 19:59:52.144 14871 15130 I art     : Explicit concurrent mark sweep GC freed 3(96B) AllocSpace objects, 0(0B) LOS objects, 36% free, 27MB/43MB, paused 365us total 58.416ms
08-03 19:59:52.164 14871 15130 I art     : Starting a blocking GC Explicit
08-03 19:59:52.227 14871 15130 I art     : Explicit concurrent mark sweep GC freed 3(96B) AllocSpace objects, 0(0B) LOS objects, 36% free, 27MB/43MB, paused 382us total 62.387ms
08-03 19:59:52.250 14871 15130 I art     : Starting a blocking GC Explicit
08-03 19:59:52.310 14871 15130 I art     : Explicit concurrent mark sweep GC freed 3(96B) AllocSpace objects, 0(0B) LOS objects, 36% free, 27MB/43MB, paused 361us total 59.961ms
08-03 19:59:52.558   918  3188 I hubconnection: sensorhub said: 'set_bias 3: -6.2016, 0.0000, 0.0000'
08-03 19:59:52.637 14871 14885 I art     : Starting a blocking GC Explicit
08-03 19:59:52.713 14871 14885 I art     : Explicit concurrent mark sweep GC freed 1344(79KB) AllocSpace objects, 1(20KB) LOS objects, 36% free, 27MB/43MB, paused 371us total 76.182ms
08-03 19:59:52.736 14871 14885 I art     : Starting a blocking GC Explicit
08-03 19:59:52.795 14871 14885 I art     : Explicit concurrent mark sweep GC freed 20(704B) AllocSpace objects, 0(0B) LOS objects, 36% free, 27MB/43MB, paused 351us total 59.043ms
08-03 19:59:52.816 14871 14885 I art     : Starting a blocking GC Explicit
08-03 19:59:52.868 14871 14885 I art     : Explicit concurrent mark sweep GC freed 3(96B) AllocSpace objects, 0(0B) LOS objects, 36% free, 27MB/43MB, paused 364us total 51.693ms
08-03 19:59:52.887 14871 14885 I art     : Starting a blocking GC Explicit
08-03 19:59:52.939 14871 14885 I art     : Explicit concurrent mark sweep GC freed 3(96B) AllocSpace objects, 0(0B) LOS objects, 36% free, 27MB/43MB, paused 339us total 51.006ms
08-03 19:59:52.958 14871 14885 I art     : Starting a blocking GC Explicit
08-03 19:59:53.010 14871 14885 I art     : Explicit concurrent mark sweep GC freed 3(96B) AllocSpace objects, 0(0B) LOS objects, 36% free, 27MB/43MB, paused 351us total 51.923ms
08-03 19:59:53.319 14871 14884 I art     : Starting a blocking GC Explicit
08-03 19:59:53.376 15665 15665 D AndroidRuntime: >>>>>> START com.android.internal.os.RuntimeInit uid 2000 <<<<<<
08-03 19:59:53.376 14871 14884 I art     : Explicit concurrent mark sweep GC freed 1347(79KB) AllocSpace objects, 1(20KB) LOS objects, 36% free, 27MB/43MB, paused 389us total 57.471ms
08-03 19:59:53.382 15665 15665 D AndroidRuntime: CheckJNI is OFF
08-03 19:59:53.397 14871 14884 I art     : Starting a blocking GC Explicit
08-03 19:59:53.427 15665 15665 D ICU     : No timezone override file found: /data/misc/zoneinfo/current/icu/icu_tzdata.dat
08-03 19:59:53.451 14871 14884 I art     : Explicit concurrent mark sweep GC freed 20(704B) AllocSpace objects, 0(0B) LOS objects, 36% free, 27MB/43MB, paused 373us total 53.734ms
08-03 19:59:53.471 14871 14884 I art     : Starting a blocking GC Explicit
08-03 19:59:53.475 15665 15665 I Radio-JNI: register_android_hardware_Radio DONE
08-03 19:59:53.505 15665 15665 D AndroidRuntime: Calling main entry com.android.commands.input.Input
08-03 19:59:53.507 15665 15665 I Input   : injectKeyEvent: KeyEvent { action=ACTION_DOWN, keyCode=KEYCODE_BACK, scanCode=0, metaState=0, flags=0x0, repeatCount=0, eventTime=648009920, downTime=648009920, deviceId=-1, source=0x101 }
08-03 19:59:53.513 15665 15665 I Input   : injectKeyEvent: KeyEvent { action=ACTION_UP, keyCode=KEYCODE_BACK, scanCode=0, metaState=0, flags=0x0, repeatCount=0, eventTime=648009920, downTime=648009920, deviceId=-1, source=0x101 }
08-03 19:59:53.521 15665 15665 D AndroidRuntime: Shutting down VM
08-03 19:59:53.526 14871 14884 I art     : Explicit concurrent mark sweep GC freed 14(496B) AllocSpace objects, 0(0B) LOS objects, 36% free, 27MB/43MB, paused 373us total 54.253ms
08-03 19:59:53.547 14871 14884 I art     : Starting a blocking GC Explicit
08-03 19:59:53.558 13866 13866 I GoogleInputMethodServic: GoogleInputMethodService.onFinishInput():3138 
08-03 19:59:53.558 13866 13866 I GoogleInputMethodServic: GoogleInputMethodService.onStartInput():1808 
08-03 19:59:53.594 14871 14884 I art     : Explicit concurrent mark sweep GC freed 221(7KB) AllocSpace objects, 0(0B) LOS objects, 36% free, 27MB/43MB, paused 384us total 46.091ms
08-03 19:59:53.601 14871 15600 I RedditChangeDataIO: Writing tmp data file at '/data/user/0/baseline.org.quantumbadger.redreader/files/rr_change_data_tmp.dat'
08-03 19:59:53.603 14871 15600 I RedditChangeDataManager: Taking snapshot...
08-03 19:59:53.603 14871 15600 I RedditChangeDataManager: Writing to stream...
08-03 19:59:53.603 14871 15600 I RedditChangeDataManager: Wrote 1 entries for user ''
08-03 19:59:53.603 14871 15600 I RedditChangeDataManager: All entries written to stream.
08-03 19:59:53.603 14871 15600 I RedditChangeDataIO: Write successful. Atomically replacing data file...
08-03 19:59:53.604 14871 15600 I RedditChangeDataIO: Write complete.
08-03 19:59:53.604 14871 15600 I RedditChangeDataIO: 38 bytes written in 3 ms
08-03 19:59:53.613 14871 14884 I art     : Starting a blocking GC Explicit
08-03 19:59:53.659 14871 14884 I art     : Explicit concurrent mark sweep GC freed 109(6KB) AllocSpace objects, 1(68KB) LOS objects, 36% free, 27MB/43MB, paused 319us total 45.812ms
08-03 19:59:53.740 13866 13882 I PeriodicStatsRunner: PeriodicStatsRunner.call():175 call()
08-03 19:59:53.740 13866 13882 I PeriodicStatsRunner: PeriodicStatsRunner.call():179 No submit PeriodicStats since input started.
08-03 19:59:53.862   380   380 W SurfaceFlinger: couldn't log to binary event log: overflow.
08-03 19:59:53.947 14871 14905 I art     : Starting a blocking GC Explicit
08-03 19:59:54.000 14871 14905 I art     : Explicit concurrent mark sweep GC freed 1413(81KB) AllocSpace objects, 1(20KB) LOS objects, 36% free, 27MB/43MB, paused 346us total 52.722ms
08-03 19:59:54.020 14871 14905 I art     : Starting a blocking GC Explicit
08-03 19:59:54.063 14871 14905 I art     : Explicit concurrent mark sweep GC freed 46778(2MB) AllocSpace objects, 5(140KB) LOS objects, 39% free, 24MB/40MB, paused 355us total 42.937ms
08-03 19:59:54.080 14871 14905 I art     : Starting a blocking GC Explicit
08-03 19:59:54.117 14871 14905 I art     : Explicit concurrent mark sweep GC freed 3(96B) AllocSpace objects, 0(0B) LOS objects, 39% free, 24MB/40MB, paused 388us total 36.798ms
08-03 19:59:54.134 14871 14905 I art     : Starting a blocking GC Explicit
08-03 19:59:54.172 14871 14905 I art     : Explicit concurrent mark sweep GC freed 30(1504B) AllocSpace objects, 0(0B) LOS objects, 39% free, 24MB/40MB, paused 305us total 37.264ms
08-03 19:59:54.189 14871 14905 I art     : Starting a blocking GC Explicit
08-03 19:59:54.226 14871 14905 I art     : Explicit concurrent mark sweep GC freed 247(41KB) AllocSpace objects, 0(0B) LOS objects, 39% free, 24MB/40MB, paused 296us total 37.145ms
08-03 19:59:54.522 14871 14884 I art     : Starting a blocking GC Explicit
08-03 19:59:54.567 14871 14884 I art     : Explicit concurrent mark sweep GC freed 1408(80KB) AllocSpace objects, 1(20KB) LOS objects, 39% free, 24MB/40MB, paused 323us total 44.870ms
08-03 19:59:54.589 14871 14884 I art     : Starting a blocking GC Explicit
08-03 19:59:54.626 14871 14884 I art     : Explicit concurrent mark sweep GC freed 20(704B) AllocSpace objects, 0(0B) LOS objects, 39% free, 24MB/40MB, paused 306us total 37.243ms
08-03 19:59:54.644 14871 14884 I art     : Starting a blocking GC Explicit
08-03 19:59:54.681 14871 14884 I art     : Explicit concurrent mark sweep GC freed 3(96B) AllocSpace objects, 0(0B) LOS objects, 39% free, 24MB/40MB, paused 309us total 37.521ms
08-03 19:59:54.699 14871 14884 I art     : Starting a blocking GC Explicit
08-03 19:59:54.736 14871 14884 I art     : Explicit concurrent mark sweep GC freed 3(96B) AllocSpace objects, 0(0B) LOS objects, 39% free, 24MB/40MB, paused 304us total 37.462ms
08-03 19:59:54.754 14871 14884 I art     : Starting a blocking GC Explicit
08-03 19:59:54.790 14871 14884 I art     : Explicit concurrent mark sweep GC freed 3(96B) AllocSpace objects, 0(0B) LOS objects, 39% free, 24MB/40MB, paused 314us total 35.885ms
08-03 19:59:55.076 14871 15130 I art     : Starting a blocking GC Explicit
08-03 19:59:55.118 14871 15130 I art     : Explicit concurrent mark sweep GC freed 1343(78KB) AllocSpace objects, 1(20KB) LOS objects, 39% free, 24MB/40MB, paused 486us total 41.312ms
08-03 19:59:55.137 14871 15130 I art     : Starting a blocking GC Explicit
08-03 19:59:55.174 14871 15130 I art     : Explicit concurrent mark sweep GC freed 20(704B) AllocSpace objects, 0(0B) LOS objects, 39% free, 24MB/40MB, paused 303us total 37.148ms
08-03 19:59:55.191 14871 15130 I art     : Starting a blocking GC Explicit
08-03 19:59:55.231 14871 15130 I art     : Explicit concurrent mark sweep GC freed 3(96B) AllocSpace objects, 0(0B) LOS objects, 39% free, 24MB/40MB, paused 314us total 38.901ms
08-03 19:59:55.248 14871 15130 I art     : Starting a blocking GC Explicit
08-03 19:59:55.286 14871 15130 I art     : Explicit concurrent mark sweep GC freed 3(96B) AllocSpace objects, 0(0B) LOS objects, 39% free, 24MB/40MB, paused 318us total 38.109ms
08-03 19:59:55.303 14871 15130 I art     : Starting a blocking GC Explicit
08-03 19:59:55.310 15708 15708 D AndroidRuntime: >>>>>> START com.android.internal.os.RuntimeInit uid 2000 <<<<<<
08-03 19:59:55.316 15708 15708 D AndroidRuntime: CheckJNI is OFF
08-03 19:59:55.342 14871 15130 I art     : Explicit concurrent mark sweep GC freed 3(96B) AllocSpace objects, 0(0B) LOS objects, 39% free, 24MB/40MB, paused 310us total 38.076ms
08-03 19:59:55.364 15708 15708 D ICU     : No timezone override file found: /data/misc/zoneinfo/current/icu/icu_tzdata.dat
08-03 19:59:55.409 15708 15708 I Radio-JNI: register_android_hardware_Radio DONE
08-03 19:59:55.438 15708 15708 D AndroidRuntime: Calling main entry com.android.commands.input.Input
08-03 19:59:55.441 15708 15708 I Input   : injectMotionEvent: MotionEvent { action=ACTION_DOWN, actionButton=0, id[0]=0, x[0]=600.0, y[0]=950.0, toolType[0]=TOOL_TYPE_UNKNOWN, buttonState=0, metaState=0, flags=0x0, edgeFlags=0x0, pointerCount=1, historySize=0, eventTime=648011853, downTime=648011853, deviceId=0, source=0x1002 }
08-03 19:59:55.447 15708 15708 I Input   : injectMotionEvent: MotionEvent { action=ACTION_UP, actionButton=0, id[0]=0, x[0]=600.0, y[0]=950.0, toolType[0]=TOOL_TYPE_UNKNOWN, buttonState=0, metaState=0, flags=0x0, edgeFlags=0x0, pointerCount=1, historySize=0, eventTime=648011853, downTime=648011853, deviceId=0, source=0x1002 }
08-03 19:59:55.452 15708 15708 D AndroidRuntime: Shutting down VM
08-03 19:59:55.467   512  2967 D audio_hw_primary: out_set_parameters: enter: usecase(1: low-latency-playback) kvpairs: routing=2
08-03 19:59:55.471   918   928 I ActivityManager: START u0 {dat=https://oauth.reddit.com/... cmp=baseline.org.quantumbadger.redreader/.activities.CommentListingActivity} from uid 10634 on display 0
08-03 19:59:55.483   512  2967 D audio_hw_primary: select_devices: out_snd_device(2: speaker) in_snd_device(0: none)
08-03 19:59:55.483   512  2967 D msm8974_platform: platform_send_audio_calibration: sending audio calibration for snd_device(2) acdb_id(15)
08-03 19:59:55.484   512  2967 I soundtrigger: audio_extn_sound_trigger_update_device_status: device 0x2 of type 0 for Event 1
08-03 19:59:55.497   512  2967 D audio_hw_primary: enable_snd_device: snd_device(2: speaker)
08-03 19:59:55.499   512  2967 D audio_hw_primary: enable_audio_route: apply and update mixer path: low-latency-playback speaker
08-03 19:59:55.505 14871 14871 I AppCompatViewInflater: app:theme is now deprecated. Please move to using android:theme instead.
08-03 19:59:55.527 14871 15740 D OK      : calling: https://oauth.reddit.com/comments/hwnhe2/.json?sort=confidence
08-03 19:59:55.594   918   936 I ActivityManager: Displayed baseline.org.quantumbadger.redreader/.activities.CommentListingActivity: +106ms
08-03 19:59:55.594 13866 13866 I GoogleInputMethodServic: GoogleInputMethodService.onFinishInput():3138 
08-03 19:59:55.595 13866 13866 I GoogleInputMethodServic: GoogleInputMethodService.onStartInput():1808 
08-03 19:59:55.632 14871 14905 I art     : Starting a blocking GC Explicit
08-03 19:59:55.667 14871 14905 I art     : Explicit concurrent mark sweep GC freed 5967(292KB) AllocSpace objects, 1(20KB) LOS objects, 38% free, 25MB/41MB, paused 514us total 34.286ms
08-03 19:59:55.684 14871 14905 I art     : Starting a blocking GC Explicit
08-03 19:59:55.717 14871 14905 I art     : Explicit concurrent mark sweep GC freed 639(29KB) AllocSpace objects, 0(0B) LOS objects, 38% free, 25MB/41MB, paused 344us total 32.770ms
08-03 19:59:55.733 14871 14905 I art     : Starting a blocking GC Explicit
08-03 19:59:55.744   918   930 I UsageStatsService: User[0] Flushing usage stats to disk
08-03 19:59:55.766 14871 14905 I art     : Explicit concurrent mark sweep GC freed 33(1520B) AllocSpace objects, 0(0B) LOS objects, 38% free, 25MB/41MB, paused 356us total 32.897ms
08-03 19:59:55.782 14871 14905 I art     : Starting a blocking GC Explicit
08-03 19:59:55.814 14871 14905 I art     : Explicit concurrent mark sweep GC freed 3(96B) AllocSpace objects, 0(0B) LOS objects, 38% free, 25MB/41MB, paused 340us total 32.067ms
08-03 19:59:55.821 14871 15740 I NAPPA_EXPERIMENTATION: MetricNetworkRequestExecutionTime: REQUEST_DURATION_SYSTEM='294',REQUEST_DURATION_OKHTTP='149',REQUEST_SYNCHRONOUS='TRUE',RESPONSE_CODE='200',RESPONSE_METHOD='GET',RESPONSE_LENGTH_OKHTTP='-1',RESPONSE_LENGTH_HEADER='3930',REQUEST_PROTOCOL='h2',REQUEST_URL='https://oauth.reddit.com/comments/hwnhe2/.json?sort=confidence',
08-03 19:59:55.821 14871 15740 D OK      : request got status: 200
08-03 19:59:55.826 14871 15500 I CommentListingActivity: COMMENTS session changed to ced835af-ae28-4a4f-ae1f-d1fb5652adc6
08-03 19:59:55.831 14871 14905 I art     : Starting a blocking GC Explicit
08-03 19:59:55.849   380   380 W SurfaceFlinger: couldn't log to binary event log: overflow.
08-03 19:59:55.866 14871 14905 I art     : Explicit concurrent mark sweep GC freed 3313(308KB) AllocSpace objects, 2(32KB) LOS objects, 38% free, 25MB/41MB, paused 562us total 35.139ms
08-03 19:59:56.039   512  2967 D audio_hw_primary: disable_audio_route: reset and update mixer path: low-latency-playback speaker
08-03 19:59:56.040   512  2967 D audio_hw_primary: disable_snd_device: snd_device(2: speaker)
08-03 19:59:56.048   512  2967 I soundtrigger: audio_extn_sound_trigger_update_device_status: device 0x2 of type 0 for Event 0
08-03 19:59:56.149 14871 14884 I art     : Starting a blocking GC Explicit
08-03 19:59:56.187 14871 14884 I art     : Explicit concurrent mark sweep GC freed 2791(171KB) AllocSpace objects, 3(156KB) LOS objects, 38% free, 25MB/41MB, paused 309us total 38.196ms
08-03 19:59:56.204 14871 14884 I art     : Starting a blocking GC Explicit
08-03 19:59:56.239 14871 14884 I art     : Explicit concurrent mark sweep GC freed 48(2064B) AllocSpace objects, 0(0B) LOS objects, 38% free, 25MB/41MB, paused 361us total 34.761ms
08-03 19:59:56.256 14871 14884 I art     : Starting a blocking GC Explicit
08-03 19:59:56.294 14871 14884 I art     : Explicit concurrent mark sweep GC freed 3(96B) AllocSpace objects, 0(0B) LOS objects, 38% free, 25MB/41MB, paused 336us total 37.403ms
08-03 19:59:56.312 14871 14884 I art     : Starting a blocking GC Explicit
08-03 19:59:56.350 14871 14884 I art     : Explicit concurrent mark sweep GC freed 3(96B) AllocSpace objects, 0(0B) LOS objects, 38% free, 25MB/41MB, paused 651us total 38.297ms
08-03 19:59:56.368 14871 14884 I art     : Starting a blocking GC Explicit
08-03 19:59:56.406 14871 14884 I art     : Explicit concurrent mark sweep GC freed 3(96B) AllocSpace objects, 0(0B) LOS objects, 38% free, 25MB/41MB, paused 309us total 37.515ms
08-03 19:59:56.691 14871 14905 I art     : Starting a blocking GC Explicit
08-03 19:59:56.737 14871 14905 I art     : Explicit concurrent mark sweep GC freed 1343(79KB) AllocSpace objects, 1(20KB) LOS objects, 38% free, 25MB/41MB, paused 370us total 45.619ms
08-03 19:59:56.756 14871 14905 I art     : Starting a blocking GC Explicit
08-03 19:59:56.795 14871 14905 I art     : Explicit concurrent mark sweep GC freed 66(2528B) AllocSpace objects, 0(0B) LOS objects, 38% free, 25MB/41MB, paused 351us total 39.167ms
08-03 19:59:56.813 14871 14905 I art     : Starting a blocking GC Explicit
08-03 19:59:56.853 14871 14905 I art     : Explicit concurrent mark sweep GC freed 3(96B) AllocSpace objects, 0(0B) LOS objects, 38% free, 25MB/41MB, paused 376us total 39.572ms
08-03 19:59:56.870 14871 14905 I art     : Starting a blocking GC Explicit
08-03 19:59:56.909 14871 14905 I art     : Explicit concurrent mark sweep GC freed 3(96B) AllocSpace objects, 0(0B) LOS objects, 38% free, 25MB/41MB, paused 338us total 38.713ms
08-03 19:59:56.927 14871 14905 I art     : Starting a blocking GC Explicit
08-03 19:59:56.966 14871 14905 I art     : Explicit concurrent mark sweep GC freed 3(96B) AllocSpace objects, 0(0B) LOS objects, 38% free, 25MB/41MB, paused 344us total 39.429ms
08-03 19:59:57.312 14871 14885 I art     : Starting a blocking GC Explicit
08-03 19:59:57.366 14871 14885 I art     : Explicit concurrent mark sweep GC freed 1343(79KB) AllocSpace objects, 1(20KB) LOS objects, 38% free, 25MB/41MB, paused 345us total 53.859ms
08-03 19:59:57.388 14871 14885 I art     : Starting a blocking GC Explicit
08-03 19:59:57.430 14871 14885 I art     : Explicit concurrent mark sweep GC freed 20(704B) AllocSpace objects, 0(0B) LOS objects, 38% free, 25MB/41MB, paused 351us total 41.869ms
08-03 19:59:57.448 14871 14885 I art     : Starting a blocking GC Explicit
08-03 19:59:57.493 14871 14885 I art     : Explicit concurrent mark sweep GC freed 3(96B) AllocSpace objects, 0(0B) LOS objects, 38% free, 25MB/41MB, paused 331us total 44.034ms
08-03 19:59:57.510 14871 14885 I art     : Starting a blocking GC Explicit
08-03 19:59:57.553 14871 14885 I art     : Explicit concurrent mark sweep GC freed 3(96B) AllocSpace objects, 0(0B) LOS objects, 38% free, 25MB/41MB, paused 396us total 42.678ms
08-03 19:59:57.571 14871 14885 I art     : Starting a blocking GC Explicit
08-03 19:59:57.615 14871 14885 I art     : Explicit concurrent mark sweep GC freed 3(96B) AllocSpace objects, 0(0B) LOS objects, 38% free, 25MB/41MB, paused 353us total 43.687ms
08-03 19:59:57.952 14871 14884 I art     : Starting a blocking GC Explicit
08-03 19:59:58.010 14871 14884 I art     : Explicit concurrent mark sweep GC freed 1343(79KB) AllocSpace objects, 1(20KB) LOS objects, 38% free, 25MB/41MB, paused 382us total 58.011ms
08-03 19:59:58.033 14871 14884 I art     : Starting a blocking GC Explicit
08-03 19:59:58.077 14871 14884 I art     : Explicit concurrent mark sweep GC freed 20(704B) AllocSpace objects, 0(0B) LOS objects, 38% free, 25MB/41MB, paused 363us total 43.890ms
08-03 19:59:58.095 14871 14884 I art     : Starting a blocking GC Explicit
08-03 19:59:58.138 14871 14884 I art     : Explicit concurrent mark sweep GC freed 3(96B) AllocSpace objects, 0(0B) LOS objects, 38% free, 25MB/41MB, paused 337us total 42.685ms
08-03 19:59:58.156 14871 14884 I art     : Starting a blocking GC Explicit
08-03 19:59:58.200 14871 14884 I art     : Explicit concurrent mark sweep GC freed 3(96B) AllocSpace objects, 0(0B) LOS objects, 38% free, 25MB/41MB, paused 346us total 43.523ms
08-03 19:59:58.217 14871 14884 I art     : Starting a blocking GC Explicit
08-03 19:59:58.260 14871 14884 I art     : Explicit concurrent mark sweep GC freed 3(96B) AllocSpace objects, 0(0B) LOS objects, 38% free, 25MB/41MB, paused 316us total 42.520ms
08-03 19:59:58.558 13866 13882 I PeriodicStatsRunner: PeriodicStatsRunner.call():175 call()
08-03 19:59:58.559 13866 13882 I PeriodicStatsRunner: PeriodicStatsRunner.call():179 No submit PeriodicStats since input started.
08-03 19:59:58.597 14871 15130 I art     : Starting a blocking GC Explicit
08-03 19:59:58.654 14871 15130 I art     : Explicit concurrent mark sweep GC freed 1343(79KB) AllocSpace objects, 1(20KB) LOS objects, 38% free, 25MB/41MB, paused 383us total 56.291ms
08-03 19:59:58.672 14871 15130 I art     : Starting a blocking GC Explicit
08-03 19:59:58.714 14871 15130 I art     : Explicit concurrent mark sweep GC freed 20(704B) AllocSpace objects, 0(0B) LOS objects, 38% free, 25MB/41MB, paused 342us total 41.290ms
08-03 19:59:58.732 14871 15130 I art     : Starting a blocking GC Explicit
08-03 19:59:58.775 14871 15130 I art     : Explicit concurrent mark sweep GC freed 3(96B) AllocSpace objects, 0(0B) LOS objects, 38% free, 25MB/41MB, paused 358us total 43.377ms
08-03 19:59:58.793 14871 15130 I art     : Starting a blocking GC Explicit
08-03 19:59:58.837 14871 15130 I art     : Explicit concurrent mark sweep GC freed 3(96B) AllocSpace objects, 0(0B) LOS objects, 38% free, 25MB/41MB, paused 423us total 43.366ms
08-03 19:59:58.855 14871 15130 I art     : Starting a blocking GC Explicit
08-03 19:59:58.900 14871 15130 I art     : Explicit concurrent mark sweep GC freed 3(96B) AllocSpace objects, 0(0B) LOS objects, 38% free, 25MB/41MB, paused 365us total 44.649ms
08-03 19:59:59.246 14871 14905 I art     : Starting a blocking GC Explicit
08-03 19:59:59.293 14871 14905 I art     : Explicit concurrent mark sweep GC freed 1348(80KB) AllocSpace objects, 1(20KB) LOS objects, 38% free, 25MB/41MB, paused 367us total 47.474ms
08-03 19:59:59.313 14871 14905 I art     : Starting a blocking GC Explicit
08-03 19:59:59.357 14871 14905 I art     : Explicit concurrent mark sweep GC freed 20(704B) AllocSpace objects, 0(0B) LOS objects, 38% free, 25MB/41MB, paused 384us total 43.876ms
08-03 19:59:59.375 14871 14905 I art     : Starting a blocking GC Explicit
08-03 19:59:59.417 14871 14905 I art     : Explicit concurrent mark sweep GC freed 3(96B) AllocSpace objects, 0(0B) LOS objects, 38% free, 25MB/41MB, paused 356us total 41.932ms
08-03 19:59:59.435 14871 14905 I art     : Starting a blocking GC Explicit
08-03 19:59:59.480 14871 14905 I art     : Explicit concurrent mark sweep GC freed 3(96B) AllocSpace objects, 0(0B) LOS objects, 38% free, 25MB/41MB, paused 378us total 44.203ms
08-03 19:59:59.501 14871 14905 I art     : Starting a blocking GC Explicit
08-03 19:59:59.544 14871 14905 I art     : Explicit concurrent mark sweep GC freed 3(96B) AllocSpace objects, 0(0B) LOS objects, 38% free, 25MB/41MB, paused 337us total 43.008ms
08-03 19:59:59.842 14871 14885 I art     : Starting a blocking GC Explicit
08-03 19:59:59.887 14871 14885 I art     : Explicit concurrent mark sweep GC freed 1344(79KB) AllocSpace objects, 1(20KB) LOS objects, 38% free, 25MB/41MB, paused 395us total 44.581ms
08-03 19:59:59.904 14871 14885 I art     : Starting a blocking GC Explicit
08-03 19:59:59.945 14871 14885 I art     : Explicit concurrent mark sweep GC freed 20(704B) AllocSpace objects, 0(0B) LOS objects, 38% free, 25MB/41MB, paused 347us total 40.056ms
08-03 19:59:59.962 14871 14885 I art     : Starting a blocking GC Explicit
08-03 20:00:00.003 14871 14885 I art     : Explicit concurrent mark sweep GC freed 3(96B) AllocSpace objects, 0(0B) LOS objects, 38% free, 25MB/41MB, paused 334us total 40.543ms
08-03 20:00:00.020 14871 14885 I art     : Starting a blocking GC Explicit
08-03 20:00:00.056 14871 14885 I art     : Explicit concurrent mark sweep GC freed 3(96B) AllocSpace objects, 0(0B) LOS objects, 38% free, 25MB/41MB, paused 310us total 35.148ms
08-03 20:00:00.072 14871 14885 I art     : Starting a blocking GC Explicit
08-03 20:00:00.106 14871 14885 I art     : Explicit concurrent mark sweep GC freed 3(96B) AllocSpace objects, 0(0B) LOS objects, 38% free, 25MB/41MB, paused 322us total 33.812ms
08-03 20:00:00.265 15807 15807 D AndroidRuntime: >>>>>> START com.android.internal.os.RuntimeInit uid 2000 <<<<<<
08-03 20:00:00.271 15807 15807 D AndroidRuntime: CheckJNI is OFF
08-03 20:00:00.313 15807 15807 D ICU     : No timezone override file found: /data/misc/zoneinfo/current/icu/icu_tzdata.dat
08-03 20:00:00.354 15807 15807 I Radio-JNI: register_android_hardware_Radio DONE
08-03 20:00:00.383 15807 15807 D AndroidRuntime: Calling main entry com.android.commands.input.Input
08-03 20:00:00.384 15807 15807 I Input   : injectKeyEvent: KeyEvent { action=ACTION_DOWN, keyCode=KEYCODE_BACK, scanCode=0, metaState=0, flags=0x0, repeatCount=0, eventTime=648016797, downTime=648016797, deviceId=-1, source=0x101 }
08-03 20:00:00.388 14871 14884 I art     : Starting a blocking GC Explicit
08-03 20:00:00.390 15807 15807 I Input   : injectKeyEvent: KeyEvent { action=ACTION_UP, keyCode=KEYCODE_BACK, scanCode=0, metaState=0, flags=0x0, repeatCount=0, eventTime=648016797, downTime=648016797, deviceId=-1, source=0x101 }
08-03 20:00:00.397 15807 15807 D AndroidRuntime: Shutting down VM
08-03 20:00:00.426 14871 14884 I art     : Explicit concurrent mark sweep GC freed 1466(83KB) AllocSpace objects, 1(20KB) LOS objects, 38% free, 25MB/41MB, paused 344us total 37.606ms
08-03 20:00:00.431 13866 13866 I GoogleInputMethodServic: GoogleInputMethodService.onFinishInput():3138 
08-03 20:00:00.431 13866 13866 I GoogleInputMethodServic: GoogleInputMethodService.onStartInput():1808 
08-03 20:00:00.443 14871 14884 I art     : Starting a blocking GC Explicit
08-03 20:00:00.480 14871 14884 I art     : Explicit concurrent mark sweep GC freed 152(5KB) AllocSpace objects, 0(0B) LOS objects, 38% free, 25MB/41MB, paused 328us total 36.285ms
08-03 20:00:00.487 14871 15735 I RedditChangeDataIO: Writing tmp data file at '/data/user/0/baseline.org.quantumbadger.redreader/files/rr_change_data_tmp.dat'
08-03 20:00:00.488 14871 15735 I RedditChangeDataManager: Taking snapshot...
08-03 20:00:00.488 14871 15735 I RedditChangeDataManager: Writing to stream...
08-03 20:00:00.488 14871 15735 I RedditChangeDataManager: Wrote 2 entries for user ''
08-03 20:00:00.488 14871 15735 I RedditChangeDataManager: All entries written to stream.
08-03 20:00:00.488 14871 15735 I RedditChangeDataIO: Write successful. Atomically replacing data file...
08-03 20:00:00.489 14871 15735 I RedditChangeDataIO: Write complete.
08-03 20:00:00.489 14871 15735 I RedditChangeDataIO: 62 bytes written in 2 ms
08-03 20:00:00.497 14871 14884 I art     : Starting a blocking GC Explicit
08-03 20:00:00.531 14871 14884 I art     : Explicit concurrent mark sweep GC freed 85(5KB) AllocSpace objects, 1(68KB) LOS objects, 38% free, 25MB/41MB, paused 299us total 33.657ms
08-03 20:00:00.549 14871 14884 I art     : Starting a blocking GC Explicit
08-03 20:00:00.592 14871 14884 I art     : Explicit concurrent mark sweep GC freed 6(192B) AllocSpace objects, 0(0B) LOS objects, 38% free, 25MB/41MB, paused 368us total 42.901ms
08-03 20:00:00.595 13866 13882 I PeriodicStatsRunner: PeriodicStatsRunner.call():175 call()
08-03 20:00:00.595 13866 13882 I PeriodicStatsRunner: PeriodicStatsRunner.call():179 No submit PeriodicStats since input started.
08-03 20:00:00.611 14871 14884 I art     : Starting a blocking GC Explicit
08-03 20:00:00.659 14871 14884 I art     : Explicit concurrent mark sweep GC freed 3(96B) AllocSpace objects, 0(0B) LOS objects, 38% free, 25MB/41MB, paused 390us total 46.660ms
08-03 20:00:00.753   380   380 W SurfaceFlinger: couldn't log to binary event log: overflow.
08-03 20:00:00.942 14871 15130 I art     : Starting a blocking GC Explicit
08-03 20:00:00.988 14871 15130 I art     : Explicit concurrent mark sweep GC freed 1630(117KB) AllocSpace objects, 1(20KB) LOS objects, 38% free, 25MB/41MB, paused 339us total 45.807ms
08-03 20:00:01.010 14871 15130 I art     : Starting a blocking GC Explicit
08-03 20:00:01.051 14871 15130 I art     : Explicit concurrent mark sweep GC freed 3919(312KB) AllocSpace objects, 5(140KB) LOS objects, 39% free, 24MB/40MB, paused 309us total 40.831ms
08-03 20:00:01.069 14871 15130 I art     : Starting a blocking GC Explicit
08-03 20:00:01.105 14871 15130 I art     : Explicit concurrent mark sweep GC freed 3(96B) AllocSpace objects, 0(0B) LOS objects, 39% free, 24MB/40MB, paused 304us total 36.202ms
08-03 20:00:01.122 14871 15130 I art     : Starting a blocking GC Explicit
08-03 20:00:01.159 14871 15130 I art     : Explicit concurrent mark sweep GC freed 3(96B) AllocSpace objects, 0(0B) LOS objects, 39% free, 24MB/40MB, paused 303us total 36.648ms
08-03 20:00:01.176 14871 15130 I art     : Starting a blocking GC Explicit
08-03 20:00:01.214 14871 15130 I art     : Explicit concurrent mark sweep GC freed 3(96B) AllocSpace objects, 0(0B) LOS objects, 39% free, 24MB/40MB, paused 309us total 36.968ms
08-03 20:00:01.512 14871 14885 I art     : Starting a blocking GC Explicit
08-03 20:00:01.559 14871 14885 I art     : Explicit concurrent mark sweep GC freed 1343(79KB) AllocSpace objects, 1(20KB) LOS objects, 39% free, 24MB/40MB, paused 332us total 47.040ms
08-03 20:00:01.580 14871 14885 I art     : Starting a blocking GC Explicit
08-03 20:00:01.615 14871 14885 I art     : Explicit concurrent mark sweep GC freed 20(704B) AllocSpace objects, 0(0B) LOS objects, 39% free, 24MB/40MB, paused 301us total 34.331ms
08-03 20:00:01.631 14871 14885 I art     : Starting a blocking GC Explicit
08-03 20:00:01.666 14871 14885 I art     : Explicit concurrent mark sweep GC freed 3(96B) AllocSpace objects, 0(0B) LOS objects, 39% free, 24MB/40MB, paused 303us total 34.342ms
08-03 20:00:01.682 14871 14885 I art     : Starting a blocking GC Explicit
08-03 20:00:01.717 14871 14885 I art     : Explicit concurrent mark sweep GC freed 3(96B) AllocSpace objects, 0(0B) LOS objects, 39% free, 24MB/40MB, paused 357us total 34.585ms
08-03 20:00:01.733 14871 14885 I art     : Starting a blocking GC Explicit
08-03 20:00:01.769 14871 14885 I art     : Explicit concurrent mark sweep GC freed 3(96B) AllocSpace objects, 0(0B) LOS objects, 39% free, 24MB/40MB, paused 313us total 35.580ms
08-03 20:00:02.051 14871 14905 I art     : Starting a blocking GC Explicit
08-03 20:00:02.091 14871 14905 I art     : Explicit concurrent mark sweep GC freed 1343(79KB) AllocSpace objects, 1(20KB) LOS objects, 39% free, 24MB/40MB, paused 325us total 39.894ms
08-03 20:00:02.112 14871 14905 I art     : Starting a blocking GC Explicit
08-03 20:00:02.148 14871 14905 I art     : Explicit concurrent mark sweep GC freed 20(704B) AllocSpace objects, 0(0B) LOS objects, 39% free, 24MB/40MB, paused 314us total 35.779ms
08-03 20:00:02.165 14871 14905 I art     : Starting a blocking GC Explicit
08-03 20:00:02.187 15860 15860 D AndroidRuntime: >>>>>> START com.android.internal.os.RuntimeInit uid 2000 <<<<<<
08-03 20:00:02.192 15860 15860 D AndroidRuntime: CheckJNI is OFF
08-03 20:00:02.203 14871 14905 I art     : Explicit concurrent mark sweep GC freed 3(96B) AllocSpace objects, 0(0B) LOS objects, 39% free, 24MB/40MB, paused 302us total 38.111ms
08-03 20:00:02.221 14871 14905 I art     : Starting a blocking GC Explicit
08-03 20:00:02.239 15860 15860 D ICU     : No timezone override file found: /data/misc/zoneinfo/current/icu/icu_tzdata.dat
08-03 20:00:02.258 14871 14905 I art     : Explicit concurrent mark sweep GC freed 3(96B) AllocSpace objects, 0(0B) LOS objects, 39% free, 24MB/40MB, paused 303us total 37.550ms
08-03 20:00:02.275 14871 14905 I art     : Starting a blocking GC Explicit
08-03 20:00:02.287 15860 15860 I Radio-JNI: register_android_hardware_Radio DONE
08-03 20:00:02.313 14871 14905 I art     : Explicit concurrent mark sweep GC freed 3(96B) AllocSpace objects, 0(0B) LOS objects, 39% free, 24MB/40MB, paused 311us total 37.803ms
08-03 20:00:02.316 15860 15860 D AndroidRuntime: Calling main entry com.android.commands.input.Input
08-03 20:00:02.319 15860 15860 I Input   : injectMotionEvent: MotionEvent { action=ACTION_DOWN, actionButton=0, id[0]=0, x[0]=600.0, y[0]=1200.0, toolType[0]=TOOL_TYPE_UNKNOWN, buttonState=0, metaState=0, flags=0x0, edgeFlags=0x0, pointerCount=1, historySize=0, eventTime=648018731, downTime=648018731, deviceId=0, source=0x1002 }
08-03 20:00:02.326 15860 15860 I Input   : injectMotionEvent: MotionEvent { action=ACTION_UP, actionButton=0, id[0]=0, x[0]=600.0, y[0]=1200.0, toolType[0]=TOOL_TYPE_UNKNOWN, buttonState=0, metaState=0, flags=0x0, edgeFlags=0x0, pointerCount=1, historySize=0, eventTime=648018731, downTime=648018731, deviceId=0, source=0x1002 }
08-03 20:00:02.328 15860 15860 D AndroidRuntime: Shutting down VM
08-03 20:00:02.348   512  2967 D audio_hw_primary: out_set_parameters: enter: usecase(1: low-latency-playback) kvpairs: routing=2
08-03 20:00:02.353   918  3714 I ActivityManager: START u0 {dat=https://oauth.reddit.com/... cmp=baseline.org.quantumbadger.redreader/.activities.CommentListingActivity} from uid 10634 on display 0
08-03 20:00:02.361   512  2967 D audio_hw_primary: select_devices: out_snd_device(2: speaker) in_snd_device(0: none)
08-03 20:00:02.361   512  2967 D msm8974_platform: platform_send_audio_calibration: sending audio calibration for snd_device(2) acdb_id(15)
08-03 20:00:02.361   512  2967 I soundtrigger: audio_extn_sound_trigger_update_device_status: device 0x2 of type 0 for Event 1
08-03 20:00:02.372   512  2967 D audio_hw_primary: enable_snd_device: snd_device(2: speaker)
08-03 20:00:02.374   512  2967 D audio_hw_primary: enable_audio_route: apply and update mixer path: low-latency-playback speaker
08-03 20:00:02.376 14871 14871 I AppCompatViewInflater: app:theme is now deprecated. Please move to using android:theme instead.
08-03 20:00:02.395 14871 15886 D OK      : calling: https://oauth.reddit.com/comments/hza888/.json?sort=confidence
08-03 20:00:02.476 13866 13866 I GoogleInputMethodServic: GoogleInputMethodService.onFinishInput():3138 
08-03 20:00:02.476   918   936 I ActivityManager: Displayed baseline.org.quantumbadger.redreader/.activities.CommentListingActivity: +115ms
08-03 20:00:02.481 13866 13866 I GoogleInputMethodServic: GoogleInputMethodService.onStartInput():1808 
08-03 20:00:02.575 14871 14885 I art     : Starting a blocking GC Explicit
08-03 20:00:02.618 14871 14885 I art     : Explicit concurrent mark sweep GC freed 6105(298KB) AllocSpace objects, 1(20KB) LOS objects, 38% free, 25MB/41MB, paused 424us total 42.005ms
08-03 20:00:02.639 14871 14885 I art     : Starting a blocking GC Explicit
08-03 20:00:02.685 14871 14885 I art     : Explicit concurrent mark sweep GC freed 489(23KB) AllocSpace objects, 0(0B) LOS objects, 39% free, 25MB/41MB, paused 427us total 45.824ms
08-03 20:00:02.696 14871 15886 I NAPPA_EXPERIMENTATION: MetricNetworkRequestExecutionTime: REQUEST_DURATION_SYSTEM='301',REQUEST_DURATION_OKHTTP='154',REQUEST_SYNCHRONOUS='TRUE',RESPONSE_CODE='200',RESPONSE_METHOD='GET',RESPONSE_LENGTH_OKHTTP='-1',RESPONSE_LENGTH_HEADER='21928',REQUEST_PROTOCOL='h2',REQUEST_URL='https://oauth.reddit.com/comments/hza888/.json?sort=confidence',
08-03 20:00:02.696 14871 15886 D OK      : request got status: 200
08-03 20:00:02.706   380   380 W SurfaceFlinger: couldn't log to binary event log: overflow.
08-03 20:00:02.707 14871 14885 I art     : Starting a blocking GC Explicit
08-03 20:00:02.717 14871 15500 I CommentListingActivity: COMMENTS session changed to 6942a8f2-3f94-4291-a456-d3abd1c31960
08-03 20:00:02.749 14871 14885 I art     : Explicit concurrent mark sweep GC freed 2492(153KB) AllocSpace objects, 0(0B) LOS objects, 38% free, 25MB/41MB, paused 1.145ms total 42.585ms
08-03 20:00:02.767 14871 14885 I art     : Starting a blocking GC Explicit
08-03 20:00:02.809 14871 14885 I art     : Explicit concurrent mark sweep GC freed 4374(283KB) AllocSpace objects, 0(0B) LOS objects, 38% free, 26MB/42MB, paused 738us total 41.661ms
08-03 20:00:02.826 14871 14885 I art     : Starting a blocking GC Explicit
08-03 20:00:02.865 14871 14885 I art     : Explicit concurrent mark sweep GC freed 5937(388KB) AllocSpace objects, 1(68KB) LOS objects, 37% free, 26MB/42MB, paused 381us total 38.370ms
08-03 20:00:02.908   512  2967 D audio_hw_primary: disable_audio_route: reset and update mixer path: low-latency-playback speaker
08-03 20:00:02.909   512  2967 D audio_hw_primary: disable_snd_device: snd_device(2: speaker)
08-03 20:00:02.916   512  2967 I soundtrigger: audio_extn_sound_trigger_update_device_status: device 0x2 of type 0 for Event 0
08-03 20:00:03.148 14871 15130 I art     : Starting a blocking GC Explicit
08-03 20:00:03.189 14871 15130 I art     : Explicit concurrent mark sweep GC freed 6736(332KB) AllocSpace objects, 2(88KB) LOS objects, 37% free, 26MB/42MB, paused 314us total 41.213ms
08-03 20:00:03.206 14871 15130 I art     : Starting a blocking GC Explicit
08-03 20:00:03.247 14871 15130 I art     : Explicit concurrent mark sweep GC freed 75(3KB) AllocSpace objects, 0(0B) LOS objects, 37% free, 26MB/42MB, paused 527us total 40.648ms
08-03 20:00:03.265 14871 15130 I art     : Starting a blocking GC Explicit
08-03 20:00:03.306 14871 15130 I art     : Explicit concurrent mark sweep GC freed 3(96B) AllocSpace objects, 0(0B) LOS objects, 37% free, 26MB/42MB, paused 411us total 40.786ms
08-03 20:00:03.323 14871 15130 I art     : Starting a blocking GC Explicit
08-03 20:00:03.364 14871 15130 I art     : Explicit concurrent mark sweep GC freed 3(96B) AllocSpace objects, 0(0B) LOS objects, 37% free, 26MB/42MB, paused 300us total 40.295ms
08-03 20:00:03.381 14871 15130 I art     : Starting a blocking GC Explicit
08-03 20:00:03.424 14871 15130 I art     : Explicit concurrent mark sweep GC freed 3(96B) AllocSpace objects, 0(0B) LOS objects, 37% free, 26MB/42MB, paused 306us total 42.132ms
08-03 20:00:03.712 14871 14884 I art     : Starting a blocking GC Explicit
08-03 20:00:03.769 14871 14884 I art     : Explicit concurrent mark sweep GC freed 1389(82KB) AllocSpace objects, 1(20KB) LOS objects, 37% free, 26MB/42MB, paused 357us total 56.681ms
08-03 20:00:03.793 14871 14884 I art     : Starting a blocking GC Explicit
08-03 20:00:03.838 14871 14884 I art     : Explicit concurrent mark sweep GC freed 20(704B) AllocSpace objects, 0(0B) LOS objects, 37% free, 26MB/42MB, paused 363us total 44.809ms
08-03 20:00:03.857 14871 14884 I art     : Starting a blocking GC Explicit
08-03 20:00:03.904 14871 14884 I art     : Explicit concurrent mark sweep GC freed 3(96B) AllocSpace objects, 0(0B) LOS objects, 37% free, 26MB/42MB, paused 333us total 46.980ms
08-03 20:00:03.923 14871 14884 I art     : Starting a blocking GC Explicit
08-03 20:00:03.971 14871 14884 I art     : Explicit concurrent mark sweep GC freed 3(96B) AllocSpace objects, 0(0B) LOS objects, 37% free, 26MB/42MB, paused 364us total 47.522ms
08-03 20:00:03.994 14871 14884 I art     : Starting a blocking GC Explicit
08-03 20:00:04.045 14871 14884 I art     : Explicit concurrent mark sweep GC freed 3(96B) AllocSpace objects, 0(0B) LOS objects, 37% free, 26MB/42MB, paused 349us total 51.241ms
08-03 20:00:04.386 14871 14885 I art     : Starting a blocking GC Explicit
08-03 20:00:04.443 14871 14885 I art     : Explicit concurrent mark sweep GC freed 1343(80KB) AllocSpace objects, 1(20KB) LOS objects, 37% free, 26MB/42MB, paused 367us total 55.936ms
08-03 20:00:04.465 14871 14885 I art     : Starting a blocking GC Explicit
08-03 20:00:04.518 14871 14885 I art     : Explicit concurrent mark sweep GC freed 20(704B) AllocSpace objects, 0(0B) LOS objects, 37% free, 26MB/42MB, paused 344us total 52.440ms
08-03 20:00:04.536 14871 14885 I art     : Starting a blocking GC Explicit
08-03 20:00:04.586 14871 14885 I art     : Explicit concurrent mark sweep GC freed 3(96B) AllocSpace objects, 0(0B) LOS objects, 37% free, 26MB/42MB, paused 373us total 49.202ms
08-03 20:00:04.605 14871 14885 I art     : Starting a blocking GC Explicit
08-03 20:00:04.646 14871 14885 I art     : Explicit concurrent mark sweep GC freed 3(96B) AllocSpace objects, 0(0B) LOS objects, 37% free, 26MB/42MB, paused 326us total 40.573ms
08-03 20:00:04.664 14871 14885 I art     : Starting a blocking GC Explicit
08-03 20:00:04.709 14871 14885 I art     : Explicit concurrent mark sweep GC freed 3(96B) AllocSpace objects, 0(0B) LOS objects, 37% free, 26MB/42MB, paused 325us total 45.177ms
08-03 20:00:05.022 14871 14905 I art     : Starting a blocking GC Explicit
08-03 20:00:05.073 14871 14905 I art     : Explicit concurrent mark sweep GC freed 1343(80KB) AllocSpace objects, 1(20KB) LOS objects, 37% free, 26MB/42MB, paused 392us total 50.942ms
08-03 20:00:05.096 14871 14905 I art     : Starting a blocking GC Explicit
08-03 20:00:05.130 15932 15932 D AndroidRuntime: >>>>>> START com.android.internal.os.RuntimeInit uid 2000 <<<<<<
08-03 20:00:05.136 15932 15932 D AndroidRuntime: CheckJNI is OFF
08-03 20:00:05.144 14871 14905 I art     : Explicit concurrent mark sweep GC freed 20(704B) AllocSpace objects, 0(0B) LOS objects, 37% free, 26MB/42MB, paused 348us total 48.132ms
08-03 20:00:05.163 14871 14905 I art     : Starting a blocking GC Explicit
08-03 20:00:05.184 15932 15932 D ICU     : No timezone override file found: /data/misc/zoneinfo/current/icu/icu_tzdata.dat
08-03 20:00:05.210 14871 14905 I art     : Explicit concurrent mark sweep GC freed 3(96B) AllocSpace objects, 0(0B) LOS objects, 37% free, 26MB/42MB, paused 375us total 46.849ms
08-03 20:00:05.228 14871 14905 I art     : Starting a blocking GC Explicit
08-03 20:00:05.231 15932 15932 I Radio-JNI: register_android_hardware_Radio DONE
08-03 20:00:05.261 15932 15932 D AndroidRuntime: Calling main entry com.android.commands.input.Input
08-03 20:00:05.262 15932 15932 I Input   : injectKeyEvent: KeyEvent { action=ACTION_DOWN, keyCode=KEYCODE_BACK, scanCode=0, metaState=0, flags=0x0, repeatCount=0, eventTime=648021675, downTime=648021675, deviceId=-1, source=0x101 }
08-03 20:00:05.268 15932 15932 I Input   : injectKeyEvent: KeyEvent { action=ACTION_UP, keyCode=KEYCODE_BACK, scanCode=0, metaState=0, flags=0x0, repeatCount=0, eventTime=648021675, downTime=648021675, deviceId=-1, source=0x101 }
08-03 20:00:05.274 14871 14905 I art     : Explicit concurrent mark sweep GC freed 5(208B) AllocSpace objects, 0(0B) LOS objects, 37% free, 26MB/42MB, paused 387us total 45.956ms
08-03 20:00:05.276 15932 15932 D AndroidRuntime: Shutting down VM
08-03 20:00:05.292 14871 14905 I art     : Starting a blocking GC Explicit
08-03 20:00:05.317 13866 13866 I GoogleInputMethodServic: GoogleInputMethodService.onFinishInput():3138 
08-03 20:00:05.318 13866 13866 I GoogleInputMethodServic: GoogleInputMethodService.onStartInput():1808 
08-03 20:00:05.336 14871 14905 I art     : Explicit concurrent mark sweep GC freed 176(6KB) AllocSpace objects, 0(0B) LOS objects, 37% free, 26MB/42MB, paused 536us total 43.185ms
08-03 20:00:05.433 13866 13882 I PeriodicStatsRunner: PeriodicStatsRunner.call():175 call()
08-03 20:00:05.434 13866 13882 I PeriodicStatsRunner: PeriodicStatsRunner.call():179 No submit PeriodicStats since input started.
08-03 20:00:05.633 14871 15130 I art     : Starting a blocking GC Explicit
08-03 20:00:05.641   380   380 W SurfaceFlinger: couldn't log to binary event log: overflow.
08-03 20:00:05.681 14871 15130 I art     : Explicit concurrent mark sweep GC freed 1490(85KB) AllocSpace objects, 1(20KB) LOS objects, 37% free, 26MB/42MB, paused 340us total 47.971ms
08-03 20:00:05.698 14871 15130 I art     : Starting a blocking GC Explicit
08-03 20:00:05.741 14871 15130 I art     : Explicit concurrent mark sweep GC freed 25(944B) AllocSpace objects, 0(0B) LOS objects, 37% free, 26MB/42MB, paused 341us total 42.534ms
08-03 20:00:05.760 14871 15130 I art     : Starting a blocking GC Explicit
08-03 20:00:05.799 14871 15130 I art     : Explicit concurrent mark sweep GC freed 22972(1247KB) AllocSpace objects, 5(164KB) LOS objects, 39% free, 24MB/40MB, paused 333us total 39.090ms
08-03 20:00:05.816 14871 15130 I art     : Starting a blocking GC Explicit
08-03 20:00:05.853 14871 15130 I art     : Explicit concurrent mark sweep GC freed 3(96B) AllocSpace objects, 0(0B) LOS objects, 39% free, 24MB/40MB, paused 333us total 36.452ms
08-03 20:00:05.870 14871 15130 I art     : Starting a blocking GC Explicit
08-03 20:00:05.908 14871 15130 I art     : Explicit concurrent mark sweep GC freed 3(96B) AllocSpace objects, 0(0B) LOS objects, 39% free, 24MB/40MB, paused 337us total 37.954ms
08-03 20:00:06.199 14871 14884 I art     : Starting a blocking GC Explicit
08-03 20:00:06.245 14871 14884 I art     : Explicit concurrent mark sweep GC freed 1348(81KB) AllocSpace objects, 1(20KB) LOS objects, 39% free, 24MB/40MB, paused 380us total 45.664ms
08-03 20:00:06.264 14871 14884 I art     : Starting a blocking GC Explicit
08-03 20:00:06.302 14871 14884 I art     : Explicit concurrent mark sweep GC freed 20(704B) AllocSpace objects, 0(0B) LOS objects, 39% free, 24MB/40MB, paused 348us total 37.348ms
08-03 20:00:06.319 14871 14884 I art     : Starting a blocking GC Explicit
08-03 20:00:06.357 14871 14884 I art     : Explicit concurrent mark sweep GC freed 3(96B) AllocSpace objects, 0(0B) LOS objects, 39% free, 24MB/40MB, paused 400us total 37.708ms
08-03 20:00:06.374 14871 14884 I art     : Starting a blocking GC Explicit
08-03 20:00:06.412 14871 14884 I art     : Explicit concurrent mark sweep GC freed 3(96B) AllocSpace objects, 0(0B) LOS objects, 39% free, 24MB/40MB, paused 342us total 37.364ms
08-03 20:00:06.429 14871 14884 I art     : Starting a blocking GC Explicit
08-03 20:00:06.467 14871 14884 I art     : Explicit concurrent mark sweep GC freed 3(96B) AllocSpace objects, 0(0B) LOS objects, 39% free, 24MB/40MB, paused 417us total 37.719ms
08-03 20:00:06.754 14871 14885 I art     : Starting a blocking GC Explicit
08-03 20:00:06.799 14871 14885 I art     : Explicit concurrent mark sweep GC freed 1344(80KB) AllocSpace objects, 1(20KB) LOS objects, 39% free, 24MB/40MB, paused 415us total 44.669ms
08-03 20:00:06.820 14871 14885 I art     : Starting a blocking GC Explicit
08-03 20:00:06.856 14871 14885 I art     : Explicit concurrent mark sweep GC freed 20(704B) AllocSpace objects, 0(0B) LOS objects, 39% free, 24MB/40MB, paused 363us total 35.452ms
08-03 20:00:06.873 14871 14885 I art     : Starting a blocking GC Explicit
08-03 20:00:06.912 14871 14885 I art     : Explicit concurrent mark sweep GC freed 3(96B) AllocSpace objects, 0(0B) LOS objects, 39% free, 24MB/40MB, paused 360us total 38.221ms
08-03 20:00:06.930 14871 14885 I art     : Starting a blocking GC Explicit
08-03 20:00:06.969 14871 14885 I art     : Explicit concurrent mark sweep GC freed 3(96B) AllocSpace objects, 0(0B) LOS objects, 39% free, 24MB/40MB, paused 355us total 38.997ms
08-03 20:00:06.986 14871 14885 I art     : Starting a blocking GC Explicit
08-03 20:00:07.025 14871 14885 I art     : Explicit concurrent mark sweep GC freed 3(96B) AllocSpace objects, 0(0B) LOS objects, 39% free, 24MB/40MB, paused 364us total 38.854ms
08-03 20:00:07.069 15976 15976 D AndroidRuntime: >>>>>> START com.android.internal.os.RuntimeInit uid 2000 <<<<<<
08-03 20:00:07.075 15976 15976 D AndroidRuntime: CheckJNI is OFF
08-03 20:00:07.121 15976 15976 D ICU     : No timezone override file found: /data/misc/zoneinfo/current/icu/icu_tzdata.dat
08-03 20:00:07.171 15976 15976 I Radio-JNI: register_android_hardware_Radio DONE
08-03 20:00:07.202 15976 15976 D AndroidRuntime: Calling main entry com.android.commands.input.Input
08-03 20:00:07.204 15976 15976 I Input   : injectMotionEvent: MotionEvent { action=ACTION_DOWN, actionButton=0, id[0]=0, x[0]=600.0, y[0]=950.0, toolType[0]=TOOL_TYPE_UNKNOWN, buttonState=0, metaState=0, flags=0x0, edgeFlags=0x0, pointerCount=1, historySize=0, eventTime=648023616, downTime=648023616, deviceId=0, source=0x1002 }
08-03 20:00:07.211 15976 15976 I Input   : injectMotionEvent: MotionEvent { action=ACTION_UP, actionButton=0, id[0]=0, x[0]=600.0, y[0]=950.0, toolType[0]=TOOL_TYPE_UNKNOWN, buttonState=0, metaState=0, flags=0x0, edgeFlags=0x0, pointerCount=1, historySize=0, eventTime=648023616, downTime=648023616, deviceId=0, source=0x1002 }
08-03 20:00:07.217 15976 15976 D AndroidRuntime: Shutting down VM
08-03 20:00:07.229   512  2967 D audio_hw_primary: out_set_parameters: enter: usecase(1: low-latency-playback) kvpairs: routing=2
08-03 20:00:07.237   918  3359 I ActivityManager: START u0 {dat=https://oauth.reddit.com/... cmp=baseline.org.quantumbadger.redreader/.activities.CommentListingActivity} from uid 10634 on display 0
08-03 20:00:07.242   512  2967 D audio_hw_primary: select_devices: out_snd_device(2: speaker) in_snd_device(0: none)
08-03 20:00:07.242   512  2967 D msm8974_platform: platform_send_audio_calibration: sending audio calibration for snd_device(2) acdb_id(15)
08-03 20:00:07.242   512  2967 I soundtrigger: audio_extn_sound_trigger_update_device_status: device 0x2 of type 0 for Event 1
08-03 20:00:07.258   512  2967 D audio_hw_primary: enable_snd_device: snd_device(2: speaker)
08-03 20:00:07.258 14871 14871 I AppCompatViewInflater: app:theme is now deprecated. Please move to using android:theme instead.
08-03 20:00:07.260   512  2967 D audio_hw_primary: enable_audio_route: apply and update mixer path: low-latency-playback speaker
08-03 20:00:07.279 14871 15500 I CommentListingActivity: COMMENTS session changed to ced835af-ae28-4a4f-ae1f-d1fb5652adc6
08-03 20:00:07.325 14871 14905 I art     : Starting a blocking GC Explicit
08-03 20:00:07.342   918   936 I ActivityManager: Displayed baseline.org.quantumbadger.redreader/.activities.CommentListingActivity: +98ms
08-03 20:00:07.343 13866 13866 I GoogleInputMethodServic: GoogleInputMethodService.onFinishInput():3138 
08-03 20:00:07.347 13866 13866 I GoogleInputMethodServic: GoogleInputMethodService.onStartInput():1808 
08-03 20:00:07.362 14871 15885 I RedditChangeDataIO: Writing tmp data file at '/data/user/0/baseline.org.quantumbadger.redreader/files/rr_change_data_tmp.dat'
08-03 20:00:07.364 14871 15885 I RedditChangeDataManager: Taking snapshot...
08-03 20:00:07.364 14871 15885 I RedditChangeDataManager: Writing to stream...
08-03 20:00:07.364 14871 15885 I RedditChangeDataManager: Wrote 3 entries for user ''
08-03 20:00:07.364 14871 14905 I art     : Explicit concurrent mark sweep GC freed 7281(537KB) AllocSpace objects, 3(52KB) LOS objects, 38% free, 25MB/41MB, paused 495us total 38.329ms
08-03 20:00:07.364 14871 15885 I RedditChangeDataManager: All entries written to stream.
08-03 20:00:07.364 14871 15885 I RedditChangeDataIO: Write successful. Atomically replacing data file...
08-03 20:00:07.365 14871 15885 I RedditChangeDataIO: Write complete.
08-03 20:00:07.365 14871 15885 I RedditChangeDataIO: 86 bytes written in 3 ms
08-03 20:00:07.382 14871 14905 I art     : Starting a blocking GC Explicit
08-03 20:00:07.424 14871 14905 I art     : Explicit concurrent mark sweep GC freed 1252(55KB) AllocSpace objects, 1(68KB) LOS objects, 38% free, 25MB/41MB, paused 501us total 41.570ms
08-03 20:00:07.443 14871 14905 I art     : Starting a blocking GC Explicit
08-03 20:00:07.476 13866 13882 I PeriodicStatsRunner: PeriodicStatsRunner.call():175 call()
08-03 20:00:07.477 13866 13882 I PeriodicStatsRunner: PeriodicStatsRunner.call():179 No submit PeriodicStats since input started.
08-03 20:00:07.478 14871 14905 I art     : Explicit concurrent mark sweep GC freed 34(1632B) AllocSpace objects, 0(0B) LOS objects, 38% free, 25MB/41MB, paused 310us total 34.672ms
08-03 20:00:07.494 14871 14905 I art     : Starting a blocking GC Explicit
08-03 20:00:07.496  8512  8523 E QC-QMI  : qmi_client [8512] 481: failed to locate client data
08-03 20:00:07.498   519   519 E QC-QMI  : qmuxd: RX on fd=18 returned error=0 errno[2:No such file or directory]
08-03 20:00:07.499  8512  8512 I Atfwd_Daemon: Stop the daemon....
08-03 20:00:07.499   519   519 E QC-QMI  : QMUX qmux_client_id=481 not found in qmux client list, unable to remove
08-03 20:00:07.529 14871 14905 I art     : Explicit concurrent mark sweep GC freed 4(128B) AllocSpace objects, 0(0B) LOS objects, 38% free, 25MB/41MB, paused 321us total 34.777ms
08-03 20:00:07.545 14871 14905 I art     : Starting a blocking GC Explicit
08-03 20:00:07.549 16014 16014 W ATFWD-daemon: type=1400 audit(0.0:738384): avc: denied { read write } for name="diag" dev="tmpfs" ino=1296 scontext=u:r:atfwd:s0 tcontext=u:object_r:diag_device:s0 tclass=chr_file permissive=0
08-03 20:00:07.559 16014 16014 I libmdmdetect: ESOC framework not supported
08-03 20:00:07.559 16014 16014 I libmdmdetect: Found internal modem: modem
08-03 20:00:07.559 16014 16014 E Diag_Lib:  Diag_LSM_Init: Failed to open handle to diag driver, error = 13
08-03 20:00:07.564 16014 16014 I Atfwd_Daemon: result : 255 	 ,Init step :0 	 ,qmiErrorCode: 0
08-03 20:00:07.564 16014 16014 I Atfwd_Daemon: result : 0 	 ,Init step :1 	 ,qmiErrorCode: 0
08-03 20:00:07.564 16014 16014 I ServiceManager: Waiting for service AtCmdFwd...
08-03 20:00:07.579 14871 14905 I art     : Explicit concurrent mark sweep GC freed 3(96B) AllocSpace objects, 0(0B) LOS objects, 38% free, 25MB/41MB, paused 300us total 33.563ms
08-03 20:00:07.593   380   380 W SurfaceFlinger: couldn't log to binary event log: overflow.
08-03 20:00:07.799   512  2967 D audio_hw_primary: disable_audio_route: reset and update mixer path: low-latency-playback speaker
08-03 20:00:07.800   512  2967 D audio_hw_primary: disable_snd_device: snd_device(2: speaker)
08-03 20:00:07.808   512  2967 I soundtrigger: audio_extn_sound_trigger_update_device_status: device 0x2 of type 0 for Event 0
08-03 20:00:07.849 14871 14884 I art     : Starting a blocking GC Explicit
08-03 20:00:07.883 14871 14884 I art     : Explicit concurrent mark sweep GC freed 1661(119KB) AllocSpace objects, 1(20KB) LOS objects, 38% free, 25MB/41MB, paused 277us total 34.063ms
08-03 20:00:07.900 14871 14884 I art     : Starting a blocking GC Explicit
08-03 20:00:07.933 14871 14884 I art     : Explicit concurrent mark sweep GC freed 85(2880B) AllocSpace objects, 0(0B) LOS objects, 38% free, 25MB/41MB, paused 272us total 33.629ms
08-03 20:00:07.950 14871 14884 I art     : Starting a blocking GC Explicit
08-03 20:00:07.986 14871 14884 I art     : Explicit concurrent mark sweep GC freed 49(1920B) AllocSpace objects, 0(0B) LOS objects, 38% free, 25MB/41MB, paused 321us total 35.744ms
08-03 20:00:08.003 14871 14884 I art     : Starting a blocking GC Explicit
08-03 20:00:08.041 14871 14884 I art     : Explicit concurrent mark sweep GC freed 3(96B) AllocSpace objects, 0(0B) LOS objects, 38% free, 25MB/41MB, paused 309us total 38.014ms
08-03 20:00:08.059 14871 14884 I art     : Starting a blocking GC Explicit
08-03 20:00:08.098 14871 14884 I art     : Explicit concurrent mark sweep GC freed 3(96B) AllocSpace objects, 0(0B) LOS objects, 38% free, 25MB/41MB, paused 333us total 38.919ms
08-03 20:00:08.392 14871 14905 I art     : Starting a blocking GC Explicit
08-03 20:00:08.441 14871 14905 I art     : Explicit concurrent mark sweep GC freed 1343(80KB) AllocSpace objects, 1(20KB) LOS objects, 38% free, 25MB/41MB, paused 320us total 49.223ms
08-03 20:00:08.464 14871 14905 I art     : Starting a blocking GC Explicit
08-03 20:00:08.507 14871 14905 I art     : Explicit concurrent mark sweep GC freed 20(704B) AllocSpace objects, 0(0B) LOS objects, 38% free, 25MB/41MB, paused 316us total 42.659ms
08-03 20:00:08.524 14871 14905 I art     : Starting a blocking GC Explicit
08-03 20:00:08.563 14871 14905 I art     : Explicit concurrent mark sweep GC freed 3(96B) AllocSpace objects, 0(0B) LOS objects, 38% free, 25MB/41MB, paused 288us total 39.070ms
08-03 20:00:08.565 16014 16014 I ServiceManager: Waiting for service AtCmdFwd...
08-03 20:00:08.581 14871 14905 I art     : Starting a blocking GC Explicit
08-03 20:00:08.621 14871 14905 I art     : Explicit concurrent mark sweep GC freed 3(96B) AllocSpace objects, 0(0B) LOS objects, 38% free, 25MB/41MB, paused 304us total 39.726ms
08-03 20:00:08.639 14871 14905 I art     : Starting a blocking GC Explicit
08-03 20:00:08.678 14871 14905 I art     : Explicit concurrent mark sweep GC freed 3(96B) AllocSpace objects, 0(0B) LOS objects, 38% free, 25MB/41MB, paused 315us total 38.500ms
08-03 20:00:08.983 14871 15130 I art     : Starting a blocking GC Explicit
08-03 20:00:09.032 14871 15130 I art     : Explicit concurrent mark sweep GC freed 1343(80KB) AllocSpace objects, 1(20KB) LOS objects, 38% free, 25MB/41MB, paused 294us total 48.661ms
08-03 20:00:09.050 14871 15130 I art     : Starting a blocking GC Explicit
08-03 20:00:09.093 14871 15130 I art     : Explicit concurrent mark sweep GC freed 20(704B) AllocSpace objects, 0(0B) LOS objects, 38% free, 25MB/41MB, paused 327us total 42.992ms
08-03 20:00:09.112 14871 15130 I art     : Starting a blocking GC Explicit
08-03 20:00:09.154 14871 15130 I art     : Explicit concurrent mark sweep GC freed 3(96B) AllocSpace objects, 0(0B) LOS objects, 38% free, 25MB/41MB, paused 300us total 42.449ms
08-03 20:00:09.172 14871 15130 I art     : Starting a blocking GC Explicit
08-03 20:00:09.215 14871 15130 I art     : Explicit concurrent mark sweep GC freed 3(96B) AllocSpace objects, 0(0B) LOS objects, 38% free, 25MB/41MB, paused 324us total 42.247ms
08-03 20:00:09.233 14871 15130 I art     : Starting a blocking GC Explicit
08-03 20:00:09.275 14871 15130 I art     : Explicit concurrent mark sweep GC freed 3(96B) AllocSpace objects, 0(0B) LOS objects, 38% free, 25MB/41MB, paused 323us total 41.886ms
08-03 20:00:09.565 16014 16014 I ServiceManager: Waiting for service AtCmdFwd...
08-03 20:00:09.609 14871 14885 I art     : Starting a blocking GC Explicit
08-03 20:00:09.658 14871 14885 I art     : Explicit concurrent mark sweep GC freed 1343(80KB) AllocSpace objects, 1(20KB) LOS objects, 38% free, 25MB/41MB, paused 331us total 47.781ms
08-03 20:00:09.679 14871 14885 I art     : Starting a blocking GC Explicit
08-03 20:00:09.725 14871 14885 I art     : Explicit concurrent mark sweep GC freed 20(704B) AllocSpace objects, 0(0B) LOS objects, 38% free, 25MB/41MB, paused 332us total 45.545ms
08-03 20:00:09.742 14871 14885 I art     : Starting a blocking GC Explicit
08-03 20:00:09.785 14871 14885 I art     : Explicit concurrent mark sweep GC freed 3(96B) AllocSpace objects, 0(0B) LOS objects, 38% free, 25MB/41MB, paused 318us total 42.779ms
08-03 20:00:09.804 14871 14885 I art     : Starting a blocking GC Explicit
08-03 20:00:09.848 14871 14885 I art     : Explicit concurrent mark sweep GC freed 3(96B) AllocSpace objects, 0(0B) LOS objects, 38% free, 25MB/41MB, paused 304us total 44.256ms
08-03 20:00:09.869 14871 14885 I art     : Starting a blocking GC Explicit
08-03 20:00:09.912 14871 14885 I art     : Explicit concurrent mark sweep GC freed 3(96B) AllocSpace objects, 0(0B) LOS objects, 38% free, 25MB/41MB, paused 330us total 41.994ms
08-03 20:00:10.244 14871 14884 I art     : Starting a blocking GC Explicit
08-03 20:00:10.292 14871 14884 I art     : Explicit concurrent mark sweep GC freed 1343(80KB) AllocSpace objects, 1(20KB) LOS objects, 38% free, 25MB/41MB, paused 337us total 48.385ms
08-03 20:00:10.314 14871 14884 I art     : Starting a blocking GC Explicit
08-03 20:00:10.319 13866 13882 I PeriodicStatsRunner: PeriodicStatsRunner.call():175 call()
08-03 20:00:10.319 13866 13882 I PeriodicStatsRunner: PeriodicStatsRunner.call():179 No submit PeriodicStats since input started.
08-03 20:00:10.358 14871 14884 I art     : Explicit concurrent mark sweep GC freed 20(704B) AllocSpace objects, 0(0B) LOS objects, 38% free, 25MB/41MB, paused 299us total 43.929ms
08-03 20:00:10.376 14871 14884 I art     : Starting a blocking GC Explicit
08-03 20:00:10.419 14871 14884 I art     : Explicit concurrent mark sweep GC freed 3(96B) AllocSpace objects, 0(0B) LOS objects, 38% free, 25MB/41MB, paused 322us total 43.120ms
08-03 20:00:10.441 14871 14884 I art     : Starting a blocking GC Explicit
08-03 20:00:10.441   918  3261 D WifiStateMachine: starting scan for "H369AA63323"WPA_PSK with 2412,5180
08-03 20:00:10.483 14871 14884 I art     : Explicit concurrent mark sweep GC freed 3(96B) AllocSpace objects, 0(0B) LOS objects, 38% free, 25MB/41MB, paused 290us total 42.095ms
08-03 20:00:10.501 14871 14884 I art     : Starting a blocking GC Explicit
08-03 20:00:10.544 14871 14884 I art     : Explicit concurrent mark sweep GC freed 3(96B) AllocSpace objects, 0(0B) LOS objects, 38% free, 25MB/41MB, paused 316us total 42.563ms
08-03 20:00:10.566 16014 16014 I ServiceManager: Waiting for service AtCmdFwd...
08-03 20:00:10.864 14871 14905 I art     : Starting a blocking GC Explicit
08-03 20:00:10.914 14871 14905 I art     : Explicit concurrent mark sweep GC freed 1343(80KB) AllocSpace objects, 1(20KB) LOS objects, 38% free, 25MB/41MB, paused 331us total 49.562ms
08-03 20:00:10.937 14871 14905 I art     : Starting a blocking GC Explicit
08-03 20:00:10.980 14871 14905 I art     : Explicit concurrent mark sweep GC freed 20(704B) AllocSpace objects, 0(0B) LOS objects, 38% free, 25MB/41MB, paused 300us total 42.782ms
08-03 20:00:10.998 14871 14905 I art     : Starting a blocking GC Explicit
08-03 20:00:11.042 14871 14905 I art     : Explicit concurrent mark sweep GC freed 3(96B) AllocSpace objects, 0(0B) LOS objects, 38% free, 25MB/41MB, paused 316us total 43.444ms
08-03 20:00:11.060 14871 14905 I art     : Starting a blocking GC Explicit
08-03 20:00:11.102 14871 14905 I art     : Explicit concurrent mark sweep GC freed 3(96B) AllocSpace objects, 0(0B) LOS objects, 38% free, 25MB/41MB, paused 297us total 42.308ms
08-03 20:00:11.120 14871 14905 I art     : Starting a blocking GC Explicit
08-03 20:00:11.164 14871 14905 I art     : Explicit concurrent mark sweep GC freed 3(96B) AllocSpace objects, 0(0B) LOS objects, 38% free, 25MB/41MB, paused 320us total 43.336ms
08-03 20:00:11.475 14871 15130 I art     : Starting a blocking GC Explicit
08-03 20:00:11.520 14871 15130 I art     : Explicit concurrent mark sweep GC freed 1345(80KB) AllocSpace objects, 1(20KB) LOS objects, 38% free, 25MB/41MB, paused 320us total 44.963ms
08-03 20:00:11.538 14871 15130 I art     : Starting a blocking GC Explicit
08-03 20:00:11.566 16014 16014 I ServiceManager: Waiting for service AtCmdFwd...
08-03 20:00:11.578 14871 15130 I art     : Explicit concurrent mark sweep GC freed 20(704B) AllocSpace objects, 0(0B) LOS objects, 38% free, 25MB/41MB, paused 311us total 39.901ms
08-03 20:00:11.595 14871 15130 I art     : Starting a blocking GC Explicit
08-03 20:00:11.636 14871 15130 I art     : Explicit concurrent mark sweep GC freed 3(96B) AllocSpace objects, 0(0B) LOS objects, 38% free, 25MB/41MB, paused 318us total 40.726ms
08-03 20:00:11.654 14871 15130 I art     : Starting a blocking GC Explicit
08-03 20:00:11.696 14871 15130 I art     : Explicit concurrent mark sweep GC freed 3(96B) AllocSpace objects, 0(0B) LOS objects, 38% free, 25MB/41MB, paused 309us total 41.277ms
08-03 20:00:11.713 14871 15130 I art     : Starting a blocking GC Explicit
08-03 20:00:11.754 14871 15130 I art     : Explicit concurrent mark sweep GC freed 3(96B) AllocSpace objects, 0(0B) LOS objects, 38% free, 25MB/41MB, paused 309us total 40.317ms
08-03 20:00:11.998 16089 16089 D AndroidRuntime: >>>>>> START com.android.internal.os.RuntimeInit uid 2000 <<<<<<
08-03 20:00:12.005 16089 16089 D AndroidRuntime: CheckJNI is OFF
08-03 20:00:12.049 16089 16089 D ICU     : No timezone override file found: /data/misc/zoneinfo/current/icu/icu_tzdata.dat
08-03 20:00:12.055 14871 14885 I art     : Starting a blocking GC Explicit
08-03 20:00:12.092 16089 16089 I Radio-JNI: register_android_hardware_Radio DONE
08-03 20:00:12.095 14871 14885 I art     : Explicit concurrent mark sweep GC freed 1343(80KB) AllocSpace objects, 1(20KB) LOS objects, 38% free, 25MB/41MB, paused 346us total 38.890ms
08-03 20:00:12.112 14871 14885 I art     : Starting a blocking GC Explicit
08-03 20:00:12.122 16089 16089 D AndroidRuntime: Calling main entry com.android.commands.input.Input
08-03 20:00:12.124 16089 16089 I Input   : injectKeyEvent: KeyEvent { action=ACTION_DOWN, keyCode=KEYCODE_BACK, scanCode=0, metaState=0, flags=0x0, repeatCount=0, eventTime=648028537, downTime=648028537, deviceId=-1, source=0x101 }
08-03 20:00:12.131 16089 16089 I Input   : injectKeyEvent: KeyEvent { action=ACTION_UP, keyCode=KEYCODE_BACK, scanCode=0, metaState=0, flags=0x0, repeatCount=0, eventTime=648028537, downTime=648028537, deviceId=-1, source=0x101 }
08-03 20:00:12.136 16089 16089 D AndroidRuntime: Shutting down VM
08-03 20:00:12.150 14871 14885 I art     : Explicit concurrent mark sweep GC freed 137(4KB) AllocSpace objects, 0(0B) LOS objects, 38% free, 25MB/41MB, paused 371us total 37.143ms
08-03 20:00:12.168 14871 14885 I art     : Starting a blocking GC Explicit
08-03 20:00:12.180 13866 13866 I GoogleInputMethodServic: GoogleInputMethodService.onFinishInput():3138 
08-03 20:00:12.180 13866 13866 I GoogleInputMethodServic: GoogleInputMethodService.onStartInput():1808 
08-03 20:00:12.202 14871 14885 I art     : Explicit concurrent mark sweep GC freed 114(3KB) AllocSpace objects, 0(0B) LOS objects, 38% free, 25MB/41MB, paused 346us total 33.868ms
08-03 20:00:12.220 14871 14885 I art     : Starting a blocking GC Explicit
08-03 20:00:12.255 14871 14885 I art     : Explicit concurrent mark sweep GC freed 37(1200B) AllocSpace objects, 0(0B) LOS objects, 38% free, 25MB/41MB, paused 286us total 33.910ms
08-03 20:00:12.271 14871 14885 I art     : Starting a blocking GC Explicit
08-03 20:00:12.310 14871 14885 I art     : Explicit concurrent mark sweep GC freed 3(96B) AllocSpace objects, 0(0B) LOS objects, 38% free, 25MB/41MB, paused 294us total 38.774ms
08-03 20:00:12.347 13866 13882 I PeriodicStatsRunner: PeriodicStatsRunner.call():175 call()
08-03 20:00:12.347 13866 13882 I PeriodicStatsRunner: PeriodicStatsRunner.call():179 No submit PeriodicStats since input started.
08-03 20:00:12.482   380   380 W SurfaceFlinger: couldn't log to binary event log: overflow.
08-03 20:00:12.567 16014 16014 W Atfwd_Sendcmd: AtCmdFwd service not published, waiting... retryCnt : 1
08-03 20:00:12.577 14871 15130 I art     : Starting a blocking GC Explicit
08-03 20:00:12.617 14871 15130 I art     : Explicit concurrent mark sweep GC freed 1395(82KB) AllocSpace objects, 1(20KB) LOS objects, 38% free, 25MB/41MB, paused 325us total 40.569ms
08-03 20:00:12.635 14871 15130 I art     : Starting a blocking GC Explicit
08-03 20:00:12.673 14871 15130 I art     : Explicit concurrent mark sweep GC freed 3855(310KB) AllocSpace objects, 5(140KB) LOS objects, 39% free, 24MB/40MB, paused 304us total 37.371ms
08-03 20:00:12.689 14871 15130 I art     : Starting a blocking GC Explicit
08-03 20:00:12.727 14871 15130 I art     : Explicit concurrent mark sweep GC freed 3(96B) AllocSpace objects, 0(0B) LOS objects, 39% free, 24MB/40MB, paused 311us total 37.189ms
08-03 20:00:12.744 14871 15130 I art     : Starting a blocking GC Explicit
08-03 20:00:12.782 14871 15130 I art     : Explicit concurrent mark sweep GC freed 3(96B) AllocSpace objects, 0(0B) LOS objects, 39% free, 24MB/40MB, paused 307us total 37.617ms
08-03 20:00:12.800 14871 15130 I art     : Starting a blocking GC Explicit
08-03 20:00:12.837 14871 15130 I art     : Explicit concurrent mark sweep GC freed 3(96B) AllocSpace objects, 0(0B) LOS objects, 39% free, 24MB/40MB, paused 335us total 37.612ms
08-03 20:00:13.127 14871 14884 I art     : Starting a blocking GC Explicit
08-03 20:00:13.172 14871 14884 I art     : Explicit concurrent mark sweep GC freed 1343(80KB) AllocSpace objects, 1(20KB) LOS objects, 39% free, 24MB/40MB, paused 336us total 44.617ms
08-03 20:00:13.193 14871 14884 I art     : Starting a blocking GC Explicit
08-03 20:00:13.231 14871 14884 I art     : Explicit concurrent mark sweep GC freed 20(704B) AllocSpace objects, 0(0B) LOS objects, 39% free, 24MB/40MB, paused 305us total 37.275ms
08-03 20:00:13.248 14871 14884 I art     : Starting a blocking GC Explicit
08-03 20:00:13.285 14871 14884 I art     : Explicit concurrent mark sweep GC freed 3(96B) AllocSpace objects, 0(0B) LOS objects, 39% free, 24MB/40MB, paused 305us total 37.184ms
08-03 20:00:13.303 14871 14884 I art     : Starting a blocking GC Explicit
08-03 20:00:13.340 14871 14884 I art     : Explicit concurrent mark sweep GC freed 3(96B) AllocSpace objects, 0(0B) LOS objects, 39% free, 24MB/40MB, paused 312us total 37.325ms
08-03 20:00:13.358 14871 14884 I art     : Starting a blocking GC Explicit
08-03 20:00:13.397 14871 14884 I art     : Explicit concurrent mark sweep GC freed 3(96B) AllocSpace objects, 0(0B) LOS objects, 39% free, 24MB/40MB, paused 319us total 38.607ms
08-03 20:00:13.684 14871 14905 I art     : Starting a blocking GC Explicit
08-03 20:00:13.727 14871 14905 I art     : Explicit concurrent mark sweep GC freed 1343(80KB) AllocSpace objects, 1(20KB) LOS objects, 39% free, 24MB/40MB, paused 333us total 42.923ms
08-03 20:00:13.746 14871 14905 I art     : Starting a blocking GC Explicit
08-03 20:00:13.786 14871 14905 I art     : Explicit concurrent mark sweep GC freed 20(704B) AllocSpace objects, 0(0B) LOS objects, 39% free, 24MB/40MB, paused 320us total 39.437ms
08-03 20:00:13.803 14871 14905 I art     : Starting a blocking GC Explicit
08-03 20:00:13.842 14871 14905 I art     : Explicit concurrent mark sweep GC freed 3(96B) AllocSpace objects, 0(0B) LOS objects, 39% free, 24MB/40MB, paused 330us total 38.695ms
08-03 20:00:13.860 14871 14905 I art     : Starting a blocking GC Explicit
08-03 20:00:13.899 14871 14905 I art     : Explicit concurrent mark sweep GC freed 3(96B) AllocSpace objects, 0(0B) LOS objects, 39% free, 24MB/40MB, paused 312us total 38.656ms
08-03 20:00:13.916 14871 14905 I art     : Starting a blocking GC Explicit
08-03 20:00:13.919 16133 16133 D AndroidRuntime: >>>>>> START com.android.internal.os.RuntimeInit uid 2000 <<<<<<
08-03 20:00:13.925 16133 16133 D AndroidRuntime: CheckJNI is OFF
08-03 20:00:13.954 14871 14905 I art     : Explicit concurrent mark sweep GC freed 3(96B) AllocSpace objects, 0(0B) LOS objects, 39% free, 24MB/40MB, paused 324us total 37.962ms
08-03 20:00:13.974 16133 16133 D ICU     : No timezone override file found: /data/misc/zoneinfo/current/icu/icu_tzdata.dat
08-03 20:00:14.018 16133 16133 I Radio-JNI: register_android_hardware_Radio DONE
08-03 20:00:14.047 16133 16133 D AndroidRuntime: Calling main entry com.android.commands.input.Input
08-03 20:00:14.049 16133 16133 I Input   : injectMotionEvent: MotionEvent { action=ACTION_DOWN, actionButton=0, id[0]=0, x[0]=600.0, y[0]=700.0, toolType[0]=TOOL_TYPE_UNKNOWN, buttonState=0, metaState=0, flags=0x0, edgeFlags=0x0, pointerCount=1, historySize=0, eventTime=648030462, downTime=648030462, deviceId=0, source=0x1002 }
08-03 20:00:14.056 16133 16133 I Input   : injectMotionEvent: MotionEvent { action=ACTION_UP, actionButton=0, id[0]=0, x[0]=600.0, y[0]=700.0, toolType[0]=TOOL_TYPE_UNKNOWN, buttonState=0, metaState=0, flags=0x0, edgeFlags=0x0, pointerCount=1, historySize=0, eventTime=648030462, downTime=648030462, deviceId=0, source=0x1002 }
08-03 20:00:14.058 16133 16133 D AndroidRuntime: Shutting down VM
08-03 20:00:14.078   512  2967 D audio_hw_primary: out_set_parameters: enter: usecase(1: low-latency-playback) kvpairs: routing=2
08-03 20:00:14.080   918   929 I ActivityManager: START u0 {dat=https://oauth.reddit.com/... cmp=baseline.org.quantumbadger.redreader/.activities.CommentListingActivity} from uid 10634 on display 0
08-03 20:00:14.091   512  2967 D audio_hw_primary: select_devices: out_snd_device(2: speaker) in_snd_device(0: none)
08-03 20:00:14.091   512  2967 D msm8974_platform: platform_send_audio_calibration: sending audio calibration for snd_device(2) acdb_id(15)
08-03 20:00:14.091   512  2967 I soundtrigger: audio_extn_sound_trigger_update_device_status: device 0x2 of type 0 for Event 1
08-03 20:00:14.103   512  2967 D audio_hw_primary: enable_snd_device: snd_device(2: speaker)
08-03 20:00:14.106   512  2967 D audio_hw_primary: enable_audio_route: apply and update mixer path: low-latency-playback speaker
08-03 20:00:14.110 14871 14871 I AppCompatViewInflater: app:theme is now deprecated. Please move to using android:theme instead.
08-03 20:00:14.129 14871 15500 I CommentListingActivity: COMMENTS session changed to 6e96777f-8807-4157-af90-1ad276439671
08-03 20:00:14.204 13866 13866 I GoogleInputMethodServic: GoogleInputMethodService.onFinishInput():3138 
08-03 20:00:14.204   918   936 I ActivityManager: Displayed baseline.org.quantumbadger.redreader/.activities.CommentListingActivity: +113ms
08-03 20:00:14.204 13866 13866 I GoogleInputMethodServic: GoogleInputMethodService.onStartInput():1808 
08-03 20:00:14.220 14871 14905 I art     : Starting a blocking GC Explicit
08-03 20:00:14.281 14871 14905 I art     : Explicit concurrent mark sweep GC freed 22086(1506KB) AllocSpace objects, 3(56KB) LOS objects, 36% free, 27MB/43MB, paused 4.419ms total 60.523ms
08-03 20:00:14.301 14871 14905 I art     : Starting a blocking GC Explicit
08-03 20:00:14.366 14871 14905 I art     : Explicit concurrent mark sweep GC freed 13373(915KB) AllocSpace objects, 0(0B) LOS objects, 35% free, 28MB/44MB, paused 530us total 65.083ms
08-03 20:00:14.386 14871 14905 I art     : Starting a blocking GC Explicit
08-03 20:00:14.442 14871 14905 I art     : Explicit concurrent mark sweep GC freed 11087(754KB) AllocSpace objects, 1(16KB) LOS objects, 35% free, 28MB/44MB, paused 391us total 55.733ms
08-03 20:00:14.450   380   380 W SurfaceFlinger: couldn't log to binary event log: overflow.
08-03 20:00:14.462 14871 14905 I art     : Starting a blocking GC Explicit
08-03 20:00:14.509 14871 14905 I art     : Explicit concurrent mark sweep GC freed 19177(849KB) AllocSpace objects, 0(0B) LOS objects, 36% free, 27MB/43MB, paused 282us total 46.954ms
08-03 20:00:14.528 14871 14905 I art     : Starting a blocking GC Explicit
08-03 20:00:14.578 14871 14905 I art     : Explicit concurrent mark sweep GC freed 94(3KB) AllocSpace objects, 0(0B) LOS objects, 36% free, 27MB/43MB, paused 315us total 49.711ms
08-03 20:00:14.649   512  2967 D audio_hw_primary: disable_audio_route: reset and update mixer path: low-latency-playback speaker
08-03 20:00:14.653   512  2967 D audio_hw_primary: disable_snd_device: snd_device(2: speaker)
08-03 20:00:14.660   512  2967 I soundtrigger: audio_extn_sound_trigger_update_device_status: device 0x2 of type 0 for Event 0
08-03 20:00:14.863 14871 15130 I art     : Starting a blocking GC Explicit
08-03 20:00:14.924 14871 15130 I art     : Explicit concurrent mark sweep GC freed 1355(80KB) AllocSpace objects, 1(20KB) LOS objects, 36% free, 27MB/43MB, paused 5.332ms total 60.643ms
08-03 20:00:14.945 14871 15130 I art     : Starting a blocking GC Explicit
08-03 20:00:14.997 14871 15130 I art     : Explicit concurrent mark sweep GC freed 20(704B) AllocSpace objects, 0(0B) LOS objects, 36% free, 27MB/43MB, paused 456us total 52.080ms
08-03 20:00:15.016 14871 15130 I art     : Starting a blocking GC Explicit
08-03 20:00:15.068 14871 15130 I art     : Explicit concurrent mark sweep GC freed 3(96B) AllocSpace objects, 0(0B) LOS objects, 36% free, 27MB/43MB, paused 342us total 51.471ms
08-03 20:00:15.089 14871 15130 I art     : Starting a blocking GC Explicit
08-03 20:00:15.136 14871 15130 I art     : Explicit concurrent mark sweep GC freed 3(96B) AllocSpace objects, 0(0B) LOS objects, 36% free, 27MB/43MB, paused 286us total 46.051ms
08-03 20:00:15.156 14871 15130 I art     : Starting a blocking GC Explicit
08-03 20:00:15.209 14871 15130 I art     : Explicit concurrent mark sweep GC freed 49(1920B) AllocSpace objects, 0(0B) LOS objects, 36% free, 27MB/43MB, paused 311us total 52.698ms
08-03 20:00:15.501 14871 14905 I art     : Starting a blocking GC Explicit
08-03 20:00:15.569 14871 14905 I art     : Explicit concurrent mark sweep GC freed 1343(80KB) AllocSpace objects, 1(20KB) LOS objects, 36% free, 27MB/43MB, paused 347us total 67.111ms
08-03 20:00:15.592 14871 14905 I art     : Starting a blocking GC Explicit
08-03 20:00:15.644 14871 14905 I art     : Explicit concurrent mark sweep GC freed 20(704B) AllocSpace objects, 0(0B) LOS objects, 36% free, 27MB/43MB, paused 322us total 51.915ms
08-03 20:00:15.664 14871 14905 I art     : Starting a blocking GC Explicit
08-03 20:00:15.726 14871 14905 I art     : Explicit concurrent mark sweep GC freed 3(96B) AllocSpace objects, 0(0B) LOS objects, 36% free, 27MB/43MB, paused 323us total 61.626ms
08-03 20:00:15.750 14871 14905 I art     : Starting a blocking GC Explicit
08-03 20:00:15.809 14871 14905 I art     : Explicit concurrent mark sweep GC freed 3(96B) AllocSpace objects, 0(0B) LOS objects, 36% free, 27MB/43MB, paused 333us total 58.944ms
08-03 20:00:15.829 14871 14905 I art     : Starting a blocking GC Explicit
08-03 20:00:15.890 14871 14905 I art     : Explicit concurrent mark sweep GC freed 3(96B) AllocSpace objects, 0(0B) LOS objects, 36% free, 27MB/43MB, paused 330us total 60.039ms
08-03 20:00:16.203 14871 14885 I art     : Starting a blocking GC Explicit
08-03 20:00:16.274 14871 14885 I art     : Explicit concurrent mark sweep GC freed 1343(80KB) AllocSpace objects, 1(20KB) LOS objects, 36% free, 27MB/43MB, paused 360us total 70.554ms
08-03 20:00:16.296 14871 14885 I art     : Starting a blocking GC Explicit
08-03 20:00:16.349 14871 14885 I art     : Explicit concurrent mark sweep GC freed 20(704B) AllocSpace objects, 0(0B) LOS objects, 36% free, 27MB/43MB, paused 316us total 52.367ms
08-03 20:00:16.369 14871 14885 I art     : Starting a blocking GC Explicit
08-03 20:00:16.429 14871 14885 I art     : Explicit concurrent mark sweep GC freed 3(96B) AllocSpace objects, 0(0B) LOS objects, 36% free, 27MB/43MB, paused 298us total 59.622ms
08-03 20:00:16.449 14871 14885 I art     : Starting a blocking GC Explicit
08-03 20:00:16.509 14871 14885 I art     : Explicit concurrent mark sweep GC freed 3(96B) AllocSpace objects, 0(0B) LOS objects, 36% free, 27MB/43MB, paused 332us total 60.161ms
08-03 20:00:16.532 14871 14885 I art     : Starting a blocking GC Explicit
08-03 20:00:16.591 14871 14885 I art     : Explicit concurrent mark sweep GC freed 3(96B) AllocSpace objects, 0(0B) LOS objects, 36% free, 27MB/43MB, paused 355us total 59.398ms
08-03 20:00:16.901 24365 30222 I NetworkScheduler.Stats: Task com.google.android.gms/com.google.android.gms.icing.service.IcingGcmTaskService started execution. cause:4 exec_start_elapsed_seconds: 1631420 [CONTEXT service_id=218 ]
08-03 20:00:16.905 24365 30222 I NetworkScheduler.Stats: Task com.google.android.apps.gcs/ started execution. cause:4 exec_start_elapsed_seconds: 1631420 [CONTEXT service_id=218 ]
08-03 20:00:16.906 11541 16209 W Gcs.WfaEliRefreshTask: [22184] afk.b: NULL eligibility response.
08-03 20:00:16.909 24365 30222 I NetworkScheduler.Stats: Task com.google.android.apps.gcs/ finished executing. cause:4 result: 3 elapsed_millis: 10 uptime_millis: 10 exec_start_elapsed_seconds: 1631420 [CONTEXT service_id=218 ]
08-03 20:00:16.909 14871 14884 I art     : Starting a blocking GC Explicit
08-03 20:00:16.923 24365 25567 I NetworkScheduler.Stats: Task com.google.android.gms/com.google.android.gms.icing.service.IcingGcmTaskService finished executing. cause:4 result: 1 elapsed_millis: 44 uptime_millis: 44 exec_start_elapsed_seconds: 1631420 [CONTEXT service_id=218 ]
08-03 20:00:16.957 14871 14884 I art     : Explicit concurrent mark sweep GC freed 1343(80KB) AllocSpace objects, 1(20KB) LOS objects, 36% free, 27MB/43MB, paused 293us total 47.493ms
08-03 20:00:16.975 14871 14884 I art     : Starting a blocking GC Explicit
08-03 20:00:17.027 14871 14884 I art     : Explicit concurrent mark sweep GC freed 20(704B) AllocSpace objects, 0(0B) LOS objects, 36% free, 27MB/43MB, paused 386us total 51.426ms
08-03 20:00:17.047 14871 14884 I art     : Starting a blocking GC Explicit
08-03 20:00:17.099 14871 14884 I art     : Explicit concurrent mark sweep GC freed 3(96B) AllocSpace objects, 0(0B) LOS objects, 36% free, 27MB/43MB, paused 316us total 51.994ms
08-03 20:00:17.119 14871 14884 I art     : Starting a blocking GC Explicit
08-03 20:00:17.175 14871 14884 I art     : Explicit concurrent mark sweep GC freed 3(96B) AllocSpace objects, 0(0B) LOS objects, 36% free, 27MB/43MB, paused 326us total 56.416ms
08-03 20:00:17.180 13866 13882 I PeriodicStatsRunner: PeriodicStatsRunner.call():175 call()
08-03 20:00:17.180 13866 13882 I PeriodicStatsRunner: PeriodicStatsRunner.call():179 No submit PeriodicStats since input started.
08-03 20:00:17.195 14871 14884 I art     : Starting a blocking GC Explicit
08-03 20:00:17.259 14871 14884 I art     : Explicit concurrent mark sweep GC freed 3(96B) AllocSpace objects, 0(0B) LOS objects, 36% free, 27MB/43MB, paused 327us total 63.532ms
08-03 20:00:17.309   918   918 I EntropyMixer: Added HW RNG output to entropy pool
08-03 20:00:17.309   918   918 I EntropyMixer: Writing entropy...
08-03 20:00:17.567 16014 16014 I ServiceManager: Waiting for service AtCmdFwd...
08-03 20:00:17.574 14871 15130 I art     : Starting a blocking GC Explicit
08-03 20:00:17.647 14871 15130 I art     : Explicit concurrent mark sweep GC freed 1343(80KB) AllocSpace objects, 1(20KB) LOS objects, 36% free, 27MB/43MB, paused 332us total 72.899ms
08-03 20:00:17.670 14871 15130 I art     : Starting a blocking GC Explicit
08-03 20:00:17.730 14871 15130 I art     : Explicit concurrent mark sweep GC freed 20(704B) AllocSpace objects, 0(0B) LOS objects, 36% free, 27MB/43MB, paused 344us total 59.584ms
08-03 20:00:17.750 14871 15130 I art     : Starting a blocking GC Explicit
08-03 20:00:17.808 14871 15130 I art     : Explicit concurrent mark sweep GC freed 3(96B) AllocSpace objects, 0(0B) LOS objects, 36% free, 27MB/43MB, paused 379us total 58.207ms
08-03 20:00:17.829 14871 15130 I art     : Starting a blocking GC Explicit
08-03 20:00:17.891 14871 15130 I art     : Explicit concurrent mark sweep GC freed 3(96B) AllocSpace objects, 0(0B) LOS objects, 36% free, 27MB/43MB, paused 334us total 62.289ms
08-03 20:00:17.915 14871 15130 I art     : Starting a blocking GC Explicit
08-03 20:00:17.975 14871 15130 I art     : Explicit concurrent mark sweep GC freed 3(96B) AllocSpace objects, 0(0B) LOS objects, 36% free, 27MB/43MB, paused 328us total 60.206ms
08-03 20:00:18.292 14871 14905 I art     : Starting a blocking GC Explicit
08-03 20:00:18.347 14871 14905 I art     : Explicit concurrent mark sweep GC freed 1343(80KB) AllocSpace objects, 1(20KB) LOS objects, 36% free, 27MB/43MB, paused 317us total 54.333ms
08-03 20:00:18.367 14871 14905 I art     : Starting a blocking GC Explicit
08-03 20:00:18.418 14871 14905 I art     : Explicit concurrent mark sweep GC freed 20(704B) AllocSpace objects, 0(0B) LOS objects, 36% free, 27MB/43MB, paused 315us total 51.392ms
08-03 20:00:18.437 14871 14905 I art     : Starting a blocking GC Explicit
08-03 20:00:18.494 14871 14905 I art     : Explicit concurrent mark sweep GC freed 3(96B) AllocSpace objects, 0(0B) LOS objects, 36% free, 27MB/43MB, paused 324us total 56.402ms
08-03 20:00:18.514 14871 14905 I art     : Starting a blocking GC Explicit
08-03 20:00:18.569 16014 16014 I ServiceManager: Waiting for service AtCmdFwd...
08-03 20:00:18.570 14871 14905 I art     : Explicit concurrent mark sweep GC freed 3(96B) AllocSpace objects, 0(0B) LOS objects, 36% free, 27MB/43MB, paused 306us total 55.520ms
08-03 20:00:18.590 14871 14905 I art     : Starting a blocking GC Explicit
08-03 20:00:18.646 14871 14905 I art     : Explicit concurrent mark sweep GC freed 3(96B) AllocSpace objects, 0(0B) LOS objects, 36% free, 27MB/43MB, paused 326us total 55.620ms
08-03 20:00:18.843 16231 16231 D AndroidRuntime: >>>>>> START com.android.internal.os.RuntimeInit uid 2000 <<<<<<
08-03 20:00:18.849 16231 16231 D AndroidRuntime: CheckJNI is OFF
08-03 20:00:18.890 16231 16231 D ICU     : No timezone override file found: /data/misc/zoneinfo/current/icu/icu_tzdata.dat
08-03 20:00:18.932 16231 16231 I Radio-JNI: register_android_hardware_Radio DONE
08-03 20:00:18.955 14871 14885 I art     : Starting a blocking GC Explicit
08-03 20:00:18.962 16231 16231 D AndroidRuntime: Calling main entry com.android.commands.input.Input
08-03 20:00:18.964 16231 16231 I Input   : injectKeyEvent: KeyEvent { action=ACTION_DOWN, keyCode=KEYCODE_BACK, scanCode=0, metaState=0, flags=0x0, repeatCount=0, eventTime=648035377, downTime=648035377, deviceId=-1, source=0x101 }
08-03 20:00:18.969 16231 16231 I Input   : injectKeyEvent: KeyEvent { action=ACTION_UP, keyCode=KEYCODE_BACK, scanCode=0, metaState=0, flags=0x0, repeatCount=0, eventTime=648035377, downTime=648035377, deviceId=-1, source=0x101 }
08-03 20:00:18.975 16231 16231 D AndroidRuntime: Shutting down VM
08-03 20:00:19.006 14871 14885 I art     : Explicit concurrent mark sweep GC freed 1469(85KB) AllocSpace objects, 1(20KB) LOS objects, 36% free, 27MB/43MB, paused 321us total 50.837ms
08-03 20:00:19.016 13866 13866 I GoogleInputMethodServic: GoogleInputMethodService.onFinishInput():3138 
08-03 20:00:19.017 13866 13866 I GoogleInputMethodServic: GoogleInputMethodService.onStartInput():1808 
08-03 20:00:19.024 14871 14885 I art     : Starting a blocking GC Explicit
08-03 20:00:19.073 14871 14885 I art     : Explicit concurrent mark sweep GC freed 151(5KB) AllocSpace objects, 0(0B) LOS objects, 36% free, 27MB/43MB, paused 345us total 48.681ms
08-03 20:00:19.092 14871 16159 I RedditChangeDataIO: Writing tmp data file at '/data/user/0/baseline.org.quantumbadger.redreader/files/rr_change_data_tmp.dat'
08-03 20:00:19.092 14871 16159 I RedditChangeDataManager: Taking snapshot...
08-03 20:00:19.092 14871 16159 I RedditChangeDataManager: Writing to stream...
08-03 20:00:19.092 14871 16159 I RedditChangeDataManager: Wrote 3 entries for user ''
08-03 20:00:19.093 14871 16159 I RedditChangeDataManager: All entries written to stream.
08-03 20:00:19.093 14871 14885 I art     : Starting a blocking GC Explicit
08-03 20:00:19.093 14871 16159 I RedditChangeDataIO: Write successful. Atomically replacing data file...
08-03 20:00:19.093 14871 16159 I RedditChangeDataIO: Write complete.
08-03 20:00:19.093 14871 16159 I RedditChangeDataIO: 86 bytes written in 1 ms
08-03 20:00:19.141 14871 14885 I art     : Explicit concurrent mark sweep GC freed 73(4KB) AllocSpace objects, 1(68KB) LOS objects, 36% free, 27MB/43MB, paused 294us total 48.242ms
08-03 20:00:19.163 14871 14885 I art     : Starting a blocking GC Explicit
08-03 20:00:19.205 13866 13882 I PeriodicStatsRunner: PeriodicStatsRunner.call():175 call()
08-03 20:00:19.205 13866 13882 I PeriodicStatsRunner: PeriodicStatsRunner.call():179 No submit PeriodicStats since input started.
08-03 20:00:19.226 14871 14885 I art     : Explicit concurrent mark sweep GC freed 18(1168B) AllocSpace objects, 0(0B) LOS objects, 36% free, 27MB/43MB, paused 348us total 62.483ms
08-03 20:00:19.249 14871 14885 I art     : Starting a blocking GC Explicit
08-03 20:00:19.313 14871 14885 I art     : Explicit concurrent mark sweep GC freed 6(192B) AllocSpace objects, 0(0B) LOS objects, 36% free, 27MB/43MB, paused 333us total 63.796ms
08-03 20:00:19.314 14871 14882 I art     : WaitForGcToComplete blocked for 32.643ms for cause HeapTrim
08-03 20:00:19.338   380   380 W SurfaceFlinger: couldn't log to binary event log: overflow.
08-03 20:00:19.569 16014 16014 I ServiceManager: Waiting for service AtCmdFwd...
08-03 20:00:19.594 14871 14884 I art     : Starting a blocking GC Explicit
08-03 20:00:19.660 14871 14884 I art     : Explicit concurrent mark sweep GC freed 1395(82KB) AllocSpace objects, 1(20KB) LOS objects, 36% free, 27MB/43MB, paused 359us total 66.212ms
08-03 20:00:19.683 14871 14884 I art     : Starting a blocking GC Explicit
08-03 20:00:19.726 14871 14884 I art     : Explicit concurrent mark sweep GC freed 46779(2MB) AllocSpace objects, 5(140KB) LOS objects, 39% free, 24MB/40MB, paused 310us total 42.247ms
08-03 20:00:19.743 14871 14884 I art     : Starting a blocking GC Explicit
08-03 20:00:19.780 14871 14884 I art     : Explicit concurrent mark sweep GC freed 3(96B) AllocSpace objects, 0(0B) LOS objects, 39% free, 24MB/40MB, paused 307us total 36.446ms
08-03 20:00:19.797 14871 14884 I art     : Starting a blocking GC Explicit
08-03 20:00:19.834 14871 14884 I art     : Explicit concurrent mark sweep GC freed 3(96B) AllocSpace objects, 0(0B) LOS objects, 39% free, 24MB/40MB, paused 310us total 36.833ms
08-03 20:00:19.852 14871 14884 I art     : Starting a blocking GC Explicit
08-03 20:00:19.890 14871 14884 I art     : Explicit concurrent mark sweep GC freed 3(96B) AllocSpace objects, 0(0B) LOS objects, 39% free, 24MB/40MB, paused 332us total 38.317ms
08-03 20:00:20.180 14871 15130 I art     : Starting a blocking GC Explicit
08-03 20:00:20.224 14871 15130 I art     : Explicit concurrent mark sweep GC freed 1343(80KB) AllocSpace objects, 1(20KB) LOS objects, 39% free, 24MB/40MB, paused 314us total 44.011ms
08-03 20:00:20.241 14871 15130 I art     : Starting a blocking GC Explicit
08-03 20:00:20.278 14871 15130 I art     : Explicit concurrent mark sweep GC freed 20(704B) AllocSpace objects, 0(0B) LOS objects, 39% free, 24MB/40MB, paused 315us total 36.281ms
08-03 20:00:20.295 14871 15130 I art     : Starting a blocking GC Explicit
08-03 20:00:20.331 14871 15130 I art     : Explicit concurrent mark sweep GC freed 3(96B) AllocSpace objects, 0(0B) LOS objects, 39% free, 24MB/40MB, paused 306us total 35.541ms
08-03 20:00:20.348 14871 15130 I art     : Starting a blocking GC Explicit
08-03 20:00:20.384 14871 15130 I art     : Explicit concurrent mark sweep GC freed 3(96B) AllocSpace objects, 0(0B) LOS objects, 39% free, 24MB/40MB, paused 316us total 35.657ms
08-03 20:00:20.401 14871 15130 I art     : Starting a blocking GC Explicit
08-03 20:00:20.437 14871 15130 I art     : Explicit concurrent mark sweep GC freed 3(96B) AllocSpace objects, 0(0B) LOS objects, 39% free, 24MB/40MB, paused 344us total 35.884ms
08-03 20:00:20.570 16014 16014 I ServiceManager: Waiting for service AtCmdFwd...
08-03 20:00:20.710 14871 14905 I art     : Starting a blocking GC Explicit
08-03 20:00:20.748 14871 14905 I art     : Explicit concurrent mark sweep GC freed 1343(80KB) AllocSpace objects, 1(20KB) LOS objects, 39% free, 24MB/40MB, paused 428us total 36.841ms
08-03 20:00:20.752 16274 16274 D AndroidRuntime: >>>>>> START com.android.internal.os.RuntimeInit uid 2000 <<<<<<
08-03 20:00:20.758 16274 16274 D AndroidRuntime: CheckJNI is OFF
08-03 20:00:20.765 14871 14905 I art     : Starting a blocking GC Explicit
08-03 20:00:20.800 14871 14905 I art     : Explicit concurrent mark sweep GC freed 20(704B) AllocSpace objects, 0(0B) LOS objects, 39% free, 24MB/40MB, paused 308us total 34.619ms
08-03 20:00:20.802 16274 16274 D ICU     : No timezone override file found: /data/misc/zoneinfo/current/icu/icu_tzdata.dat
08-03 20:00:20.817 14871 14905 I art     : Starting a blocking GC Explicit
08-03 20:00:20.844 16274 16274 I Radio-JNI: register_android_hardware_Radio DONE
08-03 20:00:20.853 14871 14905 I art     : Explicit concurrent mark sweep GC freed 3(96B) AllocSpace objects, 0(0B) LOS objects, 39% free, 24MB/40MB, paused 333us total 35.836ms
08-03 20:00:20.870 14871 14905 I art     : Starting a blocking GC Explicit
08-03 20:00:20.873 16274 16274 D AndroidRuntime: Calling main entry com.android.commands.input.Input
08-03 20:00:20.875 16274 16274 I Input   : injectKeyEvent: KeyEvent { action=ACTION_DOWN, keyCode=KEYCODE_BACK, scanCode=0, metaState=0, flags=0x0, repeatCount=0, eventTime=648037288, downTime=648037288, deviceId=-1, source=0x101 }
08-03 20:00:20.881 16274 16274 I Input   : injectKeyEvent: KeyEvent { action=ACTION_UP, keyCode=KEYCODE_BACK, scanCode=0, metaState=0, flags=0x0, repeatCount=0, eventTime=648037288, downTime=648037288, deviceId=-1, source=0x101 }
08-03 20:00:20.887 16274 16274 D AndroidRuntime: Shutting down VM
08-03 20:00:20.906 14871 14905 I art     : Explicit concurrent mark sweep GC freed 106(3KB) AllocSpace objects, 0(0B) LOS objects, 39% free, 24MB/40MB, paused 315us total 35.383ms
08-03 20:00:20.923 14871 14905 I art     : Starting a blocking GC Explicit
08-03 20:00:20.930 13866 13866 I GoogleInputMethodServic: GoogleInputMethodService.onFinishInput():3138 
08-03 20:00:20.931 13866 13866 I GoogleInputMethodServic: GoogleInputMethodService.onStartInput():1808 
08-03 20:00:20.957 14871 14905 I art     : Explicit concurrent mark sweep GC freed 46(1712B) AllocSpace objects, 0(0B) LOS objects, 39% free, 24MB/40MB, paused 312us total 34.380ms
08-03 20:00:21.242 14871 14884 I art     : Starting a blocking GC Explicit
08-03 20:00:21.280 14871 14884 I art     : Explicit concurrent mark sweep GC freed 1441(83KB) AllocSpace objects, 1(20KB) LOS objects, 39% free, 24MB/40MB, paused 332us total 37.666ms
08-03 20:00:21.298 14871 14884 I art     : Starting a blocking GC Explicit
08-03 20:00:21.335 14871 14884 I art     : Explicit concurrent mark sweep GC freed 150(7KB) AllocSpace objects, 0(0B) LOS objects, 39% free, 24MB/40MB, paused 336us total 36.749ms
08-03 20:00:21.352 14871 14884 I art     : Starting a blocking GC Explicit
08-03 20:00:21.390 14871 14884 I art     : Explicit concurrent mark sweep GC freed 3(96B) AllocSpace objects, 0(0B) LOS objects, 39% free, 24MB/40MB, paused 328us total 37.519ms
08-03 20:00:21.407 14871 14884 I art     : Starting a blocking GC Explicit
08-03 20:00:21.445 14871 14884 I art     : Explicit concurrent mark sweep GC freed 3(96B) AllocSpace objects, 0(0B) LOS objects, 39% free, 24MB/40MB, paused 325us total 37.601ms
08-03 20:00:21.462 14871 14884 I art     : Starting a blocking GC Explicit
08-03 20:00:21.500 14871 14884 I art     : Explicit concurrent mark sweep GC freed 3(96B) AllocSpace objects, 0(0B) LOS objects, 39% free, 24MB/40MB, paused 335us total 37.802ms
08-03 20:00:21.571 16014 16014 I ServiceManager: Waiting for service AtCmdFwd...
08-03 20:00:21.804 14871 15130 I art     : Starting a blocking GC Explicit
08-03 20:00:21.853 14871 15130 I art     : Explicit concurrent mark sweep GC freed 1343(80KB) AllocSpace objects, 1(20KB) LOS objects, 39% free, 24MB/40MB, paused 357us total 49.398ms
08-03 20:00:21.874 14871 15130 I art     : Starting a blocking GC Explicit
08-03 20:00:21.912 14871 15130 I art     : Explicit concurrent mark sweep GC freed 20(704B) AllocSpace objects, 0(0B) LOS objects, 39% free, 24MB/40MB, paused 326us total 38.019ms
08-03 20:00:21.929 14871 15130 I art     : Starting a blocking GC Explicit
08-03 20:00:21.967 14871 15130 I art     : Explicit concurrent mark sweep GC freed 3(96B) AllocSpace objects, 0(0B) LOS objects, 39% free, 24MB/40MB, paused 320us total 37.408ms
08-03 20:00:21.984 14871 15130 I art     : Starting a blocking GC Explicit
08-03 20:00:22.022 14871 15130 I art     : Explicit concurrent mark sweep GC freed 3(96B) AllocSpace objects, 0(0B) LOS objects, 39% free, 24MB/40MB, paused 332us total 37.760ms
08-03 20:00:22.039 14871 15130 I art     : Starting a blocking GC Explicit
08-03 20:00:22.078 14871 15130 I art     : Explicit concurrent mark sweep GC freed 3(96B) AllocSpace objects, 0(0B) LOS objects, 39% free, 24MB/40MB, paused 350us total 38.207ms
08-03 20:00:22.360 14871 14885 I art     : Starting a blocking GC Explicit
08-03 20:00:22.397 14871 14885 I art     : Explicit concurrent mark sweep GC freed 1343(80KB) AllocSpace objects, 1(20KB) LOS objects, 39% free, 24MB/40MB, paused 334us total 37.187ms
08-03 20:00:22.414 14871 14885 I art     : Starting a blocking GC Explicit
08-03 20:00:22.451 14871 14885 I art     : Explicit concurrent mark sweep GC freed 20(704B) AllocSpace objects, 0(0B) LOS objects, 39% free, 24MB/40MB, paused 322us total 37.035ms
08-03 20:00:22.468 14871 14885 I art     : Starting a blocking GC Explicit
08-03 20:00:22.507 14871 14885 I art     : Explicit concurrent mark sweep GC freed 3(96B) AllocSpace objects, 0(0B) LOS objects, 39% free, 24MB/40MB, paused 327us total 39.018ms
08-03 20:00:22.525 14871 14885 I art     : Starting a blocking GC Explicit
08-03 20:00:22.565 14871 14885 I art     : Explicit concurrent mark sweep GC freed 3(96B) AllocSpace objects, 0(0B) LOS objects, 39% free, 24MB/40MB, paused 341us total 39.877ms
08-03 20:00:22.571 16014 16014 W Atfwd_Sendcmd: AtCmdFwd service not published, waiting... retryCnt : 2
08-03 20:00:22.582 14871 14885 I art     : Starting a blocking GC Explicit
08-03 20:00:22.621 14871 14885 I art     : Explicit concurrent mark sweep GC freed 3(96B) AllocSpace objects, 0(0B) LOS objects, 39% free, 24MB/40MB, paused 334us total 39.116ms
08-03 20:00:22.692 16318 16318 D AndroidRuntime: >>>>>> START com.android.internal.os.RuntimeInit uid 2000 <<<<<<
08-03 20:00:22.699 16318 16318 D AndroidRuntime: CheckJNI is OFF
08-03 20:00:22.749 16318 16318 D ICU     : No timezone override file found: /data/misc/zoneinfo/current/icu/icu_tzdata.dat
08-03 20:00:22.796 16318 16318 I Radio-JNI: register_android_hardware_Radio DONE
08-03 20:00:22.824 16318 16318 D AndroidRuntime: Calling main entry com.android.commands.input.Input
08-03 20:00:22.827 16318 16318 I Input   : injectMotionEvent: MotionEvent { action=ACTION_DOWN, actionButton=0, id[0]=0, x[0]=600.0, y[0]=1536.0, toolType[0]=TOOL_TYPE_UNKNOWN, buttonState=0, metaState=0, flags=0x0, edgeFlags=0x0, pointerCount=1, historySize=0, eventTime=648039239, downTime=648039239, deviceId=0, source=0x1002 }
08-03 20:00:22.834 16318 16318 I Input   : injectMotionEvent: MotionEvent { action=ACTION_UP, actionButton=0, id[0]=0, x[0]=600.0, y[0]=1536.0, toolType[0]=TOOL_TYPE_UNKNOWN, buttonState=0, metaState=0, flags=0x0, edgeFlags=0x0, pointerCount=1, historySize=0, eventTime=648039239, downTime=648039239, deviceId=0, source=0x1002 }
08-03 20:00:22.836 16318 16318 D AndroidRuntime: Shutting down VM
08-03 20:00:22.847   918  6112 I ActivityManager: START u0 {dat=https://oauth.reddit.com/... cmp=baseline.org.quantumbadger.redreader/.activities.PostListingActivity} from uid 10634 on display 0
08-03 20:00:22.847   512  2967 D audio_hw_primary: out_set_parameters: enter: usecase(1: low-latency-playback) kvpairs: routing=2
08-03 20:00:22.860   512  2967 D audio_hw_primary: select_devices: out_snd_device(2: speaker) in_snd_device(0: none)
08-03 20:00:22.860   512  2967 D msm8974_platform: platform_send_audio_calibration: sending audio calibration for snd_device(2) acdb_id(15)
08-03 20:00:22.860   512  2967 I soundtrigger: audio_extn_sound_trigger_update_device_status: device 0x2 of type 0 for Event 1
08-03 20:00:22.867 14871 14871 I AppCompatViewInflater: app:theme is now deprecated. Please move to using android:theme instead.
08-03 20:00:22.870   512  2967 D audio_hw_primary: enable_snd_device: snd_device(2: speaker)
08-03 20:00:22.872   512  2967 D audio_hw_primary: enable_audio_route: apply and update mixer path: low-latency-playback speaker
08-03 20:00:22.894 14871 16352 D OK      : calling: https://oauth.reddit.com/r/askscience/about.json
08-03 20:00:22.942 14871 14885 I art     : Starting a blocking GC Explicit
08-03 20:00:22.954   918   936 I ActivityManager: Displayed baseline.org.quantumbadger.redreader/.activities.PostListingActivity: +99ms
08-03 20:00:22.954 13866 13866 I GoogleInputMethodServic: GoogleInputMethodService.onFinishInput():3138 
08-03 20:00:22.955 13866 13866 I GoogleInputMethodServic: GoogleInputMethodService.onStartInput():1808 
08-03 20:00:22.981 14871 14885 I art     : Explicit concurrent mark sweep GC freed 2895(180KB) AllocSpace objects, 1(20KB) LOS objects, 38% free, 25MB/41MB, paused 393us total 38.190ms
08-03 20:00:22.998 14871 14885 I art     : Starting a blocking GC Explicit
08-03 20:00:23.033 14871 14885 I art     : Explicit concurrent mark sweep GC freed 504(26KB) AllocSpace objects, 0(0B) LOS objects, 39% free, 25MB/41MB, paused 376us total 33.874ms
08-03 20:00:23.049 14871 14885 I art     : Starting a blocking GC Explicit
08-03 20:00:23.087 14871 14885 I art     : Explicit concurrent mark sweep GC freed 67(4KB) AllocSpace objects, 0(0B) LOS objects, 39% free, 25MB/41MB, paused 370us total 37.963ms
08-03 20:00:23.106 14871 14885 I art     : Starting a blocking GC Explicit
08-03 20:00:23.151 14871 14885 I art     : Explicit concurrent mark sweep GC freed 4(128B) AllocSpace objects, 0(0B) LOS objects, 39% free, 24MB/40MB, paused 367us total 44.184ms
08-03 20:00:23.170 14871 14885 I art     : Starting a blocking GC Explicit
08-03 20:00:23.209   380   380 W SurfaceFlinger: couldn't log to binary event log: overflow.
08-03 20:00:23.214 14871 14885 I art     : Explicit concurrent mark sweep GC freed 3(96B) AllocSpace objects, 0(0B) LOS objects, 39% free, 24MB/40MB, paused 387us total 44.399ms
08-03 20:00:23.409   512  2967 D audio_hw_primary: disable_audio_route: reset and update mixer path: low-latency-playback speaker
08-03 20:00:23.410   512  2967 D audio_hw_primary: disable_snd_device: snd_device(2: speaker)
08-03 20:00:23.419   512  2967 I soundtrigger: audio_extn_sound_trigger_update_device_status: device 0x2 of type 0 for Event 0
08-03 20:00:23.492 14871 16352 I NAPPA_EXPERIMENTATION: MetricNetworkRequestExecutionTime: REQUEST_DURATION_SYSTEM='597',REQUEST_DURATION_OKHTTP='152',REQUEST_SYNCHRONOUS='TRUE',RESPONSE_CODE='200',RESPONSE_METHOD='GET',RESPONSE_LENGTH_OKHTTP='-1',RESPONSE_LENGTH_HEADER='4700',REQUEST_PROTOCOL='h2',REQUEST_URL='https://oauth.reddit.com/r/askscience/about.json',
08-03 20:00:23.492 14871 16352 D OK      : request got status: 200
08-03 20:00:23.506 14871 14905 I art     : Starting a blocking GC Explicit
08-03 20:00:23.547 14871 14905 I art     : Explicit concurrent mark sweep GC freed 4525(265KB) AllocSpace objects, 3(108KB) LOS objects, 38% free, 25MB/41MB, paused 606us total 40.608ms
08-03 20:00:23.564 14871 14905 I art     : Starting a blocking GC Explicit
08-03 20:00:23.603 14871 14905 I art     : Explicit concurrent mark sweep GC freed 663(92KB) AllocSpace objects, 1(68KB) LOS objects, 38% free, 25MB/41MB, paused 333us total 38.033ms
08-03 20:00:23.620 14871 14905 I art     : Starting a blocking GC Explicit
08-03 20:00:23.658 14871 14905 I art     : Explicit concurrent mark sweep GC freed 103(6KB) AllocSpace objects, 0(0B) LOS objects, 38% free, 25MB/41MB, paused 375us total 38.309ms
08-03 20:00:23.676 14871 14905 I art     : Starting a blocking GC Explicit
08-03 20:00:23.688   918  3188 I hubconnection: sensorhub said: 'set_bias 3: -5.7600, 0.0000, 0.0000'
08-03 20:00:23.714 14871 14905 I art     : Explicit concurrent mark sweep GC freed 3(96B) AllocSpace objects, 0(0B) LOS objects, 38% free, 25MB/41MB, paused 338us total 38.043ms
08-03 20:00:23.731 14871 14905 I art     : Starting a blocking GC Explicit
08-03 20:00:23.769 14871 14905 I art     : Explicit concurrent mark sweep GC freed 3(96B) AllocSpace objects, 0(0B) LOS objects, 38% free, 25MB/41MB, paused 352us total 37.317ms
08-03 20:00:24.017 13866 13882 I PeriodicStatsRunner: PeriodicStatsRunner.call():175 call()
08-03 20:00:24.017 13866 13882 I PeriodicStatsRunner: PeriodicStatsRunner.call():179 No submit PeriodicStats since input started.
08-03 20:00:24.065 14871 14884 I art     : Starting a blocking GC Explicit
08-03 20:00:24.095 14871 16376 D OK      : calling: https://oauth.reddit.com/r/askscience/hot/.json
08-03 20:00:24.105 14871 14884 I art     : Explicit concurrent mark sweep GC freed 1493(86KB) AllocSpace objects, 1(20KB) LOS objects, 38% free, 25MB/41MB, paused 427us total 39.665ms
08-03 20:00:24.122 14871 14884 I art     : Starting a blocking GC Explicit
08-03 20:00:24.160 14871 14884 I art     : Explicit concurrent mark sweep GC freed 27(992B) AllocSpace objects, 0(0B) LOS objects, 38% free, 25MB/41MB, paused 413us total 37.600ms
08-03 20:00:24.177 14871 14884 I art     : Starting a blocking GC Explicit
08-03 20:00:24.215 14871 14884 I art     : Explicit concurrent mark sweep GC freed 3(96B) AllocSpace objects, 0(0B) LOS objects, 38% free, 25MB/41MB, paused 418us total 37.831ms
08-03 20:00:24.233 14871 14884 I art     : Starting a blocking GC Explicit
08-03 20:00:24.270 14871 14884 I art     : Explicit concurrent mark sweep GC freed 3(96B) AllocSpace objects, 0(0B) LOS objects, 38% free, 25MB/41MB, paused 393us total 37.246ms
08-03 20:00:24.285 14871 16376 I NAPPA_EXPERIMENTATION: MetricNetworkRequestExecutionTime: REQUEST_DURATION_SYSTEM='190',REQUEST_DURATION_OKHTTP='187',REQUEST_SYNCHRONOUS='TRUE',RESPONSE_CODE='200',RESPONSE_METHOD='GET',RESPONSE_LENGTH_OKHTTP='-1',RESPONSE_LENGTH_HEADER='21282',REQUEST_PROTOCOL='h2',REQUEST_URL='https://oauth.reddit.com/r/askscience/hot/.json',
08-03 20:00:24.285 14871 16376 D OK      : request got status: 200
08-03 20:00:24.287 14871 14884 I art     : Starting a blocking GC Explicit
08-03 20:00:24.305 14871 15500 I PostListingFragment: Precaching images: OFF
08-03 20:00:24.306 14871 15500 I PostListingFragment: Precaching comments: OFF
08-03 20:00:24.327 14871 14884 I art     : Explicit concurrent mark sweep GC freed 766(124KB) AllocSpace objects, 0(0B) LOS objects, 38% free, 25MB/41MB, paused 664us total 39.329ms
08-03 20:00:24.622 14871 14885 I art     : Starting a blocking GC Explicit
08-03 20:00:24.670 14871 14885 I art     : Explicit concurrent mark sweep GC freed 19253(837KB) AllocSpace objects, 3(156KB) LOS objects, 38% free, 25MB/41MB, paused 990us total 47.671ms
08-03 20:00:24.671 14871 14882 I art     : WaitForGcToComplete blocked for 9.393ms for cause HeapTrim
08-03 20:00:24.688 14871 14885 I art     : Starting a blocking GC Explicit
08-03 20:00:24.729 14871 14885 I art     : Explicit concurrent mark sweep GC freed 13827(632KB) AllocSpace objects, 0(0B) LOS objects, 38% free, 25MB/41MB, paused 566us total 40.743ms
08-03 20:00:24.747 14871 14885 I art     : Starting a blocking GC Explicit
08-03 20:00:24.787 14871 14885 I art     : Explicit concurrent mark sweep GC freed 756(38KB) AllocSpace objects, 0(0B) LOS objects, 38% free, 25MB/41MB, paused 644us total 40.613ms
08-03 20:00:24.804 14871 14885 I art     : Starting a blocking GC Explicit
08-03 20:00:24.845 14871 14885 I art     : Explicit concurrent mark sweep GC freed 826(35KB) AllocSpace objects, 0(0B) LOS objects, 38% free, 25MB/41MB, paused 415us total 40.095ms
08-03 20:00:24.865 14871 14885 I art     : Starting a blocking GC Explicit
08-03 20:00:24.907 14871 14885 I art     : Explicit concurrent mark sweep GC freed 49(2256B) AllocSpace objects, 0(0B) LOS objects, 38% free, 25MB/41MB, paused 469us total 41.368ms
08-03 20:00:25.212 14871 14884 I art     : Starting a blocking GC Explicit
08-03 20:00:25.255 14871 14884 I art     : Explicit concurrent mark sweep GC freed 1694(97KB) AllocSpace objects, 1(20KB) LOS objects, 38% free, 25MB/41MB, paused 367us total 42.605ms
08-03 20:00:25.276 14871 14884 I art     : Starting a blocking GC Explicit
08-03 20:00:25.320 14871 14884 I art     : Explicit concurrent mark sweep GC freed 83(4KB) AllocSpace objects, 0(0B) LOS objects, 38% free, 25MB/41MB, paused 377us total 43.352ms
08-03 20:00:25.337 14871 14884 I art     : Starting a blocking GC Explicit
08-03 20:00:25.380 14871 14884 I art     : Explicit concurrent mark sweep GC freed 3(96B) AllocSpace objects, 0(0B) LOS objects, 38% free, 25MB/41MB, paused 356us total 42.859ms
08-03 20:00:25.398 14871 14884 I art     : Starting a blocking GC Explicit
08-03 20:00:25.441 14871 14884 I art     : Explicit concurrent mark sweep GC freed 3(96B) AllocSpace objects, 0(0B) LOS objects, 38% free, 25MB/41MB, paused 362us total 42.532ms
08-03 20:00:25.459 14871 14884 I art     : Starting a blocking GC Explicit
08-03 20:00:25.505 14871 14884 I art     : Explicit concurrent mark sweep GC freed 3(96B) AllocSpace objects, 0(0B) LOS objects, 38% free, 25MB/41MB, paused 362us total 45.601ms
08-03 20:00:25.821 14871 15130 I art     : Starting a blocking GC Explicit
08-03 20:00:25.872 14871 15130 I art     : Explicit concurrent mark sweep GC freed 1347(80KB) AllocSpace objects, 1(20KB) LOS objects, 38% free, 25MB/41MB, paused 392us total 50.669ms
08-03 20:00:25.895 14871 15130 I art     : Starting a blocking GC Explicit
08-03 20:00:25.931 13866 13882 I PeriodicStatsRunner: PeriodicStatsRunner.call():175 call()
08-03 20:00:25.932 13866 13882 I PeriodicStatsRunner: PeriodicStatsRunner.call():179 No submit PeriodicStats since input started.
08-03 20:00:25.942 14871 15130 I art     : Explicit concurrent mark sweep GC freed 20(704B) AllocSpace objects, 0(0B) LOS objects, 38% free, 25MB/41MB, paused 387us total 46.779ms
08-03 20:00:25.960 14871 15130 I art     : Starting a blocking GC Explicit
08-03 20:00:26.005 14871 15130 I art     : Explicit concurrent mark sweep GC freed 3(96B) AllocSpace objects, 0(0B) LOS objects, 38% free, 25MB/41MB, paused 347us total 44.852ms
08-03 20:00:26.023 14871 15130 I art     : Starting a blocking GC Explicit
08-03 20:00:26.068 14871 15130 I art     : Explicit concurrent mark sweep GC freed 3(96B) AllocSpace objects, 0(0B) LOS objects, 38% free, 25MB/41MB, paused 389us total 44.838ms
08-03 20:00:26.087 14871 15130 I art     : Starting a blocking GC Explicit
08-03 20:00:26.132 14871 15130 I art     : Explicit concurrent mark sweep GC freed 3(96B) AllocSpace objects, 0(0B) LOS objects, 38% free, 25MB/41MB, paused 345us total 44.890ms
08-03 20:00:26.460 14871 14905 I art     : Starting a blocking GC Explicit
08-03 20:00:26.517 14871 14905 I art     : Explicit concurrent mark sweep GC freed 1344(80KB) AllocSpace objects, 1(20KB) LOS objects, 38% free, 25MB/41MB, paused 390us total 56.070ms
08-03 20:00:26.540 14871 14905 I art     : Starting a blocking GC Explicit
08-03 20:00:26.585 14871 14905 I art     : Explicit concurrent mark sweep GC freed 20(704B) AllocSpace objects, 0(0B) LOS objects, 38% free, 25MB/41MB, paused 358us total 44.882ms
08-03 20:00:26.603 14871 14905 I art     : Starting a blocking GC Explicit
08-03 20:00:26.648 14871 14905 I art     : Explicit concurrent mark sweep GC freed 3(96B) AllocSpace objects, 0(0B) LOS objects, 38% free, 25MB/41MB, paused 381us total 43.894ms
08-03 20:00:26.666 14871 14905 I art     : Starting a blocking GC Explicit
08-03 20:00:26.710 14871 14905 I art     : Explicit concurrent mark sweep GC freed 3(96B) AllocSpace objects, 0(0B) LOS objects, 38% free, 25MB/41MB, paused 370us total 43.603ms
08-03 20:00:26.728 14871 14905 I art     : Starting a blocking GC Explicit
08-03 20:00:26.774 14871 14905 I art     : Explicit concurrent mark sweep GC freed 3(96B) AllocSpace objects, 0(0B) LOS objects, 38% free, 25MB/41MB, paused 392us total 45.822ms
08-03 20:00:27.127 14871 14885 I art     : Starting a blocking GC Explicit
08-03 20:00:27.179 14871 14885 I art     : Explicit concurrent mark sweep GC freed 1344(80KB) AllocSpace objects, 1(20KB) LOS objects, 38% free, 25MB/41MB, paused 425us total 51.410ms
08-03 20:00:27.201 14871 14885 I art     : Starting a blocking GC Explicit
08-03 20:00:27.247 14871 14885 I art     : Explicit concurrent mark sweep GC freed 20(704B) AllocSpace objects, 0(0B) LOS objects, 38% free, 25MB/41MB, paused 431us total 46.278ms
08-03 20:00:27.265 14871 14885 I art     : Starting a blocking GC Explicit
08-03 20:00:27.309 14871 14885 I art     : Explicit concurrent mark sweep GC freed 3(96B) AllocSpace objects, 0(0B) LOS objects, 38% free, 25MB/41MB, paused 377us total 43.569ms
08-03 20:00:27.327 14871 14885 I art     : Starting a blocking GC Explicit
08-03 20:00:27.373 14871 14885 I art     : Explicit concurrent mark sweep GC freed 3(96B) AllocSpace objects, 0(0B) LOS objects, 38% free, 25MB/41MB, paused 389us total 45.206ms
08-03 20:00:27.394 14871 14885 I art     : Starting a blocking GC Explicit
08-03 20:00:27.439 14871 14885 I art     : Explicit concurrent mark sweep GC freed 3(96B) AllocSpace objects, 0(0B) LOS objects, 38% free, 25MB/41MB, paused 349us total 44.272ms
08-03 20:00:27.772 14871 14884 I art     : Starting a blocking GC Explicit
08-03 20:00:27.818 14871 14884 I art     : Explicit concurrent mark sweep GC freed 1343(80KB) AllocSpace objects, 1(20KB) LOS objects, 38% free, 25MB/41MB, paused 382us total 45.447ms
08-03 20:00:27.837 14871 14884 I art     : Starting a blocking GC Explicit
08-03 20:00:27.883 14871 14884 I art     : Explicit concurrent mark sweep GC freed 20(704B) AllocSpace objects, 0(0B) LOS objects, 38% free, 25MB/41MB, paused 396us total 45.973ms
08-03 20:00:27.905 14871 14884 I art     : Starting a blocking GC Explicit
08-03 20:00:27.949 14871 14884 I art     : Explicit concurrent mark sweep GC freed 3(96B) AllocSpace objects, 0(0B) LOS objects, 38% free, 25MB/41MB, paused 349us total 43.227ms
08-03 20:00:27.955 13866 13882 I PeriodicStatsRunner: PeriodicStatsRunner.call():175 call()
08-03 20:00:27.955 13866 13882 I PeriodicStatsRunner: PeriodicStatsRunner.call():179 No submit PeriodicStats since input started.
08-03 20:00:27.967 14871 14884 I art     : Starting a blocking GC Explicit
08-03 20:00:28.012 14871 14884 I art     : Explicit concurrent mark sweep GC freed 3(96B) AllocSpace objects, 0(0B) LOS objects, 38% free, 25MB/41MB, paused 344us total 44.409ms
08-03 20:00:28.030 14871 14884 I art     : Starting a blocking GC Explicit
08-03 20:00:28.073 14871 14884 I art     : Explicit concurrent mark sweep GC freed 3(96B) AllocSpace objects, 0(0B) LOS objects, 38% free, 25MB/41MB, paused 362us total 43.303ms
08-03 20:00:28.411 14871 15130 I art     : Starting a blocking GC Explicit
08-03 20:00:28.462 14871 15130 I art     : Explicit concurrent mark sweep GC freed 1347(80KB) AllocSpace objects, 1(20KB) LOS objects, 38% free, 25MB/41MB, paused 389us total 50.930ms
08-03 20:00:28.480 14871 15130 I art     : Starting a blocking GC Explicit
08-03 20:00:28.523 14871 15130 I art     : Explicit concurrent mark sweep GC freed 20(704B) AllocSpace objects, 0(0B) LOS objects, 38% free, 25MB/41MB, paused 383us total 42.416ms
08-03 20:00:28.541 14871 15130 I art     : Starting a blocking GC Explicit
08-03 20:00:28.584 14871 15130 I art     : Explicit concurrent mark sweep GC freed 3(96B) AllocSpace objects, 0(0B) LOS objects, 38% free, 25MB/41MB, paused 375us total 42.985ms
08-03 20:00:28.602 14871 15130 I art     : Starting a blocking GC Explicit
08-03 20:00:28.643 16439 16439 D AndroidRuntime: >>>>>> START com.android.internal.os.RuntimeInit uid 2000 <<<<<<
08-03 20:00:28.645 14871 15130 I art     : Explicit concurrent mark sweep GC freed 3(96B) AllocSpace objects, 0(0B) LOS objects, 38% free, 25MB/41MB, paused 403us total 42.666ms
08-03 20:00:28.650 16439 16439 D AndroidRuntime: CheckJNI is OFF
08-03 20:00:28.663 14871 15130 I art     : Starting a blocking GC Explicit
08-03 20:00:28.697 16439 16439 D ICU     : No timezone override file found: /data/misc/zoneinfo/current/icu/icu_tzdata.dat
08-03 20:00:28.705 14871 15130 I art     : Explicit concurrent mark sweep GC freed 3(96B) AllocSpace objects, 0(0B) LOS objects, 38% free, 25MB/41MB, paused 390us total 42.144ms
08-03 20:00:28.744 16439 16439 I Radio-JNI: register_android_hardware_Radio DONE
08-03 20:00:28.773 16439 16439 D AndroidRuntime: Calling main entry com.android.commands.input.Input
08-03 20:00:28.775 16439 16439 I Input   : injectMotionEvent: MotionEvent { action=ACTION_DOWN, actionButton=0, id[0]=0, x[0]=600.0, y[0]=700.0, toolType[0]=TOOL_TYPE_UNKNOWN, buttonState=0, metaState=0, flags=0x0, edgeFlags=0x0, pointerCount=1, historySize=0, eventTime=648045187, downTime=648045187, deviceId=0, source=0x1002 }
08-03 20:00:28.783 16439 16439 I Input   : injectMotionEvent: MotionEvent { action=ACTION_UP, actionButton=0, id[0]=0, x[0]=600.0, y[0]=700.0, toolType[0]=TOOL_TYPE_UNKNOWN, buttonState=0, metaState=0, flags=0x0, edgeFlags=0x0, pointerCount=1, historySize=0, eventTime=648045187, downTime=648045187, deviceId=0, source=0x1002 }
08-03 20:00:28.786 16439 16439 D AndroidRuntime: Shutting down VM
08-03 20:00:28.801   512  2967 D audio_hw_primary: out_set_parameters: enter: usecase(1: low-latency-playback) kvpairs: routing=2
08-03 20:00:28.802   918  3696 I ActivityManager: START u0 {dat=https://oauth.reddit.com/... cmp=baseline.org.quantumbadger.redreader/.activities.CommentListingActivity} from uid 10634 on display 0
08-03 20:00:28.816   512  2967 D audio_hw_primary: select_devices: out_snd_device(2: speaker) in_snd_device(0: none)
08-03 20:00:28.817   512  2967 D msm8974_platform: platform_send_audio_calibration: sending audio calibration for snd_device(2) acdb_id(15)
08-03 20:00:28.817   512  2967 I soundtrigger: audio_extn_sound_trigger_update_device_status: device 0x2 of type 0 for Event 1
08-03 20:00:28.827   512  2967 D audio_hw_primary: enable_snd_device: snd_device(2: speaker)
08-03 20:00:28.830   512  2967 D audio_hw_primary: enable_audio_route: apply and update mixer path: low-latency-playback speaker
08-03 20:00:28.834 14871 14871 I AppCompatViewInflater: app:theme is now deprecated. Please move to using android:theme instead.
08-03 20:00:28.854 14871 15500 I CommentListingActivity: COMMENTS session changed to 6e96777f-8807-4157-af90-1ad276439671
08-03 20:00:28.936 13866 13866 I GoogleInputMethodServic: GoogleInputMethodService.onFinishInput():3138 
08-03 20:00:28.936   918   936 I ActivityManager: Displayed baseline.org.quantumbadger.redreader/.activities.CommentListingActivity: +123ms
08-03 20:00:28.938 13866 13866 I GoogleInputMethodServic: GoogleInputMethodService.onStartInput():1808 
08-03 20:00:28.995 14871 15130 I art     : Starting a blocking GC Explicit
08-03 20:00:29.071 14871 15130 I art     : Explicit concurrent mark sweep GC freed 32241(2MB) AllocSpace objects, 3(56KB) LOS objects, 35% free, 29MB/45MB, paused 1.488ms total 75.166ms
08-03 20:00:29.095 14871 15130 I art     : Starting a blocking GC Explicit
08-03 20:00:29.155 14871 15130 I art     : Explicit concurrent mark sweep GC freed 13353(909KB) AllocSpace objects, 1(16KB) LOS objects, 35% free, 29MB/45MB, paused 542us total 59.708ms
08-03 20:00:29.175 14871 15130 I art     : Starting a blocking GC Explicit
08-03 20:00:29.181   380   380 W SurfaceFlinger: couldn't log to binary event log: overflow.
08-03 20:00:29.226 14871 15130 I art     : Explicit concurrent mark sweep GC freed 20095(904KB) AllocSpace objects, 0(0B) LOS objects, 36% free, 28MB/44MB, paused 320us total 50.398ms
08-03 20:00:29.245 14871 15130 I art     : Starting a blocking GC Explicit
08-03 20:00:29.294 14871 15130 I art     : Explicit concurrent mark sweep GC freed 11(544B) AllocSpace objects, 0(0B) LOS objects, 36% free, 28MB/44MB, paused 375us total 49.344ms
08-03 20:00:29.316 14871 15130 I art     : Starting a blocking GC Explicit
08-03 20:00:29.349 14871 16377 I RedditChangeDataIO: Writing tmp data file at '/data/user/0/baseline.org.quantumbadger.redreader/files/rr_change_data_tmp.dat'
08-03 20:00:29.350 14871 16377 I RedditChangeDataManager: Taking snapshot...
08-03 20:00:29.350 14871 16377 I RedditChangeDataManager: Writing to stream...
08-03 20:00:29.350 14871 16377 I RedditChangeDataManager: Wrote 3 entries for user ''
08-03 20:00:29.350 14871 16377 I RedditChangeDataManager: All entries written to stream.
08-03 20:00:29.351 14871 16377 I RedditChangeDataIO: Write successful. Atomically replacing data file...
08-03 20:00:29.351 14871 16377 I RedditChangeDataIO: Write complete.
08-03 20:00:29.351 14871 16377 I RedditChangeDataIO: 86 bytes written in 3 ms
08-03 20:00:29.368 14871 15130 I art     : Explicit concurrent mark sweep GC freed 192(8KB) AllocSpace objects, 1(68KB) LOS objects, 36% free, 28MB/44MB, paused 300us total 52.276ms
08-03 20:00:29.370   512  2967 D audio_hw_primary: disable_audio_route: reset and update mixer path: low-latency-playback speaker
08-03 20:00:29.371   512  2967 D audio_hw_primary: disable_snd_device: snd_device(2: speaker)
08-03 20:00:29.380   512  2967 I soundtrigger: audio_extn_sound_trigger_update_device_status: device 0x2 of type 0 for Event 0
08-03 20:00:29.674 14871 15130 I art     : Starting a blocking GC Explicit
08-03 20:00:29.732 14871 15130 I art     : Explicit concurrent mark sweep GC freed 1578(119KB) AllocSpace objects, 1(20KB) LOS objects, 36% free, 28MB/44MB, paused 329us total 58.419ms
08-03 20:00:29.754 14871 15130 I art     : Starting a blocking GC Explicit
08-03 20:00:29.811 14871 15130 I art     : Explicit concurrent mark sweep GC freed 85(2880B) AllocSpace objects, 0(0B) LOS objects, 36% free, 28MB/44MB, paused 323us total 56.833ms
08-03 20:00:29.831 14871 15130 I art     : Starting a blocking GC Explicit
08-03 20:00:29.885 14871 15130 I art     : Explicit concurrent mark sweep GC freed 3(96B) AllocSpace objects, 0(0B) LOS objects, 36% free, 28MB/44MB, paused 302us total 52.956ms
08-03 20:00:29.905 14871 15130 I art     : Starting a blocking GC Explicit
08-03 20:00:29.962 14871 15130 I art     : Explicit concurrent mark sweep GC freed 49(1920B) AllocSpace objects, 0(0B) LOS objects, 36% free, 28MB/44MB, paused 325us total 56.774ms
08-03 20:00:29.983 14871 15130 I art     : Starting a blocking GC Explicit
08-03 20:00:30.043 14871 15130 I art     : Explicit concurrent mark sweep GC freed 3(96B) AllocSpace objects, 0(0B) LOS objects, 36% free, 28MB/44MB, paused 348us total 59.797ms
08-03 20:00:30.353 14871 14905 I art     : Starting a blocking GC Explicit
08-03 20:00:30.428 14871 14905 I art     : Explicit concurrent mark sweep GC freed 1343(80KB) AllocSpace objects, 1(20KB) LOS objects, 36% free, 28MB/44MB, paused 371us total 74.412ms
08-03 20:00:30.445   918  3261 D WifiStateMachine: starting scan for "H369AA63323"WPA_PSK with 2412,5180
08-03 20:00:30.451 14871 14905 I art     : Starting a blocking GC Explicit
08-03 20:00:30.512 14871 14905 I art     : Explicit concurrent mark sweep GC freed 20(704B) AllocSpace objects, 0(0B) LOS objects, 36% free, 28MB/44MB, paused 311us total 61.162ms
08-03 20:00:30.533 14871 14905 I art     : Starting a blocking GC Explicit
08-03 20:00:30.597 14871 14905 I art     : Explicit concurrent mark sweep GC freed 3(96B) AllocSpace objects, 0(0B) LOS objects, 36% free, 28MB/44MB, paused 325us total 63.833ms
08-03 20:00:30.621 14871 14905 I art     : Starting a blocking GC Explicit
08-03 20:00:30.685 14871 14905 I art     : Explicit concurrent mark sweep GC freed 3(96B) AllocSpace objects, 0(0B) LOS objects, 36% free, 28MB/44MB, paused 321us total 63.189ms
08-03 20:00:30.705 14871 14905 I art     : Starting a blocking GC Explicit
08-03 20:00:30.769 14871 14905 I art     : Explicit concurrent mark sweep GC freed 3(96B) AllocSpace objects, 0(0B) LOS objects, 36% free, 28MB/44MB, paused 328us total 63.121ms
08-03 20:00:31.105 14871 14885 I art     : Starting a blocking GC Explicit
08-03 20:00:31.192 14871 14885 I art     : Explicit concurrent mark sweep GC freed 1343(80KB) AllocSpace objects, 1(20KB) LOS objects, 36% free, 28MB/44MB, paused 353us total 86.701ms
08-03 20:00:31.216 14871 14885 I art     : Starting a blocking GC Explicit
08-03 20:00:31.279 14871 14885 I art     : Explicit concurrent mark sweep GC freed 20(704B) AllocSpace objects, 0(0B) LOS objects, 36% free, 28MB/44MB, paused 339us total 62.317ms
08-03 20:00:31.300 14871 14885 I art     : Starting a blocking GC Explicit
08-03 20:00:31.361 14871 14885 I art     : Explicit concurrent mark sweep GC freed 3(96B) AllocSpace objects, 0(0B) LOS objects, 36% free, 28MB/44MB, paused 337us total 61.243ms
08-03 20:00:31.382 14871 14885 I art     : Starting a blocking GC Explicit
08-03 20:00:31.443 14871 14885 I art     : Explicit concurrent mark sweep GC freed 3(96B) AllocSpace objects, 0(0B) LOS objects, 36% free, 28MB/44MB, paused 304us total 60.698ms
08-03 20:00:31.463 14871 14885 I art     : Starting a blocking GC Explicit
08-03 20:00:31.529 14871 14885 I art     : Explicit concurrent mark sweep GC freed 3(96B) AllocSpace objects, 0(0B) LOS objects, 36% free, 28MB/44MB, paused 377us total 65.157ms
08-03 20:00:31.864 14871 14884 I art     : Starting a blocking GC Explicit
08-03 20:00:31.949 14871 14884 I art     : Explicit concurrent mark sweep GC freed 1343(80KB) AllocSpace objects, 1(20KB) LOS objects, 36% free, 28MB/44MB, paused 375us total 83.830ms
08-03 20:00:31.972 14871 14884 I art     : Starting a blocking GC Explicit
08-03 20:00:32.037 14871 14884 I art     : Explicit concurrent mark sweep GC freed 20(704B) AllocSpace objects, 0(0B) LOS objects, 36% free, 28MB/44MB, paused 465us total 64.459ms
08-03 20:00:32.058 14871 14884 I art     : Starting a blocking GC Explicit
08-03 20:00:32.127 14871 14884 I art     : Explicit concurrent mark sweep GC freed 3(96B) AllocSpace objects, 0(0B) LOS objects, 36% free, 28MB/44MB, paused 349us total 68.814ms
08-03 20:00:32.151 14871 14884 I art     : Starting a blocking GC Explicit
08-03 20:00:32.211 14871 14884 I art     : Explicit concurrent mark sweep GC freed 3(96B) AllocSpace objects, 0(0B) LOS objects, 36% free, 28MB/44MB, paused 321us total 60.210ms
08-03 20:00:32.232 14871 14884 I art     : Starting a blocking GC Explicit
08-03 20:00:32.299 14871 14884 I art     : Explicit concurrent mark sweep GC freed 3(96B) AllocSpace objects, 0(0B) LOS objects, 36% free, 28MB/44MB, paused 342us total 66.702ms
08-03 20:00:32.572 16014 16014 I ServiceManager: Waiting for service AtCmdFwd...
08-03 20:00:32.675 14871 15130 I art     : Starting a blocking GC Explicit
08-03 20:00:32.746 14871 15130 I art     : Explicit concurrent mark sweep GC freed 1343(80KB) AllocSpace objects, 1(20KB) LOS objects, 36% free, 28MB/44MB, paused 346us total 71.305ms
08-03 20:00:32.771 14871 15130 I art     : Starting a blocking GC Explicit
08-03 20:00:32.835 14871 15130 I art     : Explicit concurrent mark sweep GC freed 20(704B) AllocSpace objects, 0(0B) LOS objects, 36% free, 28MB/44MB, paused 370us total 63.717ms
08-03 20:00:32.858 14871 15130 I art     : Starting a blocking GC Explicit
08-03 20:00:32.923 14871 15130 I art     : Explicit concurrent mark sweep GC freed 3(96B) AllocSpace objects, 0(0B) LOS objects, 36% free, 28MB/44MB, paused 328us total 64.204ms
08-03 20:00:32.943 14871 15130 I art     : Starting a blocking GC Explicit
08-03 20:00:33.011 14871 15130 I art     : Explicit concurrent mark sweep GC freed 3(96B) AllocSpace objects, 0(0B) LOS objects, 36% free, 28MB/44MB, paused 363us total 67.488ms
08-03 20:00:33.036 14871 15130 I art     : Starting a blocking GC Explicit
08-03 20:00:33.090 14871 15130 I art     : Explicit concurrent mark sweep GC freed 3(96B) AllocSpace objects, 0(0B) LOS objects, 36% free, 28MB/44MB, paused 302us total 54.171ms
08-03 20:00:33.407 14871 14905 I art     : Starting a blocking GC Explicit
08-03 20:00:33.471 14871 14905 I art     : Explicit concurrent mark sweep GC freed 1343(80KB) AllocSpace objects, 1(20KB) LOS objects, 36% free, 28MB/44MB, paused 317us total 63.868ms
08-03 20:00:33.492 14871 14905 I art     : Starting a blocking GC Explicit
08-03 20:00:33.551 14871 14905 I art     : Explicit concurrent mark sweep GC freed 20(704B) AllocSpace objects, 0(0B) LOS objects, 36% free, 28MB/44MB, paused 343us total 58.262ms
08-03 20:00:33.571 14871 14905 I art     : Starting a blocking GC Explicit
08-03 20:00:33.573 16014 16014 I ServiceManager: Waiting for service AtCmdFwd...
08-03 20:00:33.598 16526 16526 D AndroidRuntime: >>>>>> START com.android.internal.os.RuntimeInit uid 2000 <<<<<<
08-03 20:00:33.604 16526 16526 D AndroidRuntime: CheckJNI is OFF
08-03 20:00:33.631 14871 14905 I art     : Explicit concurrent mark sweep GC freed 3(96B) AllocSpace objects, 0(0B) LOS objects, 36% free, 28MB/44MB, paused 325us total 59.555ms
08-03 20:00:33.651 14871 14905 I art     : Starting a blocking GC Explicit
08-03 20:00:33.654 16526 16526 D ICU     : No timezone override file found: /data/misc/zoneinfo/current/icu/icu_tzdata.dat
08-03 20:00:33.700 16526 16526 I Radio-JNI: register_android_hardware_Radio DONE
08-03 20:00:33.709 14871 14905 I art     : Explicit concurrent mark sweep GC freed 3(96B) AllocSpace objects, 0(0B) LOS objects, 36% free, 28MB/44MB, paused 384us total 56.898ms
08-03 20:00:33.729 14871 14905 I art     : Starting a blocking GC Explicit
08-03 20:00:33.731 16526 16526 D AndroidRuntime: Calling main entry com.android.commands.input.Input
08-03 20:00:33.733 16526 16526 I Input   : injectKeyEvent: KeyEvent { action=ACTION_DOWN, keyCode=KEYCODE_BACK, scanCode=0, metaState=0, flags=0x0, repeatCount=0, eventTime=648050146, downTime=648050146, deviceId=-1, source=0x101 }
08-03 20:00:33.740 16526 16526 I Input   : injectKeyEvent: KeyEvent { action=ACTION_UP, keyCode=KEYCODE_BACK, scanCode=0, metaState=0, flags=0x0, repeatCount=0, eventTime=648050146, downTime=648050146, deviceId=-1, source=0x101 }
08-03 20:00:33.747 16526 16526 D AndroidRuntime: Shutting down VM
08-03 20:00:33.783 14871 14905 I art     : Explicit concurrent mark sweep GC freed 127(4KB) AllocSpace objects, 0(0B) LOS objects, 36% free, 28MB/44MB, paused 664us total 53.510ms
08-03 20:00:33.783 13866 13866 I GoogleInputMethodServic: GoogleInputMethodService.onFinishInput():3138 
08-03 20:00:33.784 13866 13866 I GoogleInputMethodServic: GoogleInputMethodService.onStartInput():1808 
08-03 20:00:33.938 13866 13882 I PeriodicStatsRunner: PeriodicStatsRunner.call():175 call()
08-03 20:00:33.938 13866 13882 I PeriodicStatsRunner: PeriodicStatsRunner.call():179 No submit PeriodicStats since input started.
08-03 20:00:34.084 14871 14884 I art     : Starting a blocking GC Explicit
08-03 20:00:34.086   380   380 W SurfaceFlinger: couldn't log to binary event log: overflow.
08-03 20:00:34.143 14871 14884 I art     : Explicit concurrent mark sweep GC freed 1537(87KB) AllocSpace objects, 1(20KB) LOS objects, 36% free, 28MB/44MB, paused 350us total 58.692ms
08-03 20:00:34.163 14871 14884 I art     : Starting a blocking GC Explicit
08-03 20:00:34.208 14871 14884 I art     : Explicit concurrent mark sweep GC freed 46784(2MB) AllocSpace objects, 5(140KB) LOS objects, 38% free, 25MB/41MB, paused 315us total 45.241ms
08-03 20:00:34.226 14871 14884 I art     : Starting a blocking GC Explicit
08-03 20:00:34.267 14871 14884 I art     : Explicit concurrent mark sweep GC freed 3(96B) AllocSpace objects, 0(0B) LOS objects, 38% free, 25MB/41MB, paused 309us total 40.016ms
08-03 20:00:34.284 14871 14884 I art     : Starting a blocking GC Explicit
08-03 20:00:34.325 14871 14884 I art     : Explicit concurrent mark sweep GC freed 3(96B) AllocSpace objects, 0(0B) LOS objects, 38% free, 25MB/41MB, paused 308us total 41.055ms
08-03 20:00:34.343 14871 14884 I art     : Starting a blocking GC Explicit
08-03 20:00:34.384 14871 14884 I art     : Explicit concurrent mark sweep GC freed 3(96B) AllocSpace objects, 0(0B) LOS objects, 38% free, 25MB/41MB, paused 307us total 40.968ms
08-03 20:00:34.574 16014 16014 I ServiceManager: Waiting for service AtCmdFwd...
08-03 20:00:34.694 14871 15130 I art     : Starting a blocking GC Explicit
08-03 20:00:34.753 14871 15130 I art     : Explicit concurrent mark sweep GC freed 1343(80KB) AllocSpace objects, 1(20KB) LOS objects, 38% free, 25MB/41MB, paused 400us total 58.492ms
08-03 20:00:34.778 14871 15130 I art     : Starting a blocking GC Explicit
08-03 20:00:34.819 14871 15130 I art     : Explicit concurrent mark sweep GC freed 20(704B) AllocSpace objects, 0(0B) LOS objects, 38% free, 25MB/41MB, paused 318us total 40.331ms
08-03 20:00:34.819 14871 14882 I art     : WaitForGcToComplete blocked for 8.070ms for cause HeapTrim
08-03 20:00:34.837 14871 15130 I art     : Starting a blocking GC Explicit
08-03 20:00:34.878 14871 15130 I art     : Explicit concurrent mark sweep GC freed 3(96B) AllocSpace objects, 0(0B) LOS objects, 38% free, 25MB/41MB, paused 326us total 40.669ms
08-03 20:00:34.895 14871 15130 I art     : Starting a blocking GC Explicit
08-03 20:00:34.936 14871 15130 I art     : Explicit concurrent mark sweep GC freed 3(96B) AllocSpace objects, 0(0B) LOS objects, 38% free, 25MB/41MB, paused 324us total 40.285ms
08-03 20:00:34.954 14871 15130 I art     : Starting a blocking GC Explicit
08-03 20:00:34.994 14871 15130 I art     : Explicit concurrent mark sweep GC freed 3(96B) AllocSpace objects, 0(0B) LOS objects, 38% free, 25MB/41MB, paused 317us total 39.944ms
08-03 20:00:35.279 14871 14885 I art     : Starting a blocking GC Explicit
08-03 20:00:35.323 14871 14885 I art     : Explicit concurrent mark sweep GC freed 1343(80KB) AllocSpace objects, 1(20KB) LOS objects, 38% free, 25MB/41MB, paused 389us total 43.425ms
08-03 20:00:35.344 14871 14885 I art     : Starting a blocking GC Explicit
08-03 20:00:35.386 14871 14885 I art     : Explicit concurrent mark sweep GC freed 20(704B) AllocSpace objects, 0(0B) LOS objects, 38% free, 25MB/41MB, paused 340us total 41.717ms
08-03 20:00:35.404 14871 14885 I art     : Starting a blocking GC Explicit
08-03 20:00:35.448 14871 14885 I art     : Explicit concurrent mark sweep GC freed 3(96B) AllocSpace objects, 0(0B) LOS objects, 38% free, 25MB/41MB, paused 350us total 42.897ms
08-03 20:00:35.465 14871 14885 I art     : Starting a blocking GC Explicit
08-03 20:00:35.507 14871 14885 I art     : Explicit concurrent mark sweep GC freed 3(96B) AllocSpace objects, 0(0B) LOS objects, 38% free, 25MB/41MB, paused 344us total 40.833ms
08-03 20:00:35.524 14871 14885 I art     : Starting a blocking GC Explicit
08-03 20:00:35.530 16570 16570 D AndroidRuntime: >>>>>> START com.android.internal.os.RuntimeInit uid 2000 <<<<<<
08-03 20:00:35.536 16570 16570 D AndroidRuntime: CheckJNI is OFF
08-03 20:00:35.567 14871 14885 I art     : Explicit concurrent mark sweep GC freed 3(96B) AllocSpace objects, 0(0B) LOS objects, 38% free, 25MB/41MB, paused 338us total 42.026ms
08-03 20:00:35.575 16014 16014 I ServiceManager: Waiting for service AtCmdFwd...
08-03 20:00:35.585 16570 16570 D ICU     : No timezone override file found: /data/misc/zoneinfo/current/icu/icu_tzdata.dat
08-03 20:00:35.629 16570 16570 I Radio-JNI: register_android_hardware_Radio DONE
08-03 20:00:35.659 16570 16570 D AndroidRuntime: Calling main entry com.android.commands.input.Input
08-03 20:00:35.661 16570 16570 I Input   : injectKeyEvent: KeyEvent { action=ACTION_DOWN, keyCode=KEYCODE_BACK, scanCode=0, metaState=0, flags=0x0, repeatCount=0, eventTime=648052074, downTime=648052074, deviceId=-1, source=0x101 }
08-03 20:00:35.668 16570 16570 I Input   : injectKeyEvent: KeyEvent { action=ACTION_UP, keyCode=KEYCODE_BACK, scanCode=0, metaState=0, flags=0x0, repeatCount=0, eventTime=648052074, downTime=648052074, deviceId=-1, source=0x101 }
08-03 20:00:35.674 16570 16570 D AndroidRuntime: Shutting down VM
08-03 20:00:35.723 13866 13866 I GoogleInputMethodServic: GoogleInputMethodService.onFinishInput():3138 
08-03 20:00:35.724 13866 13866 I GoogleInputMethodServic: GoogleInputMethodService.onStartInput():1808 
08-03 20:00:35.848 14871 14905 I art     : Starting a blocking GC Explicit
08-03 20:00:35.895 14871 14905 I art     : Explicit concurrent mark sweep GC freed 1520(86KB) AllocSpace objects, 1(20KB) LOS objects, 38% free, 25MB/41MB, paused 451us total 46.656ms
08-03 20:00:35.915 14871 14905 I art     : Starting a blocking GC Explicit
08-03 20:00:35.959 14871 14905 I art     : Explicit concurrent mark sweep GC freed 24(864B) AllocSpace objects, 0(0B) LOS objects, 38% free, 25MB/41MB, paused 378us total 43.400ms
08-03 20:00:35.981 14871 14905 I art     : Starting a blocking GC Explicit
08-03 20:00:36.025 14871 14905 I art     : Explicit concurrent mark sweep GC freed 3(96B) AllocSpace objects, 0(0B) LOS objects, 38% free, 25MB/41MB, paused 298us total 43.640ms
08-03 20:00:36.042 14871 14905 I art     : Starting a blocking GC Explicit
08-03 20:00:36.080 14871 14905 I art     : Explicit concurrent mark sweep GC freed 54(1872B) AllocSpace objects, 0(0B) LOS objects, 38% free, 25MB/41MB, paused 338us total 37.897ms
08-03 20:00:36.097 14871 14905 I art     : Starting a blocking GC Explicit
08-03 20:00:36.129  3784  3784 D CallStatisticsService: Post delayed to sync data packages to nv.
08-03 20:00:36.129  3784  3784 D CallStatisticsService: handleMessage PHONE_DATA.
08-03 20:00:36.130  3784  3784 D CallStatisticsService: txTotal(Kb) = 0
08-03 20:00:36.130  3784  3784 D CallStatisticsService: rxTotal(Kb) = 0
08-03 20:00:36.130  3784  3784 E CallStatisticsService: TX And RX Data packages are totally 0, no need to update.
08-03 20:00:36.136 14871 14905 I art     : Explicit concurrent mark sweep GC freed 113(5KB) AllocSpace objects, 0(0B) LOS objects, 38% free, 25MB/41MB, paused 330us total 38.818ms
08-03 20:00:36.434 14871 15130 I art     : Starting a blocking GC Explicit
08-03 20:00:36.486 14871 15130 I art     : Explicit concurrent mark sweep GC freed 1367(81KB) AllocSpace objects, 1(20KB) LOS objects, 38% free, 25MB/41MB, paused 431us total 50.822ms
08-03 20:00:36.505 14871 15130 I art     : Starting a blocking GC Explicit
08-03 20:00:36.547 14871 15130 I art     : Explicit concurrent mark sweep GC freed 20(704B) AllocSpace objects, 0(0B) LOS objects, 38% free, 25MB/41MB, paused 335us total 40.990ms
08-03 20:00:36.564 14871 15130 I art     : Starting a blocking GC Explicit
08-03 20:00:36.575 16014 16014 I ServiceManager: Waiting for service AtCmdFwd...
08-03 20:00:36.606 14871 15130 I art     : Explicit concurrent mark sweep GC freed 3(96B) AllocSpace objects, 0(0B) LOS objects, 38% free, 25MB/41MB, paused 337us total 41.496ms
08-03 20:00:36.624 14871 15130 I art     : Starting a blocking GC Explicit
08-03 20:00:36.666 14871 15130 I art     : Explicit concurrent mark sweep GC freed 3(96B) AllocSpace objects, 0(0B) LOS objects, 38% free, 25MB/41MB, paused 331us total 41.348ms
08-03 20:00:36.683 14871 15130 I art     : Starting a blocking GC Explicit
08-03 20:00:36.725 14871 15130 I art     : Explicit concurrent mark sweep GC freed 3(96B) AllocSpace objects, 0(0B) LOS objects, 38% free, 25MB/41MB, paused 337us total 41.309ms
08-03 20:00:37.002 14871 14885 I art     : Starting a blocking GC Explicit
08-03 20:00:37.042 14871 14885 I art     : Explicit concurrent mark sweep GC freed 1343(80KB) AllocSpace objects, 1(20KB) LOS objects, 38% free, 25MB/41MB, paused 347us total 40.692ms
08-03 20:00:37.060 14871 14885 I art     : Starting a blocking GC Explicit
08-03 20:00:37.100 14871 14885 I art     : Explicit concurrent mark sweep GC freed 20(704B) AllocSpace objects, 0(0B) LOS objects, 38% free, 25MB/41MB, paused 327us total 39.334ms
08-03 20:00:37.117 14871 14885 I art     : Starting a blocking GC Explicit
08-03 20:00:37.157 14871 14885 I art     : Explicit concurrent mark sweep GC freed 3(96B) AllocSpace objects, 0(0B) LOS objects, 38% free, 25MB/41MB, paused 355us total 39.380ms
08-03 20:00:37.174 14871 14885 I art     : Starting a blocking GC Explicit
08-03 20:00:37.213 14871 14885 I art     : Explicit concurrent mark sweep GC freed 3(96B) AllocSpace objects, 0(0B) LOS objects, 38% free, 25MB/41MB, paused 341us total 38.655ms
08-03 20:00:37.230 14871 14885 I art     : Starting a blocking GC Explicit
08-03 20:00:37.270 14871 14885 I art     : Explicit concurrent mark sweep GC freed 3(96B) AllocSpace objects, 0(0B) LOS objects, 38% free, 25MB/41MB, paused 331us total 40.052ms
08-03 20:00:37.446 16617 16617 D AndroidRuntime: >>>>>> START com.android.internal.os.RuntimeInit uid 2000 <<<<<<
08-03 20:00:37.452 16617 16617 D AndroidRuntime: CheckJNI is OFF
08-03 20:00:37.494 16617 16617 D ICU     : No timezone override file found: /data/misc/zoneinfo/current/icu/icu_tzdata.dat
08-03 20:00:37.537 16617 16617 I Radio-JNI: register_android_hardware_Radio DONE
08-03 20:00:37.566 16617 16617 D AndroidRuntime: Calling main entry com.android.commands.input.Input
08-03 20:00:37.568 16617 16617 I Input   : injectMotionEvent: MotionEvent { action=ACTION_DOWN, actionButton=0, id[0]=0, x[0]=600.0, y[0]=1000.0, toolType[0]=TOOL_TYPE_UNKNOWN, buttonState=0, metaState=0, flags=0x0, edgeFlags=0x0, pointerCount=1, historySize=0, eventTime=648053980, downTime=648053980, deviceId=0, source=0x1002 }
08-03 20:00:37.572 16617 16617 I Input   : injectMotionEvent: MotionEvent { action=ACTION_UP, actionButton=0, id[0]=0, x[0]=600.0, y[0]=1000.0, toolType[0]=TOOL_TYPE_UNKNOWN, buttonState=0, metaState=0, flags=0x0, edgeFlags=0x0, pointerCount=1, historySize=0, eventTime=648053980, downTime=648053980, deviceId=0, source=0x1002 }
08-03 20:00:37.574 16617 16617 D AndroidRuntime: Shutting down VM
08-03 20:00:37.575 16014 16014 W Atfwd_Sendcmd: AtCmdFwd service not published, waiting... retryCnt : 3
08-03 20:00:37.593   512  2967 D audio_hw_primary: out_set_parameters: enter: usecase(1: low-latency-playback) kvpairs: routing=2
08-03 20:00:37.595 14871 14884 I art     : Starting a blocking GC Explicit
08-03 20:00:37.596   918  6029 I ActivityManager: START u0 {dat=https://oauth.reddit.com/... cmp=baseline.org.quantumbadger.redreader/.activities.PostListingActivity} from uid 10634 on display 0
08-03 20:00:37.606   512  2967 D audio_hw_primary: select_devices: out_snd_device(2: speaker) in_snd_device(0: none)
08-03 20:00:37.607   512  2967 D msm8974_platform: platform_send_audio_calibration: sending audio calibration for snd_device(2) acdb_id(15)
08-03 20:00:37.607   512  2967 I soundtrigger: audio_extn_sound_trigger_update_device_status: device 0x2 of type 0 for Event 1
08-03 20:00:37.618   512  2967 D audio_hw_primary: enable_snd_device: snd_device(2: speaker)
08-03 20:00:37.620   512  2967 D audio_hw_primary: enable_audio_route: apply and update mixer path: low-latency-playback speaker
08-03 20:00:37.623 14871 14871 I AppCompatViewInflater: app:theme is now deprecated. Please move to using android:theme instead.
08-03 20:00:37.636 14871 14884 I art     : Explicit concurrent mark sweep GC freed 1786(114KB) AllocSpace objects, 1(20KB) LOS objects, 38% free, 25MB/41MB, paused 565us total 41.203ms
08-03 20:00:37.651 14871 16647 D OK      : calling: https://oauth.reddit.com/r/announcements/about.json
08-03 20:00:37.657 14871 14884 I art     : Starting a blocking GC Explicit
08-03 20:00:37.694 14871 14884 I art     : Explicit concurrent mark sweep GC freed 1220(71KB) AllocSpace objects, 0(0B) LOS objects, 38% free, 25MB/41MB, paused 449us total 36.771ms
08-03 20:00:37.702 13866 13866 I GoogleInputMethodServic: GoogleInputMethodService.onFinishInput():3138 
08-03 20:00:37.703 13866 13866 I GoogleInputMethodServic: GoogleInputMethodService.onStartInput():1808 
08-03 20:00:37.703   918   936 I ActivityManager: Displayed baseline.org.quantumbadger.redreader/.activities.PostListingActivity: +94ms
08-03 20:00:37.714 14871 14884 I art     : Starting a blocking GC Explicit
08-03 20:00:37.753 14871 14884 I art     : Explicit concurrent mark sweep GC freed 368(20KB) AllocSpace objects, 0(0B) LOS objects, 38% free, 25MB/41MB, paused 362us total 38.002ms
08-03 20:00:37.769 14871 14884 I art     : Starting a blocking GC Explicit
08-03 20:00:37.806 14871 14884 I art     : Explicit concurrent mark sweep GC freed 94(6KB) AllocSpace objects, 0(0B) LOS objects, 38% free, 25MB/41MB, paused 347us total 36.462ms
08-03 20:00:37.822 14871 14884 I art     : Starting a blocking GC Explicit
08-03 20:00:37.859 14871 14884 I art     : Explicit concurrent mark sweep GC freed 12(528B) AllocSpace objects, 0(0B) LOS objects, 38% free, 25MB/41MB, paused 343us total 36.078ms
08-03 20:00:37.957   380   380 W SurfaceFlinger: couldn't log to binary event log: overflow.
08-03 20:00:38.032 14871 16647 I NAPPA_EXPERIMENTATION: MetricNetworkRequestExecutionTime: REQUEST_DURATION_SYSTEM='381',REQUEST_DURATION_OKHTTP='154',REQUEST_SYNCHRONOUS='TRUE',RESPONSE_CODE='200',RESPONSE_METHOD='GET',RESPONSE_LENGTH_OKHTTP='-1',RESPONSE_LENGTH_HEADER='1564',REQUEST_PROTOCOL='h2',REQUEST_URL='https://oauth.reddit.com/r/announcements/about.json',
08-03 20:00:38.032 14871 16647 D OK      : request got status: 200
08-03 20:00:38.119 14871 15130 I art     : Starting a blocking GC Explicit
08-03 20:00:38.158   512  2967 D audio_hw_primary: disable_audio_route: reset and update mixer path: low-latency-playback speaker
08-03 20:00:38.159   512  2967 D audio_hw_primary: disable_snd_device: snd_device(2: speaker)
08-03 20:00:38.160 14871 15130 I art     : Explicit concurrent mark sweep GC freed 4578(305KB) AllocSpace objects, 2(88KB) LOS objects, 38% free, 25MB/41MB, paused 382us total 40.865ms
08-03 20:00:38.167   512  2967 I soundtrigger: audio_extn_sound_trigger_update_device_status: device 0x2 of type 0 for Event 0
08-03 20:00:38.178 14871 15130 I art     : Starting a blocking GC Explicit
08-03 20:00:38.216 14871 15130 I art     : Explicit concurrent mark sweep GC freed 217(11KB) AllocSpace objects, 0(0B) LOS objects, 38% free, 25MB/41MB, paused 389us total 37.724ms
08-03 20:00:38.233 14871 15130 I art     : Starting a blocking GC Explicit
08-03 20:00:38.271 14871 15130 I art     : Explicit concurrent mark sweep GC freed 3(96B) AllocSpace objects, 0(0B) LOS objects, 38% free, 25MB/41MB, paused 400us total 37.806ms
08-03 20:00:38.289 14871 15130 I art     : Starting a blocking GC Explicit
08-03 20:00:38.329 14871 15130 I art     : Explicit concurrent mark sweep GC freed 3(96B) AllocSpace objects, 0(0B) LOS objects, 38% free, 25MB/41MB, paused 393us total 40.291ms
08-03 20:00:38.347 14871 15130 I art     : Starting a blocking GC Explicit
08-03 20:00:38.388 14871 15130 I art     : Explicit concurrent mark sweep GC freed 72(5KB) AllocSpace objects, 0(0B) LOS objects, 38% free, 25MB/41MB, paused 438us total 40.891ms
08-03 20:00:38.682 14871 15130 I art     : Starting a blocking GC Explicit
08-03 20:00:38.725 14871 15130 I art     : Explicit concurrent mark sweep GC freed 1788(112KB) AllocSpace objects, 2(88KB) LOS objects, 38% free, 25MB/41MB, paused 363us total 42.548ms
08-03 20:00:38.742 14871 15130 I art     : Starting a blocking GC Explicit
08-03 20:00:38.783 14871 15130 I art     : Explicit concurrent mark sweep GC freed 23(800B) AllocSpace objects, 0(0B) LOS objects, 38% free, 25MB/41MB, paused 372us total 40.691ms
08-03 20:00:38.784 13866 13882 I PeriodicStatsRunner: PeriodicStatsRunner.call():175 call()
08-03 20:00:38.784 13866 13882 I PeriodicStatsRunner: PeriodicStatsRunner.call():179 No submit PeriodicStats since input started.
08-03 20:00:38.801 14871 15130 I art     : Starting a blocking GC Explicit
08-03 20:00:38.841 14871 15130 I art     : Explicit concurrent mark sweep GC freed 3(96B) AllocSpace objects, 0(0B) LOS objects, 38% free, 25MB/41MB, paused 400us total 40.146ms
08-03 20:00:38.850 14871 16672 D OK      : calling: https://oauth.reddit.com/r/announcements/hot/.json
08-03 20:00:38.859 14871 15130 I art     : Starting a blocking GC Explicit
08-03 20:00:38.899 14871 15130 I art     : Explicit concurrent mark sweep GC freed 95(3KB) AllocSpace objects, 0(0B) LOS objects, 38% free, 25MB/41MB, paused 416us total 39.879ms
08-03 20:00:38.917 14871 15130 I art     : Starting a blocking GC Explicit
08-03 20:00:38.957 14871 15130 I art     : Explicit concurrent mark sweep GC freed 9(352B) AllocSpace objects, 0(0B) LOS objects, 38% free, 25MB/41MB, paused 416us total 40.467ms
08-03 20:00:39.033 14871 16672 I NAPPA_EXPERIMENTATION: MetricNetworkRequestExecutionTime: REQUEST_DURATION_SYSTEM='183',REQUEST_DURATION_OKHTTP='179',REQUEST_SYNCHRONOUS='TRUE',RESPONSE_CODE='200',RESPONSE_METHOD='GET',RESPONSE_LENGTH_OKHTTP='-1',RESPONSE_LENGTH_HEADER='142016',REQUEST_PROTOCOL='h2',REQUEST_URL='https://oauth.reddit.com/r/announcements/hot/.json',
08-03 20:00:39.033 14871 16672 D OK      : request got status: 200
08-03 20:00:39.042 14871 15500 I PostListingFragment: Precaching images: OFF
08-03 20:00:39.042 14871 15500 I PostListingFragment: Precaching comments: OFF
08-03 20:00:39.231 14871 16683 D OK      : calling: https://b.thumbs.redditmedia.com/RROcLjDSUc0QV1UeQ1txXdyl1C_7233mmsMgtYXxQzo.jpg
08-03 20:00:39.241 14871 14905 I art     : Starting a blocking GC Explicit
08-03 20:00:39.262 14871 16684 D OK      : calling: https://a.thumbs.redditmedia.com/N-frnMqRYp_XiaGds7kPbHf82a876RNKSQ1iw0LzHR0.jpg
08-03 20:00:39.279 14871 16685 D OK      : calling: https://b.thumbs.redditmedia.com/KH2o_q4MXufUdRChsfwLtl6gnEnT8MJtZn3Tyj5ZmBU.jpg
08-03 20:00:39.302 14871 14905 I art     : Explicit concurrent mark sweep GC freed 8993(541KB) AllocSpace objects, 5(92KB) LOS objects, 36% free, 28MB/44MB, paused 1.158ms total 60.367ms
08-03 20:00:39.322 14871 14905 I art     : Starting a blocking GC Explicit
08-03 20:00:39.333 14871 16686 D OK      : calling: https://b.thumbs.redditmedia.com/MGaOJeZl7UsmdtroJopYU_36HUNvQ9LUV5WFH_FJ2vI.jpg
08-03 20:00:39.375 14871 14905 I art     : Explicit concurrent mark sweep GC freed 4978(254KB) AllocSpace objects, 1(24KB) LOS objects, 35% free, 28MB/44MB, paused 1.165ms total 52.984ms
08-03 20:00:39.394 14871 14905 I art     : Starting a blocking GC Explicit
08-03 20:00:39.401 14871 16687 D OK      : calling: https://a.thumbs.redditmedia.com/-D0hxchgus9EyzvGqvnabK_3Obl93tMfG9G58V1QwW8.jpg
08-03 20:00:39.430 14871 16688 D OK      : calling: https://b.thumbs.redditmedia.com/zCaV9kuSMZxmMvdmErGyUsYNdPrmX8LP9_Ee4QTT16g.jpg
08-03 20:00:39.441 14871 16689 D OK      : calling: https://b.thumbs.redditmedia.com/4EGkxZNzrzt-RCtd035cWyO0BipdbDVuPwi4W2v4TyM.jpg
08-03 20:00:39.447 14871 14905 I art     : Explicit concurrent mark sweep GC freed 5456(261KB) AllocSpace objects, 2(92KB) LOS objects, 35% free, 29MB/45MB, paused 929us total 53.476ms
08-03 20:00:39.466 14871 14905 I art     : Starting a blocking GC Explicit
08-03 20:00:39.491 14871 16690 D OK      : calling: https://a.thumbs.redditmedia.com/aVhMBmGX07uX0KhK0rKdhMvQ4UsOJIHN4KeTaa36EF4.jpg
08-03 20:00:39.523 14871 14905 I art     : Explicit concurrent mark sweep GC freed 4662(235KB) AllocSpace objects, 2(104KB) LOS objects, 35% free, 28MB/44MB, paused 964us total 55.993ms
08-03 20:00:39.541 14871 14905 I art     : Starting a blocking GC Explicit
08-03 20:00:39.590 14871 14905 I art     : Explicit concurrent mark sweep GC freed 72190(3MB) AllocSpace objects, 8(152KB) LOS objects, 37% free, 26MB/42MB, paused 1.911ms total 48.047ms
08-03 20:00:39.641 14871 14871 W RecyclerView: Cannot call this method in a scroll callback. Scroll callbacks mightbe run during a measure & layout pass where you cannot change theRecyclerView data. Any method call that might change the structureof the RecyclerView or the adapter contents should be postponed tothe next frame.
08-03 20:00:39.641 14871 14871 W RecyclerView: java.lang.IllegalStateException:  androidx.recyclerview.widget.RecyclerView{2ac0a02 VFED..... .F....ID 0,0-1440,2140 #7f0900ef app:id/scrollbar_recyclerview_recyclerview}, adapter:baseline.org.quantumbadger.redreader.adapters.GroupedRecyclerViewAdapter@dd90f13, layout:androidx.recyclerview.widget.LinearLayoutManager@3b56550, context:baseline.org.quantumbadger.redreader.activities.PostListingActivity@89cabed
08-03 20:00:39.641 14871 14871 W RecyclerView: 	at androidx.recyclerview.widget.RecyclerView.assertNotInLayoutOrScroll(RecyclerView.java:3061)
08-03 20:00:39.641 14871 14871 W RecyclerView: 	at androidx.recyclerview.widget.RecyclerView$RecyclerViewDataObserver.onItemRangeInserted(RecyclerView.java:5555)
08-03 20:00:39.641 14871 14871 W RecyclerView: 	at androidx.recyclerview.widget.RecyclerView$AdapterDataObservable.notifyItemRangeInserted(RecyclerView.java:12278)
08-03 20:00:39.641 14871 14871 W RecyclerView: 	at androidx.recyclerview.widget.RecyclerView$Adapter.notifyItemInserted(RecyclerView.java:7464)
08-03 20:00:39.641 14871 14871 W RecyclerView: 	at baseline.org.quantumbadger.redreader.adapters.GroupedRecyclerViewAdapter.updateHiddenStatus(GroupedRecyclerViewAdapter.java:279)
08-03 20:00:39.641 14871 14871 W RecyclerView: 	at baseline.org.quantumbadger.redreader.adapters.RedditListingManager.setLoadingVisible(RedditListingManager.java:125)
08-03 20:00:39.641 14871 14871 W RecyclerView: 	at baseline.org.quantumbadger.redreader.fragments.PostListingFragment.onLoadMoreItemsCheck(PostListingFragment.java:465)
08-03 20:00:39.641 14871 14871 W RecyclerView: 	at baseline.org.quantumbadger.redreader.fragments.PostListingFragment.access$000(PostListingFragment.java:98)
08-03 20:00:39.641 14871 14871 W RecyclerView: 	at baseline.org.quantumbadger.redreader.fragments.PostListingFragment$2.onScrolled(PostListingFragment.java:215)
08-03 20:00:39.641 14871 14871 W RecyclerView: 	at androidx.recyclerview.widget.RecyclerView.dispatchOnScrolled(RecyclerView.java:5173)
08-03 20:00:39.641 14871 14871 W RecyclerView: 	at androidx.recyclerview.widget.RecyclerView.dispatchLayoutStep3(RecyclerView.java:4231)
08-03 20:00:39.641 14871 14871 W RecyclerView: 	at androidx.recyclerview.widget.RecyclerView.dispatchLayout(RecyclerView.java:3862)
08-03 20:00:39.641 14871 14871 W RecyclerView: 	at androidx.recyclerview.widget.RecyclerView.consumePendingUpdateOperations(RecyclerView.java:1897)
08-03 20:00:39.641 14871 14871 W RecyclerView: 	at androidx.recyclerview.widget.RecyclerView$1.run(RecyclerView.java:414)
08-03 20:00:39.641 14871 14871 W RecyclerView: 	at android.view.Choreographer$CallbackRecord.run(Choreographer.java:858)
08-03 20:00:39.641 14871 14871 W RecyclerView: 	at android.view.Choreographer.doCallbacks(Choreographer.java:670)
08-03 20:00:39.641 14871 14871 W RecyclerView: 	at android.view.Choreographer.doFrame(Choreographer.java:603)
08-03 20:00:39.641 14871 14871 W RecyclerView: 	at android.view.Choreographer$FrameDisplayEventReceiver.run(Choreographer.java:844)
08-03 20:00:39.641 14871 14871 W RecyclerView: 	at android.os.Handler.handleCallback(Handler.java:739)
08-03 20:00:39.641 14871 14871 W RecyclerView: 	at android.os.Handler.dispatchMessage(Handler.java:95)
08-03 20:00:39.641 14871 14871 W RecyclerView: 	at android.os.Looper.loop(Looper.java:148)
08-03 20:00:39.641 14871 14871 W RecyclerView: 	at android.app.ActivityThread.main(ActivityThread.java:5417)
08-03 20:00:39.641 14871 14871 W RecyclerView: 	at java.lang.reflect.Method.invoke(Native Method)
08-03 20:00:39.641 14871 14871 W RecyclerView: 	at com.android.internal.os.ZygoteInit$MethodAndArgsCaller.run(ZygoteInit.java:726)
08-03 20:00:39.641 14871 14871 W RecyclerView: 	at com.android.internal.os.ZygoteInit.main(ZygoteInit.java:616)
08-03 20:00:39.731 14871 16684 I NAPPA_EXPERIMENTATION: MetricNetworkRequestExecutionTime: REQUEST_DURATION_SYSTEM='469',REQUEST_DURATION_OKHTTP='169',REQUEST_SYNCHRONOUS='TRUE',RESPONSE_CODE='200',RESPONSE_METHOD='GET',RESPONSE_LENGTH_OKHTTP='3750',RESPONSE_LENGTH_HEADER='3750',REQUEST_PROTOCOL='h2',REQUEST_URL='https://a.thumbs.redditmedia.com/N-frnMqRYp_XiaGds7kPbHf82a876RNKSQ1iw0LzHR0.jpg',
08-03 20:00:39.731 14871 16684 D OK      : request got status: 200
08-03 20:00:39.749 14871 16687 I NAPPA_EXPERIMENTATION: MetricNetworkRequestExecutionTime: REQUEST_DURATION_SYSTEM='348',REQUEST_DURATION_OKHTTP='182',REQUEST_SYNCHRONOUS='TRUE',RESPONSE_CODE='200',RESPONSE_METHOD='GET',RESPONSE_LENGTH_OKHTTP='4818',RESPONSE_LENGTH_HEADER='4818',REQUEST_PROTOCOL='h2',REQUEST_URL='https://a.thumbs.redditmedia.com/-D0hxchgus9EyzvGqvnabK_3Obl93tMfG9G58V1QwW8.jpg',
08-03 20:00:39.749 14871 16687 D OK      : request got status: 200
08-03 20:00:39.835 14871 16688 I NAPPA_EXPERIMENTATION: MetricNetworkRequestExecutionTime: REQUEST_DURATION_SYSTEM='405',REQUEST_DURATION_OKHTTP='256',REQUEST_SYNCHRONOUS='TRUE',RESPONSE_CODE='200',RESPONSE_METHOD='GET',RESPONSE_LENGTH_OKHTTP='6132',RESPONSE_LENGTH_HEADER='6132',REQUEST_PROTOCOL='h2',REQUEST_URL='https://b.thumbs.redditmedia.com/zCaV9kuSMZxmMvdmErGyUsYNdPrmX8LP9_Ee4QTT16g.jpg',
08-03 20:00:39.835 14871 16688 D OK      : request got status: 200
08-03 20:00:39.875 14871 16686 I NAPPA_EXPERIMENTATION: MetricNetworkRequestExecutionTime: REQUEST_DURATION_SYSTEM='542',REQUEST_DURATION_OKHTTP='291',REQUEST_SYNCHRONOUS='TRUE',RESPONSE_CODE='200',RESPONSE_METHOD='GET',RESPONSE_LENGTH_OKHTTP='4804',RESPONSE_LENGTH_HEADER='4804',REQUEST_PROTOCOL='h2',REQUEST_URL='https://b.thumbs.redditmedia.com/MGaOJeZl7UsmdtroJopYU_36HUNvQ9LUV5WFH_FJ2vI.jpg',
08-03 20:00:39.875 14871 16686 D OK      : request got status: 200
08-03 20:00:39.877 14871 14905 I art     : Starting a blocking GC Explicit
08-03 20:00:39.881 14871 16689 I NAPPA_EXPERIMENTATION: MetricNetworkRequestExecutionTime: REQUEST_DURATION_SYSTEM='440',REQUEST_DURATION_OKHTTP='298',REQUEST_SYNCHRONOUS='TRUE',RESPONSE_CODE='200',RESPONSE_METHOD='GET',RESPONSE_LENGTH_OKHTTP='4987',RESPONSE_LENGTH_HEADER='4987',REQUEST_PROTOCOL='h2',REQUEST_URL='https://b.thumbs.redditmedia.com/4EGkxZNzrzt-RCtd035cWyO0BipdbDVuPwi4W2v4TyM.jpg',
08-03 20:00:39.881 14871 16690 I NAPPA_EXPERIMENTATION: MetricNetworkRequestExecutionTime: REQUEST_DURATION_SYSTEM='389',REQUEST_DURATION_OKHTTP='210',REQUEST_SYNCHRONOUS='TRUE',RESPONSE_CODE='200',RESPONSE_METHOD='GET',RESPONSE_LENGTH_OKHTTP='6940',RESPONSE_LENGTH_HEADER='6940',REQUEST_PROTOCOL='h2',REQUEST_URL='https://a.thumbs.redditmedia.com/aVhMBmGX07uX0KhK0rKdhMvQ4UsOJIHN4KeTaa36EF4.jpg',
08-03 20:00:39.881 14871 16689 D OK      : request got status: 200
08-03 20:00:39.881 14871 16690 D OK      : request got status: 200
08-03 20:00:39.882 14871 16685 I NAPPA_EXPERIMENTATION: MetricNetworkRequestExecutionTime: REQUEST_DURATION_SYSTEM='603',REQUEST_DURATION_OKHTTP='294',REQUEST_SYNCHRONOUS='TRUE',RESPONSE_CODE='200',RESPONSE_METHOD='GET',RESPONSE_LENGTH_OKHTTP='2613',RESPONSE_LENGTH_HEADER='2613',REQUEST_PROTOCOL='h2',REQUEST_URL='https://b.thumbs.redditmedia.com/KH2o_q4MXufUdRChsfwLtl6gnEnT8MJtZn3Tyj5ZmBU.jpg',
08-03 20:00:39.882 14871 16685 D OK      : request got status: 200
08-03 20:00:39.885 14871 16683 I NAPPA_EXPERIMENTATION: MetricNetworkRequestExecutionTime: REQUEST_DURATION_SYSTEM='654',REQUEST_DURATION_OKHTTP='298',REQUEST_SYNCHRONOUS='TRUE',RESPONSE_CODE='200',RESPONSE_METHOD='GET',RESPONSE_LENGTH_OKHTTP='2558',RESPONSE_LENGTH_HEADER='2558',REQUEST_PROTOCOL='h2',REQUEST_URL='https://b.thumbs.redditmedia.com/RROcLjDSUc0QV1UeQ1txXdyl1C_7233mmsMgtYXxQzo.jpg',
08-03 20:00:39.885 14871 16683 D OK      : request got status: 200
08-03 20:00:39.920 14871 14905 I art     : Explicit concurrent mark sweep GC freed 8318(731KB) AllocSpace objects, 23(1696KB) LOS objects, 37% free, 27MB/43MB, paused 496us total 42.963ms
08-03 20:00:39.921 14871 14882 I art     : WaitForGcToComplete blocked for 41.313ms for cause HeapTrim
08-03 20:00:39.938 14871 14905 I art     : Starting a blocking GC Explicit
08-03 20:00:39.976 14871 14905 I art     : Explicit concurrent mark sweep GC freed 1678(220KB) AllocSpace objects, 14(704KB) LOS objects, 36% free, 28MB/44MB, paused 623us total 38.235ms
08-03 20:00:39.993 14871 14905 I art     : Starting a blocking GC Explicit
08-03 20:00:40.033 14871 14905 I art     : Explicit concurrent mark sweep GC freed 871(73KB) AllocSpace objects, 7(380KB) LOS objects, 36% free, 27MB/43MB, paused 340us total 39.398ms
08-03 20:00:40.051 14871 16713 D OK      : calling: https://oauth.reddit.com/r/announcements/hot/.json?after=t3_9jf8nh
08-03 20:00:40.051 14871 14905 I art     : Starting a blocking GC Explicit
08-03 20:00:40.092 14871 14905 I art     : Explicit concurrent mark sweep GC freed 177(6KB) AllocSpace objects, 0(0B) LOS objects, 36% free, 27MB/43MB, paused 444us total 40.799ms
08-03 20:00:40.109 14871 14905 I art     : Starting a blocking GC Explicit
08-03 20:00:40.155 14871 14905 I art     : Explicit concurrent mark sweep GC freed 77(4KB) AllocSpace objects, 0(0B) LOS objects, 36% free, 27MB/43MB, paused 453us total 45.045ms
08-03 20:00:40.376 14871 16713 I NAPPA_EXPERIMENTATION: MetricNetworkRequestExecutionTime: REQUEST_DURATION_SYSTEM='325',REQUEST_DURATION_OKHTTP='145',REQUEST_SYNCHRONOUS='TRUE',RESPONSE_CODE='200',RESPONSE_METHOD='GET',RESPONSE_LENGTH_OKHTTP='-1',RESPONSE_LENGTH_HEADER='65685',REQUEST_PROTOCOL='h2',REQUEST_URL='https://oauth.reddit.com/r/announcements/hot/.json?after=t3_9jf8nh',
08-03 20:00:40.376 14871 16713 D OK      : request got status: 200
08-03 20:00:40.392 14871 15500 I PostListingFragment: Precaching images: OFF
08-03 20:00:40.393 14871 15500 I PostListingFragment: Precaching comments: OFF
08-03 20:00:40.435 14871 16726 D OK      : calling: https://a.thumbs.redditmedia.com/8P7BG-empihRDWkNYE_LZ8tekikmQtEiymWkwv7obo0.jpg
08-03 20:00:40.478 14871 16727 D OK      : calling: https://b.thumbs.redditmedia.com/PCxvz6Ma5pyTglQOwhW4LZZOY0qIwyWW5pD83dYmMgc.jpg
08-03 20:00:40.481 14871 15130 I art     : Starting a blocking GC Explicit
08-03 20:00:40.535 14871 15130 I art     : Explicit concurrent mark sweep GC freed 12429(710KB) AllocSpace objects, 4(120KB) LOS objects, 35% free, 29MB/45MB, paused 763us total 54.272ms
08-03 20:00:40.554 14871 15130 I art     : Starting a blocking GC Explicit
08-03 20:00:40.605 14871 15130 I art     : Explicit concurrent mark sweep GC freed 4475(208KB) AllocSpace objects, 2(92KB) LOS objects, 35% free, 28MB/44MB, paused 719us total 51.012ms
08-03 20:00:40.620 14871 16727 I NAPPA_EXPERIMENTATION: MetricNetworkRequestExecutionTime: REQUEST_DURATION_SYSTEM='142',REQUEST_DURATION_OKHTTP='141',REQUEST_SYNCHRONOUS='TRUE',RESPONSE_CODE='200',RESPONSE_METHOD='GET',RESPONSE_LENGTH_OKHTTP='9233',RESPONSE_LENGTH_HEADER='9233',REQUEST_PROTOCOL='h2',REQUEST_URL='https://b.thumbs.redditmedia.com/PCxvz6Ma5pyTglQOwhW4LZZOY0qIwyWW5pD83dYmMgc.jpg',
08-03 20:00:40.620 14871 16727 D OK      : request got status: 200
08-03 20:00:40.624 14871 15130 I art     : Starting a blocking GC Explicit
08-03 20:00:40.674 14871 15130 I art     : Explicit concurrent mark sweep GC freed 3925(180KB) AllocSpace objects, 4(188KB) LOS objects, 35% free, 29MB/45MB, paused 671us total 50.165ms
08-03 20:00:40.685 14871 16726 I NAPPA_EXPERIMENTATION: MetricNetworkRequestExecutionTime: REQUEST_DURATION_SYSTEM='250',REQUEST_DURATION_OKHTTP='144',REQUEST_SYNCHRONOUS='TRUE',RESPONSE_CODE='200',RESPONSE_METHOD='GET',RESPONSE_LENGTH_OKHTTP='3039',RESPONSE_LENGTH_HEADER='3039',REQUEST_PROTOCOL='h2',REQUEST_URL='https://a.thumbs.redditmedia.com/8P7BG-empihRDWkNYE_LZ8tekikmQtEiymWkwv7obo0.jpg',
08-03 20:00:40.685 14871 16726 D OK      : request got status: 200
08-03 20:00:40.694 14871 15130 I art     : Starting a blocking GC Explicit
08-03 20:00:40.724 13866 13882 I PeriodicStatsRunner: PeriodicStatsRunner.call():175 call()
08-03 20:00:40.724 13866 13882 I PeriodicStatsRunner: PeriodicStatsRunner.call():179 No submit PeriodicStats since input started.
08-03 20:00:40.748 14871 15130 I art     : Explicit concurrent mark sweep GC freed 4493(254KB) AllocSpace objects, 6(596KB) LOS objects, 35% free, 29MB/45MB, paused 547us total 54.027ms
08-03 20:00:40.767 14871 15130 I art     : Starting a blocking GC Explicit
08-03 20:00:40.822 14871 15130 I art     : Explicit concurrent mark sweep GC freed 1953(73KB) AllocSpace objects, 1(68KB) LOS objects, 35% free, 29MB/45MB, paused 424us total 54.405ms
08-03 20:00:41.165 14871 14884 I art     : Starting a blocking GC Explicit
08-03 20:00:41.228 14871 14884 I art     : Explicit concurrent mark sweep GC freed 17964(925KB) AllocSpace objects, 7(128KB) LOS objects, 36% free, 28MB/44MB, paused 429us total 61.912ms
08-03 20:00:41.250 14871 14884 I art     : Starting a blocking GC Explicit
08-03 20:00:41.301 14871 14884 I art     : Explicit concurrent mark sweep GC freed 26(960B) AllocSpace objects, 0(0B) LOS objects, 36% free, 28MB/44MB, paused 416us total 50.292ms
08-03 20:00:41.324 14871 14884 I art     : Starting a blocking GC Explicit
08-03 20:00:41.369 14871 14884 I art     : Explicit concurrent mark sweep GC freed 3(96B) AllocSpace objects, 0(0B) LOS objects, 36% free, 28MB/44MB, paused 351us total 45.023ms
08-03 20:00:41.388 14871 14884 I art     : Starting a blocking GC Explicit
08-03 20:00:41.438 14871 14884 I art     : Explicit concurrent mark sweep GC freed 3(96B) AllocSpace objects, 0(0B) LOS objects, 36% free, 28MB/44MB, paused 390us total 50.396ms
08-03 20:00:41.457 14871 14884 I art     : Starting a blocking GC Explicit
08-03 20:00:41.507 14871 14884 I art     : Explicit concurrent mark sweep GC freed 3(96B) AllocSpace objects, 0(0B) LOS objects, 36% free, 28MB/44MB, paused 383us total 49.100ms
08-03 20:00:41.838 14871 14885 I art     : Starting a blocking GC Explicit
08-03 20:00:41.902 14871 14885 I art     : Explicit concurrent mark sweep GC freed 1344(82KB) AllocSpace objects, 1(20KB) LOS objects, 36% free, 28MB/44MB, paused 409us total 63.311ms
08-03 20:00:41.924 14871 14885 I art     : Starting a blocking GC Explicit
08-03 20:00:41.974 14871 14885 I art     : Explicit concurrent mark sweep GC freed 20(704B) AllocSpace objects, 0(0B) LOS objects, 36% free, 28MB/44MB, paused 417us total 50.430ms
08-03 20:00:41.996 14871 14885 I art     : Starting a blocking GC Explicit
08-03 20:00:42.046 14871 14885 I art     : Explicit concurrent mark sweep GC freed 3(96B) AllocSpace objects, 0(0B) LOS objects, 36% free, 28MB/44MB, paused 394us total 49.936ms
08-03 20:00:42.065 14871 14885 I art     : Starting a blocking GC Explicit
08-03 20:00:42.115 14871 14885 I art     : Explicit concurrent mark sweep GC freed 3(96B) AllocSpace objects, 0(0B) LOS objects, 36% free, 28MB/44MB, paused 387us total 50.014ms
08-03 20:00:42.137 14871 14885 I art     : Starting a blocking GC Explicit
08-03 20:00:42.187 14871 14885 I art     : Explicit concurrent mark sweep GC freed 3(96B) AllocSpace objects, 0(0B) LOS objects, 36% free, 28MB/44MB, paused 386us total 49.651ms
08-03 20:00:42.543 14871 14905 I art     : Starting a blocking GC Explicit
08-03 20:00:42.598 14871 14905 I art     : Explicit concurrent mark sweep GC freed 1344(82KB) AllocSpace objects, 1(20KB) LOS objects, 36% free, 28MB/44MB, paused 549us total 55.332ms
08-03 20:00:42.621 14871 14905 I art     : Starting a blocking GC Explicit
08-03 20:00:42.672 14871 14905 I art     : Explicit concurrent mark sweep GC freed 20(704B) AllocSpace objects, 0(0B) LOS objects, 36% free, 28MB/44MB, paused 376us total 51.259ms
08-03 20:00:42.691 14871 14905 I art     : Starting a blocking GC Explicit
08-03 20:00:42.703 13866 13882 I PeriodicStatsRunner: PeriodicStatsRunner.call():175 call()
08-03 20:00:42.704 13866 13882 I PeriodicStatsRunner: PeriodicStatsRunner.call():179 No submit PeriodicStats since input started.
08-03 20:00:42.740 14871 14905 I art     : Explicit concurrent mark sweep GC freed 3(96B) AllocSpace objects, 0(0B) LOS objects, 36% free, 28MB/44MB, paused 390us total 48.777ms
08-03 20:00:42.759 14871 14905 I art     : Starting a blocking GC Explicit
08-03 20:00:42.808 14871 14905 I art     : Explicit concurrent mark sweep GC freed 3(96B) AllocSpace objects, 0(0B) LOS objects, 36% free, 28MB/44MB, paused 360us total 48.764ms
08-03 20:00:42.827 14871 14905 I art     : Starting a blocking GC Explicit
08-03 20:00:42.871 14871 14905 I art     : Explicit concurrent mark sweep GC freed 3(96B) AllocSpace objects, 0(0B) LOS objects, 36% free, 28MB/44MB, paused 363us total 44.497ms
08-03 20:00:43.190 14871 15130 I art     : Starting a blocking GC Explicit
08-03 20:00:43.238 14871 15130 I art     : Explicit concurrent mark sweep GC freed 1349(82KB) AllocSpace objects, 1(20KB) LOS objects, 36% free, 28MB/44MB, paused 417us total 47.316ms
08-03 20:00:43.257 14871 15130 I art     : Starting a blocking GC Explicit
08-03 20:00:43.304 14871 15130 I art     : Explicit concurrent mark sweep GC freed 20(704B) AllocSpace objects, 0(0B) LOS objects, 36% free, 28MB/44MB, paused 389us total 46.739ms
08-03 20:00:43.322 14871 15130 I art     : Starting a blocking GC Explicit
08-03 20:00:43.369 14871 15130 I art     : Explicit concurrent mark sweep GC freed 3(96B) AllocSpace objects, 0(0B) LOS objects, 36% free, 28MB/44MB, paused 355us total 46.116ms
08-03 20:00:43.387 14871 15130 I art     : Starting a blocking GC Explicit
08-03 20:00:43.394 16760 16760 D AndroidRuntime: >>>>>> START com.android.internal.os.RuntimeInit uid 2000 <<<<<<
08-03 20:00:43.400 16760 16760 D AndroidRuntime: CheckJNI is OFF
08-03 20:00:43.432 14871 15130 I art     : Explicit concurrent mark sweep GC freed 3(96B) AllocSpace objects, 0(0B) LOS objects, 36% free, 28MB/44MB, paused 398us total 45.045ms
08-03 20:00:43.448 16760 16760 D ICU     : No timezone override file found: /data/misc/zoneinfo/current/icu/icu_tzdata.dat
08-03 20:00:43.450 14871 15130 I art     : Starting a blocking GC Explicit
08-03 20:00:43.496 14871 15130 I art     : Explicit concurrent mark sweep GC freed 3(96B) AllocSpace objects, 0(0B) LOS objects, 36% free, 28MB/44MB, paused 405us total 45.611ms
08-03 20:00:43.498 16760 16760 I Radio-JNI: register_android_hardware_Radio DONE
08-03 20:00:43.528 16760 16760 D AndroidRuntime: Calling main entry com.android.commands.input.Input
08-03 20:00:43.531 16760 16760 I Input   : injectMotionEvent: MotionEvent { action=ACTION_DOWN, actionButton=0, id[0]=0, x[0]=600.0, y[0]=580.0, toolType[0]=TOOL_TYPE_UNKNOWN, buttonState=0, metaState=0, flags=0x0, edgeFlags=0x0, pointerCount=1, historySize=0, eventTime=648059943, downTime=648059943, deviceId=0, source=0x1002 }
08-03 20:00:43.536 16760 16760 I Input   : injectMotionEvent: MotionEvent { action=ACTION_UP, actionButton=0, id[0]=0, x[0]=600.0, y[0]=580.0, toolType[0]=TOOL_TYPE_UNKNOWN, buttonState=0, metaState=0, flags=0x0, edgeFlags=0x0, pointerCount=1, historySize=0, eventTime=648059943, downTime=648059943, deviceId=0, source=0x1002 }
08-03 20:00:43.538 16760 16760 D AndroidRuntime: Shutting down VM
08-03 20:00:43.555   512  2967 D audio_hw_primary: out_set_parameters: enter: usecase(1: low-latency-playback) kvpairs: routing=2
08-03 20:00:43.558   918   928 I ActivityManager: START u0 {cmp=baseline.org.quantumbadger.redreader/.activities.WebViewActivity (has extras)} from uid 10634 on display 0
08-03 20:00:43.569   512  2967 D audio_hw_primary: select_devices: out_snd_device(2: speaker) in_snd_device(0: none)
08-03 20:00:43.569   512  2967 D msm8974_platform: platform_send_audio_calibration: sending audio calibration for snd_device(2) acdb_id(15)
08-03 20:00:43.569   512  2967 I soundtrigger: audio_extn_sound_trigger_update_device_status: device 0x2 of type 0 for Event 1
08-03 20:00:43.579   512  2967 D audio_hw_primary: enable_snd_device: snd_device(2: speaker)
08-03 20:00:43.582   512  2967 D audio_hw_primary: enable_audio_route: apply and update mixer path: low-latency-playback speaker
08-03 20:00:43.585 14871 14871 I AppCompatViewInflater: app:theme is now deprecated. Please move to using android:theme instead.
08-03 20:00:43.603 14871 14871 I WebViewFactory: Loading com.google.android.webview version 84.0.4147.89 (code 414708953)
08-03 20:00:43.686 14871 14871 I cr_LibraryLoader: Loaded native library version number "84.0.4147.89"
08-03 20:00:43.688 14871 14871 I cr_CachingUmaRecorder: Flushed 5 samples from 5 histograms.
08-03 20:00:43.728 14871 14871 E chromium: [ERROR:filesystem_posix.cc(62)] mkdir /data/user/0/baseline.org.quantumbadger.redreader/cache/WebView/Crashpad: No such file or directory (2)
08-03 20:00:43.829 14871 14885 I art     : Starting a blocking GC Explicit
08-03 20:00:43.838   918  6112 D ConnectivityService: listenForNetwork for Listen from uid/pid:10634/14871 for NetworkRequest [ id=2325, legacyType=-1, [ Capabilities: INTERNET&NOT_RESTRICTED&TRUSTED] ]
08-03 20:00:43.882 14871 14885 I art     : Explicit concurrent mark sweep GC freed 10693(880KB) AllocSpace objects, 3(60KB) LOS objects, 35% free, 29MB/45MB, paused 1.416ms total 53.178ms
08-03 20:00:43.898 14871 16810 W cr_media: Requires BLUETOOTH permission
08-03 20:00:43.921 14871 16820 E libEGL  : validate_display:255 error 3008 (EGL_BAD_DISPLAY)
08-03 20:00:43.933 14871 14885 I art     : Starting a blocking GC Explicit
08-03 20:00:43.982 14871 14885 I art     : Explicit concurrent mark sweep GC freed 6936(566KB) AllocSpace objects, 3(76KB) LOS objects, 35% free, 29MB/45MB, paused 560us total 48.823ms
08-03 20:00:44.004 14871 14885 I art     : Starting a blocking GC Explicit
08-03 20:00:44.051 14871 14885 I art     : Explicit concurrent mark sweep GC freed 629(28KB) AllocSpace objects, 0(0B) LOS objects, 35% free, 29MB/45MB, paused 868us total 46.728ms
08-03 20:00:44.070 14871 14885 I art     : Starting a blocking GC Explicit
08-03 20:00:44.075 13866 13866 I GoogleInputMethodServic: GoogleInputMethodService.onFinishInput():3138 
08-03 20:00:44.075   918   936 I ActivityManager: Displayed baseline.org.quantumbadger.redreader/.activities.WebViewActivity: +506ms
08-03 20:00:44.076 13866 13866 I GoogleInputMethodServic: GoogleInputMethodService.onStartInput():1808 
08-03 20:00:44.113 14871 14885 I art     : Explicit concurrent mark sweep GC freed 265(19KB) AllocSpace objects, 0(0B) LOS objects, 35% free, 29MB/45MB, paused 512us total 42.588ms
08-03 20:00:44.119   512  2967 D audio_hw_primary: disable_audio_route: reset and update mixer path: low-latency-playback speaker
08-03 20:00:44.120   512  2967 D audio_hw_primary: disable_snd_device: snd_device(2: speaker)
08-03 20:00:44.132   512  2967 I soundtrigger: audio_extn_sound_trigger_update_device_status: device 0x2 of type 0 for Event 0
08-03 20:00:44.133 14871 14885 I art     : Starting a blocking GC Explicit
08-03 20:00:44.172 14871 14885 I art     : Explicit concurrent mark sweep GC freed 37(3KB) AllocSpace objects, 0(0B) LOS objects, 35% free, 29MB/45MB, paused 428us total 38.937ms
08-03 20:00:44.331   380   380 W SurfaceFlinger: couldn't log to binary event log: overflow.
08-03 20:00:44.488 14871 14885 I art     : Starting a blocking GC Explicit
08-03 20:00:44.532 14871 14885 I art     : Explicit concurrent mark sweep GC freed 4992(290KB) AllocSpace objects, 4(220KB) LOS objects, 35% free, 29MB/45MB, paused 686us total 42.953ms
08-03 20:00:44.551 14871 14885 I art     : Starting a blocking GC Explicit
08-03 20:00:44.591 14871 14885 I art     : Explicit concurrent mark sweep GC freed 1325(145KB) AllocSpace objects, 0(0B) LOS objects, 35% free, 29MB/45MB, paused 512us total 40.662ms
08-03 20:00:44.608 14871 14885 I art     : Starting a blocking GC Explicit
08-03 20:00:44.659 14871 14885 I art     : Explicit concurrent mark sweep GC freed 80(2432B) AllocSpace objects, 0(0B) LOS objects, 35% free, 29MB/45MB, paused 761us total 50.754ms
08-03 20:00:44.679 14871 14885 I art     : Starting a blocking GC Explicit
08-03 20:00:44.720 14871 14885 I art     : Explicit concurrent mark sweep GC freed 3924(164KB) AllocSpace objects, 0(0B) LOS objects, 35% free, 29MB/45MB, paused 600us total 40.756ms
08-03 20:00:44.737 14871 14885 I art     : Starting a blocking GC Explicit
08-03 20:00:44.776 14871 14885 I art     : Explicit concurrent mark sweep GC freed 95(3KB) AllocSpace objects, 0(0B) LOS objects, 35% free, 29MB/45MB, paused 574us total 38.817ms
08-03 20:00:45.084 14871 15130 I art     : Starting a blocking GC Explicit
08-03 20:00:45.124 14871 15130 I art     : Explicit concurrent mark sweep GC freed 1356(82KB) AllocSpace objects, 1(20KB) LOS objects, 35% free, 29MB/45MB, paused 522us total 39.597ms
08-03 20:00:45.142 14871 15130 I art     : Starting a blocking GC Explicit
08-03 20:00:45.180 14871 15130 I art     : Explicit concurrent mark sweep GC freed 20(704B) AllocSpace objects, 0(0B) LOS objects, 35% free, 29MB/45MB, paused 484us total 37.914ms
08-03 20:00:45.206 14871 15130 I art     : Starting a blocking GC Explicit
08-03 20:00:45.246 14871 15130 I art     : Explicit concurrent mark sweep GC freed 225(11KB) AllocSpace objects, 0(0B) LOS objects, 35% free, 29MB/45MB, paused 536us total 40.036ms
08-03 20:00:45.263 14871 15130 I art     : Starting a blocking GC Explicit
08-03 20:00:45.302 14871 15130 I art     : Explicit concurrent mark sweep GC freed 3(96B) AllocSpace objects, 0(0B) LOS objects, 35% free, 29MB/45MB, paused 497us total 38.959ms
08-03 20:00:45.319 14871 15130 I art     : Starting a blocking GC Explicit
08-03 20:00:45.359 14871 15130 I art     : Explicit concurrent mark sweep GC freed 3(96B) AllocSpace objects, 0(0B) LOS objects, 35% free, 29MB/45MB, paused 494us total 39.318ms
08-03 20:00:45.694 14871 14885 I art     : Starting a blocking GC Explicit
08-03 20:00:45.703 14871 14871 I Choreographer: Skipped 61 frames!  The application may be doing too much work on its main thread.
08-03 20:00:45.753 14871 14885 I art     : Explicit concurrent mark sweep GC freed 1532(114KB) AllocSpace objects, 1(20KB) LOS objects, 35% free, 29MB/45MB, paused 1.641ms total 59.300ms
08-03 20:00:45.776 14871 14885 I art     : Starting a blocking GC Explicit
08-03 20:00:45.829 14871 14885 I art     : Explicit concurrent mark sweep GC freed 106(3KB) AllocSpace objects, 0(0B) LOS objects, 35% free, 29MB/45MB, paused 485us total 52.554ms
08-03 20:00:45.851 14871 14885 I art     : Starting a blocking GC Explicit
08-03 20:00:45.900 14871 14885 I art     : Explicit concurrent mark sweep GC freed 20(640B) AllocSpace objects, 0(0B) LOS objects, 35% free, 29MB/45MB, paused 601us total 48.827ms
08-03 20:00:45.919 14871 14885 I art     : Starting a blocking GC Explicit
08-03 20:00:45.966 14871 14885 I art     : Explicit concurrent mark sweep GC freed 18(576B) AllocSpace objects, 0(0B) LOS objects, 35% free, 29MB/45MB, paused 563us total 47.226ms
08-03 20:00:45.986 14871 14885 I art     : Starting a blocking GC Explicit
08-03 20:00:46.031 14871 14885 I art     : Explicit concurrent mark sweep GC freed 6(192B) AllocSpace objects, 0(0B) LOS objects, 35% free, 29MB/45MB, paused 479us total 44.766ms
08-03 20:00:46.369 14871 14871 I chromium: [INFO:CONSOLE(1)] "
08-03 20:00:46.369 14871 14871 I chromium:                   ,d"=,.,qOp,
08-03 20:00:46.369 14871 14871 I chromium:                  ,7'  ''$(  )
08-03 20:00:46.369 14871 14871 I chromium:                 ,7'      '?q$7'
08-03 20:00:46.369 14871 14871 I chromium:              ..,$$,.
08-03 20:00:46.369 14871 14871 I chromium:    ,.  .,,--***""***--,,.  .,
08-03 20:00:46.369 14871 14871 I chromium:     ,p''              ''q,   
08-03 20:00:46.369 14871 14871 I chromium: :  ,7'                      '7,  :
08-03 20:00:46.369 14871 14871 I chromium:  ' $      ,db,      ,db,      $ '
08-03 20:00:46.369 14871 14871 I chromium:   '$      $$      $$      $'    Using Reddit at work? Work for Reddit.
08-03 20:00:46.369 14871 14871 I chromium:   '$                          $'        https://www.reddit.com/jobs
08-03 20:00:46.369 14871 14871 I chromium:    '$.     .,        ,.     .$'
08-03 20:00:46.369 14871 14871 I chromium:     'b,     ''     ,d'
08-03 20:00:46.369 14871 14871 I chromium:      '?bn,,          ,,nd?'
08-03 20:00:46.369 14871 14871 I chromium:        ,7$ '''' $7,
08-03 20:00:46.369 14871 14871 I chromium:      , $              $ ,
08-03 20:00:46.369 14871 14871 I chromium:      $  :$              $:  $
08-03 20:00:46.369 14871 14871 I chromium:      $   $              $   $
08-03 20:00:46.369 14871 14871 I chromium:      'b  q:            :p  d'
08-03 20:00:46.369 14871 14871 I chromium:       '?$.          .$?'
08-03 20:00:46.369 14871 14871 I chromium:          'b            d'
08-03 20:00:46.369 14871 14871 I chromium:        ,'?,.      .,?',
08-03 20:00:46.369 14871 14871 I chromium:       ==--==--==--==
08-03 20:00:46.369 14871 14871 I chromium: ", source: https://www.redditstatic.com/desktop2x/Chat~Governance~Reddit.2ea93b134a9b2e5b1d9a.js (1)
08-03 20:00:46.390 14871 14905 I art     : Starting a blocking GC Explicit
08-03 20:00:46.430 14871 14905 I art     : Explicit concurrent mark sweep GC freed 1364(85KB) AllocSpace objects, 1(20KB) LOS objects, 35% free, 29MB/45MB, paused 478us total 40.150ms
08-03 20:00:46.448 14871 14905 I art     : Starting a blocking GC Explicit
08-03 20:00:46.490 14871 14905 I art     : Explicit concurrent mark sweep GC freed 20(704B) AllocSpace objects, 0(0B) LOS objects, 35% free, 29MB/45MB, paused 489us total 42.288ms
08-03 20:00:46.508 14871 14905 I art     : Starting a blocking GC Explicit
08-03 20:00:46.553 14871 14905 I art     : Explicit concurrent mark sweep GC freed 3(96B) AllocSpace objects, 0(0B) LOS objects, 35% free, 29MB/45MB, paused 538us total 44.695ms
08-03 20:00:46.570 14871 14905 I art     : Starting a blocking GC Explicit
08-03 20:00:46.614 14871 14905 I art     : Explicit concurrent mark sweep GC freed 3(96B) AllocSpace objects, 0(0B) LOS objects, 35% free, 29MB/45MB, paused 501us total 43.588ms
08-03 20:00:46.632 14871 14905 I art     : Starting a blocking GC Explicit
08-03 20:00:46.679 14871 14905 I art     : Explicit concurrent mark sweep GC freed 3(96B) AllocSpace objects, 0(0B) LOS objects, 35% free, 29MB/45MB, paused 494us total 46.570ms
08-03 20:00:46.751   518   646 I ThermalEngine: ACTION: GPU - Setting GPU[0] to 390000000
08-03 20:00:47.053 14871 16853 I art     : Starting a blocking GC Explicit
08-03 20:00:47.112 14871 16853 I art     : Explicit concurrent mark sweep GC freed 1367(83KB) AllocSpace objects, 1(20KB) LOS objects, 35% free, 29MB/45MB, paused 871us total 57.877ms
08-03 20:00:47.136 14871 16853 I art     : Starting a blocking GC Explicit
08-03 20:00:47.193 14871 16853 I art     : Explicit concurrent mark sweep GC freed 22(768B) AllocSpace objects, 0(0B) LOS objects, 35% free, 29MB/45MB, paused 1.012ms total 56.212ms
08-03 20:00:47.217 14871 16853 I art     : Starting a blocking GC Explicit
08-03 20:00:47.270 14871 16853 I art     : Explicit concurrent mark sweep GC freed 3(96B) AllocSpace objects, 0(0B) LOS objects, 35% free, 29MB/45MB, paused 913us total 52.772ms
08-03 20:00:47.295 14871 16853 I art     : Starting a blocking GC Explicit
08-03 20:00:47.348 14871 16853 I art     : Explicit concurrent mark sweep GC freed 3(96B) AllocSpace objects, 0(0B) LOS objects, 35% free, 29MB/45MB, paused 859us total 52.754ms
08-03 20:00:47.372 14871 16853 I art     : Starting a blocking GC Explicit
08-03 20:00:47.427 14871 16853 I art     : Explicit concurrent mark sweep GC freed 3(96B) AllocSpace objects, 0(0B) LOS objects, 35% free, 29MB/45MB, paused 1.139ms total 54.919ms
08-03 20:00:47.810 14871 15130 I art     : Starting a blocking GC Explicit
08-03 20:00:47.879 14871 15130 I art     : Explicit concurrent mark sweep GC freed 1559(94KB) AllocSpace objects, 1(20KB) LOS objects, 35% free, 29MB/45MB, paused 874us total 68.205ms
08-03 20:00:47.902 14871 15130 I art     : Starting a blocking GC Explicit
08-03 20:00:47.951 14871 15130 I art     : Explicit concurrent mark sweep GC freed 43(3KB) AllocSpace objects, 0(0B) LOS objects, 35% free, 29MB/45MB, paused 713us total 49.098ms
08-03 20:00:47.974 14871 15130 I art     : Starting a blocking GC Explicit
08-03 20:00:48.031 14871 15130 I art     : Explicit concurrent mark sweep GC freed 3(96B) AllocSpace objects, 0(0B) LOS objects, 35% free, 29MB/45MB, paused 791us total 56.932ms
08-03 20:00:48.058 14871 15130 I art     : Starting a blocking GC Explicit
08-03 20:00:48.115 14871 15130 I art     : Explicit concurrent mark sweep GC freed 3(96B) AllocSpace objects, 0(0B) LOS objects, 35% free, 29MB/45MB, paused 672us total 57.030ms
08-03 20:00:48.141 14871 15130 I art     : Starting a blocking GC Explicit
08-03 20:00:48.194 14871 15130 I art     : Explicit concurrent mark sweep GC freed 4(112B) AllocSpace objects, 0(0B) LOS objects, 35% free, 29MB/45MB, paused 896us total 52.854ms
08-03 20:00:48.571 14871 16785 I RedditChangeDataIO: Writing tmp data file at '/data/user/0/baseline.org.quantumbadger.redreader/files/rr_change_data_tmp.dat'
08-03 20:00:48.572 14871 16785 I RedditChangeDataManager: Taking snapshot...
08-03 20:00:48.572 14871 16785 I RedditChangeDataManager: Writing to stream...
08-03 20:00:48.572 14871 16785 I RedditChangeDataManager: Wrote 4 entries for user ''
08-03 20:00:48.572 14871 16785 I RedditChangeDataManager: All entries written to stream.
08-03 20:00:48.572 14871 16785 I RedditChangeDataIO: Write successful. Atomically replacing data file...
08-03 20:00:48.573 14871 16785 I RedditChangeDataIO: Write complete.
08-03 20:00:48.573 14871 16785 I RedditChangeDataIO: 110 bytes written in 2 ms
08-03 20:00:48.602 14871 14905 I art     : Starting a blocking GC Explicit
08-03 20:00:48.663 14871 14905 I art     : Explicit concurrent mark sweep GC freed 1482(90KB) AllocSpace objects, 2(88KB) LOS objects, 35% free, 29MB/45MB, paused 688us total 60.855ms
08-03 20:00:48.689 14871 14905 I art     : Starting a blocking GC Explicit
08-03 20:00:48.752 14871 14905 I art     : Explicit concurrent mark sweep GC freed 23(800B) AllocSpace objects, 0(0B) LOS objects, 35% free, 29MB/45MB, paused 722us total 62.235ms
08-03 20:00:48.777 14871 14905 I art     : Starting a blocking GC Explicit
08-03 20:00:48.844 14871 14905 I art     : Explicit concurrent mark sweep GC freed 3(96B) AllocSpace objects, 0(0B) LOS objects, 35% free, 29MB/45MB, paused 695us total 66.711ms
08-03 20:00:48.869 14871 14905 I art     : Starting a blocking GC Explicit
08-03 20:00:48.934 14871 14905 I art     : Explicit concurrent mark sweep GC freed 3(96B) AllocSpace objects, 0(0B) LOS objects, 35% free, 29MB/45MB, paused 685us total 63.813ms
08-03 20:00:48.959 14871 14905 I art     : Starting a blocking GC Explicit
08-03 20:00:49.028 14871 14905 I art     : Explicit concurrent mark sweep GC freed 3(96B) AllocSpace objects, 0(0B) LOS objects, 35% free, 29MB/45MB, paused 987us total 68.501ms
08-03 20:00:49.076 13866 13882 I PeriodicStatsRunner: PeriodicStatsRunner.call():175 call()
08-03 20:00:49.076 13866 13882 I PeriodicStatsRunner: PeriodicStatsRunner.call():179 No submit PeriodicStats since input started.
08-03 20:00:49.403 14871 14884 I art     : Starting a blocking GC Explicit
08-03 20:00:49.463 14871 14884 I art     : Explicit concurrent mark sweep GC freed 1355(82KB) AllocSpace objects, 1(20KB) LOS objects, 35% free, 29MB/45MB, paused 668us total 58.255ms
08-03 20:00:49.488 14871 14884 I art     : Starting a blocking GC Explicit
08-03 20:00:49.554 14871 14884 I art     : Explicit concurrent mark sweep GC freed 22(784B) AllocSpace objects, 0(0B) LOS objects, 35% free, 29MB/45MB, paused 991us total 66.229ms
08-03 20:00:49.580 14871 14884 I art     : Starting a blocking GC Explicit
08-03 20:00:49.649 14871 14884 I art     : Explicit concurrent mark sweep GC freed 3(96B) AllocSpace objects, 0(0B) LOS objects, 35% free, 29MB/45MB, paused 914us total 68.471ms
08-03 20:00:49.674 14871 14884 I art     : Starting a blocking GC Explicit
08-03 20:00:49.739 14871 14884 I art     : Explicit concurrent mark sweep GC freed 3(96B) AllocSpace objects, 0(0B) LOS objects, 35% free, 29MB/45MB, paused 826us total 64.145ms
08-03 20:00:49.764 14871 14884 I art     : Starting a blocking GC Explicit
08-03 20:00:49.830 14871 14884 I art     : Explicit concurrent mark sweep GC freed 3(96B) AllocSpace objects, 0(0B) LOS objects, 35% free, 29MB/45MB, paused 968us total 65.636ms
08-03 20:00:50.213 14871 14884 I art     : Starting a blocking GC Explicit
08-03 20:00:50.270 14871 14884 I art     : Explicit concurrent mark sweep GC freed 1355(82KB) AllocSpace objects, 1(20KB) LOS objects, 35% free, 29MB/45MB, paused 836us total 56.366ms
08-03 20:00:50.296 14871 14884 I art     : Starting a blocking GC Explicit
08-03 20:00:50.357 14871 14884 I art     : Explicit concurrent mark sweep GC freed 20(704B) AllocSpace objects, 0(0B) LOS objects, 35% free, 29MB/45MB, paused 837us total 60.465ms
08-03 20:00:50.382 14871 14884 I art     : Starting a blocking GC Explicit
08-03 20:00:50.450 14871 14884 I art     : Explicit concurrent mark sweep GC freed 3(96B) AllocSpace objects, 0(0B) LOS objects, 35% free, 29MB/45MB, paused 896us total 67.919ms
08-03 20:00:50.476 14871 14884 I art     : Starting a blocking GC Explicit
08-03 20:00:50.543 14871 14884 I art     : Explicit concurrent mark sweep GC freed 3(96B) AllocSpace objects, 0(0B) LOS objects, 35% free, 29MB/45MB, paused 789us total 67.285ms
08-03 20:00:50.569 14871 14884 I art     : Starting a blocking GC Explicit
08-03 20:00:50.633 14871 14884 I art     : Explicit concurrent mark sweep GC freed 3(96B) AllocSpace objects, 0(0B) LOS objects, 35% free, 29MB/45MB, paused 724us total 63.972ms
08-03 20:00:51.025 14871 14884 I art     : Starting a blocking GC Explicit
08-03 20:00:51.081 14871 14884 I art     : Explicit concurrent mark sweep GC freed 1355(82KB) AllocSpace objects, 1(20KB) LOS objects, 35% free, 29MB/45MB, paused 684us total 55.436ms
08-03 20:00:51.111 14871 14884 I art     : Starting a blocking GC Explicit
08-03 20:00:51.167 14871 14884 I art     : Explicit concurrent mark sweep GC freed 20(704B) AllocSpace objects, 0(0B) LOS objects, 35% free, 29MB/45MB, paused 716us total 55.357ms
08-03 20:00:51.192 14871 14884 I art     : Starting a blocking GC Explicit
08-03 20:00:51.256 14871 14884 I art     : Explicit concurrent mark sweep GC freed 3(96B) AllocSpace objects, 0(0B) LOS objects, 35% free, 29MB/45MB, paused 942us total 63.188ms
08-03 20:00:51.281 14871 14884 I art     : Starting a blocking GC Explicit
08-03 20:00:51.351 14871 14884 I art     : Explicit concurrent mark sweep GC freed 3(96B) AllocSpace objects, 0(0B) LOS objects, 35% free, 29MB/45MB, paused 845us total 68.925ms
08-03 20:00:51.377 14871 14884 I art     : Starting a blocking GC Explicit
08-03 20:00:51.440 14871 14884 I art     : Explicit concurrent mark sweep GC freed 3(96B) AllocSpace objects, 0(0B) LOS objects, 35% free, 29MB/45MB, paused 766us total 62.714ms
08-03 20:00:51.846 14871 14884 I art     : Starting a blocking GC Explicit
08-03 20:00:51.961 14871 14884 I art     : Explicit concurrent mark sweep GC freed 1355(82KB) AllocSpace objects, 1(20KB) LOS objects, 35% free, 29MB/45MB, paused 843us total 114.247ms
08-03 20:00:52.039 14871 14884 I art     : Starting a blocking GC Explicit
08-03 20:00:52.167 14871 14884 I art     : Explicit concurrent mark sweep GC freed 20(704B) AllocSpace objects, 0(0B) LOS objects, 35% free, 29MB/45MB, paused 852us total 126.969ms
08-03 20:00:52.214 14871 14884 I art     : Starting a blocking GC Explicit
08-03 20:00:52.268 14871 14884 I art     : Explicit concurrent mark sweep GC freed 3(96B) AllocSpace objects, 0(0B) LOS objects, 35% free, 29MB/45MB, paused 1.057ms total 53.341ms
08-03 20:00:52.297 14871 14884 I art     : Starting a blocking GC Explicit
08-03 20:00:52.418 14871 14884 I art     : Explicit concurrent mark sweep GC freed 3(96B) AllocSpace objects, 0(0B) LOS objects, 35% free, 29MB/45MB, paused 1.536ms total 119.945ms
08-03 20:00:52.442 14871 14884 I art     : Starting a blocking GC Explicit
08-03 20:00:52.529 14871 14884 I art     : Explicit concurrent mark sweep GC freed 3(96B) AllocSpace objects, 0(0B) LOS objects, 35% free, 29MB/45MB, paused 807us total 85.748ms
08-03 20:00:52.577 16014 16014 I ServiceManager: Waiting for service AtCmdFwd...
08-03 20:00:52.732 16949 16949 D AndroidRuntime: >>>>>> START com.android.internal.os.RuntimeInit uid 2000 <<<<<<
08-03 20:00:52.738 16949 16949 D AndroidRuntime: CheckJNI is OFF
08-03 20:00:52.794 16949 16949 D ICU     : No timezone override file found: /data/misc/zoneinfo/current/icu/icu_tzdata.dat
08-03 20:00:52.849 16949 16949 I Radio-JNI: register_android_hardware_Radio DONE
08-03 20:00:52.881 16949 16949 D AndroidRuntime: Calling main entry com.android.commands.input.Input
08-03 20:00:52.883 16949 16949 I Input   : injectKeyEvent: KeyEvent { action=ACTION_DOWN, keyCode=KEYCODE_BACK, scanCode=0, metaState=0, flags=0x0, repeatCount=0, eventTime=648069296, downTime=648069296, deviceId=-1, source=0x101 }
08-03 20:00:52.894 16949 16949 I Input   : injectKeyEvent: KeyEvent { action=ACTION_UP, keyCode=KEYCODE_BACK, scanCode=0, metaState=0, flags=0x0, repeatCount=0, eventTime=648069296, downTime=648069296, deviceId=-1, source=0x101 }
08-03 20:00:52.912 16949 16949 D AndroidRuntime: Shutting down VM
08-03 20:00:52.931 14871 15130 I art     : Starting a blocking GC Explicit
08-03 20:00:53.005 13866 13866 I GoogleInputMethodServic: GoogleInputMethodService.onFinishInput():3138 
08-03 20:00:53.006 13866 13866 I GoogleInputMethodServic: GoogleInputMethodService.onStartInput():1808 
08-03 20:00:53.032 14871 15130 I art     : Explicit concurrent mark sweep GC freed 1561(91KB) AllocSpace objects, 1(20KB) LOS objects, 35% free, 29MB/45MB, paused 809us total 100.027ms
08-03 20:00:53.063 14871 15130 I art     : Starting a blocking GC Explicit
08-03 20:00:53.114 14871 15130 I art     : Explicit concurrent mark sweep GC freed 108(3KB) AllocSpace objects, 0(0B) LOS objects, 35% free, 29MB/45MB, paused 576us total 50.898ms
08-03 20:00:53.143 14871 15130 I art     : Starting a blocking GC Explicit
08-03 20:00:53.213 14871 15130 I art     : Explicit concurrent mark sweep GC freed 7(256B) AllocSpace objects, 0(0B) LOS objects, 35% free, 29MB/45MB, paused 1.694ms total 69.059ms
08-03 20:00:53.246 14871 15130 I art     : Starting a blocking GC Explicit
08-03 20:00:53.316 14871 15130 I art     : Explicit concurrent mark sweep GC freed 3(96B) AllocSpace objects, 0(0B) LOS objects, 35% free, 29MB/45MB, paused 713us total 69.214ms
08-03 20:00:53.323   380   380 W SurfaceFlinger: couldn't log to binary event log: overflow.
08-03 20:00:53.344 14871 15130 I art     : Starting a blocking GC Explicit
08-03 20:00:53.377   918  3263 D ConnectivityService: releasing NetworkRequest NetworkRequest [ id=2325, legacyType=-1, [ Capabilities: INTERNET&NOT_RESTRICTED&TRUSTED] ]
08-03 20:00:53.426 14871 15130 I art     : Explicit concurrent mark sweep GC freed 870(41KB) AllocSpace objects, 0(0B) LOS objects, 35% free, 29MB/45MB, paused 753us total 81.967ms
08-03 20:00:53.578 16014 16014 I ServiceManager: Waiting for service AtCmdFwd...
08-03 20:00:53.789 14871 14884 I art     : Starting a blocking GC Explicit
08-03 20:00:53.862 14871 14884 I art     : Explicit concurrent mark sweep GC freed 1527(93KB) AllocSpace objects, 1(20KB) LOS objects, 35% free, 29MB/45MB, paused 960us total 73.078ms
08-03 20:00:53.894 14871 14884 I art     : Starting a blocking GC Explicit
08-03 20:00:53.955 14871 14884 I art     : Explicit concurrent mark sweep GC freed 1994(117KB) AllocSpace objects, 1(28KB) LOS objects, 35% free, 29MB/45MB, paused 806us total 60.416ms
08-03 20:00:53.986 14871 14884 I art     : Starting a blocking GC Explicit
08-03 20:00:54.047 14871 14884 I art     : Explicit concurrent mark sweep GC freed 3(96B) AllocSpace objects, 0(0B) LOS objects, 35% free, 29MB/45MB, paused 749us total 60.323ms
08-03 20:00:54.078 14871 14884 I art     : Starting a blocking GC Explicit
08-03 20:00:54.138 14871 14884 I art     : Explicit concurrent mark sweep GC freed 22(1104B) AllocSpace objects, 0(0B) LOS objects, 35% free, 29MB/45MB, paused 710us total 58.684ms
08-03 20:00:54.164 14871 14884 I art     : Starting a blocking GC Explicit
08-03 20:00:54.221 14871 14884 I art     : Explicit concurrent mark sweep GC freed 9(320B) AllocSpace objects, 0(0B) LOS objects, 35% free, 29MB/45MB, paused 803us total 56.556ms
08-03 20:00:54.578 16014 16014 I ServiceManager: Waiting for service AtCmdFwd...
08-03 20:00:54.596 14871 14885 I art     : Starting a blocking GC Explicit
08-03 20:00:54.662 14871 14885 I art     : Explicit concurrent mark sweep GC freed 1354(82KB) AllocSpace objects, 1(20KB) LOS objects, 35% free, 29MB/45MB, paused 774us total 65.295ms
08-03 20:00:54.688 14871 14885 I art     : Starting a blocking GC Explicit
08-03 20:00:54.743 14871 14885 I art     : Explicit concurrent mark sweep GC freed 20(704B) AllocSpace objects, 0(0B) LOS objects, 35% free, 29MB/45MB, paused 788us total 55.186ms
08-03 20:00:54.762   518   646 I ThermalEngine: ACTION: GPU - Setting GPU[0] to 450000000
08-03 20:00:54.768 14871 14885 I art     : Starting a blocking GC Explicit
08-03 20:00:54.812 14871 14885 I art     : Explicit concurrent mark sweep GC freed 3(96B) AllocSpace objects, 0(0B) LOS objects, 35% free, 29MB/45MB, paused 500us total 43.688ms
08-03 20:00:54.825 16983 16983 D AndroidRuntime: >>>>>> START com.android.internal.os.RuntimeInit uid 2000 <<<<<<
08-03 20:00:54.827   918  3188 I hubconnection: sensorhub said: 'set_bias 3: -4.9248, 0.0000, 0.0000'
08-03 20:00:54.831 14871 14885 I art     : Starting a blocking GC Explicit
08-03 20:00:54.831 16983 16983 D AndroidRuntime: CheckJNI is OFF
08-03 20:00:54.875 16983 16983 D ICU     : No timezone override file found: /data/misc/zoneinfo/current/icu/icu_tzdata.dat
08-03 20:00:54.875 14871 14885 I art     : Explicit concurrent mark sweep GC freed 3(96B) AllocSpace objects, 0(0B) LOS objects, 35% free, 29MB/45MB, paused 536us total 44.250ms
08-03 20:00:54.894 14871 14885 I art     : Starting a blocking GC Explicit
08-03 20:00:54.918 16983 16983 I Radio-JNI: register_android_hardware_Radio DONE
08-03 20:00:54.941 14871 14885 I art     : Explicit concurrent mark sweep GC freed 3(96B) AllocSpace objects, 0(0B) LOS objects, 35% free, 29MB/45MB, paused 524us total 47.002ms
08-03 20:00:54.948 16983 16983 D AndroidRuntime: Calling main entry com.android.commands.input.Input
08-03 20:00:54.951 16983 16983 I Input   : injectMotionEvent: MotionEvent { action=ACTION_DOWN, actionButton=0, id[0]=0, x[0]=600.0, y[0]=820.0, toolType[0]=TOOL_TYPE_UNKNOWN, buttonState=0, metaState=0, flags=0x0, edgeFlags=0x0, pointerCount=1, historySize=0, eventTime=648071363, downTime=648071363, deviceId=0, source=0x1002 }
08-03 20:00:54.957 16983 16983 I Input   : injectMotionEvent: MotionEvent { action=ACTION_UP, actionButton=0, id[0]=0, x[0]=600.0, y[0]=820.0, toolType[0]=TOOL_TYPE_UNKNOWN, buttonState=0, metaState=0, flags=0x0, edgeFlags=0x0, pointerCount=1, historySize=0, eventTime=648071363, downTime=648071363, deviceId=0, source=0x1002 }
08-03 20:00:54.965 16983 16983 D AndroidRuntime: Shutting down VM
08-03 20:00:54.979   512  2967 D audio_hw_primary: out_set_parameters: enter: usecase(1: low-latency-playback) kvpairs: routing=2
08-03 20:00:54.981   918  3359 I ActivityManager: START u0 {dat=https://oauth.reddit.com/... cmp=baseline.org.quantumbadger.redreader/.activities.CommentListingActivity} from uid 10634 on display 0
08-03 20:00:54.992   512  2967 D audio_hw_primary: select_devices: out_snd_device(2: speaker) in_snd_device(0: none)
08-03 20:00:54.993   512  2967 D msm8974_platform: platform_send_audio_calibration: sending audio calibration for snd_device(2) acdb_id(15)
08-03 20:00:54.993   512  2967 I soundtrigger: audio_extn_sound_trigger_update_device_status: device 0x2 of type 0 for Event 1
08-03 20:00:55.003   512  2967 D audio_hw_primary: enable_snd_device: snd_device(2: speaker)
08-03 20:00:55.006   512  2967 D audio_hw_primary: enable_audio_route: apply and update mixer path: low-latency-playback speaker
08-03 20:00:55.008 14871 14871 I AppCompatViewInflater: app:theme is now deprecated. Please move to using android:theme instead.
08-03 20:00:55.027 14871 17009 D OK      : calling: https://oauth.reddit.com/comments/hi3oht/.json?sort=confidence
08-03 20:00:55.101 13866 13866 I GoogleInputMethodServic: GoogleInputMethodService.onFinishInput():3138 
08-03 20:00:55.101 13866 13866 I GoogleInputMethodServic: GoogleInputMethodService.onStartInput():1808 
08-03 20:00:55.102   918   936 I ActivityManager: Displayed baseline.org.quantumbadger.redreader/.activities.CommentListingActivity: +111ms
08-03 20:00:55.248 14871 16853 I art     : Starting a blocking GC Explicit
08-03 20:00:55.311 14871 16853 I art     : Explicit concurrent mark sweep GC freed 4173(224KB) AllocSpace objects, 1(20KB) LOS objects, 35% free, 29MB/45MB, paused 716us total 62.634ms
08-03 20:00:55.312 14871 14882 I art     : WaitForGcToComplete blocked for 41.263ms for cause HeapTrim
08-03 20:00:55.337 14871 16853 I art     : Starting a blocking GC Explicit
08-03 20:00:55.358   380   380 W SurfaceFlinger: couldn't log to binary event log: overflow.
08-03 20:00:55.388 14871 16853 I art     : Explicit concurrent mark sweep GC freed 440(22KB) AllocSpace objects, 0(0B) LOS objects, 35% free, 29MB/45MB, paused 532us total 50.588ms
08-03 20:00:55.405 14871 16853 I art     : Starting a blocking GC Explicit
08-03 20:00:55.447 14871 16853 I art     : Explicit concurrent mark sweep GC freed 3(96B) AllocSpace objects, 0(0B) LOS objects, 35% free, 29MB/45MB, paused 608us total 41.788ms
08-03 20:00:55.467 14871 16853 I art     : Starting a blocking GC Explicit
08-03 20:00:55.515 14871 16853 I art     : Explicit concurrent mark sweep GC freed 2029(79KB) AllocSpace objects, 0(0B) LOS objects, 35% free, 29MB/45MB, paused 567us total 47.335ms
08-03 20:00:55.534 14871 16853 I art     : Starting a blocking GC Explicit
08-03 20:00:55.550   512  2967 D audio_hw_primary: disable_audio_route: reset and update mixer path: low-latency-playback speaker
08-03 20:00:55.551   512  2967 D audio_hw_primary: disable_snd_device: snd_device(2: speaker)
08-03 20:00:55.558   512  2967 I soundtrigger: audio_extn_sound_trigger_update_device_status: device 0x2 of type 0 for Event 0
08-03 20:00:55.577 14871 16853 I art     : Explicit concurrent mark sweep GC freed 89(3KB) AllocSpace objects, 0(0B) LOS objects, 35% free, 29MB/45MB, paused 783us total 43.255ms
08-03 20:00:55.579 16014 16014 I ServiceManager: Waiting for service AtCmdFwd...
08-03 20:00:55.653 14871 17009 I NAPPA_EXPERIMENTATION: MetricNetworkRequestExecutionTime: REQUEST_DURATION_SYSTEM='626',REQUEST_DURATION_OKHTTP='154',REQUEST_SYNCHRONOUS='TRUE',RESPONSE_CODE='200',RESPONSE_METHOD='GET',RESPONSE_LENGTH_OKHTTP='-1',RESPONSE_LENGTH_HEADER='167875',REQUEST_PROTOCOL='h2',REQUEST_URL='https://oauth.reddit.com/comments/hi3oht/.json?sort=confidence',
08-03 20:00:55.653 14871 17009 D OK      : request got status: 200
08-03 20:00:55.659 14871 15500 I CommentListingActivity: COMMENTS session changed to b4e30574-40bb-4757-b106-5fbdbf5e707f
08-03 20:00:55.909 14871 15130 I art     : Starting a blocking GC Explicit
08-03 20:00:55.982 14871 15130 I art     : Explicit concurrent mark sweep GC freed 38160(2MB) AllocSpace objects, 5(104KB) LOS objects, 32% free, 33MB/49MB, paused 1.009ms total 73.399ms
08-03 20:00:56.004 14871 15130 I art     : Starting a blocking GC Explicit
08-03 20:00:56.078 14871 15130 I art     : Explicit concurrent mark sweep GC freed 12033(785KB) AllocSpace objects, 0(0B) LOS objects, 31% free, 34MB/50MB, paused 1.214ms total 73.356ms
08-03 20:00:56.100 14871 15130 I art     : Starting a blocking GC Explicit
08-03 20:00:56.182 14871 15130 I art     : Explicit concurrent mark sweep GC freed 9529(774KB) AllocSpace objects, 1(16KB) LOS objects, 31% free, 35MB/51MB, paused 1.286ms total 82.035ms
08-03 20:00:56.206 14871 15130 I art     : Starting a blocking GC Explicit
08-03 20:00:56.285 14871 15130 I art     : Explicit concurrent mark sweep GC freed 384(138KB) AllocSpace objects, 2(84KB) LOS objects, 31% free, 35MB/51MB, paused 565us total 78.883ms
08-03 20:00:56.309 14871 15130 I art     : Starting a blocking GC Explicit
08-03 20:00:56.379 14871 15130 I art     : Explicit concurrent mark sweep GC freed 36732(1691KB) AllocSpace objects, 2(84KB) LOS objects, 32% free, 33MB/49MB, paused 497us total 69.925ms
08-03 20:00:56.579 16014 16014 I ServiceManager: Waiting for service AtCmdFwd...
08-03 20:00:56.723 14871 14884 I art     : Starting a blocking GC Explicit
08-03 20:00:56.788 14871 14884 I art     : Explicit concurrent mark sweep GC freed 1359(82KB) AllocSpace objects, 1(20KB) LOS objects, 32% free, 33MB/49MB, paused 525us total 64.490ms
08-03 20:00:56.810 14871 14884 I art     : Starting a blocking GC Explicit
08-03 20:00:56.884 14871 14884 I art     : Explicit concurrent mark sweep GC freed 94(3KB) AllocSpace objects, 0(0B) LOS objects, 32% free, 33MB/49MB, paused 554us total 74.030ms
08-03 20:00:56.907 14871 14884 I art     : Starting a blocking GC Explicit
08-03 20:00:56.987 14871 14884 I art     : Explicit concurrent mark sweep GC freed 3(96B) AllocSpace objects, 0(0B) LOS objects, 32% free, 33MB/49MB, paused 587us total 79.275ms
08-03 20:00:57.013 14871 14884 I art     : Starting a blocking GC Explicit
08-03 20:00:57.090 14871 14884 I art     : Explicit concurrent mark sweep GC freed 3(96B) AllocSpace objects, 0(0B) LOS objects, 32% free, 33MB/49MB, paused 512us total 76.332ms
08-03 20:00:57.112 14871 14884 I art     : Starting a blocking GC Explicit
08-03 20:00:57.189 14871 14884 I art     : Explicit concurrent mark sweep GC freed 3(96B) AllocSpace objects, 0(0B) LOS objects, 32% free, 33MB/49MB, paused 511us total 76.391ms
08-03 20:00:57.559 14871 14885 I art     : Starting a blocking GC Explicit
08-03 20:00:57.580 16014 16014 W Atfwd_Sendcmd: AtCmdFwd service not published, waiting... retryCnt : 4
08-03 20:00:57.650 14871 14885 I art     : Explicit concurrent mark sweep GC freed 1354(82KB) AllocSpace objects, 1(20KB) LOS objects, 32% free, 33MB/49MB, paused 627us total 91.221ms
08-03 20:00:57.676 14871 14885 I art     : Starting a blocking GC Explicit
08-03 20:00:57.752 14871 14885 I art     : Explicit concurrent mark sweep GC freed 20(704B) AllocSpace objects, 0(0B) LOS objects, 32% free, 33MB/49MB, paused 532us total 76.124ms
08-03 20:00:57.774   518   646 I ThermalEngine: ACTION: GPU - Setting GPU[0] to 390000000
08-03 20:00:57.793 14871 14885 I art     : Starting a blocking GC Explicit
08-03 20:00:57.893 14871 14885 I art     : Explicit concurrent mark sweep GC freed 3(96B) AllocSpace objects, 0(0B) LOS objects, 32% free, 33MB/49MB, paused 1.182ms total 99.888ms
08-03 20:00:57.931 14871 14885 I art     : Starting a blocking GC Explicit
08-03 20:00:58.007 13866 13882 I PeriodicStatsRunner: PeriodicStatsRunner.call():175 call()
08-03 20:00:58.007 13866 13882 I PeriodicStatsRunner: PeriodicStatsRunner.call():179 No submit PeriodicStats since input started.
08-03 20:00:58.030 14871 14885 I art     : Explicit concurrent mark sweep GC freed 3(96B) AllocSpace objects, 0(0B) LOS objects, 32% free, 33MB/49MB, paused 1.234ms total 98.427ms
08-03 20:00:58.067 14871 14885 I art     : Starting a blocking GC Explicit
08-03 20:00:58.158 14871 14885 I art     : Explicit concurrent mark sweep GC freed 3(96B) AllocSpace objects, 0(0B) LOS objects, 32% free, 33MB/49MB, paused 774us total 90.769ms
08-03 20:00:58.556 14871 15130 I art     : Starting a blocking GC Explicit
08-03 20:00:58.661 14871 15130 I art     : Explicit concurrent mark sweep GC freed 1354(82KB) AllocSpace objects, 1(20KB) LOS objects, 32% free, 33MB/49MB, paused 1.199ms total 104.113ms
08-03 20:00:58.699 14871 15130 I art     : Starting a blocking GC Explicit
08-03 20:00:58.773   518   646 I ThermalEngine: ACTION: GPU - Setting GPU[0] to 450000000
08-03 20:00:58.788 14871 15130 I art     : Explicit concurrent mark sweep GC freed 20(704B) AllocSpace objects, 0(0B) LOS objects, 32% free, 33MB/49MB, paused 613us total 88.878ms
08-03 20:00:58.812 14871 15130 I art     : Starting a blocking GC Explicit
08-03 20:00:58.879 14871 15130 I art     : Explicit concurrent mark sweep GC freed 3(96B) AllocSpace objects, 0(0B) LOS objects, 32% free, 33MB/49MB, paused 562us total 66.897ms
08-03 20:00:58.902 14871 15130 I art     : Starting a blocking GC Explicit
08-03 20:00:58.979 14871 15130 I art     : Explicit concurrent mark sweep GC freed 3(96B) AllocSpace objects, 0(0B) LOS objects, 32% free, 33MB/49MB, paused 620us total 76.375ms
08-03 20:00:59.001 14871 15130 I art     : Starting a blocking GC Explicit
08-03 20:00:59.078 14871 15130 I art     : Explicit concurrent mark sweep GC freed 6(192B) AllocSpace objects, 0(0B) LOS objects, 32% free, 33MB/49MB, paused 603us total 75.963ms
08-03 20:00:59.122 24577 24577 E ActivityThread: Service com.google.android.gms.chimera.GmsBoundBrokerService has leaked IntentReceiver com.google.android.gms.security.odad.WifiStateChangedReceiver@7033bf1 that was originally registered here. Are you missing a call to unregisterReceiver()?
08-03 20:00:59.122 24577 24577 E ActivityThread: android.app.IntentReceiverLeaked: Service com.google.android.gms.chimera.GmsBoundBrokerService has leaked IntentReceiver com.google.android.gms.security.odad.WifiStateChangedReceiver@7033bf1 that was originally registered here. Are you missing a call to unregisterReceiver()?
08-03 20:00:59.122 24577 24577 E ActivityThread: 	at android.app.LoadedApk$ReceiverDispatcher.<init>(LoadedApk.java:918)
08-03 20:00:59.122 24577 24577 E ActivityThread: 	at android.app.LoadedApk.getReceiverDispatcher(LoadedApk.java:719)
08-03 20:00:59.122 24577 24577 E ActivityThread: 	at android.app.ContextImpl.registerReceiverInternal(ContextImpl.java:1172)
08-03 20:00:59.122 24577 24577 E ActivityThread: 	at android.app.ContextImpl.registerReceiver(ContextImpl.java:1152)
08-03 20:00:59.122 24577 24577 E ActivityThread: 	at android.content.ContextWrapper.registerReceiver(ContextWrapper.java:561)
08-03 20:00:59.122 24577 24577 E ActivityThread: 	at android.content.ContextWrapper.registerReceiver(ContextWrapper.java:561)
08-03 20:00:59.122 24577 24577 E ActivityThread: 	at android.content.ContextWrapper.registerReceiver(ContextWrapper.java:561)
08-03 20:00:59.122 24577 24577 E ActivityThread: 	at android.content.ContextWrapper.registerReceiver(ContextWrapper.java:561)
08-03 20:00:59.122 24577 24577 E ActivityThread: 	at android.content.ContextWrapper.registerReceiver(ContextWrapper.java:561)
08-03 20:00:59.122 24577 24577 E ActivityThread: 	at android.content.ContextWrapper.registerReceiver(ContextWrapper.java:561)
08-03 20:00:59.122 24577 24577 E ActivityThread: 	at android.content.ContextWrapper.registerReceiver(ContextWrapper.java:561)
08-03 20:00:59.122 24577 24577 E ActivityThread: 	at android.content.ContextWrapper.registerReceiver(ContextWrapper.java:561)
08-03 20:00:59.122 24577 24577 E ActivityThread: 	at aqwy.a(:com.google.android.gms@202614019@20.26.14 (040400-320008519):3)
08-03 20:00:59.122 24577 24577 E ActivityThread: 	at aqxq.a(:com.google.android.gms@202614019@20.26.14 (040400-320008519):42)
08-03 20:00:59.122 24577 24577 E ActivityThread: 	at zwo.run(:com.google.android.gms@202614019@20.26.14 (040400-320008519):9)
08-03 20:00:59.122 24577 24577 E ActivityThread: 	at bmvl.run(:com.google.android.gms@202614019@20.26.14 (040400-320008519):2)
08-03 20:00:59.122 24577 24577 E ActivityThread: 	at skp.b(:com.google.android.gms@202614019@20.26.14 (040400-320008519):12)
08-03 20:00:59.122 24577 24577 E ActivityThread: 	at skp.run(:com.google.android.gms@202614019@20.26.14 (040400-320008519):7)
08-03 20:00:59.122 24577 24577 E ActivityThread: 	at java.util.concurrent.ThreadPoolExecutor.runWorker(ThreadPoolExecutor.java:1113)
08-03 20:00:59.122 24577 24577 E ActivityThread: 	at java.util.concurrent.ThreadPoolExecutor$Worker.run(ThreadPoolExecutor.java:588)
08-03 20:00:59.122 24577 24577 E ActivityThread: 	at sql.run(:com.google.android.gms@202614019@20.26.14 (040400-320008519):0)
08-03 20:00:59.122 24577 24577 E ActivityThread: 	at java.lang.Thread.run(Thread.java:818)
08-03 20:00:59.420 14871 14885 I art     : Starting a blocking GC Explicit
08-03 20:00:59.502 14871 14885 I art     : Explicit concurrent mark sweep GC freed 1402(85KB) AllocSpace objects, 1(20KB) LOS objects, 32% free, 33MB/49MB, paused 589us total 81.135ms
08-03 20:00:59.529 14871 14885 I art     : Starting a blocking GC Explicit
08-03 20:00:59.600 14871 14885 I art     : Explicit concurrent mark sweep GC freed 26(928B) AllocSpace objects, 0(0B) LOS objects, 32% free, 33MB/49MB, paused 517us total 70.882ms
08-03 20:00:59.622 14871 14885 I art     : Starting a blocking GC Explicit
08-03 20:00:59.695 14871 14885 I art     : Explicit concurrent mark sweep GC freed 3(96B) AllocSpace objects, 0(0B) LOS objects, 32% free, 33MB/49MB, paused 589us total 72.858ms
08-03 20:00:59.718 14871 14885 I art     : Starting a blocking GC Explicit
08-03 20:00:59.781 17064 17064 D AndroidRuntime: >>>>>> START com.android.internal.os.RuntimeInit uid 2000 <<<<<<
08-03 20:00:59.787 17064 17064 D AndroidRuntime: CheckJNI is OFF
08-03 20:00:59.790 14871 14885 I art     : Explicit concurrent mark sweep GC freed 3(96B) AllocSpace objects, 0(0B) LOS objects, 32% free, 33MB/49MB, paused 586us total 71.902ms
08-03 20:00:59.812 14871 14885 I art     : Starting a blocking GC Explicit
08-03 20:00:59.833 17064 17064 D ICU     : No timezone override file found: /data/misc/zoneinfo/current/icu/icu_tzdata.dat
08-03 20:00:59.879 17064 17064 I Radio-JNI: register_android_hardware_Radio DONE
08-03 20:00:59.882 14871 14885 I art     : Explicit concurrent mark sweep GC freed 3(96B) AllocSpace objects, 0(0B) LOS objects, 32% free, 33MB/49MB, paused 604us total 69.638ms
08-03 20:00:59.910 17064 17064 D AndroidRuntime: Calling main entry com.android.commands.input.Input
08-03 20:00:59.912 17064 17064 I Input   : injectKeyEvent: KeyEvent { action=ACTION_DOWN, keyCode=KEYCODE_BACK, scanCode=0, metaState=0, flags=0x0, repeatCount=0, eventTime=648076324, downTime=648076324, deviceId=-1, source=0x101 }
08-03 20:00:59.918 17064 17064 I Input   : injectKeyEvent: KeyEvent { action=ACTION_UP, keyCode=KEYCODE_BACK, scanCode=0, metaState=0, flags=0x0, repeatCount=0, eventTime=648076324, downTime=648076324, deviceId=-1, source=0x101 }
08-03 20:00:59.925 17064 17064 D AndroidRuntime: Shutting down VM
08-03 20:00:59.973 13866 13866 I GoogleInputMethodServic: GoogleInputMethodService.onFinishInput():3138 
08-03 20:00:59.974 13866 13866 I GoogleInputMethodServic: GoogleInputMethodService.onStartInput():1808 
08-03 20:00:59.994 14871 17008 I RedditChangeDataIO: Writing tmp data file at '/data/user/0/baseline.org.quantumbadger.redreader/files/rr_change_data_tmp.dat'
08-03 20:00:59.995 14871 17008 I RedditChangeDataManager: Taking snapshot...
08-03 20:00:59.995 14871 17008 I RedditChangeDataManager: Writing to stream...
08-03 20:00:59.995 14871 17008 I RedditChangeDataManager: Wrote 5 entries for user ''
08-03 20:00:59.995 14871 17008 I RedditChangeDataManager: All entries written to stream.
08-03 20:00:59.995 14871 17008 I RedditChangeDataIO: Write successful. Atomically replacing data file...
08-03 20:00:59.996 14871 17008 I RedditChangeDataIO: Write complete.
08-03 20:00:59.996 14871 17008 I RedditChangeDataIO: 134 bytes written in 2 ms
08-03 20:01:00.101 13866 13882 I PeriodicStatsRunner: PeriodicStatsRunner.call():175 call()
08-03 20:01:00.101 13866 13882 I PeriodicStatsRunner: PeriodicStatsRunner.call():179 No submit PeriodicStats since input started.
08-03 20:01:00.191 14871 14905 I art     : Starting a blocking GC Explicit
08-03 20:01:00.252 14871 14905 I art     : Explicit concurrent mark sweep GC freed 1715(97KB) AllocSpace objects, 2(88KB) LOS objects, 32% free, 33MB/49MB, paused 484us total 61.201ms
08-03 20:01:00.273 14871 14905 I art     : Starting a blocking GC Explicit
08-03 20:01:00.279   380   380 W SurfaceFlinger: couldn't log to binary event log: overflow.
08-03 20:01:00.333 14871 14905 I art     : Explicit concurrent mark sweep GC freed 88(3KB) AllocSpace objects, 0(0B) LOS objects, 32% free, 33MB/49MB, paused 509us total 59.409ms
08-03 20:01:00.354 14871 14905 I art     : Starting a blocking GC Explicit
08-03 20:01:00.403 14871 14905 I art     : Explicit concurrent mark sweep GC freed 76492(4MB) AllocSpace objects, 5(140KB) LOS objects, 35% free, 29MB/45MB, paused 479us total 48.721ms
08-03 20:01:00.403 14871 14882 I art     : WaitForGcToComplete blocked for 14.850ms for cause HeapTrim
08-03 20:01:00.420 14871 14905 I art     : Starting a blocking GC Explicit
08-03 20:01:00.465 14871 14905 I art     : Explicit concurrent mark sweep GC freed 3(96B) AllocSpace objects, 0(0B) LOS objects, 35% free, 29MB/45MB, paused 517us total 44.065ms
08-03 20:01:00.483 14871 14905 I art     : Starting a blocking GC Explicit
08-03 20:01:00.529 14871 14905 I art     : Explicit concurrent mark sweep GC freed 3(96B) AllocSpace objects, 0(0B) LOS objects, 35% free, 29MB/45MB, paused 520us total 45.287ms
08-03 20:01:00.866 14871 15130 I art     : Starting a blocking GC Explicit
08-03 20:01:00.930 14871 15130 I art     : Explicit concurrent mark sweep GC freed 1358(83KB) AllocSpace objects, 1(20KB) LOS objects, 35% free, 29MB/45MB, paused 622us total 63.631ms
08-03 20:01:00.952 14871 15130 I art     : Starting a blocking GC Explicit
08-03 20:01:01.000 14871 15130 I art     : Explicit concurrent mark sweep GC freed 20(704B) AllocSpace objects, 0(0B) LOS objects, 35% free, 29MB/45MB, paused 551us total 46.942ms
08-03 20:01:01.018 14871 15130 I art     : Starting a blocking GC Explicit
08-03 20:01:01.065 14871 15130 I art     : Explicit concurrent mark sweep GC freed 3(96B) AllocSpace objects, 0(0B) LOS objects, 35% free, 29MB/45MB, paused 543us total 45.992ms
08-03 20:01:01.083 14871 15130 I art     : Starting a blocking GC Explicit
08-03 20:01:01.131 14871 15130 I art     : Explicit concurrent mark sweep GC freed 3(96B) AllocSpace objects, 0(0B) LOS objects, 35% free, 29MB/45MB, paused 541us total 47.569ms
08-03 20:01:01.150 14871 15130 I art     : Starting a blocking GC Explicit
08-03 20:01:01.194 14871 15130 I art     : Explicit concurrent mark sweep GC freed 3(96B) AllocSpace objects, 0(0B) LOS objects, 35% free, 29MB/45MB, paused 502us total 43.759ms
08-03 20:01:01.519 14871 14884 I art     : Starting a blocking GC Explicit
08-03 20:01:01.572 14871 14884 I art     : Explicit concurrent mark sweep GC freed 1590(119KB) AllocSpace objects, 1(20KB) LOS objects, 35% free, 29MB/45MB, paused 538us total 52.771ms
08-03 20:01:01.591 14871 14884 I art     : Starting a blocking GC Explicit
08-03 20:01:01.639 14871 14884 I art     : Explicit concurrent mark sweep GC freed 85(2880B) AllocSpace objects, 0(0B) LOS objects, 35% free, 29MB/45MB, paused 531us total 46.886ms
08-03 20:01:01.658 14871 14884 I art     : Starting a blocking GC Explicit
08-03 20:01:01.703 14871 14884 I art     : Explicit concurrent mark sweep GC freed 5(160B) AllocSpace objects, 0(0B) LOS objects, 35% free, 29MB/45MB, paused 518us total 44.874ms
08-03 20:01:01.720 17107 17107 D AndroidRuntime: >>>>>> START com.android.internal.os.RuntimeInit uid 2000 <<<<<<
08-03 20:01:01.722 14871 14884 I art     : Starting a blocking GC Explicit
08-03 20:01:01.726 17107 17107 D AndroidRuntime: CheckJNI is OFF
08-03 20:01:01.768 14871 14884 I art     : Explicit concurrent mark sweep GC freed 3(96B) AllocSpace objects, 0(0B) LOS objects, 35% free, 29MB/45MB, paused 579us total 46.115ms
08-03 20:01:01.770 17107 17107 D ICU     : No timezone override file found: /data/misc/zoneinfo/current/icu/icu_tzdata.dat
08-03 20:01:01.787 14871 14884 I art     : Starting a blocking GC Explicit
08-03 20:01:01.814 17107 17107 I Radio-JNI: register_android_hardware_Radio DONE
08-03 20:01:01.834 14871 14884 I art     : Explicit concurrent mark sweep GC freed 3(96B) AllocSpace objects, 0(0B) LOS objects, 35% free, 29MB/45MB, paused 505us total 46.931ms
08-03 20:01:01.843 17107 17107 D AndroidRuntime: Calling main entry com.android.commands.input.Input
08-03 20:01:01.846 17107 17107 I Input   : injectMotionEvent: MotionEvent { action=ACTION_DOWN, actionButton=0, id[0]=0, x[0]=600.0, y[0]=580.0, toolType[0]=TOOL_TYPE_UNKNOWN, buttonState=0, metaState=0, flags=0x0, edgeFlags=0x0, pointerCount=1, historySize=0, eventTime=648078258, downTime=648078258, deviceId=0, source=0x1002 }
08-03 20:01:01.852 17107 17107 I Input   : injectMotionEvent: MotionEvent { action=ACTION_UP, actionButton=0, id[0]=0, x[0]=600.0, y[0]=580.0, toolType[0]=TOOL_TYPE_UNKNOWN, buttonState=0, metaState=0, flags=0x0, edgeFlags=0x0, pointerCount=1, historySize=0, eventTime=648078258, downTime=648078258, deviceId=0, source=0x1002 }
08-03 20:01:01.854 17107 17107 D AndroidRuntime: Shutting down VM
08-03 20:01:01.870   918  3714 I ActivityManager: START u0 {cmp=baseline.org.quantumbadger.redreader/.activities.WebViewActivity (has extras)} from uid 10634 on display 0
08-03 20:01:01.870   512  2967 D audio_hw_primary: out_set_parameters: enter: usecase(1: low-latency-playback) kvpairs: routing=2
08-03 20:01:01.883   512  2967 D audio_hw_primary: select_devices: out_snd_device(2: speaker) in_snd_device(0: none)
08-03 20:01:01.883   512  2967 D msm8974_platform: platform_send_audio_calibration: sending audio calibration for snd_device(2) acdb_id(15)
08-03 20:01:01.884   512  2967 I soundtrigger: audio_extn_sound_trigger_update_device_status: device 0x2 of type 0 for Event 1
08-03 20:01:01.895   512  2967 D audio_hw_primary: enable_snd_device: snd_device(2: speaker)
08-03 20:01:01.897   512  2967 D audio_hw_primary: enable_audio_route: apply and update mixer path: low-latency-playback speaker
08-03 20:01:01.902 14871 14871 I AppCompatViewInflater: app:theme is now deprecated. Please move to using android:theme instead.
08-03 20:01:01.923   918  5952 D ConnectivityService: listenForNetwork for Listen from uid/pid:10634/14871 for NetworkRequest [ id=2326, legacyType=-1, [ Capabilities: INTERNET&NOT_RESTRICTED&TRUSTED] ]
08-03 20:01:02.039   918   936 I ActivityManager: Displayed baseline.org.quantumbadger.redreader/.activities.WebViewActivity: +160ms
08-03 20:01:02.040 13866 13866 I GoogleInputMethodServic: GoogleInputMethodService.onFinishInput():3138 
08-03 20:01:02.041 13866 13866 I GoogleInputMethodServic: GoogleInputMethodService.onStartInput():1808 
08-03 20:01:02.163 14871 14884 I art     : Starting a blocking GC Explicit
08-03 20:01:02.217 14871 14884 I art     : Explicit concurrent mark sweep GC freed 5929(312KB) AllocSpace objects, 1(20KB) LOS objects, 35% free, 29MB/45MB, paused 679us total 54.294ms
08-03 20:01:02.226 24577 24587 I art     : Background partial concurrent mark sweep GC freed 327598(7MB) AllocSpace objects, 4(416KB) LOS objects, 27% free, 42MB/58MB, paused 3.120ms total 105.163ms
08-03 20:01:02.237 14871 14884 I art     : Starting a blocking GC Explicit
08-03 20:01:02.280 14871 14884 I art     : Explicit concurrent mark sweep GC freed 637(33KB) AllocSpace objects, 0(0B) LOS objects, 35% free, 29MB/45MB, paused 480us total 42.796ms
08-03 20:01:02.299   380   380 W SurfaceFlinger: couldn't log to binary event log: overflow.
08-03 20:01:02.301 14871 14884 I art     : Starting a blocking GC Explicit
08-03 20:01:02.341 14871 14884 I art     : Explicit concurrent mark sweep GC freed 12(464B) AllocSpace objects, 0(0B) LOS objects, 35% free, 29MB/45MB, paused 457us total 39.472ms
08-03 20:01:02.358 14871 14884 I art     : Starting a blocking GC Explicit
08-03 20:01:02.396 14871 14884 I art     : Explicit concurrent mark sweep GC freed 130(8KB) AllocSpace objects, 0(0B) LOS objects, 35% free, 29MB/45MB, paused 479us total 37.729ms
08-03 20:01:02.413 14871 14884 I art     : Starting a blocking GC Explicit
08-03 20:01:02.451   512  2967 D audio_hw_primary: disable_audio_route: reset and update mixer path: low-latency-playback speaker
08-03 20:01:02.452   512  2967 D audio_hw_primary: disable_snd_device: snd_device(2: speaker)
08-03 20:01:02.453 14871 14884 I art     : Explicit concurrent mark sweep GC freed 506(27KB) AllocSpace objects, 0(0B) LOS objects, 35% free, 29MB/45MB, paused 579us total 39.911ms
08-03 20:01:02.463   512  2967 I soundtrigger: audio_extn_sound_trigger_update_device_status: device 0x2 of type 0 for Event 0
08-03 20:01:02.872 14871 14905 I art     : Starting a blocking GC Explicit
08-03 20:01:02.926 14871 14905 I art     : Explicit concurrent mark sweep GC freed 1667(99KB) AllocSpace objects, 1(20KB) LOS objects, 35% free, 29MB/45MB, paused 524us total 53.346ms
08-03 20:01:02.950 14871 14905 I art     : Starting a blocking GC Explicit
08-03 20:01:03.003 14871 14905 I art     : Explicit concurrent mark sweep GC freed 30(992B) AllocSpace objects, 0(0B) LOS objects, 35% free, 29MB/45MB, paused 788us total 52.196ms
08-03 20:01:03.038 14871 14905 I art     : Starting a blocking GC Explicit
08-03 20:01:03.087 14871 14905 I art     : Explicit concurrent mark sweep GC freed 12(384B) AllocSpace objects, 0(0B) LOS objects, 35% free, 29MB/45MB, paused 511us total 49.440ms
08-03 20:01:03.106 14871 14905 I art     : Starting a blocking GC Explicit
08-03 20:01:03.152 14871 14905 I art     : Explicit concurrent mark sweep GC freed 9(288B) AllocSpace objects, 0(0B) LOS objects, 35% free, 29MB/45MB, paused 799us total 45.813ms
08-03 20:01:03.171 14871 14905 I art     : Starting a blocking GC Explicit
08-03 20:01:03.219 14871 14905 I art     : Explicit concurrent mark sweep GC freed 11(352B) AllocSpace objects, 0(0B) LOS objects, 35% free, 29MB/45MB, paused 792us total 48.022ms
08-03 20:01:03.598 14871 14884 I art     : Starting a blocking GC Explicit
08-03 20:01:03.646 14871 14884 I art     : Explicit concurrent mark sweep GC freed 1415(84KB) AllocSpace objects, 1(20KB) LOS objects, 35% free, 29MB/45MB, paused 529us total 47.364ms
08-03 20:01:03.666 14871 14884 I art     : Starting a blocking GC Explicit
08-03 20:01:03.715 14871 14884 I art     : Explicit concurrent mark sweep GC freed 36(1216B) AllocSpace objects, 0(0B) LOS objects, 35% free, 29MB/45MB, paused 599us total 48.885ms
08-03 20:01:03.737 14871 14884 I art     : Starting a blocking GC Explicit
08-03 20:01:03.786   518   646 I ThermalEngine: ACTION: GPU - Setting GPU[0] to 390000000
08-03 20:01:03.798 14871 14884 I art     : Explicit concurrent mark sweep GC freed 24(768B) AllocSpace objects, 0(0B) LOS objects, 35% free, 29MB/45MB, paused 950us total 61.315ms
08-03 20:01:03.826 14871 14871 I chromium: [INFO:CONSOLE(1)] "
08-03 20:01:03.826 14871 14871 I chromium:                   ,d"=,.,qOp,
08-03 20:01:03.826 14871 14871 I chromium:                  ,7'  ''$(  )
08-03 20:01:03.826 14871 14871 I chromium:                 ,7'      '?q$7'
08-03 20:01:03.826 14871 14871 I chromium:              ..,$$,.
08-03 20:01:03.826 14871 14871 I chromium:    ,.  .,,--***""***--,,.  .,
08-03 20:01:03.826 14871 14871 I chromium:     ,p''              ''q,   
08-03 20:01:03.826 14871 14871 I chromium: :  ,7'                      '7,  :
08-03 20:01:03.826 14871 14871 I chromium:  ' $      ,db,      ,db,      $ '
08-03 20:01:03.826 14871 14871 I chromium:   '$      $$      $$      $'    Using Reddit at work? Work for Reddit.
08-03 20:01:03.826 14871 14871 I chromium:   '$                          $'        https://www.reddit.com/jobs
08-03 20:01:03.826 14871 14871 I chromium:    '$.     .,        ,.     .$'
08-03 20:01:03.826 14871 14871 I chromium:     'b,     ''     ,d'
08-03 20:01:03.826 14871 14871 I chromium:      '?bn,,          ,,nd?'
08-03 20:01:03.826 14871 14871 I chromium:        ,7$ '''' $7,
08-03 20:01:03.826 14871 14871 I chromium:      , $              $ ,
08-03 20:01:03.826 14871 14871 I chromium:      $  :$              $:  $
08-03 20:01:03.826 14871 14871 I chromium:      $   $              $   $
08-03 20:01:03.826 14871 14871 I chromium:      'b  q:            :p  d'
08-03 20:01:03.826 14871 14871 I chromium:       '?$.          .$?'
08-03 20:01:03.826 14871 14871 I chromium:          'b            d'
08-03 20:01:03.826 14871 14871 I chromium:        ,'?,.      .,?',
08-03 20:01:03.826 14871 14871 I chromium:       ==--==--==--==
08-03 20:01:03.826 14871 14871 I chromium: ", source: https://www.redditstatic.com/desktop2x/Chat~Governance~Reddit.2ea93b134a9b2e5b1d9a.js (1)
08-03 20:01:03.836 14871 14884 I art     : Starting a blocking GC Explicit
08-03 20:01:03.897 14871 14884 I art     : Explicit concurrent mark sweep GC freed 16(2688B) AllocSpace objects, 0(0B) LOS objects, 35% free, 29MB/45MB, paused 758us total 59.711ms
08-03 20:01:03.919 14871 14884 I art     : Starting a blocking GC Explicit
08-03 20:01:03.972 14871 14884 I art     : Explicit concurrent mark sweep GC freed 3(96B) AllocSpace objects, 0(0B) LOS objects, 35% free, 29MB/45MB, paused 857us total 52.440ms
08-03 20:01:04.354 14871 15130 I art     : Starting a blocking GC Explicit
08-03 20:01:04.414 14871 15130 I art     : Explicit concurrent mark sweep GC freed 1355(82KB) AllocSpace objects, 1(20KB) LOS objects, 35% free, 29MB/45MB, paused 726us total 58.839ms
08-03 20:01:04.440 14871 15130 I art     : Starting a blocking GC Explicit
08-03 20:01:04.496 14871 15130 I art     : Explicit concurrent mark sweep GC freed 29(1072B) AllocSpace objects, 0(0B) LOS objects, 35% free, 29MB/45MB, paused 812us total 55.214ms
08-03 20:01:04.520 14871 15130 I art     : Starting a blocking GC Explicit
08-03 20:01:04.577 14871 15130 I art     : Explicit concurrent mark sweep GC freed 5(160B) AllocSpace objects, 0(0B) LOS objects, 35% free, 29MB/45MB, paused 916us total 56.642ms
08-03 20:01:04.603 14871 15130 I art     : Starting a blocking GC Explicit
08-03 20:01:04.661 14871 15130 I art     : Explicit concurrent mark sweep GC freed 3(96B) AllocSpace objects, 0(0B) LOS objects, 35% free, 29MB/45MB, paused 908us total 56.981ms
08-03 20:01:04.685 14871 15130 I art     : Starting a blocking GC Explicit
08-03 20:01:04.744 14871 15130 I art     : Explicit concurrent mark sweep GC freed 3(96B) AllocSpace objects, 0(0B) LOS objects, 35% free, 29MB/45MB, paused 813us total 58.386ms
08-03 20:01:04.975 13866 13882 I PeriodicStatsRunner: PeriodicStatsRunner.call():175 call()
08-03 20:01:04.975 13866 13882 I PeriodicStatsRunner: PeriodicStatsRunner.call():179 No submit PeriodicStats since input started.
08-03 20:01:05.137 14871 16853 I art     : Starting a blocking GC Explicit
08-03 20:01:05.194 14871 16853 I art     : Explicit concurrent mark sweep GC freed 1355(82KB) AllocSpace objects, 1(20KB) LOS objects, 35% free, 29MB/45MB, paused 902us total 56.625ms
08-03 20:01:05.218 14871 16853 I art     : Starting a blocking GC Explicit
08-03 20:01:05.273 14871 16853 I art     : Explicit concurrent mark sweep GC freed 71(3KB) AllocSpace objects, 0(0B) LOS objects, 35% free, 29MB/45MB, paused 921us total 54.765ms
08-03 20:01:05.299 14871 16853 I art     : Starting a blocking GC Explicit
08-03 20:01:05.349 14871 16853 I art     : Explicit concurrent mark sweep GC freed 159(8KB) AllocSpace objects, 0(0B) LOS objects, 35% free, 29MB/45MB, paused 767us total 49.132ms
08-03 20:01:05.371 14871 16853 I art     : Starting a blocking GC Explicit
08-03 20:01:05.422 14871 16853 I art     : Explicit concurrent mark sweep GC freed 7(256B) AllocSpace objects, 0(0B) LOS objects, 35% free, 29MB/45MB, paused 778us total 50.432ms
08-03 20:01:05.453 14871 16853 I art     : Starting a blocking GC Explicit
08-03 20:01:05.510 14871 16853 I art     : Explicit concurrent mark sweep GC freed 16(2640B) AllocSpace objects, 0(0B) LOS objects, 35% free, 29MB/45MB, paused 812us total 57.279ms
08-03 20:01:05.510 14871 14882 I art     : WaitForGcToComplete blocked for 45.494ms for cause HeapTrim
08-03 20:01:05.896 14871 14905 I art     : Starting a blocking GC Explicit
08-03 20:01:05.964 14871 14905 I art     : Explicit concurrent mark sweep GC freed 1355(82KB) AllocSpace objects, 1(20KB) LOS objects, 35% free, 29MB/45MB, paused 695us total 67.747ms
08-03 20:01:05.989 14871 14905 I art     : Starting a blocking GC Explicit
08-03 20:01:06.058 14871 14905 I art     : Explicit concurrent mark sweep GC freed 20(704B) AllocSpace objects, 0(0B) LOS objects, 35% free, 29MB/45MB, paused 948us total 67.995ms
08-03 20:01:06.082 14871 14905 I art     : Starting a blocking GC Explicit
08-03 20:01:06.138 14871 14905 I art     : Explicit concurrent mark sweep GC freed 47(2576B) AllocSpace objects, 0(0B) LOS objects, 35% free, 29MB/45MB, paused 1.085ms total 55.158ms
08-03 20:01:06.160 14871 14905 I art     : Starting a blocking GC Explicit
08-03 20:01:06.212 14871 14905 I art     : Explicit concurrent mark sweep GC freed 5(176B) AllocSpace objects, 0(0B) LOS objects, 35% free, 29MB/45MB, paused 762us total 51.410ms
08-03 20:01:06.240 14871 14905 I art     : Starting a blocking GC Explicit
08-03 20:01:06.295 14871 14905 I art     : Explicit concurrent mark sweep GC freed 3(96B) AllocSpace objects, 0(0B) LOS objects, 35% free, 29MB/45MB, paused 761us total 54.810ms
08-03 20:01:06.708 14871 14905 I art     : Starting a blocking GC Explicit
08-03 20:01:06.770 17197 17197 D AndroidRuntime: >>>>>> START com.android.internal.os.RuntimeInit uid 2000 <<<<<<
08-03 20:01:06.773 14871 14905 I art     : Explicit concurrent mark sweep GC freed 1355(82KB) AllocSpace objects, 1(20KB) LOS objects, 35% free, 29MB/45MB, paused 845us total 64.318ms
08-03 20:01:06.776 17197 17197 D AndroidRuntime: CheckJNI is OFF
08-03 20:01:06.797 14871 14905 I art     : Starting a blocking GC Explicit
08-03 20:01:06.835 17197 17197 D ICU     : No timezone override file found: /data/misc/zoneinfo/current/icu/icu_tzdata.dat
08-03 20:01:06.861 14871 14905 I art     : Explicit concurrent mark sweep GC freed 20(704B) AllocSpace objects, 0(0B) LOS objects, 35% free, 29MB/45MB, paused 938us total 63.544ms
08-03 20:01:06.881 14871 17132 I RedditChangeDataIO: Writing tmp data file at '/data/user/0/baseline.org.quantumbadger.redreader/files/rr_change_data_tmp.dat'
08-03 20:01:06.882 14871 17132 I RedditChangeDataManager: Taking snapshot...
08-03 20:01:06.882 14871 17132 I RedditChangeDataManager: Writing to stream...
08-03 20:01:06.882 14871 17132 I RedditChangeDataManager: Wrote 5 entries for user ''
08-03 20:01:06.882 14871 17132 I RedditChangeDataManager: All entries written to stream.
08-03 20:01:06.882 14871 17132 I RedditChangeDataIO: Write successful. Atomically replacing data file...
08-03 20:01:06.883 14871 17132 I RedditChangeDataIO: Write complete.
08-03 20:01:06.883 14871 17132 I RedditChangeDataIO: 134 bytes written in 2 ms
08-03 20:01:06.884 17197 17197 I Radio-JNI: register_android_hardware_Radio DONE
08-03 20:01:06.886 14871 14905 I art     : Starting a blocking GC Explicit
08-03 20:01:06.917 17197 17197 D AndroidRuntime: Calling main entry com.android.commands.input.Input
08-03 20:01:06.920 17197 17197 I Input   : injectKeyEvent: KeyEvent { action=ACTION_DOWN, keyCode=KEYCODE_BACK, scanCode=0, metaState=0, flags=0x0, repeatCount=0, eventTime=648083333, downTime=648083333, deviceId=-1, source=0x101 }
08-03 20:01:06.928 17197 17197 I Input   : injectKeyEvent: KeyEvent { action=ACTION_UP, keyCode=KEYCODE_BACK, scanCode=0, metaState=0, flags=0x0, repeatCount=0, eventTime=648083333, downTime=648083333, deviceId=-1, source=0x101 }
08-03 20:01:06.942 17197 17197 D AndroidRuntime: Shutting down VM
08-03 20:01:06.954 14871 14905 I art     : Explicit concurrent mark sweep GC freed 106(5KB) AllocSpace objects, 1(68KB) LOS objects, 35% free, 29MB/45MB, paused 1.430ms total 67.569ms
08-03 20:01:06.978 14871 14905 I art     : Starting a blocking GC Explicit
08-03 20:01:06.993 13866 13866 I GoogleInputMethodServic: GoogleInputMethodService.onFinishInput():3138 
08-03 20:01:06.993 13866 13866 I GoogleInputMethodServic: GoogleInputMethodService.onStartInput():1808 
08-03 20:01:07.029 14871 14905 I art     : Explicit concurrent mark sweep GC freed 238(8KB) AllocSpace objects, 0(0B) LOS objects, 35% free, 29MB/45MB, paused 1.304ms total 51.398ms
08-03 20:01:07.041 13866 13882 I PeriodicStatsRunner: PeriodicStatsRunner.call():175 call()
08-03 20:01:07.042 13866 13882 I PeriodicStatsRunner: PeriodicStatsRunner.call():179 No submit PeriodicStats since input started.
08-03 20:01:07.056 14871 14905 I art     : Starting a blocking GC Explicit
08-03 20:01:07.108 14871 14905 I art     : Explicit concurrent mark sweep GC freed 40(1296B) AllocSpace objects, 0(0B) LOS objects, 35% free, 29MB/45MB, paused 928us total 50.513ms
08-03 20:01:07.326   380   380 W SurfaceFlinger: couldn't log to binary event log: overflow.
08-03 20:01:07.362   918  3263 D ConnectivityService: releasing NetworkRequest NetworkRequest [ id=2326, legacyType=-1, [ Capabilities: INTERNET&NOT_RESTRICTED&TRUSTED] ]
08-03 20:01:07.585 14871 14885 I art     : Starting a blocking GC Explicit
08-03 20:01:07.644 14871 14885 I art     : Explicit concurrent mark sweep GC freed 2234(123KB) AllocSpace objects, 1(20KB) LOS objects, 35% free, 29MB/45MB, paused 902us total 58.708ms
08-03 20:01:07.670 14871 14885 I art     : Starting a blocking GC Explicit
08-03 20:01:07.728 14871 14885 I art     : Explicit concurrent mark sweep GC freed 2114(124KB) AllocSpace objects, 1(28KB) LOS objects, 35% free, 29MB/45MB, paused 1.045ms total 58.051ms
08-03 20:01:07.754 14871 14885 I art     : Starting a blocking GC Explicit
08-03 20:01:07.813 14871 14885 I art     : Explicit concurrent mark sweep GC freed 3(96B) AllocSpace objects, 0(0B) LOS objects, 35% free, 29MB/45MB, paused 691us total 58.442ms
08-03 20:01:07.839 14871 14885 I art     : Starting a blocking GC Explicit
08-03 20:01:07.897 14871 14885 I art     : Explicit concurrent mark sweep GC freed 3(96B) AllocSpace objects, 0(0B) LOS objects, 35% free, 29MB/45MB, paused 673us total 58.026ms
08-03 20:01:07.923 14871 14885 I art     : Starting a blocking GC Explicit
08-03 20:01:07.981 14871 14885 I art     : Explicit concurrent mark sweep GC freed 3(96B) AllocSpace objects, 0(0B) LOS objects, 35% free, 29MB/45MB, paused 736us total 57.693ms
08-03 20:01:08.362 14871 15130 I art     : Starting a blocking GC Explicit
08-03 20:01:08.432 14871 15130 I art     : Explicit concurrent mark sweep GC freed 1354(82KB) AllocSpace objects, 1(20KB) LOS objects, 35% free, 29MB/45MB, paused 990us total 69.280ms
08-03 20:01:08.458 14871 15130 I art     : Starting a blocking GC Explicit
08-03 20:01:08.515 14871 15130 I art     : Explicit concurrent mark sweep GC freed 20(704B) AllocSpace objects, 0(0B) LOS objects, 35% free, 29MB/45MB, paused 811us total 56.400ms
08-03 20:01:08.539 14871 15130 I art     : Starting a blocking GC Explicit
08-03 20:01:08.595 14871 15130 I art     : Explicit concurrent mark sweep GC freed 3(96B) AllocSpace objects, 0(0B) LOS objects, 35% free, 29MB/45MB, paused 792us total 55.397ms
08-03 20:01:08.620 14871 15130 I art     : Starting a blocking GC Explicit
08-03 20:01:08.678 14871 15130 I art     : Explicit concurrent mark sweep GC freed 3(96B) AllocSpace objects, 0(0B) LOS objects, 35% free, 29MB/45MB, paused 908us total 57.137ms
08-03 20:01:08.703 14871 15130 I art     : Starting a blocking GC Explicit
08-03 20:01:08.760 14871 15130 I art     : Explicit concurrent mark sweep GC freed 3(96B) AllocSpace objects, 0(0B) LOS objects, 35% free, 29MB/45MB, paused 959us total 56.376ms
08-03 20:01:08.827 17237 17237 D AndroidRuntime: >>>>>> START com.android.internal.os.RuntimeInit uid 2000 <<<<<<
08-03 20:01:08.834 17237 17237 D AndroidRuntime: CheckJNI is OFF
08-03 20:01:08.896 17237 17237 D ICU     : No timezone override file found: /data/misc/zoneinfo/current/icu/icu_tzdata.dat
08-03 20:01:08.945 17237 17237 I Radio-JNI: register_android_hardware_Radio DONE
08-03 20:01:08.979 17237 17237 D AndroidRuntime: Calling main entry com.android.commands.input.Input
08-03 20:01:08.981 17237 17237 I Input   : injectKeyEvent: KeyEvent { action=ACTION_DOWN, keyCode=KEYCODE_BACK, scanCode=0, metaState=0, flags=0x0, repeatCount=0, eventTime=648085394, downTime=648085394, deviceId=-1, source=0x101 }
08-03 20:01:08.987 17237 17237 I Input   : injectKeyEvent: KeyEvent { action=ACTION_UP, keyCode=KEYCODE_BACK, scanCode=0, metaState=0, flags=0x0, repeatCount=0, eventTime=648085394, downTime=648085394, deviceId=-1, source=0x101 }
08-03 20:01:08.996 17237 17237 D AndroidRuntime: Shutting down VM
08-03 20:01:09.048 13866 13866 I GoogleInputMethodServic: GoogleInputMethodService.onFinishInput():3138 
08-03 20:01:09.048 13866 13866 I GoogleInputMethodServic: GoogleInputMethodService.onStartInput():1808 
08-03 20:01:09.129 14871 14905 I art     : Starting a blocking GC Explicit
08-03 20:01:09.184 14871 14905 I art     : Explicit concurrent mark sweep GC freed 1534(88KB) AllocSpace objects, 1(20KB) LOS objects, 35% free, 29MB/45MB, paused 679us total 54.393ms
08-03 20:01:09.212 14871 14905 I art     : Starting a blocking GC Explicit
08-03 20:01:09.284 14871 14905 I art     : Explicit concurrent mark sweep GC freed 24(864B) AllocSpace objects, 0(0B) LOS objects, 35% free, 29MB/45MB, paused 788us total 71.450ms
08-03 20:01:09.315 14871 14905 I art     : Starting a blocking GC Explicit
08-03 20:01:09.382 14871 14905 I art     : Explicit concurrent mark sweep GC freed 36(1040B) AllocSpace objects, 0(0B) LOS objects, 35% free, 29MB/45MB, paused 1.084ms total 66.052ms
08-03 20:01:09.409 14871 14905 I art     : Starting a blocking GC Explicit
08-03 20:01:09.465 14871 14905 I art     : Explicit concurrent mark sweep GC freed 28(1312B) AllocSpace objects, 0(0B) LOS objects, 35% free, 29MB/45MB, paused 858us total 56.276ms
08-03 20:01:09.490 14871 14905 I art     : Starting a blocking GC Explicit
08-03 20:01:09.550 14871 14905 I art     : Explicit concurrent mark sweep GC freed 133(6KB) AllocSpace objects, 0(0B) LOS objects, 35% free, 29MB/45MB, paused 955us total 59.330ms
08-03 20:01:10.003 14871 14884 I art     : Starting a blocking GC Explicit
08-03 20:01:10.062 14871 14884 I art     : Explicit concurrent mark sweep GC freed 1354(82KB) AllocSpace objects, 1(20KB) LOS objects, 35% free, 29MB/45MB, paused 835us total 58.276ms
08-03 20:01:10.087 14871 14884 I art     : Starting a blocking GC Explicit
08-03 20:01:10.151 14871 14884 I art     : Explicit concurrent mark sweep GC freed 20(704B) AllocSpace objects, 0(0B) LOS objects, 35% free, 29MB/45MB, paused 1.225ms total 63.536ms
08-03 20:01:10.179 14871 14884 I art     : Starting a blocking GC Explicit
08-03 20:01:10.238 14871 14884 I art     : Explicit concurrent mark sweep GC freed 3(96B) AllocSpace objects, 0(0B) LOS objects, 35% free, 29MB/45MB, paused 1.025ms total 59.002ms
08-03 20:01:10.263 14871 14884 I art     : Starting a blocking GC Explicit
08-03 20:01:10.318 14871 14884 I art     : Explicit concurrent mark sweep GC freed 3(96B) AllocSpace objects, 0(0B) LOS objects, 35% free, 29MB/45MB, paused 726us total 54.137ms
08-03 20:01:10.343 14871 14884 I art     : Starting a blocking GC Explicit
08-03 20:01:10.399 14871 14884 I art     : Explicit concurrent mark sweep GC freed 3(96B) AllocSpace objects, 0(0B) LOS objects, 35% free, 29MB/45MB, paused 853us total 56.174ms
08-03 20:01:10.450   918  3261 D WifiStateMachine: starting scan for "H369AA63323"WPA_PSK with 2412,5180
08-03 20:01:10.756 14871 16853 I art     : Starting a blocking GC Explicit
08-03 20:01:10.823 14871 16853 I art     : Explicit concurrent mark sweep GC freed 1354(82KB) AllocSpace objects, 1(20KB) LOS objects, 35% free, 29MB/45MB, paused 1.031ms total 66.802ms
08-03 20:01:10.849 14871 16853 I art     : Starting a blocking GC Explicit
08-03 20:01:10.904 14871 16853 I art     : Explicit concurrent mark sweep GC freed 20(704B) AllocSpace objects, 0(0B) LOS objects, 35% free, 29MB/45MB, paused 936us total 54.923ms
08-03 20:01:10.911 17275 17275 D AndroidRuntime: >>>>>> START com.android.internal.os.RuntimeInit uid 2000 <<<<<<
08-03 20:01:10.917 17275 17275 D AndroidRuntime: CheckJNI is OFF
08-03 20:01:10.930 14871 16853 I art     : Starting a blocking GC Explicit
08-03 20:01:10.974 17275 17275 D ICU     : No timezone override file found: /data/misc/zoneinfo/current/icu/icu_tzdata.dat
08-03 20:01:10.985 14871 16853 I art     : Explicit concurrent mark sweep GC freed 3(96B) AllocSpace objects, 0(0B) LOS objects, 35% free, 29MB/45MB, paused 781us total 54.516ms
08-03 20:01:10.985 14871 14882 I art     : WaitForGcToComplete blocked for 20.365ms for cause HeapTrim
08-03 20:01:11.009 14871 16853 I art     : Starting a blocking GC Explicit
08-03 20:01:11.018 17275 17275 I Radio-JNI: register_android_hardware_Radio DONE
08-03 20:01:11.050 17275 17275 D AndroidRuntime: Calling main entry com.android.commands.input.Input
08-03 20:01:11.052 17275 17275 I Input   : injectMotionEvent: MotionEvent { action=ACTION_DOWN, actionButton=0, id[0]=0, x[0]=600.0, y[0]=1000.0, toolType[0]=TOOL_TYPE_UNKNOWN, buttonState=0, metaState=0, flags=0x0, edgeFlags=0x0, pointerCount=1, historySize=0, eventTime=648087465, downTime=648087465, deviceId=0, source=0x1002 }
08-03 20:01:11.058 17275 17275 I Input   : injectMotionEvent: MotionEvent { action=ACTION_UP, actionButton=0, id[0]=0, x[0]=600.0, y[0]=1000.0, toolType[0]=TOOL_TYPE_UNKNOWN, buttonState=0, metaState=0, flags=0x0, edgeFlags=0x0, pointerCount=1, historySize=0, eventTime=648087465, downTime=648087465, deviceId=0, source=0x1002 }
08-03 20:01:11.061 17275 17275 D AndroidRuntime: Shutting down VM
08-03 20:01:11.066 14871 16853 I art     : Explicit concurrent mark sweep GC freed 6(192B) AllocSpace objects, 0(0B) LOS objects, 35% free, 29MB/45MB, paused 929us total 55.983ms
08-03 20:01:11.077   918  4413 I ActivityManager: START u0 {dat=https://oauth.reddit.com/... cmp=baseline.org.quantumbadger.redreader/.activities.PostListingActivity} from uid 10634 on display 0
08-03 20:01:11.080   512  2967 D audio_hw_primary: out_set_parameters: enter: usecase(1: low-latency-playback) kvpairs: routing=2
08-03 20:01:11.094   512  2967 D audio_hw_primary: select_devices: out_snd_device(2: speaker) in_snd_device(0: none)
08-03 20:01:11.094   512  2967 D msm8974_platform: platform_send_audio_calibration: sending audio calibration for snd_device(2) acdb_id(15)
08-03 20:01:11.094   512  2967 I soundtrigger: audio_extn_sound_trigger_update_device_status: device 0x2 of type 0 for Event 1
08-03 20:01:11.101 14871 16853 I art     : Starting a blocking GC Explicit
08-03 20:01:11.105   512  2967 D audio_hw_primary: enable_snd_device: snd_device(2: speaker)
08-03 20:01:11.108   512  2967 D audio_hw_primary: enable_audio_route: apply and update mixer path: low-latency-playback speaker
08-03 20:01:11.113 14871 14871 I AppCompatViewInflater: app:theme is now deprecated. Please move to using android:theme instead.
08-03 20:01:11.143 14871 17299 D OK      : calling: https://oauth.reddit.com/r/announcements/about.json
08-03 20:01:11.156 14871 16853 I art     : Explicit concurrent mark sweep GC freed 892(67KB) AllocSpace objects, 0(0B) LOS objects, 35% free, 29MB/45MB, paused 1.056ms total 54.872ms
08-03 20:01:11.219 13866 13866 I GoogleInputMethodServic: GoogleInputMethodService.onFinishInput():3138 
08-03 20:01:11.219   918   936 I ActivityManager: Displayed baseline.org.quantumbadger.redreader/.activities.PostListingActivity: +128ms
08-03 20:01:11.220 13866 13866 I GoogleInputMethodServic: GoogleInputMethodService.onStartInput():1808 
08-03 20:01:11.475   380   380 W SurfaceFlinger: couldn't log to binary event log: overflow.
08-03 20:01:11.500 14871 17299 I NAPPA_EXPERIMENTATION: MetricNetworkRequestExecutionTime: REQUEST_DURATION_SYSTEM='357',REQUEST_DURATION_OKHTTP='154',REQUEST_SYNCHRONOUS='TRUE',RESPONSE_CODE='200',RESPONSE_METHOD='GET',RESPONSE_LENGTH_OKHTTP='-1',RESPONSE_LENGTH_HEADER='1564',REQUEST_PROTOCOL='h2',REQUEST_URL='https://oauth.reddit.com/r/announcements/about.json',
08-03 20:01:11.500 14871 17299 D OK      : request got status: 200
08-03 20:01:11.525 14871 14884 I art     : Starting a blocking GC Explicit
08-03 20:01:11.583 14871 14884 I art     : Explicit concurrent mark sweep GC freed 5329(334KB) AllocSpace objects, 2(88KB) LOS objects, 35% free, 29MB/45MB, paused 967us total 57.880ms
08-03 20:01:11.608 14871 14884 I art     : Starting a blocking GC Explicit
08-03 20:01:11.649   512  2967 D audio_hw_primary: disable_audio_route: reset and update mixer path: low-latency-playback speaker
08-03 20:01:11.649   512  2967 D audio_hw_primary: disable_snd_device: snd_device(2: speaker)
08-03 20:01:11.659   512  2967 I soundtrigger: audio_extn_sound_trigger_update_device_status: device 0x2 of type 0 for Event 0
08-03 20:01:11.664 14871 14884 I art     : Explicit concurrent mark sweep GC freed 896(53KB) AllocSpace objects, 1(68KB) LOS objects, 35% free, 29MB/45MB, paused 1.065ms total 55.461ms
08-03 20:01:11.687 14871 14884 I art     : Starting a blocking GC Explicit
08-03 20:01:11.744 14871 14884 I art     : Explicit concurrent mark sweep GC freed 12(400B) AllocSpace objects, 0(0B) LOS objects, 35% free, 29MB/45MB, paused 1.042ms total 56.833ms
08-03 20:01:11.770 14871 14884 I art     : Starting a blocking GC Explicit
08-03 20:01:11.830 14871 14884 I art     : Explicit concurrent mark sweep GC freed 11(400B) AllocSpace objects, 0(0B) LOS objects, 35% free, 29MB/45MB, paused 1.470ms total 60.230ms
08-03 20:01:11.856 14871 14884 I art     : Starting a blocking GC Explicit
08-03 20:01:11.923 14871 14884 I art     : Explicit concurrent mark sweep GC freed 30(1264B) AllocSpace objects, 0(0B) LOS objects, 35% free, 29MB/45MB, paused 1.382ms total 66.564ms
08-03 20:01:11.993 13866 13882 I PeriodicStatsRunner: PeriodicStatsRunner.call():175 call()
08-03 20:01:11.994 13866 13882 I PeriodicStatsRunner: PeriodicStatsRunner.call():179 No submit PeriodicStats since input started.
08-03 20:01:12.276 14871 14905 I art     : Starting a blocking GC Explicit
08-03 20:01:12.338 14871 14905 I art     : Explicit concurrent mark sweep GC freed 1378(83KB) AllocSpace objects, 1(20KB) LOS objects, 35% free, 29MB/45MB, paused 980us total 61.929ms
08-03 20:01:12.344 14871 17324 D OK      : calling: https://oauth.reddit.com/r/announcements/hot/.json
08-03 20:01:12.364 14871 14905 I art     : Starting a blocking GC Explicit
08-03 20:01:12.388 24577 24577 E ActivityThread: Service com.google.android.gms.chimera.GmsBoundBrokerService has leaked IntentReceiver com.google.android.gms.security.odad.WifiStateChangedReceiver@7033bf1 that was originally registered here. Are you missing a call to unregisterReceiver()?
08-03 20:01:12.388 24577 24577 E ActivityThread: android.app.IntentReceiverLeaked: Service com.google.android.gms.chimera.GmsBoundBrokerService has leaked IntentReceiver com.google.android.gms.security.odad.WifiStateChangedReceiver@7033bf1 that was originally registered here. Are you missing a call to unregisterReceiver()?
08-03 20:01:12.388 24577 24577 E ActivityThread: 	at android.app.LoadedApk$ReceiverDispatcher.<init>(LoadedApk.java:918)
08-03 20:01:12.388 24577 24577 E ActivityThread: 	at android.app.LoadedApk.getReceiverDispatcher(LoadedApk.java:719)
08-03 20:01:12.388 24577 24577 E ActivityThread: 	at android.app.ContextImpl.registerReceiverInternal(ContextImpl.java:1172)
08-03 20:01:12.388 24577 24577 E ActivityThread: 	at android.app.ContextImpl.registerReceiver(ContextImpl.java:1152)
08-03 20:01:12.388 24577 24577 E ActivityThread: 	at android.content.ContextWrapper.registerReceiver(ContextWrapper.java:561)
08-03 20:01:12.388 24577 24577 E ActivityThread: 	at android.content.ContextWrapper.registerReceiver(ContextWrapper.java:561)
08-03 20:01:12.388 24577 24577 E ActivityThread: 	at android.content.ContextWrapper.registerReceiver(ContextWrapper.java:561)
08-03 20:01:12.388 24577 24577 E ActivityThread: 	at android.content.ContextWrapper.registerReceiver(ContextWrapper.java:561)
08-03 20:01:12.388 24577 24577 E ActivityThread: 	at android.content.ContextWrapper.registerReceiver(ContextWrapper.java:561)
08-03 20:01:12.388 24577 24577 E ActivityThread: 	at android.content.ContextWrapper.registerReceiver(ContextWrapper.java:561)
08-03 20:01:12.388 24577 24577 E ActivityThread: 	at android.content.ContextWrapper.registerReceiver(ContextWrapper.java:561)
08-03 20:01:12.388 24577 24577 E ActivityThread: 	at android.content.ContextWrapper.registerReceiver(ContextWrapper.java:561)
08-03 20:01:12.388 24577 24577 E ActivityThread: 	at aqwy.a(:com.google.android.gms@202614019@20.26.14 (040400-320008519):3)
08-03 20:01:12.388 24577 24577 E ActivityThread: 	at aqxq.a(:com.google.android.gms@202614019@20.26.14 (040400-320008519):42)
08-03 20:01:12.388 24577 24577 E ActivityThread: 	at zwo.run(:com.google.android.gms@202614019@20.26.14 (040400-320008519):9)
08-03 20:01:12.388 24577 24577 E ActivityThread: 	at bmvl.run(:com.google.android.gms@202614019@20.26.14 (040400-320008519):2)
08-03 20:01:12.388 24577 24577 E ActivityThread: 	at skp.b(:com.google.android.gms@202614019@20.26.14 (040400-320008519):12)
08-03 20:01:12.388 24577 24577 E ActivityThread: 	at skp.run(:com.google.android.gms@202614019@20.26.14 (040400-320008519):7)
08-03 20:01:12.388 24577 24577 E ActivityThread: 	at java.util.concurrent.ThreadPoolExecutor.runWorker(ThreadPoolExecutor.java:1113)
08-03 20:01:12.388 24577 24577 E ActivityThread: 	at java.util.concurrent.ThreadPoolExecutor$Worker.run(ThreadPoolExecutor.java:588)
08-03 20:01:12.388 24577 24577 E ActivityThread: 	at sql.run(:com.google.android.gms@202614019@20.26.14 (040400-320008519):0)
08-03 20:01:12.388 24577 24577 E ActivityThread: 	at java.lang.Thread.run(Thread.java:818)
08-03 20:01:12.423 14871 14905 I art     : Explicit concurrent mark sweep GC freed 120(4KB) AllocSpace objects, 0(0B) LOS objects, 35% free, 29MB/45MB, paused 966us total 58.620ms
08-03 20:01:12.448 14871 14905 I art     : Starting a blocking GC Explicit
08-03 20:01:12.507 14871 14905 I art     : Explicit concurrent mark sweep GC freed 22(1184B) AllocSpace objects, 0(0B) LOS objects, 35% free, 29MB/45MB, paused 1.079ms total 58.271ms
08-03 20:01:12.518 14871 17324 I NAPPA_EXPERIMENTATION: MetricNetworkRequestExecutionTime: REQUEST_DURATION_SYSTEM='174',REQUEST_DURATION_OKHTTP='170',REQUEST_SYNCHRONOUS='TRUE',RESPONSE_CODE='200',RESPONSE_METHOD='GET',RESPONSE_LENGTH_OKHTTP='-1',RESPONSE_LENGTH_HEADER='142016',REQUEST_PROTOCOL='h2',REQUEST_URL='https://oauth.reddit.com/r/announcements/hot/.json',
08-03 20:01:12.518 14871 17324 D OK      : request got status: 200
08-03 20:01:12.532 14871 14905 I art     : Starting a blocking GC Explicit
08-03 20:01:12.539 14871 15500 I PostListingFragment: Precaching images: OFF
08-03 20:01:12.539 14871 15500 I PostListingFragment: Precaching comments: OFF
08-03 20:01:12.598 14871 14905 I art     : Explicit concurrent mark sweep GC freed 1599(159KB) AllocSpace objects, 1(16KB) LOS objects, 34% free, 30MB/46MB, paused 2.485ms total 65.887ms
08-03 20:01:12.623 14871 14905 I art     : Starting a blocking GC Explicit
08-03 20:01:12.691 14871 14905 I art     : Explicit concurrent mark sweep GC freed 1158(67KB) AllocSpace objects, 3(56KB) LOS objects, 34% free, 30MB/46MB, paused 1.404ms total 67.702ms
08-03 20:01:13.070 14871 14884 I art     : Starting a blocking GC Explicit
08-03 20:01:13.164 14871 14884 I art     : Explicit concurrent mark sweep GC freed 19511(1196KB) AllocSpace objects, 33(1912KB) LOS objects, 31% free, 34MB/50MB, paused 1.031ms total 93.925ms
08-03 20:01:13.194 14871 14884 I art     : Starting a blocking GC Explicit
08-03 20:01:13.261 14871 14884 I art     : Explicit concurrent mark sweep GC freed 61137(2MB) AllocSpace objects, 8(152KB) LOS objects, 33% free, 31MB/47MB, paused 1.341ms total 66.521ms
08-03 20:01:13.285 14871 14884 I art     : Starting a blocking GC Explicit
08-03 20:01:13.297 14871 14871 W RecyclerView: Cannot call this method in a scroll callback. Scroll callbacks mightbe run during a measure & layout pass where you cannot change theRecyclerView data. Any method call that might change the structureof the RecyclerView or the adapter contents should be postponed tothe next frame.
08-03 20:01:13.297 14871 14871 W RecyclerView: java.lang.IllegalStateException:  androidx.recyclerview.widget.RecyclerView{c8ffe19 VFED..... .F....ID 0,0-1440,2140 #7f0900ef app:id/scrollbar_recyclerview_recyclerview}, adapter:baseline.org.quantumbadger.redreader.adapters.GroupedRecyclerViewAdapter@910fede, layout:androidx.recyclerview.widget.LinearLayoutManager@79858bf, context:baseline.org.quantumbadger.redreader.activities.PostListingActivity@85888fe
08-03 20:01:13.297 14871 14871 W RecyclerView: 	at androidx.recyclerview.widget.RecyclerView.assertNotInLayoutOrScroll(RecyclerView.java:3061)
08-03 20:01:13.297 14871 14871 W RecyclerView: 	at androidx.recyclerview.widget.RecyclerView$RecyclerViewDataObserver.onItemRangeInserted(RecyclerView.java:5555)
08-03 20:01:13.297 14871 14871 W RecyclerView: 	at androidx.recyclerview.widget.RecyclerView$AdapterDataObservable.notifyItemRangeInserted(RecyclerView.java:12278)
08-03 20:01:13.297 14871 14871 W RecyclerView: 	at androidx.recyclerview.widget.RecyclerView$Adapter.notifyItemInserted(RecyclerView.java:7464)
08-03 20:01:13.297 14871 14871 W RecyclerView: 	at baseline.org.quantumbadger.redreader.adapters.GroupedRecyclerViewAdapter.updateHiddenStatus(GroupedRecyclerViewAdapter.java:279)
08-03 20:01:13.297 14871 14871 W RecyclerView: 	at baseline.org.quantumbadger.redreader.adapters.RedditListingManager.setLoadingVisible(RedditListingManager.java:125)
08-03 20:01:13.297 14871 14871 W RecyclerView: 	at baseline.org.quantumbadger.redreader.fragments.PostListingFragment.onLoadMoreItemsCheck(PostListingFragment.java:465)
08-03 20:01:13.297 14871 14871 W RecyclerView: 	at baseline.org.quantumbadger.redreader.fragments.PostListingFragment.access$000(PostListingFragment.java:98)
08-03 20:01:13.297 14871 14871 W RecyclerView: 	at baseline.org.quantumbadger.redreader.fragments.PostListingFragment$2.onScrolled(PostListingFragment.java:215)
08-03 20:01:13.297 14871 14871 W RecyclerView: 	at androidx.recyclerview.widget.RecyclerView.dispatchOnScrolled(RecyclerView.java:5173)
08-03 20:01:13.297 14871 14871 W RecyclerView: 	at androidx.recyclerview.widget.RecyclerView.dispatchLayoutStep3(RecyclerView.java:4231)
08-03 20:01:13.297 14871 14871 W RecyclerView: 	at androidx.recyclerview.widget.RecyclerView.dispatchLayout(RecyclerView.java:3862)
08-03 20:01:13.297 14871 14871 W RecyclerView: 	at androidx.recyclerview.widget.RecyclerView.consumePendingUpdateOperations(RecyclerView.java:1897)
08-03 20:01:13.297 14871 14871 W RecyclerView: 	at androidx.recyclerview.widget.RecyclerView$1.run(RecyclerView.java:414)
08-03 20:01:13.297 14871 14871 W RecyclerView: 	at android.view.Choreographer$CallbackRecord.run(Choreographer.java:858)
08-03 20:01:13.297 14871 14871 W RecyclerView: 	at android.view.Choreographer.doCallbacks(Choreographer.java:670)
08-03 20:01:13.297 14871 14871 W RecyclerView: 	at android.view.Choreographer.doFrame(Choreographer.java:603)
08-03 20:01:13.297 14871 14871 W RecyclerView: 	at android.view.Choreographer$FrameDisplayEventReceiver.run(Choreographer.java:844)
08-03 20:01:13.297 14871 14871 W RecyclerView: 	at android.os.Handler.handleCallback(Handler.java:739)
08-03 20:01:13.297 14871 14871 W RecyclerView: 	at android.os.Handler.dispatchMessage(Handler.java:95)
08-03 20:01:13.297 14871 14871 W RecyclerView: 	at android.os.Looper.loop(Looper.java:148)
08-03 20:01:13.297 14871 14871 W RecyclerView: 	at android.app.ActivityThread.main(ActivityThread.java:5417)
08-03 20:01:13.297 14871 14871 W RecyclerView: 	at java.lang.reflect.Method.invoke(Native Method)
08-03 20:01:13.297 14871 14871 W RecyclerView: 	at com.android.internal.os.ZygoteInit$MethodAndArgsCaller.run(ZygoteInit.java:726)
08-03 20:01:13.297 14871 14871 W RecyclerView: 	at com.android.internal.os.ZygoteInit.main(ZygoteInit.java:616)
08-03 20:01:13.352 14871 14884 I art     : Explicit concurrent mark sweep GC freed 1179(119KB) AllocSpace objects, 0(0B) LOS objects, 33% free, 31MB/47MB, paused 1.098ms total 66.182ms
08-03 20:01:13.383 14871 14884 I art     : Starting a blocking GC Explicit
08-03 20:01:13.445 14871 14884 I art     : Explicit concurrent mark sweep GC freed 56(2640B) AllocSpace objects, 0(0B) LOS objects, 33% free, 31MB/47MB, paused 1.104ms total 61.929ms
08-03 20:01:13.471 14871 14884 I art     : Starting a blocking GC Explicit
08-03 20:01:13.533 14871 14884 I art     : Explicit concurrent mark sweep GC freed 75(2896B) AllocSpace objects, 0(0B) LOS objects, 33% free, 31MB/47MB, paused 1.143ms total 61.312ms
08-03 20:01:13.544 14871 17337 D OK      : calling: https://oauth.reddit.com/r/announcements/hot/.json?after=t3_9jf8nh
08-03 20:01:13.748 14871 17337 I NAPPA_EXPERIMENTATION: MetricNetworkRequestExecutionTime: REQUEST_DURATION_SYSTEM='204',REQUEST_DURATION_OKHTTP='201',REQUEST_SYNCHRONOUS='TRUE',RESPONSE_CODE='200',RESPONSE_METHOD='GET',RESPONSE_LENGTH_OKHTTP='-1',RESPONSE_LENGTH_HEADER='65685',REQUEST_PROTOCOL='h2',REQUEST_URL='https://oauth.reddit.com/r/announcements/hot/.json?after=t3_9jf8nh',
08-03 20:01:13.749 14871 17337 D OK      : request got status: 200
08-03 20:01:13.759 14871 15500 I PostListingFragment: Precaching images: OFF
08-03 20:01:13.759 14871 15500 I PostListingFragment: Precaching comments: OFF
08-03 20:01:13.894 14871 14884 I art     : Starting a blocking GC Explicit
08-03 20:01:13.968 14871 14884 I art     : Explicit concurrent mark sweep GC freed 9540(654KB) AllocSpace objects, 11(700KB) LOS objects, 32% free, 33MB/49MB, paused 1.014ms total 73.841ms
08-03 20:01:13.996 14871 14884 I art     : Starting a blocking GC Explicit
08-03 20:01:14.057 13866 13882 I PeriodicStatsRunner: PeriodicStatsRunner.call():175 call()
08-03 20:01:14.057 13866 13882 I PeriodicStatsRunner: PeriodicStatsRunner.call():179 No submit PeriodicStats since input started.
08-03 20:01:14.069 14871 14884 I art     : Explicit concurrent mark sweep GC freed 4165(196KB) AllocSpace objects, 2(92KB) LOS objects, 32% free, 33MB/49MB, paused 1.167ms total 72.454ms
08-03 20:01:14.096 14871 14884 I art     : Starting a blocking GC Explicit
08-03 20:01:14.167 14871 14884 I art     : Explicit concurrent mark sweep GC freed 3568(129KB) AllocSpace objects, 0(0B) LOS objects, 32% free, 33MB/49MB, paused 1.033ms total 70.362ms
08-03 20:01:14.194 14871 14884 I art     : Starting a blocking GC Explicit
08-03 20:01:14.267 14871 14884 I art     : Explicit concurrent mark sweep GC freed 3064(114KB) AllocSpace objects, 0(0B) LOS objects, 32% free, 33MB/49MB, paused 1.144ms total 71.979ms
08-03 20:01:14.294 14871 14884 I art     : Starting a blocking GC Explicit
08-03 20:01:14.366 14871 14884 I art     : Explicit concurrent mark sweep GC freed 1614(59KB) AllocSpace objects, 0(0B) LOS objects, 32% free, 33MB/49MB, paused 787us total 71.108ms
08-03 20:01:14.769 14871 14905 I art     : Starting a blocking GC Explicit
08-03 20:01:14.801   518   646 I ThermalEngine: ACTION: GPU - Setting GPU[0] to 450000000
08-03 20:01:14.844 14871 14905 I art     : Explicit concurrent mark sweep GC freed 17932(924KB) AllocSpace objects, 7(128KB) LOS objects, 33% free, 32MB/48MB, paused 598us total 74.430ms
08-03 20:01:14.865 14871 14905 I art     : Starting a blocking GC Explicit
08-03 20:01:14.917 14871 14905 I art     : Explicit concurrent mark sweep GC freed 29(1088B) AllocSpace objects, 0(0B) LOS objects, 33% free, 32MB/48MB, paused 541us total 51.190ms
08-03 20:01:14.936 14871 14905 I art     : Starting a blocking GC Explicit
08-03 20:01:14.994 14871 14905 I art     : Explicit concurrent mark sweep GC freed 3(96B) AllocSpace objects, 0(0B) LOS objects, 33% free, 32MB/48MB, paused 609us total 57.542ms
08-03 20:01:15.017 14871 14905 I art     : Starting a blocking GC Explicit
08-03 20:01:15.077 14871 14905 I art     : Explicit concurrent mark sweep GC freed 3(96B) AllocSpace objects, 0(0B) LOS objects, 33% free, 32MB/48MB, paused 603us total 59.703ms
08-03 20:01:15.100 14871 14905 I art     : Starting a blocking GC Explicit
08-03 20:01:15.156 14871 14905 I art     : Explicit concurrent mark sweep GC freed 3(96B) AllocSpace objects, 0(0B) LOS objects, 33% free, 32MB/48MB, paused 565us total 56.402ms
08-03 20:01:15.543 14871 16853 I art     : Starting a blocking GC Explicit
08-03 20:01:15.610 14871 16853 I art     : Explicit concurrent mark sweep GC freed 1355(83KB) AllocSpace objects, 1(20KB) LOS objects, 33% free, 32MB/48MB, paused 608us total 66.905ms
08-03 20:01:15.637 14871 16853 I art     : Starting a blocking GC Explicit
08-03 20:01:15.691 14871 16853 I art     : Explicit concurrent mark sweep GC freed 20(704B) AllocSpace objects, 0(0B) LOS objects, 33% free, 32MB/48MB, paused 541us total 53.512ms
08-03 20:01:15.710 14871 16853 I art     : Starting a blocking GC Explicit
08-03 20:01:15.765 14871 16853 I art     : Explicit concurrent mark sweep GC freed 3(96B) AllocSpace objects, 0(0B) LOS objects, 33% free, 32MB/48MB, paused 575us total 55.005ms
08-03 20:01:15.788 14871 16853 I art     : Starting a blocking GC Explicit
08-03 20:01:15.845 14871 16853 I art     : Explicit concurrent mark sweep GC freed 3(96B) AllocSpace objects, 0(0B) LOS objects, 33% free, 32MB/48MB, paused 606us total 55.834ms
08-03 20:01:15.868 14871 16853 I art     : Starting a blocking GC Explicit
08-03 20:01:15.926 14871 16853 I art     : Explicit concurrent mark sweep GC freed 3(96B) AllocSpace objects, 0(0B) LOS objects, 33% free, 32MB/48MB, paused 587us total 57.841ms
08-03 20:01:16.220 13866 13882 I PeriodicStatsRunner: PeriodicStatsRunner.call():175 call()
08-03 20:01:16.220 13866 13882 I PeriodicStatsRunner: PeriodicStatsRunner.call():179 No submit PeriodicStats since input started.
08-03 20:01:16.299 14871 15130 I art     : Starting a blocking GC Explicit
08-03 20:01:16.350 14871 15130 I art     : Explicit concurrent mark sweep GC freed 1357(83KB) AllocSpace objects, 1(20KB) LOS objects, 33% free, 32MB/48MB, paused 556us total 50.790ms
08-03 20:01:16.370 14871 15130 I art     : Starting a blocking GC Explicit
08-03 20:01:16.418 14871 15130 I art     : Explicit concurrent mark sweep GC freed 20(704B) AllocSpace objects, 0(0B) LOS objects, 33% free, 32MB/48MB, paused 588us total 47.887ms
08-03 20:01:16.437 14871 15130 I art     : Starting a blocking GC Explicit
08-03 20:01:16.489 14871 15130 I art     : Explicit concurrent mark sweep GC freed 3(96B) AllocSpace objects, 0(0B) LOS objects, 33% free, 32MB/48MB, paused 582us total 51.989ms
08-03 20:01:16.508 14871 15130 I art     : Starting a blocking GC Explicit
08-03 20:01:16.561 14871 15130 I art     : Explicit concurrent mark sweep GC freed 3(96B) AllocSpace objects, 0(0B) LOS objects, 33% free, 32MB/48MB, paused 553us total 52.110ms
08-03 20:01:16.581 14871 15130 I art     : Starting a blocking GC Explicit
08-03 20:01:16.633 14871 15130 I art     : Explicit concurrent mark sweep GC freed 3(96B) AllocSpace objects, 0(0B) LOS objects, 33% free, 32MB/48MB, paused 581us total 52.285ms
08-03 20:01:16.852 17386 17386 D AndroidRuntime: >>>>>> START com.android.internal.os.RuntimeInit uid 2000 <<<<<<
08-03 20:01:16.858 17386 17386 D AndroidRuntime: CheckJNI is OFF
08-03 20:01:16.899 17386 17386 D ICU     : No timezone override file found: /data/misc/zoneinfo/current/icu/icu_tzdata.dat
08-03 20:01:16.941 17386 17386 I Radio-JNI: register_android_hardware_Radio DONE
08-03 20:01:16.970 17386 17386 D AndroidRuntime: Calling main entry com.android.commands.input.Input
08-03 20:01:16.972 17386 17386 I Input   : injectMotionEvent: MotionEvent { action=ACTION_DOWN, actionButton=0, id[0]=0, x[0]=600.0, y[0]=580.0, toolType[0]=TOOL_TYPE_UNKNOWN, buttonState=0, metaState=0, flags=0x0, edgeFlags=0x0, pointerCount=1, historySize=0, eventTime=648093385, downTime=648093385, deviceId=0, source=0x1002 }
08-03 20:01:16.979 17386 17386 I Input   : injectMotionEvent: MotionEvent { action=ACTION_UP, actionButton=0, id[0]=0, x[0]=600.0, y[0]=580.0, toolType[0]=TOOL_TYPE_UNKNOWN, buttonState=0, metaState=0, flags=0x0, edgeFlags=0x0, pointerCount=1, historySize=0, eventTime=648093385, downTime=648093385, deviceId=0, source=0x1002 }
08-03 20:01:16.985 17386 17386 D AndroidRuntime: Shutting down VM
08-03 20:01:16.989   512  2967 D audio_hw_primary: out_set_parameters: enter: usecase(1: low-latency-playback) kvpairs: routing=2
08-03 20:01:16.993   918  5481 I ActivityManager: START u0 {cmp=baseline.org.quantumbadger.redreader/.activities.WebViewActivity (has extras)} from uid 10634 on display 0
08-03 20:01:17.002   512  2967 D audio_hw_primary: select_devices: out_snd_device(2: speaker) in_snd_device(0: none)
08-03 20:01:17.002   512  2967 D msm8974_platform: platform_send_audio_calibration: sending audio calibration for snd_device(2) acdb_id(15)
08-03 20:01:17.003   512  2967 I soundtrigger: audio_extn_sound_trigger_update_device_status: device 0x2 of type 0 for Event 1
08-03 20:01:17.004 14871 14905 I art     : Starting a blocking GC Explicit
08-03 20:01:17.015   512  2967 D audio_hw_primary: enable_snd_device: snd_device(2: speaker)
08-03 20:01:17.018   512  2967 D audio_hw_primary: enable_audio_route: apply and update mixer path: low-latency-playback speaker
08-03 20:01:17.024 14871 14871 I AppCompatViewInflater: app:theme is now deprecated. Please move to using android:theme instead.
08-03 20:01:17.047   918  6029 D ConnectivityService: listenForNetwork for Listen from uid/pid:10634/14871 for NetworkRequest [ id=2327, legacyType=-1, [ Capabilities: INTERNET&NOT_RESTRICTED&TRUSTED] ]
08-03 20:01:17.053 14871 14905 I art     : Explicit concurrent mark sweep GC freed 2746(150KB) AllocSpace objects, 1(20KB) LOS objects, 33% free, 32MB/48MB, paused 980us total 49.338ms
08-03 20:01:17.071 14871 14905 I art     : Starting a blocking GC Explicit
08-03 20:01:17.118 14871 14905 I art     : Explicit concurrent mark sweep GC freed 9589(948KB) AllocSpace objects, 17(2MB) LOS objects, 35% free, 29MB/45MB, paused 513us total 46.386ms
08-03 20:01:17.135 14871 14905 I art     : Starting a blocking GC Explicit
08-03 20:01:17.174 13866 13866 I GoogleInputMethodServic: GoogleInputMethodService.onFinishInput():3138 
08-03 20:01:17.174 13866 13866 I GoogleInputMethodServic: GoogleInputMethodService.onStartInput():1808 
08-03 20:01:17.176   918   936 I ActivityManager: Displayed baseline.org.quantumbadger.redreader/.activities.WebViewActivity: +171ms
08-03 20:01:17.177 14871 14905 I art     : Explicit concurrent mark sweep GC freed 744(33KB) AllocSpace objects, 0(0B) LOS objects, 35% free, 29MB/45MB, paused 596us total 41.768ms
08-03 20:01:17.196 14871 14905 I art     : Starting a blocking GC Explicit
08-03 20:01:17.238 14871 14905 I art     : Explicit concurrent mark sweep GC freed 116(5KB) AllocSpace objects, 0(0B) LOS objects, 35% free, 29MB/45MB, paused 466us total 41.613ms
08-03 20:01:17.256 14871 14905 I art     : Starting a blocking GC Explicit
08-03 20:01:17.297 14871 14905 I art     : Explicit concurrent mark sweep GC freed 5(160B) AllocSpace objects, 0(0B) LOS objects, 35% free, 29MB/45MB, paused 469us total 40.497ms
08-03 20:01:17.444   380   380 W SurfaceFlinger: couldn't log to binary event log: overflow.
08-03 20:01:17.560   512  2967 D audio_hw_primary: disable_audio_route: reset and update mixer path: low-latency-playback speaker
08-03 20:01:17.561   512  2967 D audio_hw_primary: disable_snd_device: snd_device(2: speaker)
08-03 20:01:17.570   512  2967 I soundtrigger: audio_extn_sound_trigger_update_device_status: device 0x2 of type 0 for Event 0
08-03 20:01:17.580 14871 17325 I RedditChangeDataIO: Writing tmp data file at '/data/user/0/baseline.org.quantumbadger.redreader/files/rr_change_data_tmp.dat'
08-03 20:01:17.580 14871 17325 I RedditChangeDataManager: Taking snapshot...
08-03 20:01:17.581 14871 17325 I RedditChangeDataManager: Writing to stream...
08-03 20:01:17.581 14871 17325 I RedditChangeDataManager: Wrote 5 entries for user ''
08-03 20:01:17.582 14871 17325 I RedditChangeDataManager: All entries written to stream.
08-03 20:01:17.582 16014 16014 I ServiceManager: Waiting for service AtCmdFwd...
08-03 20:01:17.583 14871 17325 I RedditChangeDataIO: Write successful. Atomically replacing data file...
08-03 20:01:17.583 14871 17325 I RedditChangeDataIO: Write complete.
08-03 20:01:17.583 14871 17325 I RedditChangeDataIO: 134 bytes written in 3 ms
08-03 20:01:17.698 14871 14905 I art     : Starting a blocking GC Explicit
08-03 20:01:17.751 14871 14905 I art     : Explicit concurrent mark sweep GC freed 2375(139KB) AllocSpace objects, 2(88KB) LOS objects, 35% free, 29MB/45MB, paused 484us total 53.152ms
08-03 20:01:17.770 14871 14905 I art     : Starting a blocking GC Explicit
08-03 20:01:17.810 14871 14905 I art     : Explicit concurrent mark sweep GC freed 313(14KB) AllocSpace objects, 0(0B) LOS objects, 35% free, 29MB/45MB, paused 492us total 40.304ms
08-03 20:01:17.830 14871 14905 I art     : Starting a blocking GC Explicit
08-03 20:01:17.881 14871 14905 I art     : Explicit concurrent mark sweep GC freed 11(336B) AllocSpace objects, 0(0B) LOS objects, 35% free, 29MB/45MB, paused 578us total 50.580ms
08-03 20:01:17.901 14871 14905 I art     : Starting a blocking GC Explicit
08-03 20:01:17.953 14871 14905 I art     : Explicit concurrent mark sweep GC freed 13(400B) AllocSpace objects, 0(0B) LOS objects, 35% free, 29MB/45MB, paused 522us total 51.994ms
08-03 20:01:17.977 14871 14905 I art     : Starting a blocking GC Explicit
08-03 20:01:18.028 14871 14905 I art     : Explicit concurrent mark sweep GC freed 12(384B) AllocSpace objects, 0(0B) LOS objects, 35% free, 29MB/45MB, paused 527us total 51.181ms
08-03 20:01:18.417 14871 14884 I art     : Starting a blocking GC Explicit
08-03 20:01:18.467 14871 14884 I art     : Explicit concurrent mark sweep GC freed 1414(85KB) AllocSpace objects, 1(20KB) LOS objects, 35% free, 29MB/45MB, paused 575us total 48.939ms
08-03 20:01:18.485 14871 14884 I art     : Starting a blocking GC Explicit
08-03 20:01:18.534 14871 14884 I art     : Explicit concurrent mark sweep GC freed 27(928B) AllocSpace objects, 0(0B) LOS objects, 35% free, 29MB/45MB, paused 607us total 48.471ms
08-03 20:01:18.553 14871 14884 I art     : Starting a blocking GC Explicit
08-03 20:01:18.583 16014 16014 I ServiceManager: Waiting for service AtCmdFwd...
08-03 20:01:18.601 14871 14884 I art     : Explicit concurrent mark sweep GC freed 11(352B) AllocSpace objects, 0(0B) LOS objects, 35% free, 29MB/45MB, paused 750us total 48.226ms
08-03 20:01:18.620 14871 14884 I art     : Starting a blocking GC Explicit
08-03 20:01:18.632 14871 14871 I chromium: [INFO:CONSOLE(1)] "
08-03 20:01:18.632 14871 14871 I chromium:                   ,d"=,.,qOp,
08-03 20:01:18.632 14871 14871 I chromium:                  ,7'  ''$(  )
08-03 20:01:18.632 14871 14871 I chromium:                 ,7'      '?q$7'
08-03 20:01:18.632 14871 14871 I chromium:              ..,$$,.
08-03 20:01:18.632 14871 14871 I chromium:    ,.  .,,--***""***--,,.  .,
08-03 20:01:18.632 14871 14871 I chromium:     ,p''              ''q,   
08-03 20:01:18.632 14871 14871 I chromium: :  ,7'                      '7,  :
08-03 20:01:18.632 14871 14871 I chromium:  ' $      ,db,      ,db,      $ '
08-03 20:01:18.632 14871 14871 I chromium:   '$      $$      $$      $'    Using Reddit at work? Work for Reddit.
08-03 20:01:18.632 14871 14871 I chromium:   '$                          $'        https://www.reddit.com/jobs
08-03 20:01:18.632 14871 14871 I chromium:    '$.     .,        ,.     .$'
08-03 20:01:18.632 14871 14871 I chromium:     'b,     ''     ,d'
08-03 20:01:18.632 14871 14871 I chromium:      '?bn,,          ,,nd?'
08-03 20:01:18.632 14871 14871 I chromium:        ,7$ '''' $7,
08-03 20:01:18.632 14871 14871 I chromium:      , $              $ ,
08-03 20:01:18.632 14871 14871 I chromium:      $  :$              $:  $
08-03 20:01:18.632 14871 14871 I chromium:      $   $              $   $
08-03 20:01:18.632 14871 14871 I chromium:      'b  q:            :p  d'
08-03 20:01:18.632 14871 14871 I chromium:       '?$.          .$?'
08-03 20:01:18.632 14871 14871 I chromium:          'b            d'
08-03 20:01:18.632 14871 14871 I chromium:        ,'?,.      .,?',
08-03 20:01:18.632 14871 14871 I chromium:       ==--==--==--==
08-03 20:01:18.632 14871 14871 I chromium: ", source: https://www.redditstatic.com/desktop2x/Chat~Governance~Reddit.2ea93b134a9b2e5b1d9a.js (1)
08-03 20:01:18.669 14871 14884 I art     : Explicit concurrent mark sweep GC freed 14(2624B) AllocSpace objects, 0(0B) LOS objects, 35% free, 29MB/45MB, paused 750us total 49.364ms
08-03 20:01:18.688 14871 14884 I art     : Starting a blocking GC Explicit
08-03 20:01:18.738 14871 14884 I art     : Explicit concurrent mark sweep GC freed 17(544B) AllocSpace objects, 0(0B) LOS objects, 35% free, 29MB/45MB, paused 537us total 49.418ms
08-03 20:01:18.811   518   646 I ThermalEngine: ACTION: GPU - Setting GPU[0] to 390000000
08-03 20:01:19.163 14871 16853 I art     : Starting a blocking GC Explicit
08-03 20:01:19.220 14871 16853 I art     : Explicit concurrent mark sweep GC freed 1691(128KB) AllocSpace objects, 1(20KB) LOS objects, 35% free, 29MB/45MB, paused 922us total 56.325ms
08-03 20:01:19.245 14871 16853 I art     : Starting a blocking GC Explicit
08-03 20:01:19.300 14871 16853 I art     : Explicit concurrent mark sweep GC freed 87(2944B) AllocSpace objects, 0(0B) LOS objects, 35% free, 29MB/45MB, paused 801us total 55.350ms
08-03 20:01:19.325 14871 16853 I art     : Starting a blocking GC Explicit
08-03 20:01:19.380 14871 16853 I art     : Explicit concurrent mark sweep GC freed 3(96B) AllocSpace objects, 0(0B) LOS objects, 35% free, 29MB/45MB, paused 825us total 55.520ms
08-03 20:01:19.405 14871 16853 I art     : Starting a blocking GC Explicit
08-03 20:01:19.460 14871 16853 I art     : Explicit concurrent mark sweep GC freed 3(96B) AllocSpace objects, 0(0B) LOS objects, 35% free, 29MB/45MB, paused 840us total 55.378ms
08-03 20:01:19.485 14871 16853 I art     : Starting a blocking GC Explicit
08-03 20:01:19.541 14871 16853 I art     : Explicit concurrent mark sweep GC freed 3(96B) AllocSpace objects, 0(0B) LOS objects, 35% free, 29MB/45MB, paused 809us total 55.938ms
08-03 20:01:19.584 16014 16014 I ServiceManager: Waiting for service AtCmdFwd...
08-03 20:01:19.816  5179  5194 D QcrilMsgTunnelSocket: readRilMessage: Buffer = [B@671e81d HexData = [010000000404000011000000514f454d484f4f4bef0308000100000003]
08-03 20:01:19.825  5179  5194 D QcrilMsgTunnelSocket: Rcvd UNSOL response with 28 bytes data for SUB0
08-03 20:01:19.825  5179  5194 D QcrilMsgTunnelSocket: Response ID 525295 is not served in this process.
08-03 20:01:19.825  5179  5194 D QcrilMsgTunnelSocket: To broadcast an Intent via the notifier to external apps
08-03 20:01:19.830  5179  5179 D QcrilMsgTunnelIfaceManager: handleMessage what = 0
08-03 20:01:19.846  5179  5179 D QcrilMsgTunnelIfaceManager: Broadcasting intent ACTION_UNSOL_RESPONSE_OEM_HOOK_RAW
08-03 20:01:19.848  5164  5164 D QC_RIL_OEM_HOOK: Received Broadcast Intent ACTION_UNSOL_RESPONSE_OEM_HOOK_RAW
08-03 20:01:19.849  5164  5164 D QC_RIL_OEM_HOOK: Oem ID in QCRILHOOK UNSOL RESP is QOEMHOOK
08-03 20:01:19.945 14871 15130 I art     : Starting a blocking GC Explicit
08-03 20:01:20.003 14871 15130 I art     : Explicit concurrent mark sweep GC freed 1579(97KB) AllocSpace objects, 1(20KB) LOS objects, 35% free, 29MB/45MB, paused 921us total 57.872ms
08-03 20:01:20.037 14871 15130 I art     : Starting a blocking GC Explicit
08-03 20:01:20.093 14871 15130 I art     : Explicit concurrent mark sweep GC freed 20(704B) AllocSpace objects, 0(0B) LOS objects, 35% free, 29MB/45MB, paused 672us total 56.132ms
08-03 20:01:20.124 14871 15130 I art     : Starting a blocking GC Explicit
08-03 20:01:20.183 14871 15130 I art     : Explicit concurrent mark sweep GC freed 3(96B) AllocSpace objects, 0(0B) LOS objects, 35% free, 29MB/45MB, paused 644us total 58.330ms
08-03 20:01:20.209 14871 15130 I art     : Starting a blocking GC Explicit
08-03 20:01:20.270 14871 15130 I art     : Explicit concurrent mark sweep GC freed 3(96B) AllocSpace objects, 0(0B) LOS objects, 35% free, 29MB/45MB, paused 869us total 59.897ms
08-03 20:01:20.295 14871 15130 I art     : Starting a blocking GC Explicit
08-03 20:01:20.361 14871 15130 I art     : Explicit concurrent mark sweep GC freed 3(96B) AllocSpace objects, 0(0B) LOS objects, 35% free, 29MB/45MB, paused 853us total 65.936ms
08-03 20:01:20.584 16014 16014 I ServiceManager: Waiting for service AtCmdFwd...
08-03 20:01:20.760 14871 14885 I art     : Starting a blocking GC Explicit
08-03 20:01:20.826 14871 14885 I art     : Explicit concurrent mark sweep GC freed 1401(85KB) AllocSpace objects, 1(20KB) LOS objects, 35% free, 29MB/45MB, paused 1.817ms total 65.738ms
08-03 20:01:20.852 14871 14885 I art     : Starting a blocking GC Explicit
08-03 20:01:20.913 14871 14885 I art     : Explicit concurrent mark sweep GC freed 20(704B) AllocSpace objects, 0(0B) LOS objects, 35% free, 29MB/45MB, paused 1.547ms total 59.691ms
08-03 20:01:20.946 14871 14885 I art     : Starting a blocking GC Explicit
08-03 20:01:21.005 14871 14885 I art     : Explicit concurrent mark sweep GC freed 3(96B) AllocSpace objects, 0(0B) LOS objects, 35% free, 29MB/45MB, paused 1.097ms total 58.223ms
08-03 20:01:21.039 14871 14885 I art     : Starting a blocking GC Explicit
08-03 20:01:21.097 14871 14885 I art     : Explicit concurrent mark sweep GC freed 3(96B) AllocSpace objects, 0(0B) LOS objects, 35% free, 29MB/45MB, paused 732us total 58.006ms
08-03 20:01:21.128 14871 14885 I art     : Starting a blocking GC Explicit
08-03 20:01:21.184 14871 14885 I art     : Explicit concurrent mark sweep GC freed 3(96B) AllocSpace objects, 0(0B) LOS objects, 35% free, 29MB/45MB, paused 673us total 55.710ms
08-03 20:01:21.585 16014 16014 I ServiceManager: Waiting for service AtCmdFwd...
08-03 20:01:21.601 14871 14884 I art     : Starting a blocking GC Explicit
08-03 20:01:21.669 14871 14884 I art     : Explicit concurrent mark sweep GC freed 1355(82KB) AllocSpace objects, 1(20KB) LOS objects, 35% free, 29MB/45MB, paused 966us total 67.711ms
08-03 20:01:21.695 14871 14884 I art     : Starting a blocking GC Explicit
08-03 20:01:21.760 14871 14884 I art     : Explicit concurrent mark sweep GC freed 20(704B) AllocSpace objects, 0(0B) LOS objects, 35% free, 29MB/45MB, paused 881us total 64.962ms
08-03 20:01:21.787 14871 14884 I art     : Starting a blocking GC Explicit
08-03 20:01:21.866 14871 14884 I art     : Explicit concurrent mark sweep GC freed 3(96B) AllocSpace objects, 0(0B) LOS objects, 35% free, 29MB/45MB, paused 710us total 78.362ms
08-03 20:01:21.891 14871 14884 I art     : Starting a blocking GC Explicit
08-03 20:01:21.938 17477 17477 D AndroidRuntime: >>>>>> START com.android.internal.os.RuntimeInit uid 2000 <<<<<<
08-03 20:01:21.944 17477 17477 D AndroidRuntime: CheckJNI is OFF
08-03 20:01:21.954 14871 14884 I art     : Explicit concurrent mark sweep GC freed 3(96B) AllocSpace objects, 0(0B) LOS objects, 35% free, 29MB/45MB, paused 814us total 63.439ms
08-03 20:01:21.979 14871 14884 I art     : Starting a blocking GC Explicit
08-03 20:01:21.998 17477 17477 D ICU     : No timezone override file found: /data/misc/zoneinfo/current/icu/icu_tzdata.dat
08-03 20:01:22.043 14871 14884 I art     : Explicit concurrent mark sweep GC freed 3(96B) AllocSpace objects, 0(0B) LOS objects, 35% free, 29MB/45MB, paused 740us total 63.506ms
08-03 20:01:22.053 17477 17477 I Radio-JNI: register_android_hardware_Radio DONE
08-03 20:01:22.085 17477 17477 D AndroidRuntime: Calling main entry com.android.commands.input.Input
08-03 20:01:22.087 17477 17477 I Input   : injectKeyEvent: KeyEvent { action=ACTION_DOWN, keyCode=KEYCODE_BACK, scanCode=0, metaState=0, flags=0x0, repeatCount=0, eventTime=648098500, downTime=648098500, deviceId=-1, source=0x101 }
08-03 20:01:22.094 17477 17477 I Input   : injectKeyEvent: KeyEvent { action=ACTION_UP, keyCode=KEYCODE_BACK, scanCode=0, metaState=0, flags=0x0, repeatCount=0, eventTime=648098500, downTime=648098500, deviceId=-1, source=0x101 }
08-03 20:01:22.101 17477 17477 D AndroidRuntime: Shutting down VM
08-03 20:01:22.168 13866 13866 I GoogleInputMethodServic: GoogleInputMethodService.onFinishInput():3138 
08-03 20:01:22.169 13866 13866 I GoogleInputMethodServic: GoogleInputMethodService.onStartInput():1808 
08-03 20:01:22.184 13866 13882 I PeriodicStatsRunner: PeriodicStatsRunner.call():175 call()
08-03 20:01:22.292 13866 13882 I PeriodicStatsRunner: PeriodicStatsRunner.call():229 call() : Finished in 108 ms
08-03 20:01:22.313   918   929 I AccountManagerService: getTypesVisibleToCaller: isPermitted? true
08-03 20:01:22.321   918  3359 I AccountManagerService: getTypesVisibleToCaller: isPermitted? true
08-03 20:01:22.330   918   928 I AccountManagerService: getTypesVisibleToCaller: isPermitted? true
08-03 20:01:22.428 14871 14884 I art     : Starting a blocking GC Explicit
08-03 20:01:22.494 14871 14884 I art     : Explicit concurrent mark sweep GC freed 1634(92KB) AllocSpace objects, 1(20KB) LOS objects, 35% free, 29MB/45MB, paused 901us total 65.804ms
08-03 20:01:22.503   380   380 W SurfaceFlinger: couldn't log to binary event log: overflow.
08-03 20:01:22.550   918  3263 D ConnectivityService: releasing NetworkRequest NetworkRequest [ id=2327, legacyType=-1, [ Capabilities: INTERNET&NOT_RESTRICTED&TRUSTED] ]
08-03 20:01:22.552 14871 14884 I art     : Starting a blocking GC Explicit
08-03 20:01:22.585 16014 16014 W Atfwd_Sendcmd: AtCmdFwd service not published, waiting... retryCnt : 5
08-03 20:01:22.669 14871 14884 I art     : Explicit concurrent mark sweep GC freed 895(41KB) AllocSpace objects, 0(0B) LOS objects, 35% free, 29MB/45MB, paused 9.553ms total 116.520ms
08-03 20:01:22.702 14871 14884 I art     : Starting a blocking GC Explicit
08-03 20:01:22.727 13866 13893 E Conv2QueryReflectionHel: Conv2QueryReflectionHelper.getConv2QueryPeriodicMetadata():63 Failed to get Conv2QueryPeriodicMetadata.
08-03 20:01:22.727 13866 13893 E Conv2QueryReflectionHel: java.lang.NoSuchMethodException: getInstance []
08-03 20:01:22.727 13866 13893 E Conv2QueryReflectionHel: 	at java.lang.Class.getMethod(Class.java:624)
08-03 20:01:22.727 13866 13893 E Conv2QueryReflectionHel: 	at java.lang.Class.getDeclaredMethod(Class.java:586)
08-03 20:01:22.727 13866 13893 E Conv2QueryReflectionHel: 	at bve.a(PG:847)
08-03 20:01:22.727 13866 13893 E Conv2QueryReflectionHel: 	at bvf.a(PG:143)
08-03 20:01:22.727 13866 13893 E Conv2QueryReflectionHel: 	at kvq.a(PG:4)
08-03 20:01:22.727 13866 13893 E Conv2QueryReflectionHel: 	at bve.a(PG:683)
08-03 20:01:22.727 13866 13893 E Conv2QueryReflectionHel: 	at kwo.a(PG:40)
08-03 20:01:22.727 13866 13893 E Conv2QueryReflectionHel: 	at kwo.handleMessage(PG:60)
08-03 20:01:22.727 13866 13893 E Conv2QueryReflectionHel: 	at android.os.Handler.dispatchMessage(Handler.java:98)
08-03 20:01:22.727 13866 13893 E Conv2QueryReflectionHel: 	at android.os.Looper.loop(Looper.java:148)
08-03 20:01:22.727 13866 13893 E Conv2QueryReflectionHel: 	at android.os.HandlerThread.run(HandlerThread.java:61)
08-03 20:01:22.754 14871 14884 I art     : Explicit concurrent mark sweep GC freed 157(7KB) AllocSpace objects, 0(0B) LOS objects, 35% free, 29MB/45MB, paused 725us total 52.246ms
08-03 20:01:22.776 14871 14884 I art     : Starting a blocking GC Explicit
08-03 20:01:22.826 14871 14884 I art     : Explicit concurrent mark sweep GC freed 1954(116KB) AllocSpace objects, 1(28KB) LOS objects, 35% free, 29MB/45MB, paused 668us total 48.927ms
08-03 20:01:22.848 14871 14884 I art     : Starting a blocking GC Explicit
08-03 20:01:22.902 14871 14884 I art     : Explicit concurrent mark sweep GC freed 3(96B) AllocSpace objects, 0(0B) LOS objects, 35% free, 29MB/45MB, paused 610us total 53.394ms
08-03 20:01:23.303 14871 15130 I art     : Starting a blocking GC Explicit
08-03 20:01:23.379 14871 15130 I art     : Explicit concurrent mark sweep GC freed 1355(82KB) AllocSpace objects, 1(20KB) LOS objects, 35% free, 29MB/45MB, paused 930us total 74.375ms
08-03 20:01:23.404 14871 15130 I art     : Starting a blocking GC Explicit
08-03 20:01:23.459 14871 15130 I art     : Explicit concurrent mark sweep GC freed 20(704B) AllocSpace objects, 0(0B) LOS objects, 35% free, 29MB/45MB, paused 819us total 54.845ms
08-03 20:01:23.483 14871 15130 I art     : Starting a blocking GC Explicit
08-03 20:01:23.539 14871 15130 I art     : Explicit concurrent mark sweep GC freed 3(96B) AllocSpace objects, 0(0B) LOS objects, 35% free, 29MB/45MB, paused 777us total 55.604ms
08-03 20:01:23.564 14871 15130 I art     : Starting a blocking GC Explicit
08-03 20:01:23.622 14871 15130 I art     : Explicit concurrent mark sweep GC freed 3(96B) AllocSpace objects, 0(0B) LOS objects, 35% free, 29MB/45MB, paused 750us total 57.064ms
08-03 20:01:23.647 14871 15130 I art     : Starting a blocking GC Explicit
08-03 20:01:23.704 14871 15130 I art     : Explicit concurrent mark sweep GC freed 3(96B) AllocSpace objects, 0(0B) LOS objects, 35% free, 29MB/45MB, paused 813us total 56.549ms
08-03 20:01:24.010 17525 17525 D AndroidRuntime: >>>>>> START com.android.internal.os.RuntimeInit uid 2000 <<<<<<
08-03 20:01:24.017 17525 17525 D AndroidRuntime: CheckJNI is OFF
08-03 20:01:24.077 17525 17525 D ICU     : No timezone override file found: /data/misc/zoneinfo/current/icu/icu_tzdata.dat
08-03 20:01:24.080 14871 14885 I art     : Starting a blocking GC Explicit
08-03 20:01:24.124 17525 17525 I Radio-JNI: register_android_hardware_Radio DONE
08-03 20:01:24.137 14871 14885 I art     : Explicit concurrent mark sweep GC freed 1354(82KB) AllocSpace objects, 1(20KB) LOS objects, 35% free, 29MB/45MB, paused 814us total 56.660ms
08-03 20:01:24.158 17525 17525 D AndroidRuntime: Calling main entry com.android.commands.input.Input
08-03 20:01:24.160 17525 17525 I Input   : injectKeyEvent: KeyEvent { action=ACTION_DOWN, keyCode=KEYCODE_BACK, scanCode=0, metaState=0, flags=0x0, repeatCount=0, eventTime=648100573, downTime=648100573, deviceId=-1, source=0x101 }
08-03 20:01:24.161 14871 14885 I art     : Starting a blocking GC Explicit
08-03 20:01:24.167 17525 17525 I Input   : injectKeyEvent: KeyEvent { action=ACTION_UP, keyCode=KEYCODE_BACK, scanCode=0, metaState=0, flags=0x0, repeatCount=0, eventTime=648100573, downTime=648100573, deviceId=-1, source=0x101 }
08-03 20:01:24.185 17525 17525 D AndroidRuntime: Shutting down VM
08-03 20:01:24.218 14871 14885 I art     : Explicit concurrent mark sweep GC freed 123(4KB) AllocSpace objects, 0(0B) LOS objects, 35% free, 29MB/45MB, paused 866us total 55.903ms
08-03 20:01:24.233 13866 13866 I GoogleInputMethodServic: GoogleInputMethodService.onFinishInput():3138 
08-03 20:01:24.233 13866 13866 I GoogleInputMethodServic: GoogleInputMethodService.onStartInput():1808 
08-03 20:01:24.241 14871 14885 I art     : Starting a blocking GC Explicit
08-03 20:01:24.297 14871 14885 I art     : Explicit concurrent mark sweep GC freed 62(2224B) AllocSpace objects, 0(0B) LOS objects, 35% free, 29MB/45MB, paused 580us total 56.061ms
08-03 20:01:24.319 14871 14885 I art     : Starting a blocking GC Explicit
08-03 20:01:24.371 14871 14885 I art     : Explicit concurrent mark sweep GC freed 24(816B) AllocSpace objects, 0(0B) LOS objects, 35% free, 29MB/45MB, paused 674us total 50.956ms
08-03 20:01:24.398 14871 14885 I art     : Starting a blocking GC Explicit
08-03 20:01:24.468 14871 14885 I art     : Explicit concurrent mark sweep GC freed 3(96B) AllocSpace objects, 0(0B) LOS objects, 35% free, 29MB/45MB, paused 759us total 69.878ms
08-03 20:01:24.830 14871 16853 I art     : Starting a blocking GC Explicit
08-03 20:01:24.905 14871 16853 I art     : Explicit concurrent mark sweep GC freed 1419(85KB) AllocSpace objects, 1(20KB) LOS objects, 35% free, 29MB/45MB, paused 684us total 74.619ms
08-03 20:01:24.931 14871 16853 I art     : Starting a blocking GC Explicit
08-03 20:01:24.990 14871 16853 I art     : Explicit concurrent mark sweep GC freed 150(7KB) AllocSpace objects, 0(0B) LOS objects, 35% free, 29MB/45MB, paused 881us total 59.063ms
08-03 20:01:25.016 14871 16853 I art     : Starting a blocking GC Explicit
08-03 20:01:25.082 14871 16853 I art     : Explicit concurrent mark sweep GC freed 3(96B) AllocSpace objects, 0(0B) LOS objects, 35% free, 29MB/45MB, paused 925us total 65.660ms
08-03 20:01:25.110 14871 16853 I art     : Starting a blocking GC Explicit
08-03 20:01:25.170 14871 16853 I art     : Explicit concurrent mark sweep GC freed 3(96B) AllocSpace objects, 0(0B) LOS objects, 35% free, 29MB/45MB, paused 800us total 59.332ms
08-03 20:01:25.195 14871 16853 I art     : Starting a blocking GC Explicit
08-03 20:01:25.254 14871 16853 I art     : Explicit concurrent mark sweep GC freed 3(96B) AllocSpace objects, 0(0B) LOS objects, 35% free, 29MB/45MB, paused 706us total 58.658ms
08-03 20:01:25.609 14871 15130 I art     : Starting a blocking GC Explicit
08-03 20:01:25.676 14871 15130 I art     : Explicit concurrent mark sweep GC freed 1354(82KB) AllocSpace objects, 1(20KB) LOS objects, 35% free, 29MB/45MB, paused 832us total 66.224ms
08-03 20:01:25.701 14871 15130 I art     : Starting a blocking GC Explicit
08-03 20:01:25.756 14871 15130 I art     : Explicit concurrent mark sweep GC freed 20(704B) AllocSpace objects, 0(0B) LOS objects, 35% free, 29MB/45MB, paused 797us total 55.003ms
08-03 20:01:25.781 14871 15130 I art     : Starting a blocking GC Explicit
08-03 20:01:25.870 14871 15130 I art     : Explicit concurrent mark sweep GC freed 3(96B) AllocSpace objects, 0(0B) LOS objects, 35% free, 29MB/45MB, paused 865us total 88.977ms
08-03 20:01:25.915 14871 15130 I art     : Starting a blocking GC Explicit
08-03 20:01:25.976   918  3188 I hubconnection: sensorhub said: 'set_bias 3: -6.2400, 0.0000, 0.0000'
08-03 20:01:26.002 14871 15130 I art     : Explicit concurrent mark sweep GC freed 3(96B) AllocSpace objects, 0(0B) LOS objects, 35% free, 29MB/45MB, paused 851us total 86.534ms
08-03 20:01:26.027 14871 15130 I art     : Starting a blocking GC Explicit
08-03 20:01:26.082 14871 15130 I art     : Explicit concurrent mark sweep GC freed 3(96B) AllocSpace objects, 0(0B) LOS objects, 35% free, 29MB/45MB, paused 817us total 55.025ms
08-03 20:01:26.186 17561 17561 D AndroidRuntime: >>>>>> START com.android.internal.os.RuntimeInit uid 2000 <<<<<<
08-03 20:01:26.192 17561 17561 D AndroidRuntime: CheckJNI is OFF
08-03 20:01:26.249 17561 17561 D ICU     : No timezone override file found: /data/misc/zoneinfo/current/icu/icu_tzdata.dat
08-03 20:01:26.302 17561 17561 I Radio-JNI: register_android_hardware_Radio DONE
08-03 20:01:26.335 17561 17561 D AndroidRuntime: Calling main entry com.android.commands.input.Input
08-03 20:01:26.337 17561 17561 I Input   : injectMotionEvent: MotionEvent { action=ACTION_DOWN, actionButton=0, id[0]=0, x[0]=600.0, y[0]=1733.0, toolType[0]=TOOL_TYPE_UNKNOWN, buttonState=0, metaState=0, flags=0x0, edgeFlags=0x0, pointerCount=1, historySize=0, eventTime=648102749, downTime=648102749, deviceId=0, source=0x1002 }
08-03 20:01:26.342 17561 17561 I Input   : injectMotionEvent: MotionEvent { action=ACTION_UP, actionButton=0, id[0]=0, x[0]=600.0, y[0]=1733.0, toolType[0]=TOOL_TYPE_UNKNOWN, buttonState=0, metaState=0, flags=0x0, edgeFlags=0x0, pointerCount=1, historySize=0, eventTime=648102749, downTime=648102749, deviceId=0, source=0x1002 }
08-03 20:01:26.344 17561 17561 D AndroidRuntime: Shutting down VM
08-03 20:01:26.360   918   928 I ActivityManager: START u0 {dat=https://oauth.reddit.com/... cmp=baseline.org.quantumbadger.redreader/.activities.PostListingActivity} from uid 10634 on display 0
08-03 20:01:26.361   512  2967 D audio_hw_primary: out_set_parameters: enter: usecase(1: low-latency-playback) kvpairs: routing=2
08-03 20:01:26.376   512  2967 D audio_hw_primary: select_devices: out_snd_device(2: speaker) in_snd_device(0: none)
08-03 20:01:26.377   512  2967 D msm8974_platform: platform_send_audio_calibration: sending audio calibration for snd_device(2) acdb_id(15)
08-03 20:01:26.377   512  2967 I soundtrigger: audio_extn_sound_trigger_update_device_status: device 0x2 of type 0 for Event 1
08-03 20:01:26.391   512  2967 D audio_hw_primary: enable_snd_device: snd_device(2: speaker)
08-03 20:01:26.394   512  2967 D audio_hw_primary: enable_audio_route: apply and update mixer path: low-latency-playback speaker
08-03 20:01:26.403 14871 14871 I AppCompatViewInflater: app:theme is now deprecated. Please move to using android:theme instead.
08-03 20:01:26.445 14871 17595 D OK      : calling: https://oauth.reddit.com/r/aww/about.json
08-03 20:01:26.465 14871 16853 I art     : Starting a blocking GC Explicit
08-03 20:01:26.523 14871 16853 I art     : Explicit concurrent mark sweep GC freed 2941(184KB) AllocSpace objects, 1(20KB) LOS objects, 35% free, 29MB/45MB, paused 1.099ms total 57.257ms
08-03 20:01:26.536   918   936 I ActivityManager: Displayed baseline.org.quantumbadger.redreader/.activities.PostListingActivity: +163ms
08-03 20:01:26.537 13866 13866 I GoogleInputMethodServic: GoogleInputMethodService.onFinishInput():3138 
08-03 20:01:26.538 13866 13866 I GoogleInputMethodServic: GoogleInputMethodService.onStartInput():1808 
08-03 20:01:26.548 14871 16853 I art     : Starting a blocking GC Explicit
08-03 20:01:26.611 14871 16853 I art     : Explicit concurrent mark sweep GC freed 2323(99KB) AllocSpace objects, 0(0B) LOS objects, 35% free, 29MB/45MB, paused 1.070ms total 62.285ms
08-03 20:01:26.635 14871 16853 I art     : Starting a blocking GC Explicit
08-03 20:01:26.698 14871 16853 I art     : Explicit concurrent mark sweep GC freed 242(9KB) AllocSpace objects, 0(0B) LOS objects, 35% free, 29MB/45MB, paused 1.484ms total 62.796ms
08-03 20:01:26.698 14871 14882 I art     : WaitForGcToComplete blocked for 29.343ms for cause HeapTrim
08-03 20:01:26.729 14871 16853 I art     : Starting a blocking GC Explicit
08-03 20:01:26.767 14871 17595 I NAPPA_EXPERIMENTATION: MetricNetworkRequestExecutionTime: REQUEST_DURATION_SYSTEM='321',REQUEST_DURATION_OKHTTP='149',REQUEST_SYNCHRONOUS='TRUE',RESPONSE_CODE='200',RESPONSE_METHOD='GET',RESPONSE_LENGTH_OKHTTP='-1',RESPONSE_LENGTH_HEADER='3478',REQUEST_PROTOCOL='h2',REQUEST_URL='https://oauth.reddit.com/r/aww/about.json',
08-03 20:01:26.767 14871 17595 D OK      : request got status: 200
08-03 20:01:26.795   380   380 W SurfaceFlinger: couldn't log to binary event log: overflow.
08-03 20:01:26.815 14871 16853 I art     : Explicit concurrent mark sweep GC freed 1006(156KB) AllocSpace objects, 1(68KB) LOS objects, 35% free, 29MB/45MB, paused 954us total 85.252ms
08-03 20:01:26.838 14871 16853 I art     : Starting a blocking GC Explicit
08-03 20:01:26.890 14871 16853 I art     : Explicit concurrent mark sweep GC freed 739(49KB) AllocSpace objects, 1(68KB) LOS objects, 35% free, 29MB/45MB, paused 847us total 50.823ms
08-03 20:01:26.929   512  2967 D audio_hw_primary: disable_audio_route: reset and update mixer path: low-latency-playback speaker
08-03 20:01:26.931   512  2967 D audio_hw_primary: disable_snd_device: snd_device(2: speaker)
08-03 20:01:26.940   512  2967 I soundtrigger: audio_extn_sound_trigger_update_device_status: device 0x2 of type 0 for Event 0
08-03 20:01:27.168 13866 13882 I PeriodicStatsRunner: PeriodicStatsRunner.call():175 call()
08-03 20:01:27.169 13866 13882 I PeriodicStatsRunner: PeriodicStatsRunner.call():179 No submit PeriodicStats since input started.
08-03 20:01:27.258 14871 14885 I art     : Starting a blocking GC Explicit
08-03 20:01:27.321 14871 14885 I art     : Explicit concurrent mark sweep GC freed 1617(95KB) AllocSpace objects, 1(20KB) LOS objects, 35% free, 29MB/45MB, paused 957us total 62.257ms
08-03 20:01:27.346 14871 14885 I art     : Starting a blocking GC Explicit
08-03 20:01:27.406 14871 14885 I art     : Explicit concurrent mark sweep GC freed 20(704B) AllocSpace objects, 0(0B) LOS objects, 35% free, 29MB/45MB, paused 938us total 59.807ms
08-03 20:01:27.431 14871 14885 I art     : Starting a blocking GC Explicit
08-03 20:01:27.490 14871 14885 I art     : Explicit concurrent mark sweep GC freed 3(96B) AllocSpace objects, 0(0B) LOS objects, 35% free, 29MB/45MB, paused 834us total 58.530ms
08-03 20:01:27.515 14871 14885 I art     : Starting a blocking GC Explicit
08-03 20:01:27.574 14871 14885 I art     : Explicit concurrent mark sweep GC freed 8(224B) AllocSpace objects, 0(0B) LOS objects, 35% free, 29MB/45MB, paused 786us total 58.706ms
08-03 20:01:27.601 14871 14885 I art     : Starting a blocking GC Explicit
08-03 20:01:27.643 14871 17610 D OK      : calling: https://oauth.reddit.com/r/aww/hot/.json
08-03 20:01:27.661 14871 14885 I art     : Explicit concurrent mark sweep GC freed 110(4KB) AllocSpace objects, 0(0B) LOS objects, 35% free, 29MB/45MB, paused 1.066ms total 59.799ms
08-03 20:01:27.875 14871 17610 I NAPPA_EXPERIMENTATION: MetricNetworkRequestExecutionTime: REQUEST_DURATION_SYSTEM='232',REQUEST_DURATION_OKHTTP='228',REQUEST_SYNCHRONOUS='TRUE',RESPONSE_CODE='200',RESPONSE_METHOD='GET',RESPONSE_LENGTH_OKHTTP='-1',RESPONSE_LENGTH_HEADER='33430',REQUEST_PROTOCOL='h2',REQUEST_URL='https://oauth.reddit.com/r/aww/hot/.json',
08-03 20:01:27.876 14871 17610 D OK      : request got status: 200
08-03 20:01:27.892 14871 15500 I PostListingFragment: Precaching images: OFF
08-03 20:01:27.892 14871 15500 I PostListingFragment: Precaching comments: OFF
08-03 20:01:27.911 14871 17621 D OK      : calling: https://b.thumbs.redditmedia.com/CKInrczASoQbNvSBStGz11Tok0uCyQoxmZ02sOE37sQ.jpg
08-03 20:01:27.921 14871 15500 I getImgurImageInfo: Image NSO7Npm: trying API v3 with auth
08-03 20:01:27.936 14871 17622 D OK      : calling: https://a.thumbs.redditmedia.com/sKVnLbatvJCZOE2ooe6CgiEftOB3ukgPMdcydbk9CZ4.jpg
08-03 20:01:27.959 14871 17623 D OK      : calling: https://a.thumbs.redditmedia.com/dFt2-stQJkfZ8O7r7ywG9GQsF08fZXxEJfQtAmiJ-F8.jpg
08-03 20:01:27.966 14871 17624 D OK      : calling: https://b.thumbs.redditmedia.com/1cAaKl6LkrikiRbLsBzzOvufKqRKuPi3wgjUkX8axkI.jpg
08-03 20:01:27.980 14871 17626 D OK      : calling: https://b.thumbs.redditmedia.com/bUY4al781EZ3q7hUlnLebemHCXE3e63_SSxl2uo4Q4A.jpg
08-03 20:01:27.985 14871 17627 D OK      : calling: https://b.thumbs.redditmedia.com/tTmEfIrujbsvZXbhNSQS6Pc7o7ShCaGqZHbYf7nWdfg.jpg
08-03 20:01:27.986 14871 17625 D OK      : calling: https://b.thumbs.redditmedia.com/NUqJWcobH7ToYhCM0w6nnAFZ46ymm9vPD25BC3s7Wco.jpg
08-03 20:01:28.014 14871 17629 D OK      : calling: https://b.thumbs.redditmedia.com/JTSWFy2_tijPk6cA5noKDydEAMkMJcDmKQTSX178zwc.jpg
08-03 20:01:28.018 14871 17628 D OK      : calling: https://b.thumbs.redditmedia.com/_H8tFMmL5-3GrxYkCtMSHiyNfjbX8pxctOw_vrzyw7o.jpg
08-03 20:01:28.033 14871 17630 D OK      : calling: https://b.thumbs.redditmedia.com/N6fiqTp8nJD2l7sUz4nij7j1yHYMTKaflUIrn8E2bAU.jpg
08-03 20:01:28.049 14871 17631 D OK      : calling: https://b.thumbs.redditmedia.com/HkEQtny0bE4H3dMCd_woPsLAXBoPwp_DZ4ioFNIQLKk.jpg
08-03 20:01:28.062 14871 17632 D OK      : calling: https://b.thumbs.redditmedia.com/lVNra-iScxkYcYtSstJ-7J7pRAUDRXIwwJhsen1ZK9g.jpg
08-03 20:01:28.081 14871 17633 D OK      : calling: https://b.thumbs.redditmedia.com/lQKqDneXS8E7ZBD9cUQy4OqOt8PuTneSvVFtnU0pwCE.jpg
08-03 20:01:28.082 14871 17634 D OK      : calling: https://b.thumbs.redditmedia.com/X3yyAViE0gxiHR-kf9Z5xmLa8dKsm8iWJyKdWNVtOhU.jpg
08-03 20:01:28.089 14871 17637 D OK      : calling: https://b.thumbs.redditmedia.com/Bx9FZp8_w10DfFUf_mqVPMfu4Y0h2lo41Dh4tl2eNeQ.jpg
08-03 20:01:28.121 14871 17641 D OK      : calling: https://a.thumbs.redditmedia.com/KpcC72KH04Be3BqxmFbv_Gz7LCy-24GU-70or3KCdJ4.jpg
08-03 20:01:28.121 14871 15130 I art     : Starting a blocking GC Explicit
08-03 20:01:28.122 14871 17642 D OK      : calling: https://a.thumbs.redditmedia.com/cEOtajy3CAQrjwSA3hhSqnPx8bfkRzglo7Lz1SBTmE0.jpg
08-03 20:01:28.129 14871 17643 D OK      : calling: https://b.thumbs.redditmedia.com/RrJbRRjFZWmckrONtkPTloJh52FfqD_XkLMuYuuQvAg.jpg
08-03 20:01:28.131 14871 17644 D OK      : calling: https://b.thumbs.redditmedia.com/chqK3f9u3D7UmfrGP85f4sOQFihMk6q7fFSeMyWs_7E.jpg
08-03 20:01:28.134 14871 17645 D OK      : calling: https://b.thumbs.redditmedia.com/B18Vu5Jw71XCkFOFHimnUC42ya8apHsmcCW-HFmtb6w.jpg
08-03 20:01:28.148 14871 17646 D OK      : calling: https://b.thumbs.redditmedia.com/iZuzjufMpYUYtQRLjRwce4RDb6JYsId95_iezR2Uc0w.jpg
08-03 20:01:28.153 14871 17648 D OK      : calling: https://b.thumbs.redditmedia.com/XNb1kfskabGDLMqv661Q22hBtCb8w5oyePDcFaZi9aY.jpg
08-03 20:01:28.164 14871 17649 D OK      : calling: https://b.thumbs.redditmedia.com/lMqJbh1Z40ffemA0TnSfVnovznn4hvJNue60AsJ-ETs.jpg
08-03 20:01:28.173 14871 17651 D OK      : calling: https://b.thumbs.redditmedia.com/189nmwjW7eGWBD0J-cxzsUac1V1ZWGzMFC66inY4u4Y.jpg
08-03 20:01:28.173 14871 17650 D OK      : calling: https://b.thumbs.redditmedia.com/x5l4cICw0WNNvslt5FqVjwj89XrGjrXnNbaSyQRAyCo.jpg
08-03 20:01:28.180 14871 17653 D OK      : calling: https://b.thumbs.redditmedia.com/d_-UsfmKASoIHi4vZyyjvvwFtm1S7-DEi9AQPOnGIgY.jpg
08-03 20:01:28.185 14871 17654 D OK      : calling: https://api.gfycat.com/v1/gfycats/deadlygravecavy
08-03 20:01:28.192 14871 17655 D OK      : calling: https://api.imgur.com/3/image/NSO7Npm
08-03 20:01:28.198 14871 17656 D OK      : calling: https://v.redd.it/fkewv2f65kd51/DASHPlaylist.mpd
08-03 20:01:28.198 14871 15130 I art     : Explicit concurrent mark sweep GC freed 30835(1378KB) AllocSpace objects, 2(88KB) LOS objects, 33% free, 31MB/47MB, paused 3.346ms total 76.778ms
08-03 20:01:28.206 14871 17657 D OK      : calling: https://api.gfycat.com/v1/gfycats/altruisticthankfulankolewatusi
08-03 20:01:28.209 14871 17658 D OK      : calling: https://v.redd.it/ak6rer1hskd51/DASHPlaylist.mpd
08-03 20:01:28.212 14871 17660 D OK      : calling: https://v.redd.it/h49fg58ygjd51/DASHPlaylist.mpd
08-03 20:01:28.214 14871 17659 D OK      : calling: https://api.gfycat.com/v1/gfycats/foolhardysparklinglarva
08-03 20:01:28.223 14871 17661 D OK      : calling: https://v.redd.it/1ewzkieg0jd51/DASHPlaylist.mpd
08-03 20:01:28.225 14871 17662 D OK      : calling: https://v.redd.it/ppmhu2r9thd51/DASHPlaylist.mpd
08-03 20:01:28.229 14871 15130 I art     : Starting a blocking GC Explicit
08-03 20:01:28.231 14871 17664 D OK      : calling: https://v.redd.it/b8vazlcb7ld51/DASHPlaylist.mpd
08-03 20:01:28.231 14871 17663 D OK      : calling: https://v.redd.it/s9qqadf3mid51/DASHPlaylist.mpd
08-03 20:01:28.251 14871 17665 D OK      : calling: https://v.redd.it/ty24o02m1hd51/DASHPlaylist.mpd
08-03 20:01:28.254 14871 17666 D OK      : calling: https://v.redd.it/ar5k8892pid51/DASHPlaylist.mpd
08-03 20:01:28.311 14871 14871 W RecyclerView: Cannot call this method in a scroll callback. Scroll callbacks mightbe run during a measure & layout pass where you cannot change theRecyclerView data. Any method call that might change the structureof the RecyclerView or the adapter contents should be postponed tothe next frame.
08-03 20:01:28.311 14871 14871 W RecyclerView: java.lang.IllegalStateException:  androidx.recyclerview.widget.RecyclerView{984d71f VFED..... .F....ID 0,0-1440,2140 #7f0900ef app:id/scrollbar_recyclerview_recyclerview}, adapter:baseline.org.quantumbadger.redreader.adapters.GroupedRecyclerViewAdapter@8153a6c, layout:androidx.recyclerview.widget.LinearLayoutManager@45ef835, context:baseline.org.quantumbadger.redreader.activities.PostListingActivity@6d38daf
08-03 20:01:28.311 14871 14871 W RecyclerView: 	at androidx.recyclerview.widget.RecyclerView.assertNotInLayoutOrScroll(RecyclerView.java:3061)
08-03 20:01:28.311 14871 14871 W RecyclerView: 	at androidx.recyclerview.widget.RecyclerView$RecyclerViewDataObserver.onItemRangeInserted(RecyclerView.java:5555)
08-03 20:01:28.311 14871 14871 W RecyclerView: 	at androidx.recyclerview.widget.RecyclerView$AdapterDataObservable.notifyItemRangeInserted(RecyclerView.java:12278)
08-03 20:01:28.311 14871 14871 W RecyclerView: 	at androidx.recyclerview.widget.RecyclerView$Adapter.notifyItemInserted(RecyclerView.java:7464)
08-03 20:01:28.311 14871 14871 W RecyclerView: 	at baseline.org.quantumbadger.redreader.adapters.GroupedRecyclerViewAdapter.updateHiddenStatus(GroupedRecyclerViewAdapter.java:279)
08-03 20:01:28.311 14871 14871 W RecyclerView: 	at baseline.org.quantumbadger.redreader.adapters.RedditListingManager.setLoadingVisible(RedditListingManager.java:125)
08-03 20:01:28.311 14871 14871 W RecyclerView: 	at baseline.org.quantumbadger.redreader.fragments.PostListingFragment.onLoadMoreItemsCheck(PostListingFragment.java:465)
08-03 20:01:28.311 14871 14871 W RecyclerView: 	at baseline.org.quantumbadger.redreader.fragments.PostListingFragment.access$000(PostListingFragment.java:98)
08-03 20:01:28.311 14871 14871 W RecyclerView: 	at baseline.org.quantumbadger.redreader.fragments.PostListingFragment$2.onScrolled(PostListingFragment.java:215)
08-03 20:01:28.311 14871 14871 W RecyclerView: 	at androidx.recyclerview.widget.RecyclerView.dispatchOnScrolled(RecyclerView.java:5173)
08-03 20:01:28.311 14871 14871 W RecyclerView: 	at androidx.recyclerview.widget.RecyclerView.dispatchLayoutStep3(RecyclerView.java:4231)
08-03 20:01:28.311 14871 14871 W RecyclerView: 	at androidx.recyclerview.widget.RecyclerView.dispatchLayout(RecyclerView.java:3862)
08-03 20:01:28.311 14871 14871 W RecyclerView: 	at androidx.recyclerview.widget.RecyclerView.consumePendingUpdateOperations(RecyclerView.java:1897)
08-03 20:01:28.311 14871 14871 W RecyclerView: 	at androidx.recyclerview.widget.RecyclerView$1.run(RecyclerView.java:414)
08-03 20:01:28.311 14871 14871 W RecyclerView: 	at android.view.Choreographer$CallbackRecord.run(Choreographer.java:858)
08-03 20:01:28.311 14871 14871 W RecyclerView: 	at android.view.Choreographer.doCallbacks(Choreographer.java:670)
08-03 20:01:28.311 14871 14871 W RecyclerView: 	at android.view.Choreographer.doFrame(Choreographer.java:603)
08-03 20:01:28.311 14871 14871 W RecyclerView: 	at android.view.Choreographer$FrameDisplayEventReceiver.run(Choreographer.java:844)
08-03 20:01:28.311 14871 14871 W RecyclerView: 	at android.os.Handler.handleCallback(Handler.java:739)
08-03 20:01:28.311 14871 14871 W RecyclerView: 	at android.os.Handler.dispatchMessage(Handler.java:95)
08-03 20:01:28.311 14871 14871 W RecyclerView: 	at android.os.Looper.loop(Looper.java:148)
08-03 20:01:28.311 14871 14871 W RecyclerView: 	at android.app.ActivityThread.main(ActivityThread.java:5417)
08-03 20:01:28.311 14871 14871 W RecyclerView: 	at java.lang.reflect.Method.invoke(Native Method)
08-03 20:01:28.311 14871 14871 W RecyclerView: 	at com.android.internal.os.ZygoteInit$MethodAndArgsCaller.run(ZygoteInit.java:726)
08-03 20:01:28.311 14871 14871 W RecyclerView: 	at com.android.internal.os.ZygoteInit.main(ZygoteInit.java:616)
08-03 20:01:28.315 14871 15130 I art     : Explicit concurrent mark sweep GC freed 27650(1364KB) AllocSpace objects, 1(68KB) LOS objects, 34% free, 30MB/46MB, paused 4.545ms total 85.053ms
08-03 20:01:28.340 14871 15130 I art     : Starting a blocking GC Explicit
08-03 20:01:28.366 14871 17621 I NAPPA_EXPERIMENTATION: MetricNetworkRequestExecutionTime: REQUEST_DURATION_SYSTEM='455',REQUEST_DURATION_OKHTTP='295',REQUEST_SYNCHRONOUS='TRUE',RESPONSE_CODE='200',RESPONSE_METHOD='GET',RESPONSE_LENGTH_OKHTTP='3891',RESPONSE_LENGTH_HEADER='3891',REQUEST_PROTOCOL='h2',REQUEST_URL='https://b.thumbs.redditmedia.com/CKInrczASoQbNvSBStGz11Tok0uCyQoxmZ02sOE37sQ.jpg',
08-03 20:01:28.367 14871 17621 D OK      : request got status: 200
08-03 20:01:28.420 14871 17622 I NAPPA_EXPERIMENTATION: MetricNetworkRequestExecutionTime: REQUEST_DURATION_SYSTEM='484',REQUEST_DURATION_OKHTTP='346',REQUEST_SYNCHRONOUS='TRUE',RESPONSE_CODE='200',RESPONSE_METHOD='GET',RESPONSE_LENGTH_OKHTTP='4487',RESPONSE_LENGTH_HEADER='4487',REQUEST_PROTOCOL='h2',REQUEST_URL='https://a.thumbs.redditmedia.com/sKVnLbatvJCZOE2ooe6CgiEftOB3ukgPMdcydbk9CZ4.jpg',
08-03 20:01:28.420 14871 17622 D OK      : request got status: 200
08-03 20:01:28.423 14871 15130 I art     : Explicit concurrent mark sweep GC freed 5235(313KB) AllocSpace objects, 1(68KB) LOS objects, 34% free, 30MB/46MB, paused 4.801ms total 82.613ms
08-03 20:01:28.437 14871 17633 I NAPPA_EXPERIMENTATION: MetricNetworkRequestExecutionTime: REQUEST_DURATION_SYSTEM='355',REQUEST_DURATION_OKHTTP='353',REQUEST_SYNCHRONOUS='TRUE',RESPONSE_CODE='200',RESPONSE_METHOD='GET',RESPONSE_LENGTH_OKHTTP='6093',RESPONSE_LENGTH_HEADER='6093',REQUEST_PROTOCOL='h2',REQUEST_URL='https://b.thumbs.redditmedia.com/lQKqDneXS8E7ZBD9cUQy4OqOt8PuTneSvVFtnU0pwCE.jpg',
08-03 20:01:28.437 14871 17633 D OK      : request got status: 200
08-03 20:01:28.447 14871 15130 I art     : Starting a blocking GC Explicit
08-03 20:01:28.499 14871 17634 I NAPPA_EXPERIMENTATION: MetricNetworkRequestExecutionTime: REQUEST_DURATION_SYSTEM='417',REQUEST_DURATION_OKHTTP='414',REQUEST_SYNCHRONOUS='TRUE',RESPONSE_CODE='200',RESPONSE_METHOD='GET',RESPONSE_LENGTH_OKHTTP='7078',RESPONSE_LENGTH_HEADER='7078',REQUEST_PROTOCOL='h2',REQUEST_URL='https://b.thumbs.redditmedia.com/X3yyAViE0gxiHR-kf9Z5xmLa8dKsm8iWJyKdWNVtOhU.jpg',
08-03 20:01:28.499 14871 17634 D OK      : request got status: 200
08-03 20:01:28.517 14871 15130 I art     : Explicit concurrent mark sweep GC freed 5093(305KB) AllocSpace objects, 6(324KB) LOS objects, 34% free, 30MB/46MB, paused 3.640ms total 69.707ms
08-03 20:01:28.541 14871 15130 I art     : Starting a blocking GC Explicit
08-03 20:01:28.572 14871 17642 I NAPPA_EXPERIMENTATION: MetricNetworkRequestExecutionTime: REQUEST_DURATION_SYSTEM='450',REQUEST_DURATION_OKHTTP='449',REQUEST_SYNCHRONOUS='TRUE',RESPONSE_CODE='200',RESPONSE_METHOD='GET',RESPONSE_LENGTH_OKHTTP='5648',RESPONSE_LENGTH_HEADER='5648',REQUEST_PROTOCOL='h2',REQUEST_URL='https://a.thumbs.redditmedia.com/cEOtajy3CAQrjwSA3hhSqnPx8bfkRzglo7Lz1SBTmE0.jpg',
08-03 20:01:28.572 14871 17642 D OK      : request got status: 200
08-03 20:01:28.577 14871 17637 I NAPPA_EXPERIMENTATION: MetricNetworkRequestExecutionTime: REQUEST_DURATION_SYSTEM='487',REQUEST_DURATION_OKHTTP='483',REQUEST_SYNCHRONOUS='TRUE',RESPONSE_CODE='200',RESPONSE_METHOD='GET',RESPONSE_LENGTH_OKHTTP='5207',RESPONSE_LENGTH_HEADER='5207',REQUEST_PROTOCOL='h2',REQUEST_URL='https://b.thumbs.redditmedia.com/Bx9FZp8_w10DfFUf_mqVPMfu4Y0h2lo41Dh4tl2eNeQ.jpg',
08-03 20:01:28.577 14871 17637 D OK      : request got status: 200
08-03 20:01:28.595 14871 17644 I NAPPA_EXPERIMENTATION: MetricNetworkRequestExecutionTime: REQUEST_DURATION_SYSTEM='464',REQUEST_DURATION_OKHTTP='463',REQUEST_SYNCHRONOUS='TRUE',RESPONSE_CODE='200',RESPONSE_METHOD='GET',RESPONSE_LENGTH_OKHTTP='6163',RESPONSE_LENGTH_HEADER='6163',REQUEST_PROTOCOL='h2',REQUEST_URL='https://b.thumbs.redditmedia.com/chqK3f9u3D7UmfrGP85f4sOQFihMk6q7fFSeMyWs_7E.jpg',
08-03 20:01:28.596 14871 17644 D OK      : request got status: 200
08-03 20:01:28.607 14871 17643 I NAPPA_EXPERIMENTATION: MetricNetworkRequestExecutionTime: REQUEST_DURATION_SYSTEM='478',REQUEST_DURATION_OKHTTP='475',REQUEST_SYNCHRONOUS='TRUE',RESPONSE_CODE='200',RESPONSE_METHOD='GET',RESPONSE_LENGTH_OKHTTP='5229',RESPONSE_LENGTH_HEADER='5229',REQUEST_PROTOCOL='h2',REQUEST_URL='https://b.thumbs.redditmedia.com/RrJbRRjFZWmckrONtkPTloJh52FfqD_XkLMuYuuQvAg.jpg',
08-03 20:01:28.607 14871 17643 D OK      : request got status: 200
08-03 20:01:28.620 14871 17645 I NAPPA_EXPERIMENTATION: MetricNetworkRequestExecutionTime: REQUEST_DURATION_SYSTEM='485',REQUEST_DURATION_OKHTTP='484',REQUEST_SYNCHRONOUS='TRUE',RESPONSE_CODE='200',RESPONSE_METHOD='GET',RESPONSE_LENGTH_OKHTTP='8835',RESPONSE_LENGTH_HEADER='8835',REQUEST_PROTOCOL='h2',REQUEST_URL='https://b.thumbs.redditmedia.com/B18Vu5Jw71XCkFOFHimnUC42ya8apHsmcCW-HFmtb6w.jpg',
08-03 20:01:28.620 14871 17645 D OK      : request got status: 200
08-03 20:01:28.621 14871 17641 I NAPPA_EXPERIMENTATION: MetricNetworkRequestExecutionTime: REQUEST_DURATION_SYSTEM='500',REQUEST_DURATION_OKHTTP='496',REQUEST_SYNCHRONOUS='TRUE',RESPONSE_CODE='200',RESPONSE_METHOD='GET',RESPONSE_LENGTH_OKHTTP='4798',RESPONSE_LENGTH_HEADER='4798',REQUEST_PROTOCOL='h2',REQUEST_URL='https://a.thumbs.redditmedia.com/KpcC72KH04Be3BqxmFbv_Gz7LCy-24GU-70or3KCdJ4.jpg',
08-03 20:01:28.622 14871 15130 I art     : Explicit concurrent mark sweep GC freed 6793(409KB) AllocSpace objects, 11(732KB) LOS objects, 33% free, 31MB/47MB, paused 7.669ms total 79.872ms
08-03 20:01:28.622 14871 17641 D OK      : request got status: 200
08-03 20:01:28.653 14871 17646 I NAPPA_EXPERIMENTATION: MetricNetworkRequestExecutionTime: REQUEST_DURATION_SYSTEM='504',REQUEST_DURATION_OKHTTP='501',REQUEST_SYNCHRONOUS='TRUE',RESPONSE_CODE='200',RESPONSE_METHOD='GET',RESPONSE_LENGTH_OKHTTP='2861',RESPONSE_LENGTH_HEADER='2861',REQUEST_PROTOCOL='h2',REQUEST_URL='https://b.thumbs.redditmedia.com/iZuzjufMpYUYtQRLjRwce4RDb6JYsId95_iezR2Uc0w.jpg',
08-03 20:01:28.653 14871 17646 D OK      : request got status: 200
08-03 20:01:28.679 14871 17623 I NAPPA_EXPERIMENTATION: MetricNetworkRequestExecutionTime: REQUEST_DURATION_SYSTEM='720',REQUEST_DURATION_OKHTTP='510',REQUEST_SYNCHRONOUS='TRUE',RESPONSE_CODE='200',RESPONSE_METHOD='GET',RESPONSE_LENGTH_OKHTTP='6530',RESPONSE_LENGTH_HEADER='6530',REQUEST_PROTOCOL='h2',REQUEST_URL='https://a.thumbs.redditmedia.com/dFt2-stQJkfZ8O7r7ywG9GQsF08fZXxEJfQtAmiJ-F8.jpg',
08-03 20:01:28.679 14871 17623 D OK      : request got status: 200
08-03 20:01:28.701 14871 17648 I NAPPA_EXPERIMENTATION: MetricNetworkRequestExecutionTime: REQUEST_DURATION_SYSTEM='547',REQUEST_DURATION_OKHTTP='546',REQUEST_SYNCHRONOUS='TRUE',RESPONSE_CODE='200',RESPONSE_METHOD='GET',RESPONSE_LENGTH_OKHTTP='4067',RESPONSE_LENGTH_HEADER='4067',REQUEST_PROTOCOL='h2',REQUEST_URL='https://b.thumbs.redditmedia.com/XNb1kfskabGDLMqv661Q22hBtCb8w5oyePDcFaZi9aY.jpg',
08-03 20:01:28.701 14871 17648 D OK      : request got status: 200
08-03 20:01:28.702 14871 17649 I NAPPA_EXPERIMENTATION: MetricNetworkRequestExecutionTime: REQUEST_DURATION_SYSTEM='538',REQUEST_DURATION_OKHTTP='537',REQUEST_SYNCHRONOUS='TRUE',RESPONSE_CODE='200',RESPONSE_METHOD='GET',RESPONSE_LENGTH_OKHTTP='4249',RESPONSE_LENGTH_HEADER='4249',REQUEST_PROTOCOL='h2',REQUEST_URL='https://b.thumbs.redditmedia.com/lMqJbh1Z40ffemA0TnSfVnovznn4hvJNue60AsJ-ETs.jpg',
08-03 20:01:28.702 14871 17649 D OK      : request got status: 200
08-03 20:01:28.803 14871 17651 I NAPPA_EXPERIMENTATION: MetricNetworkRequestExecutionTime: REQUEST_DURATION_SYSTEM='629',REQUEST_DURATION_OKHTTP='628',REQUEST_SYNCHRONOUS='TRUE',RESPONSE_CODE='200',RESPONSE_METHOD='GET',RESPONSE_LENGTH_OKHTTP='6778',RESPONSE_LENGTH_HEADER='6778',REQUEST_PROTOCOL='h2',REQUEST_URL='https://b.thumbs.redditmedia.com/189nmwjW7eGWBD0J-cxzsUac1V1ZWGzMFC66inY4u4Y.jpg',
08-03 20:01:28.803 14871 17651 D OK      : request got status: 200
08-03 20:01:28.805 14871 17653 I NAPPA_EXPERIMENTATION: MetricNetworkRequestExecutionTime: REQUEST_DURATION_SYSTEM='625',REQUEST_DURATION_OKHTTP='624',REQUEST_SYNCHRONOUS='TRUE',RESPONSE_CODE='200',RESPONSE_METHOD='GET',RESPONSE_LENGTH_OKHTTP='6221',RESPONSE_LENGTH_HEADER='6221',REQUEST_PROTOCOL='h2',REQUEST_URL='https://b.thumbs.redditmedia.com/d_-UsfmKASoIHi4vZyyjvvwFtm1S7-DEi9AQPOnGIgY.jpg',
08-03 20:01:28.805 14871 17653 D OK      : request got status: 200
08-03 20:01:28.810 14871 17650 I NAPPA_EXPERIMENTATION: MetricNetworkRequestExecutionTime: REQUEST_DURATION_SYSTEM='637',REQUEST_DURATION_OKHTTP='634',REQUEST_SYNCHRONOUS='TRUE',RESPONSE_CODE='200',RESPONSE_METHOD='GET',RESPONSE_LENGTH_OKHTTP='6843',RESPONSE_LENGTH_HEADER='6843',REQUEST_PROTOCOL='h2',REQUEST_URL='https://b.thumbs.redditmedia.com/x5l4cICw0WNNvslt5FqVjwj89XrGjrXnNbaSyQRAyCo.jpg',
08-03 20:01:28.810 14871 17650 D OK      : request got status: 200
08-03 20:01:28.818 14871 17624 I NAPPA_EXPERIMENTATION: MetricNetworkRequestExecutionTime: REQUEST_DURATION_SYSTEM='851',REQUEST_DURATION_OKHTTP='561',REQUEST_SYNCHRONOUS='TRUE',RESPONSE_CODE='200',RESPONSE_METHOD='GET',RESPONSE_LENGTH_OKHTTP='5113',RESPONSE_LENGTH_HEADER='5113',REQUEST_PROTOCOL='h2',REQUEST_URL='https://b.thumbs.redditmedia.com/1cAaKl6LkrikiRbLsBzzOvufKqRKuPi3wgjUkX8axkI.jpg',
08-03 20:01:28.818 14871 17624 D OK      : request got status: 200
08-03 20:01:28.843 14871 17687 D OK      : calling: https://oauth.reddit.com/r/aww/hot/.json?after=t3_hz5odc
08-03 20:01:28.881 14871 17627 I NAPPA_EXPERIMENTATION: MetricNetworkRequestExecutionTime: REQUEST_DURATION_SYSTEM='896',REQUEST_DURATION_OKHTTP='460',REQUEST_SYNCHRONOUS='TRUE',RESPONSE_CODE='200',RESPONSE_METHOD='GET',RESPONSE_LENGTH_OKHTTP='5439',RESPONSE_LENGTH_HEADER='5439',REQUEST_PROTOCOL='h2',REQUEST_URL='https://b.thumbs.redditmedia.com/tTmEfIrujbsvZXbhNSQS6Pc7o7ShCaGqZHbYf7nWdfg.jpg',
08-03 20:01:28.881 14871 17627 D OK      : request got status: 200
08-03 20:01:28.944 14871 17625 I NAPPA_EXPERIMENTATION: MetricNetworkRequestExecutionTime: REQUEST_DURATION_SYSTEM='957',REQUEST_DURATION_OKHTTP='537',REQUEST_SYNCHRONOUS='TRUE',RESPONSE_CODE='200',RESPONSE_METHOD='GET',RESPONSE_LENGTH_OKHTTP='6242',RESPONSE_LENGTH_HEADER='6242',REQUEST_PROTOCOL='h2',REQUEST_URL='https://b.thumbs.redditmedia.com/NUqJWcobH7ToYhCM0w6nnAFZ46ymm9vPD25BC3s7Wco.jpg',
08-03 20:01:28.944 14871 17625 D OK      : request got status: 200
08-03 20:01:28.946 14871 17629 I NAPPA_EXPERIMENTATION: MetricNetworkRequestExecutionTime: REQUEST_DURATION_SYSTEM='931',REQUEST_DURATION_OKHTTP='467',REQUEST_SYNCHRONOUS='TRUE',RESPONSE_CODE='200',RESPONSE_METHOD='GET',RESPONSE_LENGTH_OKHTTP='6634',RESPONSE_LENGTH_HEADER='6634',REQUEST_PROTOCOL='h2',REQUEST_URL='https://b.thumbs.redditmedia.com/JTSWFy2_tijPk6cA5noKDydEAMkMJcDmKQTSX178zwc.jpg',
08-03 20:01:28.947 14871 17629 D OK      : request got status: 200
08-03 20:01:28.969 14871 17626 I NAPPA_EXPERIMENTATION: MetricNetworkRequestExecutionTime: REQUEST_DURATION_SYSTEM='988',REQUEST_DURATION_OKHTTP='484',REQUEST_SYNCHRONOUS='TRUE',RESPONSE_CODE='200',RESPONSE_METHOD='GET',RESPONSE_LENGTH_OKHTTP='6131',RESPONSE_LENGTH_HEADER='6131',REQUEST_PROTOCOL='h2',REQUEST_URL='https://b.thumbs.redditmedia.com/bUY4al781EZ3q7hUlnLebemHCXE3e63_SSxl2uo4Q4A.jpg',
08-03 20:01:28.969 14871 17626 D OK      : request got status: 200
08-03 20:01:28.988 14871 16853 I art     : Starting a blocking GC Explicit
08-03 20:01:29.038 14871 17628 I NAPPA_EXPERIMENTATION: MetricNetworkRequestExecutionTime: REQUEST_DURATION_SYSTEM='1020',REQUEST_DURATION_OKHTTP='469',REQUEST_SYNCHRONOUS='TRUE',RESPONSE_CODE='200',RESPONSE_METHOD='GET',RESPONSE_LENGTH_OKHTTP='6434',RESPONSE_LENGTH_HEADER='6434',REQUEST_PROTOCOL='h2',REQUEST_URL='https://b.thumbs.redditmedia.com/_H8tFMmL5-3GrxYkCtMSHiyNfjbX8pxctOw_vrzyw7o.jpg',
08-03 20:01:29.039 14871 17628 D OK      : request got status: 200
08-03 20:01:29.062 14871 16853 I art     : Explicit concurrent mark sweep GC freed 11100(1214KB) AllocSpace objects, 80(4MB) LOS objects, 31% free, 34MB/50MB, paused 2.490ms total 73.267ms
08-03 20:01:29.084 14871 17630 I NAPPA_EXPERIMENTATION: MetricNetworkRequestExecutionTime: REQUEST_DURATION_SYSTEM='1050',REQUEST_DURATION_OKHTTP='492',REQUEST_SYNCHRONOUS='TRUE',RESPONSE_CODE='200',RESPONSE_METHOD='GET',RESPONSE_LENGTH_OKHTTP='7265',RESPONSE_LENGTH_HEADER='7265',REQUEST_PROTOCOL='h2',REQUEST_URL='https://b.thumbs.redditmedia.com/N6fiqTp8nJD2l7sUz4nij7j1yHYMTKaflUIrn8E2bAU.jpg',
08-03 20:01:29.084 14871 17630 D OK      : request got status: 200
08-03 20:01:29.086 14871 16853 I art     : Starting a blocking GC Explicit
08-03 20:01:29.106 14871 17631 I NAPPA_EXPERIMENTATION: MetricNetworkRequestExecutionTime: REQUEST_DURATION_SYSTEM='1057',REQUEST_DURATION_OKHTTP='457',REQUEST_SYNCHRONOUS='TRUE',RESPONSE_CODE='200',RESPONSE_METHOD='GET',RESPONSE_LENGTH_OKHTTP='8699',RESPONSE_LENGTH_HEADER='8699',REQUEST_PROTOCOL='h2',REQUEST_URL='https://b.thumbs.redditmedia.com/HkEQtny0bE4H3dMCd_woPsLAXBoPwp_DZ4ioFNIQLKk.jpg',
08-03 20:01:29.106 14871 17631 D OK      : request got status: 200
08-03 20:01:29.114 14871 17632 I NAPPA_EXPERIMENTATION: MetricNetworkRequestExecutionTime: REQUEST_DURATION_SYSTEM='1051',REQUEST_DURATION_OKHTTP='401',REQUEST_SYNCHRONOUS='TRUE',RESPONSE_CODE='200',RESPONSE_METHOD='GET',RESPONSE_LENGTH_OKHTTP='4018',RESPONSE_LENGTH_HEADER='4018',REQUEST_PROTOCOL='h2',REQUEST_URL='https://b.thumbs.redditmedia.com/lVNra-iScxkYcYtSstJ-7J7pRAUDRXIwwJhsen1ZK9g.jpg',
08-03 20:01:29.114 14871 17632 D OK      : request got status: 200
08-03 20:01:29.152 14871 16853 I art     : Explicit concurrent mark sweep GC freed 4074(230KB) AllocSpace objects, 14(820KB) LOS objects, 31% free, 34MB/50MB, paused 4.692ms total 65.327ms
08-03 20:01:29.175 14871 16853 I art     : Starting a blocking GC Explicit
08-03 20:01:29.253 14871 16853 I art     : Explicit concurrent mark sweep GC freed 20686(888KB) AllocSpace objects, 8(376KB) LOS objects, 31% free, 35MB/51MB, paused 2.263ms total 76.158ms
08-03 20:01:29.279 14871 16853 I art     : Starting a blocking GC Explicit
08-03 20:01:29.340 14871 16853 I art     : Explicit concurrent mark sweep GC freed 6002(500KB) AllocSpace objects, 14(964KB) LOS objects, 31% free, 35MB/51MB, paused 1.903ms total 60.347ms
08-03 20:01:29.362 14871 17661 I NAPPA_EXPERIMENTATION: MetricNetworkRequestExecutionTime: REQUEST_DURATION_SYSTEM='1139',REQUEST_DURATION_OKHTTP='208',REQUEST_SYNCHRONOUS='TRUE',RESPONSE_CODE='200',RESPONSE_METHOD='GET',RESPONSE_LENGTH_OKHTTP='3058',RESPONSE_LENGTH_HEADER='3058',REQUEST_PROTOCOL='h2',REQUEST_URL='https://v.redd.it/1ewzkieg0jd51/DASHPlaylist.mpd',
08-03 20:01:29.362 14871 17661 D OK      : request got status: 200
08-03 20:01:29.365 14871 16853 I art     : Starting a blocking GC Explicit
08-03 20:01:29.401 14871 17662 I NAPPA_EXPERIMENTATION: MetricNetworkRequestExecutionTime: REQUEST_DURATION_SYSTEM='1176',REQUEST_DURATION_OKHTTP='226',REQUEST_SYNCHRONOUS='TRUE',RESPONSE_CODE='200',RESPONSE_METHOD='GET',RESPONSE_LENGTH_OKHTTP='2787',RESPONSE_LENGTH_HEADER='2787',REQUEST_PROTOCOL='h2',REQUEST_URL='https://v.redd.it/ppmhu2r9thd51/DASHPlaylist.mpd',
08-03 20:01:29.401 14871 17662 D OK      : request got status: 200
08-03 20:01:29.433 14871 16853 I art     : Explicit concurrent mark sweep GC freed 1526(89KB) AllocSpace objects, 5(304KB) LOS objects, 31% free, 35MB/51MB, paused 2.110ms total 68.284ms
08-03 20:01:29.437 14871 17661 I RedditVideosAPI: For 'https://v.redd.it/1ewzkieg0jd51/DASHPlaylist.mpd', got video stream 'https://v.redd.it/1ewzkieg0jd51/DASH_480' and audio stream 'https://v.redd.it/1ewzkieg0jd51/audio'
08-03 20:01:29.477 14871 17657 I NAPPA_EXPERIMENTATION: MetricNetworkRequestExecutionTime: REQUEST_DURATION_SYSTEM='1271',REQUEST_DURATION_OKHTTP='232',REQUEST_SYNCHRONOUS='TRUE',RESPONSE_CODE='200',RESPONSE_METHOD='GET',RESPONSE_LENGTH_OKHTTP='-1',RESPONSE_LENGTH_HEADER='955',REQUEST_PROTOCOL='http/1.1',REQUEST_URL='https://api.gfycat.com/v1/gfycats/altruisticthankfulankolewatusi',
08-03 20:01:29.478 14871 17657 D OK      : request got status: 200
08-03 20:01:29.478 14871 17662 I RedditVideosAPI: For 'https://v.redd.it/ppmhu2r9thd51/DASHPlaylist.mpd', got video stream 'https://v.redd.it/ppmhu2r9thd51/DASH_480' and audio stream 'null'
08-03 20:01:29.489 14871 17654 I NAPPA_EXPERIMENTATION: MetricNetworkRequestExecutionTime: REQUEST_DURATION_SYSTEM='1304',REQUEST_DURATION_OKHTTP='192',REQUEST_SYNCHRONOUS='TRUE',RESPONSE_CODE='200',RESPONSE_METHOD='GET',RESPONSE_LENGTH_OKHTTP='-1',RESPONSE_LENGTH_HEADER='812',REQUEST_PROTOCOL='http/1.1',REQUEST_URL='https://api.gfycat.com/v1/gfycats/deadlygravecavy',
08-03 20:01:29.489 14871 17654 D OK      : request got status: 200
08-03 20:01:29.510 14871 17665 I NAPPA_EXPERIMENTATION: MetricNetworkRequestExecutionTime: REQUEST_DURATION_SYSTEM='1259',REQUEST_DURATION_OKHTTP='312',REQUEST_SYNCHRONOUS='TRUE',RESPONSE_CODE='200',RESPONSE_METHOD='GET',RESPONSE_LENGTH_OKHTTP='2071',RESPONSE_LENGTH_HEADER='2071',REQUEST_PROTOCOL='h2',REQUEST_URL='https://v.redd.it/ty24o02m1hd51/DASHPlaylist.mpd',
08-03 20:01:29.511 14871 17665 D OK      : request got status: 200
08-03 20:01:29.522 14871 17666 I NAPPA_EXPERIMENTATION: MetricNetworkRequestExecutionTime: REQUEST_DURATION_SYSTEM='1268',REQUEST_DURATION_OKHTTP='318',REQUEST_SYNCHRONOUS='TRUE',RESPONSE_CODE='200',RESPONSE_METHOD='GET',RESPONSE_LENGTH_OKHTTP='2342',RESPONSE_LENGTH_HEADER='2342',REQUEST_PROTOCOL='h2',REQUEST_URL='https://v.redd.it/ar5k8892pid51/DASHPlaylist.mpd',
08-03 20:01:29.522 14871 17666 D OK      : request got status: 200
08-03 20:01:29.528 14871 17658 I NAPPA_EXPERIMENTATION: MetricNetworkRequestExecutionTime: REQUEST_DURATION_SYSTEM='1319',REQUEST_DURATION_OKHTTP='338',REQUEST_SYNCHRONOUS='TRUE',RESPONSE_CODE='200',RESPONSE_METHOD='GET',RESPONSE_LENGTH_OKHTTP='1713',RESPONSE_LENGTH_HEADER='1713',REQUEST_PROTOCOL='h2',REQUEST_URL='https://v.redd.it/ak6rer1hskd51/DASHPlaylist.mpd',
08-03 20:01:29.528 14871 17658 D OK      : request got status: 200
08-03 20:01:29.555 14871 17655 I NAPPA_EXPERIMENTATION: MetricNetworkRequestExecutionTime: REQUEST_DURATION_SYSTEM='1363',REQUEST_DURATION_OKHTTP='305',REQUEST_SYNCHRONOUS='TRUE',RESPONSE_CODE='200',RESPONSE_METHOD='GET',RESPONSE_LENGTH_OKHTTP='-1',RESPONSE_LENGTH_HEADER='379',REQUEST_PROTOCOL='h2',REQUEST_URL='https://api.imgur.com/3/image/NSO7Npm',
08-03 20:01:29.555 14871 17655 D OK      : request got status: 200
08-03 20:01:29.560 14871 17659 I NAPPA_EXPERIMENTATION: MetricNetworkRequestExecutionTime: REQUEST_DURATION_SYSTEM='1345',REQUEST_DURATION_OKHTTP='260',REQUEST_SYNCHRONOUS='TRUE',RESPONSE_CODE='200',RESPONSE_METHOD='GET',RESPONSE_LENGTH_OKHTTP='-1',RESPONSE_LENGTH_HEADER='1021',REQUEST_PROTOCOL='http/1.1',REQUEST_URL='https://api.gfycat.com/v1/gfycats/foolhardysparklinglarva',
08-03 20:01:29.560 14871 17659 D OK      : request got status: 200
08-03 20:01:29.570 14871 17665 I RedditVideosAPI: For 'https://v.redd.it/ty24o02m1hd51/DASHPlaylist.mpd', got video stream 'https://v.redd.it/ty24o02m1hd51/DASH_480' and audio stream 'null'
08-03 20:01:29.586 14871 17664 I NAPPA_EXPERIMENTATION: MetricNetworkRequestExecutionTime: REQUEST_DURATION_SYSTEM='1355',REQUEST_DURATION_OKHTTP='357',REQUEST_SYNCHRONOUS='TRUE',RESPONSE_CODE='200',RESPONSE_METHOD='GET',RESPONSE_LENGTH_OKHTTP='3060',RESPONSE_LENGTH_HEADER='3060',REQUEST_PROTOCOL='h2',REQUEST_URL='https://v.redd.it/b8vazlcb7ld51/DASHPlaylist.mpd',
08-03 20:01:29.587 14871 17664 D OK      : request got status: 200
08-03 20:01:29.617 14871 17687 I NAPPA_EXPERIMENTATION: MetricNetworkRequestExecutionTime: REQUEST_DURATION_SYSTEM='772',REQUEST_DURATION_OKHTTP='340',REQUEST_SYNCHRONOUS='TRUE',RESPONSE_CODE='200',RESPONSE_METHOD='GET',RESPONSE_LENGTH_OKHTTP='-1',RESPONSE_LENGTH_HEADER='30610',REQUEST_PROTOCOL='h2',REQUEST_URL='https://oauth.reddit.com/r/aww/hot/.json?after=t3_hz5odc',
08-03 20:01:29.617 14871 17687 D OK      : request got status: 200
08-03 20:01:29.618 14871 17666 I RedditVideosAPI: For 'https://v.redd.it/ar5k8892pid51/DASHPlaylist.mpd', got video stream 'https://v.redd.it/ar5k8892pid51/DASH_360' and audio stream 'https://v.redd.it/ar5k8892pid51/audio'
08-03 20:01:29.623 14871 17663 I NAPPA_EXPERIMENTATION: MetricNetworkRequestExecutionTime: REQUEST_DURATION_SYSTEM='1392',REQUEST_DURATION_OKHTTP='392',REQUEST_SYNCHRONOUS='TRUE',RESPONSE_CODE='200',RESPONSE_METHOD='GET',RESPONSE_LENGTH_OKHTTP='2698',RESPONSE_LENGTH_HEADER='2698',REQUEST_PROTOCOL='h2',REQUEST_URL='https://v.redd.it/s9qqadf3mid51/DASHPlaylist.mpd',
08-03 20:01:29.624 14871 17663 D OK      : request got status: 200
08-03 20:01:29.625 14871 15500 I PostListingFragment: Precaching images: OFF
08-03 20:01:29.626 14871 15500 I PostListingFragment: Precaching comments: OFF
08-03 20:01:29.631 14871 17656 I NAPPA_EXPERIMENTATION: MetricNetworkRequestExecutionTime: REQUEST_DURATION_SYSTEM='1426',REQUEST_DURATION_OKHTTP='385',REQUEST_SYNCHRONOUS='TRUE',RESPONSE_CODE='200',RESPONSE_METHOD='GET',RESPONSE_LENGTH_OKHTTP='2700',RESPONSE_LENGTH_HEADER='2700',REQUEST_PROTOCOL='h2',REQUEST_URL='https://v.redd.it/fkewv2f65kd51/DASHPlaylist.mpd',
08-03 20:01:29.631 14871 17656 D OK      : request got status: 200
08-03 20:01:29.673 14871 17660 I NAPPA_EXPERIMENTATION: MetricNetworkRequestExecutionTime: REQUEST_DURATION_SYSTEM='1460',REQUEST_DURATION_OKHTTP='401',REQUEST_SYNCHRONOUS='TRUE',RESPONSE_CODE='200',RESPONSE_METHOD='GET',RESPONSE_LENGTH_OKHTTP='2429',RESPONSE_LENGTH_HEADER='2429',REQUEST_PROTOCOL='h2',REQUEST_URL='https://v.redd.it/h49fg58ygjd51/DASHPlaylist.mpd',
08-03 20:01:29.674 14871 17660 D OK      : request got status: 200
08-03 20:01:29.675 14871 17658 I RedditVideosAPI: For 'https://v.redd.it/ak6rer1hskd51/DASHPlaylist.mpd', got video stream 'https://v.redd.it/ak6rer1hskd51/DASH_360' and audio stream 'null'
08-03 20:01:29.701 14871 15500 I getImgurImageInfo: Image nLQR2hT: trying API v3 with auth
08-03 20:01:29.724 14871 17664 I RedditVideosAPI: For 'https://v.redd.it/b8vazlcb7ld51/DASHPlaylist.mpd', got video stream 'https://v.redd.it/b8vazlcb7ld51/DASH_480' and audio stream 'https://v.redd.it/b8vazlcb7ld51/audio'
08-03 20:01:29.747 14871 17712 D OK      : calling: https://b.thumbs.redditmedia.com/WehZGjN94ALGdO0M7RjPJ2EwcyyWVZ_NUn1Fuf7IYWY.jpg
08-03 20:01:29.798 14871 17656 I RedditVideosAPI: For 'https://v.redd.it/fkewv2f65kd51/DASHPlaylist.mpd', got video stream 'https://v.redd.it/fkewv2f65kd51/DASH_480' and audio stream 'https://v.redd.it/fkewv2f65kd51/audio'
08-03 20:01:29.801 14871 17713 D OK      : calling: https://b.thumbs.redditmedia.com/Xdo4lcQOwuUNK1yxSlXZ0OI8u23ORAr16_AzfAZ1nvU.jpg
08-03 20:01:29.805 14871 14905 I art     : Starting a blocking GC Explicit
08-03 20:01:29.808 14871 17660 I RedditVideosAPI: For 'https://v.redd.it/h49fg58ygjd51/DASHPlaylist.mpd', got video stream 'https://v.redd.it/h49fg58ygjd51/DASH_480' and audio stream 'null'
08-03 20:01:29.816 14871 17663 I RedditVideosAPI: For 'https://v.redd.it/s9qqadf3mid51/DASHPlaylist.mpd', got video stream 'https://v.redd.it/s9qqadf3mid51/DASH_480' and audio stream 'https://v.redd.it/s9qqadf3mid51/audio'
08-03 20:01:29.826 14871 17715 D OK      : calling: https://b.thumbs.redditmedia.com/2KMYZ5hTlKXSvNO4hDUPyMba8Yz6skyu1SjUhLq1d9s.jpg
08-03 20:01:29.839 14871 17716 D OK      : calling: https://a.thumbs.redditmedia.com/EFVm-ZqqhARyEaKgtwU74c7tfzEDJvI0uiHXGglFag4.jpg
08-03 20:01:29.842 14871 17717 D OK      : calling: https://b.thumbs.redditmedia.com/qi4bNDKzoPvaSaSx99K2bAjwaRHh1nuOrcbySp1JHdk.jpg
08-03 20:01:29.849 14871 17718 D OK      : calling: https://b.thumbs.redditmedia.com/Ja8yiRMklM2lXd8q60LtBI6CqdmJ5YbWHRiBVFmICJA.jpg
08-03 20:01:29.852 14871 17720 D OK      : calling: https://b.thumbs.redditmedia.com/o5lSsJ_tCgCQxcdjMGaYxuveNluXB1PQT4PokXDhpvc.jpg
08-03 20:01:29.856 14871 17722 D OK      : calling: https://b.thumbs.redditmedia.com/SiCWTmKkQcbiAa7naxAHnw0adTeRkq1dB8QSqzGU7-Q.jpg
08-03 20:01:29.859 14871 17723 D OK      : calling: https://b.thumbs.redditmedia.com/C9qrVibnNxmzfLDKvEHp2v2Bo-Kqme7PoKC52s2o52M.jpg
08-03 20:01:29.862 14871 17724 D OK      : calling: https://a.thumbs.redditmedia.com/Tfsm0ol-ltlxNSBAkZ_4G4302d0hYeOSODkvXidBBR8.jpg
08-03 20:01:29.864 14871 17725 D OK      : calling: https://a.thumbs.redditmedia.com/Kzag-wH9wKRRg2MnPwgoFgXT_2jN_nkJ1lY1aNRQyT4.jpg
08-03 20:01:29.872 14871 17726 D OK      : calling: https://a.thumbs.redditmedia.com/P4gSGpXpi2wDXthNZ-LiwEs5Jvplm6dQ7W7Isqa7un4.jpg
08-03 20:01:29.878 14871 17727 D OK      : calling: https://b.thumbs.redditmedia.com/XkIhgqugP-9Zcb5I9A8o0r-zQJDh_6kastc0oWiiHkI.jpg
08-03 20:01:29.881 14871 17728 D OK      : calling: https://b.thumbs.redditmedia.com/3QPAtixkID9ojpqCAgfspJpruqoq45fM1G-Fx1K2F2A.jpg
08-03 20:01:29.884 14871 17729 D OK      : calling: https://b.thumbs.redditmedia.com/orK4W8Xc99pTzIT6q1waTsppldq24p1qMsHtkNnmu9w.jpg
08-03 20:01:29.885 14871 14905 I art     : Explicit concurrent mark sweep GC freed 30775(2MB) AllocSpace objects, 34(2MB) LOS objects, 30% free, 36MB/52MB, paused 2.363ms total 79.700ms
08-03 20:01:29.889 14871 17730 D OK      : calling: https://b.thumbs.redditmedia.com/B1vXKY_-gTPbs625-RJ1MLIXxzCqfmnCB_0xnGjCECQ.jpg
08-03 20:01:29.894 14871 17731 D OK      : calling: https://a.thumbs.redditmedia.com/ffAKmOqnTuDMNR9MRfCdRtkq_CzN3MVhZxS64ZPYRh4.jpg
08-03 20:01:29.898 14871 17733 D OK      : calling: https://b.thumbs.redditmedia.com/vuAhA4gGAmYfrTFA4woxZcKgmiDzJ3nAsql2pxcYGFs.jpg
08-03 20:01:29.900 14871 17732 D OK      : calling: https://b.thumbs.redditmedia.com/OF1KI_LdSDMMWCy-WgJyRhIcM5fr7kDyu_OnpfRXHfI.jpg
08-03 20:01:29.907 14871 17734 D OK      : calling: https://b.thumbs.redditmedia.com/PtV7mFsO2n0j4YJweZjEqyVJ45hap4hXix9dwj6D0Wg.jpg
08-03 20:01:29.907 14871 17735 D OK      : calling: https://b.thumbs.redditmedia.com/wxTBcOhAgsmbc-TRaGNHpYJYnEOBr2LNsaZ6pCM91Lc.jpg
08-03 20:01:29.910 14871 17736 D OK      : calling: https://b.thumbs.redditmedia.com/Wo7bFIVNZYYuNioRYwZFYxrl6QMk0lT-3W01wrXgHmE.jpg
08-03 20:01:29.911 14871 14905 I art     : Starting a blocking GC Explicit
08-03 20:01:29.913 14871 17737 D OK      : calling: https://b.thumbs.redditmedia.com/NoqMycYTzsyhI0Lq351riEI1mO9p8PvY1QwcZ9Irb9g.jpg
08-03 20:01:29.919 14871 17738 D OK      : calling: https://b.thumbs.redditmedia.com/KrRufqpifph7KM2Le5RdqEYQb24zbB4fizBJpFaH1Pc.jpg
08-03 20:01:29.921 14871 17739 D OK      : calling: https://b.thumbs.redditmedia.com/u2qz17QE3X5G7kkJrgK3HPCdxNQxNkhaWqfIhCuRMvE.jpg
08-03 20:01:29.923 14871 17740 D OK      : calling: https://v.redd.it/syww111dtjd51/DASHPlaylist.mpd
08-03 20:01:29.926 14871 17741 D OK      : calling: https://v.redd.it/pbqrrfb3tkd51/DASHPlaylist.mpd
08-03 20:01:29.929 14871 17742 D OK      : calling: https://v.redd.it/rrygsb8i4ld51/DASHPlaylist.mpd
08-03 20:01:29.931 14871 17743 D OK      : calling: https://v.redd.it/5x6zzipz8ld51/DASHPlaylist.mpd
08-03 20:01:29.933 14871 17744 D OK      : calling: https://v.redd.it/75en73fm5id51/DASHPlaylist.mpd
08-03 20:01:29.936 14871 17745 D OK      : calling: https://api.imgur.com/3/image/nLQR2hT
08-03 20:01:29.938 14871 17746 D OK      : calling: https://v.redd.it/ggz4fyth6hd51/DASHPlaylist.mpd
08-03 20:01:29.941 14871 17747 D OK      : calling: https://v.redd.it/psrknoobrgd51/DASHPlaylist.mpd
08-03 20:01:29.942 14871 17748 D OK      : calling: https://v.redd.it/jk6cwef4wld51/DASHPlaylist.mpd
08-03 20:01:29.946 14871 17749 D OK      : calling: https://v.redd.it/t81s8zfz9ld51/DASHPlaylist.mpd
08-03 20:01:29.949 14871 17750 D OK      : calling: https://v.redd.it/xd6c4yyutgd51/DASHPlaylist.mpd
08-03 20:01:29.950 14871 17751 D OK      : calling: https://v.redd.it/ue0jdgk9zhd51/DASHPlaylist.mpd
08-03 20:01:29.991 14871 14905 I art     : Explicit concurrent mark sweep GC freed 24766(1212KB) AllocSpace objects, 3(204KB) LOS objects, 31% free, 35MB/51MB, paused 3.707ms total 79.442ms
08-03 20:01:30.016 14871 14905 I art     : Starting a blocking GC Explicit
08-03 20:01:30.093 14871 14905 I art     : Explicit concurrent mark sweep GC freed 861(36KB) AllocSpace objects, 0(0B) LOS objects, 31% free, 35MB/51MB, paused 3.841ms total 76.224ms
08-03 20:01:30.110 14871 17712 I NAPPA_EXPERIMENTATION: MetricNetworkRequestExecutionTime: REQUEST_DURATION_SYSTEM='362',REQUEST_DURATION_OKHTTP='262',REQUEST_SYNCHRONOUS='TRUE',RESPONSE_CODE='200',RESPONSE_METHOD='GET',RESPONSE_LENGTH_OKHTTP='5435',RESPONSE_LENGTH_HEADER='5435',REQUEST_PROTOCOL='h2',REQUEST_URL='https://b.thumbs.redditmedia.com/WehZGjN94ALGdO0M7RjPJ2EwcyyWVZ_NUn1Fuf7IYWY.jpg',
08-03 20:01:30.110 14871 17712 D OK      : request got status: 200
08-03 20:01:30.122 14871 14905 I art     : Starting a blocking GC Explicit
08-03 20:01:30.202 14871 14905 I art     : Explicit concurrent mark sweep GC freed 364(27KB) AllocSpace objects, 1(68KB) LOS objects, 31% free, 35MB/51MB, paused 4.225ms total 79.229ms
08-03 20:01:30.210 14871 17720 I NAPPA_EXPERIMENTATION: MetricNetworkRequestExecutionTime: REQUEST_DURATION_SYSTEM='358',REQUEST_DURATION_OKHTTP='355',REQUEST_SYNCHRONOUS='TRUE',RESPONSE_CODE='200',RESPONSE_METHOD='GET',RESPONSE_LENGTH_OKHTTP='4921',RESPONSE_LENGTH_HEADER='4921',REQUEST_PROTOCOL='h2',REQUEST_URL='https://b.thumbs.redditmedia.com/o5lSsJ_tCgCQxcdjMGaYxuveNluXB1PQT4PokXDhpvc.jpg',
08-03 20:01:30.210 14871 17720 D OK      : request got status: 200
08-03 20:01:30.216 14871 17718 I NAPPA_EXPERIMENTATION: MetricNetworkRequestExecutionTime: REQUEST_DURATION_SYSTEM='367',REQUEST_DURATION_OKHTTP='365',REQUEST_SYNCHRONOUS='TRUE',RESPONSE_CODE='200',RESPONSE_METHOD='GET',RESPONSE_LENGTH_OKHTTP='5414',RESPONSE_LENGTH_HEADER='5414',REQUEST_PROTOCOL='h2',REQUEST_URL='https://b.thumbs.redditmedia.com/Ja8yiRMklM2lXd8q60LtBI6CqdmJ5YbWHRiBVFmICJA.jpg',
08-03 20:01:30.216 14871 17718 D OK      : request got status: 200
08-03 20:01:30.229 14871 14905 I art     : Starting a blocking GC Explicit
08-03 20:01:30.236 14871 17722 I NAPPA_EXPERIMENTATION: MetricNetworkRequestExecutionTime: REQUEST_DURATION_SYSTEM='379',REQUEST_DURATION_OKHTTP='378',REQUEST_SYNCHRONOUS='TRUE',RESPONSE_CODE='200',RESPONSE_METHOD='GET',RESPONSE_LENGTH_OKHTTP='5968',RESPONSE_LENGTH_HEADER='5968',REQUEST_PROTOCOL='h2',REQUEST_URL='https://b.thumbs.redditmedia.com/SiCWTmKkQcbiAa7naxAHnw0adTeRkq1dB8QSqzGU7-Q.jpg',
08-03 20:01:30.236 14871 17722 D OK      : request got status: 200
08-03 20:01:30.292 14871 17723 I NAPPA_EXPERIMENTATION: MetricNetworkRequestExecutionTime: REQUEST_DURATION_SYSTEM='432',REQUEST_DURATION_OKHTTP='431',REQUEST_SYNCHRONOUS='TRUE',RESPONSE_CODE='200',RESPONSE_METHOD='GET',RESPONSE_LENGTH_OKHTTP='5378',RESPONSE_LENGTH_HEADER='5378',REQUEST_PROTOCOL='h2',REQUEST_URL='https://b.thumbs.redditmedia.com/C9qrVibnNxmzfLDKvEHp2v2Bo-Kqme7PoKC52s2o52M.jpg',
08-03 20:01:30.292 14871 17723 D OK      : request got status: 200
08-03 20:01:30.302 14871 14905 I art     : Explicit concurrent mark sweep GC freed 3144(219KB) AllocSpace objects, 12(956KB) LOS objects, 30% free, 35MB/51MB, paused 3.742ms total 72.547ms
08-03 20:01:30.330 14871 17728 I NAPPA_EXPERIMENTATION: MetricNetworkRequestExecutionTime: REQUEST_DURATION_SYSTEM='449',REQUEST_DURATION_OKHTTP='448',REQUEST_SYNCHRONOUS='TRUE',RESPONSE_CODE='200',RESPONSE_METHOD='GET',RESPONSE_LENGTH_OKHTTP='3183',RESPONSE_LENGTH_HEADER='3183',REQUEST_PROTOCOL='h2',REQUEST_URL='https://b.thumbs.redditmedia.com/3QPAtixkID9ojpqCAgfspJpruqoq45fM1G-Fx1K2F2A.jpg',
08-03 20:01:30.330 14871 17728 D OK      : request got status: 200
08-03 20:01:30.331 14871 17730 I NAPPA_EXPERIMENTATION: MetricNetworkRequestExecutionTime: REQUEST_DURATION_SYSTEM='442',REQUEST_DURATION_OKHTTP='441',REQUEST_SYNCHRONOUS='TRUE',RESPONSE_CODE='200',RESPONSE_METHOD='GET',RESPONSE_LENGTH_OKHTTP='3864',RESPONSE_LENGTH_HEADER='3864',REQUEST_PROTOCOL='h2',REQUEST_URL='https://b.thumbs.redditmedia.com/B1vXKY_-gTPbs625-RJ1MLIXxzCqfmnCB_0xnGjCECQ.jpg',
08-03 20:01:30.331 14871 17730 D OK      : request got status: 200
08-03 20:01:30.375 14871 17727 I NAPPA_EXPERIMENTATION: MetricNetworkRequestExecutionTime: REQUEST_DURATION_SYSTEM='497',REQUEST_DURATION_OKHTTP='496',REQUEST_SYNCHRONOUS='TRUE',RESPONSE_CODE='200',RESPONSE_METHOD='GET',RESPONSE_LENGTH_OKHTTP='4080',RESPONSE_LENGTH_HEADER='4080',REQUEST_PROTOCOL='h2',REQUEST_URL='https://b.thumbs.redditmedia.com/XkIhgqugP-9Zcb5I9A8o0r-zQJDh_6kastc0oWiiHkI.jpg',
08-03 20:01:30.375 14871 17727 D OK      : request got status: 200
08-03 20:01:30.438 14871 17729 I NAPPA_EXPERIMENTATION: MetricNetworkRequestExecutionTime: REQUEST_DURATION_SYSTEM='553',REQUEST_DURATION_OKHTTP='553',REQUEST_SYNCHRONOUS='TRUE',RESPONSE_CODE='200',RESPONSE_METHOD='GET',RESPONSE_LENGTH_OKHTTP='6654',RESPONSE_LENGTH_HEADER='6654',REQUEST_PROTOCOL='h2',REQUEST_URL='https://b.thumbs.redditmedia.com/orK4W8Xc99pTzIT6q1waTsppldq24p1qMsHtkNnmu9w.jpg',
08-03 20:01:30.438 14871 17729 D OK      : request got status: 200
08-03 20:01:30.504 14871 17733 I NAPPA_EXPERIMENTATION: MetricNetworkRequestExecutionTime: REQUEST_DURATION_SYSTEM='606',REQUEST_DURATION_OKHTTP='605',REQUEST_SYNCHRONOUS='TRUE',RESPONSE_CODE='200',RESPONSE_METHOD='GET',RESPONSE_LENGTH_OKHTTP='6723',RESPONSE_LENGTH_HEADER='6723',REQUEST_PROTOCOL='h2',REQUEST_URL='https://b.thumbs.redditmedia.com/vuAhA4gGAmYfrTFA4woxZcKgmiDzJ3nAsql2pxcYGFs.jpg',
08-03 20:01:30.505 14871 17733 D OK      : request got status: 200
08-03 20:01:30.517 14871 17734 I NAPPA_EXPERIMENTATION: MetricNetworkRequestExecutionTime: REQUEST_DURATION_SYSTEM='610',REQUEST_DURATION_OKHTTP='608',REQUEST_SYNCHRONOUS='TRUE',RESPONSE_CODE='200',RESPONSE_METHOD='GET',RESPONSE_LENGTH_OKHTTP='5329',RESPONSE_LENGTH_HEADER='5329',REQUEST_PROTOCOL='h2',REQUEST_URL='https://b.thumbs.redditmedia.com/PtV7mFsO2n0j4YJweZjEqyVJ45hap4hXix9dwj6D0Wg.jpg',
08-03 20:01:30.517 14871 17734 D OK      : request got status: 200
08-03 20:01:30.517 14871 17735 I NAPPA_EXPERIMENTATION: MetricNetworkRequestExecutionTime: REQUEST_DURATION_SYSTEM='610',REQUEST_DURATION_OKHTTP='609',REQUEST_SYNCHRONOUS='TRUE',RESPONSE_CODE='200',RESPONSE_METHOD='GET',RESPONSE_LENGTH_OKHTTP='6316',RESPONSE_LENGTH_HEADER='6316',REQUEST_PROTOCOL='h2',REQUEST_URL='https://b.thumbs.redditmedia.com/wxTBcOhAgsmbc-TRaGNHpYJYnEOBr2LNsaZ6pCM91Lc.jpg',
08-03 20:01:30.517 14871 17735 D OK      : request got status: 200
08-03 20:01:30.525 14871 17736 I NAPPA_EXPERIMENTATION: MetricNetworkRequestExecutionTime: REQUEST_DURATION_SYSTEM='615',REQUEST_DURATION_OKHTTP='615',REQUEST_SYNCHRONOUS='TRUE',RESPONSE_CODE='200',RESPONSE_METHOD='GET',RESPONSE_LENGTH_OKHTTP='7815',RESPONSE_LENGTH_HEADER='7815',REQUEST_PROTOCOL='h2',REQUEST_URL='https://b.thumbs.redditmedia.com/Wo7bFIVNZYYuNioRYwZFYxrl6QMk0lT-3W01wrXgHmE.jpg',
08-03 20:01:30.526 14871 17736 D OK      : request got status: 200
08-03 20:01:30.541 14871 17732 I NAPPA_EXPERIMENTATION: MetricNetworkRequestExecutionTime: REQUEST_DURATION_SYSTEM='641',REQUEST_DURATION_OKHTTP='640',REQUEST_SYNCHRONOUS='TRUE',RESPONSE_CODE='200',RESPONSE_METHOD='GET',RESPONSE_LENGTH_OKHTTP='5125',RESPONSE_LENGTH_HEADER='5125',REQUEST_PROTOCOL='h2',REQUEST_URL='https://b.thumbs.redditmedia.com/OF1KI_LdSDMMWCy-WgJyRhIcM5fr7kDyu_OnpfRXHfI.jpg',
08-03 20:01:30.542 14871 17732 D OK      : request got status: 200
08-03 20:01:30.553 14871 17738 I NAPPA_EXPERIMENTATION: MetricNetworkRequestExecutionTime: REQUEST_DURATION_SYSTEM='634',REQUEST_DURATION_OKHTTP='633',REQUEST_SYNCHRONOUS='TRUE',RESPONSE_CODE='200',RESPONSE_METHOD='GET',RESPONSE_LENGTH_OKHTTP='5198',RESPONSE_LENGTH_HEADER='5198',REQUEST_PROTOCOL='h2',REQUEST_URL='https://b.thumbs.redditmedia.com/KrRufqpifph7KM2Le5RdqEYQb24zbB4fizBJpFaH1Pc.jpg',
08-03 20:01:30.553 14871 17738 D OK      : request got status: 200
08-03 20:01:30.557 14871 17737 I NAPPA_EXPERIMENTATION: MetricNetworkRequestExecutionTime: REQUEST_DURATION_SYSTEM='644',REQUEST_DURATION_OKHTTP='643',REQUEST_SYNCHRONOUS='TRUE',RESPONSE_CODE='200',RESPONSE_METHOD='GET',RESPONSE_LENGTH_OKHTTP='5648',RESPONSE_LENGTH_HEADER='5648',REQUEST_PROTOCOL='h2',REQUEST_URL='https://b.thumbs.redditmedia.com/NoqMycYTzsyhI0Lq351riEI1mO9p8PvY1QwcZ9Irb9g.jpg',
08-03 20:01:30.557 14871 17737 D OK      : request got status: 200
08-03 20:01:30.673 14871 15130 I art     : Starting a blocking GC Explicit
08-03 20:01:30.688 14871 17713 I NAPPA_EXPERIMENTATION: MetricNetworkRequestExecutionTime: REQUEST_DURATION_SYSTEM='887',REQUEST_DURATION_OKHTTP='429',REQUEST_SYNCHRONOUS='TRUE',RESPONSE_CODE='200',RESPONSE_METHOD='GET',RESPONSE_LENGTH_OKHTTP='5191',RESPONSE_LENGTH_HEADER='5191',REQUEST_PROTOCOL='h2',REQUEST_URL='https://b.thumbs.redditmedia.com/Xdo4lcQOwuUNK1yxSlXZ0OI8u23ORAr16_AzfAZ1nvU.jpg',
08-03 20:01:30.688 14871 17713 D OK      : request got status: 200
08-03 20:01:30.690 14871 17739 I NAPPA_EXPERIMENTATION: MetricNetworkRequestExecutionTime: REQUEST_DURATION_SYSTEM='769',REQUEST_DURATION_OKHTTP='767',REQUEST_SYNCHRONOUS='TRUE',RESPONSE_CODE='200',RESPONSE_METHOD='GET',RESPONSE_LENGTH_OKHTTP='5579',RESPONSE_LENGTH_HEADER='5579',REQUEST_PROTOCOL='h2',REQUEST_URL='https://b.thumbs.redditmedia.com/u2qz17QE3X5G7kkJrgK3HPCdxNQxNkhaWqfIhCuRMvE.jpg',
08-03 20:01:30.690 14871 17739 D OK      : request got status: 200
08-03 20:01:30.704 14871 17715 I NAPPA_EXPERIMENTATION: MetricNetworkRequestExecutionTime: REQUEST_DURATION_SYSTEM='877',REQUEST_DURATION_OKHTTP='376',REQUEST_SYNCHRONOUS='TRUE',RESPONSE_CODE='200',RESPONSE_METHOD='GET',RESPONSE_LENGTH_OKHTTP='5098',RESPONSE_LENGTH_HEADER='5098',REQUEST_PROTOCOL='h2',REQUEST_URL='https://b.thumbs.redditmedia.com/2KMYZ5hTlKXSvNO4hDUPyMba8Yz6skyu1SjUhLq1d9s.jpg',
08-03 20:01:30.704 14871 17715 D OK      : request got status: 200
08-03 20:01:30.750 14871 15130 I art     : Explicit concurrent mark sweep GC freed 22025(1498KB) AllocSpace objects, 60(3MB) LOS objects, 29% free, 38MB/54MB, paused 2.660ms total 75.288ms
08-03 20:01:30.773 14871 15130 I art     : Starting a blocking GC Explicit
08-03 20:01:30.815 14871 17716 I NAPPA_EXPERIMENTATION: MetricNetworkRequestExecutionTime: REQUEST_DURATION_SYSTEM='975',REQUEST_DURATION_OKHTTP='382',REQUEST_SYNCHRONOUS='TRUE',RESPONSE_CODE='200',RESPONSE_METHOD='GET',RESPONSE_LENGTH_OKHTTP='5307',RESPONSE_LENGTH_HEADER='5307',REQUEST_PROTOCOL='h2',REQUEST_URL='https://a.thumbs.redditmedia.com/EFVm-ZqqhARyEaKgtwU74c7tfzEDJvI0uiHXGglFag4.jpg',
08-03 20:01:30.815 14871 17716 D OK      : request got status: 200
08-03 20:01:30.846 14871 15130 I art     : Explicit concurrent mark sweep GC freed 15802(649KB) AllocSpace objects, 4(188KB) LOS objects, 29% free, 38MB/54MB, paused 2.728ms total 72.079ms
08-03 20:01:30.871 14871 15130 I art     : Starting a blocking GC Explicit
08-03 20:01:30.875 14871 17725 I NAPPA_EXPERIMENTATION: MetricNetworkRequestExecutionTime: REQUEST_DURATION_SYSTEM='1010',REQUEST_DURATION_OKHTTP='385',REQUEST_SYNCHRONOUS='TRUE',RESPONSE_CODE='200',RESPONSE_METHOD='GET',RESPONSE_LENGTH_OKHTTP='3635',RESPONSE_LENGTH_HEADER='3635',REQUEST_PROTOCOL='h2',REQUEST_URL='https://a.thumbs.redditmedia.com/Kzag-wH9wKRRg2MnPwgoFgXT_2jN_nkJ1lY1aNRQyT4.jpg',
08-03 20:01:30.875 14871 17725 D OK      : request got status: 200
08-03 20:01:30.914 14871 17717 I NAPPA_EXPERIMENTATION: MetricNetworkRequestExecutionTime: REQUEST_DURATION_SYSTEM='1071',REQUEST_DURATION_OKHTTP='466',REQUEST_SYNCHRONOUS='TRUE',RESPONSE_CODE='200',RESPONSE_METHOD='GET',RESPONSE_LENGTH_OKHTTP='4475',RESPONSE_LENGTH_HEADER='4475',REQUEST_PROTOCOL='h2',REQUEST_URL='https://b.thumbs.redditmedia.com/qi4bNDKzoPvaSaSx99K2bAjwaRHh1nuOrcbySp1JHdk.jpg',
08-03 20:01:30.914 14871 17717 D OK      : request got status: 200
08-03 20:01:30.937 14871 15130 I art     : Explicit concurrent mark sweep GC freed 7117(611KB) AllocSpace objects, 22(1204KB) LOS objects, 28% free, 39MB/55MB, paused 2.298ms total 66.379ms
08-03 20:01:30.943 14871 17731 I NAPPA_EXPERIMENTATION: MetricNetworkRequestExecutionTime: REQUEST_DURATION_SYSTEM='1049',REQUEST_DURATION_OKHTTP='414',REQUEST_SYNCHRONOUS='TRUE',RESPONSE_CODE='200',RESPONSE_METHOD='GET',RESPONSE_LENGTH_OKHTTP='4470',RESPONSE_LENGTH_HEADER='4470',REQUEST_PROTOCOL='h2',REQUEST_URL='https://a.thumbs.redditmedia.com/ffAKmOqnTuDMNR9MRfCdRtkq_CzN3MVhZxS64ZPYRh4.jpg',
08-03 20:01:30.943 14871 17731 D OK      : request got status: 200
08-03 20:01:30.955 14871 17726 I NAPPA_EXPERIMENTATION: MetricNetworkRequestExecutionTime: REQUEST_DURATION_SYSTEM='1083',REQUEST_DURATION_OKHTTP='435',REQUEST_SYNCHRONOUS='TRUE',RESPONSE_CODE='200',RESPONSE_METHOD='GET',RESPONSE_LENGTH_OKHTTP='5641',RESPONSE_LENGTH_HEADER='5641',REQUEST_PROTOCOL='h2',REQUEST_URL='https://a.thumbs.redditmedia.com/P4gSGpXpi2wDXthNZ-LiwEs5Jvplm6dQ7W7Isqa7un4.jpg',
08-03 20:01:30.955 14871 17726 D OK      : request got status: 200
08-03 20:01:30.959 14871 17724 I NAPPA_EXPERIMENTATION: MetricNetworkRequestExecutionTime: REQUEST_DURATION_SYSTEM='1097',REQUEST_DURATION_OKHTTP='309',REQUEST_SYNCHRONOUS='TRUE',RESPONSE_CODE='200',RESPONSE_METHOD='GET',RESPONSE_LENGTH_OKHTTP='7540',RESPONSE_LENGTH_HEADER='7540',REQUEST_PROTOCOL='h2',REQUEST_URL='https://a.thumbs.redditmedia.com/Tfsm0ol-ltlxNSBAkZ_4G4302d0hYeOSODkvXidBBR8.jpg',
08-03 20:01:30.960 14871 17724 D OK      : request got status: 200
08-03 20:01:30.962 14871 15130 I art     : Starting a blocking GC Explicit
08-03 20:01:31.024 14871 15130 I art     : Explicit concurrent mark sweep GC freed 4699(418KB) AllocSpace objects, 23(1660KB) LOS objects, 28% free, 40MB/56MB, paused 1.999ms total 61.468ms
08-03 20:01:31.049 14871 15130 I art     : Starting a blocking GC Explicit
08-03 20:01:31.084 14871 17744 I NAPPA_EXPERIMENTATION: MetricNetworkRequestExecutionTime: REQUEST_DURATION_SYSTEM='1151',REQUEST_DURATION_OKHTTP='305',REQUEST_SYNCHRONOUS='TRUE',RESPONSE_CODE='200',RESPONSE_METHOD='GET',RESPONSE_LENGTH_OKHTTP='2700',RESPONSE_LENGTH_HEADER='2700',REQUEST_PROTOCOL='h2',REQUEST_URL='https://v.redd.it/75en73fm5id51/DASHPlaylist.mpd',
08-03 20:01:31.084 14871 17744 D OK      : request got status: 200
08-03 20:01:31.114 14871 17740 I NAPPA_EXPERIMENTATION: MetricNetworkRequestExecutionTime: REQUEST_DURATION_SYSTEM='1190',REQUEST_DURATION_OKHTTP='311',REQUEST_SYNCHRONOUS='TRUE',RESPONSE_CODE='200',RESPONSE_METHOD='GET',RESPONSE_LENGTH_OKHTTP='2696',RESPONSE_LENGTH_HEADER='2696',REQUEST_PROTOCOL='h2',REQUEST_URL='https://v.redd.it/syww111dtjd51/DASHPlaylist.mpd',
08-03 20:01:31.114 14871 17740 D OK      : request got status: 200
08-03 20:01:31.115 14871 17741 I NAPPA_EXPERIMENTATION: MetricNetworkRequestExecutionTime: REQUEST_DURATION_SYSTEM='1188',REQUEST_DURATION_OKHTTP='376',REQUEST_SYNCHRONOUS='TRUE',RESPONSE_CODE='200',RESPONSE_METHOD='GET',RESPONSE_LENGTH_OKHTTP='2071',RESPONSE_LENGTH_HEADER='2071',REQUEST_PROTOCOL='h2',REQUEST_URL='https://v.redd.it/pbqrrfb3tkd51/DASHPlaylist.mpd',
08-03 20:01:31.115 14871 17741 D OK      : request got status: 200
08-03 20:01:31.116 14871 15130 I art     : Explicit concurrent mark sweep GC freed 1406(131KB) AllocSpace objects, 13(680KB) LOS objects, 28% free, 40MB/56MB, paused 1.893ms total 66.388ms
08-03 20:01:31.163 14871 17740 I RedditVideosAPI: For 'https://v.redd.it/syww111dtjd51/DASHPlaylist.mpd', got video stream 'https://v.redd.it/syww111dtjd51/DASH_480' and audio stream 'https://v.redd.it/syww111dtjd51/audio'
08-03 20:01:31.170 14871 17741 I RedditVideosAPI: For 'https://v.redd.it/pbqrrfb3tkd51/DASHPlaylist.mpd', got video stream 'https://v.redd.it/pbqrrfb3tkd51/DASH_480' and audio stream 'null'
08-03 20:01:31.180 14871 17747 I NAPPA_EXPERIMENTATION: MetricNetworkRequestExecutionTime: REQUEST_DURATION_SYSTEM='1238',REQUEST_DURATION_OKHTTP='368',REQUEST_SYNCHRONOUS='TRUE',RESPONSE_CODE='200',RESPONSE_METHOD='GET',RESPONSE_LENGTH_OKHTTP='2427',RESPONSE_LENGTH_HEADER='2427',REQUEST_PROTOCOL='h2',REQUEST_URL='https://v.redd.it/psrknoobrgd51/DASHPlaylist.mpd',
08-03 20:01:31.180 14871 17747 D OK      : request got status: 200
08-03 20:01:31.205 14871 17744 I RedditVideosAPI: For 'https://v.redd.it/75en73fm5id51/DASHPlaylist.mpd', got video stream 'https://v.redd.it/75en73fm5id51/DASH_480' and audio stream 'https://v.redd.it/75en73fm5id51/audio'
08-03 20:01:31.231 14871 17747 I RedditVideosAPI: For 'https://v.redd.it/psrknoobrgd51/DASHPlaylist.mpd', got video stream 'https://v.redd.it/psrknoobrgd51/DASH_480' and audio stream 'null'
08-03 20:01:31.232 14871 17746 I NAPPA_EXPERIMENTATION: MetricNetworkRequestExecutionTime: REQUEST_DURATION_SYSTEM='1294',REQUEST_DURATION_OKHTTP='411',REQUEST_SYNCHRONOUS='TRUE',RESPONSE_CODE='200',RESPONSE_METHOD='GET',RESPONSE_LENGTH_OKHTTP='1713',RESPONSE_LENGTH_HEADER='1713',REQUEST_PROTOCOL='h2',REQUEST_URL='https://v.redd.it/ggz4fyth6hd51/DASHPlaylist.mpd',
08-03 20:01:31.232 14871 17746 D OK      : request got status: 200
08-03 20:01:31.234 14871 17745 I NAPPA_EXPERIMENTATION: MetricNetworkRequestExecutionTime: REQUEST_DURATION_SYSTEM='1298',REQUEST_DURATION_OKHTTP='430',REQUEST_SYNCHRONOUS='TRUE',RESPONSE_CODE='200',RESPONSE_METHOD='GET',RESPONSE_LENGTH_OKHTTP='-1',RESPONSE_LENGTH_HEADER='377',REQUEST_PROTOCOL='h2',REQUEST_URL='https://api.imgur.com/3/image/nLQR2hT',
08-03 20:01:31.234 14871 17745 D OK      : request got status: 200
08-03 20:01:31.253 14871 17743 I NAPPA_EXPERIMENTATION: MetricNetworkRequestExecutionTime: REQUEST_DURATION_SYSTEM='1322',REQUEST_DURATION_OKHTTP='416',REQUEST_SYNCHRONOUS='TRUE',RESPONSE_CODE='200',RESPONSE_METHOD='GET',RESPONSE_LENGTH_OKHTTP='2789',RESPONSE_LENGTH_HEADER='2789',REQUEST_PROTOCOL='h2',REQUEST_URL='https://v.redd.it/5x6zzipz8ld51/DASHPlaylist.mpd',
08-03 20:01:31.253 14871 17743 D OK      : request got status: 200
08-03 20:01:31.258 14871 17742 I NAPPA_EXPERIMENTATION: MetricNetworkRequestExecutionTime: REQUEST_DURATION_SYSTEM='1328',REQUEST_DURATION_OKHTTP='444',REQUEST_SYNCHRONOUS='TRUE',RESPONSE_CODE='200',RESPONSE_METHOD='GET',RESPONSE_LENGTH_OKHTTP='3060',RESPONSE_LENGTH_HEADER='3060',REQUEST_PROTOCOL='h2',REQUEST_URL='https://v.redd.it/rrygsb8i4ld51/DASHPlaylist.mpd',
08-03 20:01:31.258 14871 17742 D OK      : request got status: 200
08-03 20:01:31.281 14871 17750 I NAPPA_EXPERIMENTATION: MetricNetworkRequestExecutionTime: REQUEST_DURATION_SYSTEM='1332',REQUEST_DURATION_OKHTTP='319',REQUEST_SYNCHRONOUS='TRUE',RESPONSE_CODE='200',RESPONSE_METHOD='GET',RESPONSE_LENGTH_OKHTTP='2071',RESPONSE_LENGTH_HEADER='2071',REQUEST_PROTOCOL='h2',REQUEST_URL='https://v.redd.it/xd6c4yyutgd51/DASHPlaylist.mpd',
08-03 20:01:31.281 14871 17750 D OK      : request got status: 200
08-03 20:01:31.283 14871 17748 I NAPPA_EXPERIMENTATION: MetricNetworkRequestExecutionTime: REQUEST_DURATION_SYSTEM='1340',REQUEST_DURATION_OKHTTP='402',REQUEST_SYNCHRONOUS='TRUE',RESPONSE_CODE='200',RESPONSE_METHOD='GET',RESPONSE_LENGTH_OKHTTP='2071',RESPONSE_LENGTH_HEADER='2071',REQUEST_PROTOCOL='h2',REQUEST_URL='https://v.redd.it/jk6cwef4wld51/DASHPlaylist.mpd',
08-03 20:01:31.283 14871 17748 D OK      : request got status: 200
08-03 20:01:31.284 14871 17751 I NAPPA_EXPERIMENTATION: MetricNetworkRequestExecutionTime: REQUEST_DURATION_SYSTEM='1332',REQUEST_DURATION_OKHTTP='357',REQUEST_SYNCHRONOUS='TRUE',RESPONSE_CODE='200',RESPONSE_METHOD='GET',RESPONSE_LENGTH_OKHTTP='2344',RESPONSE_LENGTH_HEADER='2344',REQUEST_PROTOCOL='h2',REQUEST_URL='https://v.redd.it/ue0jdgk9zhd51/DASHPlaylist.mpd',
08-03 20:01:31.284 14871 17751 D OK      : request got status: 200
08-03 20:01:31.285 14871 17749 I NAPPA_EXPERIMENTATION: MetricNetworkRequestExecutionTime: REQUEST_DURATION_SYSTEM='1339',REQUEST_DURATION_OKHTTP='421',REQUEST_SYNCHRONOUS='TRUE',RESPONSE_CODE='200',RESPONSE_METHOD='GET',RESPONSE_LENGTH_OKHTTP='3058',RESPONSE_LENGTH_HEADER='3058',REQUEST_PROTOCOL='h2',REQUEST_URL='https://v.redd.it/t81s8zfz9ld51/DASHPlaylist.mpd',
08-03 20:01:31.286 14871 17749 D OK      : request got status: 200
08-03 20:01:31.350 14871 17746 I RedditVideosAPI: For 'https://v.redd.it/ggz4fyth6hd51/DASHPlaylist.mpd', got video stream 'https://v.redd.it/ggz4fyth6hd51/DASH_360' and audio stream 'null'
08-03 20:01:31.387 14871 17742 I RedditVideosAPI: For 'https://v.redd.it/rrygsb8i4ld51/DASHPlaylist.mpd', got video stream 'https://v.redd.it/rrygsb8i4ld51/DASH_480' and audio stream 'https://v.redd.it/rrygsb8i4ld51/audio'
08-03 20:01:31.400 14871 17743 I RedditVideosAPI: For 'https://v.redd.it/5x6zzipz8ld51/DASHPlaylist.mpd', got video stream 'https://v.redd.it/5x6zzipz8ld51/DASH_480' and audio stream 'null'
08-03 20:01:31.408 14871 17750 I RedditVideosAPI: For 'https://v.redd.it/xd6c4yyutgd51/DASHPlaylist.mpd', got video stream 'https://v.redd.it/xd6c4yyutgd51/DASH_480' and audio stream 'null'
08-03 20:01:31.416 14871 17751 I RedditVideosAPI: For 'https://v.redd.it/ue0jdgk9zhd51/DASHPlaylist.mpd', got video stream 'https://v.redd.it/ue0jdgk9zhd51/DASH_360' and audio stream 'https://v.redd.it/ue0jdgk9zhd51/audio'
08-03 20:01:31.429 14871 17748 I RedditVideosAPI: For 'https://v.redd.it/jk6cwef4wld51/DASHPlaylist.mpd', got video stream 'https://v.redd.it/jk6cwef4wld51/DASH_480' and audio stream 'null'
08-03 20:01:31.438 14871 17749 I RedditVideosAPI: For 'https://v.redd.it/t81s8zfz9ld51/DASHPlaylist.mpd', got video stream 'https://v.redd.it/t81s8zfz9ld51/DASH_480' and audio stream 'https://v.redd.it/t81s8zfz9ld51/audio'
08-03 20:01:31.477 14871 14884 I art     : Starting a blocking GC Explicit
08-03 20:01:31.548 14871 14884 I art     : Explicit concurrent mark sweep GC freed 7443(1001KB) AllocSpace objects, 36(2MB) LOS objects, 28% free, 39MB/55MB, paused 1.292ms total 70.690ms
08-03 20:01:31.577 14871 14884 I art     : Starting a blocking GC Explicit
08-03 20:01:31.637 14871 14884 I art     : Explicit concurrent mark sweep GC freed 306(10KB) AllocSpace objects, 0(0B) LOS objects, 28% free, 39MB/55MB, paused 828us total 60.438ms
08-03 20:01:31.663 14871 14884 I art     : Starting a blocking GC Explicit
08-03 20:01:31.725 14871 14884 I art     : Explicit concurrent mark sweep GC freed 3(96B) AllocSpace objects, 0(0B) LOS objects, 28% free, 39MB/55MB, paused 971us total 61.655ms
08-03 20:01:31.751 14871 14884 I art     : Starting a blocking GC Explicit
08-03 20:01:31.813 14871 14884 I art     : Explicit concurrent mark sweep GC freed 3(96B) AllocSpace objects, 0(0B) LOS objects, 28% free, 39MB/55MB, paused 899us total 61.785ms
08-03 20:01:31.839 14871 14884 I art     : Starting a blocking GC Explicit
08-03 20:01:31.902 14871 14884 I art     : Explicit concurrent mark sweep GC freed 3(96B) AllocSpace objects, 0(0B) LOS objects, 28% free, 39MB/55MB, paused 884us total 62.604ms
08-03 20:01:31.903 14871 14882 I art     : WaitForGcToComplete blocked for 63.032ms for cause HeapTrim
08-03 20:01:32.232 17795 17795 D AndroidRuntime: >>>>>> START com.android.internal.os.RuntimeInit uid 2000 <<<<<<
08-03 20:01:32.239 17795 17795 D AndroidRuntime: CheckJNI is OFF
08-03 20:01:32.277 14871 14885 I art     : Starting a blocking GC Explicit
08-03 20:01:32.293 17795 17795 D ICU     : No timezone override file found: /data/misc/zoneinfo/current/icu/icu_tzdata.dat
08-03 20:01:32.341 17795 17795 I Radio-JNI: register_android_hardware_Radio DONE
08-03 20:01:32.342 14871 14885 I art     : Explicit concurrent mark sweep GC freed 1359(83KB) AllocSpace objects, 1(20KB) LOS objects, 28% free, 39MB/55MB, paused 1.037ms total 63.566ms
08-03 20:01:32.367 14871 14885 I art     : Starting a blocking GC Explicit
08-03 20:01:32.378 17795 17795 D AndroidRuntime: Calling main entry com.android.commands.input.Input
08-03 20:01:32.380 17795 17795 I Input   : injectMotionEvent: MotionEvent { action=ACTION_DOWN, actionButton=0, id[0]=0, x[0]=1340.0, y[0]=1100.0, toolType[0]=TOOL_TYPE_UNKNOWN, buttonState=0, metaState=0, flags=0x0, edgeFlags=0x0, pointerCount=1, historySize=0, eventTime=648108793, downTime=648108793, deviceId=0, source=0x1002 }
08-03 20:01:32.385 17795 17795 I Input   : injectMotionEvent: MotionEvent { action=ACTION_UP, actionButton=0, id[0]=0, x[0]=1340.0, y[0]=1100.0, toolType[0]=TOOL_TYPE_UNKNOWN, buttonState=0, metaState=0, flags=0x0, edgeFlags=0x0, pointerCount=1, historySize=0, eventTime=648108793, downTime=648108793, deviceId=0, source=0x1002 }
08-03 20:01:32.387 17795 17795 D AndroidRuntime: Shutting down VM
08-03 20:01:32.409   512  2967 D audio_hw_primary: out_set_parameters: enter: usecase(1: low-latency-playback) kvpairs: routing=2
08-03 20:01:32.410   918  6110 I ActivityManager: START u0 {dat=https://oauth.reddit.com/... cmp=baseline.org.quantumbadger.redreader/.activities.CommentListingActivity} from uid 10634 on display 0
08-03 20:01:32.422   512  2967 D audio_hw_primary: select_devices: out_snd_device(2: speaker) in_snd_device(0: none)
08-03 20:01:32.422   512  2967 D msm8974_platform: platform_send_audio_calibration: sending audio calibration for snd_device(2) acdb_id(15)
08-03 20:01:32.423   512  2967 I soundtrigger: audio_extn_sound_trigger_update_device_status: device 0x2 of type 0 for Event 1
08-03 20:01:32.434   512  2967 D audio_hw_primary: enable_snd_device: snd_device(2: speaker)
08-03 20:01:32.437   512  2967 D audio_hw_primary: enable_audio_route: apply and update mixer path: low-latency-playback speaker
08-03 20:01:32.446 14871 14885 I art     : Explicit concurrent mark sweep GC freed 875(32KB) AllocSpace objects, 0(0B) LOS objects, 28% free, 39MB/55MB, paused 1.254ms total 77.969ms
08-03 20:01:32.446 14871 14871 I AppCompatViewInflater: app:theme is now deprecated. Please move to using android:theme instead.
08-03 20:01:32.470 14871 14885 I art     : Starting a blocking GC Explicit
08-03 20:01:32.479 14871 17820 D OK      : calling: https://oauth.reddit.com/comments/hzejrd/.json?sort=confidence
08-03 20:01:32.524 14871 14885 I art     : Explicit concurrent mark sweep GC freed 7939(877KB) AllocSpace objects, 17(2MB) LOS objects, 30% free, 37MB/53MB, paused 909us total 53.712ms
08-03 20:01:32.549 14871 14885 I art     : Starting a blocking GC Explicit
08-03 20:01:32.561   918   936 I ActivityManager: Displayed baseline.org.quantumbadger.redreader/.activities.CommentListingActivity: +139ms
08-03 20:01:32.562 13866 13866 I GoogleInputMethodServic: GoogleInputMethodService.onFinishInput():3138 
08-03 20:01:32.562 13866 13866 I GoogleInputMethodServic: GoogleInputMethodService.onStartInput():1808 
08-03 20:01:32.612 14871 14885 I art     : Explicit concurrent mark sweep GC freed 970(39KB) AllocSpace objects, 0(0B) LOS objects, 30% free, 37MB/53MB, paused 1.066ms total 63.067ms
08-03 20:01:32.637 14871 14885 I art     : Starting a blocking GC Explicit
08-03 20:01:32.689 14871 14885 I art     : Explicit concurrent mark sweep GC freed 2083(84KB) AllocSpace objects, 0(0B) LOS objects, 30% free, 37MB/53MB, paused 899us total 52.243ms
08-03 20:01:32.807 14871 17820 I NAPPA_EXPERIMENTATION: MetricNetworkRequestExecutionTime: REQUEST_DURATION_SYSTEM='328',REQUEST_DURATION_OKHTTP='152',REQUEST_SYNCHRONOUS='TRUE',RESPONSE_CODE='200',RESPONSE_METHOD='GET',RESPONSE_LENGTH_OKHTTP='-1',RESPONSE_LENGTH_HEADER='45890',REQUEST_PROTOCOL='h2',REQUEST_URL='https://oauth.reddit.com/comments/hzejrd/.json?sort=confidence',
08-03 20:01:32.807 14871 17820 D OK      : request got status: 200
08-03 20:01:32.815   380   380 W SurfaceFlinger: couldn't log to binary event log: overflow.
08-03 20:01:32.823 14871 15500 I CommentListingActivity: COMMENTS session changed to a280bc81-cc8d-4a42-928d-49aeda85a3f0
08-03 20:01:32.984   512  2967 D audio_hw_primary: disable_audio_route: reset and update mixer path: low-latency-playback speaker
08-03 20:01:32.987   512  2967 D audio_hw_primary: disable_snd_device: snd_device(2: speaker)
08-03 20:01:32.999   512  2967 I soundtrigger: audio_extn_sound_trigger_update_device_status: device 0x2 of type 0 for Event 0
08-03 20:01:33.065 14871 14905 I art     : Starting a blocking GC Explicit
08-03 20:01:33.151 14871 14905 I art     : Explicit concurrent mark sweep GC freed 29669(1688KB) AllocSpace objects, 2(88KB) LOS objects, 28% free, 39MB/55MB, paused 883us total 85.704ms
08-03 20:01:33.179 14871 14905 I art     : Starting a blocking GC Explicit
08-03 20:01:33.254 14871 14905 I art     : Explicit concurrent mark sweep GC freed 13291(585KB) AllocSpace objects, 1(68KB) LOS objects, 29% free, 39MB/55MB, paused 1.072ms total 74.781ms
08-03 20:01:33.281 14871 14905 I art     : Starting a blocking GC Explicit
08-03 20:01:33.365 14871 14905 I art     : Explicit concurrent mark sweep GC freed 127(5KB) AllocSpace objects, 0(0B) LOS objects, 29% free, 39MB/55MB, paused 910us total 84.025ms
08-03 20:01:33.395 14871 14905 I art     : Starting a blocking GC Explicit
08-03 20:01:33.470 14871 14905 I art     : Explicit concurrent mark sweep GC freed 5(192B) AllocSpace objects, 0(0B) LOS objects, 29% free, 39MB/55MB, paused 933us total 74.642ms
08-03 20:01:33.500 14871 14905 I art     : Starting a blocking GC Explicit
08-03 20:01:33.574 14871 14905 I art     : Explicit concurrent mark sweep GC freed 3(96B) AllocSpace objects, 0(0B) LOS objects, 29% free, 39MB/55MB, paused 833us total 73.476ms
08-03 20:01:33.942 14871 16853 I art     : Starting a blocking GC Explicit
08-03 20:01:34.043 14871 16853 I art     : Explicit concurrent mark sweep GC freed 1356(82KB) AllocSpace objects, 1(20KB) LOS objects, 29% free, 39MB/55MB, paused 904us total 99.752ms
08-03 20:01:34.077 14871 16853 I art     : Starting a blocking GC Explicit
08-03 20:01:34.162 14871 16853 I art     : Explicit concurrent mark sweep GC freed 66(2528B) AllocSpace objects, 0(0B) LOS objects, 29% free, 39MB/55MB, paused 905us total 84.200ms
08-03 20:01:34.197 14871 16853 I art     : Starting a blocking GC Explicit
08-03 20:01:34.281 14871 16853 I art     : Explicit concurrent mark sweep GC freed 3(96B) AllocSpace objects, 0(0B) LOS objects, 29% free, 39MB/55MB, paused 1.171ms total 83.693ms
08-03 20:01:34.314 14871 16853 I art     : Starting a blocking GC Explicit
08-03 20:01:34.391 14871 16853 I art     : Explicit concurrent mark sweep GC freed 3(96B) AllocSpace objects, 0(0B) LOS objects, 29% free, 39MB/55MB, paused 958us total 76.509ms
08-03 20:01:34.421 14871 16853 I art     : Starting a blocking GC Explicit
08-03 20:01:34.509 14871 16853 I art     : Explicit concurrent mark sweep GC freed 3(96B) AllocSpace objects, 0(0B) LOS objects, 29% free, 39MB/55MB, paused 952us total 87.472ms
08-03 20:01:34.903 14871 14884 I art     : Starting a blocking GC Explicit
08-03 20:01:35.002 14871 14884 I art     : Explicit concurrent mark sweep GC freed 1358(82KB) AllocSpace objects, 1(20KB) LOS objects, 29% free, 39MB/55MB, paused 968us total 98.286ms
08-03 20:01:35.033 14871 14884 I art     : Starting a blocking GC Explicit
08-03 20:01:35.111 14871 14884 I art     : Explicit concurrent mark sweep GC freed 20(704B) AllocSpace objects, 0(0B) LOS objects, 29% free, 39MB/55MB, paused 1.115ms total 77.170ms
08-03 20:01:35.147 14871 14884 I art     : Starting a blocking GC Explicit
08-03 20:01:35.232 14871 14884 I art     : Explicit concurrent mark sweep GC freed 3(96B) AllocSpace objects, 0(0B) LOS objects, 29% free, 39MB/55MB, paused 923us total 84.947ms
08-03 20:01:35.267 14871 14884 I art     : Starting a blocking GC Explicit
08-03 20:01:35.352 14871 14884 I art     : Explicit concurrent mark sweep GC freed 3(96B) AllocSpace objects, 0(0B) LOS objects, 29% free, 39MB/55MB, paused 846us total 84.467ms
08-03 20:01:35.386 14871 14884 I art     : Starting a blocking GC Explicit
08-03 20:01:35.462 14871 14884 I art     : Explicit concurrent mark sweep GC freed 3(96B) AllocSpace objects, 0(0B) LOS objects, 29% free, 39MB/55MB, paused 721us total 76.147ms
08-03 20:01:35.860 14871 14905 I art     : Starting a blocking GC Explicit
08-03 20:01:35.960 14871 14905 I art     : Explicit concurrent mark sweep GC freed 1356(82KB) AllocSpace objects, 1(20KB) LOS objects, 29% free, 39MB/55MB, paused 1.392ms total 99.280ms
08-03 20:01:35.991 14871 14905 I art     : Starting a blocking GC Explicit
08-03 20:01:36.072 14871 14905 I art     : Explicit concurrent mark sweep GC freed 20(704B) AllocSpace objects, 0(0B) LOS objects, 29% free, 39MB/55MB, paused 1.261ms total 80.043ms
08-03 20:01:36.104 14871 14905 I art     : Starting a blocking GC Explicit
08-03 20:01:36.183 14871 14905 I art     : Explicit concurrent mark sweep GC freed 3(96B) AllocSpace objects, 0(0B) LOS objects, 29% free, 39MB/55MB, paused 987us total 77.839ms
08-03 20:01:36.215 14871 14905 I art     : Starting a blocking GC Explicit
08-03 20:01:36.292 14871 14905 I art     : Explicit concurrent mark sweep GC freed 3(96B) AllocSpace objects, 0(0B) LOS objects, 29% free, 39MB/55MB, paused 1.050ms total 76.383ms
08-03 20:01:36.325 14871 14905 I art     : Starting a blocking GC Explicit
08-03 20:01:36.403 14871 14905 I art     : Explicit concurrent mark sweep GC freed 3(96B) AllocSpace objects, 0(0B) LOS objects, 29% free, 39MB/55MB, paused 1.218ms total 77.180ms
08-03 20:01:36.800 14871 15130 I art     : Starting a blocking GC Explicit
08-03 20:01:36.837   518   646 I ThermalEngine: ACTION: GPU - Setting GPU[0] to 450000000
08-03 20:01:36.888 14871 15130 I art     : Explicit concurrent mark sweep GC freed 1354(82KB) AllocSpace objects, 1(20KB) LOS objects, 29% free, 39MB/55MB, paused 602us total 87.290ms
08-03 20:01:36.913 14871 15130 I art     : Starting a blocking GC Explicit
08-03 20:01:36.983 14871 15130 I art     : Explicit concurrent mark sweep GC freed 20(704B) AllocSpace objects, 0(0B) LOS objects, 29% free, 39MB/55MB, paused 580us total 69.825ms
08-03 20:01:37.007 14871 15130 I art     : Starting a blocking GC Explicit
08-03 20:01:37.078 14871 15130 I art     : Explicit concurrent mark sweep GC freed 3(96B) AllocSpace objects, 0(0B) LOS objects, 29% free, 39MB/55MB, paused 681us total 70.240ms
08-03 20:01:37.099 14871 15130 I art     : Starting a blocking GC Explicit
08-03 20:01:37.166 14871 15130 I art     : Explicit concurrent mark sweep GC freed 3(96B) AllocSpace objects, 0(0B) LOS objects, 29% free, 39MB/55MB, paused 580us total 66.272ms
08-03 20:01:37.187 14871 15130 I art     : Starting a blocking GC Explicit
08-03 20:01:37.261 14871 15130 I art     : Explicit concurrent mark sweep GC freed 3(96B) AllocSpace objects, 0(0B) LOS objects, 29% free, 39MB/55MB, paused 606us total 73.057ms
08-03 20:01:37.354 24577 24577 E ActivityThread: Service com.google.android.gms.chimera.GmsBoundBrokerService has leaked IntentReceiver com.google.android.gms.security.odad.WifiStateChangedReceiver@7033bf1 that was originally registered here. Are you missing a call to unregisterReceiver()?
08-03 20:01:37.354 24577 24577 E ActivityThread: android.app.IntentReceiverLeaked: Service com.google.android.gms.chimera.GmsBoundBrokerService has leaked IntentReceiver com.google.android.gms.security.odad.WifiStateChangedReceiver@7033bf1 that was originally registered here. Are you missing a call to unregisterReceiver()?
08-03 20:01:37.354 24577 24577 E ActivityThread: 	at android.app.LoadedApk$ReceiverDispatcher.<init>(LoadedApk.java:918)
08-03 20:01:37.354 24577 24577 E ActivityThread: 	at android.app.LoadedApk.getReceiverDispatcher(LoadedApk.java:719)
08-03 20:01:37.354 24577 24577 E ActivityThread: 	at android.app.ContextImpl.registerReceiverInternal(ContextImpl.java:1172)
08-03 20:01:37.354 24577 24577 E ActivityThread: 	at android.app.ContextImpl.registerReceiver(ContextImpl.java:1152)
08-03 20:01:37.354 24577 24577 E ActivityThread: 	at android.content.ContextWrapper.registerReceiver(ContextWrapper.java:561)
08-03 20:01:37.354 24577 24577 E ActivityThread: 	at android.content.ContextWrapper.registerReceiver(ContextWrapper.java:561)
08-03 20:01:37.354 24577 24577 E ActivityThread: 	at android.content.ContextWrapper.registerReceiver(ContextWrapper.java:561)
08-03 20:01:37.354 24577 24577 E ActivityThread: 	at android.content.ContextWrapper.registerReceiver(ContextWrapper.java:561)
08-03 20:01:37.354 24577 24577 E ActivityThread: 	at android.content.ContextWrapper.registerReceiver(ContextWrapper.java:561)
08-03 20:01:37.354 24577 24577 E ActivityThread: 	at android.content.ContextWrapper.registerReceiver(ContextWrapper.java:561)
08-03 20:01:37.354 24577 24577 E ActivityThread: 	at android.content.ContextWrapper.registerReceiver(ContextWrapper.java:561)
08-03 20:01:37.354 24577 24577 E ActivityThread: 	at android.content.ContextWrapper.registerReceiver(ContextWrapper.java:561)
08-03 20:01:37.354 24577 24577 E ActivityThread: 	at aqwy.a(:com.google.android.gms@202614019@20.26.14 (040400-320008519):3)
08-03 20:01:37.354 24577 24577 E ActivityThread: 	at aqxq.a(:com.google.android.gms@202614019@20.26.14 (040400-320008519):42)
08-03 20:01:37.354 24577 24577 E ActivityThread: 	at zwo.run(:com.google.android.gms@202614019@20.26.14 (040400-320008519):9)
08-03 20:01:37.354 24577 24577 E ActivityThread: 	at bmvl.run(:com.google.android.gms@202614019@20.26.14 (040400-320008519):2)
08-03 20:01:37.354 24577 24577 E ActivityThread: 	at skp.b(:com.google.android.gms@202614019@20.26.14 (040400-320008519):12)
08-03 20:01:37.354 24577 24577 E ActivityThread: 	at skp.run(:com.google.android.gms@202614019@20.26.14 (040400-320008519):7)
08-03 20:01:37.354 24577 24577 E ActivityThread: 	at java.util.concurrent.ThreadPoolExecutor.runWorker(ThreadPoolExecutor.java:1113)
08-03 20:01:37.354 24577 24577 E ActivityThread: 	at java.util.concurrent.ThreadPoolExecutor$Worker.run(ThreadPoolExecutor.java:588)
08-03 20:01:37.354 24577 24577 E ActivityThread: 	at sql.run(:com.google.android.gms@202614019@20.26.14 (040400-320008519):0)
08-03 20:01:37.354 24577 24577 E ActivityThread: 	at java.lang.Thread.run(Thread.java:818)
08-03 20:01:37.425 14871 17819 I RedditChangeDataIO: Writing tmp data file at '/data/user/0/baseline.org.quantumbadger.redreader/files/rr_change_data_tmp.dat'
08-03 20:01:37.426 14871 17819 I RedditChangeDataManager: Taking snapshot...
08-03 20:01:37.427 14871 17819 I RedditChangeDataManager: Writing to stream...
08-03 20:01:37.427 14871 17819 I RedditChangeDataManager: Wrote 6 entries for user ''
08-03 20:01:37.427 14871 17819 I RedditChangeDataManager: All entries written to stream.
08-03 20:01:37.427 14871 17819 I RedditChangeDataIO: Write successful. Atomically replacing data file...
08-03 20:01:37.428 14871 17819 I RedditChangeDataIO: Write complete.
08-03 20:01:37.428 14871 17819 I RedditChangeDataIO: 158 bytes written in 3 ms
08-03 20:01:37.608 14871 14885 I art     : Starting a blocking GC Explicit
08-03 20:01:37.696 14871 14885 I art     : Explicit concurrent mark sweep GC freed 1441(88KB) AllocSpace objects, 2(88KB) LOS objects, 29% free, 39MB/55MB, paused 593us total 87.938ms
08-03 20:01:37.722 14871 14885 I art     : Starting a blocking GC Explicit
08-03 20:01:37.793 14871 14885 I art     : Explicit concurrent mark sweep GC freed 23(800B) AllocSpace objects, 0(0B) LOS objects, 29% free, 39MB/55MB, paused 624us total 71.129ms
08-03 20:01:37.819 14871 14885 I art     : Starting a blocking GC Explicit
08-03 20:01:37.886 14871 14885 I art     : Explicit concurrent mark sweep GC freed 3(96B) AllocSpace objects, 0(0B) LOS objects, 29% free, 39MB/55MB, paused 558us total 67.140ms
08-03 20:01:37.908 14871 14885 I art     : Starting a blocking GC Explicit
08-03 20:01:37.978 14871 14885 I art     : Explicit concurrent mark sweep GC freed 3(96B) AllocSpace objects, 0(0B) LOS objects, 29% free, 39MB/55MB, paused 583us total 69.272ms
08-03 20:01:37.999 14871 14885 I art     : Starting a blocking GC Explicit
08-03 20:01:38.068 14871 14885 I art     : Explicit concurrent mark sweep GC freed 32(1568B) AllocSpace objects, 0(0B) LOS objects, 29% free, 39MB/55MB, paused 564us total 68.664ms
08-03 20:01:38.434 14871 16853 I art     : Starting a blocking GC Explicit
08-03 20:01:38.513 14871 16853 I art     : Explicit concurrent mark sweep GC freed 1564(118KB) AllocSpace objects, 1(20KB) LOS objects, 29% free, 39MB/55MB, paused 502us total 78.577ms
08-03 20:01:38.539 14871 16853 I art     : Starting a blocking GC Explicit
08-03 20:01:38.611 14871 16853 I art     : Explicit concurrent mark sweep GC freed 85(2880B) AllocSpace objects, 0(0B) LOS objects, 29% free, 39MB/55MB, paused 538us total 72.228ms
08-03 20:01:38.635 14871 16853 I art     : Starting a blocking GC Explicit
08-03 20:01:38.696 14871 16853 I art     : Explicit concurrent mark sweep GC freed 3(96B) AllocSpace objects, 0(0B) LOS objects, 29% free, 39MB/55MB, paused 468us total 60.886ms
08-03 20:01:38.717 14871 16853 I art     : Starting a blocking GC Explicit
08-03 20:01:38.776 14871 16853 I art     : Explicit concurrent mark sweep GC freed 3(96B) AllocSpace objects, 0(0B) LOS objects, 29% free, 39MB/55MB, paused 505us total 59.415ms
08-03 20:01:38.797 14871 16853 I art     : Starting a blocking GC Explicit
08-03 20:01:38.860 14871 16853 I art     : Explicit concurrent mark sweep GC freed 3(96B) AllocSpace objects, 0(0B) LOS objects, 29% free, 39MB/55MB, paused 537us total 62.790ms
08-03 20:01:39.195 17896 17896 D AndroidRuntime: >>>>>> START com.android.internal.os.RuntimeInit uid 2000 <<<<<<
08-03 20:01:39.202 17896 17896 D AndroidRuntime: CheckJNI is OFF
08-03 20:01:39.223 14871 14884 I art     : Starting a blocking GC Explicit
08-03 20:01:39.248 17896 17896 D ICU     : No timezone override file found: /data/misc/zoneinfo/current/icu/icu_tzdata.dat
08-03 20:01:39.287 14871 14884 I art     : Explicit concurrent mark sweep GC freed 1356(82KB) AllocSpace objects, 1(20KB) LOS objects, 29% free, 39MB/55MB, paused 536us total 63.851ms
08-03 20:01:39.296 17896 17896 I Radio-JNI: register_android_hardware_Radio DONE
08-03 20:01:39.309 14871 14884 I art     : Starting a blocking GC Explicit
08-03 20:01:39.327 17896 17896 D AndroidRuntime: Calling main entry com.android.commands.input.Input
08-03 20:01:39.328 17896 17896 I Input   : injectKeyEvent: KeyEvent { action=ACTION_DOWN, keyCode=KEYCODE_BACK, scanCode=0, metaState=0, flags=0x0, repeatCount=0, eventTime=648115741, downTime=648115741, deviceId=-1, source=0x101 }
08-03 20:01:39.335 17896 17896 I Input   : injectKeyEvent: KeyEvent { action=ACTION_UP, keyCode=KEYCODE_BACK, scanCode=0, metaState=0, flags=0x0, repeatCount=0, eventTime=648115741, downTime=648115741, deviceId=-1, source=0x101 }
08-03 20:01:39.340 17896 17896 D AndroidRuntime: Shutting down VM
08-03 20:01:39.367 14871 14884 I art     : Explicit concurrent mark sweep GC freed 151(5KB) AllocSpace objects, 0(0B) LOS objects, 29% free, 39MB/55MB, paused 622us total 58.198ms
08-03 20:01:39.382 13866 13866 I GoogleInputMethodServic: GoogleInputMethodService.onFinishInput():3138 
08-03 20:01:39.383 13866 13866 I GoogleInputMethodServic: GoogleInputMethodService.onStartInput():1808 
08-03 20:01:39.387 14871 14884 I art     : Starting a blocking GC Explicit
08-03 20:01:39.443 14871 14884 I art     : Explicit concurrent mark sweep GC freed 142(4KB) AllocSpace objects, 0(0B) LOS objects, 29% free, 39MB/55MB, paused 520us total 54.519ms
08-03 20:01:39.465 14871 14884 I art     : Starting a blocking GC Explicit
08-03 20:01:39.521 14871 14884 I art     : Explicit concurrent mark sweep GC freed 19(640B) AllocSpace objects, 0(0B) LOS objects, 29% free, 39MB/55MB, paused 440us total 56.059ms
08-03 20:01:39.545 14871 14884 I art     : Starting a blocking GC Explicit
08-03 20:01:39.619 14871 14884 I art     : Explicit concurrent mark sweep GC freed 3(96B) AllocSpace objects, 0(0B) LOS objects, 29% free, 39MB/55MB, paused 468us total 73.928ms
08-03 20:01:39.688   380   380 W SurfaceFlinger: couldn't log to binary event log: overflow.
08-03 20:01:39.942 14871 15130 I art     : Starting a blocking GC Explicit
08-03 20:01:40.011 14871 15130 I art     : Explicit concurrent mark sweep GC freed 1416(84KB) AllocSpace objects, 1(20KB) LOS objects, 29% free, 39MB/55MB, paused 563us total 67.855ms
08-03 20:01:40.034 14871 15130 I art     : Starting a blocking GC Explicit
08-03 20:01:40.086 14871 15130 I art     : Explicit concurrent mark sweep GC freed 41403(2MB) AllocSpace objects, 5(140KB) LOS objects, 30% free, 36MB/52MB, paused 496us total 51.115ms
08-03 20:01:40.105 14871 15130 I art     : Starting a blocking GC Explicit
08-03 20:01:40.150 14871 15130 I art     : Explicit concurrent mark sweep GC freed 3(96B) AllocSpace objects, 0(0B) LOS objects, 30% free, 36MB/52MB, paused 504us total 45.408ms
08-03 20:01:40.169 14871 15130 I art     : Starting a blocking GC Explicit
08-03 20:01:40.217 14871 15130 I art     : Explicit concurrent mark sweep GC freed 3(96B) AllocSpace objects, 0(0B) LOS objects, 30% free, 36MB/52MB, paused 672us total 47.520ms
08-03 20:01:40.236 14871 15130 I art     : Starting a blocking GC Explicit
08-03 20:01:40.282 14871 15130 I art     : Explicit concurrent mark sweep GC freed 3(96B) AllocSpace objects, 0(0B) LOS objects, 30% free, 36MB/52MB, paused 495us total 46.012ms
08-03 20:01:40.628 14871 16853 I art     : Starting a blocking GC Explicit
08-03 20:01:40.676 14871 16853 I art     : Explicit concurrent mark sweep GC freed 1354(82KB) AllocSpace objects, 1(20KB) LOS objects, 30% free, 36MB/52MB, paused 512us total 47.328ms
08-03 20:01:40.694 14871 16853 I art     : Starting a blocking GC Explicit
08-03 20:01:40.740 14871 16853 I art     : Explicit concurrent mark sweep GC freed 20(704B) AllocSpace objects, 0(0B) LOS objects, 30% free, 36MB/52MB, paused 498us total 45.318ms
08-03 20:01:40.758 14871 16853 I art     : Starting a blocking GC Explicit
08-03 20:01:40.803 14871 16853 I art     : Explicit concurrent mark sweep GC freed 3(96B) AllocSpace objects, 0(0B) LOS objects, 30% free, 36MB/52MB, paused 499us total 44.803ms
08-03 20:01:40.822 14871 16853 I art     : Starting a blocking GC Explicit
08-03 20:01:40.868 14871 16853 I art     : Explicit concurrent mark sweep GC freed 3(96B) AllocSpace objects, 0(0B) LOS objects, 30% free, 36MB/52MB, paused 522us total 45.566ms
08-03 20:01:40.886 14871 16853 I art     : Starting a blocking GC Explicit
08-03 20:01:40.931 14871 16853 I art     : Explicit concurrent mark sweep GC freed 3(96B) AllocSpace objects, 0(0B) LOS objects, 30% free, 36MB/52MB, paused 503us total 44.417ms
08-03 20:01:41.126 17939 17939 D AndroidRuntime: >>>>>> START com.android.internal.os.RuntimeInit uid 2000 <<<<<<
08-03 20:01:41.133 17939 17939 D AndroidRuntime: CheckJNI is OFF
08-03 20:01:41.173 17939 17939 D ICU     : No timezone override file found: /data/misc/zoneinfo/current/icu/icu_tzdata.dat
08-03 20:01:41.215 17939 17939 I Radio-JNI: register_android_hardware_Radio DONE
08-03 20:01:41.244 17939 17939 D AndroidRuntime: Calling main entry com.android.commands.input.Input
08-03 20:01:41.246 17939 17939 I Input   : injectMotionEvent: MotionEvent { action=ACTION_DOWN, actionButton=0, id[0]=0, x[0]=600.0, y[0]=938.0, toolType[0]=TOOL_TYPE_UNKNOWN, buttonState=0, metaState=0, flags=0x0, edgeFlags=0x0, pointerCount=1, historySize=0, eventTime=648117658, downTime=648117658, deviceId=0, source=0x1002 }
08-03 20:01:41.250 17939 17939 I Input   : injectMotionEvent: MotionEvent { action=ACTION_UP, actionButton=0, id[0]=0, x[0]=600.0, y[0]=938.0, toolType[0]=TOOL_TYPE_UNKNOWN, buttonState=0, metaState=0, flags=0x0, edgeFlags=0x0, pointerCount=1, historySize=0, eventTime=648117658, downTime=648117658, deviceId=0, source=0x1002 }
08-03 20:01:41.252 17939 17939 D AndroidRuntime: Shutting down VM
08-03 20:01:41.265   918  6112 I ActivityManager: START u0 {dat=https://gfycat.com/... cmp=baseline.org.quantumbadger.redreader/.activities.ImageViewActivity (has extras)} from uid 10634 on display 0
08-03 20:01:41.266   512  2967 D audio_hw_primary: out_set_parameters: enter: usecase(1: low-latency-playback) kvpairs: routing=2
08-03 20:01:41.279   512  2967 D audio_hw_primary: select_devices: out_snd_device(2: speaker) in_snd_device(0: none)
08-03 20:01:41.279   512  2967 D msm8974_platform: platform_send_audio_calibration: sending audio calibration for snd_device(2) acdb_id(15)
08-03 20:01:41.279   512  2967 I soundtrigger: audio_extn_sound_trigger_update_device_status: device 0x2 of type 0 for Event 1
08-03 20:01:41.292   512  2967 D audio_hw_primary: enable_snd_device: snd_device(2: speaker)
08-03 20:01:41.293 14871 14871 I ImageViewActivity: Loading URL https://gfycat.com/deadlygravecavy
08-03 20:01:41.294 14871 14885 I art     : Starting a blocking GC Explicit
08-03 20:01:41.295   512  2967 D audio_hw_primary: enable_audio_route: apply and update mixer path: low-latency-playback speaker
08-03 20:01:41.303 14871 15500 I ImageViewActivity: Got image URL: https://giant.gfycat.com/DeadlyGraveCavy.mp4
08-03 20:01:41.303 14871 15500 I ImageViewActivity: Got image Type: video/mp4
08-03 20:01:41.304 14871 15500 I ImageViewActivity: Got media Type: VIDEO
08-03 20:01:41.304 14871 15500 I ImageViewActivity: Media type VIDEO detected
08-03 20:01:41.304 14871 15500 I ImageViewActivity: Proceeding with download
08-03 20:01:41.309 14871 17964 D OK      : calling: https://giant.gfycat.com/DeadlyGraveCavy.mp4
08-03 20:01:41.337 14871 14885 I art     : Explicit concurrent mark sweep GC freed 3542(247KB) AllocSpace objects, 1(20KB) LOS objects, 30% free, 37MB/53MB, paused 626us total 42.944ms
08-03 20:01:41.344 13866 13866 I GoogleInputMethodServic: GoogleInputMethodService.onFinishInput():3138 
08-03 20:01:41.345 13866 13866 I GoogleInputMethodServic: GoogleInputMethodService.onStartInput():1808 
08-03 20:01:41.355 14871 14885 I art     : Starting a blocking GC Explicit
08-03 20:01:41.372   918   936 I ActivityManager: Displayed baseline.org.quantumbadger.redreader/.activities.ImageViewActivity: +99ms
08-03 20:01:41.402 14871 14885 I art     : Explicit concurrent mark sweep GC freed 341(27KB) AllocSpace objects, 0(0B) LOS objects, 30% free, 36MB/52MB, paused 612us total 47.407ms
08-03 20:01:41.424 14871 14885 I art     : Starting a blocking GC Explicit
08-03 20:01:41.465 14871 14885 I art     : Explicit concurrent mark sweep GC freed 23(1008B) AllocSpace objects, 0(0B) LOS objects, 30% free, 36MB/52MB, paused 521us total 39.818ms
08-03 20:01:41.485 14871 14885 I art     : Starting a blocking GC Explicit
08-03 20:01:41.538 14871 14885 I art     : Explicit concurrent mark sweep GC freed 1599(62KB) AllocSpace objects, 0(0B) LOS objects, 30% free, 36MB/52MB, paused 744us total 52.656ms
08-03 20:01:41.560 14871 14885 I art     : Starting a blocking GC Explicit
08-03 20:01:41.611 14871 14885 I art     : Explicit concurrent mark sweep GC freed 228(8KB) AllocSpace objects, 0(0B) LOS objects, 30% free, 36MB/52MB, paused 632us total 51.256ms
08-03 20:01:41.624   380   380 W SurfaceFlinger: couldn't log to binary event log: overflow.
08-03 20:01:41.697 14871 17964 I NAPPA_EXPERIMENTATION: MetricNetworkRequestExecutionTime: REQUEST_DURATION_SYSTEM='388',REQUEST_DURATION_OKHTTP='156',REQUEST_SYNCHRONOUS='TRUE',RESPONSE_CODE='200',RESPONSE_METHOD='GET',RESPONSE_LENGTH_OKHTTP='1942309',RESPONSE_LENGTH_HEADER='1942309',REQUEST_PROTOCOL='h2',REQUEST_URL='https://giant.gfycat.com/DeadlyGraveCavy.mp4',
08-03 20:01:41.697 14871 17964 D OK      : request got status: 200
08-03 20:01:41.838   512  2967 D audio_hw_primary: disable_audio_route: reset and update mixer path: low-latency-playback speaker
08-03 20:01:41.839   512  2967 D audio_hw_primary: disable_snd_device: snd_device(2: speaker)
08-03 20:01:41.848   512  2967 I soundtrigger: audio_extn_sound_trigger_update_device_status: device 0x2 of type 0 for Event 0
08-03 20:01:41.918 14871 15130 I art     : Starting a blocking GC Explicit
08-03 20:01:41.964 14871 15130 I art     : Explicit concurrent mark sweep GC freed 3074(190KB) AllocSpace objects, 1(20KB) LOS objects, 29% free, 37MB/53MB, paused 585us total 45.120ms
08-03 20:01:41.982 14871 15130 I art     : Starting a blocking GC Explicit
08-03 20:01:42.026 14871 15130 I art     : Explicit concurrent mark sweep GC freed 341(582KB) AllocSpace objects, 0(0B) LOS objects, 29% free, 37MB/53MB, paused 851us total 43.474ms
08-03 20:01:42.045 14871 15130 I art     : Starting a blocking GC Explicit
08-03 20:01:42.083 14871 14871 I ImageViewActivity: Playing video using ExoPlayer
08-03 20:01:42.091 14871 15130 I art     : Explicit concurrent mark sweep GC freed 457(299KB) AllocSpace objects, 1(68KB) LOS objects, 30% free, 37MB/53MB, paused 1.280ms total 45.820ms
08-03 20:01:42.110 14871 15130 I art     : Starting a blocking GC Explicit
08-03 20:01:42.127 14871 14871 I ExoPlayerImpl: Init 10cc9af [ExoPlayerLib/2.10.8] [angler, Nexus 6P, Huawei, 23]
08-03 20:01:42.159 14871 15130 I art     : Explicit concurrent mark sweep GC freed 1521(191KB) AllocSpace objects, 1(68KB) LOS objects, 29% free, 37MB/53MB, paused 1.575ms total 49.173ms
08-03 20:01:42.178 14871 15130 I art     : Starting a blocking GC Explicit
08-03 20:01:42.228 14871 15130 I art     : Explicit concurrent mark sweep GC freed 2121(225KB) AllocSpace objects, 1(68KB) LOS objects, 29% free, 38MB/54MB, paused 1.495ms total 49.798ms
08-03 20:01:42.324 14871 17978 W VideoCapabilities: Unrecognized profile 2130706433 for video/avc
08-03 20:01:42.355 14871 17978 I VideoCapabilities: Unsupported profile 4 for video/mp4v-es
08-03 20:01:42.387 14871 17983 I OMXClient: Using client-side OMX mux.
08-03 20:01:42.477   512 15071 I OMX-VDEC-1080P: component_init: OMX.qcom.video.decoder.avc : fd=49
08-03 20:01:42.477   512 15071 I OMX-VDEC-1080P: Capabilities: driver_name = msm_vidc_driver, card = msm_vdec_8974, bus_info = , version = 1, capabilities = 4003000
08-03 20:01:42.482   512 15071 I OMX-VDEC-1080P: Enabling default extradata for OMX.qcom.video.decoder.avc
08-03 20:01:42.486   512 15071 I OMX-VDEC-1080P: omx_vdec::component_init() success : fd=49
08-03 20:01:42.489 14871 17982 I MediaCodec: [OMX.qcom.video.decoder.avc] setting surface generation to 15227905
08-03 20:01:42.491   512  3270 E OMX-VDEC-1080P: Extension: OMX.google.android.index.storeANWBufferInMetadata not implemented
08-03 20:01:42.520 14871 17983 D SurfaceUtils: set up nativeWindow 0x7f79305810 for 360x306, color 0x7fa30c04, rotation 0, usage 0x42002900
08-03 20:01:42.553 14871 16853 I art     : Starting a blocking GC Explicit
08-03 20:01:42.553 14871 17983 D SurfaceUtils: set up nativeWindow 0x7f79305810 for 368x320, color 0x7fa30c04, rotation 0, usage 0x42002900
08-03 20:01:42.601 14871 16853 I art     : Explicit concurrent mark sweep GC freed 7449(413KB) AllocSpace objects, 4(120KB) LOS objects, 28% free, 40MB/56MB, paused 727us total 48.262ms
08-03 20:01:42.622 14871 16853 I art     : Starting a blocking GC Explicit
08-03 20:01:42.671 14871 16853 I art     : Explicit concurrent mark sweep GC freed 99(12KB) AllocSpace objects, 1(68KB) LOS objects, 28% free, 40MB/56MB, paused 533us total 48.896ms
08-03 20:01:42.689 14871 16853 I art     : Starting a blocking GC Explicit
08-03 20:01:42.733 14871 16853 I art     : Explicit concurrent mark sweep GC freed 23(848B) AllocSpace objects, 0(0B) LOS objects, 28% free, 40MB/56MB, paused 569us total 44.538ms
08-03 20:01:42.734 14871 14882 I art     : WaitForGcToComplete blocked for 37.358ms for cause HeapTrim
08-03 20:01:42.752 14871 16853 I art     : Starting a blocking GC Explicit
08-03 20:01:42.800 14871 16853 I art     : Explicit concurrent mark sweep GC freed 25(928B) AllocSpace objects, 0(0B) LOS objects, 28% free, 40MB/56MB, paused 581us total 47.591ms
08-03 20:01:42.819 14871 16853 I art     : Starting a blocking GC Explicit
08-03 20:01:42.869 14871 16853 I art     : Explicit concurrent mark sweep GC freed 29(1040B) AllocSpace objects, 0(0B) LOS objects, 28% free, 40MB/56MB, paused 658us total 49.486ms
08-03 20:01:43.240 14871 14885 I art     : Starting a blocking GC Explicit
08-03 20:01:43.293 14871 14885 I art     : Explicit concurrent mark sweep GC freed 1489(87KB) AllocSpace objects, 1(20KB) LOS objects, 28% free, 40MB/56MB, paused 555us total 52.898ms
08-03 20:01:43.313 14871 14885 I art     : Starting a blocking GC Explicit
08-03 20:01:43.364 14871 14885 I art     : Explicit concurrent mark sweep GC freed 50(1792B) AllocSpace objects, 0(0B) LOS objects, 28% free, 40MB/56MB, paused 599us total 50.913ms
08-03 20:01:43.384 14871 14885 I art     : Starting a blocking GC Explicit
08-03 20:01:43.437 14871 14885 I art     : Explicit concurrent mark sweep GC freed 21(816B) AllocSpace objects, 0(0B) LOS objects, 28% free, 40MB/56MB, paused 617us total 51.822ms
08-03 20:01:43.457 14871 14885 I art     : Starting a blocking GC Explicit
08-03 20:01:43.509 14871 14885 I art     : Explicit concurrent mark sweep GC freed 25(928B) AllocSpace objects, 0(0B) LOS objects, 28% free, 40MB/56MB, paused 566us total 51.633ms
08-03 20:01:43.529 14871 14885 I art     : Starting a blocking GC Explicit
08-03 20:01:43.578 14871 14885 I art     : Explicit concurrent mark sweep GC freed 25(928B) AllocSpace objects, 0(0B) LOS objects, 28% free, 40MB/56MB, paused 565us total 49.278ms
08-03 20:01:43.853   518   646 I ThermalEngine: ACTION: GPU - Setting GPU[0] to 390000000
08-03 20:01:43.967 14871 15130 I art     : Starting a blocking GC Explicit
08-03 20:01:44.032 14871 15130 I art     : Explicit concurrent mark sweep GC freed 1508(88KB) AllocSpace objects, 1(20KB) LOS objects, 28% free, 40MB/56MB, paused 1.009ms total 63.848ms
08-03 20:01:44.058 14871 15130 I art     : Starting a blocking GC Explicit
08-03 20:01:44.122 14871 15130 I art     : Explicit concurrent mark sweep GC freed 46(1648B) AllocSpace objects, 0(0B) LOS objects, 28% free, 40MB/56MB, paused 1.046ms total 63.350ms
08-03 20:01:44.148 14871 15130 I art     : Starting a blocking GC Explicit
08-03 20:01:44.210 14871 15130 I art     : Explicit concurrent mark sweep GC freed 32(1232B) AllocSpace objects, 0(0B) LOS objects, 28% free, 40MB/56MB, paused 877us total 61.393ms
08-03 20:01:44.236 14871 15130 I art     : Starting a blocking GC Explicit
08-03 20:01:44.299 14871 15130 I art     : Explicit concurrent mark sweep GC freed 32(1200B) AllocSpace objects, 0(0B) LOS objects, 28% free, 40MB/56MB, paused 968us total 62.451ms
08-03 20:01:44.326 14871 15130 I art     : Starting a blocking GC Explicit
08-03 20:01:44.390 14871 15130 I art     : Explicit concurrent mark sweep GC freed 36(1344B) AllocSpace objects, 0(0B) LOS objects, 28% free, 40MB/56MB, paused 1.008ms total 63.689ms
08-03 20:01:44.781 14871 16853 I art     : Starting a blocking GC Explicit
08-03 20:01:44.846 14871 16853 I art     : Explicit concurrent mark sweep GC freed 1503(88KB) AllocSpace objects, 1(20KB) LOS objects, 28% free, 40MB/56MB, paused 1.035ms total 65.062ms
08-03 20:01:44.873 14871 16853 I art     : Starting a blocking GC Explicit
08-03 20:01:44.937 14871 16853 I art     : Explicit concurrent mark sweep GC freed 53(1952B) AllocSpace objects, 0(0B) LOS objects, 28% free, 40MB/56MB, paused 1.082ms total 63.996ms
08-03 20:01:44.964 14871 16853 I art     : Starting a blocking GC Explicit
08-03 20:01:45.024 14871 16853 I art     : Explicit concurrent mark sweep GC freed 32(1200B) AllocSpace objects, 0(0B) LOS objects, 28% free, 40MB/56MB, paused 1.029ms total 59.876ms
08-03 20:01:45.052 14871 16853 I art     : Starting a blocking GC Explicit
08-03 20:01:45.057   918 13198 D NetlinkSocketObserver: NeighborEvent{elapsedMs=1631508931, 192.168.2.254, [7C3953A63323], RTM_NEWNEIGH, NUD_PROBE}
08-03 20:01:45.114 14871 16853 I art     : Explicit concurrent mark sweep GC freed 29(1072B) AllocSpace objects, 0(0B) LOS objects, 28% free, 40MB/56MB, paused 903us total 62.266ms
08-03 20:01:45.141 14871 16853 I art     : Starting a blocking GC Explicit
08-03 20:01:45.205 14871 16853 I art     : Explicit concurrent mark sweep GC freed 36(1344B) AllocSpace objects, 0(0B) LOS objects, 28% free, 40MB/56MB, paused 977us total 63.390ms
08-03 20:01:45.588 14871 14885 I art     : Starting a blocking GC Explicit
08-03 20:01:45.653 14871 14885 I art     : Explicit concurrent mark sweep GC freed 1499(88KB) AllocSpace objects, 1(20KB) LOS objects, 28% free, 40MB/56MB, paused 900us total 64.235ms
08-03 20:01:45.679 14871 14885 I art     : Starting a blocking GC Explicit
08-03 20:01:45.742 14871 14885 I art     : Explicit concurrent mark sweep GC freed 53(1952B) AllocSpace objects, 0(0B) LOS objects, 28% free, 40MB/56MB, paused 1.034ms total 62.145ms
08-03 20:01:45.769 14871 14885 I art     : Starting a blocking GC Explicit
08-03 20:01:45.831 14871 14885 I art     : Explicit concurrent mark sweep GC freed 36(1344B) AllocSpace objects, 0(0B) LOS objects, 28% free, 40MB/56MB, paused 1.104ms total 61.886ms
08-03 20:01:45.855   518   646 I ThermalEngine: ACTION: GPU - Setting GPU[0] to 450000000
08-03 20:01:45.860 14871 14885 I art     : Starting a blocking GC Explicit
08-03 20:01:45.909 14871 14885 I art     : Explicit concurrent mark sweep GC freed 25(928B) AllocSpace objects, 0(0B) LOS objects, 28% free, 40MB/56MB, paused 580us total 48.524ms
08-03 20:01:45.928 14871 14885 I art     : Starting a blocking GC Explicit
08-03 20:01:45.977 14871 14885 I art     : Explicit concurrent mark sweep GC freed 25(928B) AllocSpace objects, 0(0B) LOS objects, 28% free, 40MB/56MB, paused 662us total 49.210ms
08-03 20:01:46.281 14871 17963 I RedditChangeDataIO: Writing tmp data file at '/data/user/0/baseline.org.quantumbadger.redreader/files/rr_change_data_tmp.dat'
08-03 20:01:46.283 14871 17963 I RedditChangeDataManager: Taking snapshot...
08-03 20:01:46.283 14871 17963 I RedditChangeDataManager: Writing to stream...
08-03 20:01:46.283 14871 17963 I RedditChangeDataManager: Wrote 6 entries for user ''
08-03 20:01:46.283 14871 17963 I RedditChangeDataManager: All entries written to stream.
08-03 20:01:46.284 14871 17963 I RedditChangeDataIO: Write successful. Atomically replacing data file...
08-03 20:01:46.284 14871 17963 I RedditChangeDataIO: Write complete.
08-03 20:01:46.284 14871 17963 I RedditChangeDataIO: 158 bytes written in 3 ms
08-03 20:01:46.333 14871 14905 I art     : Starting a blocking GC Explicit
08-03 20:01:46.388 14871 14905 I art     : Explicit concurrent mark sweep GC freed 1582(93KB) AllocSpace objects, 2(88KB) LOS objects, 28% free, 40MB/56MB, paused 719us total 55.022ms
08-03 20:01:46.407 14871 14905 I art     : Starting a blocking GC Explicit
08-03 20:01:46.460 14871 14905 I art     : Explicit concurrent mark sweep GC freed 46(1696B) AllocSpace objects, 0(0B) LOS objects, 28% free, 40MB/56MB, paused 528us total 52.064ms
08-03 20:01:46.479 14871 14905 I art     : Starting a blocking GC Explicit
08-03 20:01:46.530 14871 14905 I art     : Explicit concurrent mark sweep GC freed 25(928B) AllocSpace objects, 0(0B) LOS objects, 28% free, 40MB/56MB, paused 525us total 50.078ms
08-03 20:01:46.549 14871 14905 I art     : Starting a blocking GC Explicit
08-03 20:01:46.597 14871 14905 I art     : Explicit concurrent mark sweep GC freed 29(1072B) AllocSpace objects, 0(0B) LOS objects, 28% free, 40MB/56MB, paused 515us total 47.521ms
08-03 20:01:46.616 14871 14905 I art     : Starting a blocking GC Explicit
08-03 20:01:46.663 14871 14905 I art     : Explicit concurrent mark sweep GC freed 21(784B) AllocSpace objects, 0(0B) LOS objects, 28% free, 40MB/56MB, paused 518us total 47.644ms
08-03 20:01:47.034 14871 16853 I art     : Starting a blocking GC Explicit
08-03 20:01:47.085 14871 16853 I art     : Explicit concurrent mark sweep GC freed 1522(89KB) AllocSpace objects, 1(20KB) LOS objects, 28% free, 40MB/56MB, paused 499us total 50.250ms
08-03 20:01:47.104 14871 16853 I art     : Starting a blocking GC Explicit
08-03 20:01:47.155 14871 16853 I art     : Explicit concurrent mark sweep GC freed 210(32KB) AllocSpace objects, 0(0B) LOS objects, 28% free, 40MB/56MB, paused 509us total 51.341ms
08-03 20:01:47.175 14871 16853 I art     : Starting a blocking GC Explicit
08-03 20:01:47.226 14871 16853 I art     : Explicit concurrent mark sweep GC freed 86(2992B) AllocSpace objects, 0(0B) LOS objects, 28% free, 40MB/56MB, paused 519us total 50.859ms
08-03 20:01:47.245 14871 16853 I art     : Starting a blocking GC Explicit
08-03 20:01:47.297 14871 16853 I art     : Explicit concurrent mark sweep GC freed 28(1040B) AllocSpace objects, 0(0B) LOS objects, 28% free, 40MB/56MB, paused 538us total 51.159ms
08-03 20:01:47.316 14871 16853 I art     : Starting a blocking GC Explicit
08-03 20:01:47.366 14871 16853 I art     : Explicit concurrent mark sweep GC freed 23(880B) AllocSpace objects, 0(0B) LOS objects, 28% free, 40MB/56MB, paused 535us total 50.065ms
08-03 20:01:47.585 16014 16014 I Atfwd_Sendcmd: AtCmdFwd service not ready - Exhausted retry attempts - :6
08-03 20:01:47.586 16014 16014 I Atfwd_Daemon: result : -1 	 ,Init step :2 	 ,qmiErrorCode: 0
08-03 20:01:47.692 14871 16853 I art     : Starting a blocking GC Explicit
08-03 20:01:47.742 14871 16853 I art     : Explicit concurrent mark sweep GC freed 1485(87KB) AllocSpace objects, 1(20KB) LOS objects, 28% free, 40MB/56MB, paused 547us total 50.011ms
08-03 20:01:47.761 14871 16853 I art     : Starting a blocking GC Explicit
08-03 20:01:47.811 14871 16853 I art     : Explicit concurrent mark sweep GC freed 38(1392B) AllocSpace objects, 0(0B) LOS objects, 28% free, 40MB/56MB, paused 562us total 49.481ms
08-03 20:01:47.812 14871 14882 I art     : WaitForGcToComplete blocked for 10.481ms for cause HeapTrim
08-03 20:01:47.831 14871 16853 I art     : Starting a blocking GC Explicit
08-03 20:01:47.881 14871 16853 I art     : Explicit concurrent mark sweep GC freed 23(864B) AllocSpace objects, 0(0B) LOS objects, 28% free, 40MB/56MB, paused 515us total 49.439ms
08-03 20:01:47.900 14871 16853 I art     : Starting a blocking GC Explicit
08-03 20:01:47.951 14871 16853 I art     : Explicit concurrent mark sweep GC freed 25(928B) AllocSpace objects, 0(0B) LOS objects, 28% free, 40MB/56MB, paused 575us total 50.998ms
08-03 20:01:47.970 14871 16853 I art     : Starting a blocking GC Explicit
08-03 20:01:48.018 14871 16853 I art     : Explicit concurrent mark sweep GC freed 25(928B) AllocSpace objects, 0(0B) LOS objects, 28% free, 40MB/56MB, paused 543us total 47.866ms
08-03 20:01:48.044 18069 18069 D AndroidRuntime: >>>>>> START com.android.internal.os.RuntimeInit uid 2000 <<<<<<
08-03 20:01:48.050 18069 18069 D AndroidRuntime: CheckJNI is OFF
08-03 20:01:48.092 18069 18069 D ICU     : No timezone override file found: /data/misc/zoneinfo/current/icu/icu_tzdata.dat
08-03 20:01:48.139 18069 18069 I Radio-JNI: register_android_hardware_Radio DONE
08-03 20:01:48.168 18069 18069 D AndroidRuntime: Calling main entry com.android.commands.input.Input
08-03 20:01:48.171 18069 18069 I Input   : injectKeyEvent: KeyEvent { action=ACTION_DOWN, keyCode=KEYCODE_BACK, scanCode=0, metaState=0, flags=0x0, repeatCount=0, eventTime=648124584, downTime=648124584, deviceId=-1, source=0x101 }
08-03 20:01:48.186 18069 18069 I Input   : injectKeyEvent: KeyEvent { action=ACTION_UP, keyCode=KEYCODE_BACK, scanCode=0, metaState=0, flags=0x0, repeatCount=0, eventTime=648124584, downTime=648124584, deviceId=-1, source=0x101 }
08-03 20:01:48.194 18069 18069 D AndroidRuntime: Shutting down VM
08-03 20:01:48.255 13866 13866 I GoogleInputMethodServic: GoogleInputMethodService.onFinishInput():3138 
08-03 20:01:48.256 13866 13866 I GoogleInputMethodServic: GoogleInputMethodService.onStartInput():1808 
08-03 20:01:48.337 14871 17982 I MediaCodec: [OMX.qcom.video.decoder.avc] setting surface generation to 15227906
08-03 20:01:48.338 14871 17983 D SurfaceUtils: set up nativeWindow 0x7f79306610 for 368x320, color 0x7fa30c04, rotation 0, usage 0x42002900
08-03 20:01:48.368 14871 15130 I art     : Starting a blocking GC Explicit
08-03 20:01:48.416 14871 15130 I art     : Explicit concurrent mark sweep GC freed 1766(99KB) AllocSpace objects, 1(20KB) LOS objects, 28% free, 40MB/56MB, paused 551us total 48.288ms
08-03 20:01:48.436 14871 15130 I art     : Starting a blocking GC Explicit
08-03 20:01:48.488 14871 15130 I art     : Explicit concurrent mark sweep GC freed 46(1696B) AllocSpace objects, 0(0B) LOS objects, 28% free, 40MB/56MB, paused 561us total 51.452ms
08-03 20:01:48.509 14871 15130 I art     : Starting a blocking GC Explicit
08-03 20:01:48.559 14871 14871 I ExoPlayerImpl: Release 10cc9af [ExoPlayerLib/2.10.8] [angler, Nexus 6P, Huawei, 23] [goog.exo.core, goog.exo.ui]
08-03 20:01:48.565   380   380 W SurfaceFlinger: couldn't log to binary event log: overflow.
08-03 20:01:48.569 14871 15130 I art     : Explicit concurrent mark sweep GC freed 64(2704B) AllocSpace objects, 0(0B) LOS objects, 28% free, 40MB/56MB, paused 651us total 59.413ms
08-03 20:01:48.577   512 15071 I OMX-VDEC-1080P: omx_vdec::component_deinit() complete
08-03 20:01:48.579   512 15071 I OMX-VDEC-1080P: Exit OMX vdec Destructor: fd=49
08-03 20:01:48.596 14871 15130 I art     : Starting a blocking GC Explicit
08-03 20:01:48.640 14871 15130 I art     : Explicit concurrent mark sweep GC freed 399(100KB) AllocSpace objects, 35(2MB) LOS objects, 29% free, 37MB/53MB, paused 483us total 44.423ms
08-03 20:01:48.660 14871 15130 I art     : Starting a blocking GC Explicit
08-03 20:01:48.704 14871 15130 I art     : Explicit concurrent mark sweep GC freed 2891(161KB) AllocSpace objects, 4(200KB) LOS objects, 29% free, 37MB/53MB, paused 488us total 43.161ms
08-03 20:01:49.027 14871 14905 I art     : Starting a blocking GC Explicit
08-03 20:01:49.074 14871 14905 I art     : Explicit concurrent mark sweep GC freed 1354(82KB) AllocSpace objects, 1(20KB) LOS objects, 29% free, 37MB/53MB, paused 494us total 45.874ms
08-03 20:01:49.092 14871 14905 I art     : Starting a blocking GC Explicit
08-03 20:01:49.140 14871 14905 I art     : Explicit concurrent mark sweep GC freed 20(704B) AllocSpace objects, 0(0B) LOS objects, 29% free, 37MB/53MB, paused 509us total 47.362ms
08-03 20:01:49.158 14871 14905 I art     : Starting a blocking GC Explicit
08-03 20:01:49.207 14871 14905 I art     : Explicit concurrent mark sweep GC freed 3(96B) AllocSpace objects, 0(0B) LOS objects, 29% free, 37MB/53MB, paused 495us total 48.012ms
08-03 20:01:49.225 14871 14905 I art     : Starting a blocking GC Explicit
08-03 20:01:49.274 14871 14905 I art     : Explicit concurrent mark sweep GC freed 3(96B) AllocSpace objects, 0(0B) LOS objects, 29% free, 37MB/53MB, paused 495us total 48.672ms
08-03 20:01:49.294 14871 14905 I art     : Starting a blocking GC Explicit
08-03 20:01:49.343 14871 14905 I art     : Explicit concurrent mark sweep GC freed 3(96B) AllocSpace objects, 0(0B) LOS objects, 29% free, 37MB/53MB, paused 491us total 49.615ms
08-03 20:01:49.664 14871 14885 I art     : Starting a blocking GC Explicit
08-03 20:01:49.721 14871 14885 I art     : Explicit concurrent mark sweep GC freed 1354(82KB) AllocSpace objects, 1(20KB) LOS objects, 29% free, 37MB/53MB, paused 531us total 56.653ms
08-03 20:01:49.740 14871 14885 I art     : Starting a blocking GC Explicit
08-03 20:01:49.786 14871 14885 I art     : Explicit concurrent mark sweep GC freed 20(704B) AllocSpace objects, 0(0B) LOS objects, 29% free, 37MB/53MB, paused 503us total 46.445ms
08-03 20:01:49.805 14871 14885 I art     : Starting a blocking GC Explicit
08-03 20:01:49.853 14871 14885 I art     : Explicit concurrent mark sweep GC freed 3(96B) AllocSpace objects, 0(0B) LOS objects, 29% free, 37MB/53MB, paused 514us total 47.412ms
08-03 20:01:49.864   518   646 I ThermalEngine: ACTION: GPU - Setting GPU[0] to 390000000
08-03 20:01:49.879 14871 14885 I art     : Starting a blocking GC Explicit
08-03 20:01:49.940 14871 14885 I art     : Explicit concurrent mark sweep GC freed 3(96B) AllocSpace objects, 0(0B) LOS objects, 29% free, 37MB/53MB, paused 935us total 60.048ms
08-03 20:01:49.966 14871 14885 I art     : Starting a blocking GC Explicit
08-03 20:01:50.025 14871 14885 I art     : Explicit concurrent mark sweep GC freed 3(96B) AllocSpace objects, 0(0B) LOS objects, 29% free, 37MB/53MB, paused 830us total 58.710ms
08-03 20:01:50.052 18129 18129 D AndroidRuntime: >>>>>> START com.android.internal.os.RuntimeInit uid 2000 <<<<<<
08-03 20:01:50.059 18129 18129 D AndroidRuntime: CheckJNI is OFF
08-03 20:01:50.110 18129 18129 D ICU     : No timezone override file found: /data/misc/zoneinfo/current/icu/icu_tzdata.dat
08-03 20:01:50.158 18129 18129 I Radio-JNI: register_android_hardware_Radio DONE
08-03 20:01:50.196 18129 18129 D AndroidRuntime: Calling main entry com.android.commands.input.Input
08-03 20:01:50.199 18129 18129 I Input   : injectMotionEvent: MotionEvent { action=ACTION_DOWN, actionButton=0, id[0]=0, x[0]=1340.0, y[0]=1100.0, toolType[0]=TOOL_TYPE_UNKNOWN, buttonState=0, metaState=0, flags=0x0, edgeFlags=0x0, pointerCount=1, historySize=0, eventTime=648126611, downTime=648126611, deviceId=0, source=0x1002 }
08-03 20:01:50.205 18129 18129 I Input   : injectMotionEvent: MotionEvent { action=ACTION_UP, actionButton=0, id[0]=0, x[0]=1340.0, y[0]=1100.0, toolType[0]=TOOL_TYPE_UNKNOWN, buttonState=0, metaState=0, flags=0x0, edgeFlags=0x0, pointerCount=1, historySize=0, eventTime=648126611, downTime=648126611, deviceId=0, source=0x1002 }
08-03 20:01:50.207 18129 18129 D AndroidRuntime: Shutting down VM
08-03 20:01:50.225   512  2967 D audio_hw_primary: out_set_parameters: enter: usecase(1: low-latency-playback) kvpairs: routing=2
08-03 20:01:50.229   918  5952 I ActivityManager: START u0 {dat=https://oauth.reddit.com/... cmp=baseline.org.quantumbadger.redreader/.activities.CommentListingActivity} from uid 10634 on display 0
08-03 20:01:50.239   512  2967 D audio_hw_primary: select_devices: out_snd_device(2: speaker) in_snd_device(0: none)
08-03 20:01:50.239   512  2967 D msm8974_platform: platform_send_audio_calibration: sending audio calibration for snd_device(2) acdb_id(15)
08-03 20:01:50.239   512  2967 I soundtrigger: audio_extn_sound_trigger_update_device_status: device 0x2 of type 0 for Event 1
08-03 20:01:50.253   512  2967 D audio_hw_primary: enable_snd_device: snd_device(2: speaker)
08-03 20:01:50.256   512  2967 D audio_hw_primary: enable_audio_route: apply and update mixer path: low-latency-playback speaker
08-03 20:01:50.264 14871 14871 I AppCompatViewInflater: app:theme is now deprecated. Please move to using android:theme instead.
08-03 20:01:50.296 14871 15500 I CommentListingActivity: COMMENTS session changed to a280bc81-cc8d-4a42-928d-49aeda85a3f0
08-03 20:01:50.405 14871 15130 I art     : Starting a blocking GC Explicit
08-03 20:01:50.455 13866 13866 I GoogleInputMethodServic: GoogleInputMethodService.onFinishInput():3138 
08-03 20:01:50.457   918   936 I ActivityManager: Displayed baseline.org.quantumbadger.redreader/.activities.CommentListingActivity: +214ms
08-03 20:01:50.465 13866 13866 I GoogleInputMethodServic: GoogleInputMethodService.onStartInput():1808 
08-03 20:01:50.492 14871 15130 I art     : Explicit concurrent mark sweep GC freed 20478(1125KB) AllocSpace objects, 1(20KB) LOS objects, 28% free, 39MB/55MB, paused 1.760ms total 86.842ms
08-03 20:01:50.529 14871 15130 I art     : Starting a blocking GC Explicit
08-03 20:01:50.600 14871 15130 I art     : Explicit concurrent mark sweep GC freed 11420(683KB) AllocSpace objects, 0(0B) LOS objects, 28% free, 39MB/55MB, paused 855us total 70.854ms
08-03 20:01:50.626 14871 15130 I art     : Starting a blocking GC Explicit
08-03 20:01:50.696 14871 15130 I art     : Explicit concurrent mark sweep GC freed 12688(513KB) AllocSpace objects, 0(0B) LOS objects, 28% free, 39MB/55MB, paused 728us total 68.758ms
08-03 20:01:50.700   380   380 W SurfaceFlinger: couldn't log to binary event log: overflow.
08-03 20:01:50.722 14871 15130 I art     : Starting a blocking GC Explicit
08-03 20:01:50.787 14871 15130 I art     : Explicit concurrent mark sweep GC freed 46(2640B) AllocSpace objects, 0(0B) LOS objects, 28% free, 39MB/55MB, paused 617us total 64.262ms
08-03 20:01:50.798   512  2967 D audio_hw_primary: disable_audio_route: reset and update mixer path: low-latency-playback speaker
08-03 20:01:50.799   512  2967 D audio_hw_primary: disable_snd_device: snd_device(2: speaker)
08-03 20:01:50.806   512  2967 I soundtrigger: audio_extn_sound_trigger_update_device_status: device 0x2 of type 0 for Event 0
08-03 20:01:50.813 14871 15130 I art     : Starting a blocking GC Explicit
08-03 20:01:50.881 14871 15130 I art     : Explicit concurrent mark sweep GC freed 168(5KB) AllocSpace objects, 0(0B) LOS objects, 28% free, 39MB/55MB, paused 803us total 67.845ms
08-03 20:01:51.247 14871 14884 I art     : Starting a blocking GC Explicit
08-03 20:01:51.327 14871 14884 I art     : Explicit concurrent mark sweep GC freed 1365(83KB) AllocSpace objects, 1(20KB) LOS objects, 28% free, 39MB/55MB, paused 951us total 79.216ms
08-03 20:01:51.357 14871 14884 I art     : Starting a blocking GC Explicit
08-03 20:01:51.433 14871 14884 I art     : Explicit concurrent mark sweep GC freed 20(704B) AllocSpace objects, 0(0B) LOS objects, 28% free, 39MB/55MB, paused 895us total 75.496ms
08-03 20:01:51.462 14871 14884 I art     : Starting a blocking GC Explicit
08-03 20:01:51.545 14871 14884 I art     : Explicit concurrent mark sweep GC freed 49(1920B) AllocSpace objects, 0(0B) LOS objects, 28% free, 39MB/55MB, paused 1.288ms total 82.820ms
08-03 20:01:51.577 14871 14884 I art     : Starting a blocking GC Explicit
08-03 20:01:51.662 14871 14884 I art     : Explicit concurrent mark sweep GC freed 3(96B) AllocSpace objects, 0(0B) LOS objects, 28% free, 39MB/55MB, paused 1.231ms total 84.355ms
08-03 20:01:51.693 14871 14884 I art     : Starting a blocking GC Explicit
08-03 20:01:51.776 14871 14884 I art     : Explicit concurrent mark sweep GC freed 3(96B) AllocSpace objects, 0(0B) LOS objects, 28% free, 39MB/55MB, paused 1.393ms total 81.763ms
08-03 20:01:52.177 14871 16853 I art     : Starting a blocking GC Explicit
08-03 20:01:52.281 14871 16853 I art     : Explicit concurrent mark sweep GC freed 1354(82KB) AllocSpace objects, 1(20KB) LOS objects, 28% free, 39MB/55MB, paused 1.315ms total 103.397ms
08-03 20:01:52.317 14871 16853 I art     : Starting a blocking GC Explicit
08-03 20:01:52.404 14871 16853 I art     : Explicit concurrent mark sweep GC freed 20(704B) AllocSpace objects, 0(0B) LOS objects, 28% free, 39MB/55MB, paused 859us total 86.815ms
08-03 20:01:52.435 14871 16853 I art     : Starting a blocking GC Explicit
08-03 20:01:52.515 14871 16853 I art     : Explicit concurrent mark sweep GC freed 3(96B) AllocSpace objects, 0(0B) LOS objects, 28% free, 39MB/55MB, paused 699us total 79.407ms
08-03 20:01:52.546 14871 16853 I art     : Starting a blocking GC Explicit
08-03 20:01:52.586 16014 16014 I ServiceManager: Waiting for service AtCmdFwd...
08-03 20:01:52.633 14871 16853 I art     : Explicit concurrent mark sweep GC freed 3(96B) AllocSpace objects, 0(0B) LOS objects, 28% free, 39MB/55MB, paused 1.194ms total 86.775ms
08-03 20:01:52.664 14871 16853 I art     : Starting a blocking GC Explicit
08-03 20:01:52.743 14871 16853 I art     : Explicit concurrent mark sweep GC freed 3(96B) AllocSpace objects, 0(0B) LOS objects, 28% free, 39MB/55MB, paused 714us total 79.260ms
08-03 20:01:53.134 14871 15130 I art     : Starting a blocking GC Explicit
08-03 20:01:53.236 14871 15130 I art     : Explicit concurrent mark sweep GC freed 1354(82KB) AllocSpace objects, 1(20KB) LOS objects, 28% free, 39MB/55MB, paused 1.161ms total 101.228ms
08-03 20:01:53.269 14871 15130 I art     : Starting a blocking GC Explicit
08-03 20:01:53.347 14871 15130 I art     : Explicit concurrent mark sweep GC freed 20(704B) AllocSpace objects, 0(0B) LOS objects, 28% free, 39MB/55MB, paused 721us total 78.241ms
08-03 20:01:53.383 14871 15130 I art     : Starting a blocking GC Explicit
08-03 20:01:53.462 14871 15130 I art     : Explicit concurrent mark sweep GC freed 3(96B) AllocSpace objects, 0(0B) LOS objects, 28% free, 39MB/55MB, paused 716us total 78.911ms
08-03 20:01:53.492 14871 15130 I art     : Starting a blocking GC Explicit
08-03 20:01:53.581 14871 15130 I art     : Explicit concurrent mark sweep GC freed 3(96B) AllocSpace objects, 0(0B) LOS objects, 28% free, 39MB/55MB, paused 934us total 88.216ms
08-03 20:01:53.587 16014 16014 I ServiceManager: Waiting for service AtCmdFwd...
08-03 20:01:53.615 14871 15130 I art     : Starting a blocking GC Explicit
08-03 20:01:53.693 14871 15130 I art     : Explicit concurrent mark sweep GC freed 3(96B) AllocSpace objects, 0(0B) LOS objects, 28% free, 39MB/55MB, paused 711us total 78.039ms
08-03 20:01:53.870   518   646 I ThermalEngine: ACTION: GPU - Setting GPU[0] to 450000000
08-03 20:01:54.039 14871 14905 I art     : Starting a blocking GC Explicit
08-03 20:01:54.124 14871 14905 I art     : Explicit concurrent mark sweep GC freed 1354(82KB) AllocSpace objects, 1(20KB) LOS objects, 28% free, 39MB/55MB, paused 583us total 84.915ms
08-03 20:01:54.148 14871 14905 I art     : Starting a blocking GC Explicit
08-03 20:01:54.218 14871 14905 I art     : Explicit concurrent mark sweep GC freed 20(704B) AllocSpace objects, 0(0B) LOS objects, 28% free, 39MB/55MB, paused 499us total 70.085ms
08-03 20:01:54.240 14871 14905 I art     : Starting a blocking GC Explicit
08-03 20:01:54.312 14871 14905 I art     : Explicit concurrent mark sweep GC freed 3(96B) AllocSpace objects, 0(0B) LOS objects, 28% free, 39MB/55MB, paused 530us total 72.186ms
08-03 20:01:54.336 14871 14905 I art     : Starting a blocking GC Explicit
08-03 20:01:54.413 14871 14905 I art     : Explicit concurrent mark sweep GC freed 3(96B) AllocSpace objects, 0(0B) LOS objects, 28% free, 39MB/55MB, paused 592us total 76.686ms
08-03 20:01:54.437 14871 14905 I art     : Starting a blocking GC Explicit
08-03 20:01:54.498 14871 14905 I art     : Explicit concurrent mark sweep GC freed 3(96B) AllocSpace objects, 0(0B) LOS objects, 28% free, 39MB/55MB, paused 531us total 60.243ms
08-03 20:01:54.587 16014 16014 I ServiceManager: Waiting for service AtCmdFwd...
08-03 20:01:54.851 14871 14885 I art     : Starting a blocking GC Explicit
08-03 20:01:54.932 14871 14885 I art     : Explicit concurrent mark sweep GC freed 1354(82KB) AllocSpace objects, 1(20KB) LOS objects, 28% free, 39MB/55MB, paused 588us total 80.522ms
08-03 20:01:54.958 14871 14885 I art     : Starting a blocking GC Explicit
08-03 20:01:55.008 18232 18232 D AndroidRuntime: >>>>>> START com.android.internal.os.RuntimeInit uid 2000 <<<<<<
08-03 20:01:55.014 18232 18232 D AndroidRuntime: CheckJNI is OFF
08-03 20:01:55.025 14871 14885 I art     : Explicit concurrent mark sweep GC freed 20(704B) AllocSpace objects, 0(0B) LOS objects, 28% free, 39MB/55MB, paused 553us total 66.782ms
08-03 20:01:55.047 14871 14885 I art     : Starting a blocking GC Explicit
08-03 20:01:55.060 18232 18232 D ICU     : No timezone override file found: /data/misc/zoneinfo/current/icu/icu_tzdata.dat
08-03 20:01:55.103 18232 18232 I Radio-JNI: register_android_hardware_Radio DONE
08-03 20:01:55.111 14871 14885 I art     : Explicit concurrent mark sweep GC freed 3(96B) AllocSpace objects, 0(0B) LOS objects, 28% free, 39MB/55MB, paused 584us total 63.998ms
08-03 20:01:55.132 14871 14885 I art     : Starting a blocking GC Explicit
08-03 20:01:55.133 18232 18232 D AndroidRuntime: Calling main entry com.android.commands.input.Input
08-03 20:01:55.135 18232 18232 I Input   : injectKeyEvent: KeyEvent { action=ACTION_DOWN, keyCode=KEYCODE_BACK, scanCode=0, metaState=0, flags=0x0, repeatCount=0, eventTime=648131548, downTime=648131548, deviceId=-1, source=0x101 }
08-03 20:01:55.142 18232 18232 I Input   : injectKeyEvent: KeyEvent { action=ACTION_UP, keyCode=KEYCODE_BACK, scanCode=0, metaState=0, flags=0x0, repeatCount=0, eventTime=648131548, downTime=648131548, deviceId=-1, source=0x101 }
08-03 20:01:55.149 18232 18232 D AndroidRuntime: Shutting down VM
08-03 20:01:55.183 13866 13866 I GoogleInputMethodServic: GoogleInputMethodService.onFinishInput():3138 
08-03 20:01:55.184 13866 13866 I GoogleInputMethodServic: GoogleInputMethodService.onStartInput():1808 
08-03 20:01:55.189 14871 14885 I art     : Explicit concurrent mark sweep GC freed 147(5KB) AllocSpace objects, 0(0B) LOS objects, 28% free, 39MB/55MB, paused 595us total 57.184ms
08-03 20:01:55.211 14871 14885 I art     : Starting a blocking GC Explicit
08-03 20:01:55.244 14871 18167 I RedditChangeDataIO: Writing tmp data file at '/data/user/0/baseline.org.quantumbadger.redreader/files/rr_change_data_tmp.dat'
08-03 20:01:55.244 14871 18167 I RedditChangeDataManager: Taking snapshot...
08-03 20:01:55.244 14871 18167 I RedditChangeDataManager: Writing to stream...
08-03 20:01:55.244 14871 18167 I RedditChangeDataManager: Wrote 6 entries for user ''
08-03 20:01:55.244 14871 18167 I RedditChangeDataManager: All entries written to stream.
08-03 20:01:55.245 14871 18167 I RedditChangeDataIO: Write successful. Atomically replacing data file...
08-03 20:01:55.245 14871 18167 I RedditChangeDataIO: Write complete.
08-03 20:01:55.245 14871 18167 I RedditChangeDataIO: 158 bytes written in 2 ms
08-03 20:01:55.264 14871 14885 I art     : Explicit concurrent mark sweep GC freed 222(9KB) AllocSpace objects, 1(68KB) LOS objects, 28% free, 39MB/55MB, paused 465us total 53.190ms
08-03 20:01:55.504   380   380 W SurfaceFlinger: couldn't log to binary event log: overflow.
08-03 20:01:55.588 16014 16014 I ServiceManager: Waiting for service AtCmdFwd...
08-03 20:01:55.590 14871 14885 I art     : Starting a blocking GC Explicit
08-03 20:01:55.656 14871 14885 I art     : Explicit concurrent mark sweep GC freed 1421(85KB) AllocSpace objects, 1(20KB) LOS objects, 28% free, 39MB/55MB, paused 488us total 66.510ms
08-03 20:01:55.677 14871 14885 I art     : Starting a blocking GC Explicit
08-03 20:01:55.730 14871 14885 I art     : Explicit concurrent mark sweep GC freed 41389(2MB) AllocSpace objects, 5(140KB) LOS objects, 29% free, 37MB/53MB, paused 468us total 52.517ms
08-03 20:01:55.750 14871 14885 I art     : Starting a blocking GC Explicit
08-03 20:01:55.799 14871 14885 I art     : Explicit concurrent mark sweep GC freed 3(96B) AllocSpace objects, 0(0B) LOS objects, 29% free, 37MB/53MB, paused 513us total 48.973ms
08-03 20:01:55.818 14871 14885 I art     : Starting a blocking GC Explicit
08-03 20:01:55.866 14871 14885 I art     : Explicit concurrent mark sweep GC freed 3(96B) AllocSpace objects, 0(0B) LOS objects, 29% free, 37MB/53MB, paused 510us total 48.245ms
08-03 20:01:55.885 14871 14885 I art     : Starting a blocking GC Explicit
08-03 20:01:55.936 14871 14885 I art     : Explicit concurrent mark sweep GC freed 3(96B) AllocSpace objects, 0(0B) LOS objects, 29% free, 37MB/53MB, paused 553us total 50.267ms
08-03 20:01:56.284 14871 15130 I art     : Starting a blocking GC Explicit
08-03 20:01:56.346 14871 15130 I art     : Explicit concurrent mark sweep GC freed 1356(83KB) AllocSpace objects, 1(20KB) LOS objects, 29% free, 37MB/53MB, paused 515us total 62.043ms
08-03 20:01:56.370 14871 15130 I art     : Starting a blocking GC Explicit
08-03 20:01:56.417 14871 15130 I art     : Explicit concurrent mark sweep GC freed 20(704B) AllocSpace objects, 0(0B) LOS objects, 29% free, 37MB/53MB, paused 660us total 46.579ms
08-03 20:01:56.436 14871 15130 I art     : Starting a blocking GC Explicit
08-03 20:01:56.484 14871 15130 I art     : Explicit concurrent mark sweep GC freed 3(96B) AllocSpace objects, 0(0B) LOS objects, 29% free, 37MB/53MB, paused 507us total 47.281ms
08-03 20:01:56.502 14871 15130 I art     : Starting a blocking GC Explicit
08-03 20:01:56.549 14871 15130 I art     : Explicit concurrent mark sweep GC freed 3(96B) AllocSpace objects, 0(0B) LOS objects, 29% free, 37MB/53MB, paused 466us total 46.947ms
08-03 20:01:56.568 14871 15130 I art     : Starting a blocking GC Explicit
08-03 20:01:56.588 16014 16014 I ServiceManager: Waiting for service AtCmdFwd...
08-03 20:01:56.616 14871 15130 I art     : Explicit concurrent mark sweep GC freed 3(96B) AllocSpace objects, 0(0B) LOS objects, 29% free, 37MB/53MB, paused 495us total 47.285ms
08-03 20:01:56.941 14871 16853 I art     : Starting a blocking GC Explicit
08-03 20:01:56.954 18277 18277 D AndroidRuntime: >>>>>> START com.android.internal.os.RuntimeInit uid 2000 <<<<<<
08-03 20:01:56.960 18277 18277 D AndroidRuntime: CheckJNI is OFF
08-03 20:01:56.996 14871 16853 I art     : Explicit concurrent mark sweep GC freed 1354(82KB) AllocSpace objects, 1(20KB) LOS objects, 29% free, 37MB/53MB, paused 547us total 54.512ms
08-03 20:01:57.007 18277 18277 D ICU     : No timezone override file found: /data/misc/zoneinfo/current/icu/icu_tzdata.dat
08-03 20:01:57.015 14871 16853 I art     : Starting a blocking GC Explicit
08-03 20:01:57.053 18277 18277 I Radio-JNI: register_android_hardware_Radio DONE
08-03 20:01:57.064 14871 16853 I art     : Explicit concurrent mark sweep GC freed 20(704B) AllocSpace objects, 0(0B) LOS objects, 29% free, 37MB/53MB, paused 554us total 48.960ms
08-03 20:01:57.083 14871 16853 I art     : Starting a blocking GC Explicit
08-03 20:01:57.083 18277 18277 D AndroidRuntime: Calling main entry com.android.commands.input.Input
08-03 20:01:57.085 18277 18277 I Input   : injectKeyEvent: KeyEvent { action=ACTION_DOWN, keyCode=KEYCODE_BACK, scanCode=0, metaState=0, flags=0x0, repeatCount=0, eventTime=648133498, downTime=648133498, deviceId=-1, source=0x101 }
08-03 20:01:57.092 18277 18277 I Input   : injectKeyEvent: KeyEvent { action=ACTION_UP, keyCode=KEYCODE_BACK, scanCode=0, metaState=0, flags=0x0, repeatCount=0, eventTime=648133498, downTime=648133498, deviceId=-1, source=0x101 }
08-03 20:01:57.097 18277 18277 D AndroidRuntime: Shutting down VM
08-03 20:01:57.129 14871 16853 I art     : Explicit concurrent mark sweep GC freed 110(3KB) AllocSpace objects, 0(0B) LOS objects, 29% free, 37MB/53MB, paused 642us total 46.044ms
08-03 20:01:57.144 13866 13866 I GoogleInputMethodServic: GoogleInputMethodService.onFinishInput():3138 
08-03 20:01:57.144 13866 13866 I GoogleInputMethodServic: GoogleInputMethodService.onStartInput():1808 
08-03 20:01:57.147 14871 16853 I art     : Starting a blocking GC Explicit
08-03 20:01:57.192 14871 16853 I art     : Explicit concurrent mark sweep GC freed 57(2000B) AllocSpace objects, 0(0B) LOS objects, 29% free, 37MB/53MB, paused 463us total 44.356ms
08-03 20:01:57.211 14871 16853 I art     : Starting a blocking GC Explicit
08-03 20:01:57.253 14871 16853 I art     : Explicit concurrent mark sweep GC freed 26(880B) AllocSpace objects, 0(0B) LOS objects, 29% free, 37MB/53MB, paused 495us total 41.976ms
08-03 20:01:57.577 14871 16853 I art     : Starting a blocking GC Explicit
08-03 20:01:57.588 16014 16014 W Atfwd_Sendcmd: AtCmdFwd service not published, waiting... retryCnt : 1
08-03 20:01:57.629 14871 16853 I art     : Explicit concurrent mark sweep GC freed 1412(84KB) AllocSpace objects, 1(20KB) LOS objects, 29% free, 37MB/53MB, paused 569us total 51.792ms
08-03 20:01:57.648 14871 16853 I art     : Starting a blocking GC Explicit
08-03 20:01:57.699 14871 16853 I art     : Explicit concurrent mark sweep GC freed 150(7KB) AllocSpace objects, 0(0B) LOS objects, 29% free, 37MB/53MB, paused 556us total 50.614ms
08-03 20:01:57.718 14871 16853 I art     : Starting a blocking GC Explicit
08-03 20:01:57.768 14871 16853 I art     : Explicit concurrent mark sweep GC freed 3(96B) AllocSpace objects, 0(0B) LOS objects, 29% free, 37MB/53MB, paused 536us total 49.103ms
08-03 20:01:57.787 14871 16853 I art     : Starting a blocking GC Explicit
08-03 20:01:57.837 14871 16853 I art     : Explicit concurrent mark sweep GC freed 3(96B) AllocSpace objects, 0(0B) LOS objects, 29% free, 37MB/53MB, paused 537us total 49.471ms
08-03 20:01:57.856 14871 16853 I art     : Starting a blocking GC Explicit
08-03 20:01:57.909 14871 16853 I art     : Explicit concurrent mark sweep GC freed 3(96B) AllocSpace objects, 0(0B) LOS objects, 29% free, 37MB/53MB, paused 770us total 53.310ms
08-03 20:01:58.258 14871 14884 I art     : Starting a blocking GC Explicit
08-03 20:01:58.325 14871 14884 I art     : Explicit concurrent mark sweep GC freed 1354(82KB) AllocSpace objects, 1(20KB) LOS objects, 29% free, 37MB/53MB, paused 573us total 66.205ms
08-03 20:01:58.349 14871 14884 I art     : Starting a blocking GC Explicit
08-03 20:01:58.396 14871 14884 I art     : Explicit concurrent mark sweep GC freed 20(704B) AllocSpace objects, 0(0B) LOS objects, 29% free, 37MB/53MB, paused 516us total 46.806ms
08-03 20:01:58.414 14871 14884 I art     : Starting a blocking GC Explicit
08-03 20:01:58.461 14871 14884 I art     : Explicit concurrent mark sweep GC freed 3(96B) AllocSpace objects, 0(0B) LOS objects, 29% free, 37MB/53MB, paused 535us total 46.650ms
08-03 20:01:58.480 14871 14884 I art     : Starting a blocking GC Explicit
08-03 20:01:58.526 14871 14884 I art     : Explicit concurrent mark sweep GC freed 3(96B) AllocSpace objects, 0(0B) LOS objects, 29% free, 37MB/53MB, paused 519us total 45.638ms
08-03 20:01:58.545 14871 14884 I art     : Starting a blocking GC Explicit
08-03 20:01:58.593 14871 14884 I art     : Explicit concurrent mark sweep GC freed 3(96B) AllocSpace objects, 0(0B) LOS objects, 29% free, 37MB/53MB, paused 554us total 48.278ms
08-03 20:01:58.882 18322 18322 D AndroidRuntime: >>>>>> START com.android.internal.os.RuntimeInit uid 2000 <<<<<<
08-03 20:01:58.888 18322 18322 D AndroidRuntime: CheckJNI is OFF
08-03 20:01:58.919 14871 14905 I art     : Starting a blocking GC Explicit
08-03 20:01:58.938 18322 18322 D ICU     : No timezone override file found: /data/misc/zoneinfo/current/icu/icu_tzdata.dat
08-03 20:01:58.975 14871 14905 I art     : Explicit concurrent mark sweep GC freed 1354(82KB) AllocSpace objects, 1(20KB) LOS objects, 29% free, 37MB/53MB, paused 584us total 54.946ms
08-03 20:01:58.984 18322 18322 I Radio-JNI: register_android_hardware_Radio DONE
08-03 20:01:58.994 14871 14905 I art     : Starting a blocking GC Explicit
08-03 20:01:59.015 18322 18322 D AndroidRuntime: Calling main entry com.android.commands.input.Input
08-03 20:01:59.017 18322 18322 I Input   : injectMotionEvent: MotionEvent { action=ACTION_DOWN, actionButton=0, id[0]=0, x[0]=600.0, y[0]=1733.0, toolType[0]=TOOL_TYPE_UNKNOWN, buttonState=0, metaState=0, flags=0x0, edgeFlags=0x0, pointerCount=1, historySize=0, eventTime=648135429, downTime=648135429, deviceId=0, source=0x1002 }
08-03 20:01:59.025 18322 18322 I Input   : injectMotionEvent: MotionEvent { action=ACTION_UP, actionButton=0, id[0]=0, x[0]=600.0, y[0]=1733.0, toolType[0]=TOOL_TYPE_UNKNOWN, buttonState=0, metaState=0, flags=0x0, edgeFlags=0x0, pointerCount=1, historySize=0, eventTime=648135429, downTime=648135429, deviceId=0, source=0x1002 }
08-03 20:01:59.028 18322 18322 D AndroidRuntime: Shutting down VM
08-03 20:01:59.043 14871 14905 I art     : Explicit concurrent mark sweep GC freed 23(800B) AllocSpace objects, 0(0B) LOS objects, 29% free, 37MB/53MB, paused 600us total 48.654ms
08-03 20:01:59.045   918  6112 I ActivityManager: START u0 {dat=https://oauth.reddit.com/... cmp=baseline.org.quantumbadger.redreader/.activities.PostListingActivity} from uid 10634 on display 0
08-03 20:01:59.046   512  2967 D audio_hw_primary: out_set_parameters: enter: usecase(1: low-latency-playback) kvpairs: routing=2
08-03 20:01:59.059   512  2967 D audio_hw_primary: select_devices: out_snd_device(2: speaker) in_snd_device(0: none)
08-03 20:01:59.060   512  2967 D msm8974_platform: platform_send_audio_calibration: sending audio calibration for snd_device(2) acdb_id(15)
08-03 20:01:59.060   512  2967 I soundtrigger: audio_extn_sound_trigger_update_device_status: device 0x2 of type 0 for Event 1
08-03 20:01:59.065 14871 14905 I art     : Starting a blocking GC Explicit
08-03 20:01:59.070   512  2967 D audio_hw_primary: enable_snd_device: snd_device(2: speaker)
08-03 20:01:59.071 14871 14871 I AppCompatViewInflater: app:theme is now deprecated. Please move to using android:theme instead.
08-03 20:01:59.072   512  2967 D audio_hw_primary: enable_audio_route: apply and update mixer path: low-latency-playback speaker
08-03 20:01:59.093 14871 18348 D OK      : calling: https://oauth.reddit.com/r/aww/about.json
08-03 20:01:59.110 14871 14905 I art     : Explicit concurrent mark sweep GC freed 877(60KB) AllocSpace objects, 0(0B) LOS objects, 29% free, 37MB/53MB, paused 705us total 44.780ms
08-03 20:01:59.127 14871 14905 I art     : Starting a blocking GC Explicit
08-03 20:01:59.156   918   936 I ActivityManager: Displayed baseline.org.quantumbadger.redreader/.activities.PostListingActivity: +99ms
08-03 20:01:59.157 13866 13866 I GoogleInputMethodServic: GoogleInputMethodService.onFinishInput():3138 
08-03 20:01:59.157 13866 13866 I GoogleInputMethodServic: GoogleInputMethodService.onStartInput():1808 
08-03 20:01:59.175 14871 14905 I art     : Explicit concurrent mark sweep GC freed 971(54KB) AllocSpace objects, 0(0B) LOS objects, 29% free, 37MB/53MB, paused 787us total 47.531ms
08-03 20:01:59.196 14871 14905 I art     : Starting a blocking GC Explicit
08-03 20:01:59.240 14871 14905 I art     : Explicit concurrent mark sweep GC freed 258(14KB) AllocSpace objects, 0(0B) LOS objects, 29% free, 37MB/53MB, paused 607us total 43.327ms
08-03 20:01:59.406   380   380 W SurfaceFlinger: couldn't log to binary event log: overflow.
08-03 20:01:59.532 14871 18348 I NAPPA_EXPERIMENTATION: MetricNetworkRequestExecutionTime: REQUEST_DURATION_SYSTEM='439',REQUEST_DURATION_OKHTTP='150',REQUEST_SYNCHRONOUS='TRUE',RESPONSE_CODE='200',RESPONSE_METHOD='GET',RESPONSE_LENGTH_OKHTTP='-1',RESPONSE_LENGTH_HEADER='3478',REQUEST_PROTOCOL='h2',REQUEST_URL='https://oauth.reddit.com/r/aww/about.json',
08-03 20:01:59.532 14871 18348 D OK      : request got status: 200
08-03 20:01:59.555 14871 15130 I art     : Starting a blocking GC Explicit
08-03 20:01:59.606 14871 15130 I art     : Explicit concurrent mark sweep GC freed 4316(280KB) AllocSpace objects, 2(88KB) LOS objects, 29% free, 37MB/53MB, paused 586us total 50.437ms
08-03 20:01:59.610   512  2967 D audio_hw_primary: disable_audio_route: reset and update mixer path: low-latency-playback speaker
08-03 20:01:59.612   512  2967 D audio_hw_primary: disable_snd_device: snd_device(2: speaker)
08-03 20:01:59.619   512  2967 I soundtrigger: audio_extn_sound_trigger_update_device_status: device 0x2 of type 0 for Event 0
08-03 20:01:59.625 14871 15130 I art     : Starting a blocking GC Explicit
08-03 20:01:59.674 14871 15130 I art     : Explicit concurrent mark sweep GC freed 714(86KB) AllocSpace objects, 1(68KB) LOS objects, 29% free, 37MB/53MB, paused 532us total 48.845ms
08-03 20:01:59.693 14871 15130 I art     : Starting a blocking GC Explicit
08-03 20:01:59.742 14871 15130 I art     : Explicit concurrent mark sweep GC freed 21(944B) AllocSpace objects, 0(0B) LOS objects, 29% free, 37MB/53MB, paused 561us total 48.642ms
08-03 20:01:59.761 14871 15130 I art     : Starting a blocking GC Explicit
08-03 20:01:59.810 14871 15130 I art     : Explicit concurrent mark sweep GC freed 3(96B) AllocSpace objects, 0(0B) LOS objects, 29% free, 37MB/53MB, paused 661us total 49.306ms
08-03 20:01:59.830 14871 15130 I art     : Starting a blocking GC Explicit
08-03 20:01:59.879 14871 15130 I art     : Explicit concurrent mark sweep GC freed 13(528B) AllocSpace objects, 0(0B) LOS objects, 29% free, 37MB/53MB, paused 615us total 48.644ms
08-03 20:02:00.223 14871 14884 I art     : Starting a blocking GC Explicit
08-03 20:02:00.275 14871 14884 I art     : Explicit concurrent mark sweep GC freed 1403(84KB) AllocSpace objects, 1(20KB) LOS objects, 29% free, 37MB/53MB, paused 573us total 51.430ms
08-03 20:02:00.294 14871 18374 D OK      : calling: https://oauth.reddit.com/r/aww/hot/.json
08-03 20:02:00.295 14871 14884 I art     : Starting a blocking GC Explicit
08-03 20:02:00.341 14871 14884 I art     : Explicit concurrent mark sweep GC freed 105(3KB) AllocSpace objects, 0(0B) LOS objects, 29% free, 37MB/53MB, paused 555us total 46.427ms
08-03 20:02:00.361 14871 14884 I art     : Starting a blocking GC Explicit
08-03 20:02:00.410 14871 14884 I art     : Explicit concurrent mark sweep GC freed 10(448B) AllocSpace objects, 0(0B) LOS objects, 29% free, 37MB/53MB, paused 592us total 48.937ms
08-03 20:02:00.429 14871 14884 I art     : Starting a blocking GC Explicit
08-03 20:02:00.478 14871 14884 I art     : Explicit concurrent mark sweep GC freed 9(352B) AllocSpace objects, 0(0B) LOS objects, 29% free, 37MB/53MB, paused 869us total 48.979ms
08-03 20:02:00.497 14871 14884 I art     : Starting a blocking GC Explicit
08-03 20:02:00.545 14871 14884 I art     : Explicit concurrent mark sweep GC freed 104(11KB) AllocSpace objects, 0(0B) LOS objects, 29% free, 37MB/53MB, paused 769us total 48.419ms
08-03 20:02:00.547 14871 18374 I NAPPA_EXPERIMENTATION: MetricNetworkRequestExecutionTime: REQUEST_DURATION_SYSTEM='253',REQUEST_DURATION_OKHTTP='247',REQUEST_SYNCHRONOUS='TRUE',RESPONSE_CODE='200',RESPONSE_METHOD='GET',RESPONSE_LENGTH_OKHTTP='-1',RESPONSE_LENGTH_HEADER='33430',REQUEST_PROTOCOL='h2',REQUEST_URL='https://oauth.reddit.com/r/aww/hot/.json',
08-03 20:02:00.548 14871 18374 D OK      : request got status: 200
08-03 20:02:00.561 14871 15500 I PostListingFragment: Precaching images: OFF
08-03 20:02:00.561 14871 15500 I PostListingFragment: Precaching comments: OFF
08-03 20:02:00.585 14871 15500 I getImgurImageInfo: Image NSO7Npm: trying API v3 with auth
08-03 20:02:00.734 14871 17326 I RedditVideosAPI: For 'https://v.redd.it/fkewv2f65kd51/DASHPlaylist.mpd', got video stream 'https://v.redd.it/fkewv2f65kd51/DASH_480' and audio stream 'https://v.redd.it/fkewv2f65kd51/audio'
08-03 20:02:00.739 14871 17326 I RedditVideosAPI: For 'https://v.redd.it/ak6rer1hskd51/DASHPlaylist.mpd', got video stream 'https://v.redd.it/ak6rer1hskd51/DASH_360' and audio stream 'null'
08-03 20:02:00.740 14871 17326 I RedditVideosAPI: For 'https://v.redd.it/h49fg58ygjd51/DASHPlaylist.mpd', got video stream 'https://v.redd.it/h49fg58ygjd51/DASH_480' and audio stream 'null'
08-03 20:02:00.741 14871 17326 I RedditVideosAPI: For 'https://v.redd.it/1ewzkieg0jd51/DASHPlaylist.mpd', got video stream 'https://v.redd.it/1ewzkieg0jd51/DASH_480' and audio stream 'https://v.redd.it/1ewzkieg0jd51/audio'
08-03 20:02:00.742 14871 17326 I RedditVideosAPI: For 'https://v.redd.it/ppmhu2r9thd51/DASHPlaylist.mpd', got video stream 'https://v.redd.it/ppmhu2r9thd51/DASH_480' and audio stream 'null'
08-03 20:02:00.743 14871 18376 I RedditVideosAPI: For 'https://v.redd.it/s9qqadf3mid51/DASHPlaylist.mpd', got video stream 'https://v.redd.it/s9qqadf3mid51/DASH_480' and audio stream 'https://v.redd.it/s9qqadf3mid51/audio'
08-03 20:02:00.743 14871 17326 I RedditVideosAPI: For 'https://v.redd.it/b8vazlcb7ld51/DASHPlaylist.mpd', got video stream 'https://v.redd.it/b8vazlcb7ld51/DASH_480' and audio stream 'https://v.redd.it/b8vazlcb7ld51/audio'
08-03 20:02:00.744 14871 18376 I RedditVideosAPI: For 'https://v.redd.it/ty24o02m1hd51/DASHPlaylist.mpd', got video stream 'https://v.redd.it/ty24o02m1hd51/DASH_480' and audio stream 'null'
08-03 20:02:00.746 14871 17326 I RedditVideosAPI: For 'https://v.redd.it/ar5k8892pid51/DASHPlaylist.mpd', got video stream 'https://v.redd.it/ar5k8892pid51/DASH_360' and audio stream 'https://v.redd.it/ar5k8892pid51/audio'
08-03 20:02:00.804 14871 14871 W RecyclerView: Cannot call this method in a scroll callback. Scroll callbacks mightbe run during a measure & layout pass where you cannot change theRecyclerView data. Any method call that might change the structureof the RecyclerView or the adapter contents should be postponed tothe next frame.
08-03 20:02:00.804 14871 14871 W RecyclerView: java.lang.IllegalStateException:  androidx.recyclerview.widget.RecyclerView{8d3f270 VFED..... .F....ID 0,0-1440,2140 #7f0900ef app:id/scrollbar_recyclerview_recyclerview}, adapter:baseline.org.quantumbadger.redreader.adapters.GroupedRecyclerViewAdapter@8bc89e9, layout:androidx.recyclerview.widget.LinearLayoutManager@d81e66e, context:baseline.org.quantumbadger.redreader.activities.PostListingActivity@f9800b5
08-03 20:02:00.804 14871 14871 W RecyclerView: 	at androidx.recyclerview.widget.RecyclerView.assertNotInLayoutOrScroll(RecyclerView.java:3061)
08-03 20:02:00.804 14871 14871 W RecyclerView: 	at androidx.recyclerview.widget.RecyclerView$RecyclerViewDataObserver.onItemRangeInserted(RecyclerView.java:5555)
08-03 20:02:00.804 14871 14871 W RecyclerView: 	at androidx.recyclerview.widget.RecyclerView$AdapterDataObservable.notifyItemRangeInserted(RecyclerView.java:12278)
08-03 20:02:00.804 14871 14871 W RecyclerView: 	at androidx.recyclerview.widget.RecyclerView$Adapter.notifyItemInserted(RecyclerView.java:7464)
08-03 20:02:00.804 14871 14871 W RecyclerView: 	at baseline.org.quantumbadger.redreader.adapters.GroupedRecyclerViewAdapter.updateHiddenStatus(GroupedRecyclerViewAdapter.java:279)
08-03 20:02:00.804 14871 14871 W RecyclerView: 	at baseline.org.quantumbadger.redreader.adapters.RedditListingManager.setLoadingVisible(RedditListingManager.java:125)
08-03 20:02:00.804 14871 14871 W RecyclerView: 	at baseline.org.quantumbadger.redreader.fragments.PostListingFragment.onLoadMoreItemsCheck(PostListingFragment.java:465)
08-03 20:02:00.804 14871 14871 W RecyclerView: 	at baseline.org.quantumbadger.redreader.fragments.PostListingFragment.access$000(PostListingFragment.java:98)
08-03 20:02:00.804 14871 14871 W RecyclerView: 	at baseline.org.quantumbadger.redreader.fragments.PostListingFragment$2.onScrolled(PostListingFragment.java:215)
08-03 20:02:00.804 14871 14871 W RecyclerView: 	at androidx.recyclerview.widget.RecyclerView.dispatchOnScrolled(RecyclerView.java:5173)
08-03 20:02:00.804 14871 14871 W RecyclerView: 	at androidx.recyclerview.widget.RecyclerView.dispatchLayoutStep3(RecyclerView.java:4231)
08-03 20:02:00.804 14871 14871 W RecyclerView: 	at androidx.recyclerview.widget.RecyclerView.dispatchLayout(RecyclerView.java:3862)
08-03 20:02:00.804 14871 14871 W RecyclerView: 	at androidx.recyclerview.widget.RecyclerView.consumePendingUpdateOperations(RecyclerView.java:1897)
08-03 20:02:00.804 14871 14871 W RecyclerView: 	at androidx.recyclerview.widget.RecyclerView$1.run(RecyclerView.java:414)
08-03 20:02:00.804 14871 14871 W RecyclerView: 	at android.view.Choreographer$CallbackRecord.run(Choreographer.java:858)
08-03 20:02:00.804 14871 14871 W RecyclerView: 	at android.view.Choreographer.doCallbacks(Choreographer.java:670)
08-03 20:02:00.804 14871 14871 W RecyclerView: 	at android.view.Choreographer.doFrame(Choreographer.java:603)
08-03 20:02:00.804 14871 14871 W RecyclerView: 	at android.view.Choreographer$FrameDisplayEventReceiver.run(Choreographer.java:844)
08-03 20:02:00.804 14871 14871 W RecyclerView: 	at android.os.Handler.handleCallback(Handler.java:739)
08-03 20:02:00.804 14871 14871 W RecyclerView: 	at android.os.Handler.dispatchMessage(Handler.java:95)
08-03 20:02:00.804 14871 14871 W RecyclerView: 	at android.os.Looper.loop(Looper.java:148)
08-03 20:02:00.804 14871 14871 W RecyclerView: 	at android.app.ActivityThread.main(ActivityThread.java:5417)
08-03 20:02:00.804 14871 14871 W RecyclerView: 	at java.lang.reflect.Method.invoke(Native Method)
08-03 20:02:00.804 14871 14871 W RecyclerView: 	at com.android.internal.os.ZygoteInit$MethodAndArgsCaller.run(ZygoteInit.java:726)
08-03 20:02:00.804 14871 14871 W RecyclerView: 	at com.android.internal.os.ZygoteInit.main(ZygoteInit.java:616)
08-03 20:02:00.863 14871 14885 I art     : Starting a blocking GC Explicit
08-03 20:02:00.885   518   646 I ThermalEngine: ACTION: GPU - Setting GPU[0] to 390000000
08-03 20:02:00.950 14871 14885 I art     : Explicit concurrent mark sweep GC freed 49701(3MB) AllocSpace objects, 97(5MB) LOS objects, 27% free, 43MB/59MB, paused 868us total 86.243ms
08-03 20:02:00.978 14871 14885 I art     : Starting a blocking GC Explicit
08-03 20:02:01.041 14871 14885 I art     : Explicit concurrent mark sweep GC freed 2658(112KB) AllocSpace objects, 0(0B) LOS objects, 27% free, 43MB/59MB, paused 845us total 62.798ms
08-03 20:02:01.065 14871 14885 I art     : Starting a blocking GC Explicit
08-03 20:02:01.133 14871 14885 I art     : Explicit concurrent mark sweep GC freed 124(7KB) AllocSpace objects, 0(0B) LOS objects, 27% free, 43MB/59MB, paused 850us total 67.448ms
08-03 20:02:01.159 14871 14885 I art     : Starting a blocking GC Explicit
08-03 20:02:01.223 14871 14885 I art     : Explicit concurrent mark sweep GC freed 205(8KB) AllocSpace objects, 0(0B) LOS objects, 27% free, 43MB/59MB, paused 955us total 63.431ms
08-03 20:02:01.249 14871 14885 I art     : Starting a blocking GC Explicit
08-03 20:02:01.321 14871 14885 I art     : Explicit concurrent mark sweep GC freed 51(3KB) AllocSpace objects, 0(0B) LOS objects, 27% free, 43MB/59MB, paused 1.175ms total 71.741ms
08-03 20:02:01.496 14871 18390 D OK      : calling: https://oauth.reddit.com/r/aww/hot/.json?after=t3_hz5odc
08-03 20:02:01.730 14871 15130 I art     : Starting a blocking GC Explicit
08-03 20:02:01.822 14871 15130 I art     : Explicit concurrent mark sweep GC freed 1453(87KB) AllocSpace objects, 1(20KB) LOS objects, 27% free, 43MB/59MB, paused 1.342ms total 89.995ms
08-03 20:02:01.833 14871 18390 I NAPPA_EXPERIMENTATION: MetricNetworkRequestExecutionTime: REQUEST_DURATION_SYSTEM='335',REQUEST_DURATION_OKHTTP='330',REQUEST_SYNCHRONOUS='TRUE',RESPONSE_CODE='200',RESPONSE_METHOD='GET',RESPONSE_LENGTH_OKHTTP='-1',RESPONSE_LENGTH_HEADER='30610',REQUEST_PROTOCOL='h2',REQUEST_URL='https://oauth.reddit.com/r/aww/hot/.json?after=t3_hz5odc',
08-03 20:02:01.833 14871 18390 D OK      : request got status: 200
08-03 20:02:01.842 14871 18377 I PostListingFragment: Precaching images: OFF
08-03 20:02:01.842 14871 18377 I PostListingFragment: Precaching comments: OFF
08-03 20:02:01.853 14871 15130 I art     : Starting a blocking GC Explicit
08-03 20:02:01.903 14871 18376 I RedditVideosAPI: For 'https://v.redd.it/syww111dtjd51/DASHPlaylist.mpd', got video stream 'https://v.redd.it/syww111dtjd51/DASH_480' and audio stream 'https://v.redd.it/syww111dtjd51/audio'
08-03 20:02:01.911 14871 18399 I RedditVideosAPI: For 'https://v.redd.it/rrygsb8i4ld51/DASHPlaylist.mpd', got video stream 'https://v.redd.it/rrygsb8i4ld51/DASH_480' and audio stream 'https://v.redd.it/rrygsb8i4ld51/audio'
08-03 20:02:01.922 14871 18376 I RedditVideosAPI: For 'https://v.redd.it/pbqrrfb3tkd51/DASHPlaylist.mpd', got video stream 'https://v.redd.it/pbqrrfb3tkd51/DASH_480' and audio stream 'null'
08-03 20:02:01.924 14871 15130 I art     : Explicit concurrent mark sweep GC freed 9714(684KB) AllocSpace objects, 22(1540KB) LOS objects, 26% free, 45MB/61MB, paused 1.827ms total 69.812ms
08-03 20:02:01.950 14871 15130 I art     : Starting a blocking GC Explicit
08-03 20:02:01.951 14871 18377 I getImgurImageInfo: Image nLQR2hT: trying API v3 with auth
08-03 20:02:01.965 14871 18399 I RedditVideosAPI: For 'https://v.redd.it/5x6zzipz8ld51/DASHPlaylist.mpd', got video stream 'https://v.redd.it/5x6zzipz8ld51/DASH_480' and audio stream 'null'
08-03 20:02:01.991 14871 18400 I RedditVideosAPI: For 'https://v.redd.it/75en73fm5id51/DASHPlaylist.mpd', got video stream 'https://v.redd.it/75en73fm5id51/DASH_480' and audio stream 'https://v.redd.it/75en73fm5id51/audio'
08-03 20:02:02.019 14871 15130 I art     : Explicit concurrent mark sweep GC freed 11977(921KB) AllocSpace objects, 41(2MB) LOS objects, 24% free, 48MB/64MB, paused 1.285ms total 68.180ms
08-03 20:02:02.045 14871 15130 I art     : Starting a blocking GC Explicit
08-03 20:02:02.047 14871 18400 I RedditVideosAPI: For 'https://v.redd.it/ggz4fyth6hd51/DASHPlaylist.mpd', got video stream 'https://v.redd.it/ggz4fyth6hd51/DASH_360' and audio stream 'null'
08-03 20:02:02.049 14871 18400 I RedditVideosAPI: For 'https://v.redd.it/psrknoobrgd51/DASHPlaylist.mpd', got video stream 'https://v.redd.it/psrknoobrgd51/DASH_480' and audio stream 'null'
08-03 20:02:02.051 14871 18400 I RedditVideosAPI: For 'https://v.redd.it/jk6cwef4wld51/DASHPlaylist.mpd', got video stream 'https://v.redd.it/jk6cwef4wld51/DASH_480' and audio stream 'null'
08-03 20:02:02.052 14871 18400 I RedditVideosAPI: For 'https://v.redd.it/t81s8zfz9ld51/DASHPlaylist.mpd', got video stream 'https://v.redd.it/t81s8zfz9ld51/DASH_480' and audio stream 'https://v.redd.it/t81s8zfz9ld51/audio'
08-03 20:02:02.053 14871 18399 I RedditVideosAPI: For 'https://v.redd.it/xd6c4yyutgd51/DASHPlaylist.mpd', got video stream 'https://v.redd.it/xd6c4yyutgd51/DASH_480' and audio stream 'null'
08-03 20:02:02.060 14871 18400 I RedditVideosAPI: For 'https://v.redd.it/ue0jdgk9zhd51/DASHPlaylist.mpd', got video stream 'https://v.redd.it/ue0jdgk9zhd51/DASH_360' and audio stream 'https://v.redd.it/ue0jdgk9zhd51/audio'
08-03 20:02:02.105 14871 15130 I art     : Explicit concurrent mark sweep GC freed 22514(1540KB) AllocSpace objects, 33(1772KB) LOS objects, 24% free, 48MB/64MB, paused 805us total 60.258ms
08-03 20:02:02.130 14871 15130 I art     : Starting a blocking GC Explicit
08-03 20:02:02.198 14871 15130 I art     : Explicit concurrent mark sweep GC freed 580(39KB) AllocSpace objects, 1(68KB) LOS objects, 24% free, 48MB/64MB, paused 869us total 66.854ms
08-03 20:02:02.589 16014 16014 I ServiceManager: Waiting for service AtCmdFwd...
08-03 20:02:02.604 14871 16853 I art     : Starting a blocking GC Explicit
08-03 20:02:02.697 14871 16853 I art     : Explicit concurrent mark sweep GC freed 1359(82KB) AllocSpace objects, 1(20KB) LOS objects, 24% free, 48MB/64MB, paused 1.124ms total 92.738ms
08-03 20:02:02.730 14871 16853 I art     : Starting a blocking GC Explicit
08-03 20:02:02.804 14871 16853 I art     : Explicit concurrent mark sweep GC freed 20(704B) AllocSpace objects, 0(0B) LOS objects, 24% free, 48MB/64MB, paused 1.034ms total 73.880ms
08-03 20:02:02.836 14871 16853 I art     : Starting a blocking GC Explicit
08-03 20:02:02.903 14871 16853 I art     : Explicit concurrent mark sweep GC freed 3(96B) AllocSpace objects, 0(0B) LOS objects, 24% free, 48MB/64MB, paused 873us total 67.220ms
08-03 20:02:02.931 14871 16853 I art     : Starting a blocking GC Explicit
08-03 20:02:03.000 14871 16853 I art     : Explicit concurrent mark sweep GC freed 3(96B) AllocSpace objects, 0(0B) LOS objects, 24% free, 48MB/64MB, paused 977us total 67.789ms
08-03 20:02:03.027 14871 16853 I art     : Starting a blocking GC Explicit
08-03 20:02:03.105 14871 16853 I art     : Explicit concurrent mark sweep GC freed 3(96B) AllocSpace objects, 0(0B) LOS objects, 24% free, 48MB/64MB, paused 1.058ms total 76.813ms
08-03 20:02:03.506 14871 14905 I art     : Starting a blocking GC Explicit
08-03 20:02:03.591 16014 16014 I ServiceManager: Waiting for service AtCmdFwd...
08-03 20:02:03.596 14871 14905 I art     : Explicit concurrent mark sweep GC freed 1356(83KB) AllocSpace objects, 1(20KB) LOS objects, 24% free, 48MB/64MB, paused 1.303ms total 88.586ms
08-03 20:02:03.634 14871 14905 I art     : Starting a blocking GC Explicit
08-03 20:02:03.700 14871 14905 I art     : Explicit concurrent mark sweep GC freed 20(704B) AllocSpace objects, 0(0B) LOS objects, 24% free, 48MB/64MB, paused 947us total 65.793ms
08-03 20:02:03.728 14871 14905 I art     : Starting a blocking GC Explicit
08-03 20:02:03.795 14871 14905 I art     : Explicit concurrent mark sweep GC freed 3(96B) AllocSpace objects, 0(0B) LOS objects, 24% free, 48MB/64MB, paused 841us total 66.326ms
08-03 20:02:03.822 14871 14905 I art     : Starting a blocking GC Explicit
08-03 20:02:03.889   518   646 I ThermalEngine: ACTION: GPU - Setting GPU[0] to 450000000
08-03 20:02:03.898 14871 14905 I art     : Explicit concurrent mark sweep GC freed 3(96B) AllocSpace objects, 0(0B) LOS objects, 24% free, 48MB/64MB, paused 793us total 75.928ms
08-03 20:02:03.918 14871 14905 I art     : Starting a blocking GC Explicit
08-03 20:02:03.972 14871 14905 I art     : Explicit concurrent mark sweep GC freed 3(96B) AllocSpace objects, 0(0B) LOS objects, 24% free, 48MB/64MB, paused 551us total 53.687ms
08-03 20:02:04.353 14871 14884 I art     : Starting a blocking GC Explicit
08-03 20:02:04.413 14871 14884 I art     : Explicit concurrent mark sweep GC freed 1355(83KB) AllocSpace objects, 1(20KB) LOS objects, 24% free, 48MB/64MB, paused 618us total 60.155ms
08-03 20:02:04.433 14871 14884 I art     : Starting a blocking GC Explicit
08-03 20:02:04.489 14871 14884 I art     : Explicit concurrent mark sweep GC freed 20(704B) AllocSpace objects, 0(0B) LOS objects, 24% free, 48MB/64MB, paused 580us total 55.977ms
08-03 20:02:04.509 14871 14884 I art     : Starting a blocking GC Explicit
08-03 20:02:04.565 14871 14884 I art     : Explicit concurrent mark sweep GC freed 3(96B) AllocSpace objects, 0(0B) LOS objects, 24% free, 48MB/64MB, paused 623us total 55.733ms
08-03 20:02:04.585 14871 14884 I art     : Starting a blocking GC Explicit
08-03 20:02:04.592 16014 16014 I ServiceManager: Waiting for service AtCmdFwd...
08-03 20:02:04.640 14871 14884 I art     : Explicit concurrent mark sweep GC freed 3(96B) AllocSpace objects, 0(0B) LOS objects, 24% free, 48MB/64MB, paused 642us total 55.282ms
08-03 20:02:04.661 14871 14884 I art     : Starting a blocking GC Explicit
08-03 20:02:04.718 14871 14884 I art     : Explicit concurrent mark sweep GC freed 3(96B) AllocSpace objects, 0(0B) LOS objects, 24% free, 48MB/64MB, paused 721us total 55.983ms
08-03 20:02:04.834 18433 18433 D AndroidRuntime: >>>>>> START com.android.internal.os.RuntimeInit uid 2000 <<<<<<
08-03 20:02:04.842 18433 18433 D AndroidRuntime: CheckJNI is OFF
08-03 20:02:04.889 18433 18433 D ICU     : No timezone override file found: /data/misc/zoneinfo/current/icu/icu_tzdata.dat
08-03 20:02:04.931 18433 18433 I Radio-JNI: register_android_hardware_Radio DONE
08-03 20:02:04.960 18433 18433 D AndroidRuntime: Calling main entry com.android.commands.input.Input
08-03 20:02:04.962 18433 18433 I Input   : injectMotionEvent: MotionEvent { action=ACTION_DOWN, actionButton=0, id[0]=0, x[0]=1340.0, y[0]=1100.0, toolType[0]=TOOL_TYPE_UNKNOWN, buttonState=0, metaState=0, flags=0x0, edgeFlags=0x0, pointerCount=1, historySize=0, eventTime=648141374, downTime=648141374, deviceId=0, source=0x1002 }
08-03 20:02:04.969 18433 18433 I Input   : injectMotionEvent: MotionEvent { action=ACTION_UP, actionButton=0, id[0]=0, x[0]=1340.0, y[0]=1100.0, toolType[0]=TOOL_TYPE_UNKNOWN, buttonState=0, metaState=0, flags=0x0, edgeFlags=0x0, pointerCount=1, historySize=0, eventTime=648141374, downTime=648141374, deviceId=0, source=0x1002 }
08-03 20:02:04.971 18433 18433 D AndroidRuntime: Shutting down VM
08-03 20:02:04.988   512  2967 D audio_hw_primary: out_set_parameters: enter: usecase(1: low-latency-playback) kvpairs: routing=2
08-03 20:02:04.990   918  3714 I ActivityManager: START u0 {dat=https://oauth.reddit.com/... cmp=baseline.org.quantumbadger.redreader/.activities.CommentListingActivity} from uid 10634 on display 0
08-03 20:02:05.001   512  2967 D audio_hw_primary: select_devices: out_snd_device(2: speaker) in_snd_device(0: none)
08-03 20:02:05.002   512  2967 D msm8974_platform: platform_send_audio_calibration: sending audio calibration for snd_device(2) acdb_id(15)
08-03 20:02:05.002   512  2967 I soundtrigger: audio_extn_sound_trigger_update_device_status: device 0x2 of type 0 for Event 1
08-03 20:02:05.017   512  2967 D audio_hw_primary: enable_snd_device: snd_device(2: speaker)
08-03 20:02:05.019   512  2967 D audio_hw_primary: enable_audio_route: apply and update mixer path: low-latency-playback speaker
08-03 20:02:05.023 14871 14871 I AppCompatViewInflater: app:theme is now deprecated. Please move to using android:theme instead.
08-03 20:02:05.045 14871 18377 I CommentListingActivity: COMMENTS session changed to a280bc81-cc8d-4a42-928d-49aeda85a3f0
08-03 20:02:05.088 14871 14905 I art     : Starting a blocking GC Explicit
08-03 20:02:05.151 14871 14905 I art     : Explicit concurrent mark sweep GC freed 12481(675KB) AllocSpace objects, 1(20KB) LOS objects, 24% free, 49MB/65MB, paused 1.637ms total 62.708ms
08-03 20:02:05.171 14871 14905 I art     : Starting a blocking GC Explicit
08-03 20:02:05.196   918   936 I ActivityManager: Displayed baseline.org.quantumbadger.redreader/.activities.CommentListingActivity: +192ms
08-03 20:02:05.197 13866 13866 I GoogleInputMethodServic: GoogleInputMethodService.onFinishInput():3138 
08-03 20:02:05.201 13866 13866 I GoogleInputMethodServic: GoogleInputMethodService.onStartInput():1808 
08-03 20:02:05.244 14871 14905 I art     : Explicit concurrent mark sweep GC freed 19191(1188KB) AllocSpace objects, 53(10MB) LOS objects, 28% free, 39MB/55MB, paused 1.213ms total 72.815ms
08-03 20:02:05.265 14871 14905 I art     : Starting a blocking GC Explicit
08-03 20:02:05.327 14871 14905 I art     : Explicit concurrent mark sweep GC freed 9029(528KB) AllocSpace objects, 0(0B) LOS objects, 28% free, 40MB/56MB, paused 1.006ms total 61.621ms
08-03 20:02:05.350 14871 14905 I art     : Starting a blocking GC Explicit
08-03 20:02:05.417 14871 14905 I art     : Explicit concurrent mark sweep GC freed 11298(467KB) AllocSpace objects, 0(0B) LOS objects, 28% free, 39MB/55MB, paused 656us total 66.397ms
08-03 20:02:05.443 14871 14905 I art     : Starting a blocking GC Explicit
08-03 20:02:05.449   380   380 W SurfaceFlinger: couldn't log to binary event log: overflow.
08-03 20:02:05.504 14871 14905 I art     : Explicit concurrent mark sweep GC freed 33(2032B) AllocSpace objects, 0(0B) LOS objects, 28% free, 39MB/55MB, paused 471us total 59.862ms
08-03 20:02:05.560   512  2967 D audio_hw_primary: disable_audio_route: reset and update mixer path: low-latency-playback speaker
08-03 20:02:05.561   512  2967 D audio_hw_primary: disable_snd_device: snd_device(2: speaker)
08-03 20:02:05.569   512  2967 I soundtrigger: audio_extn_sound_trigger_update_device_status: device 0x2 of type 0 for Event 0
08-03 20:02:05.581 14871 18375 I RedditChangeDataIO: Writing tmp data file at '/data/user/0/baseline.org.quantumbadger.redreader/files/rr_change_data_tmp.dat'
08-03 20:02:05.582 14871 18375 I RedditChangeDataManager: Taking snapshot...
08-03 20:02:05.582 14871 18375 I RedditChangeDataManager: Writing to stream...
08-03 20:02:05.582 14871 18375 I RedditChangeDataManager: Wrote 6 entries for user ''
08-03 20:02:05.583 14871 18375 I RedditChangeDataManager: All entries written to stream.
08-03 20:02:05.583 14871 18375 I RedditChangeDataIO: Write successful. Atomically replacing data file...
08-03 20:02:05.584 14871 18375 I RedditChangeDataIO: Write complete.
08-03 20:02:05.584 14871 18375 I RedditChangeDataIO: 158 bytes written in 4 ms
08-03 20:02:05.592 16014 16014 I ServiceManager: Waiting for service AtCmdFwd...
08-03 20:02:05.746   918 13198 D NetlinkSocketObserver: NeighborEvent{elapsedMs=1631529621, 192.168.2.254, [7C3953A63323], RTM_NEWNEIGH, NUD_STALE}
08-03 20:02:05.848 14871 14884 I art     : Starting a blocking GC Explicit
08-03 20:02:05.915 14871 14884 I art     : Explicit concurrent mark sweep GC freed 1647(95KB) AllocSpace objects, 2(88KB) LOS objects, 28% free, 39MB/55MB, paused 574us total 66.999ms
08-03 20:02:05.937 14871 14884 I art     : Starting a blocking GC Explicit
08-03 20:02:05.995 14871 14884 I art     : Explicit concurrent mark sweep GC freed 27(928B) AllocSpace objects, 0(0B) LOS objects, 28% free, 39MB/55MB, paused 547us total 57.365ms
08-03 20:02:06.016 14871 14884 I art     : Starting a blocking GC Explicit
08-03 20:02:06.076 14871 14884 I art     : Explicit concurrent mark sweep GC freed 3(96B) AllocSpace objects, 0(0B) LOS objects, 28% free, 39MB/55MB, paused 480us total 59.905ms
08-03 20:02:06.097 14871 14884 I art     : Starting a blocking GC Explicit
08-03 20:02:06.157 14871 14884 I art     : Explicit concurrent mark sweep GC freed 3(96B) AllocSpace objects, 0(0B) LOS objects, 28% free, 39MB/55MB, paused 486us total 59.466ms
08-03 20:02:06.178 14871 14884 I art     : Starting a blocking GC Explicit
08-03 20:02:06.243 14871 14884 I art     : Explicit concurrent mark sweep GC freed 49(1920B) AllocSpace objects, 0(0B) LOS objects, 28% free, 39MB/55MB, paused 551us total 64.514ms
08-03 20:02:06.593 16014 16014 I ServiceManager: Waiting for service AtCmdFwd...
08-03 20:02:06.594 14871 16853 I art     : Starting a blocking GC Explicit
08-03 20:02:06.682 14871 16853 I art     : Explicit concurrent mark sweep GC freed 1358(83KB) AllocSpace objects, 1(20KB) LOS objects, 28% free, 39MB/55MB, paused 648us total 86.938ms
08-03 20:02:06.707 14871 16853 I art     : Starting a blocking GC Explicit
08-03 20:02:06.778 14871 16853 I art     : Explicit concurrent mark sweep GC freed 20(704B) AllocSpace objects, 0(0B) LOS objects, 28% free, 39MB/55MB, paused 628us total 71.181ms
08-03 20:02:06.800 14871 16853 I art     : Starting a blocking GC Explicit
08-03 20:02:06.872 14871 16853 I art     : Explicit concurrent mark sweep GC freed 3(96B) AllocSpace objects, 0(0B) LOS objects, 28% free, 39MB/55MB, paused 568us total 71.467ms
08-03 20:02:06.898   518   646 I ThermalEngine: ACTION: GPU - Setting GPU[0] to 390000000
08-03 20:02:06.906 14871 16853 I art     : Starting a blocking GC Explicit
08-03 20:02:06.999 14871 16853 I art     : Explicit concurrent mark sweep GC freed 32(1568B) AllocSpace objects, 0(0B) LOS objects, 28% free, 39MB/55MB, paused 1.257ms total 92.925ms
08-03 20:02:07.032 14871 16853 I art     : Starting a blocking GC Explicit
08-03 20:02:07.113 14871 16853 I art     : Explicit concurrent mark sweep GC freed 245(41KB) AllocSpace objects, 0(0B) LOS objects, 28% free, 39MB/55MB, paused 748us total 80.683ms
08-03 20:02:07.514 14871 15130 I art     : Starting a blocking GC Explicit
08-03 20:02:07.594 16014 16014 W Atfwd_Sendcmd: AtCmdFwd service not published, waiting... retryCnt : 2
08-03 20:02:07.617 14871 15130 I art     : Explicit concurrent mark sweep GC freed 1419(84KB) AllocSpace objects, 1(20KB) LOS objects, 28% free, 39MB/55MB, paused 761us total 103.410ms
08-03 20:02:07.653 14871 15130 I art     : Starting a blocking GC Explicit
08-03 20:02:07.732 14871 15130 I art     : Explicit concurrent mark sweep GC freed 20(704B) AllocSpace objects, 0(0B) LOS objects, 28% free, 39MB/55MB, paused 686us total 78.770ms
08-03 20:02:07.763 14871 15130 I art     : Starting a blocking GC Explicit
08-03 20:02:07.847 14871 15130 I art     : Explicit concurrent mark sweep GC freed 3(96B) AllocSpace objects, 0(0B) LOS objects, 28% free, 39MB/55MB, paused 781us total 83.696ms
08-03 20:02:07.881 14871 15130 I art     : Starting a blocking GC Explicit
08-03 20:02:07.903   518   646 I ThermalEngine: ACTION: GPU - Setting GPU[0] to 450000000
08-03 20:02:07.951 14871 15130 I art     : Explicit concurrent mark sweep GC freed 3(96B) AllocSpace objects, 0(0B) LOS objects, 28% free, 39MB/55MB, paused 564us total 69.135ms
08-03 20:02:07.976 14871 15130 I art     : Starting a blocking GC Explicit
08-03 20:02:08.037 14871 15130 I art     : Explicit concurrent mark sweep GC freed 3(96B) AllocSpace objects, 0(0B) LOS objects, 28% free, 39MB/55MB, paused 573us total 61.132ms
08-03 20:02:08.411 14871 14885 I art     : Starting a blocking GC Explicit
08-03 20:02:08.497 14871 14885 I art     : Explicit concurrent mark sweep GC freed 1354(82KB) AllocSpace objects, 1(20KB) LOS objects, 28% free, 39MB/55MB, paused 548us total 85.484ms
08-03 20:02:08.520 14871 14885 I art     : Starting a blocking GC Explicit
08-03 20:02:08.592 14871 14885 I art     : Explicit concurrent mark sweep GC freed 20(704B) AllocSpace objects, 0(0B) LOS objects, 28% free, 39MB/55MB, paused 509us total 71.698ms
08-03 20:02:08.613 14871 14885 I art     : Starting a blocking GC Explicit
08-03 20:02:08.687 14871 14885 I art     : Explicit concurrent mark sweep GC freed 3(96B) AllocSpace objects, 0(0B) LOS objects, 28% free, 39MB/55MB, paused 530us total 73.026ms
08-03 20:02:08.687 14871 14882 I art     : WaitForGcToComplete blocked for 73.345ms for cause HeapTrim
08-03 20:02:08.708 14871 14885 I art     : Starting a blocking GC Explicit
08-03 20:02:08.779 14871 14885 I art     : Explicit concurrent mark sweep GC freed 3(96B) AllocSpace objects, 0(0B) LOS objects, 28% free, 39MB/55MB, paused 543us total 69.887ms
08-03 20:02:08.800 14871 14885 I art     : Starting a blocking GC Explicit
08-03 20:02:08.875 14871 14885 I art     : Explicit concurrent mark sweep GC freed 3(96B) AllocSpace objects, 0(0B) LOS objects, 28% free, 39MB/55MB, paused 577us total 74.460ms
08-03 20:02:09.254 14871 14905 I art     : Starting a blocking GC Explicit
08-03 20:02:09.322 14871 14905 I art     : Explicit concurrent mark sweep GC freed 1354(82KB) AllocSpace objects, 1(20KB) LOS objects, 28% free, 39MB/55MB, paused 541us total 67.892ms
08-03 20:02:09.343 14871 14905 I art     : Starting a blocking GC Explicit
08-03 20:02:09.411 14871 14905 I art     : Explicit concurrent mark sweep GC freed 20(704B) AllocSpace objects, 0(0B) LOS objects, 28% free, 39MB/55MB, paused 527us total 66.900ms
08-03 20:02:09.432 14871 14905 I art     : Starting a blocking GC Explicit
08-03 20:02:09.498 14871 14905 I art     : Explicit concurrent mark sweep GC freed 3(96B) AllocSpace objects, 0(0B) LOS objects, 28% free, 39MB/55MB, paused 614us total 65.434ms
08-03 20:02:09.519 14871 14905 I art     : Starting a blocking GC Explicit
08-03 20:02:09.587 14871 14905 I art     : Explicit concurrent mark sweep GC freed 3(96B) AllocSpace objects, 0(0B) LOS objects, 28% free, 39MB/55MB, paused 681us total 68.524ms
08-03 20:02:09.609 14871 14905 I art     : Starting a blocking GC Explicit
08-03 20:02:09.678 14871 14905 I art     : Explicit concurrent mark sweep GC freed 3(96B) AllocSpace objects, 0(0B) LOS objects, 28% free, 39MB/55MB, paused 537us total 68.708ms
08-03 20:02:09.767 18509 18509 D AndroidRuntime: >>>>>> START com.android.internal.os.RuntimeInit uid 2000 <<<<<<
08-03 20:02:09.774 18509 18509 D AndroidRuntime: CheckJNI is OFF
08-03 20:02:09.822 18509 18509 D ICU     : No timezone override file found: /data/misc/zoneinfo/current/icu/icu_tzdata.dat
08-03 20:02:09.872 18509 18509 I Radio-JNI: register_android_hardware_Radio DONE
08-03 20:02:09.900 18509 18509 D AndroidRuntime: Calling main entry com.android.commands.input.Input
08-03 20:02:09.902 18509 18509 I Input   : injectKeyEvent: KeyEvent { action=ACTION_DOWN, keyCode=KEYCODE_BACK, scanCode=0, metaState=0, flags=0x0, repeatCount=0, eventTime=648146315, downTime=648146315, deviceId=-1, source=0x101 }
08-03 20:02:09.909 18509 18509 I Input   : injectKeyEvent: KeyEvent { action=ACTION_UP, keyCode=KEYCODE_BACK, scanCode=0, metaState=0, flags=0x0, repeatCount=0, eventTime=648146315, downTime=648146315, deviceId=-1, source=0x101 }
08-03 20:02:09.916 18509 18509 D AndroidRuntime: Shutting down VM
08-03 20:02:09.963 13866 13866 I GoogleInputMethodServic: GoogleInputMethodService.onFinishInput():3138 
08-03 20:02:09.964 13866 13866 I GoogleInputMethodServic: GoogleInputMethodService.onStartInput():1808 
08-03 20:02:10.032 14871 14885 I art     : Starting a blocking GC Explicit
08-03 20:02:10.089 14871 14885 I art     : Explicit concurrent mark sweep GC freed 1641(92KB) AllocSpace objects, 1(20KB) LOS objects, 28% free, 39MB/55MB, paused 450us total 56.841ms
08-03 20:02:10.112 14871 14885 I art     : Starting a blocking GC Explicit
08-03 20:02:10.171 14871 14885 I art     : Explicit concurrent mark sweep GC freed 24(864B) AllocSpace objects, 0(0B) LOS objects, 28% free, 39MB/55MB, paused 440us total 58.788ms
08-03 20:02:10.193 14871 14885 I art     : Starting a blocking GC Explicit
08-03 20:02:10.263 14871 14885 I art     : Explicit concurrent mark sweep GC freed 3(96B) AllocSpace objects, 0(0B) LOS objects, 28% free, 39MB/55MB, paused 591us total 69.665ms
08-03 20:02:10.284 14871 14885 I art     : Starting a blocking GC Explicit
08-03 20:02:10.287   380   380 W SurfaceFlinger: couldn't log to binary event log: overflow.
08-03 20:02:10.346 14871 14885 I art     : Explicit concurrent mark sweep GC freed 64(2352B) AllocSpace objects, 0(0B) LOS objects, 28% free, 39MB/55MB, paused 545us total 62.057ms
08-03 20:02:10.367 14871 14885 I art     : Starting a blocking GC Explicit
08-03 20:02:10.419 14871 14885 I art     : Explicit concurrent mark sweep GC freed 41393(2MB) AllocSpace objects, 5(140KB) LOS objects, 29% free, 37MB/53MB, paused 560us total 51.711ms
08-03 20:02:10.456   918  3261 D WifiStateMachine: starting scan for "H369AA63323"WPA_PSK with 2412,5180
08-03 20:02:10.766 14871 15130 I art     : Starting a blocking GC Explicit
08-03 20:02:10.832 14871 15130 I art     : Explicit concurrent mark sweep GC freed 1356(83KB) AllocSpace objects, 1(20KB) LOS objects, 29% free, 37MB/53MB, paused 553us total 65.674ms
08-03 20:02:10.853 14871 15130 I art     : Starting a blocking GC Explicit
08-03 20:02:10.903 14871 15130 I art     : Explicit concurrent mark sweep GC freed 20(704B) AllocSpace objects, 0(0B) LOS objects, 29% free, 37MB/53MB, paused 512us total 48.880ms
08-03 20:02:10.922 14871 15130 I art     : Starting a blocking GC Explicit
08-03 20:02:10.970 14871 15130 I art     : Explicit concurrent mark sweep GC freed 3(96B) AllocSpace objects, 0(0B) LOS objects, 29% free, 37MB/53MB, paused 515us total 47.999ms
08-03 20:02:10.990 14871 15130 I art     : Starting a blocking GC Explicit
08-03 20:02:11.039 14871 15130 I art     : Explicit concurrent mark sweep GC freed 3(96B) AllocSpace objects, 0(0B) LOS objects, 29% free, 37MB/53MB, paused 510us total 49.181ms
08-03 20:02:11.058 14871 15130 I art     : Starting a blocking GC Explicit
08-03 20:02:11.108 14871 15130 I art     : Explicit concurrent mark sweep GC freed 3(96B) AllocSpace objects, 0(0B) LOS objects, 29% free, 37MB/53MB, paused 521us total 49.053ms
08-03 20:02:11.431 14871 14905 I art     : Starting a blocking GC Explicit
08-03 20:02:11.489 14871 14905 I art     : Explicit concurrent mark sweep GC freed 1354(82KB) AllocSpace objects, 1(20KB) LOS objects, 29% free, 37MB/53MB, paused 567us total 58.499ms
08-03 20:02:11.509 14871 14905 I art     : Starting a blocking GC Explicit
08-03 20:02:11.560 14871 14905 I art     : Explicit concurrent mark sweep GC freed 20(704B) AllocSpace objects, 0(0B) LOS objects, 29% free, 37MB/53MB, paused 535us total 51.234ms
08-03 20:02:11.579 14871 14905 I art     : Starting a blocking GC Explicit
08-03 20:02:11.630 14871 14905 I art     : Explicit concurrent mark sweep GC freed 3(96B) AllocSpace objects, 0(0B) LOS objects, 29% free, 37MB/53MB, paused 531us total 50.696ms
08-03 20:02:11.650 14871 14905 I art     : Starting a blocking GC Explicit
08-03 20:02:11.701 14871 14905 I art     : Explicit concurrent mark sweep GC freed 3(96B) AllocSpace objects, 0(0B) LOS objects, 29% free, 37MB/53MB, paused 499us total 50.991ms
08-03 20:02:11.720 18544 18544 D AndroidRuntime: >>>>>> START com.android.internal.os.RuntimeInit uid 2000 <<<<<<
08-03 20:02:11.720 14871 14905 I art     : Starting a blocking GC Explicit
08-03 20:02:11.726 18544 18544 D AndroidRuntime: CheckJNI is OFF
08-03 20:02:11.769 14871 14905 I art     : Explicit concurrent mark sweep GC freed 3(96B) AllocSpace objects, 0(0B) LOS objects, 29% free, 37MB/53MB, paused 510us total 48.733ms
08-03 20:02:11.770 18544 18544 D ICU     : No timezone override file found: /data/misc/zoneinfo/current/icu/icu_tzdata.dat
08-03 20:02:11.818 18544 18544 I Radio-JNI: register_android_hardware_Radio DONE
08-03 20:02:11.846 18544 18544 D AndroidRuntime: Calling main entry com.android.commands.input.Input
08-03 20:02:11.849 18544 18544 I Input   : injectKeyEvent: KeyEvent { action=ACTION_DOWN, keyCode=KEYCODE_BACK, scanCode=0, metaState=0, flags=0x0, repeatCount=0, eventTime=648148262, downTime=648148262, deviceId=-1, source=0x101 }
08-03 20:02:11.855 18544 18544 I Input   : injectKeyEvent: KeyEvent { action=ACTION_UP, keyCode=KEYCODE_BACK, scanCode=0, metaState=0, flags=0x0, repeatCount=0, eventTime=648148262, downTime=648148262, deviceId=-1, source=0x101 }
08-03 20:02:11.860 18544 18544 D AndroidRuntime: Shutting down VM
08-03 20:02:11.900 13866 13866 I GoogleInputMethodServic: GoogleInputMethodService.onFinishInput():3138 
08-03 20:02:11.901 13866 13866 I GoogleInputMethodServic: GoogleInputMethodService.onStartInput():1808 
08-03 20:02:12.092 14871 14884 I art     : Starting a blocking GC Explicit
08-03 20:02:12.152 14871 14884 I art     : Explicit concurrent mark sweep GC freed 1533(88KB) AllocSpace objects, 1(20KB) LOS objects, 29% free, 37MB/53MB, paused 498us total 59.492ms
08-03 20:02:12.175 14871 14884 I art     : Starting a blocking GC Explicit
08-03 20:02:12.227 14871 14884 I art     : Explicit concurrent mark sweep GC freed 54(1712B) AllocSpace objects, 0(0B) LOS objects, 29% free, 37MB/53MB, paused 673us total 51.816ms
08-03 20:02:12.246 14871 14884 I art     : Starting a blocking GC Explicit
08-03 20:02:12.290 14871 14884 I art     : Explicit concurrent mark sweep GC freed 28(1312B) AllocSpace objects, 0(0B) LOS objects, 29% free, 37MB/53MB, paused 482us total 43.219ms
08-03 20:02:12.309 14871 14884 I art     : Starting a blocking GC Explicit
08-03 20:02:12.358 14871 14884 I art     : Explicit concurrent mark sweep GC freed 133(6KB) AllocSpace objects, 0(0B) LOS objects, 29% free, 37MB/53MB, paused 664us total 48.090ms
08-03 20:02:12.377 14871 14884 I art     : Starting a blocking GC Explicit
08-03 20:02:12.427 14871 14884 I art     : Explicit concurrent mark sweep GC freed 3(96B) AllocSpace objects, 0(0B) LOS objects, 29% free, 37MB/53MB, paused 535us total 49.720ms
08-03 20:02:12.774 14871 16853 I art     : Starting a blocking GC Explicit
08-03 20:02:12.844 14871 16853 I art     : Explicit concurrent mark sweep GC freed 1354(82KB) AllocSpace objects, 1(20KB) LOS objects, 29% free, 37MB/53MB, paused 606us total 69.680ms
08-03 20:02:12.866 14871 16853 I art     : Starting a blocking GC Explicit
08-03 20:02:12.916 14871 16853 I art     : Explicit concurrent mark sweep GC freed 20(704B) AllocSpace objects, 0(0B) LOS objects, 29% free, 37MB/53MB, paused 548us total 49.924ms
08-03 20:02:12.935 14871 16853 I art     : Starting a blocking GC Explicit
08-03 20:02:12.986 14871 16853 I art     : Explicit concurrent mark sweep GC freed 3(96B) AllocSpace objects, 0(0B) LOS objects, 29% free, 37MB/53MB, paused 537us total 50.424ms
08-03 20:02:13.005 14871 16853 I art     : Starting a blocking GC Explicit
08-03 20:02:13.055 14871 16853 I art     : Explicit concurrent mark sweep GC freed 3(96B) AllocSpace objects, 0(0B) LOS objects, 29% free, 37MB/53MB, paused 530us total 50.078ms
08-03 20:02:13.075 14871 16853 I art     : Starting a blocking GC Explicit
08-03 20:02:13.124 14871 16853 I art     : Explicit concurrent mark sweep GC freed 3(96B) AllocSpace objects, 0(0B) LOS objects, 29% free, 37MB/53MB, paused 491us total 48.901ms
08-03 20:02:13.454 14871 14885 I art     : Starting a blocking GC Explicit
08-03 20:02:13.509 14871 14885 I art     : Explicit concurrent mark sweep GC freed 1354(82KB) AllocSpace objects, 1(20KB) LOS objects, 29% free, 37MB/53MB, paused 583us total 54.658ms
08-03 20:02:13.528 14871 14885 I art     : Starting a blocking GC Explicit
08-03 20:02:13.578 14871 14885 I art     : Explicit concurrent mark sweep GC freed 20(704B) AllocSpace objects, 0(0B) LOS objects, 29% free, 37MB/53MB, paused 527us total 49.555ms
08-03 20:02:13.597 14871 14885 I art     : Starting a blocking GC Explicit
08-03 20:02:13.649 14871 14885 I art     : Explicit concurrent mark sweep GC freed 3(96B) AllocSpace objects, 0(0B) LOS objects, 29% free, 37MB/53MB, paused 581us total 51.696ms
08-03 20:02:13.668 14871 14885 I art     : Starting a blocking GC Explicit
08-03 20:02:13.713 18592 18592 D AndroidRuntime: >>>>>> START com.android.internal.os.RuntimeInit uid 2000 <<<<<<
08-03 20:02:13.719 14871 14885 I art     : Explicit concurrent mark sweep GC freed 3(96B) AllocSpace objects, 0(0B) LOS objects, 29% free, 37MB/53MB, paused 565us total 50.385ms
08-03 20:02:13.719 18592 18592 D AndroidRuntime: CheckJNI is OFF
08-03 20:02:13.738 14871 14885 I art     : Starting a blocking GC Explicit
08-03 20:02:13.766 18592 18592 D ICU     : No timezone override file found: /data/misc/zoneinfo/current/icu/icu_tzdata.dat
08-03 20:02:13.789 14871 14885 I art     : Explicit concurrent mark sweep GC freed 3(96B) AllocSpace objects, 0(0B) LOS objects, 29% free, 37MB/53MB, paused 524us total 50.252ms
08-03 20:02:13.789 14871 14882 I art     : WaitForGcToComplete blocked for 10.081ms for cause HeapTrim
08-03 20:02:13.816 18592 18592 I Radio-JNI: register_android_hardware_Radio DONE
08-03 20:02:13.845 18592 18592 D AndroidRuntime: Calling main entry com.android.commands.am.Am
08-03 20:02:13.853 29687 29687 I Trepn   : Trepn 6.2s: Received intent: com.quicinc.trepn.stop_profiling
08-03 20:02:13.909 29687 29687 I Trepn   : Trepn 6.2s: Trepn has Stopped Profiling.
08-03 20:02:14.015 18592 18592 D AndroidRuntime: Shutting down VM
08-03 20:02:14.019   918  6029 W AppOps  : Finishing op nesting under-run: uid 10078 pkg com.quicinc.trepn code 24 time=0 duration=0 nesting=0
08-03 20:02:14.116 14871 14905 I art     : Starting a blocking GC Explicit
08-03 20:02:14.172 14871 14905 I art     : Explicit concurrent mark sweep GC freed 1354(82KB) AllocSpace objects, 1(20KB) LOS objects, 29% free, 37MB/53MB, paused 620us total 55.574ms
08-03 20:02:14.195 14871 14905 I art     : Starting a blocking GC Explicit
08-03 20:02:14.253 14871 14905 I art     : Explicit concurrent mark sweep GC freed 20(704B) AllocSpace objects, 0(0B) LOS objects, 29% free, 37MB/53MB, paused 594us total 58.215ms
08-03 20:02:14.274 14871 14905 I art     : Starting a blocking GC Explicit
08-03 20:02:14.324 14871 14905 I art     : Explicit concurrent mark sweep GC freed 3(96B) AllocSpace objects, 0(0B) LOS objects, 29% free, 37MB/53MB, paused 524us total 49.474ms
08-03 20:02:14.343 14871 14905 I art     : Starting a blocking GC Explicit
08-03 20:02:14.389 14871 14905 I art     : Explicit concurrent mark sweep GC freed 3(96B) AllocSpace objects, 0(0B) LOS objects, 29% free, 37MB/53MB, paused 490us total 46.486ms
08-03 20:02:14.408 14871 14905 I art     : Starting a blocking GC Explicit
08-03 20:02:14.456 14871 14905 I art     : Explicit concurrent mark sweep GC freed 3(96B) AllocSpace objects, 0(0B) LOS objects, 29% free, 37MB/53MB, paused 578us total 47.629ms
08-03 20:02:17.595 16014 16014 I ServiceManager: Waiting for service AtCmdFwd...
08-03 20:02:18.596 16014 16014 I ServiceManager: Waiting for service AtCmdFwd...
